           Time[sec] \omega_{gyro}[deg/sec] 
        0.0000000000        11.6549671097 
        0.0050000000        15.4593723125 
        0.0100001000        -7.3670589045 
        0.0150000000         4.0461567040 
        0.0200000000        -3.5626537016 
        0.0250001000         0.2417515012 
        0.0300000000        11.6549671097 
        0.0350001000         7.8505619068 
        0.0400000000         7.8505619068 
        0.0450000000        11.6549671097 
        0.0500001000       -11.1714641073 
        0.0550000000         0.2417515012 
        0.0600019000        11.6549671097 
        0.0650001000       -87.2595681639 
        0.0700000000      -650.3115381826 
        0.0750000000      -947.0551440033 
        0.0800001000      -931.8375231920 
        0.0850000000      -870.9670399467 
        0.0900001000      -855.7494191354 
        0.0950000000      -821.5097723099 
        0.1000000000      -817.7053671071 
        0.1050001000      -791.0745306873 
        0.1100000000      -787.2701254845 
        0.1150000000      -760.6392890647 
        0.1200001000      -779.6613150788 
        0.1250000000      -935.6419283948 
        0.1300000000      -992.7080064373 
        0.1350001000      -954.6639544090 
        0.1400000000      -950.8595492061 
        0.1450000000      -931.8375231920 
        0.1500001000      -916.6199023807 
        0.1550000000      -920.4243075835 
        0.1600001000      -958.4683596118 
        0.1650000000      -969.8815752203 
        0.1700000000     -1000.3168168429 
        0.1750001000      -977.4903856259 
        0.1800001000      -988.9036012344 
        0.1850000000      -988.9036012344 
        0.1900001000     -1004.1212220457 
        0.1950000000     -1007.9256272486 
        0.2000000000     -1015.5344376542 
        0.2050001000     -1019.3388428571 
        0.2100001000     -1034.5564636684 
        0.2150001000     -1042.1652740740 
        0.2200000000     -1023.1432480599 
        0.2250000000     -1045.9696792769 
        0.2300001000     -1045.9696792769 
        0.2350000000     -1057.3828948854 
        0.2400001000     -1049.7740844797 
        0.2450001000     -1057.3828948854 
        0.2500000000     -1072.6005156967 
        0.2550000000     -1068.7961104938 
        0.2600001000     -1053.5784896825 
        0.2650000000     -1053.5784896825 
        0.2700000000     -1072.6005156967 
        0.2750001000     -1091.6225417108 
        0.2800000000     -1057.3828948854 
        0.2850001000     -1072.6005156967 
        0.2900001000     -1064.9917052910 
        0.2950000000     -1064.9917052910 
        0.3000001000     -1103.0357573193 
        0.3050000000     -1095.4269469136 
        0.3100000000     -1103.0357573193 
        0.3150001000     -1095.4269469136 
        0.3200000000     -1099.2313521165 
        0.3250000000     -1125.8621885363 
        0.3300001000     -1114.4489729278 
        0.3350000000     -1114.4489729278 
        0.3400001000     -1114.4489729278 
        0.3450000000     -1114.4489729278 
        0.3500001000     -1118.2533781306 
        0.3550001000     -1133.4709989419 
        0.3600000000     -1114.4489729278 
        0.3650000000     -1125.8621885363 
        0.3700001000     -1122.0577833334 
        0.3750000000     -1144.8842145504 
        0.3800000000     -1133.4709989419 
        0.3850001000     -1133.4709989419 
        0.3900000000     -1141.0798093476 
        0.3950000000     -1141.0798093476 
        0.4000001000     -1144.8842145504 
        0.4050000000     -1122.0577833334 
        0.4100001000     -1118.2533781306 
        0.4150001000     -1137.2754041448 
        0.4200001000     -1122.0577833334 
        0.4250001000     -1152.4930249561 
        0.4300000000     -1152.4930249561 
        0.4350000000     -1148.6886197533 
        0.4400001000     -1141.0798093476 
        0.4450000000     -1144.8842145504 
        0.4500000000     -1152.4930249561 
        0.4550001000     -1160.1018353617 
        0.4600000000     -1156.2974301589 
        0.4650001000     -1171.5150509702 
        0.4700000000     -1160.1018353617 
        0.4750001000     -1156.2974301589 
        0.4800001000     -1156.2974301589 
        0.4850000000     -1160.1018353617 
        0.4900000000     -1160.1018353617 
        0.4950001000     -1156.2974301589 
        0.5000000000     -1160.1018353617 
        0.5050000000     -1175.3194561731 
        0.5100001000     -1152.4930249561 
        0.5150000000     -1156.2974301589 
        0.5200000000     -1175.3194561731 
        0.5250001000     -1171.5150509702 
        0.5300000000     -1175.3194561731 
        0.5350001000     -1152.4930249561 
        0.5400000000     -1175.3194561731 
        0.5450000000     -1171.5150509702 
        0.5500001000     -1152.4930249561 
        0.5550000000     -1163.9062405646 
        0.5600000000     -1144.8842145504 
        0.5650001000     -1156.2974301589 
        0.5700001000     -1152.4930249561 
        0.5750001000     -1167.7106457674 
        0.5800001000     -1160.1018353617 
        0.5850000000     -1156.2974301589 
        0.5900001000     -1160.1018353617 
        0.5950000000     -1160.1018353617 
        0.6000000000     -1160.1018353617 
        0.6050001000     -1152.4930249561 
        0.6100000000     -1144.8842145504 
        0.6150000000     -1148.6886197533 
        0.6200001000     -1152.4930249561 
        0.6250000000     -1141.0798093476 
        0.6300000000     -1133.4709989419 
        0.6350001000     -1160.1018353617 
        0.6400000000     -1179.1238613759 
        0.6450000000     -1175.3194561731 
        0.6500001000     -1141.0798093476 
        0.6550000000     -1160.1018353617 
        0.6600001000     -1160.1018353617 
        0.6650000000     -1156.2974301589 
        0.6700000000     -1160.1018353617 
        0.6750001000     -1160.1018353617 
        0.6800000000     -1163.9062405646 
        0.6850000000     -1160.1018353617 
        0.6900001000     -1175.3194561731 
        0.6950001000     -1167.7106457674 
        0.7000001000     -1182.9282665787 
        0.7050001000     -1163.9062405646 
        0.7100000000     -1179.1238613759 
        0.7150001000     -1171.5150509702 
        0.7200000000     -1182.9282665787 
        0.7250000000     -1152.4930249561 
        0.7300001000     -1160.1018353617 
        0.7350000000     -1156.2974301589 
        0.7400000000     -1160.1018353617 
        0.7450001000     -1167.7106457674 
        0.7500000000     -1152.4930249561 
        0.7550000000     -1175.3194561731 
        0.7600001000     -1194.3414821872 
        0.7650000000     -1179.1238613759 
        0.7700000000     -1171.5150509702 
        0.7750001000     -1175.3194561731 
        0.7800000000     -1171.5150509702 
        0.7850001000     -1175.3194561731 
        0.7900000000     -1198.1458873900 
        0.7950000000     -1186.7326717815 
        0.8000001000     -1179.1238613759 
        0.8050000000     -1175.3194561731 
        0.8100000000     -1175.3194561731 
        0.8150001000     -1186.7326717815 
        0.8200001000     -1179.1238613759 
        0.8250001000     -1171.5150509702 
        0.8300001000     -1190.5370769844 
        0.8350001000     -1182.9282665787 
        0.8400001000     -1194.3414821872 
        0.8450000000     -1194.3414821872 
        0.8500000000     -1186.7326717815 
        0.8550001000     -1182.9282665787 
        0.8600000000     -1194.3414821872 
        0.8650000000     -1186.7326717815 
        0.8700001000     -1175.3194561731 
        0.8750000000     -1186.7326717815 
        0.8800000000     -1179.1238613759 
        0.8850001000     -1182.9282665787 
        0.8900000000     -1186.7326717815 
        0.8950000000     -1182.9282665787 
        0.9000001000     -1182.9282665787 
        0.9050000000     -1175.3194561731 
        0.9100001000     -1182.9282665787 
        0.9150000000     -1182.9282665787 
        0.9200000000     -1163.9062405646 
        0.9250001000     -1190.5370769844 
        0.9300000000     -1175.3194561731 
        0.9350000000     -1182.9282665787 
        0.9400001000     -1182.9282665787 
        0.9450001000     -1167.7106457674 
        0.9500001000     -1160.1018353617 
        0.9550001000     -1148.6886197533 
        0.9600001000     -1137.2754041448 
        0.9650001000     -1163.9062405646 
        0.9700000000     -1201.9502925929 
        0.9750000000     -1179.1238613759 
        0.9800001000     -1160.1018353617 
        0.9850000000     -1171.5150509702 
        0.9900000000     -1167.7106457674 
        0.9950001000     -1175.3194561731 
        1.0000000000     -1186.7326717815 
        1.0050000000     -1167.7106457674 
        1.0100001000     -1171.5150509702 
        1.0150000000     -1175.3194561731 
        1.0200001000     -1167.7106457674 
        1.0250001000     -1175.3194561731 
        1.0300000000     -1182.9282665787 
        1.0350001000     -1175.3194561731 
        1.0400000000     -1182.9282665787 
        1.0450000000     -1171.5150509702 
        1.0500001000     -1194.3414821872 
        1.0550000000     -1171.5150509702 
        1.0600000000     -1186.7326717815 
        1.0650001000     -1175.3194561731 
        1.0700000000     -1179.1238613759 
        1.0750000000     -1171.5150509702 
        1.0800001000     -1171.5150509702 
        1.0850000000     -1171.5150509702 
        1.0900001000     -1198.1458873900 
        1.0950000000     -1194.3414821872 
        1.1000000000     -1190.5370769844 
        1.1050001000     -1190.5370769844 
        1.1100000000     -1179.1238613759 
        1.1150000000     -1175.3194561731 
        1.1200001000     -1194.3414821872 
        1.1250000000     -1186.7326717815 
        1.1300000000     -1201.9502925929 
        1.1350001000     -1217.1679134042 
        1.1400000000     -1194.3414821872 
        1.1450001000     -1190.5370769844 
        1.1500001000     -1190.5370769844 
        1.1550001000     -1190.5370769844 
        1.1600001000     -1209.5591029985 
        1.1650000000     -1205.7546977957 
        1.1700000000     -1201.9502925929 
        1.1750001000     -1205.7546977957 
        1.1800000000     -1190.5370769844 
        1.1850000000     -1213.3635082013 
        1.1900001000     -1194.3414821872 
        1.1950000000     -1186.7326717815 
        1.2000000000     -1213.3635082013 
        1.2050001000     -1201.9502925929 
        1.2100000000     -1205.7546977957 
        1.2150001000     -1190.5370769844 
        1.2200000000     -1205.7546977957 
        1.2250000000     -1186.7326717815 
        1.2300001000     -1213.3635082013 
        1.2350000000     -1205.7546977957 
        1.2400000000     -1182.9282665787 
        1.2450001000     -1190.5370769844 
        1.2500000000     -1190.5370769844 
        1.2550000000     -1194.3414821872 
        1.2600001000     -1201.9502925929 
        1.2650000000     -1175.3194561731 
        1.2700001000     -1175.3194561731 
        1.2750001000     -1160.1018353617 
        1.2800001000     -1144.8842145504 
        1.2850001000     -1171.5150509702 
        1.2900000000     -1201.9502925929 
        1.2950000000     -1205.7546977957 
        1.3000001000     -1201.9502925929 
        1.3050000000     -1182.9282665787 
        1.3100000000     -1175.3194561731 
        1.3150001000     -1182.9282665787 
        1.3200000000     -1186.7326717815 
        1.3250000000     -1194.3414821872 
        1.3300001000     -1182.9282665787 
        1.3350000000     -1194.3414821872 
        1.3400001000     -1171.5150509702 
        1.3450000000     -1175.3194561731 
        1.3500000000     -1201.9502925929 
        1.3550001000     -1186.7326717815 
        1.3600000000     -1186.7326717815 
        1.3650000000     -1175.3194561731 
        1.3700001000     -1186.7326717815 
        1.3750000000     -1175.3194561731 
        1.3800000000     -1163.9062405646 
        1.3850001000     -1175.3194561731 
        1.3900000000     -1160.1018353617 
        1.3950001000     -1167.7106457674 
        1.4000001000     -1171.5150509702 
        1.4050001000     -1194.3414821872 
        1.4100001000     -1175.3194561731 
        1.4150000000     -1182.9282665787 
        1.4200000000     -1186.7326717815 
        1.4250001000     -1186.7326717815 
        1.4300000000     -1182.9282665787 
        1.4350000000     -1175.3194561731 
        1.4400001000     -1186.7326717815 
        1.4450000000     -1179.1238613759 
        1.4500000000     -1186.7326717815 
        1.4550001000     -1182.9282665787 
        1.4600000000     -1179.1238613759 
        1.4650001000     -1186.7326717815 
        1.4700000000     -1194.3414821872 
        1.4750000000     -1175.3194561731 
        1.4800001000     -1190.5370769844 
        1.4850000000     -1186.7326717815 
        1.4900000000     -1194.3414821872 
        1.4950001000     -1198.1458873900 
        1.5000000000     -1186.7326717815 
        1.5050000000     -1194.3414821872 
        1.5100001000     -1190.5370769844 
        1.5150000000     -1205.7546977957 
        1.5200001000     -1201.9502925929 
        1.5250001000     -1179.1238613759 
        1.5300001000     -1190.5370769844 
        1.5350001000     -1182.9282665787 
        1.5400001000     -1205.7546977957 
        1.5450000000     -1182.9282665787 
        1.5500001000     -1186.7326717815 
        1.5550000000     -1201.9502925929 
        1.5600000000     -1175.3194561731 
        1.5650001000     -1175.3194561731 
        1.5700000000     -1190.5370769844 
        1.5750000000     -1190.5370769844 
        1.5800001000     -1198.1458873900 
        1.5850000000     -1175.3194561731 
        1.5900001000     -1179.1238613759 
        1.5950000000     -1160.1018353617 
        1.6000000000     -1156.2974301589 
        1.6050001000     -1156.2974301589 
        1.6100000000     -1160.1018353617 
        1.6150000000     -1186.7326717815 
        1.6200001000     -1186.7326717815 
        1.6250000000     -1190.5370769844 
        1.6300007000     -1175.3194561731 
        1.6350001000     -1175.3194561731 
        1.6400000000     -1201.9502925929 
        1.6450001000     -1163.9062405646 
        1.6500001000     -1175.3194561731 
        1.6550001000     -1190.5370769844 
        1.6600001000     -1182.9282665787 
        1.6650001000     -1163.9062405646 
        1.6700000000     -1171.5150509702 
        1.6750001000     -1186.7326717815 
        1.6800000000     -1186.7326717815 
        1.6850000000     -1186.7326717815 
        1.6900001000     -1190.5370769844 
        1.6950000000     -1179.1238613759 
        1.7000000000     -1186.7326717815 
        1.7050001000     -1163.9062405646 
        1.7100000000     -1175.3194561731 
        1.7150001000     -1179.1238613759 
        1.7200000000     -1175.3194561731 
        1.7250000000     -1190.5370769844 
        1.7300001000     -1171.5150509702 
        1.7350000000     -1194.3414821872 
        1.7400000000     -1175.3194561731 
        1.7450001000     -1198.1458873900 
        1.7500000000     -1175.3194561731 
        1.7550000000     -1182.9282665787 
        1.7600001000     -1171.5150509702 
        1.7650000000     -1179.1238613759 
        1.7700001000     -1190.5370769844 
        1.7750001000     -1201.9502925929 
        1.7800001000     -1190.5370769844 
        1.7850001000     -1198.1458873900 
        1.7900001000     -1175.3194561731 
        1.7950000000     -1201.9502925929 
        1.8000001000     -1186.7326717815 
        1.8050000000     -1186.7326717815 
        1.8100000000     -1186.7326717815 
        1.8150001000     -1201.9502925929 
        1.8200000000     -1194.3414821872 
        1.8250000000     -1205.7546977957 
        1.8300001000     -1190.5370769844 
        1.8350000000     -1190.5370769844 
        1.8400001000     -1190.5370769844 
        1.8450008000     -1198.1458873900 
        1.8500000000     -1194.3414821872 
        1.8550001000     -1186.7326717815 
        1.8600000000     -1182.9282665787 
        1.8650000000     -1186.7326717815 
        1.8700001000     -1190.5370769844 
        1.8750000000     -1201.9502925929 
        1.8800000000     -1179.1238613759 
        1.8850001000     -1190.5370769844 
        1.8900000000     -1205.7546977957 
        1.8950001000     -1190.5370769844 
        1.9000001000     -1179.1238613759 
        1.9050001000     -1175.3194561731 
        1.9100001000     -1175.3194561731 
        1.9150001000     -1160.1018353617 
        1.9200000000     -1156.2974301589 
        1.9250001000     -1152.4930249561 
        1.9300000000     -1144.8842145504 
        1.9350000000     -1190.5370769844 
        1.9400001000     -1175.3194561731 
        1.9450000000     -1179.1238613759 
        1.9500000000     -1163.9062405646 
        1.9550001000     -1163.9062405646 
        1.9600000000     -1194.3414821872 
        1.9650001000     -1182.9282665787 
        1.9700000000     -1163.9062405646 
        1.9750000000     -1167.7106457674 
        1.9800001000     -1160.1018353617 
        1.9850000000     -1171.5150509702 
        1.9900000000     -1163.9062405646 
        1.9950001000     -1163.9062405646 
        2.0000000000     -1167.7106457674 
        2.0050000000     -1179.1238613759 
        2.0100001000     -1175.3194561731 
        2.0150001000     -1186.7326717815 
        2.0200001000     -1163.9062405646 
        2.0250001000     -1160.1018353617 
        2.0300000000     -1175.3194561731 
        2.0350001000     -1167.7106457674 
        2.0400001000     -1163.9062405646 
        2.0450000000     -1182.9282665787 
        2.0500001000     -1163.9062405646 
        2.0550000000     -1182.9282665787 
        2.0600000000     -1182.9282665787 
        2.0650001000     -1179.1238613759 
        2.0700000000     -1186.7326717815 
        2.0750000000     -1182.9282665787 
        2.0800001000     -1175.3194561731 
        2.0850000000     -1186.7326717815 
        2.0900001000     -1182.9282665787 
        2.0950000000     -1194.3414821872 
        2.1000000000     -1186.7326717815 
        2.1050001000     -1175.3194561731 
        2.1100000000     -1175.3194561731 
        2.1150000000     -1190.5370769844 
        2.1200001000     -1175.3194561731 
        2.1250000000     -1186.7326717815 
        2.1300000000     -1198.1458873900 
        2.1350001000     -1201.9502925929 
        2.1400001000     -1179.1238613759 
        2.1450000000     -1190.5370769844 
        2.1500001000     -1182.9282665787 
        2.1550000000     -1194.3414821872 
        2.1600001000     -1209.5591029985 
        2.1650000000     -1190.5370769844 
        2.1700000000     -1194.3414821872 
        2.1750001000     -1186.7326717815 
        2.1800001000     -1190.5370769844 
        2.1850014000     -1182.9282665787 
        2.1900001000     -1186.7326717815 
        2.1950000000     -1194.3414821872 
        2.2000000000     -1186.7326717815 
        2.2050001000     -1186.7326717815 
        2.2100000000     -1186.7326717815 
        2.2150001000     -1182.9282665787 
        2.2200000000     -1186.7326717815 
        2.2250000000     -1179.1238613759 
        2.2300001000     -1186.7326717815 
        2.2350000000     -1182.9282665787 
        2.2400000000     -1175.3194561731 
        2.2450001000     -1175.3194561731 
        2.2500000000     -1141.0798093476 
        2.2550000000     -1156.2974301589 
        2.2600001000     -1186.7326717815 
        2.2650001000     -1201.9502925929 
        2.2700000000     -1179.1238613759 
        2.2750001000     -1156.2974301589 
        2.2800000000     -1160.1018353617 
        2.2850001000     -1163.9062405646 
        2.2900000000     -1179.1238613759 
        2.2950000000     -1160.1018353617 
        2.3000001000     -1163.9062405646 
        2.3050001000     -1163.9062405646 
        2.3100000000     -1160.1018353617 
        2.3150001000     -1175.3194561731 
        2.3200000000     -1171.5150509702 
        2.3250000000     -1175.3194561731 
        2.3300001000     -1179.1238613759 
        2.3350000000     -1182.9282665787 
        2.3400001000     -1179.1238613759 
        2.3450000000     -1163.9062405646 
        2.3500000000     -1167.7106457674 
        2.3550001000     -1148.6886197533 
        2.3600000000     -1179.1238613759 
        2.3650000000     -1171.5150509702 
        2.3700001000     -1175.3194561731 
        2.3750000000     -1156.2974301589 
        2.3800000000     -1160.1018353617 
        2.3850001000     -1171.5150509702 
        2.3900001000     -1179.1238613759 
        2.3950000000     -1182.9282665787 
        2.4000001000     -1198.1458873900 
        2.4050000000     -1186.7326717815 
        2.4100001000     -1175.3194561731 
        2.4150000000     -1190.5370769844 
        2.4200000000     -1194.3414821872 
        2.4250001000     -1167.7106457674 
        2.4300001000     -1167.7106457674 
        2.4350000000     -1186.7326717815 
        2.4400001000     -1194.3414821872 
        2.4450000000     -1186.7326717815 
        2.4500000000     -1175.3194561731 
        2.4550001000     -1194.3414821872 
        2.4600000000     -1175.3194561731 
        2.4650001000     -1194.3414821872 
        2.4700000000     -1213.3635082013 
        2.4750000000     -1186.7326717815 
        2.4800001000     -1186.7326717815 
        2.4850000000     -1201.9502925929 
        2.4900018000     -1186.7326717815 
        2.4950001000     -1182.9282665787 
        2.5000000000     -1201.9502925929 
        2.5050000000     -1179.1238613759 
        2.5100001000     -1194.3414821872 
        2.5150001000     -1186.7326717815 
        2.5200000000     -1186.7326717815 
        2.5250001000     -1190.5370769844 
        2.5300016000     -1190.5370769844 
        2.5350001000     -1186.7326717815 
        2.5400000000     -1186.7326717815 
        2.5450000000     -1179.1238613759 
        2.5500001000     -1182.9282665787 
        2.5550001000     -1186.7326717815 
        2.5600000000     -1182.9282665787 
        2.5650001000     -1163.9062405646 
        2.5700000000     -1152.4930249561 
        2.5750084000     -1160.1018353617 
        2.5800001000     -1160.1018353617 
        2.5850000000     -1182.9282665787 
        2.5900001000     -1175.3194561731 
        2.5950000000     -1182.9282665787 
        2.6000000000     -1156.2974301589 
        2.6050001000     -1182.9282665787 
        2.6100000000     -1167.7106457674 
        2.6150000000     -1171.5150509702 
        2.6200001000     -1171.5150509702 
        2.6250000000     -1167.7106457674 
        2.6300000000     -1160.1018353617 
        2.6350001000     -1175.3194561731 
        2.6400001000     -1156.2974301589 
        2.6450000000     -1175.3194561731 
        2.6500001000     -1163.9062405646 
        2.6550000000     -1186.7326717815 
        2.6600001000     -1160.1018353617 
        2.6650000000     -1163.9062405646 
        2.6700000000     -1175.3194561731 
        2.6750001000     -1175.3194561731 
        2.6800001000     -1167.7106457674 
        2.6850000000     -1163.9062405646 
        2.6900001000     -1171.5150509702 
        2.6950000000     -1152.4930249561 
        2.7000000000     -1175.3194561731 
        2.7050001000     -1167.7106457674 
        2.7100000000     -1186.7326717815 
        2.7150001000     -1171.5150509702 
        2.7200000000     -1175.3194561731 
        2.7250000000     -1182.9282665787 
        2.7300001000     -1186.7326717815 
        2.7350000000     -1156.2974301589 
        2.7400000000     -1186.7326717815 
        2.7450001000     -1171.5150509702 
        2.7500000000     -1182.9282665787 
        2.7550000000     -1186.7326717815 
        2.7600001000     -1182.9282665787 
        2.7650001000     -1198.1458873900 
        2.7700000000     -1171.5150509702 
        2.7750001000     -1175.3194561731 
        2.7800000000     -1175.3194561731 
        2.7850001000     -1182.9282665787 
        2.7900000000     -1186.7326717815 
        2.7950000000     -1186.7326717815 
        2.8000001000     -1163.9062405646 
        2.8050001000     -1190.5370769844 
        2.8100000000     -1179.1238613759 
        2.8150001000     -1186.7326717815 
        2.8200000000     -1186.7326717815 
        2.8250000000     -1186.7326717815 
        2.8300008000     -1186.7326717815 
        2.8350000000     -1175.3194561731 
        2.8400001000     -1182.9282665787 
        2.8450000000     -1175.3194561731 
        2.8500000000     -1163.9062405646 
        2.8550001000     -1198.1458873900 
        2.8600000000     -1186.7326717815 
        2.8650000000     -1186.7326717815 
        2.8700001000     -1186.7326717815 
        2.8750000000     -1182.9282665787 
        2.8800000000     -1198.1458873900 
        2.8850016000     -1186.7326717815 
        2.8900001000     -1171.5150509702 
        2.8950004000     -1175.3194561731 
        2.9000001000     -1152.4930249561 
        2.9050000000     -1125.8621885363 
        2.9100001000     -1141.0798093476 
        2.9150000000     -1175.3194561731 
        2.9200000000     -1190.5370769844 
        2.9250001000     -1175.3194561731 
        2.9300001000     -1171.5150509702 
        2.9350000000     -1171.5150509702 
        2.9400018000     -1171.5150509702 
        2.9450000000     -1167.7106457674 
        2.9500000000     -1144.8842145504 
        2.9550001000     -1175.3194561731 
        2.9600000000     -1175.3194561731 
        2.9650001000     -1167.7106457674 
        2.9700000000     -1175.3194561731 
        2.9750000000     -1182.9282665787 
        2.9800001000     -1175.3194561731 
        2.9850000000     -1175.3194561731 
        2.9900000000     -1171.5150509702 
        2.9950001000     -1160.1018353617 
