           Time[sec] \omega_{gyro}[deg/sec] 
        0.0000000000        11.6549671097 
        0.0050001000        -3.5626537017 
        0.0100000000        -7.3670589045 
        0.0150000000         0.2417515012 
        0.0200005000         0.2417515012 
        0.0250005000        -3.5626537017 
        0.0300001000        -7.3670589045 
        0.0350003000        -3.5626537017 
        0.0400003000         0.2417515012 
        0.0450001000         0.2417515012 
        0.0500001000         4.0461567040 
        0.0550000000        -7.3670589045 
        0.0600001000         0.2417515012 
        0.0650000000         0.2417515012 
        0.0700000000         0.2417515012 
        0.0750001000         0.2417515012 
        0.0800000000         7.8505619068 
        0.0850000000        11.6549671097 
        0.0900001000         0.2417515012 
        0.0950000000        11.6549671097 
        0.1000001000         0.2417515012 
        0.1050001000        15.4593723125 
        0.1100000000        -3.5626537017 
        0.1150001000         7.8505619068 
        0.1200000000        -7.3670589045 
        0.1250000000       -14.9758693101 
        0.1300001000         0.2417515012 
        0.1350000000         0.2417515012 
        0.1400000000         4.0461567040 
        0.1450001000       -26.3890849186 
        0.1500000000       -98.6727837724 
        0.1550001000      -209.0005346544 
        0.1600001000      -315.5238803336 
        0.1650000000      -281.2842335082 
        0.1700001000      -273.6754231025 
        0.1750001000      -269.8710178997 
        0.1800001000      -258.4578022912 
        0.1850001000      -247.0445866827 
        0.1900000000      -258.4578022912 
        0.1950000000      -247.0445866827 
        0.2000001000      -269.8710178997 
        0.2050000000      -258.4578022912 
        0.2100001000      -269.8710178997 
        0.2150001000      -269.8710178997 
        0.2200000000      -273.6754231025 
        0.2250001000      -266.0666126969 
        0.2300001000      -277.4798283054 
        0.2350000000      -277.4798283054 
        0.2400001000      -285.0886387110 
        0.2450000000      -262.2622074940 
        0.2500000000      -273.6754231025 
        0.2550001000      -262.2622074940 
        0.2600000000      -292.6974491167 
        0.2650000000      -277.4798283054 
        0.2700001000      -285.0886387110 
        0.2750000000      -273.6754231025 
        0.2800001000      -281.2842335082 
        0.2850001000      -292.6974491167 
        0.2900001000      -288.8930439138 
        0.2950001000      -288.8930439138 
        0.3000001000      -304.1106647252 
        0.3050000000      -288.8930439138 
        0.3100001000      -288.8930439138 
        0.3150000000      -277.4798283054 
        0.3200000000      -288.8930439138 
        0.3250001000      -288.8930439138 
        0.3300000000      -300.3062595223 
        0.3350000000      -288.8930439138 
        0.3400001000      -304.1106647252 
        0.3450007000      -288.8930439138 
        0.3500001000      -292.6974491167 
        0.3550001000      -288.8930439138 
        0.3600000000      -288.8930439138 
        0.3650001000      -281.2842335082 
        0.3700000000      -285.0886387110 
        0.3750000000      -277.4798283054 
        0.3800001000      -307.9150699280 
        0.3850000000      -307.9150699280 
        0.3900000000      -288.8930439138 
        0.3950001000      -288.8930439138 
        0.4000000000      -288.8930439138 
        0.4050001000      -285.0886387110 
        0.4100001000      -292.6974491167 
        0.4150002000      -307.9150699280 
        0.4200001000      -296.5018543195 
        0.4250001000      -285.0886387110 
        0.4300000000      -300.3062595223 
        0.4350001000      -304.1106647252 
        0.4400000000      -311.7194751308 
        0.4450000000      -311.7194751308 
        0.4500001000      -311.7194751308 
        0.4550000000      -307.9150699280 
        0.4600000000      -296.5018543195 
        0.4650001000      -304.1106647252 
        0.4700000000      -292.6974491167 
        0.4750001000      -304.1106647252 
        0.4800001000      -307.9150699280 
        0.4850000000      -319.3282855365 
        0.4900001000      -300.3062595223 
        0.4950005000      -281.2842335082 
        0.5000000000      -285.0886387110 
        0.5050004000      -292.6974491167 
        0.5100000000      -304.1106647252 
        0.5150000000      -307.9150699280 
        0.5200001000      -281.2842335082 
        0.5250000000      -300.3062595223 
        0.5300001000      -281.2842335082 
        0.5350001000      -311.7194751308 
        0.5400000000      -292.6974491167 
        0.5450001000      -300.3062595223 
        0.5500001000      -288.8930439138 
        0.5550000000      -300.3062595223 
        0.5600001000      -292.6974491167 
        0.5650000000      -304.1106647252 
        0.5700001000      -281.2842335082 
        0.5750001000      -315.5238803336 
        0.5800001000      -296.5018543195 
        0.5850000000      -292.6974491167 
        0.5900001000      -292.6974491167 
        0.5950000000      -304.1106647252 
        0.6000001000      -292.6974491167 
        0.6050001000      -307.9150699280 
        0.6100000000      -307.9150699280 
        0.6150001000      -326.9370959421 
        0.6200000000      -307.9150699280 
        0.6250000000      -288.8930439138 
        0.6300001000      -300.3062595223 
        0.6350000000      -304.1106647252 
        0.6400000000      -292.6974491167 
        0.6450001000      -326.9370959421 
        0.6500000000      -323.1326907393 
        0.6550001000      -304.1106647252 
        0.6600001000      -292.6974491167 
        0.6650000000      -311.7194751308 
        0.6700001000      -315.5238803336 
        0.6750001000      -323.1326907393 
        0.6800000000      -319.3282855365 
        0.6850001000      -307.9150699280 
        0.6900000000      -311.7194751308 
        0.6950001000      -304.1106647252 
        0.7000001000      -304.1106647252 
        0.7050001000      -315.5238803336 
        0.7100000000      -323.1326907393 
        0.7150001000      -307.9150699280 
        0.7200000000      -304.1106647252 
        0.7250001000      -319.3282855365 
        0.7300001000      -315.5238803336 
        0.7350000000      -300.3062595223 
        0.7400008000      -315.5238803336 
        0.7450000000      -326.9370959421 
        0.7500000000      -307.9150699280 
        0.7550001000      -323.1326907393 
        0.7600000000      -319.3282855365 
        0.7650000000      -315.5238803336 
        0.7700001000      -307.9150699280 
        0.7750000000      -311.7194751308 
        0.7800001000      -315.5238803336 
        0.7850001000      -323.1326907393 
        0.7900000000      -330.7415011450 
        0.7950001000      -311.7194751308 
        0.8000001000      -323.1326907393 
        0.8050000000      -311.7194751308 
        0.8100001000      -307.9150699280 
        0.8150000000      -319.3282855365 
        0.8200001000      -311.7194751308 
        0.8250001000      -311.7194751308 
        0.8300001000      -307.9150699280 
        0.8350008000      -319.3282855365 
        0.8400001000      -311.7194751308 
        0.8450000000      -307.9150699280 
        0.8500001000      -311.7194751308 
        0.8550001000      -315.5238803336 
        0.8600000000      -315.5238803336 
        0.8650001000      -300.3062595223 
        0.8700000000      -307.9150699280 
        0.8750000000      -315.5238803336 
        0.8800001000      -311.7194751308 
        0.8850000000      -330.7415011450 
        0.8900000000      -319.3282855365 
        0.8950001000      -319.3282855365 
        0.9000000000      -315.5238803336 
        0.9050001000      -307.9150699280 
        0.9100001000      -319.3282855365 
        0.9150000000      -311.7194751308 
        0.9200001000      -323.1326907393 
        0.9250001000      -323.1326907393 
        0.9300000000      -311.7194751308 
        0.9350001000      -334.5459063478 
        0.9400000000      -338.3503115506 
        0.9450001000      -315.5238803336 
        0.9500001000      -304.1106647252 
        0.9550001000      -300.3062595223 
        0.9600001000      -307.9150699280 
        0.9650001000      -338.3503115506 
        0.9700000000      -311.7194751308 
        0.9750001000      -323.1326907393 
        0.9800001000      -338.3503115506 
        0.9850000000      -326.9370959421 
        0.9900001000      -307.9150699280 
        0.9950000000      -334.5459063478 
        1.0000000000      -334.5459063478 
        1.0050006000      -323.1326907393 
        1.0100001000      -323.1326907393 
        1.0150000000      -307.9150699280 
        1.0200001000      -315.5238803336 
        1.0250000000      -311.7194751308 
        1.0300001000      -330.7415011450 
        1.0350001000      -323.1326907393 
        1.0400007000      -307.9150699280 
        1.0450001000      -338.3503115506 
        1.0500001000      -334.5459063478 
        1.0550000000      -311.7194751308 
        1.0600001000      -326.9370959421 
        1.0650000000      -338.3503115506 
        1.0700000000      -338.3503115506 
        1.0750001000      -307.9150699280 
        1.0800000000      -323.1326907393 
        1.0850000000      -330.7415011450 
        1.0900001000      -315.5238803336 
        1.0950000000      -338.3503115506 
        1.1000008000      -311.7194751308 
        1.1050001000      -330.7415011450 
        1.1100000000      -330.7415011450 
        1.1150001000      -311.7194751308 
        1.1200000000      -326.9370959421 
        1.1250000000      -319.3282855365 
        1.1300001000      -319.3282855365 
        1.1350001000      -323.1326907393 
        1.1400000000      -307.9150699280 
        1.1450001000      -315.5238803336 
        1.1500000000      -338.3503115506 
        1.1550001000      -311.7194751308 
        1.1600001000      -334.5459063478 
        1.1650000000      -315.5238803336 
        1.1700001000      -334.5459063478 
        1.1750001000      -311.7194751308 
        1.1800000000      -323.1326907393 
        1.1850001000      -326.9370959421 
        1.1900000000      -342.1547167535 
        1.1950000000      -323.1326907393 
        1.2000001000      -323.1326907393 
        1.2050000000      -307.9150699280 
        1.2100000000      -338.3503115506 
        1.2150001000      -330.7415011450 
        1.2200000000      -330.7415011450 
        1.2250001000      -311.7194751308 
        1.2300001000      -323.1326907393 
        1.2350000000      -334.5459063478 
        1.2400001000      -311.7194751308 
        1.2450000000      -315.5238803336 
        1.2500000000      -319.3282855365 
        1.2550001000      -319.3282855365 
        1.2600003000      -315.5238803336 
        1.2650006000      -323.1326907393 
        1.2700001000      -315.5238803336 
        1.2750000000      -311.7194751308 
        1.2800001000      -311.7194751308 
        1.2850001000      -307.9150699280 
        1.2900000000      -315.5238803336 
        1.2950001000      -323.1326907393 
        1.3000001000      -307.9150699280 
        1.3050000000      -311.7194751308 
        1.3100001000      -326.9370959421 
        1.3150000000      -326.9370959421 
        1.3200000000      -326.9370959421 
        1.3250001000      -307.9150699280 
        1.3300000000      -304.1106647252 
        1.3350000000      -311.7194751308 
        1.3400001000      -319.3282855365 
        1.3450000000      -334.5459063478 
        1.3500001000      -315.5238803336 
        1.3550001000      -304.1106647252 
        1.3600000000      -315.5238803336 
        1.3650001000      -319.3282855365 
        1.3700000000      -307.9150699280 
        1.3750000000      -307.9150699280 
        1.3800001000      -307.9150699280 
        1.3850001000      -323.1326907393 
        1.3900000000      -315.5238803336 
        1.3950001000      -292.6974491167 
        1.4000000000      -285.0886387110 
        1.4050001000      -307.9150699280 
        1.4100001000      -288.8930439138 
        1.4150000000      -304.1106647252 
        1.4200001000      -311.7194751308 
        1.4250001000      -311.7194751308 
        1.4300000000      -292.6974491167 
        1.4350001000      -307.9150699280 
        1.4400000000      -304.1106647252 
        1.4450003000      -304.1106647252 
        1.4500001000      -300.3062595223 
        1.4550000000      -307.9150699280 
        1.4600000000      -300.3062595223 
        1.4650001000      -304.1106647252 
        1.4700000000      -323.1326907393 
        1.4750001000      -330.7415011450 
        1.4800001000      -311.7194751308 
        1.4850000000      -315.5238803336 
        1.4900001000      -311.7194751308 
        1.4950000000      -300.3062595223 
        1.5000000000      -323.1326907393 
        1.5050001000      -319.3282855365 
        1.5100001000      -323.1326907393 
        1.5150000000      -300.3062595223 
        1.5200001000      -307.9150699280 
        1.5250000000      -315.5238803336 
        1.5300001000      -307.9150699280 
        1.5350001000      -323.1326907393 
        1.5400001000      -323.1326907393 
        1.5450001000      -300.3062595223 
        1.5500016000      -300.3062595223 
        1.5550000000      -307.9150699280 
        1.5600001000      -323.1326907393 
        1.5650000000      -307.9150699280 
        1.5700000000      -304.1106647252 
        1.5750001000      -311.7194751308 
        1.5800000000      -315.5238803336 
        1.5850000000      -300.3062595223 
        1.5900001000      -304.1106647252 
        1.5950000000      -319.3282855365 
        1.6000001000      -300.3062595223 
        1.6050001000      -323.1326907393 
        1.6100000000      -323.1326907393 
        1.6150001000      -304.1106647252 
        1.6200000000      -307.9150699280 
        1.6250000000      -304.1106647252 
        1.6300001000      -315.5238803336 
        1.6350001000      -304.1106647252 
        1.6400000000      -304.1106647252 
        1.6450001000      -315.5238803336 
        1.6500005000      -300.3062595223 
        1.6550001000      -311.7194751308 
        1.6600001000      -315.5238803336 
        1.6650001000      -319.3282855365 
        1.6700001000      -311.7194751308 
        1.6750001000      -288.8930439138 
        1.6800000000      -307.9150699280 
        1.6850001000      -307.9150699280 
        1.6900000000      -304.1106647252 
        1.6950000000      -292.6974491167 
        1.7000001000      -326.9370959421 
        1.7050000000      -311.7194751308 
        1.7100000000      -300.3062595223 
        1.7150001000      -292.6974491167 
        1.7200000000      -315.5238803336 
        1.7250001000      -311.7194751308 
        1.7300001000      -300.3062595223 
        1.7350000000      -319.3282855365 
        1.7400001000      -307.9150699280 
        1.7450000000      -311.7194751308 
        1.7500000000      -311.7194751308 
        1.7550001000      -315.5238803336 
        1.7600001000      -300.3062595223 
        1.7650000000      -323.1326907393 
        1.7700001000      -307.9150699280 
        1.7750000000      -300.3062595223 
        1.7800001000      -311.7194751308 
        1.7850001000      -311.7194751308 
        1.7900001000      -319.3282855365 
        1.7950001000      -296.5018543195 
        1.8000001000      -292.6974491167 
        1.8050000000      -319.3282855365 
        1.8100001000      -307.9150699280 
        1.8150000000      -319.3282855365 
        1.8200000000      -300.3062595223 
        1.8250001000      -304.1106647252 
        1.8300000000      -307.9150699280 
        1.8350000000      -296.5018543195 
        1.8400001000      -319.3282855365 
        1.8450008000      -311.7194751308 
        1.8500001000      -304.1106647252 
        1.8550001000      -300.3062595223 
        1.8600000000      -307.9150699280 
        1.8650001000      -288.8930439138 
        1.8700000000      -319.3282855365 
        1.8750000000      -319.3282855365 
        1.8800001000      -319.3282855365 
        1.8850001000      -311.7194751308 
        1.8900000000      -307.9150699280 
        1.8950001000      -300.3062595223 
        1.9000000000      -319.3282855365 
        1.9050006000      -319.3282855365 
        1.9100001000      -304.1106647252 
        1.9150001000      -311.7194751308 
        1.9200001000      -311.7194751308 
        1.9250001000      -319.3282855365 
        1.9300000000      -315.5238803336 
        1.9350001000      -292.6974491167 
        1.9400000000      -304.1106647252 
        1.9450000000      -311.7194751308 
        1.9500001000      -319.3282855365 
        1.9550000000      -323.1326907393 
        1.9600000000      -311.7194751308 
        1.9650001000      -300.3062595223 
        1.9700000000      -319.3282855365 
        1.9750001000      -323.1326907393 
        1.9800001000      -296.5018543195 
        1.9850000000      -334.5459063478 
        1.9900001000      -311.7194751308 
        1.9950000000      -323.1326907393 
        2.0000000000      -307.9150699280 
        2.0050001000      -311.7194751308 
        2.0100000000      -307.9150699280 
        2.0150018000      -315.5238803336 
        2.0200001000      -311.7194751308 
        2.0250000000      -304.1106647252 
        2.0300001000      -319.3282855365 
        2.0350001000      -315.5238803336 
        2.0400008000      -292.6974491167 
        2.0450001000      -319.3282855365 
        2.0500001000      -315.5238803336 
        2.0550000000      -304.1106647252 
        2.0600001000      -323.1326907393 
        2.0650015000      -300.3062595223 
        2.0700000000      -311.7194751308 
        2.0750001000      -323.1326907393 
        2.0800000000      -288.8930439138 
        2.0850000000      -315.5238803336 
        2.0900001000      -323.1326907393 
        2.0950000000      -319.3282855365 
        2.1000001000      -292.6974491167 
        2.1050001000      -304.1106647252 
        2.1100000000      -307.9150699280 
        2.1150001000      -319.3282855365 
        2.1200000000      -315.5238803336 
        2.1250000000      -311.7194751308 
        2.1300001000      -300.3062595223 
        2.1350000000      -307.9150699280 
        2.1400001000      -319.3282855365 
        2.1450001000      -300.3062595223 
        2.1500000000      -307.9150699280 
        2.1550208000      -319.3282855365 
        2.1600001000      -304.1106647252 
        2.1650000000      -311.7194751308 
        2.1700001000      -304.1106647252 
        2.1750001000      -307.9150699280 
        2.1800001000      -330.7415011450 
        2.1850001000      -319.3282855365 
        2.1900000000      -292.6974491167 
        2.1950000000      -323.1326907393 
        2.2000001000      -323.1326907393 
        2.2050000000      -311.7194751308 
        2.2100000000      -307.9150699280 
        2.2150001000      -319.3282855365 
        2.2200000000      -323.1326907393 
        2.2250001000      -315.5238803336 
        2.2300001000      -315.5238803336 
        2.2350000000      -307.9150699280 
        2.2400001000      -300.3062595223 
        2.2450000000      -326.9370959421 
        2.2500000000      -330.7415011450 
        2.2550001000      -311.7194751308 
        2.2600000000      -304.1106647252 
        2.2650001000      -338.3503115506 
        2.2700001000      -311.7194751308 
        2.2750000000      -315.5238803336 
        2.2800001000      -319.3282855365 
        2.2850001000      -338.3503115506 
        2.2900000000      -311.7194751308 
        2.2950001000      -304.1106647252 
        2.3000001000      -330.7415011450 
        2.3050001000      -311.7194751308 
        2.3100001000      -319.3282855365 
        2.3150000000      -323.1326907393 
        2.3200000000      -304.1106647252 
        2.3250001000      -307.9150699280 
        2.3300000000      -334.5459063478 
        2.3350000000      -307.9150699280 
        2.3400001000      -323.1326907393 
        2.3450000000      -319.3282855365 
        2.3500001000      -315.5238803336 
        2.3550001000      -323.1326907393 
        2.3600000000      -307.9150699280 
        2.3650001000      -285.0886387110 
        2.3700000000      -307.9150699280 
        2.3750000000      -323.1326907393 
        2.3800007000      -307.9150699280 
        2.3850000000      -307.9150699280 
        2.3900002000      -307.9150699280 
        2.3950001000      -300.3062595223 
        2.4000000000      -323.1326907393 
        2.4050001000      -311.7194751308 
        2.4100001000      -307.9150699280 
        2.4150000000      -311.7194751308 
        2.4200001000      -323.1326907393 
        2.4250001000      -304.1106647252 
        2.4300001000      -304.1106647252 
        2.4350001000      -319.3282855365 
        2.4400002000      -304.1106647252 
        2.4450000000      -304.1106647252 
        2.4500001000      -307.9150699280 
        2.4550000000      -315.5238803336 
        2.4600000000      -311.7194751308 
        2.4650001000      -304.1106647252 
        2.4700000000      -304.1106647252 
        2.4750001000      -307.9150699280 
        2.4800001000      -307.9150699280 
        2.4850000000      -307.9150699280 
        2.4900001000      -311.7194751308 
        2.4950000000      -315.5238803336 
        2.5000000000      -307.9150699280 
        2.5050001000      -323.1326907393 
        2.5100000000      -300.3062595223 
        2.5150001000      -307.9150699280 
        2.5200001000      -311.7194751308 
        2.5250000000      -319.3282855365 
        2.5300001000      -311.7194751308 
        2.5350001000      -292.6974491167 
        2.5400000000      -323.1326907393 
        2.5450008000      -319.3282855365 
        2.5500001000      -292.6974491167 
        2.5550001000      -323.1326907393 
        2.5600001000      -292.6974491167 
        2.5650000000      -307.9150699280 
        2.5700000000      -323.1326907393 
        2.5750001000      -292.6974491167 
        2.5800000000      -323.1326907393 
        2.5850000000      -307.9150699280 
        2.5900001000      -315.5238803336 
        2.5950000000      -323.1326907393 
        2.6000001000      -319.3282855365 
        2.6050001000      -292.6974491167 
        2.6100000000      -311.7194751308 
        2.6150001000      -307.9150699280 
        2.6200000000      -300.3062595223 
        2.6250000000      -300.3062595223 
        2.6300001000      -304.1106647252 
        2.6350000000      -292.6974491167 
        2.6400001000      -288.8930439138 
        2.6450001000      -292.6974491167 
        2.6500000000      -296.5018543195 
        2.6550001000      -288.8930439138 
        2.6600001000      -277.4798283054 
        2.6650000000      -300.3062595223 
        2.6700001000      -311.7194751308 
        2.6750001000      -281.2842335082 
        2.6800001000      -300.3062595223 
        2.6850001000      -300.3062595223 
        2.6900000000      -281.2842335082 
        2.6950000000      -300.3062595223 
        2.7000001000      -315.5238803336 
        2.7050000000      -304.1106647252 
        2.7100000000      -288.8930439138 
        2.7150001000      -311.7194751308 
        2.7200000000      -307.9150699280 
        2.7250001000      -307.9150699280 
        2.7300001000      -288.8930439138 
        2.7350000000      -288.8930439138 
        2.7400001000      -300.3062595223 
        2.7450000000      -300.3062595223 
        2.7500000000      -300.3062595223 
        2.7550001000      -300.3062595223 
        2.7600000000      -288.8930439138 
        2.7650001000      -300.3062595223 
        2.7700001000      -292.6974491167 
        2.7750000000      -300.3062595223 
        2.7800001000      -304.1106647252 
        2.7850001000      -296.5018543195 
        2.7900000000      -307.9150699280 
        2.7950007000      -300.3062595223 
        2.8000001000      -296.5018543195 
        2.8050001000      -296.5018543195 
        2.8100001000      -288.8930439138 
        2.8150000000      -292.6974491167 
        2.8200000000      -292.6974491167 
        2.8250001000      -288.8930439138 
        2.8300000000      -307.9150699280 
        2.8350000000      -296.5018543195 
        2.8400001000      -288.8930439138 
        2.8450000000      -292.6974491167 
        2.8500001000      -288.8930439138 
        2.8550001000      -307.9150699280 
        2.8600000000      -307.9150699280 
        2.8650001000      -285.0886387110 
        2.8700000000      -307.9150699280 
        2.8750000000      -300.3062595223 
        2.8800001000      -296.5018543195 
        2.8850000000      -300.3062595223 
        2.8900001000      -304.1106647252 
        2.8950001000      -277.4798283054 
        2.9000000000      -300.3062595223 
        2.9050001000      -307.9150699280 
        2.9100001000      -281.2842335082 
        2.9150012000      -304.1106647252 
        2.9200001000      -304.1106647252 
        2.9250001000      -292.6974491167 
        2.9300001000      -304.1106647252 
        2.9350001000      -292.6974491167 
        2.9400000000      -292.6974491167 
        2.9450000000      -311.7194751308 
        2.9500001000      -300.3062595223 
        2.9550000000      -292.6974491167 
        2.9600000000      -292.6974491167 
        2.9650001000      -304.1106647252 
        2.9700000000      -311.7194751308 
        2.9750001000      -311.7194751308 
        2.9800001000      -288.8930439138 
        2.9850000000      -285.0886387110 
        2.9900007000      -304.1106647252 
        2.9950000000      -311.7194751308 
