           Time[sec] \omega_{gyro}[deg/sec] 
        0.0000000000      -152.3792699269 
        0.0050000000        49.0012897038 
        0.0100011000       -68.7873395142 
        0.0150000000        49.0012897038 
        0.0200000000        -7.9932083049 
        0.0250000000        18.6042240992 
        0.0300025000        71.7990889073 
        0.0350000000       -26.9913743078 
        0.0400000000        30.0031237009 
        0.0450000000       -53.5888067119 
        0.0500000000       -49.7891735113 
        0.0550001000       174.3891853229 
        0.0600000000       -61.1880731130 
        0.0650000000        22.4038572997 
        0.0700000000       -57.3884399124 
        0.0750000000         3.4056912968 
        0.0800000000       -11.7928415055 
        0.0850000000        60.4001893055 
        0.0900001000        11.0049576980 
        0.0950000000      -102.9840383194 
        0.1000000000       -53.5888067119 
        0.1050000000       105.9957877125 
        0.1100000000       -38.3902739095 
        0.1150000000       -11.7928415055 
        0.1200000000        37.6023901021 
        0.1250000000        37.6023901021 
        0.1300000000       -23.1917411072 
        0.1350000000        37.6023901021 
        0.1400000000        98.3965213113 
        0.1450000000       -80.1862391159 
        0.1500000000        30.0031237009 
        0.1550000000        49.0012897038 
        0.1600000000      -106.7836715200 
        0.1650000000       -80.1862391159 
        0.1700000000        90.7972549102 
        0.1750000000        14.8045908986 
        0.1800001000        33.8027569015 
        0.1850000000       -15.5924747061 
        0.1900020000        37.6023901021 
        0.1950000000       -57.3884399124 
        0.2000000000        -4.1935751043 
        0.2050000000        86.9976217096 
        0.2100001000       -95.3847719182 
        0.2150001000        67.9994557067 
        0.2200000000       -76.3866059153 
        0.2250000000        11.0049576980 
        0.2300000000       -23.1917411072 
        0.2350000000        26.2034905003 
        0.2400001000        26.2034905003 
        0.2450000000      -118.1825711217 
        0.2500000000       -15.5924747061 
        0.2550043000         3.4056912968 
        0.2600000000        49.0012897038 
        0.2650000000        -0.3939419037 
        0.2700000000       -57.3884399124 
        0.2750000000        26.2034905003 
        0.2800000000        30.0031237009 
        0.2850000000        -0.3939419037 
        0.2900001000        52.8009229044 
        0.2950000000      -133.3811039240 
        0.3000000000       -83.9858723165 
        0.3050001000        49.0012897038 
        0.3100000000      -118.1825711217 
        0.3150000000         7.2053244974 
        0.3200000000        18.6042240992 
        0.3250000000       -38.3902739095 
        0.3300000000       -38.3902739095 
        0.3350000000        22.4038572997 
        0.3400001000        37.6023901021 
        0.3450000000        11.0049576980 
        0.3500001000        -0.3939419037 
        0.3550001000       113.5950541137 
        0.3600000000       -34.5906407090 
        0.3650000000       -42.1899071101 
        0.3700000000       -19.3921079066 
        0.3750000000        11.0049576980 
        0.3800000000         7.2053244974 
        0.3850000000        11.0049576980 
        0.3900000000        45.2016565032 
        0.3950000000       -68.7873395142 
        0.4000000000        33.8027569015 
        0.4050000000       -11.7928415055 
        0.4100000000       -61.1880731130 
        0.4150001000       -15.5924747061 
        0.4200001000        22.4038572997 
        0.4250000000        14.8045908986 
        0.4300001000        -4.1935751043 
        0.4350000000        52.8009229044 
        0.4400000000        67.9994557067 
        0.4450000000      -106.7836715200 
        0.4500000000       -53.5888067119 
        0.4550000000       132.5932201166 
        0.4600000000       -76.3866059153 
        0.4650001000        11.0049576980 
        0.4700000000        -0.3939419037 
        0.4750001000       -99.1844051188 
        0.4800001000       -57.3884399124 
        0.4850000000       -19.3921079066 
        0.4900000000        18.6042240992 
        0.4950000000       -19.3921079066 
        0.5000009000       -99.1844051188 
        0.5050000000       105.9957877125 
        0.5100000000       -87.7855055171 
        0.5150000000       -68.7873395142 
        0.5200000000         3.4056912968 
        0.5250000000         7.2053244974 
        0.5300000000         7.2053244974 
        0.5350000000        18.6042240992 
        0.5400000000        26.2034905003 
        0.5450000000       -57.3884399124 
        0.5500000000        71.7990889073 
        0.5550001000        52.8009229044 
        0.5600000000        14.8045908986 
        0.5650000000        -7.9932083049 
        0.5700001000       -53.5888067119 
        0.5750001000       -15.5924747061 
        0.5800001000      -110.5833047206 
        0.5850000000        14.8045908986 
        0.5900001000        26.2034905003 
        0.5950000000       -23.1917411072 
        0.6000000000       -57.3884399124 
        0.6050000000        37.6023901021 
        0.6100000000       -68.7873395142 
        0.6150000000        18.6042240992 
        0.6200000000       -15.5924747061 
        0.6250000000       -87.7855055171 
        0.6300021000       -11.7928415055 
        0.6350000000        30.0031237009 
        0.6400000000        22.4038572997 
        0.6450000000       -19.3921079066 
        0.6500000000        -0.3939419037 
        0.6550000000       -23.1917411072 
        0.6600000000      -114.3829379211 
        0.6650000000       -95.3847719182 
        0.6700000000         3.4056912968 
        0.6750000000       -64.9877063136 
        0.6800001000       208.5858841282 
        0.6850000000       -57.3884399124 
        0.6900000000       -11.7928415055 
        0.6950001000       -11.7928415055 
        0.7000001000       -42.1899071101 
        0.7050001000       117.3946873142 
        0.7100000000       -38.3902739095 
        0.7150001000       -57.3884399124 
        0.7200000000         7.2053244974 
        0.7250000000       -53.5888067119 
        0.7300000000      -137.1807371246 
        0.7350000000       -38.3902739095 
        0.7400000000       261.7807489363 
        0.7450000000       -42.1899071101 
        0.7500000000       -26.9913743078 
        0.7550000000         7.2053244974 
        0.7600000000      -106.7836715200 
        0.7650000000      -129.5814707235 
        0.7700000000       -76.3866059153 
        0.7750000000        60.4001893055 
        0.7800000000       -95.3847719182 
        0.7850000000        14.8045908986 
        0.7900000000        -7.9932083049 
        0.7950000000       -38.3902739095 
        0.8000000000       -87.7855055171 
        0.8050008000         3.4056912968 
        0.8100000000       -49.7891735113 
        0.8150000000       -61.1880731130 
        0.8200001000        33.8027569015 
        0.8250001000       -34.5906407090 
        0.8300001000      -106.7836715200 
        0.8350028000       -57.3884399124 
        0.8400001000        67.9994557067 
        0.8450000000       -26.9913743078 
        0.8500000000       -68.7873395142 
        0.8550000000       -45.9895403107 
        0.8600000000       -38.3902739095 
        0.8650000000        33.8027569015 
        0.8700000000        -0.3939419037 
        0.8750044000         7.2053244974 
        0.8800000000       -83.9858723165 
        0.8850000000       -42.1899071101 
        0.8900000000        49.0012897038 
        0.8950000000       -45.9895403107 
        0.9000000000       -57.3884399124 
        0.9050000000        30.0031237009 
        0.9100000000       -19.3921079066 
        0.9150019000        -7.9932083049 
        0.9200000000        33.8027569015 
        0.9250000000        -0.3939419037 
        0.9300001000      -220.7726675374 
        0.9350000000        -7.9932083049 
        0.9400000000        64.1998225061 
        0.9450001000       -42.1899071101 
        0.9500001000        60.4001893055 
        0.9550038000       136.3928533171 
        0.9600015000       -57.3884399124 
        0.9650001000        52.8009229044 
        0.9700000000        -0.3939419037 
        0.9750000000       -68.7873395142 
        0.9800000000      -118.1825711217 
        0.9850000000        11.0049576980 
        0.9900000000        -7.9932083049 
        0.9950000000       -38.3902739095 
        1.0000000000       -91.5851387177 
        1.0050000000        98.3965213113 
        1.0100001000       -64.9877063136 
        1.0150000000      -102.9840383194 
        1.0200001000       -11.7928415055 
        1.0250000000         3.4056912968 
        1.0300000000       -34.5906407090 
        1.0350000000        14.8045908986 
        1.0400000000       -38.3902739095 
        1.0450000000       -23.1917411072 
        1.0500000000       -34.5906407090 
        1.0550001000        86.9976217096 
        1.0600000000       -80.1862391159 
        1.0650000000       -23.1917411072 
        1.0700000000       -30.7910075084 
        1.0750000000        18.6042240992 
        1.0800000000       -72.5869727148 
        1.0850000000        -4.1935751043 
        1.0900001000        64.1998225061 
        1.0950000000       -42.1899071101 
        1.1000000000        37.6023901021 
        1.1050000000        79.3983553084 
        1.1100000000      -118.1825711217 
        1.1150000000       -45.9895403107 
        1.1200000000       -23.1917411072 
        1.1250000000        30.0031237009 
        1.1300000000      -106.7836715200 
        1.1350006000        -7.9932083049 
        1.1400000000        -4.1935751043 
        1.1450014000       -23.1917411072 
        1.1500000000       -53.5888067119 
        1.1550001000        56.6005561050 
        1.1600000000       -42.1899071101 
        1.1650000000        -0.3939419037 
        1.1700025000       -68.7873395142 
        1.1750000000        41.4020233026 
        1.1800001000      -106.7836715200 
        1.1850000000        30.0031237009 
        1.1900000000        71.7990889073 
        1.1950000000       -68.7873395142 
        1.2000005000       -11.7928415055 
        1.2050000000        60.4001893055 
        1.2100000000      -148.5796367264 
        1.2150001000       -68.7873395142 
        1.2200000000       -19.3921079066 
        1.2250000000      -114.3829379211 
        1.2300000000      -121.9822043223 
        1.2350000000       -38.3902739095 
        1.2400000000        67.9994557067 
        1.2450000000       -15.5924747061 
        1.2500000000       -38.3902739095 
        1.2550000000        94.5968881108 
        1.2600001000      -102.9840383194 
        1.2650000000         7.2053244974 
        1.2700001000       -11.7928415055 
        1.2750000000       -26.9913743078 
        1.2800001000       -64.9877063136 
        1.2850000000        -7.9932083049 
        1.2900000000       -11.7928415055 
        1.2950000000       -83.9858723165 
        1.3000000000       -49.7891735113 
        1.3050001000        41.4020233026 
        1.3100000000      -175.1770691304 
        1.3150000000        -0.3939419037 
        1.3200000000       -11.7928415055 
        1.3250000000      -118.1825711217 
        1.3300000000       -99.1844051188 
        1.3350000000       -42.1899071101 
        1.3400001000        52.8009229044 
        1.3450000000       -34.5906407090 
        1.3500000000       -64.9877063136 
        1.3550000000        64.1998225061 
        1.3600000000        33.8027569015 
        1.3650000000       -91.5851387177 
        1.3700000000       -53.5888067119 
        1.3750006000        18.6042240992 
        1.3800000000      -156.1789031275 
        1.3850001000       -72.5869727148 
        1.3900020000       -42.1899071101 
        1.3950001000       -99.1844051188 
        1.4000000000         3.4056912968 
        1.4050011000        98.3965213113 
        1.4100010000       -91.5851387177 
        1.4150000000        14.8045908986 
        1.4200000000        18.6042240992 
        1.4250000000      -102.9840383194 
        1.4300001000      -156.1789031275 
        1.4350000000       -38.3902739095 
        1.4400000000        45.2016565032 
        1.4450000000       -87.7855055171 
        1.4500019000       -68.7873395142 
        1.4550000000       117.3946873142 
        1.4600000000       -42.1899071101 
        1.4650001000        98.3965213113 
        1.4700000000        45.2016565032 
        1.4750000000       -15.5924747061 
        1.4800000000      -144.7800035258 
        1.4850000000       -11.7928415055 
        1.4900000000       -19.3921079066 
        1.4950000000       -11.7928415055 
        1.5000000000       -49.7891735113 
        1.5050000000        98.3965213113 
        1.5100001000       -76.3866059153 
        1.5150000000        22.4038572997 
        1.5200001000         7.2053244974 
        1.5250000000        45.2016565032 
        1.5300003000      -129.5814707235 
        1.5350000000       -15.5924747061 
        1.5400001000        22.4038572997 
        1.5450000000       -72.5869727148 
        1.5500000000        41.4020233026 
        1.5550001000        67.9994557067 
        1.5600000000       -68.7873395142 
        1.5650000000      -106.7836715200 
        1.5700000000        18.6042240992 
        1.5750000000       -38.3902739095 
        1.5800000000      -144.7800035258 
        1.5850000000        14.8045908986 
        1.5900001000        22.4038572997 
        1.5950000000       -11.7928415055 
        1.6000000000         7.2053244974 
        1.6050000000        22.4038572997 
        1.6100000000      -129.5814707235 
        1.6150000000        18.6042240992 
        1.6200000000        14.8045908986 
        1.6250000000         3.4056912968 
        1.6300000000      -133.3811039240 
        1.6350001000       -76.3866059153 
        1.6400013000       -53.5888067119 
        1.6450001000       -80.1862391159 
        1.6500000000       -57.3884399124 
        1.6550029000        30.0031237009 
        1.6600000000       -26.9913743078 
        1.6650017000       -45.9895403107 
        1.6700000000       -42.1899071101 
        1.6750000000        33.8027569015 
        1.6800001000      -163.7781695287 
        1.6850034000        22.4038572997 
        1.6900000000        49.0012897038 
        1.6950000000       -83.9858723165 
        1.7000000000      -110.5833047206 
        1.7050000000        79.3983553084 
        1.7100000000       -30.7910075084 
        1.7150001000       -19.3921079066 
        1.7200000000        22.4038572997 
        1.7250000000       -15.5924747061 
        1.7300000000      -148.5796367264 
        1.7350000000       -45.9895403107 
        1.7400000000        26.2034905003 
        1.7450000000       -38.3902739095 
        1.7500000000       -83.9858723165 
        1.7550000000         3.4056912968 
        1.7600001000      -106.7836715200 
        1.7650000000        49.0012897038 
        1.7700001000       -68.7873395142 
        1.7750000000       -53.5888067119 
        1.7800037000      -129.5814707235 
        1.7850000000        45.2016565032 
        1.7900001000        30.0031237009 
        1.7950000000        -0.3939419037 
        1.8000000000       -42.1899071101 
        1.8050001000       102.1961545119 
        1.8100011000       -87.7855055171 
        1.8150000000        98.3965213113 
        1.8200000000       -72.5869727148 
        1.8250000000        33.8027569015 
        1.8300000000      -175.1770691304 
        1.8350000000       -57.3884399124 
        1.8400001000        86.9976217096 
        1.8450000000       -53.5888067119 
        1.8500000000        75.5987221079 
        1.8550000000        52.8009229044 
        1.8600000000       -34.5906407090 
        1.8650000000       -26.9913743078 
        1.8700000000        18.6042240992 
        1.8750000000        26.2034905003 
        1.8800000000       -23.1917411072 
        1.8850001000       -15.5924747061 
        1.8900000000       128.7935869160 
        1.8950001000       -42.1899071101 
        1.9000000000        26.2034905003 
        1.9050025000        98.3965213113 
        1.9100000000       -49.7891735113 
        1.9150001000        14.8045908986 
        1.9200000000        -4.1935751043 
        1.9250000000        22.4038572997 
        1.9300001000      -102.9840383194 
        1.9350000000        -7.9932083049 
        1.9400000000         7.2053244974 
        1.9450000000       -19.3921079066 
        1.9500000000        30.0031237009 
        1.9550000000         3.4056912968 
        1.9600000000       -87.7855055171 
        1.9650001000       121.1943205148 
        1.9700000000       -38.3902739095 
        1.9750000000         7.2053244974 
        1.9800000000      -137.1807371246 
        1.9850000000        22.4038572997 
        1.9900013000        45.2016565032 
        1.9950018000       -57.3884399124 
        2.0000000000       -38.3902739095 
        2.0050000000        14.8045908986 
        2.0100000000       -95.3847719182 
        2.0150001000       -42.1899071101 
        2.0200001000       -15.5924747061 
        2.0250000000        98.3965213113 
        2.0300000000       -76.3866059153 
        2.0350001000        22.4038572997 
        2.0400001000       -15.5924747061 
        2.0450000000       -23.1917411072 
        2.0500000000        18.6042240992 
        2.0550001000        64.1998225061 
        2.0600000000      -167.5778027292 
        2.0650000000       -99.1844051188 
        2.0700000000        -0.3939419037 
        2.0750000000       102.1961545119 
        2.0800000000      -156.1789031275 
        2.0850000000      -106.7836715200 
        2.0900001000       143.9921197183 
        2.0950000000       -45.9895403107 
        2.1000000000       -76.3866059153 
        2.1050000000        11.0049576980 
        2.1100000000       -23.1917411072 
        2.1150000000       -45.9895403107 
        2.1200000000       -57.3884399124 
        2.1250012000        60.4001893055 
        2.1300000000      -190.3756019327 
        2.1350000000        14.8045908986 
        2.1400001000        56.6005561050 
        2.1450000000       -34.5906407090 
        2.1500000000        14.8045908986 
        2.1550000000       136.3928533171 
        2.1600001000       -99.1844051188 
        2.1650000000       -19.3921079066 
        2.1700000000       -30.7910075084 
        2.1750012000        64.1998225061 
        2.1800001000      -156.1789031275 
        2.1850000000         7.2053244974 
        2.1900000000        -0.3939419037 
        2.1950000000       -87.7855055171 
        2.2000000000      -171.3774359298 
        2.2050000000       105.9957877125 
        2.2100000000       -61.1880731130 
        2.2150001000       -91.5851387177 
        2.2200000000        -7.9932083049 
        2.2250000000       -72.5869727148 
        2.2300000000      -201.7745015345 
        2.2350000000        14.8045908986 
        2.2400000000       155.3910193200 
        2.2450028000       -72.5869727148 
        2.2500000000       -34.5906407090 
        2.2550000000        67.9994557067 
        2.2600000000      -140.9803703252 
        2.2650017000       -91.5851387177 
        2.2700000000         3.4056912968 
        2.2750000000         3.4056912968 
        2.2800000000      -152.3792699269 
        2.2850001000        83.1979885090 
        2.2900000000        37.6023901021 
        2.2950000000       -34.5906407090 
        2.3000000000       -45.9895403107 
        2.3050001000       109.7954209131 
        2.3100000000       -68.7873395142 
        2.3150000000        26.2034905003 
        2.3200000000        37.6023901021 
        2.3250000000        30.0031237009 
        2.3300000000      -186.5759687321 
        2.3350000000        14.8045908986 
        2.3400001000        30.0031237009 
        2.3450000000       -45.9895403107 
        2.3500000000       -53.5888067119 
        2.3550000000       113.5950541137 
        2.3600000000       -49.7891735113 
        2.3650000000        -4.1935751043 
        2.3700000000       -23.1917411072 
        2.3750000000       -57.3884399124 
        2.3800000000      -114.3829379211 
        2.3850000000       109.7954209131 
        2.3900001000       121.1943205148 
        2.3950000000       -53.5888067119 
        2.4000000000       -61.1880731130 
        2.4050000000       185.7880849247 
        2.4100008000       -83.9858723165 
        2.4150000000       -76.3866059153 
        2.4200000000        22.4038572997 
        2.4250000000        14.8045908986 
        2.4300001000      -175.1770691304 
        2.4350000000         7.2053244974 
        2.4400000000        86.9976217096 
        2.4450000000       -68.7873395142 
        2.4500000000      -129.5814707235 
        2.4550000000        56.6005561050 
        2.4600000000       -68.7873395142 
        2.4650001000       -72.5869727148 
        2.4700005000        22.4038572997 
        2.4750000000       -53.5888067119 
        2.4800000000      -129.5814707235 
        2.4850021000         3.4056912968 
        2.4900000000        37.6023901021 
        2.4950000000       -68.7873395142 
        2.5000000000        49.0012897038 
        2.5050000000        79.3983553084 
        2.5100000000      -144.7800035258 
        2.5150001000      -152.3792699269 
        2.5200000000       -57.3884399124 
        2.5250000000       -42.1899071101 
        2.5300000000      -175.1770691304 
        2.5350001000       -57.3884399124 
        2.5400000000       113.5950541137 
        2.5450000000        -4.1935751043 
        2.5500004000       -61.1880731130 
        2.5550001000        30.0031237009 
        2.5600016000      -171.3774359298 
        2.5650000000       -38.3902739095 
        2.5700000000        49.0012897038 
        2.5750000000       -53.5888067119 
        2.5800000000      -144.7800035258 
        2.5850000000        49.0012897038 
        2.5900001000        75.5987221079 
        2.5950000000      -114.3829379211 
        2.6000000000       -26.9913743078 
        2.6050000000        60.4001893055 
        2.6100000000       -87.7855055171 
        2.6150000000       -42.1899071101 
        2.6200000000       -49.7891735113 
        2.6250000000       -42.1899071101 
        2.6300000000      -163.7781695287 
        2.6350000000        45.2016565032 
        2.6400001000        -7.9932083049 
        2.6450000000       -91.5851387177 
        2.6500004000       -23.1917411072 
        2.6550000000        79.3983553084 
        2.6600001000       -72.5869727148 
        2.6650000000       -76.3866059153 
        2.6700000000        -0.3939419037 
        2.6750000000         3.4056912968 
        2.6800001000      -209.3737679356 
        2.6850000000       -19.3921079066 
        2.6900000000       102.1961545119 
        2.6950000000       -38.3902739095 
        2.7000000000        45.2016565032 
        2.7050000000       102.1961545119 
        2.7100000000      -140.9803703252 
        2.7150001000      -118.1825711217 
        2.7200000000         3.4056912968 
        2.7250000000        37.6023901021 
        2.7300004000      -159.9785363281 
        2.7350000000      -106.7836715200 
        2.7400000000        -7.9932083049 
        2.7450000000       -57.3884399124 
        2.7500000000       -45.9895403107 
        2.7550000000         7.2053244974 
        2.7600000000      -118.1825711217 
        2.7650001000       -80.1862391159 
        2.7700000000        18.6042240992 
        2.7750000000        41.4020233026 
        2.7800000000      -118.1825711217 
        2.7850001000        90.7972549102 
        2.7900000000        64.1998225061 
        2.7950000000       -57.3884399124 
        2.8000000000      -106.7836715200 
        2.8050001000       140.1924865177 
        2.8100000000       -72.5869727148 
        2.8150000000        -7.9932083049 
        2.8200000000         7.2053244974 
        2.8250000000        60.4001893055 
        2.8300000000      -205.5741347351 
        2.8350000000        -4.1935751043 
        2.8400001000        11.0049576980 
        2.8450005000       -42.1899071101 
        2.8500000000        60.4001893055 
        2.8550000000       117.3946873142 
        2.8600000000      -121.9822043223 
        2.8650000000      -129.5814707235 
        2.8700000000         3.4056912968 
        2.8750000000        37.6023901021 
        2.8800000000      -175.1770691304 
        2.8850000000        83.1979885090 
        2.8900001000        52.8009229044 
        2.8950000000       -26.9913743078 
        2.9000000000       -83.9858723165 
        2.9050000000        75.5987221079 
        2.9100001000      -102.9840383194 
        2.9150000000        75.5987221079 
        2.9200014000       -42.1899071101 
        2.9250000000        18.6042240992 
        2.9300001000      -163.7781695287 
        2.9350000000        -7.9932083049 
        2.9400000000        90.7972549102 
        2.9450000000       -26.9913743078 
        2.9500009000         3.4056912968 
        2.9550000000       117.3946873142 
        2.9600000000      -133.3811039240 
        2.9650001000        49.0012897038 
        2.9700000000       -38.3902739095 
        2.9750000000        37.6023901021 
        2.9800000000      -201.7745015345 
        2.9850000000        -7.9932083049 
        2.9900000000        22.4038572997 
        2.9950000000       -45.9895403107 
