           Time[sec] \omega_{gyro}[deg/sec] 
        0.0000000000        86.9976217096 
        0.0050000000       425.1649765612 
        0.0100000000       -61.1880731130 
        0.0150000000       -68.7873395142 
        0.0200000000        33.8027569015 
        0.0250012000       -57.3884399124 
        0.0300000000       -64.9877063136 
        0.0350000000        30.0031237009 
        0.0400000000       128.7935869160 
        0.0450000000        14.8045908986 
        0.0500000000       208.5858841282 
        0.0550000000        94.5968881108 
        0.0600000000       -80.1862391159 
        0.0650000000       -30.7910075084 
        0.0700000000       -15.5924747061 
        0.0750000000        14.8045908986 
        0.0800000000      -159.9785363281 
        0.0850000000       -15.5924747061 
        0.0900000000        22.4038572997 
        0.0950000000       -34.5906407090 
        0.1000000000        -7.9932083049 
        0.1050000000        98.3965213113 
        0.1100000000       -45.9895403107 
        0.1150000000       -23.1917411072 
        0.1200000000        22.4038572997 
        0.1250000000       -53.5888067119 
        0.1300000000      -140.9803703252 
        0.1350000000       -61.1880731130 
        0.1400000000       -23.1917411072 
        0.1450000000       -68.7873395142 
        0.1500000000         3.4056912968 
        0.1550000000       257.9811157357 
        0.1600000000      -118.1825711217 
        0.1650000000       -76.3866059153 
        0.1700000000       -45.9895403107 
        0.1750000000         3.4056912968 
        0.1800000000       -68.7873395142 
        0.1850000000       -19.3921079066 
        0.1900014000       113.5950541137 
        0.1950000000      -114.3829379211 
        0.2000000000       174.3891853229 
        0.2050000000        26.2034905003 
        0.2100000000       -80.1862391159 
        0.2150000000        71.7990889073 
        0.2200000000        11.0049576980 
        0.2250000000       185.7880849247 
        0.2300000000       -99.1844051188 
        0.2350000000        30.0031237009 
        0.2400007000        56.6005561050 
        0.2450000000      -118.1825711217 
        0.2500000000        -0.3939419037 
        0.2550000000        -7.9932083049 
        0.2600000000      -129.5814707235 
        0.2650000000        14.8045908986 
        0.2700000000       -49.7891735113 
        0.2750000000        14.8045908986 
        0.2800000000      -133.3811039240 
        0.2850000000        18.6042240992 
        0.2900000000        94.5968881108 
        0.2950022000       -53.5888067119 
        0.3000000000       -53.5888067119 
        0.3050010000       121.1943205148 
        0.3100000000       -53.5888067119 
        0.3150011000        14.8045908986 
        0.3200000000       -15.5924747061 
        0.3250000000        30.0031237009 
        0.3300000000       -34.5906407090 
        0.3350000000        79.3983553084 
        0.3400000000       109.7954209131 
        0.3450000000         3.4056912968 
        0.3500000000        94.5968881108 
        0.3550000000       105.9957877125 
        0.3600000000       -19.3921079066 
        0.3650000000       -72.5869727148 
        0.3700000000       -11.7928415055 
        0.3750000000        -4.1935751043 
        0.3800000000       -72.5869727148 
        0.3850000000         3.4056912968 
        0.3900000000        79.3983553084 
        0.3950000000       -57.3884399124 
        0.4000000000       -42.1899071101 
        0.4050000000       155.3910193200 
        0.4100000000      -144.7800035258 
        0.4150000000       -15.5924747061 
        0.4200000000        37.6023901021 
        0.4250000000       -76.3866059153 
        0.4300000000       276.9792817386 
        0.4350000000       -87.7855055171 
        0.4400005000       105.9957877125 
        0.4450000000       -11.7928415055 
        0.4500000000        30.0031237009 
        0.4550000000       -64.9877063136 
        0.4600000000      -186.5759687321 
        0.4650000000       242.7825829334 
        0.4700000000        14.8045908986 
        0.4750000000        37.6023901021 
        0.4800000000       174.3891853229 
        0.4850000000        18.6042240992 
        0.4900014000        52.8009229044 
        0.4950000000        -4.1935751043 
        0.5000000000       155.3910193200 
        0.5050000000        -4.1935751043 
        0.5100000000       -68.7873395142 
        0.5150000000        37.6023901021 
        0.5200000000       -91.5851387177 
        0.5250000000       136.3928533171 
        0.5300000000        83.1979885090 
        0.5350000000        26.2034905003 
        0.5400000000        52.8009229044 
        0.5450000000       -61.1880731130 
        0.5500037000       223.7844169305 
        0.5550000000       105.9957877125 
        0.5600000000       -57.3884399124 
        0.5650020000        14.8045908986 
        0.5700000000       -49.7891735113 
        0.5750000000       132.5932201166 
        0.5800000000      -209.3737679356 
        0.5850000000       284.5785481398 
        0.5900000000        75.5987221079 
        0.5950000000      -159.9785363281 
        0.6000000000       -15.5924747061 
        0.6050000000        98.3965213113 
        0.6100000000       -64.9877063136 
        0.6150002000        22.4038572997 
        0.6200000000        14.8045908986 
        0.6250000000       -26.9913743078 
        0.6300000000        37.6023901021 
        0.6350000000       -19.3921079066 
        0.6400000000       117.3946873142 
        0.6450008000       -11.7928415055 
        0.6500000000       -42.1899071101 
        0.6550000000        33.8027569015 
        0.6600010000       -45.9895403107 
        0.6650000000        71.7990889073 
        0.6700000000       -68.7873395142 
        0.6750000000       -45.9895403107 
        0.6800000000        -4.1935751043 
        0.6850000000       -38.3902739095 
        0.6900032000        18.6042240992 
        0.6950000000       -34.5906407090 
        0.7000000000        37.6023901021 
        0.7050000000        22.4038572997 
        0.7100000000        22.4038572997 
        0.7150000000       -95.3847719182 
        0.7200009000       -34.5906407090 
        0.7250000000       -45.9895403107 
        0.7300000000      -133.3811039240 
        0.7350000000        11.0049576980 
        0.7400000000        45.2016565032 
        0.7450000000       -95.3847719182 
        0.7500000000       132.5932201166 
        0.7550000000       242.7825829334 
        0.7600000000       -57.3884399124 
        0.7650000000         7.2053244974 
        0.7700000000       -26.9913743078 
        0.7750000000       -42.1899071101 
        0.7800000000       269.3800153374 
        0.7850000000        11.0049576980 
        0.7900000000       -42.1899071101 
        0.7950000000       143.9921197183 
        0.8000000000       -38.3902739095 
        0.8050018000        67.9994557067 
        0.8100000000       -23.1917411072 
        0.8150000000       -11.7928415055 
        0.8200000000         7.2053244974 
        0.8250000000        33.8027569015 
        0.8300000000       189.5877181253 
        0.8350000000         3.4056912968 
        0.8400000000        52.8009229044 
        0.8450000000       -53.5888067119 
        0.8500000000       -15.5924747061 
        0.8550000000        49.0012897038 
        0.8600000000        52.8009229044 
        0.8650000000       -42.1899071101 
        0.8700000000        49.0012897038 
        0.8750000000        33.8027569015 
        0.8800000000         3.4056912968 
        0.8850000000        -4.1935751043 
        0.8900000000       -42.1899071101 
        0.8950000000        -7.9932083049 
        0.9000000000        64.1998225061 
        0.9050000000        52.8009229044 
        0.9100000000       -68.7873395142 
        0.9150000000       -38.3902739095 
        0.9200000000       -49.7891735113 
        0.9250000000       -23.1917411072 
        0.9300000000         3.4056912968 
        0.9350000000        26.2034905003 
        0.9400000000        71.7990889073 
        0.9450000000        -0.3939419037 
        0.9500000000       -57.3884399124 
        0.9550000000       -23.1917411072 
        0.9600000000       -53.5888067119 
        0.9650000000        94.5968881108 
        0.9700000000       -91.5851387177 
        0.9750000000       -83.9858723165 
        0.9800000000      -121.9822043223 
        0.9850000000       -57.3884399124 
        0.9900000000       -30.7910075084 
        0.9950000000       261.7807489363 
        1.0000000000        -7.9932083049 
        1.0050000000       318.7752469450 
        1.0100000000       -95.3847719182 
        1.0150000000       -23.1917411072 
        1.0200000000        18.6042240992 
        1.0250000000        18.6042240992 
        1.0300024000       132.5932201166 
        1.0350000000       -68.7873395142 
        1.0400000000       185.7880849247 
        1.0450025000       -42.1899071101 
        1.0500000000        49.0012897038 
        1.0550000000       178.1888185235 
        1.0600000000        37.6023901021 
        1.0650000000      -110.5833047206 
        1.0700000000        26.2034905003 
        1.0750000000       -61.1880731130 
        1.0800000000       -38.3902739095 
        1.0850000000       -57.3884399124 
        1.0900000000       -45.9895403107 
        1.0950000000       -68.7873395142 
        1.1000000000       185.7880849247 
        1.1050000000        52.8009229044 
        1.1100000000      -125.7818375229 
        1.1150000000       -45.9895403107 
        1.1200000000       -38.3902739095 
        1.1250000000       -30.7910075084 
        1.1300000000         7.2053244974 
        1.1350000000       -45.9895403107 
        1.1400000000         3.4056912968 
        1.1450000000       -61.1880731130 
        1.1500000000       -53.5888067119 
        1.1550010000       -19.3921079066 
        1.1600000000       -53.5888067119 
        1.1650000000       -42.1899071101 
        1.1700000000        -0.3939419037 
        1.1750000000       -87.7855055171 
        1.1800000000       -30.7910075084 
        1.1850000000       -34.5906407090 
        1.1900000000        37.6023901021 
        1.1950000000       -19.3921079066 
        1.2000000000       -53.5888067119 
        1.2050000000        86.9976217096 
        1.2100000000       -38.3902739095 
        1.2150000000       -53.5888067119 
        1.2200000000       -11.7928415055 
        1.2250000000       -45.9895403107 
        1.2300000000       -68.7873395142 
        1.2350000000       -11.7928415055 
        1.2400000000         3.4056912968 
        1.2450000000       -45.9895403107 
        1.2500000000         3.4056912968 
        1.2550000000       288.3781813403 
        1.2600000000       -23.1917411072 
        1.2650000000         3.4056912968 
        1.2700000000       -15.5924747061 
        1.2750000000       -68.7873395142 
        1.2800000000        37.6023901021 
        1.2850000000       -26.9913743078 
        1.2900000000        14.8045908986 
        1.2950000000       -68.7873395142 
        1.3000000000        -7.9932083049 
        1.3050000000        86.9976217096 
        1.3100000000        -7.9932083049 
        1.3150000000       -91.5851387177 
        1.3200000000       -23.1917411072 
        1.3250000000       254.1814825351 
        1.3300000000        11.0049576980 
        1.3350000000       143.9921197183 
        1.3400000000        -0.3939419037 
        1.3450000000       -68.7873395142 
        1.3500000000        33.8027569015 
        1.3550000000        75.5987221079 
        1.3600000000       -34.5906407090 
        1.3650000000         3.4056912968 
        1.3700000000       151.5913861195 
        1.3750000000      -125.7818375229 
        1.3800000000       -99.1844051188 
        1.3850000000       219.9847837299 
        1.3900000000       -11.7928415055 
        1.3950000000       132.5932201166 
        1.4000000000        52.8009229044 
        1.4050000000        18.6042240992 
        1.4100000000      -159.9785363281 
        1.4150000000       -57.3884399124 
        1.4200000000       -15.5924747061 
        1.4250000000      -137.1807371246 
        1.4300000000       242.7825829334 
        1.4350000000       -49.7891735113 
        1.4400000000        60.4001893055 
        1.4450000000       -53.5888067119 
        1.4500000000        18.6042240992 
        1.4550000000       102.1961545119 
        1.4600000000       -72.5869727148 
        1.4650000000       -68.7873395142 
        1.4700000000       -15.5924747061 
        1.4750000000       -72.5869727148 
        1.4800000000        37.6023901021 
        1.4850000000       -61.1880731130 
        1.4900000000        45.2016565032 
        1.4950000000       -57.3884399124 
        1.5000000000       -64.9877063136 
        1.5050000000        71.7990889073 
        1.5100000000       -34.5906407090 
        1.5150000000      -129.5814707235 
        1.5200000000        -4.1935751043 
        1.5250000000       -19.3921079066 
        1.5300000000      -118.1825711217 
        1.5350000000       -57.3884399124 
        1.5400000000        -4.1935751043 
        1.5450000000       -87.7855055171 
        1.5500000000       -91.5851387177 
        1.5550000000        64.1998225061 
        1.5600000000        86.9976217096 
        1.5650000000        11.0049576980 
        1.5700000000       250.3818493345 
        1.5750000000      -167.5778027292 
        1.5800000000      -182.7763355316 
        1.5850000000       162.9902857212 
        1.5900000000       -23.1917411072 
        1.5950000000       -76.3866059153 
        1.6000000000         3.4056912968 
        1.6050000000       212.3855173287 
        1.6100000000       -42.1899071101 
        1.6150000000        98.3965213113 
        1.6200000000        52.8009229044 
        1.6250000000      -129.5814707235 
        1.6300000000       235.1833165322 
        1.6350000000        -0.3939419037 
        1.6400000000       276.9792817386 
        1.6450000000      -285.3664319472 
        1.6500000000        37.6023901021 
        1.6550000000        67.9994557067 
        1.6600000000       -83.9858723165 
        1.6650000000       -42.1899071101 
        1.6700000000       -34.5906407090 
        1.6750000000       -61.1880731130 
        1.6800000000       -42.1899071101 
        1.6850000000       -45.9895403107 
        1.6900000000        56.6005561050 
        1.6950000000      -258.7689995432 
        1.7000000000        14.8045908986 
        1.7050000000       223.7844169305 
        1.7100000000       -95.3847719182 
        1.7150000000       -15.5924747061 
        1.7200000000        37.6023901021 
        1.7250000000       -57.3884399124 
        1.7300000000         7.2053244974 
        1.7350000000        18.6042240992 
        1.7400000000       105.9957877125 
        1.7450000000      -137.1807371246 
        1.7500000000       -23.1917411072 
        1.7550000000        22.4038572997 
        1.7600000000       -38.3902739095 
        1.7650000000       265.5803821368 
        1.7700000000       143.9921197183 
        1.7750000000       -68.7873395142 
        1.7800000000       -42.1899071101 
        1.7850000000       -64.9877063136 
        1.7900000000       269.3800153374 
        1.7950000000      -163.7781695287 
        1.8000000000       -38.3902739095 
        1.8050000000         7.2053244974 
        1.8100000000       -26.9913743078 
        1.8150000000      -125.7818375229 
        1.8200000000        49.0012897038 
        1.8250000000       -91.5851387177 
        1.8300000000       -76.3866059153 
        1.8350000000       -23.1917411072 
        1.8400000000       -34.5906407090 
        1.8450000000       -83.9858723165 
        1.8500000000        30.0031237009 
        1.8550000000        98.3965213113 
        1.8600000000       -68.7873395142 
        1.8650000000        45.2016565032 
        1.8700000000        33.8027569015 
        1.8750000000        26.2034905003 
        1.8800000000       -80.1862391159 
        1.8850000000       178.1888185235 
        1.8900000000         3.4056912968 
        1.8950000000      -144.7800035258 
        1.9000000000      -102.9840383194 
        1.9050000000       307.3763473432 
        1.9100000000       -57.3884399124 
        1.9150000000        30.0031237009 
        1.9200000000       383.3690113548 
        1.9250000000      -129.5814707235 
        1.9300000000        45.2016565032 
        1.9350000000      -114.3829379211 
        1.9400000000        49.0012897038 
        1.9450000000        41.4020233026 
        1.9500000000         3.4056912968 
        1.9550000000       364.3708453519 
        1.9600000000       -91.5851387177 
        1.9650000000        52.8009229044 
        1.9700000000        18.6042240992 
        1.9750000000      -114.3829379211 
        1.9800000000       -61.1880731130 
        1.9850000000       -11.7928415055 
        1.9900000000       -68.7873395142 
        1.9950000000      -311.9638643513 
        2.0000000000       -61.1880731130 
        2.0050000000        45.2016565032 
        2.0100000000       -80.1862391159 
        2.0150000000       -30.7910075084 
        2.0200000000        86.9976217096 
        2.0250000000       -68.7873395142 
        2.0300000000        33.8027569015 
        2.0350001000        52.8009229044 
        2.0400000000        64.1998225061 
        2.0450000000      -190.3756019327 
        2.0500000000        22.4038572997 
        2.0550000000        64.1998225061 
        2.0600000000        14.8045908986 
        2.0650000000         7.2053244974 
        2.0700000000        71.7990889073 
        2.0750000000      -118.1825711217 
        2.0800000000       -61.1880731130 
        2.0850000000       -26.9913743078 
        2.0900000000         7.2053244974 
        2.0950006000      -220.7726675374 
        2.1000000000       -87.7855055171 
        2.1050000000         7.2053244974 
        2.1100000000       -15.5924747061 
        2.1150000000       -42.1899071101 
        2.1200000000        67.9994557067 
        2.1250000000        52.8009229044 
        2.1300000000       105.9957877125 
        2.1350000000         3.4056912968 
        2.1400000000       -30.7910075084 
        2.1450000000      -190.3756019327 
        2.1500000000        45.2016565032 
        2.1550000000        71.7990889073 
        2.1600001000       246.5822161339 
        2.1650000000       -42.1899071101 
        2.1700000000       288.3781813403 
        2.1750000000      -220.7726675374 
        2.1800000000       159.1906525206 
        2.1850000000       -95.3847719182 
        2.1900000000       -19.3921079066 
        2.1950000000      -152.3792699269 
        2.2000000000       -57.3884399124 
        2.2050000000       333.9737797473 
        2.2100000000      -205.5741347351 
        2.2150000000       -42.1899071101 
        2.2200000000       136.3928533171 
        2.2250000000      -129.5814707235 
        2.2300000000       -42.1899071101 
        2.2350000000       -53.5888067119 
        2.2400000000       -61.1880731130 
        2.2450000000      -197.9748683339 
        2.2500000000        52.8009229044 
        2.2550000000         7.2053244974 
        2.2600000000       -87.7855055171 
        2.2650000000       -23.1917411072 
        2.2700000000        90.7972549102 
        2.2750000000       -99.1844051188 
        2.2800000000       -61.1880731130 
        2.2850001000       -38.3902739095 
        2.2900000000       -19.3921079066 
        2.2950000000      -137.1807371246 
        2.3000000000       -45.9895403107 
        2.3050000000        22.4038572997 
        2.3100000000       -95.3847719182 
        2.3150000000       -26.9913743078 
        2.3200000000        64.1998225061 
        2.3250000000      -129.5814707235 
        2.3300000000       -87.7855055171 
        2.3350000000        22.4038572997 
        2.3400000000        26.2034905003 
        2.3450000000      -194.1752351333 
        2.3500000000        11.0049576980 
        2.3550000000        18.6042240992 
        2.3600000000       -61.1880731130 
        2.3650000000       -95.3847719182 
        2.3700000000        75.5987221079 
        2.3750000000       -68.7873395142 
        2.3800000000        22.4038572997 
        2.3850000000      -140.9803703252 
        2.3900000000       -19.3921079066 
        2.3950000000      -137.1807371246 
        2.4000000000        33.8027569015 
        2.4050000000        -7.9932083049 
        2.4100001000        30.0031237009 
        2.4150000000        37.6023901021 
        2.4200000000        94.5968881108 
        2.4250000000      -129.5814707235 
        2.4300000000       227.5840501310 
        2.4350000000       -83.9858723165 
        2.4400000000       -11.7928415055 
        2.4450000000      -175.1770691304 
        2.4500000000         3.4056912968 
        2.4550000000       113.5950541137 
        2.4600000000       -61.1880731130 
        2.4650000000       121.1943205148 
        2.4700000000       -34.5906407090 
        2.4750000000       -99.1844051188 
        2.4800000000      -114.3829379211 
        2.4850000000       -34.5906407090 
        2.4900000000       -91.5851387177 
        2.4950000000      -110.5833047206 
        2.5000000000        18.6042240992 
        2.5050000000        45.2016565032 
        2.5100000000         3.4056912968 
        2.5150000000       -42.1899071101 
        2.5200000000        98.3965213113 
        2.5250000000       -26.9913743078 
        2.5300000000       -42.1899071101 
        2.5350001000       117.3946873142 
        2.5400000000       -11.7928415055 
        2.5450000000      -220.7726675374 
        2.5500000000       250.3818493345 
        2.5550000000        67.9994557067 
        2.5600000000      -110.5833047206 
        2.5650000000       -64.9877063136 
        2.5700000000        94.5968881108 
        2.5750000000       102.1961545119 
        2.5800000000        -0.3939419037 
        2.5850000000       200.9866177270 
        2.5900000000        26.2034905003 
        2.5950000000      -224.5723007380 
        2.6000000000        22.4038572997 
        2.6050000000        52.8009229044 
        2.6100000000       -61.1880731130 
        2.6150000000       -42.1899071101 
        2.6200000000        52.8009229044 
        2.6250000000       -53.5888067119 
        2.6300000000         7.2053244974 
        2.6350000000        11.0049576980 
        2.6400000000        41.4020233026 
        2.6450000000      -144.7800035258 
        2.6500000000        14.8045908986 
        2.6550000000        37.6023901021 
        2.6600001000      -159.9785363281 
        2.6650000000       -91.5851387177 
        2.6700000000       117.3946873142 
        2.6750000000       -38.3902739095 
        2.6800000000       -76.3866059153 
        2.6850000000       -19.3921079066 
        2.6900000000        -7.9932083049 
        2.6950000000      -129.5814707235 
        2.7000000000        14.8045908986 
        2.7050000000        56.6005561050 
        2.7100000000       219.9847837299 
        2.7150000000       -45.9895403107 
        2.7200000000        60.4001893055 
        2.7250000000       -23.1917411072 
        2.7300000000      -129.5814707235 
        2.7350000000        -7.9932083049 
        2.7400000000       -26.9913743078 
        2.7450000000       -11.7928415055 
        2.7500000000       -49.7891735113 
        2.7550000000        33.8027569015 
        2.7600000000       204.7862509276 
        2.7650000000         7.2053244974 
        2.7700000000        83.1979885090 
        2.7750000000      -121.9822043223 
        2.7800000000        -7.9932083049 
        2.7850001000       261.7807489363 
        2.7900000000        56.6005561050 
        2.7950000000      -175.1770691304 
        2.8000000000        37.6023901021 
        2.8050000000        18.6042240992 
        2.8100000000       -72.5869727148 
        2.8150000000       -38.3902739095 
        2.8200000000       136.3928533171 
        2.8250000000      -216.9730343368 
        2.8300000000       155.3910193200 
        2.8350000000        14.8045908986 
        2.8400000000       -45.9895403107 
        2.8450000000      -102.9840383194 
        2.8500000000        14.8045908986 
        2.8550000000       390.9682777560 
        2.8600000000      -125.7818375229 
        2.8650000000        86.9976217096 
        2.8700000000        67.9994557067 
        2.8750000000       -91.5851387177 
        2.8800000000        14.8045908986 
        2.8850000000        33.8027569015 
        2.8900000000       -34.5906407090 
        2.8950000000      -148.5796367264 
        2.9000000000       -19.3921079066 
        2.9050000000        37.6023901021 
        2.9100001000       -68.7873395142 
        2.9150000000        14.8045908986 
        2.9200000000        83.1979885090 
        2.9250000000       -72.5869727148 
        2.9300000000        52.8009229044 
        2.9350000000        71.7990889073 
        2.9400000000        49.0012897038 
        2.9450000000       -68.7873395142 
        2.9500000000       -30.7910075084 
        2.9550000000        49.0012897038 
        2.9600000000       -30.7910075084 
        2.9650000000        14.8045908986 
        2.9700000000        37.6023901021 
        2.9750000000      -156.1789031275 
        2.9800000000       -76.3866059153 
        2.9850000000        22.4038572997 
        2.9900000000        60.4001893055 
        2.9950000000       162.9902857212 
