           Time[sec] \omega_{gyro}[deg/sec] 
        0.0000000000       147.7917529189 
        0.0050000000       -38.3902739095 
        0.0100000000         3.4056912968 
        0.0150000000         3.4056912968 
        0.0200000000        11.0049576980 
        0.0250000000         7.2053244974 
        0.0300000000        49.0012897038 
        0.0350000000        67.9994557067 
        0.0400000000        -7.9932083049 
        0.0450000000       -30.7910075084 
        0.0500000000        18.6042240992 
        0.0550000000       -61.1880731130 
        0.0600000000        33.8027569015 
        0.0650000000        11.0049576980 
        0.0700000000        60.4001893055 
        0.0750000000       -87.7855055171 
        0.0800000000        56.6005561050 
        0.0850000000        52.8009229044 
        0.0900000000       -57.3884399124 
        0.0950000000        67.9994557067 
        0.1000000000       -19.3921079066 
        0.1050000000      -148.5796367264 
        0.1100000000         7.2053244974 
        0.1150000000        14.8045908986 
        0.1200000000       -26.9913743078 
        0.1250000000        -4.1935751043 
        0.1300000000       -95.3847719182 
        0.1350000000        52.8009229044 
        0.1400000000       -61.1880731130 
        0.1450000000       -30.7910075084 
        0.1500000000         3.4056912968 
        0.1550000000       -68.7873395142 
        0.1600000000        33.8027569015 
        0.1650000000       -11.7928415055 
        0.1700000000         7.2053244974 
        0.1750000000       -19.3921079066 
        0.1800001000        -7.9932083049 
        0.1850000000        98.3965213113 
        0.1900000000       -45.9895403107 
        0.1950000000       -45.9895403107 
        0.2000000000        14.8045908986 
        0.2050000000       -68.7873395142 
        0.2100000000        14.8045908986 
        0.2150000000        -7.9932083049 
        0.2200019000        22.4038572997 
        0.2250000000       -19.3921079066 
        0.2300000000       -34.5906407090 
        0.2350000000        -4.1935751043 
        0.2400000000       -42.1899071101 
        0.2450000000      -102.9840383194 
        0.2500000000        11.0049576980 
        0.2550000000        -7.9932083049 
        0.2600018000        26.2034905003 
        0.2650000000        -7.9932083049 
        0.2700000000         3.4056912968 
        0.2750000000        -4.1935751043 
        0.2800000000         3.4056912968 
        0.2850000000       -19.3921079066 
        0.2900001000       -72.5869727148 
        0.2950000000        71.7990889073 
        0.3000000000        18.6042240992 
        0.3050000000       -11.7928415055 
        0.3100000000        18.6042240992 
        0.3150000000       -49.7891735113 
        0.3200000000        14.8045908986 
        0.3250000000        -0.3939419037 
        0.3300000000        41.4020233026 
        0.3350000000        67.9994557067 
        0.3400000000       -80.1862391159 
        0.3450025000        22.4038572997 
        0.3500000000        22.4038572997 
        0.3550000000       -61.1880731130 
        0.3600000000       109.7954209131 
        0.3650000000        52.8009229044 
        0.3700000000         7.2053244974 
        0.3750000000       -23.1917411072 
        0.3800000000      -118.1825711217 
        0.3850000000        75.5987221079 
        0.3900000000      -102.9840383194 
        0.3950000000        64.1998225061 
        0.4000000000        -4.1935751043 
        0.4050000000        33.8027569015 
        0.4100000000        -4.1935751043 
        0.4150001000       -19.3921079066 
        0.4200000000       -11.7928415055 
        0.4250000000       -57.3884399124 
        0.4300000000        49.0012897038 
        0.4350000000        67.9994557067 
        0.4400000000         3.4056912968 
        0.4450000000        41.4020233026 
        0.4500000000         3.4056912968 
        0.4550000000       -95.3847719182 
        0.4600000000        52.8009229044 
        0.4650000000        14.8045908986 
        0.4700000000       -49.7891735113 
        0.4750000000        14.8045908986 
        0.4800000000        26.2034905003 
        0.4850000000       166.7899189218 
        0.4900000000      -114.3829379211 
        0.4950000000       -49.7891735113 
        0.5000000000         3.4056912968 
        0.5050000000         3.4056912968 
        0.5100000000      -171.3774359298 
        0.5150000000       -19.3921079066 
        0.5200000000        22.4038572997 
        0.5250000000       -38.3902739095 
        0.5300000000       -15.5924747061 
        0.5350000000       128.7935869160 
        0.5400000000       -49.7891735113 
        0.5450000000        -7.9932083049 
        0.5500000000        -0.3939419037 
        0.5550000000         7.2053244974 
        0.5600000000       -83.9858723165 
        0.5650000000       -23.1917411072 
        0.5700000000        49.0012897038 
        0.5750001000       -61.1880731130 
        0.5800000000       -19.3921079066 
        0.5850000000        37.6023901021 
        0.5900000000       -61.1880731130 
        0.5950000000        67.9994557067 
        0.6000000000       -11.7928415055 
        0.6050000000        14.8045908986 
        0.6100000000      -159.9785363281 
        0.6150009000         3.4056912968 
        0.6200000000        45.2016565032 
        0.6250000000       -53.5888067119 
        0.6300000000       -38.3902739095 
        0.6350000000        52.8009229044 
        0.6400000000       -83.9858723165 
        0.6450000000        52.8009229044 
        0.6500000000        11.0049576980 
        0.6550000000        26.2034905003 
        0.6600000000      -129.5814707235 
        0.6650000000        52.8009229044 
        0.6700000000         3.4056912968 
        0.6750000000       -57.3884399124 
        0.6800000000        33.8027569015 
        0.6850000000       102.1961545119 
        0.6900000000       -72.5869727148 
        0.6950000000      -118.1825711217 
        0.7000001000        18.6042240992 
        0.7050000000       -83.9858723165 
        0.7100000000        14.8045908986 
        0.7150000000        22.4038572997 
        0.7200000000        30.0031237009 
        0.7250000000        79.3983553084 
        0.7300000000       -68.7873395142 
        0.7350000000       121.1943205148 
        0.7400000000      -114.3829379211 
        0.7450000000       -53.5888067119 
        0.7500000000        -7.9932083049 
        0.7550000000         3.4056912968 
        0.7600000000        71.7990889073 
        0.7650000000         3.4056912968 
        0.7700030000        71.7990889073 
        0.7750000000        18.6042240992 
        0.7800000000        45.2016565032 
        0.7850000000        71.7990889073 
        0.7900000000      -137.1807371246 
        0.7950000000        56.6005561050 
        0.8000000000        18.6042240992 
        0.8050000000       -68.7873395142 
        0.8100000000       -38.3902739095 
        0.8150000000       -11.7928415055 
        0.8200000000        98.3965213113 
        0.8250001000       -19.3921079066 
        0.8300000000       -38.3902739095 
        0.8350000000        71.7990889073 
        0.8400000000         7.2053244974 
        0.8450000000        14.8045908986 
        0.8500000000       -30.7910075084 
        0.8550000000        -4.1935751043 
        0.8600000000        45.2016565032 
        0.8650000000        30.0031237009 
        0.8700000000        71.7990889073 
        0.8750000000       -26.9913743078 
        0.8800000000       -23.1917411072 
        0.8850000000        30.0031237009 
        0.8900000000       -23.1917411072 
        0.8950000000       -49.7891735113 
        0.9000000000        22.4038572997 
        0.9050000000        26.2034905003 
        0.9100000000      -118.1825711217 
        0.9150000000       -23.1917411072 
        0.9200000000        86.9976217096 
        0.9250000000       -23.1917411072 
        0.9300000000       -42.1899071101 
        0.9350000000       212.3855173287 
        0.9400000000       -38.3902739095 
        0.9450000000        30.0031237009 
        0.9500001000        18.6042240992 
        0.9550000000        -4.1935751043 
        0.9600000000        22.4038572997 
        0.9650000000        -7.9932083049 
        0.9700000000       216.1851505293 
        0.9750000000       -57.3884399124 
        0.9800000000       -61.1880731130 
        0.9850000000       113.5950541137 
        0.9900000000       -87.7855055171 
        0.9950000000        18.6042240992 
        1.0000000000       -11.7928415055 
        1.0050000000       -64.9877063136 
        1.0100000000        -4.1935751043 
        1.0150000000        18.6042240992 
        1.0200001000        56.6005561050 
        1.0250000000         3.4056912968 
        1.0300000000        -7.9932083049 
        1.0350000000         3.4056912968 
        1.0400000000       -64.9877063136 
        1.0450000000       -57.3884399124 
        1.0500000000         7.2053244974 
        1.0550000000         3.4056912968 
        1.0600000000        22.4038572997 
        1.0650000000         3.4056912968 
        1.0700000000       105.9957877125 
        1.0750000000        -7.9932083049 
        1.0800000000        41.4020233026 
        1.0850000000       -68.7873395142 
        1.0900000000       -68.7873395142 
        1.0950000000        14.8045908986 
        1.1000000000         7.2053244974 
        1.1050000000        49.0012897038 
        1.1100000000        45.2016565032 
        1.1150000000       -23.1917411072 
        1.1200000000        49.0012897038 
        1.1250000000       -38.3902739095 
        1.1300000000        26.2034905003 
        1.1350000000       113.5950541137 
        1.1400000000       -68.7873395142 
        1.1450001000         7.2053244974 
        1.1500000000        11.0049576980 
        1.1550000000      -110.5833047206 
        1.1600000000        -4.1935751043 
        1.1650000000       -11.7928415055 
        1.1700000000        37.6023901021 
        1.1750000000        -7.9932083049 
        1.1800000000        14.8045908986 
        1.1850000000       -30.7910075084 
        1.1900000000       -23.1917411072 
        1.1950000000       -80.1862391159 
        1.2000000000       -19.3921079066 
        1.2050000000       -68.7873395142 
        1.2100000000       -42.1899071101 
        1.2150000000       -23.1917411072 
        1.2200000000        -4.1935751043 
        1.2250000000       -38.3902739095 
        1.2300000000        -7.9932083049 
        1.2350000000        22.4038572997 
        1.2400000000      -190.3756019327 
        1.2450000000        49.0012897038 
        1.2500000000       128.7935869160 
        1.2550000000        11.0049576980 
        1.2600000000       -34.5906407090 
        1.2650000000        33.8027569015 
        1.2700001000        98.3965213113 
        1.2750000000        49.0012897038 
        1.2800000000        56.6005561050 
        1.2850000000       197.1869845264 
        1.2900000000       -53.5888067119 
        1.2950000000       -23.1917411072 
        1.3000000000       -64.9877063136 
        1.3050000000         3.4056912968 
        1.3100012000      -110.5833047206 
        1.3150000000        41.4020233026 
        1.3200000000        79.3983553084 
        1.3250000000       -19.3921079066 
        1.3300000000        49.0012897038 
        1.3350000000        83.1979885090 
        1.3400000000       -68.7873395142 
        1.3450000000       -38.3902739095 
        1.3500000000       -53.5888067119 
        1.3550000000       -23.1917411072 
        1.3600000000        45.2016565032 
        1.3650000000       -23.1917411072 
        1.3700000000       109.7954209131 
        1.3750000000       -26.9913743078 
        1.3800000000        22.4038572997 
        1.3850000000        64.1998225061 
        1.3900000000       -42.1899071101 
        1.3950001000       -11.7928415055 
        1.4000000000       -11.7928415055 
        1.4050000000        30.0031237009 
        1.4100000000        49.0012897038 
        1.4150000000        22.4038572997 
        1.4200000000        41.4020233026 
        1.4250000000       -34.5906407090 
        1.4300000000        49.0012897038 
        1.4350000000        14.8045908986 
        1.4400000000       -99.1844051188 
        1.4450000000        -7.9932083049 
        1.4500000000       -11.7928415055 
        1.4550000000         3.4056912968 
        1.4600000000        67.9994557067 
        1.4650000000       -49.7891735113 
        1.4700000000        67.9994557067 
        1.4750000000       -83.9858723165 
        1.4800000000        -7.9932083049 
        1.4850000000       174.3891853229 
        1.4900000000       -80.1862391159 
        1.4950000000       -45.9895403107 
        1.5000000000       -19.3921079066 
        1.5050000000       -26.9913743078 
        1.5100000000        26.2034905003 
        1.5150000000        30.0031237009 
        1.5200001000        45.2016565032 
        1.5250000000         3.4056912968 
        1.5300000000        -0.3939419037 
        1.5350000000        79.3983553084 
        1.5400001000       -68.7873395142 
        1.5450000000        -4.1935751043 
        1.5500000000         3.4056912968 
        1.5550000000       -15.5924747061 
        1.5600017000        -7.9932083049 
        1.5650000000       -38.3902739095 
        1.5700000000        52.8009229044 
        1.5750000000       -45.9895403107 
        1.5800000000       -11.7928415055 
        1.5850000000       174.3891853229 
        1.5900000000       -83.9858723165 
        1.5950000000        33.8027569015 
        1.6000000000       -61.1880731130 
        1.6050000000        22.4038572997 
        1.6100000000       -76.3866059153 
        1.6150000000        18.6042240992 
        1.6200000000        45.2016565032 
        1.6250000000       -49.7891735113 
        1.6300000000        -4.1935751043 
        1.6350000000        64.1998225061 
        1.6400000000       -11.7928415055 
        1.6450001000        64.1998225061 
        1.6500000000         3.4056912968 
        1.6550017000         7.2053244974 
        1.6600000000       105.9957877125 
        1.6650001000       -23.1917411072 
        1.6700000000        45.2016565032 
        1.6750000000         3.4056912968 
        1.6800000000        64.1998225061 
        1.6850000000        52.8009229044 
        1.6900000000       -11.7928415055 
        1.6950000000        33.8027569015 
        1.7000000000       -34.5906407090 
        1.7050000000        67.9994557067 
        1.7100000000         3.4056912968 
        1.7150000000        14.8045908986 
        1.7200000000         7.2053244974 
        1.7250000000       -45.9895403107 
        1.7300000000       -45.9895403107 
        1.7350000000        56.6005561050 
        1.7400000000       -11.7928415055 
        1.7450000000       -61.1880731130 
        1.7500000000       -34.5906407090 
        1.7550000000        -4.1935751043 
        1.7600005000       -42.1899071101 
        1.7650000000        56.6005561050 
        1.7700001000       -15.5924747061 
        1.7750000000       -68.7873395142 
        1.7800000000        -7.9932083049 
        1.7850000000       349.1723125496 
        1.7900001000       -57.3884399124 
        1.7950000000       -26.9913743078 
        1.8000000000        -7.9932083049 
        1.8050000000        22.4038572997 
        1.8100000000        -4.1935751043 
        1.8150000000        26.2034905003 
        1.8200004000       208.5858841282 
        1.8250000000       -45.9895403107 
        1.8300000000        -7.9932083049 
        1.8350000000       151.5913861195 
        1.8400000000       -57.3884399124 
        1.8450000000        26.2034905003 
        1.8500000000         3.4056912968 
        1.8550000000       170.5895521224 
        1.8600000000        64.1998225061 
        1.8650000000        52.8009229044 
        1.8700000000       155.3910193200 
        1.8750000000       -19.3921079066 
        1.8800000000        41.4020233026 
        1.8850000000       109.7954209131 
        1.8900000000       -15.5924747061 
        1.8950001000        14.8045908986 
        1.9000000000       -15.5924747061 
        1.9050000000       -11.7928415055 
        1.9100000000        33.8027569015 
        1.9150001000        -7.9932083049 
        1.9200005000         7.2053244974 
        1.9250000000       -19.3921079066 
        1.9300000000       -68.7873395142 
        1.9350000000        98.3965213113 
        1.9400000000        26.2034905003 
        1.9450000000        67.9994557067 
        1.9500000000       -26.9913743078 
        1.9550000000        -7.9932083049 
        1.9600000000       -30.7910075084 
        1.9650000000       -53.5888067119 
        1.9700000000       128.7935869160 
        1.9750000000       -53.5888067119 
        1.9800000000        83.1979885090 
        1.9850000000        98.3965213113 
        1.9900000000       -57.3884399124 
        1.9950000000       -57.3884399124 
        2.0000000000         7.2053244974 
        2.0050000000        -7.9932083049 
        2.0100000000       -38.3902739095 
        2.0150000000        79.3983553084 
        2.0200001000         7.2053244974 
        2.0250000000       -61.1880731130 
        2.0300000000        45.2016565032 
        2.0350000000        14.8045908986 
        2.0400001000        -7.9932083049 
        2.0450000000       -72.5869727148 
        2.0500000000       -38.3902739095 
        2.0550000000        -4.1935751043 
        2.0600000000       -49.7891735113 
        2.0650000000       -57.3884399124 
        2.0700000000        37.6023901021 
        2.0750000000         3.4056912968 
        2.0800000000       -11.7928415055 
        2.0850000000        41.4020233026 
        2.0900000000       -68.7873395142 
        2.0950000000         3.4056912968 
        2.1000000000       -72.5869727148 
        2.1050000000        -4.1935751043 
        2.1100000000       -83.9858723165 
        2.1150000000        52.8009229044 
        2.1200000000       -11.7928415055 
        2.1250000000        26.2034905003 
        2.1300000000         7.2053244974 
        2.1350000000       231.3836833316 
        2.1400000000       -87.7855055171 
        2.1450000000       113.5950541137 
        2.1500000000       -30.7910075084 
        2.1550000000        22.4038572997 
        2.1600000000       102.1961545119 
        2.1650000000        -0.3939419037 
        2.1700000000        41.4020233026 
        2.1750000000        18.6042240992 
        2.1800001000        49.0012897038 
        2.1850000000        79.3983553084 
        2.1900010000       -68.7873395142 
        2.1950000000       -23.1917411072 
        2.2000000000       -38.3902739095 
        2.2050000000       -45.9895403107 
        2.2100000000        -7.9932083049 
        2.2150000000        18.6042240992 
        2.2200000000       -19.3921079066 
        2.2250000000       -64.9877063136 
        2.2300109000        79.3983553084 
        2.2350000000       124.9939537154 
        2.2400000000       -15.5924747061 
        2.2450000000       -45.9895403107 
        2.2500000000        18.6042240992 
        2.2550000000        26.2034905003 
        2.2600000000        -7.9932083049 
        2.2650000000        22.4038572997 
        2.2700000000       128.7935869160 
        2.2750000000       -49.7891735113 
        2.2800000000       -38.3902739095 
        2.2850000000        33.8027569015 
        2.2900000000       -83.9858723165 
        2.2950000000       121.1943205148 
        2.3000000000       -19.3921079066 
        2.3050001000       -99.1844051188 
        2.3100000000         7.2053244974 
        2.3150000000        45.2016565032 
        2.3200000000        79.3983553084 
        2.3250000000       -53.5888067119 
        2.3300000000       -53.5888067119 
        2.3350000000        14.8045908986 
        2.3400000000       -68.7873395142 
        2.3450000000        49.0012897038 
        2.3500000000        14.8045908986 
        2.3550000000       -87.7855055171 
        2.3600000000       -91.5851387177 
        2.3650000000       -23.1917411072 
        2.3700016000       105.9957877125 
        2.3750000000       174.3891853229 
        2.3800000000       -45.9895403107 
        2.3850000000       -26.9913743078 
        2.3900000000       -80.1862391159 
        2.3950000000        52.8009229044 
        2.4000000000        37.6023901021 
        2.4050000000       -76.3866059153 
        2.4100000000        33.8027569015 
        2.4150000000        11.0049576980 
        2.4200000000        22.4038572997 
        2.4250000000       -57.3884399124 
        2.4300001000       -53.5888067119 
        2.4350000000        94.5968881108 
        2.4400000000       -83.9858723165 
        2.4450000000        52.8009229044 
        2.4500000000        22.4038572997 
        2.4550000000       -30.7910075084 
        2.4600000000       -68.7873395142 
        2.4650000000       -42.1899071101 
        2.4700000000        22.4038572997 
        2.4750000000       -53.5888067119 
        2.4800000000        49.0012897038 
        2.4850000000        -0.3939419037 
        2.4900000000       -53.5888067119 
        2.4950000000        -4.1935751043 
        2.5000000000       -11.7928415055 
        2.5050000000      -118.1825711217 
        2.5100000000       -57.3884399124 
        2.5150000000       -19.3921079066 
        2.5200000000        -0.3939419037 
        2.5250000000       -11.7928415055 
        2.5300000000       -34.5906407090 
        2.5350000000       159.1906525206 
        2.5400000000       -53.5888067119 
        2.5450000000        14.8045908986 
        2.5500000000       -15.5924747061 
        2.5550001000        -4.1935751043 
        2.5600000000       -76.3866059153 
        2.5650002000       -30.7910075084 
        2.5700000000        26.2034905003 
        2.5750000000       -42.1899071101 
        2.5800000000       -83.9858723165 
        2.5850000000        98.3965213113 
        2.5900000000       -34.5906407090 
        2.5950000000        64.1998225061 
        2.6000000000       -23.1917411072 
        2.6050000000       -83.9858723165 
        2.6100000000       -23.1917411072 
        2.6150000000        14.8045908986 
        2.6200000000       155.3910193200 
        2.6250000000       -53.5888067119 
        2.6300000000        41.4020233026 
        2.6350000000       -11.7928415055 
        2.6400000000      -102.9840383194 
        2.6450000000        37.6023901021 
        2.6500000000        -4.1935751043 
        2.6550000000         3.4056912968 
        2.6600000000       -19.3921079066 
        2.6650000000        64.1998225061 
        2.6700000000        83.1979885090 
        2.6750000000        45.2016565032 
        2.6800001000       105.9957877125 
        2.6850000000        90.7972549102 
        2.6900000000       -87.7855055171 
        2.6950000000       -91.5851387177 
        2.7000000000       -38.3902739095 
        2.7050000000      -106.7836715200 
        2.7100000000        41.4020233026 
        2.7150000000        33.8027569015 
        2.7200000000        37.6023901021 
        2.7250000000       -34.5906407090 
        2.7300000000        -4.1935751043 
        2.7350000000        83.1979885090 
        2.7400000000      -106.7836715200 
        2.7450000000        -0.3939419037 
        2.7500000000       -30.7910075084 
        2.7550000000       -68.7873395142 
        2.7600000000       -99.1844051188 
        2.7650000000       -38.3902739095 
        2.7700018000        52.8009229044 
        2.7750000000       -61.1880731130 
        2.7800000000       185.7880849247 
        2.7850000000        26.2034905003 
        2.7900000000       -19.3921079066 
        2.7950000000        26.2034905003 
        2.8000000000       -45.9895403107 
        2.8050001000       -99.1844051188 
        2.8100000000        26.2034905003 
        2.8150000000        26.2034905003 
        2.8200000000        64.1998225061 
        2.8250000000        -7.9932083049 
        2.8300000000        64.1998225061 
        2.8350000000        49.0012897038 
        2.8400000000       -95.3847719182 
        2.8450000000       -42.1899071101 
        2.8500000000        33.8027569015 
        2.8550000000        67.9994557067 
        2.8600000000        18.6042240992 
        2.8650000000       -45.9895403107 
        2.8700000000       -19.3921079066 
        2.8750000000       -15.5924747061 
        2.8800008000       -23.1917411072 
        2.8850000000       105.9957877125 
        2.8900000000       -64.9877063136 
        2.8950000000       -23.1917411072 
        2.9000000000        98.3965213113 
        2.9050000000      -129.5814707235 
        2.9100000000         7.2053244974 
        2.9150000000        64.1998225061 
        2.9200000000       -11.7928415055 
        2.9250000000       -23.1917411072 
        2.9300001000        33.8027569015 
        2.9350000000       -42.1899071101 
        2.9400000000         3.4056912968 
        2.9450000000         7.2053244974 
        2.9500000000        22.4038572997 
        2.9550000000      -137.1807371246 
        2.9600000000       -42.1899071101 
        2.9650000000       -45.9895403107 
        2.9700000000         3.4056912968 
        2.9750000000       -19.3921079066 
        2.9800000000        -0.3939419037 
        2.9850000000       124.9939537154 
        2.9900000000       -49.7891735113 
        2.9950000000         7.2053244974 
