           Time[sec] \omega_{gyro}[deg/sec] 
        0.0000000000         4.0461567040 
        0.0050000000         4.0461567040 
        0.0100000000        11.6549671097 
        0.0150000000         4.0461567040 
        0.0200000000        11.6549671097 
        0.0250000000         4.0461567040 
        0.0300000000       -11.1714641073 
        0.0350000000         4.0461567040 
        0.0400000000        -7.3670589045 
        0.0450000000        -3.5626537017 
        0.0500000000         4.0461567040 
        0.0550000000         0.2417515012 
        0.0600000000       -14.9758693101 
        0.0650000000        -7.3670589045 
        0.0700000000        15.4593723125 
        0.0750000000        11.6549671097 
        0.0800000000        83.9386659634 
        0.0850000000       506.2276434775 
        0.0900000000       844.8197065293 
        0.0950000000       783.9492232840 
        0.1000000000       745.9051712557 
        0.1050000000       730.6875504444 
        0.1100000000       696.4479036189 
        0.1150000000       650.7950411850 
        0.1200000000       608.9465839539 
        0.1250000000       582.3157475341 
        0.1300000000       555.6849111143 
        0.1350000000       536.6628851001 
        0.1400000000       544.2716955058 
        0.1450000000       586.1201527369 
        0.1500000000       620.3597995624 
        0.1550000000       681.2302828076 
        0.1600000000       685.0346880104 
        0.1650000000       685.0346880104 
        0.1700000000       700.2523088218 
        0.1750000000       673.6214724020 
        0.1800001000       704.0567140246 
        0.1850000000       696.4479036189 
        0.1900000000       704.0567140246 
        0.1950000000       742.1007660529 
        0.2000000000       730.6875504444 
        0.2050000000       711.6655244302 
        0.2100001000       734.4919556472 
        0.2150000000       730.6875504444 
        0.2200000000       753.5139816614 
        0.2250000000       745.9051712557 
        0.2300000000       761.1227920670 
        0.2350000000       764.9271972699 
        0.2400001000       757.3183868642 
        0.2450000000       745.9051712557 
        0.2500000000       761.1227920670 
        0.2550000000       753.5139816614 
        0.2600000000       776.3404128783 
        0.2650000000       787.7536284868 
        0.2700000000       761.1227920670 
        0.2750000000       780.1448180812 
        0.2800000000       787.7536284868 
        0.2850000000       783.9492232840 
        0.2900001000       806.7756545010 
        0.2950000000       791.5580336897 
        0.3000000000       799.1668440953 
        0.3050000000       810.5800597038 
        0.3100000000       818.1888701095 
        0.3150000000       818.1888701095 
        0.3200000000       818.1888701095 
        0.3250000000       825.7976805151 
        0.3300000000       841.0153013264 
        0.3350000000       825.7976805151 
        0.3400000000       829.6020857180 
        0.3450000000       821.9932753123 
        0.3500001000       833.4064909208 
        0.3550001000       841.0153013264 
        0.3600000000       863.8417325434 
        0.3650000000       837.2108961236 
        0.3700000000       848.6241117321 
        0.3750000000       848.6241117321 
        0.3800000000       829.6020857180 
        0.3850000000       837.2108961236 
        0.3900000000       852.4285169349 
        0.3950000000       860.0373273406 
        0.4000000000       821.9932753123 
        0.4050000000       852.4285169349 
        0.4100000000       875.2549481519 
        0.4150001000       852.4285169349 
        0.4200001000       848.6241117321 
        0.4250000000       863.8417325434 
        0.4300000000       871.4505429491 
        0.4350000000       875.2549481519 
        0.4400000000       871.4505429491 
        0.4450000000       860.0373273406 
        0.4500000000       863.8417325434 
        0.4550000000       894.2769741661 
        0.4600000000       894.2769741661 
        0.4650000000       856.2329221378 
        0.4700000000       856.2329221378 
        0.4750001000       879.0593533547 
        0.4800001000       886.6681637604 
        0.4850000000       879.0593533547 
        0.4900000000       886.6681637604 
        0.4950000000       879.0593533547 
        0.5000000000       882.8637585576 
        0.5050000000       879.0593533547 
        0.5100000000       882.8637585576 
        0.5150000000       886.6681637604 
        0.5200000000       913.2990001802 
        0.5250000000       898.0813793689 
        0.5300000000       882.8637585576 
        0.5350000000       898.0813793689 
        0.5400000000       890.4725689632 
        0.5450000000       905.6901897745 
        0.5500000000       909.4945949774 
        0.5550000000       913.2990001802 
        0.5600000000       909.4945949774 
        0.5650000000       909.4945949774 
        0.5700001000       909.4945949774 
        0.5750001000       905.6901897745 
        0.5800015000       913.2990001802 
        0.5850000000       913.2990001802 
        0.5900000000       928.5166209915 
        0.5950000000       909.4945949774 
        0.6000000000       905.6901897745 
        0.6050000000       913.2990001802 
        0.6100000000       909.4945949774 
        0.6150000000       913.2990001802 
        0.6200000000       905.6901897745 
        0.6250000000       901.8857845717 
        0.6300000000       913.2990001802 
        0.6350000000       917.1034053830 
        0.6400000000       905.6901897745 
        0.6450000000       917.1034053830 
        0.6500000000       917.1034053830 
        0.6550000000       928.5166209915 
        0.6600000000       917.1034053830 
        0.6650000000       898.0813793689 
        0.6700000000       917.1034053830 
        0.6750000000       917.1034053830 
        0.6800000000       924.7122157887 
        0.6850000000       909.4945949774 
        0.6900000000       909.4945949774 
        0.6950001000       905.6901897745 
        0.7000001000       898.0813793689 
        0.7050001000       894.2769741661 
        0.7100000000       913.2990001802 
        0.7150000000       909.4945949774 
        0.7200000000       928.5166209915 
        0.7250000000       905.6901897745 
        0.7300000000       905.6901897745 
        0.7350000000       913.2990001802 
        0.7400000000       943.7342418028 
        0.7450000000       932.3210261943 
        0.7500000000       909.4945949774 
        0.7550000000       905.6901897745 
        0.7600000000       905.6901897745 
        0.7650000000       920.9078105859 
        0.7700000000       917.1034053830 
        0.7750000000       917.1034053830 
        0.7800000000       909.4945949774 
        0.7850000000       913.2990001802 
        0.7900000000       924.7122157887 
        0.7950000000       928.5166209915 
        0.8000000000       909.4945949774 
        0.8050000000       928.5166209915 
        0.8100000000       913.2990001802 
        0.8150000000       913.2990001802 
        0.8200001000       894.2769741661 
        0.8250001000       913.2990001802 
        0.8300001000       913.2990001802 
        0.8350001000       928.5166209915 
        0.8400000000       913.2990001802 
        0.8450000000       913.2990001802 
        0.8500000000       913.2990001802 
        0.8550000000       924.7122157887 
        0.8600000000       905.6901897745 
        0.8650000000       901.8857845717 
        0.8700000000       917.1034053830 
        0.8750000000       909.4945949774 
        0.8800000000       913.2990001802 
        0.8850000000       909.4945949774 
        0.8900000000       913.2990001802 
        0.8950000000       917.1034053830 
        0.9000000000       917.1034053830 
        0.9050000000       913.2990001802 
        0.9100000000       913.2990001802 
        0.9150000000       913.2990001802 
        0.9200000000       936.1254313972 
        0.9250000000       909.4945949774 
        0.9300000000       920.9078105859 
        0.9350000000       917.1034053830 
        0.9400000000       924.7122157887 
        0.9450001000       924.7122157887 
        0.9500001000       909.4945949774 
        0.9550001000       928.5166209915 
        0.9600001000       947.5386470057 
        0.9650000000       936.1254313972 
        0.9700000000       928.5166209915 
        0.9750000000       920.9078105859 
        0.9800000000       928.5166209915 
        0.9850000000       939.9298366000 
        0.9900000000       955.1474574113 
        0.9950000000       936.1254313972 
        1.0000000000       932.3210261943 
        1.0050000000       936.1254313972 
        1.0100001000       924.7122157887 
        1.0150000000       928.5166209915 
        1.0200001000       939.9298366000 
        1.0250000000       943.7342418028 
        1.0300000000       947.5386470057 
        1.0350000000       917.1034053830 
        1.0400000000       955.1474574113 
        1.0450000000       936.1254313972 
        1.0500000000       939.9298366000 
        1.0550000000       936.1254313972 
        1.0600000000       955.1474574113 
        1.0650000000       939.9298366000 
        1.0700000000       928.5166209915 
        1.0750000000       932.3210261943 
        1.0800000000       947.5386470057 
        1.0850000000       936.1254313972 
        1.0900000000       943.7342418028 
        1.0950000000       928.5166209915 
        1.1000000000       928.5166209915 
        1.1050000000       928.5166209915 
        1.1100000000       943.7342418028 
        1.1150000000       939.9298366000 
        1.1200000000       920.9078105859 
        1.1250000000       939.9298366000 
        1.1300000000       943.7342418028 
        1.1350001000       939.9298366000 
        1.1400000000       939.9298366000 
        1.1450001000       932.3210261943 
        1.1500000000       924.7122157887 
        1.1550001000       936.1254313972 
        1.1600000000       943.7342418028 
        1.1650000000       936.1254313972 
        1.1700000000       947.5386470057 
        1.1750000000       924.7122157887 
        1.1800000000       917.1034053830 
        1.1850000000       924.7122157887 
        1.1900000000       943.7342418028 
        1.1950000000       939.9298366000 
        1.2000000000       943.7342418028 
        1.2050000000       917.1034053830 
        1.2100000000       928.5166209915 
        1.2150000000       928.5166209915 
        1.2200000000       939.9298366000 
        1.2250000000       920.9078105859 
        1.2300000000       909.4945949774 
        1.2350000000       932.3210261943 
        1.2400000000       913.2990001802 
        1.2450000000       936.1254313972 
        1.2500000000       928.5166209915 
        1.2550000000       905.6901897745 
        1.2600001000       920.9078105859 
        1.2650000000       928.5166209915 
        1.2700001000       920.9078105859 
        1.2750000000       909.4945949774 
        1.2800001000       909.4945949774 
        1.2850000000       909.4945949774 
        1.2900000000       917.1034053830 
        1.2950000000       905.6901897745 
        1.3000000000       924.7122157887 
        1.3050000000       917.1034053830 
        1.3100000000       920.9078105859 
        1.3150000000       920.9078105859 
        1.3200000000       920.9078105859 
        1.3250000000       920.9078105859 
        1.3300000000       905.6901897745 
        1.3350000000       913.2990001802 
        1.3400000000       917.1034053830 
        1.3450000000       920.9078105859 
        1.3500000000       932.3210261943 
        1.3550000000       939.9298366000 
        1.3600000000       917.1034053830 
        1.3650000000       920.9078105859 
        1.3700000000       920.9078105859 
        1.3750000000       939.9298366000 
        1.3800000000       939.9298366000 
        1.3850001000       932.3210261943 
        1.3900000000       928.5166209915 
        1.3950001000       943.7342418028 
        1.4000000000       917.1034053830 
        1.4050001000       936.1254313972 
        1.4100000000       932.3210261943 
        1.4150000000       943.7342418028 
        1.4200000000       917.1034053830 
        1.4250000000       924.7122157887 
        1.4300000000       920.9078105859 
        1.4350000000       936.1254313972 
        1.4400000000       928.5166209915 
        1.4450000000       943.7342418028 
        1.4500000000       936.1254313972 
        1.4550000000       924.7122157887 
        1.4600000000       939.9298366000 
        1.4650000000       924.7122157887 
        1.4700000000       936.1254313972 
        1.4750000000       936.1254313972 
        1.4800000000       943.7342418028 
        1.4850000000       939.9298366000 
        1.4900000000       939.9298366000 
        1.4950000000       928.5166209915 
        1.5000000000       924.7122157887 
        1.5050000000       939.9298366000 
        1.5100001000       943.7342418028 
        1.5150000000       932.3210261943 
        1.5200001000       917.1034053830 
        1.5250000000       932.3210261943 
        1.5300001000       913.2990001802 
        1.5350000000       928.5166209915 
        1.5400001000       920.9078105859 
        1.5450000000       939.9298366000 
        1.5500000000       947.5386470057 
        1.5550000000       939.9298366000 
        1.5600000000       936.1254313972 
        1.5650000000       947.5386470057 
        1.5700000000       958.9518626141 
        1.5750000000       955.1474574113 
        1.5800000000       924.7122157887 
        1.5850000000       924.7122157887 
        1.5900000000       932.3210261943 
        1.5950000000       928.5166209915 
        1.6000000000       951.3430522085 
        1.6050000000       939.9298366000 
        1.6100000000       939.9298366000 
        1.6150000000       951.3430522085 
        1.6200000000       932.3210261943 
        1.6250000000       939.9298366000 
        1.6300000000       936.1254313972 
        1.6350001000       947.5386470057 
        1.6400000000       928.5166209915 
        1.6450001000       939.9298366000 
        1.6500000000       947.5386470057 
        1.6550001000       932.3210261943 
        1.6600000000       932.3210261943 
        1.6650001000       947.5386470057 
        1.6700000000       932.3210261943 
        1.6750000000       924.7122157887 
        1.6800000000       924.7122157887 
        1.6850000000       928.5166209915 
        1.6900000000       928.5166209915 
        1.6950000000       928.5166209915 
        1.7000000000       939.9298366000 
        1.7050000000       920.9078105859 
        1.7100000000       924.7122157887 
        1.7150000000       939.9298366000 
        1.7200000000       939.9298366000 
        1.7250000000       928.5166209915 
        1.7300000000       928.5166209915 
        1.7350000000       936.1254313972 
        1.7400000000       943.7342418028 
        1.7450000000       932.3210261943 
        1.7500000000       932.3210261943 
        1.7550000000       932.3210261943 
        1.7600001000       943.7342418028 
        1.7650000000       939.9298366000 
        1.7700001000       939.9298366000 
        1.7750000000       939.9298366000 
        1.7800001000       936.1254313972 
        1.7850000000       939.9298366000 
        1.7900001000       932.3210261943 
        1.7950000000       947.5386470057 
        1.8000000000       947.5386470057 
        1.8050000000       943.7342418028 
        1.8100000000       936.1254313972 
        1.8150000000       928.5166209915 
        1.8200000000       939.9298366000 
        1.8250000000       955.1474574113 
        1.8300000000       958.9518626141 
        1.8350000000       932.3210261943 
        1.8400000000       947.5386470057 
        1.8450000000       947.5386470057 
        1.8500000000       947.5386470057 
        1.8550000000       936.1254313972 
        1.8600000000       936.1254313972 
        1.8650000000       943.7342418028 
        1.8700000000       970.3650782226 
        1.8750000000       943.7342418028 
        1.8800000000       958.9518626141 
        1.8850001000       943.7342418028 
        1.8900000000       955.1474574113 
        1.8950001000       947.5386470057 
        1.9000000000       951.3430522085 
        1.9050001000       955.1474574113 
        1.9100000000       958.9518626141 
        1.9150001000       928.5166209915 
        1.9200000000       943.7342418028 
        1.9250000000       943.7342418028 
        1.9300000000       955.1474574113 
        1.9350000000       955.1474574113 
        1.9400000000       932.3210261943 
        1.9450000000       936.1254313972 
        1.9500000000       939.9298366000 
        1.9550000000       955.1474574113 
        1.9600000000       928.5166209915 
        1.9650000000       955.1474574113 
        1.9700000000       939.9298366000 
        1.9750000000       943.7342418028 
        1.9800000000       936.1254313972 
        1.9850000000       939.9298366000 
        1.9900000000       939.9298366000 
        1.9950000000       924.7122157887 
        2.0000000000       947.5386470057 
        2.0050000000       928.5166209915 
        2.0100000000       932.3210261943 
        2.0150001000       928.5166209915 
        2.0200001000       928.5166209915 
        2.0250000000       928.5166209915 
        2.0300000000       943.7342418028 
        2.0350001000       939.9298366000 
        2.0400004000       947.5386470057 
        2.0450000000       917.1034053830 
        2.0500000000       928.5166209915 
        2.0550000000       920.9078105859 
        2.0600000000       917.1034053830 
        2.0650000000       943.7342418028 
        2.0700000000       913.2990001802 
        2.0750000000       924.7122157887 
        2.0800000000       928.5166209915 
        2.0850000000       917.1034053830 
        2.0900000000       898.0813793689 
        2.0950000000       917.1034053830 
        2.1000000000       913.2990001802 
        2.1050000000       932.3210261943 
        2.1100000000       924.7122157887 
        2.1150000000       909.4945949774 
        2.1200000000       917.1034053830 
        2.1250000000       920.9078105859 
        2.1300000000       905.6901897745 
        2.1350000000       924.7122157887 
        2.1400001000       920.9078105859 
        2.1450000000       932.3210261943 
        2.1500000000       909.4945949774 
        2.1550000000       901.8857845717 
        2.1600001000       917.1034053830 
        2.1650000000       936.1254313972 
        2.1700000000       932.3210261943 
        2.1750000000       917.1034053830 
        2.1800001000       928.5166209915 
        2.1850000000       928.5166209915 
        2.1900000000       928.5166209915 
        2.1950000000       943.7342418028 
        2.2000000000       928.5166209915 
        2.2050000000       939.9298366000 
        2.2100000000       920.9078105859 
        2.2150000000       936.1254313972 
        2.2200000000       947.5386470057 
        2.2250000000       939.9298366000 
        2.2300000000       936.1254313972 
        2.2350000000       943.7342418028 
        2.2400000000       932.3210261943 
        2.2450000000       947.5386470057 
        2.2500000000       939.9298366000 
        2.2550000000       939.9298366000 
        2.2600000000       928.5166209915 
        2.2650001000       947.5386470057 
        2.2700000000       936.1254313972 
        2.2750000000       917.1034053830 
        2.2800000000       936.1254313972 
        2.2850001000       939.9298366000 
        2.2900000000       943.7342418028 
        2.2950000000       932.3210261943 
        2.3000000000       932.3210261943 
        2.3050001000       947.5386470057 
        2.3100013000       928.5166209915 
        2.3150000000       943.7342418028 
        2.3200000000       936.1254313972 
        2.3250000000       939.9298366000 
        2.3300000000       924.7122157887 
        2.3350000000       951.3430522085 
        2.3400000000       939.9298366000 
        2.3450000000       955.1474574113 
        2.3500000000       932.3210261943 
        2.3550000000       917.1034053830 
        2.3600000000       909.4945949774 
        2.3650000000       928.5166209915 
        2.3700000000       928.5166209915 
        2.3750000000       939.9298366000 
        2.3800000000       943.7342418028 
        2.3850000000       928.5166209915 
        2.3900001000       924.7122157887 
        2.3950000000       932.3210261943 
        2.4000000000       943.7342418028 
        2.4050000000       936.1254313972 
        2.4100001000       928.5166209915 
        2.4150000000       928.5166209915 
        2.4200000000       917.1034053830 
        2.4250006000       943.7342418028 
        2.4300001000       936.1254313972 
        2.4350000000       936.1254313972 
        2.4400000000       932.3210261943 
        2.4450000000       958.9518626141 
        2.4500000000       928.5166209915 
        2.4550000000       928.5166209915 
        2.4600000000       917.1034053830 
        2.4650000000       936.1254313972 
        2.4700000000       928.5166209915 
        2.4750000000       920.9078105859 
        2.4800000000       924.7122157887 
        2.4850000000       909.4945949774 
        2.4900000000       939.9298366000 
        2.4950000000       939.9298366000 
        2.5000000000       917.1034053830 
        2.5050000000       913.2990001802 
        2.5100000000       932.3210261943 
        2.5150001000       917.1034053830 
        2.5200000000       928.5166209915 
        2.5250000000       917.1034053830 
        2.5300000000       928.5166209915 
        2.5350001000       920.9078105859 
        2.5400000000       936.1254313972 
        2.5450000000       913.2990001802 
        2.5500000000       936.1254313972 
        2.5550001000       936.1254313972 
        2.5600000000       932.3210261943 
        2.5650000000       920.9078105859 
        2.5700000000       909.4945949774 
        2.5750000000       943.7342418028 
        2.5800000000       951.3430522085 
        2.5850000000       928.5166209915 
        2.5900000000       936.1254313972 
        2.5950000000       924.7122157887 
        2.6000000000       936.1254313972 
        2.6050000000       928.5166209915 
        2.6100000000       932.3210261943 
        2.6150000000       939.9298366000 
        2.6200000000       947.5386470057 
        2.6250000000       943.7342418028 
        2.6300000000       951.3430522085 
        2.6350000000       936.1254313972 
        2.6400001000       966.5606730198 
        2.6450000000       947.5386470057 
        2.6500000000       943.7342418028 
        2.6550000000       947.5386470057 
        2.6600001000       943.7342418028 
        2.6650000000       955.1474574113 
        2.6700000000       951.3430522085 
        2.6750000000       951.3430522085 
        2.6800001000       947.5386470057 
        2.6850000000       943.7342418028 
        2.6900016000       947.5386470057 
        2.6950000000       958.9518626141 
        2.7000000000       966.5606730198 
        2.7050000000       947.5386470057 
        2.7100000000       958.9518626141 
        2.7150000000       947.5386470057 
        2.7200000000       951.3430522085 
        2.7250000000       943.7342418028 
        2.7300000000       977.9738886283 
        2.7350000000       955.1474574113 
        2.7400000000       947.5386470057 
        2.7450000000       943.7342418028 
        2.7500000000       955.1474574113 
        2.7550000000       958.9518626141 
        2.7600000000       943.7342418028 
        2.7650001000       936.1254313972 
        2.7700000000       928.5166209915 
        2.7750000000       936.1254313972 
        2.7800000000       939.9298366000 
        2.7850001000       955.1474574113 
        2.7900000000       951.3430522085 
        2.7950000000       970.3650782226 
        2.8000000000       924.7122157887 
        2.8050001000       928.5166209915 
        2.8100000000       970.3650782226 
        2.8150000000       955.1474574113 
        2.8200000000       924.7122157887 
        2.8250000000       951.3430522085 
        2.8300000000       939.9298366000 
        2.8350000000       947.5386470057 
        2.8400000000       947.5386470057 
        2.8450000000       928.5166209915 
        2.8500000000       951.3430522085 
        2.8550000000       955.1474574113 
        2.8600000000       951.3430522085 
        2.8650000000       928.5166209915 
        2.8700000000       939.9298366000 
        2.8750000000       928.5166209915 
        2.8800000000       939.9298366000 
        2.8850000000       939.9298366000 
        2.8900001000       928.5166209915 
        2.8950000000       939.9298366000 
        2.9000000000       920.9078105859 
        2.9050000000       939.9298366000 
        2.9100001000       909.4945949774 
        2.9150000000       932.3210261943 
        2.9200000000       932.3210261943 
        2.9250000000       928.5166209915 
        2.9300001000       920.9078105859 
        2.9350000000       913.2990001802 
        2.9400000000       943.7342418028 
        2.9450000000       924.7122157887 
        2.9500000000       928.5166209915 
        2.9550000000       936.1254313972 
        2.9600000000       939.9298366000 
        2.9650000000       955.1474574113 
        2.9700000000       936.1254313972 
        2.9750000000       924.7122157887 
        2.9800000000       936.1254313972 
        2.9850000000       943.7342418028 
        2.9900000000       947.5386470057 
        2.9950000000       939.9298366000 
