           Time[sec] \omega_{gyro}[deg/sec] 
        0.0000000000         0.2417515012 
        0.0050000000       -11.1714641073 
        0.0100000000         0.2417515012 
        0.0150000000         0.2417515012 
        0.0200000000         0.2417515012 
        0.0250000000         7.8505619068 
        0.0300000000        23.0681827182 
        0.0350000000         4.0461567040 
        0.0400000000         0.2417515012 
        0.0450000000         0.2417515012 
        0.0500000000         0.2417515012 
        0.0550000000         7.8505619068 
        0.0600000000         0.2417515012 
        0.0650024000         7.8505619068 
        0.0700000000       -11.1714641073 
        0.0750000000        11.6549671097 
        0.0800000000         7.8505619068 
        0.0850000000        11.6549671097 
        0.0900000000        -3.5626537017 
        0.0950000000       -14.9758693101 
        0.1000000000        -3.5626537017 
        0.1050000000         7.8505619068 
        0.1100000000        -3.5626537017 
        0.1150000000         0.2417515012 
        0.1200000000        -7.3670589045 
        0.1250000000         4.0461567040 
        0.1300000000       -11.1714641073 
        0.1350000000        49.6990191380 
        0.1400000000       350.2470301615 
        0.1450000000       449.1615654350 
        0.1500000000       403.5087030011 
        0.1550000000       380.6822717841 
        0.1600000000       361.6602457700 
        0.1650000000       316.0073833360 
        0.1700000000       312.2029781332 
        0.1750000000       300.7897625247 
        0.1800001000       296.9853573219 
        0.1850000000       304.5941677275 
        0.1900000000       327.4205989445 
        0.1950000000       335.0294093502 
        0.2000000000       335.0294093502 
        0.2050000000       338.8338145530 
        0.2100000000       338.8338145530 
        0.2150000000       338.8338145530 
        0.2200000000       350.2470301615 
        0.2250000000       338.8338145530 
        0.2300000000       354.0514353643 
        0.2350000000       350.2470301615 
        0.2400000000       357.8558405671 
        0.2450000000       361.6602457700 
        0.2500000000       369.2690561756 
        0.2550000000       357.8558405671 
        0.2600000000       346.4426249586 
        0.2650000000       346.4426249586 
        0.2700000000       361.6602457700 
        0.2750000000       361.6602457700 
        0.2800000000       376.8778665813 
        0.2850000000       369.2690561756 
        0.2900001000       357.8558405671 
        0.2950000000       373.0734613784 
        0.3000000000       369.2690561756 
        0.3050000000       376.8778665813 
        0.3100000000       376.8778665813 
        0.3150000000       361.6602457700 
        0.3200000000       376.8778665813 
        0.3250000000       380.6822717841 
        0.3300000000       388.2910821898 
        0.3350000000       365.4646509728 
        0.3400010000       361.6602457700 
        0.3450000000       369.2690561756 
        0.3500000000       380.6822717841 
        0.3550000000       392.0954873926 
        0.3600000000       373.0734613784 
        0.3650000000       369.2690561756 
        0.3700000000       361.6602457700 
        0.3750000000       392.0954873926 
        0.3800000000       380.6822717841 
        0.3850000000       376.8778665813 
        0.3900000000       380.6822717841 
        0.3950000000       376.8778665813 
        0.4000000000       380.6822717841 
        0.4050000000       384.4866769869 
        0.4100000000       388.2910821898 
        0.4150001000       380.6822717841 
        0.4200000000       376.8778665813 
        0.4250000000       376.8778665813 
        0.4300000000       380.6822717841 
        0.4350000000       399.7042977983 
        0.4400000000       380.6822717841 
        0.4450000000       384.4866769869 
        0.4500000000       380.6822717841 
        0.4550000000       384.4866769869 
        0.4600000000       399.7042977983 
        0.4650000000       369.2690561756 
        0.4700000000       392.0954873926 
        0.4750000000       369.2690561756 
        0.4800000000       392.0954873926 
        0.4850000000       395.8998925954 
        0.4900000000       384.4866769869 
        0.4950000000       384.4866769869 
        0.5000000000       376.8778665813 
        0.5050000000       403.5087030011 
        0.5100000000       392.0954873926 
        0.5150000000       395.8998925954 
        0.5200000000       380.6822717841 
        0.5250000000       392.0954873926 
        0.5300000000       392.0954873926 
        0.5350000000       388.2910821898 
        0.5400000000       380.6822717841 
        0.5450000000       384.4866769869 
        0.5500000000       392.0954873926 
        0.5550000000       376.8778665813 
        0.5600000000       376.8778665813 
        0.5650000000       388.2910821898 
        0.5700001000       380.6822717841 
        0.5750000000       376.8778665813 
        0.5800001000       388.2910821898 
        0.5850005000       399.7042977983 
        0.5900000000       395.8998925954 
        0.5950000000       395.8998925954 
        0.6000000000       392.0954873926 
        0.6050000000       392.0954873926 
        0.6100000000       380.6822717841 
        0.6150000000       388.2910821898 
        0.6200000000       392.0954873926 
        0.6250000000       388.2910821898 
        0.6300000000       392.0954873926 
        0.6350000000       403.5087030011 
        0.6400007000       388.2910821898 
        0.6450000000       407.3131082039 
        0.6500000000       388.2910821898 
        0.6550000000       399.7042977983 
        0.6600000000       407.3131082039 
        0.6650000000       403.5087030011 
        0.6700000000       399.7042977983 
        0.6750000000       388.2910821898 
        0.6800000000       384.4866769869 
        0.6850000000       392.0954873926 
        0.6900000000       384.4866769869 
        0.6950001000       399.7042977983 
        0.7000000000       403.5087030011 
        0.7050001000       395.8998925954 
        0.7100000000       384.4866769869 
        0.7150000000       399.7042977983 
        0.7200000000       407.3131082039 
        0.7250000000       376.8778665813 
        0.7300001000       403.5087030011 
        0.7350000000       399.7042977983 
        0.7400000000       395.8998925954 
        0.7450000000       407.3131082039 
        0.7500000000       395.8998925954 
        0.7550000000       392.0954873926 
        0.7600001000       399.7042977983 
        0.7650000000       392.0954873926 
        0.7700000000       388.2910821898 
        0.7750000000       392.0954873926 
        0.7800004000       392.0954873926 
        0.7850000000       395.8998925954 
        0.7900000000       414.9219186096 
        0.7950000000       380.6822717841 
        0.8000000000       399.7042977983 
        0.8050000000       407.3131082039 
        0.8100000000       399.7042977983 
        0.8150000000       403.5087030011 
        0.8200001000       392.0954873926 
        0.8250000000       403.5087030011 
        0.8300001000       395.8998925954 
        0.8350000000       380.6822717841 
        0.8400000000       399.7042977983 
        0.8450000000       392.0954873926 
        0.8500000000       384.4866769869 
        0.8550000000       399.7042977983 
        0.8600000000       399.7042977983 
        0.8650000000       388.2910821898 
        0.8700000000       407.3131082039 
        0.8750000000       407.3131082039 
        0.8800000000       392.0954873926 
        0.8850000000       388.2910821898 
        0.8900000000       395.8998925954 
        0.8950000000       399.7042977983 
        0.9000000000       392.0954873926 
        0.9050000000       384.4866769869 
        0.9100000000       380.6822717841 
        0.9150000000       376.8778665813 
        0.9200000000       376.8778665813 
        0.9250000000       395.8998925954 
        0.9300000000       376.8778665813 
        0.9350000000       376.8778665813 
        0.9400000000       395.8998925954 
        0.9450001000       395.8998925954 
        0.9500000000       384.4866769869 
        0.9550001000       380.6822717841 
        0.9600000000       407.3131082039 
        0.9650000000       392.0954873926 
        0.9700000000       376.8778665813 
        0.9750000000       403.5087030011 
        0.9800000000       376.8778665813 
        0.9850000000       380.6822717841 
        0.9900000000       395.8998925954 
        0.9950000000       407.3131082039 
        1.0000000000       395.8998925954 
        1.0050000000       384.4866769869 
        1.0100001000       399.7042977983 
        1.0150000000       392.0954873926 
        1.0200000000       411.1175134067 
        1.0250000000       407.3131082039 
        1.0300000000       399.7042977983 
        1.0350000000       380.6822717841 
        1.0400000000       399.7042977983 
        1.0450000000       403.5087030011 
        1.0500000000       388.2910821898 
        1.0550000000       399.7042977983 
        1.0600000000       399.7042977983 
        1.0650000000       384.4866769869 
        1.0700000000       418.7263238124 
        1.0750000000       395.8998925954 
        1.0800000000       392.0954873926 
        1.0850000000       392.0954873926 
        1.0900000000       376.8778665813 
        1.0950000000       395.8998925954 
        1.1000000000       392.0954873926 
        1.1050000000       411.1175134067 
        1.1100000000       392.0954873926 
        1.1150000000       392.0954873926 
        1.1200000000       392.0954873926 
        1.1250000000       411.1175134067 
        1.1300000000       411.1175134067 
        1.1350001000       395.8998925954 
        1.1400000000       384.4866769869 
        1.1450000000       399.7042977983 
        1.1500000000       392.0954873926 
        1.1550000000       392.0954873926 
        1.1600000000       411.1175134067 
        1.1650000000       384.4866769869 
        1.1700000000       399.7042977983 
        1.1750000000       407.3131082039 
        1.1800000000       407.3131082039 
        1.1850000000       392.0954873926 
        1.1900000000       388.2910821898 
        1.1950000000       407.3131082039 
        1.2000000000       411.1175134067 
        1.2050000000       407.3131082039 
        1.2100000000       392.0954873926 
        1.2150000000       407.3131082039 
        1.2200000000       392.0954873926 
        1.2250000000       395.8998925954 
        1.2300000000       392.0954873926 
        1.2350000000       399.7042977983 
        1.2400000000       392.0954873926 
        1.2450000000       399.7042977983 
        1.2500000000       392.0954873926 
        1.2550000000       392.0954873926 
        1.2600001000       407.3131082039 
        1.2650000000       411.1175134067 
        1.2700000000       407.3131082039 
        1.2750000000       392.0954873926 
        1.2800000000       395.8998925954 
        1.2850000000       380.6822717841 
        1.2900000000       392.0954873926 
        1.2950000000       392.0954873926 
        1.3000000000       388.2910821898 
        1.3050000000       399.7042977983 
        1.3100000000       392.0954873926 
        1.3150000000       399.7042977983 
        1.3200000000       392.0954873926 
        1.3250000000       407.3131082039 
        1.3300000000       407.3131082039 
        1.3350000000       388.2910821898 
        1.3400000000       380.6822717841 
        1.3450000000       407.3131082039 
        1.3500000000       392.0954873926 
        1.3550000000       407.3131082039 
        1.3600009000       384.4866769869 
        1.3650000000       392.0954873926 
        1.3700000000       392.0954873926 
        1.3750000000       403.5087030011 
        1.3800000000       399.7042977983 
        1.3850001000       376.8778665813 
        1.3900000000       392.0954873926 
        1.3950000000       407.3131082039 
        1.4000000000       399.7042977983 
        1.4050000000       399.7042977983 
        1.4100000000       411.1175134067 
        1.4150000000       407.3131082039 
        1.4200000000       395.8998925954 
        1.4250000000       384.4866769869 
        1.4300000000       392.0954873926 
        1.4350000000       411.1175134067 
        1.4400000000       380.6822717841 
        1.4450000000       373.0734613784 
        1.4500000000       392.0954873926 
        1.4550000000       380.6822717841 
        1.4600000000       411.1175134067 
        1.4650000000       399.7042977983 
        1.4700035000       395.8998925954 
        1.4750000000       384.4866769869 
        1.4800004000       388.2910821898 
        1.4850007000       392.0954873926 
        1.4900000000       403.5087030011 
        1.4950000000       369.2690561756 
        1.5000000000       403.5087030011 
        1.5050000000       392.0954873926 
        1.5100001000       407.3131082039 
        1.5150000000       376.8778665813 
        1.5200005000       380.6822717841 
        1.5250000000       395.8998925954 
        1.5300000000       380.6822717841 
        1.5350000000       380.6822717841 
        1.5400001000       388.2910821898 
        1.5450000000       365.4646509728 
        1.5500000000       414.9219186096 
        1.5550000000       392.0954873926 
        1.5600000000       388.2910821898 
        1.5650007000       392.0954873926 
        1.5700000000       407.3131082039 
        1.5750000000       388.2910821898 
        1.5800000000       380.6822717841 
        1.5850000000       395.8998925954 
        1.5900000000       407.3131082039 
        1.5950000000       399.7042977983 
        1.6000000000       376.8778665813 
        1.6050000000       399.7042977983 
        1.6100000000       388.2910821898 
        1.6150000000       399.7042977983 
        1.6200000000       403.5087030011 
        1.6250000000       384.4866769869 
        1.6300000000       407.3131082039 
        1.6350001000       399.7042977983 
        1.6400000000       407.3131082039 
        1.6450000000       388.2910821898 
        1.6500000000       388.2910821898 
        1.6550000000       411.1175134067 
        1.6600000000       407.3131082039 
        1.6650005000       395.8998925954 
        1.6700000000       418.7263238124 
        1.6750000000       407.3131082039 
        1.6800000000       407.3131082039 
        1.6850000000       422.5307290152 
        1.6900000000       392.0954873926 
        1.6950000000       399.7042977983 
        1.7000000000       403.5087030011 
        1.7050000000       399.7042977983 
        1.7100000000       414.9219186096 
        1.7150000000       414.9219186096 
        1.7200009000       418.7263238124 
        1.7250002000       422.5307290152 
        1.7300000000       392.0954873926 
        1.7350000000       392.0954873926 
        1.7400000000       418.7263238124 
        1.7450000000       407.3131082039 
        1.7500000000       399.7042977983 
        1.7550000000       395.8998925954 
        1.7600001000       392.0954873926 
        1.7650000000       422.5307290152 
        1.7700000000       403.5087030011 
        1.7750000000       395.8998925954 
        1.7800000000       399.7042977983 
        1.7850000000       411.1175134067 
        1.7900001000       414.9219186096 
        1.7950000000       392.0954873926 
        1.8000000000       399.7042977983 
        1.8050000000       403.5087030011 
        1.8100005000       418.7263238124 
        1.8150000000       411.1175134067 
        1.8200000000       407.3131082039 
        1.8250006000       422.5307290152 
        1.8300000000       407.3131082039 
        1.8350000000       407.3131082039 
        1.8400000000       388.2910821898 
        1.8450000000       392.0954873926 
        1.8500000000       411.1175134067 
        1.8550000000       418.7263238124 
        1.8600000000       407.3131082039 
        1.8650000000       422.5307290152 
        1.8700006000       407.3131082039 
        1.8750000000       414.9219186096 
        1.8800000000       407.3131082039 
        1.8850001000       407.3131082039 
        1.8900004000       407.3131082039 
        1.8950000000       395.8998925954 
        1.9000000000       411.1175134067 
        1.9050000000       395.8998925954 
        1.9100000000       399.7042977983 
        1.9150003000       407.3131082039 
        1.9200000000       407.3131082039 
        1.9250000000       395.8998925954 
        1.9300006000       380.6822717841 
        1.9350000000       407.3131082039 
        1.9400000000       399.7042977983 
        1.9450000000       384.4866769869 
        1.9500000000       384.4866769869 
        1.9550000000       395.8998925954 
        1.9600000000       392.0954873926 
        1.9650000000       384.4866769869 
        1.9700000000       384.4866769869 
        1.9750012000       403.5087030011 
        1.9800000000       399.7042977983 
        1.9850023000       392.0954873926 
        1.9900000000       407.3131082039 
        1.9950000000       380.6822717841 
        2.0000000000       407.3131082039 
        2.0050000000       399.7042977983 
        2.0100000000       388.2910821898 
        2.0150001000       395.8998925954 
        2.0200009000       403.5087030011 
        2.0250000000       407.3131082039 
        2.0300000000       418.7263238124 
        2.0350000000       411.1175134067 
        2.0400001000       395.8998925954 
        2.0450000000       399.7042977983 
        2.0500000000       411.1175134067 
        2.0550000000       407.3131082039 
        2.0600000000       399.7042977983 
        2.0650000000       411.1175134067 
        2.0700000000       411.1175134067 
        2.0750000000       407.3131082039 
        2.0800000000       392.0954873926 
        2.0850000000       411.1175134067 
        2.0900000000       395.8998925954 
        2.0950000000       395.8998925954 
        2.1000000000       407.3131082039 
        2.1050000000       403.5087030011 
        2.1100000000       411.1175134067 
        2.1150007000       399.7042977983 
        2.1200000000       422.5307290152 
        2.1250000000       395.8998925954 
        2.1300002000       403.5087030011 
        2.1350000000       407.3131082039 
        2.1400001000       399.7042977983 
        2.1450000000       411.1175134067 
        2.1500000000       407.3131082039 
        2.1550000000       418.7263238124 
        2.1600000000       399.7042977983 
        2.1650000000       414.9219186096 
        2.1700000000       411.1175134067 
        2.1750007000       399.7042977983 
        2.1800001000       411.1175134067 
        2.1850000000       426.3351342181 
        2.1900009000       414.9219186096 
        2.1950000000       411.1175134067 
        2.2000000000       411.1175134067 
        2.2050000000       411.1175134067 
        2.2100000000       418.7263238124 
        2.2150000000       411.1175134067 
        2.2200000000       407.3131082039 
        2.2250000000       399.7042977983 
        2.2300000000       399.7042977983 
        2.2350000000       411.1175134067 
        2.2400000000       395.8998925954 
        2.2450000000       395.8998925954 
        2.2500000000       403.5087030011 
        2.2550000000       407.3131082039 
        2.2600000000       395.8998925954 
        2.2650001000       407.3131082039 
        2.2700000000       422.5307290152 
        2.2750000000       411.1175134067 
        2.2800000000       407.3131082039 
        2.2850000000       407.3131082039 
        2.2900000000       395.8998925954 
        2.2950000000       392.0954873926 
        2.3000000000       395.8998925954 
        2.3050001000       407.3131082039 
        2.3100000000       403.5087030011 
        2.3150000000       422.5307290152 
        2.3200000000       399.7042977983 
        2.3250000000       403.5087030011 
        2.3300000000       399.7042977983 
        2.3350000000       411.1175134067 
        2.3400000000       392.0954873926 
        2.3450001000       392.0954873926 
        2.3500000000       418.7263238124 
        2.3550000000       399.7042977983 
        2.3600000000       418.7263238124 
        2.3650000000       395.8998925954 
        2.3700000000       418.7263238124 
        2.3750000000       411.1175134067 
        2.3800000000       418.7263238124 
        2.3850000000       418.7263238124 
        2.3900001000       403.5087030011 
        2.3950000000       411.1175134067 
        2.4000000000       399.7042977983 
        2.4050000000       403.5087030011 
        2.4100000000       407.3131082039 
        2.4150000000       414.9219186096 
        2.4200000000       422.5307290152 
        2.4250013000       418.7263238124 
        2.4300001000       403.5087030011 
        2.4350000000       407.3131082039 
        2.4400000000       399.7042977983 
        2.4450000000       407.3131082039 
        2.4500000000       388.2910821898 
        2.4550000000       411.1175134067 
        2.4600000000       399.7042977983 
        2.4650000000       403.5087030011 
        2.4700000000       414.9219186096 
        2.4750000000       399.7042977983 
        2.4800000000       395.8998925954 
        2.4850000000       388.2910821898 
        2.4900000000       376.8778665813 
        2.4950000000       392.0954873926 
        2.5000000000       384.4866769869 
        2.5050000000       380.6822717841 
        2.5100000000       411.1175134067 
        2.5150001000       399.7042977983 
        2.5200000000       392.0954873926 
        2.5250000000       399.7042977983 
        2.5300000000       395.8998925954 
        2.5350000000       403.5087030011 
        2.5400000000       380.6822717841 
        2.5450000000       376.8778665813 
        2.5500000000       407.3131082039 
        2.5550001000       403.5087030011 
        2.5600000000       399.7042977983 
        2.5650000000       384.4866769869 
        2.5700000000       403.5087030011 
        2.5750000000       392.0954873926 
        2.5800000000       399.7042977983 
        2.5850000000       392.0954873926 
        2.5900000000       399.7042977983 
        2.5950000000       392.0954873926 
        2.6000000000       395.8998925954 
        2.6050000000       418.7263238124 
        2.6100000000       392.0954873926 
        2.6150000000       392.0954873926 
        2.6200000000       403.5087030011 
        2.6250000000       388.2910821898 
        2.6300000000       418.7263238124 
        2.6350000000       392.0954873926 
        2.6400001000       403.5087030011 
        2.6450000000       399.7042977983 
        2.6500000000       388.2910821898 
        2.6550000000       395.8998925954 
        2.6600000000       392.0954873926 
        2.6650000000       399.7042977983 
        2.6700000000       399.7042977983 
        2.6750000000       407.3131082039 
        2.6800001000       407.3131082039 
        2.6850000000       407.3131082039 
        2.6900000000       392.0954873926 
        2.6950000000       399.7042977983 
        2.7000000000       392.0954873926 
        2.7050000000       395.8998925954 
        2.7100000000       418.7263238124 
        2.7150000000       395.8998925954 
        2.7200010000       407.3131082039 
        2.7250000000       426.3351342181 
        2.7300000000       407.3131082039 
        2.7350000000       414.9219186096 
        2.7400000000       418.7263238124 
        2.7450000000       388.2910821898 
        2.7500000000       418.7263238124 
        2.7550000000       407.3131082039 
        2.7600000000       403.5087030011 
        2.7650001000       418.7263238124 
        2.7700000000       395.8998925954 
        2.7750000000       407.3131082039 
        2.7800000000       392.0954873926 
        2.7850000000       422.5307290152 
        2.7900000000       414.9219186096 
        2.7950000000       376.8778665813 
        2.8000000000       376.8778665813 
        2.8050001000       407.3131082039 
        2.8100000000       403.5087030011 
        2.8150000000       399.7042977983 
        2.8200000000       414.9219186096 
        2.8250000000       392.0954873926 
        2.8300000000       380.6822717841 
        2.8350000000       411.1175134067 
        2.8400000000       395.8998925954 
        2.8450008000       380.6822717841 
        2.8500000000       399.7042977983 
        2.8550000000       392.0954873926 
        2.8600000000       399.7042977983 
        2.8650000000       407.3131082039 
        2.8700000000       399.7042977983 
        2.8750000000       399.7042977983 
        2.8800010000       403.5087030011 
        2.8850006000       392.0954873926 
        2.8900001000       388.2910821898 
        2.8950007000       392.0954873926 
        2.9000000000       388.2910821898 
        2.9050000000       407.3131082039 
        2.9100000000       407.3131082039 
        2.9150000000       411.1175134067 
        2.9200000000       392.0954873926 
        2.9250000000       407.3131082039 
        2.9300001000       407.3131082039 
        2.9350000000       407.3131082039 
        2.9400000000       395.8998925954 
        2.9450000000       395.8998925954 
        2.9500000000       407.3131082039 
        2.9550000000       384.4866769869 
        2.9600000000       399.7042977983 
        2.9650000000       422.5307290152 
        2.9700000000       411.1175134067 
        2.9750000000       384.4866769869 
        2.9800000000       403.5087030011 
        2.9850000000       411.1175134067 
        2.9900000000       403.5087030011 
        2.9950004000       380.6822717841 
