           Time[sec] \omega_{gyro}[deg/sec] 
        0.0000000000      -201.7745015345 
        0.0050000000        -7.9932083049 
        0.0100000000       394.7679109566 
        0.0150000000       -68.7873395142 
        0.0200000000      -285.3664319472 
        0.0250000000      -228.3719339385 
        0.0300000000       -45.9895403107 
        0.0350000000      -216.9730343368 
        0.0400000000      -163.7781695287 
        0.0450000000       105.9957877125 
        0.0500000000      -163.7781695287 
        0.0550000000       -57.3884399124 
        0.0600000000        49.0012897038 
        0.0650000000       200.9866177270 
        0.0700000000      -228.3719339385 
        0.0750000000         7.2053244974 
        0.0800000000        98.3965213113 
        0.0850000000       341.5730461484 
        0.0900000000       793.7293970174 
        0.0950000000       759.5326982122 
        0.1000000000       888.7202270319 
        0.1050000000       565.7514049827 
        0.1100000000       812.7275630203 
        0.1150000000       641.7440689943 
        0.1200000000       371.9701117531 
        0.1250000000       463.1613085670 
        0.1300000000       759.5326982122 
        0.1350000000       717.7367330058 
        0.1400000000       687.3396674012 
        0.1450000000       877.3213274302 
        0.1500000000       672.1411345989 
        0.1550000000       820.3268294215 
        0.1600000000       782.3304974157 
        0.1650000000       702.5382002035 
        0.1700000000       672.1411345989 
        0.1750000000       831.7257290232 
        0.1800001000       926.7165590377 
        0.1850000000       873.5216942296 
        0.1900000000       824.1264626221 
        0.1950000000       903.9187598343 
        0.2000000000       592.3488373867 
        0.2050000000       721.5363662064 
        0.2100001000       812.7275630203 
        0.2150000000       653.1429685960 
        0.2200000000       713.9370998053 
        0.2250000000       691.1393006018 
        0.2300000000       896.3194934331 
        0.2350000000       846.9242618256 
        0.2400001000       782.3304974157 
        0.2450000000       824.1264626221 
        0.2500000000       580.9499377850 
        0.2550000000       664.5418681977 
        0.2600000000       588.5492041861 
        0.2650000000       858.3231614273 
        0.2700000000       607.5473701890 
        0.2750000000       805.1282966192 
        0.2800000000       808.9279298198 
        0.2850000000       672.1411345989 
        0.2900001000       759.5326982122 
        0.2950000000       793.7293970174 
        0.3000000000       618.9462697908 
        0.3050000000       816.5271962209 
        0.3100000000       797.5290302180 
        0.3150000000       660.7422349972 
        0.3200000000       508.7569069740 
        0.3250000000       751.9334318111 
        0.3300000000       732.9352658082 
        0.3350000000       687.3396674012 
        0.3400000000       656.9426017966 
        0.3450000000      1128.0971186685 
        0.3500000000       710.1374666047 
        0.3550001000       854.5235282267 
        0.3600000000       706.3378334041 
        0.3650000000       751.9334318111 
        0.3700000000       789.9297638169 
        0.3750000000       706.3378334041 
        0.3800000000      1055.9040878574 
        0.3850000000       717.7367330058 
        0.3900000000       850.7238950261 
        0.3950000000       915.3176594360 
        0.4000000000       835.5253622238 
        0.4050000000      1036.9059218545 
        0.4100000000      1021.7073890522 
        0.4150001000      1052.1044546569 
        0.4200001000       862.1227946279 
        0.4250000000       869.7220610290 
        0.4300000000       797.5290302180 
        0.4350000000      1014.1081226511 
        0.4400000000      1017.9077558517 
        0.4450000000      1067.3029874592 
        0.4500000000       865.9224278285 
        0.4550000000       934.3158254389 
        0.4600000000       998.9095898488 
        0.4650000000      1014.1081226511 
        0.4700000000       873.5216942296 
        0.4750000000       949.5143582412 
        0.4800001000       900.1191266337 
        0.4850000000       995.1099566482 
        0.4900000000      1010.3084894505 
        0.4950000000      1109.0989526656 
        0.5000000000       930.5161922383 
        0.5050000000       884.9205938314 
        0.5100000000      1002.7092230493 
        0.5150000000       865.9224278285 
        0.5200000000       900.1191266337 
        0.5250000000       816.5271962209 
        0.5300000000      1010.3084894505 
        0.5350000000       839.3249954244 
        0.5400000000       797.5290302180 
        0.5450000000       892.5198602325 
        0.5500000000       782.3304974157 
        0.5550000000       995.1099566482 
        0.5600000000       922.9169258372 
        0.5650000000       888.7202270319 
        0.5700001000       843.1246286250 
        0.5750001000       843.1246286250 
        0.5800001000      1211.6890490812 
        0.5850000000       843.1246286250 
        0.5900000000      1002.7092230493 
        0.5950000000      1120.4978522673 
        0.6000000000       820.3268294215 
        0.6050000000       964.7128910435 
        0.6100000000       831.7257290232 
        0.6150000000       919.1172926366 
        0.6200000000       706.3378334041 
        0.6250000000       938.1154586395 
        0.6300000000       976.1117906453 
        0.6350000000       778.5308642151 
        0.6400000000      1055.9040878574 
        0.6450000000       991.3103234476 
        0.6500000000       972.3121574447 
        0.6550000000       995.1099566482 
        0.6600000000       964.7128910435 
        0.6650000000       820.3268294215 
        0.6700000000       926.7165590377 
        0.6750000000      1017.9077558517 
        0.6800000000      1097.7000530638 
        0.6850000000       873.5216942296 
        0.6900000000      1071.1026206598 
        0.6950001000      1029.3066554534 
        0.7000001000       987.5106902470 
        0.7050001000      1033.1062886540 
        0.7100000000      1006.5088562499 
        0.7150000000       995.1099566482 
        0.7200000000       827.9260958227 
        0.7250000000       987.5106902470 
        0.7300000000      1055.9040878574 
        0.7350000000       972.3121574447 
        0.7400000000      1093.9004198633 
        0.7450000000       987.5106902470 
        0.7500000000       900.1191266337 
        0.7550000000       805.1282966192 
        0.7600000000       968.5125242441 
        0.7650000000       972.3121574447 
        0.7700000000       903.9187598343 
        0.7750000000       983.7110570464 
        0.7800000000       907.7183930348 
        0.7850000000       960.9132578430 
        0.7900000000       869.7220610290 
        0.7950000000       911.5180262354 
        0.8000000000       884.9205938314 
        0.8050000000       797.5290302180 
        0.8100000000       919.1172926366 
        0.8150000000       835.5253622238 
        0.8200001000       782.3304974157 
        0.8250001000       839.3249954244 
        0.8300001000       938.1154586395 
        0.8350001000       839.3249954244 
        0.8400000000       964.7128910435 
        0.8450000000       945.7147250406 
        0.8500000000       922.9169258372 
        0.8550000000      1014.1081226511 
        0.8600000000       846.9242618256 
        0.8650000000      1002.7092230493 
        0.8700000000       732.9352658082 
        0.8750000000       873.5216942296 
        0.8800000000       987.5106902470 
        0.8850000000      1002.7092230493 
        0.8900000000       877.3213274302 
        0.8950000000       888.7202270319 
        0.9000000000      1002.7092230493 
        0.9050000000       998.9095898488 
        0.9100000000       877.3213274302 
        0.9150000000       915.3176594360 
        0.9200000000       941.9150918401 
        0.9250000000      1036.9059218545 
        0.9300000000       976.1117906453 
        0.9350000000      1021.7073890522 
        0.9400000000       987.5106902470 
        0.9450001000      1055.9040878574 
        0.9500001000       983.7110570464 
        0.9550001000      1025.5070222528 
        0.9600001000       960.9132578430 
        0.9650000000       960.9132578430 
        0.9700000000       862.1227946279 
        0.9750000000       964.7128910435 
        0.9800000000      1097.7000530638 
        0.9850000000      1029.3066554534 
        0.9900000000      1010.3084894505 
        0.9950000000      1006.5088562499 
        1.0000000000       960.9132578430 
        1.0050000000      1055.9040878574 
        1.0100000000       960.9132578430 
        1.0150000000      1006.5088562499 
        1.0200001000       919.1172926366 
        1.0250000000       976.1117906453 
        1.0300000000       907.7183930348 
        1.0350000000       945.7147250406 
        1.0400000000       934.3158254389 
        1.0450000000      1162.2938174737 
        1.0500000000       938.1154586395 
        1.0550000000       869.7220610290 
        1.0600000000      1010.3084894505 
        1.0650000000       865.9224278285 
        1.0700000000       824.1264626221 
        1.0750000000       915.3176594360 
        1.0800000000       991.3103234476 
        1.0850000000       983.7110570464 
        1.0900007000       941.9150918401 
        1.0950000000      1048.3048214563 
        1.1000000000       786.1301306163 
        1.1050000000       964.7128910435 
        1.1100000000      1017.9077558517 
        1.1150000000       907.7183930348 
        1.1200000000       759.5326982122 
        1.1250000000       827.9260958227 
        1.1300000000       877.3213274302 
        1.1350000000       778.5308642151 
        1.1400000000       900.1191266337 
        1.1450001000      1010.3084894505 
        1.1500000000       843.1246286250 
        1.1550000000       881.1209606308 
        1.1600000000       915.3176594360 
        1.1650000000       938.1154586395 
        1.1700000000       706.3378334041 
        1.1750000000      1109.0989526656 
        1.1800000000       782.3304974157 
        1.1850000000      1036.9059218545 
        1.1900000000       877.3213274302 
        1.1950000000      1116.6982190667 
        1.2000000000       930.5161922383 
        1.2050000000      1059.7037210580 
        1.2100000000       877.3213274302 
        1.2150000000       751.9334318111 
        1.2200000000       732.9352658082 
        1.2250000000      1093.9004198633 
        1.2300000000      1025.5070222528 
        1.2350000000      1036.9059218545 
        1.2400000000      1036.9059218545 
        1.2450000000      1215.4886822818 
        1.2500000000      1025.5070222528 
        1.2550000000      1055.9040878574 
        1.2600000000      1055.9040878574 
        1.2650000000      1112.8985858661 
        1.2700001000       919.1172926366 
        1.2750000000      1082.5015202615 
        1.2800000000       987.5106902470 
        1.2850000000       900.1191266337 
        1.2900000000       903.9187598343 
        1.2950000000      1162.2938174737 
        1.3000000000       797.5290302180 
        1.3050000000      1059.7037210580 
        1.3100000000       938.1154586395 
        1.3150000000       987.5106902470 
        1.3200000000       824.1264626221 
        1.3250000000       957.1136246424 
        1.3300000000       865.9224278285 
        1.3350000000       911.5180262354 
        1.3400000000      1078.7018870609 
        1.3450000000       979.9114238459 
        1.3500000000       949.5143582412 
        1.3550000000       941.9150918401 
        1.3600000000       911.5180262354 
        1.3650000000       926.7165590377 
        1.3700000000       717.7367330058 
        1.3750000000       949.5143582412 
        1.3800000000       995.1099566482 
        1.3850000000      1059.7037210580 
        1.3900000000       934.3158254389 
        1.3950001000       983.7110570464 
        1.4000000000       835.5253622238 
        1.4050000000       930.5161922383 
        1.4100000000      1017.9077558517 
        1.4150000000       915.3176594360 
        1.4200000000       862.1227946279 
        1.4250000000       903.9187598343 
        1.4300000000       907.7183930348 
        1.4350000000       850.7238950261 
        1.4400000000      1021.7073890522 
        1.4450000000      1055.9040878574 
        1.4500000000       858.3231614273 
        1.4550000000       911.5180262354 
        1.4600000000       816.5271962209 
        1.4650000000       915.3176594360 
        1.4700000000       903.9187598343 
        1.4750000000       827.9260958227 
        1.4800000000      1139.4960182702 
        1.4850000000       960.9132578430 
        1.4900000000       854.5235282267 
        1.4950000000      1143.2956514708 
        1.5000000000       995.1099566482 
        1.5050000000       998.9095898488 
        1.5100000000      1006.5088562499 
        1.5150000000      1059.7037210580 
        1.5200001000       983.7110570464 
        1.5250000000      1097.7000530638 
        1.5300000000      1010.3084894505 
        1.5350000000       930.5161922383 
        1.5400001000       995.1099566482 
        1.5450000000      1097.7000530638 
        1.5500000000       903.9187598343 
        1.5550000000      1071.1026206598 
        1.5600000000      1021.7073890522 
        1.5650000000       979.9114238459 
        1.5700000000       778.5308642151 
        1.5750000000       964.7128910435 
        1.5800000000      1017.9077558517 
        1.5850000000      1010.3084894505 
        1.5900000000       938.1154586395 
        1.5950000000      1059.7037210580 
        1.6000000000       892.5198602325 
        1.6050000000       968.5125242441 
        1.6100000000       862.1227946279 
        1.6150000000       903.9187598343 
        1.6200000000       938.1154586395 
        1.6250000000       873.5216942296 
        1.6300000000      1150.8949178719 
        1.6350000000       915.3176594360 
        1.6400000000      1078.7018870609 
        1.6450001000      1006.5088562499 
        1.6500000000       827.9260958227 
        1.6550000000       892.5198602325 
        1.6600000000       964.7128910435 
        1.6650001000      1006.5088562499 
        1.6700000000       816.5271962209 
        1.6750000000       907.7183930348 
        1.6800000000      1036.9059218545 
        1.6850000000       843.1246286250 
        1.6900000000       983.7110570464 
        1.6950000000      1078.7018870609 
        1.7000000000       846.9242618256 
        1.7050000000       972.3121574447 
        1.7100000000       934.3158254389 
        1.7150000000       949.5143582412 
        1.7200000000       987.5106902470 
        1.7250000000       957.1136246424 
        1.7300000000       858.3231614273 
        1.7350000000       888.7202270319 
        1.7400000000      1078.7018870609 
        1.7450000000       998.9095898488 
        1.7500000000      1052.1044546569 
        1.7550000000       945.7147250406 
        1.7600000000      1082.5015202615 
        1.7650000000      1078.7018870609 
        1.7700001000       907.7183930348 
        1.7750000000       945.7147250406 
        1.7800000000       903.9187598343 
        1.7850000000       995.1099566482 
        1.7900001000       812.7275630203 
        1.7950000000      1162.2938174737 
        1.8000000000       915.3176594360 
        1.8050000000      1082.5015202615 
        1.8100000000      1063.5033542586 
        1.8150000000      1044.5051882557 
        1.8200000000      1025.5070222528 
        1.8250000000      1097.7000530638 
        1.8300000000      1071.1026206598 
        1.8350000000       991.3103234476 
        1.8400000000       941.9150918401 
        1.8450000000      1101.4996862644 
        1.8500000000      1021.7073890522 
        1.8550000000      1029.3066554534 
        1.8600000000       991.3103234476 
        1.8650000000       907.7183930348 
        1.8700000000       865.9224278285 
        1.8750000000       972.3121574447 
        1.8800000000      1025.5070222528 
        1.8850000000       938.1154586395 
        1.8900000000       835.5253622238 
        1.8950001000       854.5235282267 
        1.9000000000       793.7293970174 
        1.9050000000       919.1172926366 
        1.9100000000       915.3176594360 
        1.9150001000       915.3176594360 
        1.9200000000       854.5235282267 
        1.9250000000       968.5125242441 
        1.9300000000      1021.7073890522 
        1.9350000000       903.9187598343 
        1.9400000000       873.5216942296 
        1.9450000000      1036.9059218545 
        1.9500000000       843.1246286250 
        1.9550000000       869.7220610290 
        1.9600000000       873.5216942296 
        1.9650000000       797.5290302180 
        1.9700000000       626.5455361919 
        1.9750000000       903.9187598343 
        1.9800000000       862.1227946279 
        1.9850000000       854.5235282267 
        1.9900000000       877.3213274302 
        1.9950000000      1021.7073890522 
        2.0000000000       774.7312310145 
        2.0050000000      1044.5051882557 
        2.0100000000      1017.9077558517 
        2.0150001000      1055.9040878574 
        2.0200001000       744.3341654099 
        2.0250000000      1010.3084894505 
        2.0300000000       995.1099566482 
        2.0350001000       972.3121574447 
        2.0400001000      1014.1081226511 
        2.0450000000      1150.8949178719 
        2.0500000000       941.9150918401 
        2.0550000000       884.9205938314 
        2.0600000000      1044.5051882557 
        2.0650000000      1055.9040878574 
        2.0700000000      1002.7092230493 
        2.0750000000      1033.1062886540 
        2.0800000000      1078.7018870609 
        2.0850000000      1055.9040878574 
        2.0900000000      1021.7073890522 
        2.0950000000      1143.2956514708 
        2.1000000000      1067.3029874592 
        2.1050000000       907.7183930348 
        2.1100000000       854.5235282267 
        2.1150000000       991.3103234476 
        2.1200000000      1074.9022538604 
        2.1250000000       968.5125242441 
        2.1300000000       938.1154586395 
        2.1350000000       976.1117906453 
        2.1400001000       903.9187598343 
        2.1450000000      1097.7000530638 
        2.1500000000       869.7220610290 
        2.1550000000       960.9132578430 
        2.1600001000       869.7220610290 
        2.1650000000       949.5143582412 
        2.1700000000      1090.1007866627 
        2.1750000000       922.9169258372 
        2.1800001000       957.1136246424 
        2.1850000000       801.3286634186 
        2.1900000000       930.5161922383 
        2.1950000000       998.9095898488 
        2.2000000000       865.9224278285 
        2.2050000000      1086.3011534621 
        2.2100000000       915.3176594360 
        2.2150000000       934.3158254389 
        2.2200000000       972.3121574447 
        2.2250000000       896.3194934331 
        2.2300000000       911.5180262354 
        2.2350000000       801.3286634186 
        2.2400000000      1063.5033542586 
        2.2450000000      1131.8967518690 
        2.2500000000      1124.2974854679 
        2.2550000000      1135.6963850696 
        2.2600000000      1074.9022538604 
        2.2650001000       964.7128910435 
        2.2700000000      1105.2993194650 
        2.2750000000       888.7202270319 
        2.2800000000      1090.1007866627 
        2.2850001000      1025.5070222528 
        2.2900000000      1071.1026206598 
        2.2950000000      1139.4960182702 
        2.3000096000       900.1191266337 
        2.3050001000       991.3103234476 
        2.3100000000       964.7128910435 
        2.3150000000       873.5216942296 
        2.3200000000      1040.7055550551 
        2.3250000000      1071.1026206598 
        2.3300000000       934.3158254389 
        2.3350000000      1033.1062886540 
        2.3400000000      1014.1081226511 
        2.3450000000      1120.4978522673 
        2.3500000000       915.3176594360 
        2.3550000000       900.1191266337 
        2.3600000000       892.5198602325 
        2.3650000000       957.1136246424 
        2.3700000000       884.9205938314 
        2.3750000000      1021.7073890522 
        2.3800000000       926.7165590377 
        2.3850000000       877.3213274302 
        2.3900001000       869.7220610290 
        2.3950000000       979.9114238459 
        2.4000000000       976.1117906453 
        2.4050000000      1010.3084894505 
        2.4100001000       919.1172926366 
        2.4150000000       911.5180262354 
        2.4200000000       858.3231614273 
        2.4250000000       888.7202270319 
        2.4300001000       915.3176594360 
        2.4350000000       854.5235282267 
        2.4400000000       945.7147250406 
        2.4450000000       892.5198602325 
        2.4500000000       998.9095898488 
        2.4550000000      1131.8967518690 
        2.4600000000       862.1227946279 
        2.4650000000       831.7257290232 
        2.4700000000      1192.6908830783 
        2.4750000000       995.1099566482 
        2.4800000000      1017.9077558517 
        2.4850000000       854.5235282267 
        2.4900000000       873.5216942296 
        2.4950000000      1139.4960182702 
        2.5000000000       865.9224278285 
        2.5050000000      1063.5033542586 
        2.5100000000      1067.3029874592 
        2.5150001000      1014.1081226511 
        2.5200000000      1074.9022538604 
        2.5250000000      1071.1026206598 
        2.5300000000      1105.2993194650 
        2.5350001000      1040.7055550551 
        2.5400000000      1025.5070222528 
        2.5450000000      1200.2901494795 
        2.5500000000      1067.3029874592 
        2.5550001000       976.1117906453 
        2.5600000000      1010.3084894505 
        2.5650000000       922.9169258372 
        2.5700000000       995.1099566482 
        2.5750000000       907.7183930348 
        2.5800000000      1093.9004198633 
        2.5850000000      1048.3048214563 
        2.5900000000       995.1099566482 
        2.5950000000      1185.0916166772 
        2.6000000000       892.5198602325 
        2.6050000000      1124.2974854679 
        2.6100000000       941.9150918401 
        2.6150000000       938.1154586395 
        2.6200000000       922.9169258372 
        2.6250000000       877.3213274302 
        2.6300000000       991.3103234476 
        2.6350000000       877.3213274302 
        2.6400001000      1010.3084894505 
        2.6450000000      1002.7092230493 
        2.6500000000       934.3158254389 
        2.6550000000      1021.7073890522 
        2.6600001000       903.9187598343 
        2.6650000000       976.1117906453 
        2.6700000000       915.3176594360 
        2.6750000000       960.9132578430 
        2.6800001000       892.5198602325 
        2.6850000000       900.1191266337 
        2.6900000000      1143.2956514708 
        2.6950000000      1036.9059218545 
        2.7000000000       919.1172926366 
        2.7050000000       934.3158254389 
        2.7100000000       930.5161922383 
        2.7150000000       884.9205938314 
        2.7200000000       869.7220610290 
        2.7250000000      1048.3048214563 
        2.7300000000       911.5180262354 
        2.7350000000      1052.1044546569 
        2.7400000000       995.1099566482 
        2.7450000000      1128.0971186685 
        2.7500000000       953.3139914418 
        2.7550000000       934.3158254389 
        2.7600000000      1048.3048214563 
        2.7650001000       991.3103234476 
        2.7700000000       953.3139914418 
        2.7750000000       995.1099566482 
        2.7800000000      1150.8949178719 
        2.7850001000      1021.7073890522 
        2.7900000000       922.9169258372 
        2.7950000000      1010.3084894505 
        2.8000000000       968.5125242441 
        2.8050001000      1101.4996862644 
        2.8100000000      1063.5033542586 
        2.8150000000       907.7183930348 
        2.8200000000       991.3103234476 
        2.8250000000       881.1209606308 
        2.8300000000      1090.1007866627 
        2.8350000000       983.7110570464 
        2.8400000000      1078.7018870609 
        2.8450000000      1086.3011534621 
        2.8500000000       938.1154586395 
        2.8550000000      1048.3048214563 
        2.8600000000       926.7165590377 
        2.8650000000       869.7220610290 
        2.8700000000       907.7183930348 
        2.8750000000      1021.7073890522 
        2.8800000000      1082.5015202615 
        2.8850000000      1067.3029874592 
        2.8900001000       850.7238950261 
        2.8950000000      1124.2974854679 
        2.9000000000       911.5180262354 
        2.9050000000       964.7128910435 
        2.9100001000       957.1136246424 
        2.9150000000       930.5161922383 
        2.9200000000       839.3249954244 
        2.9250000000       945.7147250406 
        2.9300001000       995.1099566482 
        2.9350000000       873.5216942296 
        2.9400000000       869.7220610290 
        2.9450000000      1120.4978522673 
        2.9500000000       934.3158254389 
        2.9550000000      1071.1026206598 
        2.9600000000       930.5161922383 
        2.9650000000       835.5253622238 
        2.9700000000      1025.5070222528 
        2.9750000000      1071.1026206598 
        2.9800000000       945.7147250406 
        2.9850000000       900.1191266337 
        2.9900000000      1139.4960182702 
        2.9950000000      1002.7092230493 
