           Time[sec]  \omega_{cmd}[rad/s]          V_{gyro}[V] \omega_{gyro}[rad/s]          \theta[rad] 
        0.0000000000         3.1200000000         1.2054518309        -0.1803407619         1.6322763877 
        0.0050000000         3.1200000000         1.2156476369         0.0852568256         1.6386817389 
        0.0100000000         3.1200000000         1.2029028795        -0.2467401588         1.6354790633 
        0.0150000000         3.1200000000         1.2054518309        -0.1803407619         1.6450870902 
        0.0200000000         3.1200000000         1.2181965884         0.1516562224         1.6450870902 
        0.0250000000         3.1200000000         1.3762315805         4.2684188284         1.6578977926 
        0.0300000000         3.1200000000         1.3048609389         2.4092357160         1.6611004682 
        0.0350000000         3.1200000000         1.2921161815         2.0772387317         1.6739111706 
        0.0400000000         3.1200000000         1.3430952112         3.4052266690         1.6995325754 
        0.0450000000         3.1200000000         1.3481931142         3.5380254628         1.7187486290 
        0.0500000000         3.1200000000         1.3558399686         3.7372236534         1.7251539802 
        0.0550000000         3.1200000000         1.3430952112         3.4052266690         1.7507753851 
        0.0600000000         3.1200000000         1.3532910171         3.6708242565         1.7635860875 
        0.0650000000         3.1200000000         1.3634868231         3.9364218440         1.7956128435 
        0.0700000000         3.1200000000         1.3762315805         4.2684188284         1.8148288972 
        0.0750000000         3.1200000000         1.3456441627         3.4716260659         1.8276395996 
        0.0800000000         3.1200000000         1.3583889201         3.8036230503         1.8340449508 
        0.0850000000         3.1200000000         1.3660357746         4.0028212409         1.8660717068 
        0.0900000000         3.1200000000         1.3660357746         4.0028212409         1.8916931116 
        0.0950000000         3.1200000000         1.3838784350         4.4676170190         1.9141118409 
        0.1000000000         3.1200000000         1.3583889201         3.8036230503         1.9237198677 
        0.1050000000         3.1200000000         1.3762315805         4.2684188284         1.9461385969 
        0.1100000000         3.1200000000         1.3583889201         3.8036230503         1.9685573261 
        0.1150000000         3.1200000000         1.3762315805         4.2684188284         1.9877733798 
        0.1200000000         3.1200000000         1.3609378716         3.8700224471         2.0069894334 
        0.1250000000         3.1200000000         1.3685847260         4.0692206377         2.0198001358 
        0.1300000000         3.1200000000         1.3660357746         4.0028212409         2.0486242162 
        0.1350000000         3.1200000000         1.3787805320         4.3348182252         2.0646375943 
        0.1400000000         3.1200000000         1.3864273864         4.5340164158         2.0998670259 
        0.1450000000         3.1200000000         1.3583889201         3.8036230503         2.1062723771 
        0.1500000000         3.1200000000         1.4119169013         5.1980103845         2.1479071600 
        0.1550000000         3.1200000000         1.3634868231         3.9364218440         2.1575151868 
        0.1600000000         3.1200000000         1.4119169013         5.1980103845         2.1927446184 
        0.1650000000         3.1200000000         1.3787805320         4.3348182252         2.1959472940 
        0.1700000000         3.1200000000         1.4093679498         5.1316109877         2.2375820769 
        0.1750000000         3.1200000000         1.3889763379         4.6004158127         2.2471901037 
        0.1800000000         3.1200000000         1.3966231924         4.7996140033         2.2856222109 
        0.1850000000         3.1200000000         1.4068189983         5.0652115908         2.2984329133 
        0.1900000000         3.1200000000         1.3864273864         4.5340164158         2.3304596694 
        0.1950000000         3.1200000000         1.4093679498         5.1316109877         2.3528783986 
        0.2000000000         3.1200000000         1.3966231924         4.7996140033         2.3784998034 
        0.2050000000         3.1200000000         1.4195637558         5.3972085751         2.4105265595 
        0.2100000000         3.1200000000         1.3915252894         4.6668152096         2.4169319107 
        0.2150000000         3.1200000000         1.4195637558         5.3972085751         2.4425533155 
        0.2200000000         3.1200000000         1.4068189983         5.0652115908         2.4905934496 
        0.2250000000         3.1200000000         1.4374064162         5.8620043532         2.5162148544 
        0.2300000000         3.1200000000         1.3991721439         4.8660134002         2.5258228812 
        0.2350000000         3.1200000000         1.4272106102         5.5964067657         2.5578496372 
        0.2400001000         3.1200000000         1.4144658528         5.2644097814         2.5898763933 
        0.2450000000         3.1200000000         1.4374064162         5.8620043532         2.6315111761 
        0.2500000000         3.1200000000         1.4221127072         5.4636079720         2.6475245541 
        0.2550000000         3.1200000000         1.4246616587         5.5300073689         2.6699432834 
        0.2600000000         3.1200000000         1.4272106102         5.5964067657         2.6987673638 
        0.2650000000         3.1200000000         1.4170148043         5.3308091783         2.7243887686 
        0.2700000000         3.1200000000         1.4476022221         6.1276019407         2.7724289027 
        0.2750000000         3.1200000000         1.4374064162         5.8620043532         2.7852396051 
        0.2800000000         3.1200000000         1.4399553677         5.9284037501         2.8236717124 
        0.2850000000         3.1200000000         1.4348574647         5.7956049563         2.8524957928 
        0.2900000000         3.1200000000         1.4374064162         5.8620043532         2.8717118464 
        0.2950000000         3.1200000000         1.4374064162         5.8620043532         2.9133466293 
        0.3000000000         3.1200000000         1.4450532706         6.0612025438         2.9421707097 
        0.3050000000         3.1200000000         1.4374064162         5.8620043532         2.9677921145 
        0.3100000000         3.1200000000         1.4450532706         6.0612025438         2.9966161950 
        0.3150000000         3.1200000000         1.4374064162         5.8620043532         3.0318456266 
        0.3200000000         3.1200000000         1.4450532706         6.0612025438         3.0702777339 
        0.3250000000         3.1200000000         1.4577980281         6.3931995282         3.0991018143 
        0.3300000000         3.1200000000         1.4552490766         6.3268001313         3.1215205435 
        0.3350000000         3.1200000000         1.4476022221         6.1276019407         3.1439392727 
        0.3400000000         3.1200000000         1.4552490766         6.3268001313         3.1503446239 
        0.3450000000         3.1200000000         1.4552490766         6.3268001313         3.1407365971 
        0.3500001000         3.1200000000         1.4501511736         6.1940013376         3.1407365971 
        0.3550000000         3.1200000000         1.4603469795         6.4595989250        -1.7465463743 
        0.3600000000         3.1200000000         1.4425043191         5.9948031470        -1.7721677791 
        0.3652451000         3.1200000000         1.4552490766         6.3268001313        -1.7433436987 
        0.3700000000         3.1200000000         1.4679938340         6.6587971156        -3.1301022351 
        0.3750000000         3.1200000000         1.4603469795         6.4595989250        -3.1301022351 
        0.3800000000         3.1200000000         1.4552490766         6.3268001313        -3.1429129376 
        0.3850000000         3.1200000000         1.4577980281         6.3931995282        -3.1365075864 
        0.3900000000         3.1200000000         1.4628959310         6.5259983219        -3.1429129376 
        0.3950000000         3.1200000000         1.4603469795         6.4595989250        -3.1108861815 
        0.4000000000         3.1200000000         1.4654448825         6.5923977188        -3.0756567499 
        0.4050000000         3.1200000000         1.4603469795         6.4595989250        -3.0468326694 
        0.4100000000         3.1200000000         1.4603469795         6.4595989250        -3.0276166158 
        0.4150000000         3.1200000000         1.4577980281         6.3931995282        -2.9923871842 
        0.4200001000         3.1200000000         1.4577980281         6.3931995282        -2.9539550769 
        0.4250000000         3.1200000000         1.4552490766         6.3268001313        -2.9123202941 
        0.4300000000         3.1200000000         1.4705427855         6.7251965125        -2.8706855112 
        0.4350000000         3.1200000000         1.4705427855         6.7251965125        -2.8450641064 
        0.4400000000         3.1200000000         1.4628959310         6.5259983219        -2.8130373504 
        0.4450000000         3.1200000000         1.4679938340         6.6587971156        -2.7778079187 
        0.4500268000         3.1200000000         1.4654448825         6.5923977188        -2.7521865139 
        0.4550000000         3.1200000000         1.4654448825         6.5923977188        -2.7201597579 
        0.4600000000         3.1200000000         1.4552490766         6.3268001313        -2.6753222994 
        0.4650000000         3.1200000000         1.4883854459         7.1899922906        -2.6336875166 
        0.4700000000         3.1200000000         1.4527001251         6.2604007344        -2.6208768141 
        0.4750001000         3.1200000000         1.4730917370         6.7915959094        -2.5792420313 
        0.4800000000         3.1200000000         1.4781896399         6.9243947031        -2.5536206265 
        0.4850000000         3.1200000000         1.4705427855         6.7251965125        -2.5119858436 
        0.4900000000         3.1200000000         1.4781896399         6.9243947031        -2.4863644388 
        0.4950000000         3.1200000000         1.4679938340         6.6587971156        -2.4415269803 
        0.5000000000         3.1200000000         1.4960323003         7.3891904812        -2.3998921975 
        0.5050000000         3.1200000000         1.4705427855         6.7251965125        -2.3742707926 
        0.5100000000         3.1200000000         1.4858364944         7.1235928937        -2.3390413610 
        0.5150000000         3.1200000000         1.4756406885         6.8579953063        -2.3102172806 
        0.5200000000         3.1200000000         1.4807385914         6.9907941000        -2.2717851733 
        0.5250000000         3.1200000000         1.4756406885         6.8579953063        -2.2333530661 
        0.5300000000         3.1200000000         1.4756406885         6.8579953063        -2.2045289856 
        0.5350000000         3.1200000000         1.4883854459         7.1899922906        -2.1725022296 
        0.5400000000         3.1200000000         1.4781896399         6.9243947031        -2.1276647712 
        0.5450000000         3.1200000000         1.4934833489         7.3227910843        -2.0924353395 
        0.5500000000         3.1200000000         1.4832875429         7.0571934969        -2.0572059079 
        0.5550001000         3.1200000000         1.4858364944         7.1235928937        -2.0283818274 
        0.5600000000         3.1200000000         1.4832875429         7.0571934969        -1.9899497202 
        0.5650000000         3.1200000000         1.4730917370         6.7915959094        -1.9643283154 
        0.5700000000         3.1200000000         1.4960323003         7.3891904812        -1.9355042349 
        0.5750001000         3.1200000000         1.4654448825         6.5923977188        -1.9098828301 
        0.5800001000         3.1200000000         1.4756406885         6.8579953063        -1.8714507228 
        0.5850000000         3.1200000000         1.4730917370         6.7915959094        -1.8298159400 
        0.5900000000         3.1200000000         1.4883854459         7.1899922906        -1.8009918596 
        0.5950000000         3.1200000000         1.4883854459         7.1899922906        -1.7593570767 
        0.6000000000         3.1200000000         1.4909343974         7.2563916875        -1.7241276451 
        0.6050000000         3.1200000000         1.4807385914         6.9907941000        -1.6921008890 
        0.6100000000         3.1200000000         1.4807385914         6.9907941000        -1.6632768086 
        0.6150000000         3.1200000000         1.5011302033         7.5219892749        -1.6344527282 
        0.6200000000         3.1200000000         1.4730917370         6.7915959094        -1.5928179453 
        0.6250000000         3.1200000000         1.4858364944         7.1235928937        -1.5543858381 
        0.6300000000         3.1200000000         1.4883854459         7.1899922906        -1.5191564064 
        0.6350000000         3.1200000000         1.4960323003         7.3891904812        -1.4871296504 
        0.6400000000         3.1200000000         1.5011302033         7.5219892749        -1.4422921919 
        0.6450000000         3.1200000000         1.4909343974         7.2563916875        -1.4038600847 
        0.6500000000         3.1200000000         1.5138749607         7.8539862593        -1.3782386799 
        0.6550000000         3.1200000000         1.4858364944         7.1235928937        -1.3430092482 
        0.6600000000         3.1200000000         1.5036791548         7.5883886718        -1.3077798166 
        0.6650000000         3.1200000000         1.4832875429         7.0571934969        -1.2693477093 
        0.6700000000         3.1200000000         1.5189728637         7.9867850530        -1.2245102509 
        0.6750000000         3.1200000000         1.4858364944         7.1235928937        -1.2084968729 
        0.6800000000         3.1200000000         1.4960323003         7.3891904812        -1.1636594144 
        0.6850000000         3.1200000000         1.5062281063         7.6547880687        -1.1188219559 
        0.6900000000         3.1200000000         1.5087770578         7.7211874656        -1.0867951999 
        0.6950000000         3.1200000000         1.4960323003         7.3891904812        -1.0579711195 
        0.7000043000         3.1200000000         1.5087770578         7.7211874656        -1.0163363366 
        0.7050001000         3.1200000000         1.5011302033         7.5219892749        -0.9779042294 
        0.7100010000         3.1200000000         1.5087770578         7.7211874656        -0.9554855002 
        0.7150000000         3.1200000000         1.5087770578         7.7211874656        -0.9106480417 
        0.7200000000         3.1200000000         1.5036791548         7.5883886718        -0.8690132589 
        0.7250000000         3.1200000000         1.5036791548         7.5883886718        -0.8305811516 
        0.7300000000         3.1200000000         1.5240707667         8.1195838468        -0.7953517200 
        0.7350000000         3.1200000000         1.5164239122         7.9203856562        -0.7505142615 
        0.7400000000         3.1200000000         1.5215218152         8.0531844499        -0.7216901811 
        0.7450000000         3.1200000000         1.5113260093         7.7875868624        -0.6768527226 
        0.7500000000         3.1200000000         1.5189728637         7.9867850530        -0.6448259666 
        0.7550000000         3.1200000000         1.5062281063         7.6547880687        -0.6160018861 
        0.7600000000         3.1200000000         1.5164239122         7.9203856562        -0.5679617521 
        0.7650000000         3.1200000000         1.5087770578         7.7211874656        -0.5391376717 
        0.7700000000         3.1200000000         1.5113260093         7.7875868624        -0.4975028888 
        0.7750000000         3.1200000000         1.5164239122         7.9203856562        -0.4558681060 
        0.7800000000         3.1200000000         1.5189728637         7.9867850530        -0.4142333231 
        0.7850000000         3.1200000000         1.5189728637         7.9867850530        -0.3758012159 
        0.7900000000         3.1200000000         1.5291686697         8.2523826405        -0.3405717842 
        0.7950000000         3.1200000000         1.5087770578         7.7211874656        -0.3021396770 
        0.8000000000         3.1200000000         1.5266197182         8.1859832436        -0.2637075697 
        0.8050000000         3.1200000000         1.5087770578         7.7211874656        -0.2252754625 
        0.8100000000         3.1200000000         1.5164239122         7.9203856562        -0.1868433552 
        0.8150000000         3.1200000000         1.5113260093         7.7875868624        -0.1484112480 
        0.8200000000         3.1200000000         1.5266197182         8.1859832436        -0.1035737895 
        0.8250001000         3.1200000000         1.5189728637         7.9867850530        -0.0651416823 
        0.8300001000         3.1200000000         1.5138749607         7.8539862593        -0.0395202775 
        0.8350000000         3.1200000000         1.5189728637         7.9867850530        -0.0010881702 
        0.8400000000         3.1200000000         1.5164239122         7.9203856562         0.0309385858 
        0.8450000000         3.1200000000         1.5164239122         7.9203856562         0.0821813955 
        0.8500000000         3.1200000000         1.5240707667         8.1195838468         0.1174108271 
        0.8550000000         3.1200000000         1.4985812518         7.4555898781         0.1494375832 
        0.8600000000         3.1200000000         1.5291686697         8.2523826405         0.1942750416 
        0.8650000000         3.1200000000         1.5011302033         7.5219892749         0.2230991221 
        0.8700000000         3.1200000000         1.5087770578         7.7211874656         0.2583285537 
        0.8750000000         3.1200000000         1.5062281063         7.6547880687         0.3063686878 
        0.8800000000         3.1200000000         1.5291686697         8.2523826405         0.3512061462 
        0.8850000000         3.1200000000         1.5087770578         7.7211874656         0.3768275510 
        0.8900000000         3.1200000000         1.5215218152         8.0531844499         0.4184623339 
        0.8950000000         3.1200000000         1.5138749607         7.8539862593         0.4600971167 
        0.9000000000         3.1200000000         1.5215218152         8.0531844499         0.5081372508 
        0.9050000000         3.1200000000         1.5087770578         7.7211874656         0.5433666824 
        0.9100000000         3.1200000000         1.5291686697         8.2523826405         0.5721907629 
        0.9150000000         3.1200000000         1.4934833489         7.3227910843         0.5978121677 
        0.9200000000         3.1200000000         1.5215218152         8.0531844499         0.6458523018 
        0.9250000000         3.1200000000         1.5036791548         7.5883886718         0.6842844090 
        0.9300000000         3.1200000000         1.5189728637         7.9867850530         0.7195138406 
        0.9350000000         3.1200000000         1.5087770578         7.7211874656         0.7643512991 
        0.9400000000         3.1200000000         1.5189728637         7.9867850530         0.8027834063 
        0.9450000000         3.1200000000         1.5011302033         7.5219892749         0.8348101624 
        0.9500001000         3.1200000000         1.5011302033         7.5219892749         0.8668369184 
        0.9550001000         3.1200000000         1.5087770578         7.7211874656         0.9116743769 
        0.9600000000         3.1200000000         1.5189728637         7.9867850530         0.9437011329 
        0.9650000000         3.1200000000         1.5164239122         7.9203856562         0.9917412670 
        0.9700000000         3.1200000000         1.5266197182         8.1859832436         1.0365787254 
        0.9750000000         3.1200000000         1.4985812518         7.4555898781         1.0718081571 
        0.9800000000         3.1200000000         1.5189728637         7.9867850530         1.1102402643 
        0.9850000000         3.1200000000         1.5036791548         7.5883886718         1.1550777228 
        0.9900000000         3.1200000000         1.5138749607         7.8539862593         1.1774964520 
        0.9950000000         3.1200000000         1.4909343974         7.2563916875         1.2223339104 
        1.0000000000         3.1200000000         1.5062281063         7.6547880687         1.2511579909 
        1.0050000000         3.1200000000         1.5113260093         7.7875868624         1.3056034761 
        1.0100000000         3.1200000000         1.4960323003         7.3891904812         1.3248195298 
        1.0150000000         3.1200000000         1.5087770578         7.7211874656         1.3728596638 
        1.0200474000         3.1200000000         1.5699518934         9.3147729904         1.4080890955 
        1.0250000000         3.1200000000         1.4858364944         7.1235928937         1.4433185271 
        1.0300000000         3.1200000000         1.5215218152         8.0531844499         1.4913586612 
        1.0350000000         3.1200000000         1.4832875429         7.0571934969         1.5265880928 
        1.0400000000         3.1200000000         1.4858364944         7.1235928937         1.5554121732 
        1.0450073000         3.1200000000         1.4730917370         6.7915959094         1.5874389293 
        1.0500000000         3.1200000000         1.4960323003         7.3891904812         1.6290737121 
        1.0550000000         3.1200000000         1.4781896399         6.9243947031         1.6546951170 
        1.0600000000         3.1200000000         1.4807385914         6.9907941000         1.6963298998 
        1.0650000000         3.1200000000         1.4781896399         6.9243947031         1.7315593315 
        1.0700000000         3.1200000000         1.4883854459         7.1899922906         1.7571807363 
        1.0750729000         3.1200000000         1.4679938340         6.6587971156         1.7988155191 
        1.0800000000         3.1200000000         1.5444623786         8.6507790217         1.8148288972 
        1.0850000000         3.1200000000         1.4628959310         6.5259983219         1.8660717068 
        1.0900000000         3.1200000000         1.4858364944         7.1235928937         1.8980984629 
        1.0950000000         3.1200000000         1.4577980281         6.3931995282         1.9237198677 
        1.1000000000         3.1200000000         1.4654448825         6.5923977188         1.9525439481 
        1.1050000000         3.1200000000         1.4730917370         6.7915959094         1.9941787310 
        1.1100000000         3.1200000000         1.4348574647         5.7956049563         2.0326108382 
        1.1150000000         3.1200000000         1.4705427855         6.7251965125         2.0646375943 
        1.1200000000         3.1200000000         1.4603469795         6.4595989250         2.0966643503 
        1.1250000000         3.1200000000         1.4654448825         6.5923977188         2.1318937819 
        1.1300000000         3.1200000000         1.4730917370         6.7915959094         2.1639205380 
        1.1350000000         3.1200000000         1.4756406885         6.8579953063         2.1863392672 
        1.1400000000         3.1200000000         1.4756406885         6.8579953063         2.2407847525 
        1.1450001000         3.1200000000         1.4577980281         6.3931995282         2.2600008061 
        1.1500000000         3.1200000000         1.4781896399         6.9243947031         2.2984329133 
        1.1550001000         3.1200000000         1.4730917370         6.7915959094         2.3208516426 
        1.1600000000         3.1200000000         1.4858364944         7.1235928937         2.3752971278 
        1.1650000000         3.1200000000         1.4654448825         6.5923977188         2.3977158570 
        1.1700000000         3.1200000000         1.4756406885         6.8579953063         2.4265399375 
        1.1750000000         3.1200000000         1.4068189983         5.0652115908         2.4745800715 
        1.1800000000         3.1200000000         1.4934833489         7.3227910843         2.5002014764 
        1.1850000000         3.1200000000         1.4654448825         6.5923977188         2.5290255568 
        1.1900000000         3.1200000000         1.4679938340         6.6587971156         2.5610523128 
        1.1950000000         3.1200000000         1.4756406885         6.8579953063         2.6058897713 
        1.2000000000         3.1200000000         1.4730917370         6.7915959094         2.6315111761 
        1.2050000000         3.1200000000         1.4807385914         6.9907941000         2.6827539858 
        1.2100000000         3.1200000000         1.4858364944         7.1235928937         2.7179834174 
        1.2150076000         3.1200000000         1.4552490766         6.3268001313         2.7371994711 
        1.2200801000         3.1200000000         1.4858364944         7.1235928937         2.7756315783 
        1.2250000000         3.1200000000         1.4577980281         6.3931995282         2.8140636855 
        1.2300000000         3.1200000000         1.4985812518         7.4555898781         2.8524957928 
        1.2350000000         3.1200000000         1.4654448825         6.5923977188         2.8845225488 
        1.2400000000         3.1200000000         1.4730917370         6.7915959094         2.9165493049 
        1.2450000000         3.1200000000         1.4858364944         7.1235928937         2.9581840877 
        1.2500000000         3.1200000000         1.4705427855         6.7251965125         2.9902108438 
        1.2550000000         3.1200000000         1.5011302033         7.5219892749         3.0382509778 
        1.2600000000         3.1200000000         1.4654448825         6.5923977188         3.0606697070 
        1.2650000000         3.1200000000         1.4985812518         7.4555898781         3.1119125167 
        1.2700001000         3.1200000000         1.4730917370         6.7915959094         3.1247232191 
        1.2750000000         3.1200000000         1.4858364944         7.1235928937         3.1407365971 
        1.2800001000         3.1200000000         1.4603469795         6.4595989250         3.1375339215 
        1.2850000000         3.1200000000         1.5087770578         7.7211874656         3.1471419483 
        1.2900000000         3.1200000000         1.4705427855         6.7251965125         3.1407365971 
        1.2950000000         3.1200000000         1.4807385914         6.9907941000        -1.7337356719 
        1.3000000000         3.1200000000         1.4858364944         7.1235928937        -1.7561544011 
        1.3050000000         3.1200000000         1.4883854459         7.1899922906        -3.1301022351 
        1.3100000000         3.1200000000         1.4909343974         7.2563916875        -3.1397102620 
        1.3150000000         3.1200000000         1.4934833489         7.3227910843        -3.1301022351 
        1.3200000000         3.1200000000         1.4883854459         7.1899922906        -3.1429129376 
        1.3250000000         3.1200000000         1.4807385914         6.9907941000        -3.1365075864 
        1.3300000000         3.1200000000         1.4858364944         7.1235928937        -3.1172915327 
        1.3350000000         3.1200000000         1.4985812518         7.4555898781        -3.0596433719 
        1.3400000000         3.1200000000         1.4756406885         6.8579953063        -3.0308192914 
        1.3450000000         3.1200000000         1.4960323003         7.3891904812        -2.9891845086 
        1.3500000000         3.1200000000         1.4756406885         6.8579953063        -2.9667657794 
        1.3550000000         3.1200000000         1.4960323003         7.3891904812        -2.9123202941 
        1.3600000000         3.1200000000         1.4756406885         6.8579953063        -2.8834962137 
        1.3650000000         3.1200000000         1.4985812518         7.4555898781        -2.8514694576 
        1.3700000000         3.1200000000         1.4960323003         7.3891904812        -2.8066319992 
        1.3750000000         3.1200000000         1.4883854459         7.1899922906        -2.7778079187 
        1.3800000000         3.1200000000         1.4858364944         7.1235928937        -2.7425784871 
        1.3850000000         3.1200000000         1.4934833489         7.3227910843        -2.7009437042 
        1.3900000000         3.1200000000         1.4756406885         6.8579953063        -2.6753222994 
        1.3950001000         3.1200000000         1.4985812518         7.4555898781        -2.6240794897 
        1.4000000000         3.1200000000         1.4858364944         7.1235928937        -2.5888500581 
        1.4050001000         3.1200000000         1.5036791548         7.5883886718        -2.5536206265 
        1.4100000000         3.1200000000         1.4960323003         7.3891904812        -2.5247965460 
        1.4150000000         3.1200000000         1.4960323003         7.3891904812        -2.4767564120 
        1.4200000000         3.1200000000         1.4934833489         7.3227910843        -2.4415269803 
        1.4250000000         3.1200000000         1.4883854459         7.1899922906        -2.4095002243 
        1.4300000000         3.1200000000         1.5138749607         7.8539862593        -2.3678654414 
        1.4350000000         3.1200000000         1.4858364944         7.1235928937        -2.3486493878 
        1.4400000000         3.1200000000         1.4909343974         7.2563916875        -2.3038119294 
        1.4450000000         3.1200000000         1.4934833489         7.3227910843        -2.2685824977 
        1.4500000000         3.1200000000         1.5087770578         7.7211874656        -2.2333530661 
        1.4550000000         3.1200000000         1.4934833489         7.3227910843        -2.1981236344 
        1.4600000000         3.1200000000         1.4960323003         7.3891904812        -2.1628942028 
        1.4650000000         3.1200000000         1.4985812518         7.4555898781        -2.1180567443 
        1.4700034000         3.1200000000         1.5164239122         7.9203856562        -2.0860299883 
        1.4750000000         3.1200000000         1.4832875429         7.0571934969        -2.0411925298 
        1.4800000000         3.1200000000         1.5062281063         7.6547880687        -2.0187738006 
        1.4850000000         3.1200000000         1.4883854459         7.1899922906        -1.9803416934 
        1.4900000000         3.1200000000         1.5011302033         7.5219892749        -1.9547202885 
        1.4950000000         3.1200000000         1.4883854459         7.1899922906        -1.9194908569 
        1.5000000000         3.1200000000         1.5062281063         7.6547880687        -1.8682480472 
        1.5050000000         3.1200000000         1.4960323003         7.3891904812        -1.8362212912 
        1.5100000000         3.1200000000         1.5011302033         7.5219892749        -1.8105998864 
        1.5150000000         3.1200000000         1.5011302033         7.5219892749        -1.7657624279 
        1.5200001000         3.1200000000         1.4985812518         7.4555898781        -1.7273303207 
        1.5250000000         3.1200000000         1.5011302033         7.5219892749        -1.6792901866 
        1.5300001000         3.1200000000         1.5087770578         7.7211874656        -1.6472634306 
        1.5350000000         3.1200000000         1.5062281063         7.6547880687        -1.6216420257 
        1.5400000000         3.1200000000         1.4883854459         7.1899922906        -1.5832099185 
        1.5450000000         3.1200000000         1.5164239122         7.9203856562        -1.5383724600 
        1.5500000000         3.1200000000         1.4883854459         7.1899922906        -1.5159537308 
        1.5550000000         3.1200000000         1.5164239122         7.9203856562        -1.4647109212 
        1.5600000000         3.1200000000         1.4985812518         7.4555898781        -1.4326841651 
        1.5650000000         3.1200000000         1.5087770578         7.7211874656        -1.3942520579 
        1.5700089000         3.1200000000         1.5113260093         7.7875868624        -1.3622253018 
        1.5750000000         3.1200000000         1.5087770578         7.7211874656        -1.3269958702 
        1.5800000000         3.1200000000         1.5011302033         7.5219892749        -1.2789557361 
        1.5850000000         3.1200000000         1.5138749607         7.8539862593        -1.2469289801 
        1.5900000000         3.1200000000         1.5036791548         7.5883886718        -1.2181048997 
        1.5950000000         3.1200000000         1.5164239122         7.9203856562        -1.1796727924 
        1.6000000000         3.1200000000         1.4934833489         7.3227910843        -1.1444433608 
        1.6050000000         3.1200000000         1.5215218152         8.0531844499        -1.1060112535 
        1.6100000000         3.1200000000         1.5087770578         7.7211874656        -1.0611737951 
        1.6150000000         3.1200000000         1.5087770578         7.7211874656        -1.0227416878 
        1.6200000000         3.1200000000         1.5138749607         7.8539862593        -0.9875122562 
        1.6250000000         3.1200000000         1.4985812518         7.4555898781        -0.9522828245 
        1.6300000000         3.1200000000         1.5240707667         8.1195838468        -0.9170533929 
        1.6350000000         3.1200000000         1.5164239122         7.9203856562        -0.8658105832 
        1.6400000000         3.1200000000         1.5164239122         7.9203856562        -0.8337838272 
        1.6450005000         3.1200000000         1.5189728637         7.9867850530        -0.7953517200 
        1.6500000000         3.1200000000         1.5215218152         8.0531844499        -0.7665276395 
        1.6550001000         3.1200000000         1.5215218152         8.0531844499        -0.7248928567 
        1.6600000000         3.1200000000         1.5138749607         7.8539862593        -0.6832580738 
        1.6650000000         3.1200000000         1.5164239122         7.9203856562        -0.6512313178 
        1.6700089000         3.1200000000         1.5189728637         7.9867850530        -0.5999885081 
        1.6750000000         3.1200000000         1.5164239122         7.9203856562        -0.5679617521 
        1.6800000000         3.1200000000         1.5164239122         7.9203856562        -0.5295296448 
        1.6850000000         3.1200000000         1.5266197182         8.1859832436        -0.4910975376 
        1.6900000000         3.1200000000         1.5215218152         8.0531844499        -0.4526654304 
        1.6950000000         3.1200000000         1.5138749607         7.8539862593        -0.4238413499 
        1.7000000000         3.1200000000         1.5240707667         8.1195838468        -0.3693958647 
        1.7050000000         3.1200000000         1.5215218152         8.0531844499        -0.3501798110 
        1.7100000000         3.1200000000         1.5138749607         7.8539862593        -0.3085450282 
        1.7150000000         3.1200000000         1.5215218152         8.0531844499        -0.2508968673 
        1.7200000000         3.1200000000         1.5087770578         7.7211874656        -0.2284781381 
        1.7250000000         3.1200000000         1.5291686697         8.2523826405        -0.1836406796 
        1.7300000000         3.1200000000         1.5189728637         7.9867850530        -0.1452085724 
        1.7350000000         3.1200000000         1.5266197182         8.1859832436        -0.0971684383 
        1.7400000000         3.1200000000         1.5317176211         8.3187820374        -0.0555336555 
        1.7450000000         3.1200000000         1.5189728637         7.9867850530        -0.0363176019 
        1.7500000000         3.1200000000         1.5266197182         8.1859832436         0.0021145054 
        1.7550000000         3.1200000000         1.5240707667         8.1195838468         0.0469519638 
        1.7600000000         3.1200000000         1.5189728637         7.9867850530         0.0853840711 
        1.7650000000         3.1200000000         1.5215218152         8.0531844499         0.1334242051 
        1.7700001000         3.1200000000         1.5342665726         8.3851814343         0.1654509612 
        1.7750000000         3.1200000000         1.5087770578         7.7211874656         0.1942750416 
        1.7800001000         3.1200000000         1.5317176211         8.3187820374         0.2455178513 
        1.7850000000         3.1200000000         1.5189728637         7.9867850530         0.2807472829 
        1.7900000000         3.1200000000         1.5189728637         7.9867850530         0.3287874170 
        1.7950000000         3.1200000000         1.5189728637         7.9867850530         0.3512061462 
        1.8000000000         3.1200000000         1.5368155241         8.4515808311         0.4056516315 
        1.8050000000         3.1200000000         1.5189728637         7.9867850530         0.4440837387 
        1.8100000000         3.1200000000         1.5266197182         8.1859832436         0.4793131704 
        1.8150000000         3.1200000000         1.5215218152         8.0531844499         0.5177452776 
        1.8200000000         3.1200000000         1.5317176211         8.3187820374         0.5561773849 
        1.8250000000         3.1200000000         1.5215218152         8.0531844499         0.5946094921 
        1.8300000000         3.1200000000         1.5189728637         7.9867850530         0.6266362481 
        1.8350000000         3.1200000000         1.5138749607         7.8539862593         0.6714737066 
        1.8400000000         3.1200000000         1.5368155241         8.4515808311         0.7131084894 
        1.8450000000         3.1200000000         1.5113260093         7.7875868624         0.7451352455 
        1.8500000000         3.1200000000         1.5266197182         8.1859832436         0.8027834063 
        1.8550000000         3.1200000000         1.5189728637         7.9867850530         0.8412155136 
        1.8600000000         3.1200000000         1.5266197182         8.1859832436         0.8764449452 
        1.8650000000         3.1200000000         1.5317176211         8.3187820374         0.9212824037 
        1.8700000000         3.1200000000         1.5317176211         8.3187820374         0.9629171865 
        1.8750000000         3.1200000000         1.5011302033         7.5219892749         0.9885385914 
        1.8800000000         3.1200000000         1.5164239122         7.9203856562         1.0205653474 
        1.8850000000         3.1200000000         1.5291686697         8.2523826405         1.0814161839 
        1.8900000000         3.1200000000         1.5138749607         7.8539862593         1.1102402643 
        1.8950001000         3.1200000000         1.5266197182         8.1859832436         1.1518750472 
        1.9003231000         3.1200000000         1.5215218152         8.0531844499         1.1903071544 
        1.9050001000         3.1200000000         1.5011302033         7.5219892749         1.2255365860 
        1.9100000000         3.1200000000         1.4960323003         7.3891904812         1.2607660177 
        1.9150000000         3.1200000000         1.5342665726         8.3851814343         1.3152115030 
        1.9200000000         3.1200000000         1.4985812518         7.4555898781         1.3376302322 
        1.9250000000         3.1200000000         1.5342665726         8.3851814343         1.3888730418 
        1.9300000000         3.1200000000         1.5138749607         7.8539862593         1.4305078247 
        1.9350000000         3.1200000000         1.4832875429         7.0571934969         1.4561292295 
        1.9400000000         3.1200000000         1.5291686697         8.2523826405         1.5009666880 
        1.9450000000         3.1200000000         1.4756406885         6.8579953063         1.5265880928 
        1.9500000000         3.1200000000         1.5164239122         7.9203856562         1.5618175245 
        1.9550000000         3.1200000000         1.4679938340         6.6587971156         1.5874389293 
        1.9600000000         3.1200000000         1.5342665726         8.3851814343         1.6386817389 
        1.9650000000         3.1200000000         1.4679938340         6.6587971156         1.6611004682 
        1.9700000000         3.1200000000         1.4858364944         7.1235928937         1.6963298998 
        1.9750000000         3.1200000000         1.5087770578         7.7211874656         1.7411673583 
        1.9800000000         3.1200000000         1.4858364944         7.1235928937         1.7795994655 
        1.9850000000         3.1200000000         1.4832875429         7.0571934969         1.8148288972 
        1.9900000000         3.1200000000         1.4985812518         7.4555898781         1.8468556532 
        1.9950000000         3.1200000000         1.4909343974         7.2563916875         1.8884904360 
        2.0000000000         3.1200000000         1.4858364944         7.1235928937         1.9173145165 
        2.0050000000         3.1200000000         1.5368155241         8.4515808311         1.9621519749 
        2.0100000000         3.1200000000         1.4858364944         7.1235928937         1.9941787310 
        2.0150001000         3.1200000000         1.4832875429         7.0571934969         2.0294081626 
        2.0200001000         3.1200000000         1.4807385914         6.9907941000         2.0678402699 
        2.0250000000         3.1200000000         1.4985812518         7.4555898781         2.1126777283 
        2.0300000000         3.1200000000         1.4756406885         6.8579953063         2.1447044843 
        2.0350001000         3.1200000000         1.4883854459         7.1899922906         2.1799339160 
        2.0400000000         3.1200000000         1.4756406885         6.8579953063         2.1991499696 
        2.0451225000         3.1200000000         1.4883854459         7.1899922906         2.2600008061 
        2.0500000000         3.1200000000         1.4654448825         6.5923977188         2.2728115085 
        2.0550000000         3.1200000000         1.5011302033         7.5219892749         2.3144462913 
        2.0600000000         3.1200000000         1.4807385914         6.9907941000         2.3496757230 
        2.0653176000         3.1200000000         1.4858364944         7.1235928937         2.3849051546 
        2.0700000000         3.1200000000         1.4832875429         7.0571934969         2.4329452887 
        2.0750000000         3.1200000000         1.5113260093         7.7875868624         2.4681747203 
        2.0800000000         3.1200000000         1.4756406885         6.8579953063         2.4873907740 
        2.0850000000         3.1200000000         1.4960323003         7.3891904812         2.5386335836 
        2.0900000000         3.1200000000         1.4909343974         7.2563916875         2.5642549884 
        2.0950000000         3.1200000000         1.4960323003         7.3891904812         2.6122951225 
        2.1000000000         3.1200000000         1.4934833489         7.3227910843         2.6411192029 
        2.1050000000         3.1200000000         1.4985812518         7.4555898781         2.6795513102 
        2.1100000000         3.1200000000         1.4934833489         7.3227910843         2.7211860930 
        2.1150000000         3.1200000000         1.4934833489         7.3227910843         2.7628208759 
        2.1200000000         3.1200000000         1.4960323003         7.3891904812         2.7884422807 
        2.1250000000         3.1200000000         1.4934833489         7.3227910843         2.8204690368 
        2.1300000000         3.1200000000         1.4883854459         7.1899922906         2.8685091708 
        2.1350000000         3.1200000000         1.4858364944         7.1235928937         2.8973332512 
        2.1400001000         3.1200000000         1.4960323003         7.3891904812         2.9261573317 
        2.1450000000         3.1200000000         1.4807385914         6.9907941000         2.9645894389 
        2.1500000000         3.1200000000         1.4858364944         7.1235928937         3.0062242218 
        2.1550000000         3.1200000000         1.5062281063         7.6547880687         3.0574670314 
        2.1600001000         3.1200000000         1.4960323003         7.3891904812         3.0830884363 
        2.1650000000         3.1200000000         1.4858364944         7.1235928937         3.1215205435 
        2.1700000000         3.1200000000         1.5113260093         7.7875868624         3.1407365971 
        2.1750000000         3.1200000000         1.4679938340         6.6587971156         3.1311285703 
        2.1800000000         3.1200000000         1.5138749607         7.8539862593         3.1471419483 
        2.1850000000         3.1200000000         1.4756406885         6.8579953063         3.1279258947 
        2.1900000000         3.1200000000         1.4985812518         7.4555898781        -1.7625597523 
        2.1950000000         3.1200000000         1.4960323003         7.3891904812        -1.7561544011 
        2.2000000000         3.1200000000         1.5087770578         7.7211874656        -3.1301022351 
        2.2050000000         3.1200000000         1.4985812518         7.4555898781        -3.1429129376 
        2.2100000000         3.1200000000         1.4781896399         6.9243947031        -3.1461156132 
        2.2150000000         3.1200000000         1.5138749607         7.8539862593        -3.1429129376 
        2.2200000000         3.1200000000         1.4883854459         7.1899922906        -3.1301022351 
        2.2250000000         3.1200000000         1.5036791548         7.5883886718        -3.1044808303 
        2.2300000000         3.1200000000         1.4934833489         7.3227910843        -3.0564406963 
        2.2350000000         3.1200000000         1.5138749607         7.8539862593        -3.0180085890 
        2.2400000000         3.1200000000         1.4858364944         7.1235928937        -2.9827791574 
        2.2450000000         3.1200000000         1.5164239122         7.9203856562        -2.9443470501 
        2.2500000000         3.1200000000         1.4832875429         7.0571934969        -2.8899015649 
        2.2550000000         3.1200000000         1.5087770578         7.7211874656        -2.8610774844 
        2.2600000000         3.1200000000         1.4858364944         7.1235928937        -2.8258480528 
        2.2650001000         3.1200000000         1.5087770578         7.7211874656        -2.7842132699 
        2.2700000000         3.1200000000         1.5011302033         7.5219892749        -2.7457811627 
        2.2750000000         3.1200000000         1.4858364944         7.1235928937        -2.7169570823 
        2.2800000000         3.1200000000         1.5036791548         7.5883886718        -2.6753222994 
        2.2850001000         3.1200000000         1.4960323003         7.3891904812        -2.6464982190 
        2.2900000000         3.1200000000         1.5011302033         7.5219892749        -2.6144714629 
        2.2950000000         3.1200000000         1.4883854459         7.1899922906        -2.5568233021 
        2.3000000000         3.1200000000         1.5164239122         7.9203856562        -2.5344045728 
        2.3050000000         3.1200000000         1.4807385914         6.9907941000        -2.4959724656 
        2.3100000000         3.1200000000         1.5266197182         8.1859832436        -2.4415269803 
        2.3150000000         3.1200000000         1.4883854459         7.1899922906        -2.4159055755 
        2.3200000000         3.1200000000         1.5087770578         7.7211874656        -2.3806761439 
        2.3250000000         3.1200000000         1.4807385914         6.9907941000        -2.3454467122 
        2.3300000000         3.1200000000         1.5215218152         8.0531844499        -2.3006092538 
        2.3350000000         3.1200000000         1.4781896399         6.9243947031        -2.2717851733 
        2.3400000000         3.1200000000         1.5189728637         7.9867850530        -2.2205423637 
        2.3450000000         3.1200000000         1.5036791548         7.5883886718        -2.1917182832 
        2.3500000000         3.1200000000         1.5138749607         7.8539862593        -2.1532861760 
        2.3550000000         3.1200000000         1.4985812518         7.4555898781        -2.1084487175 
        2.3600000000         3.1200000000         1.5266197182         8.1859832436        -2.0796246371 
        2.3650033000         3.1200000000         1.4807385914         6.9907941000        -2.0443952055 
        2.3700000000         3.1200000000         1.5215218152         8.0531844499        -1.9995577470 
        2.3750000000         3.1200000000         1.5011302033         7.5219892749        -1.9675309910 
        2.3800000000         3.1200000000         1.5138749607         7.8539862593        -1.9419095861 
        2.3850000000         3.1200000000         1.4985812518         7.4555898781        -1.8970721277 
        2.3900001000         3.1200000000         1.5164239122         7.9203856562        -1.8586400204 
        2.3950000000         3.1200000000         1.5036791548         7.5883886718        -1.8170052376 
        2.4000000000         3.1200000000         1.5189728637         7.9867850530        -1.7785731303 
        2.4050000000         3.1200000000         1.5164239122         7.9203856562        -1.7369383475 
        2.4100019000         3.1200000000         1.4960323003         7.3891904812        -1.7017089158 
        2.4150000000         3.1200000000         1.4985812518         7.4555898781        -1.6760875110 
        2.4200000000         3.1200000000         1.5138749607         7.8539862593        -1.6408580794 
        2.4250000000         3.1200000000         1.5036791548         7.5883886718        -1.5896152697 
        2.4300000000         3.1200000000         1.5164239122         7.9203856562        -1.5639938649 
        2.4350000000         3.1200000000         1.5138749607         7.8539862593        -1.5255617576 
        2.4400000000         3.1200000000         1.5215218152         8.0531844499        -1.4775216236 
        2.4450000000         3.1200000000         1.5164239122         7.9203856562        -1.4390895163 
        2.4500000000         3.1200000000         1.5189728637         7.9867850530        -1.4006574091 
        2.4550000000         3.1200000000         1.5164239122         7.9203856562        -1.3654279774 
        2.4600000000         3.1200000000         1.5138749607         7.8539862593        -1.3237931946 
        2.4650000000         3.1200000000         1.5164239122         7.9203856562        -1.2949691142 
        2.4700000000         3.1200000000         1.5240707667         8.1195838468        -1.2469289801 
        2.4750000000         3.1200000000         1.5215218152         8.0531844499        -1.2052941973 
        2.4800000000         3.1200000000         1.5291686697         8.2523826405        -1.1604567388 
        2.4850000000         3.1200000000         1.5164239122         7.9203856562        -1.1316326584 
        2.4900000000         3.1200000000         1.5266197182         8.1859832436        -1.0867951999 
        2.4950000000         3.1200000000         1.5291686697         8.2523826405        -1.0355523902 
        2.5000000000         3.1200000000         1.5368155241         8.4515808311        -1.0035256342 
        2.5050000000         3.1200000000         1.5189728637         7.9867850530        -0.9779042294 
        2.5100000000         3.1200000000         1.5240707667         8.1195838468        -0.9458774733 
        2.5150001000         3.1200000000         1.5317176211         8.3187820374        -0.8946346637 
        2.5200000000         3.1200000000         1.5215218152         8.0531844499        -0.8594052320 
        2.5250000000         3.1200000000         1.5215218152         8.0531844499        -0.8241758004 
        2.5300000000         3.1200000000         1.5393644756         8.5179802280        -0.7665276395 
        2.5350001000         3.1200000000         1.5291686697         8.2523826405        -0.7345008835 
        2.5400000000         3.1200000000         1.5317176211         8.3187820374        -0.6960687762 
        2.5450000000         3.1200000000         1.7279868856        13.4315355963        -0.6480286422 
        2.5500000000         3.1200000000         1.5240707667         8.1195838468        -0.6192045618 
        2.5550000000         3.1200000000         1.5368155241         8.4515808311        -0.5775697789 
        2.5600000000         3.1200000000         1.5368155241         8.4515808311        -0.5295296448 
        2.5650000000         3.1200000000         1.5368155241         8.4515808311        -0.5039082400 
        2.5700000000         3.1200000000         1.5266197182         8.1859832436        -0.4526654304 
        2.5750000000         3.1200000000         1.5368155241         8.4515808311        -0.4142333231 
        2.5800000000         3.1200000000         1.5266197182         8.1859832436        -0.3725985403 
        2.5850000000         3.1200000000         1.5419134271         8.5843796249        -0.3245584062 
        2.5900000000         3.1200000000         1.5266197182         8.1859832436        -0.2957343258 
        2.5950000000         3.1200000000         1.5291686697         8.2523826405        -0.2540995429 
        2.6000000000         3.1200000000         1.5215218152         8.0531844499        -0.2220727869 
        2.6050000000         3.1200000000         1.5342665726         8.3851814343        -0.1804380040 
        2.6100000000         3.1200000000         1.5317176211         8.3187820374        -0.1291951944 
        2.6150000000         3.1200000000         1.5317176211         8.3187820374        -0.0939657627 
        2.6200000000         3.1200000000         1.5342665726         8.3851814343        -0.0523309799 
        2.6250000000         3.1200000000         1.5317176211         8.3187820374        -0.0171015482 
        2.6300000000         3.1200000000         1.5113260093         7.7875868624         0.0149252078 
        2.6350000000         3.1200000000         1.5291686697         8.2523826405         0.0533573151 
        2.6400001000         3.1200000000         1.5317176211         8.3187820374         0.1078028003 
        2.6450000000         3.1200000000         1.5266197182         8.1859832436         0.1430322320 
        2.6500000000         3.1200000000         1.5342665726         8.3851814343         0.1814643392 
        2.6550000000         3.1200000000         1.5164239122         7.9203856562         0.2230991221 
        2.6600001000         3.1200000000         1.5342665726         8.3851814343         0.2615312293 
        2.6650000000         3.1200000000         1.5495602815         8.7835778155         0.2999633365 
        2.6700000000         3.1200000000         1.5215218152         8.0531844499         0.3448007950 
        2.6750000000         3.1200000000         1.5189728637         7.9867850530         0.3768275510 
        2.6800000000         3.1200000000         1.5138749607         7.8539862593         0.4120569827 
        2.6850000000         3.1200000000         1.5138749607         7.8539862593         0.4536917655 
        2.6900000000         3.1200000000         1.5291686697         8.2523826405         0.4985292240 
        2.6950000000         3.1200000000         1.5087770578         7.7211874656         0.5273533044 
        2.7000000000         3.1200000000         1.5317176211         8.3187820374         0.5753934385 
        2.7050000000         3.1200000000         1.5266197182         8.1859832436         0.6234335725 
        2.7100000000         3.1200000000         1.5291686697         8.2523826405         0.6522576530 
        2.7150000000         3.1200000000         1.5138749607         7.8539862593         0.6906897602 
        2.7200000000         3.1200000000         1.5291686697         8.2523826405         0.7355272187 
        2.7250000000         3.1200000000         1.5164239122         7.9203856562         0.7675539747 
        2.7300000000         3.1200000000         1.5138749607         7.8539862593         0.8155941088 
        2.7350000000         3.1200000000         1.5419134271         8.5843796249         0.8540262160 
        2.7400000000         3.1200000000         1.5113260093         7.7875868624         0.8892556476 
        2.7450000000         3.1200000000         1.5266197182         8.1859832436         0.9308904305 
        2.7500000000         3.1200000000         1.5087770578         7.7211874656         0.9597145109 
        2.7550000000         3.1200000000         1.5138749607         7.8539862593         1.0045519694 
        2.7600000000         3.1200000000         1.5164239122         7.9203856562         1.0525921034 
        2.7650001000         3.1200000000         1.5393644756         8.5179802280         1.0974295619 
        2.7700001000         3.1200000000         1.5036791548         7.5883886718         1.1230509667 
        2.7750000000         3.1200000000         1.5164239122         7.9203856562         1.1774964520 
        2.7801450000         3.1200000000         1.5342665726         8.3851814343         1.2031178568 
        2.7850001000         3.1200000000         1.4883854459         7.1899922906         1.2511579909 
        2.7900000000         3.1200000000         1.5317176211         8.3187820374         1.2895900981 
        2.7950000000         3.1200000000         1.5266197182         8.1859832436         1.3280222054 
        2.8000000000         3.1200000000         1.5087770578         7.7211874656         1.3728596638 
        2.8050058000         3.1200000000         1.5011302033         7.5219892749         1.4016837443 
        2.8100000000         3.1200000000         1.5189728637         7.9867850530         1.4465212027 
        2.8150001000         3.1200000000         1.5011302033         7.5219892749         1.4689399319 
        2.8200000000         3.1200000000         1.4960323003         7.3891904812         1.5009666880 
        2.8250000000         3.1200000000         1.5113260093         7.7875868624         1.5586148488 
        2.8300000000         3.1200000000         1.4781896399         6.9243947031         1.5906416049 
        2.8350000000         3.1200000000         1.5138749607         7.8539862593         1.6290737121 
        2.8400000000         3.1200000000         1.5062281063         7.6547880687         1.6611004682 
        2.8450000000         3.1200000000         1.4807385914         6.9907941000         1.6867218730 
        2.8500000000         3.1200000000         1.3736826290         4.2020194315         1.7283566558 
        2.8550000000         3.1200000000         1.5164239122         7.9203856562         1.7763967899 
        2.8600000000         3.1200000000         1.4119169013         5.1980103845         1.7892074923 
        2.8650000000         3.1200000000         1.5164239122         7.9203856562         1.8340449508 
        2.8700000000         3.1200000000         1.4807385914         6.9907941000         1.8788824092 
        2.8750000000         3.1200000000         1.5215218152         8.0531844499         1.9173145165 
        2.8800000000         3.1200000000         1.4807385914         6.9907941000         1.9525439481 
        2.8850000000         3.1200000000         1.4985812518         7.4555898781         1.9813680286 
        2.8900001000         3.1200000000         1.4807385914         6.9907941000         2.0165974602 
        2.8950000000         3.1200000000         1.4883854459         7.1899922906         2.0454215406 
        2.9000000000         3.1200000000         1.4832875429         7.0571934969         2.0870563235 
        2.9050000000         3.1200000000         1.4807385914         6.9907941000         2.1286911063 
        2.9100001000         3.1200000000         1.4960323003         7.3891904812         2.1671232136 
        2.9150000000         3.1200000000         1.4985812518         7.4555898781         2.2087579964 
        2.9200000000         3.1200000000         1.4985812518         7.4555898781         2.2375820769 
        2.9250000000         3.1200000000         1.4730917370         6.7915959094         2.2632034817 
        2.9300000000         3.1200000000         1.5036791548         7.5883886718         2.3208516426 
        2.9350000000         3.1200000000         1.4858364944         7.1235928937         2.3432703718 
        2.9400000000         3.1200000000         1.5036791548         7.5883886718         2.3849051546 
        2.9450000000         3.1200000000         1.4679938340         6.6587971156         2.4201345863 
        2.9500000000         3.1200000000         1.4960323003         7.3891904812         2.4553640179 
        2.9550000000         3.1200000000         1.4934833489         7.3227910843         2.4905934496 
        2.9600000000         3.1200000000         1.4858364944         7.1235928937         2.5162148544 
        2.9650000000         3.1200000000         1.4832875429         7.0571934969         2.5738630153 
        2.9700000000         3.1200000000         1.4909343974         7.2563916875         2.6026870957 
        2.9750000000         3.1200000000         1.4883854459         7.1899922906         2.6443218785 
        2.9800000000         3.1200000000         1.4960323003         7.3891904812         2.6731459590 
        2.9850007000         3.1200000000         1.4858364944         7.1235928937         2.7179834174 
        2.9900000000         3.1200000000         1.4858364944         7.1235928937         2.7596182003 
        2.9950000000         3.1200000000         1.5011302033         7.5219892749         2.8012529831 
        3.0000000000         3.1200000000         1.5062281063         7.6547880687         2.8396850904 
        3.0050000000         3.1200000000         1.4883854459         7.1899922906         2.8621038196 
        3.0100000000         3.1200000000         1.4883854459         7.1899922906         2.8909279000 
        3.0150001000         3.1200000000         1.5036791548         7.5883886718         2.9357653585 
        3.0200000000         3.1200000000         1.4960323003         7.3891904812         2.9806028169 
        3.0250000000         3.1200000000         1.4960323003         7.3891904812         3.0158322486 
        3.0300000000         3.1200000000         1.5113260093         7.7875868624         3.0670750582 
        3.0350001000         3.1200000000         1.4985812518         7.4555898781         3.1087098411 
        3.0400000000         3.1200000000         1.4934833489         7.3227910843         3.1311285703 
        3.0450000000         3.1200000000         1.4934833489         7.3227910843         3.1407365971 
        3.0500000000         3.1200000000         1.4934833489         7.3227910843         3.1407365971 
        3.0550000000         3.1200000000         1.5087770578         7.7211874656         3.1471419483 
        3.0601785000         3.1200000000         1.4807385914         6.9907941000        -1.3269958702 
        3.0652067000         3.1200000000         1.5113260093         7.7875868624        -1.7465463743 
        3.0700000000         3.1200000000         1.4934833489         7.3227910843        -1.7465463743 
        3.0750001000         3.1200000000         1.4985812518         7.4555898781        -3.1365075864 
        3.0800000000         3.1200000000         1.4960323003         7.3891904812        -3.1301022351 
        3.0850000000         3.1200000000         1.4985812518         7.4555898781        -3.1365075864 
        3.0900000000         3.1200000000         1.4934833489         7.3227910843        -3.1397102620 
        3.0950000000         3.1200000000         1.4960323003         7.3891904812        -3.1301022351 
        3.1000000000         3.1200000000         1.5036791548         7.5883886718        -3.0820621011 
        3.1050000000         3.1200000000         1.4934833489         7.3227910843        -3.0596433719 
        3.1100000000         3.1200000000         1.4909343974         7.2563916875        -3.0244139402 
        3.1150000000         3.1200000000         1.5011302033         7.5219892749        -2.9763738062 
        3.1200000000         3.1200000000         1.5087770578         7.7211874656        -2.9283336721 
        3.1250000000         3.1200000000         1.4934833489         7.3227910843        -2.8899015649 
        3.1300000000         3.1200000000         1.5087770578         7.7211874656        -2.8514694576 
        3.1350000000         3.1200000000         1.4807385914         6.9907941000        -2.8258480528 
        3.1400001000         3.1200000000         1.5138749607         7.8539862593        -2.7778079187 
        3.1450000000         3.1200000000         1.4858364944         7.1235928937        -2.7457811627 
        3.1500000000         3.1200000000         1.5189728637         7.9867850530        -2.7137544067 
        3.1550000000         3.1200000000         1.4807385914         6.9907941000        -2.6817276506 
        3.1600001000         3.1200000000         1.5189728637         7.9867850530        -2.6400928678 
        3.1650000000         3.1200000000         1.4909343974         7.2563916875        -2.6016607605 
        3.1700000000         3.1200000000         1.4909343974         7.2563916875        -2.5664313289 
        3.1750000000         3.1200000000         1.5113260093         7.7875868624        -2.5279992216 
        3.1800075000         3.1200000000         1.4781896399         6.9243947031        -2.5023778168 
        3.1850000000         3.1200000000         1.4985812518         7.4555898781        -2.4639457096 
        3.1900000000         3.1200000000         1.4807385914         6.9907941000        -2.4159055755 
        3.1950000000         3.1200000000         1.5138749607         7.8539862593        -2.3902841707 
        3.2000001000         3.1200000000         1.4705427855         6.7251965125        -2.3518520634 
        3.2050000000         3.1200000000         1.5240707667         8.1195838468        -2.2974065782 
        3.2100000000         3.1200000000         1.4934833489         7.3227910843        -2.2781905245 
        3.2150000000         3.1200000000         1.5087770578         7.7211874656        -2.2333530661 
        3.2200000000         3.1200000000         1.4858364944         7.1235928937        -2.1981236344 
        3.2250000000         3.1200000000         1.5164239122         7.9203856562        -2.1564888516 
        3.2300000000         3.1200000000         1.4552490766         6.3268001313        -2.1244620955 
        3.2350000000         3.1200000000         1.5189728637         7.9867850530        -2.0860299883 
        3.2400000000         3.1200000000         1.4883854459         7.1899922906        -2.0443952055 
        3.2450000000         3.1200000000         1.5164239122         7.9203856562        -2.0155711250 
        3.2500000000         3.1200000000         1.5011302033         7.5219892749        -1.9739363422 
        3.2550000000         3.1200000000         1.5215218152         8.0531844499        -1.9323015593 
        3.2600000000         3.1200000000         1.5062281063         7.6547880687        -1.9034774789 
        3.2650001000         3.1200000000         1.4654448825         6.5923977188        -1.8714507228 
        3.2700000000         3.1200000000         1.5266197182         8.1859832436        -1.8298159400 
        3.2750000000         3.1200000000         1.4858364944         7.1235928937        -1.7945865084 
        3.2800000000         3.1200000000         1.5087770578         7.7211874656        -1.7593570767 
        3.2850001000         3.1200000000         1.5011302033         7.5219892749        -1.7209249695 
        3.2900000000         3.1200000000         1.5036791548         7.5883886718        -1.6856955378 
        3.2950000000         3.1200000000         1.4960323003         7.3891904812        -1.6568714574 
        3.3000000000         3.1200000000         1.5138749607         7.8539862593        -1.6056286477 
        3.3050000000         3.1200000000         1.5087770578         7.7211874656        -1.5768045673 
        3.3100000000         3.1200000000         1.4985812518         7.4555898781        -1.5319671088 
        3.3150000000         3.1200000000         1.5164239122         7.9203856562        -1.4999403528 
        3.3200000000         3.1200000000         1.5062281063         7.6547880687        -1.4615082456 
        3.3250001000         3.1200000000         1.5011302033         7.5219892749        -1.4326841651 
        3.3300000000         3.1200000000         1.5189728637         7.9867850530        -1.3782386799 
        3.3350190000         3.1200000000         1.5138749607         7.8539862593        -1.3558199506 
        3.3400000000         3.1200000000         1.5113260093         7.7875868624        -1.3109824922 
        3.3450000000         3.1200000000         1.5189728637         7.9867850530        -1.2725503849 
        3.3507551000         3.1200000000         1.5138749607         7.8539862593        -1.2245102509 
        3.3550000000         3.1200000000         1.5342665726         8.3851814343        -1.1828754680 
        3.3601162000         3.1200000000         1.5138749607         7.8539862593        -1.1572540632 
        3.3650000000         3.1200000000         1.5138749607         7.8539862593        -1.1188219559 
        3.3700000000         3.1200000000         1.5317176211         8.3187820374        -1.0675791463 
        3.3750000000         3.1200000000         1.5189728637         7.9867850530        -1.0323497146 
        3.3800000000         3.1200000000         1.5240707667         8.1195838468        -1.0035256342 
        3.3850000000         3.1200000000         1.5189728637         7.9867850530        -0.9586881758 
        3.3900001000         3.1200000000         1.5291686697         8.2523826405        -0.9298640953 
        3.3950000000         3.1200000000         1.5291686697         8.2523826405        -0.8882293125 
        3.4000000000         3.1200000000         1.5087770578         7.7211874656        -0.8594052320 
        3.4050000000         3.1200000000         1.5189728637         7.9867850530        -0.8177704492 
        3.4100001000         3.1200000000         1.5215218152         8.0531844499        -0.7633249639 
        3.4150000000         3.1200000000         1.5342665726         8.3851814343        -0.7248928567 
        3.4200000000         3.1200000000         1.5138749607         7.8539862593        -0.7024741275 
        3.4250071000         3.1200000000         1.5266197182         8.1859832436        -0.6480286422 
        3.4300000000         3.1200000000         1.5266197182         8.1859832436        -0.6224072374 
        3.4350000000         3.1200000000         1.5368155241         8.4515808311        -0.5743671033 
        3.4400000000         3.1200000000         1.5342665726         8.3851814343        -0.5295296448 
        3.4450000000         3.1200000000         1.5266197182         8.1859832436        -0.5007055644 
        3.4500005000         3.1200000000         1.5393644756         8.5179802280        -0.4526654304 
        3.4550000000         3.1200000000         1.5240707667         8.1195838468        -0.4174359987 
        3.4600000000         3.1200000000         1.5189728637         7.9867850530        -0.3854092427 
        3.4650000000         3.1200000000         1.5317176211         8.3187820374        -0.3437744598 
        3.4700000000         3.1200000000         1.5189728637         7.9867850530        -0.2989370014 
        3.4750000000         3.1200000000         1.5419134271         8.5843796249        -0.2540995429 
        3.4800000000         3.1200000000         1.5164239122         7.9203856562        -0.2316808137 
        3.4850000000         3.1200000000         1.5291686697         8.2523826405        -0.1836406796 
        3.4900000000         3.1200000000         1.5189728637         7.9867850530        -0.1452085724 
        3.4950000000         3.1200000000         1.5393644756         8.5179802280        -0.0971684383 
        3.5000000000         3.1200000000         1.5189728637         7.9867850530        -0.0587363311 
        3.5050000000         3.1200000000         1.5189728637         7.9867850530        -0.0299122506 
        3.5100000000         3.1200000000         1.5164239122         7.9203856562        -0.0010881702 
        3.5150001000         3.1200000000         1.5342665726         8.3851814343         0.0565599907 
        3.5200000000         3.1200000000         1.5266197182         8.1859832436         0.0885867467 
        3.5250000000         3.1200000000         1.5164239122         7.9203856562         0.1174108271 
        3.5300000000         3.1200000000         1.5266197182         8.1859832436         0.1654509612 
        3.5350001000         3.1200000000         1.5342665726         8.3851814343         0.2134910952 
        3.5400000000         3.1200000000         1.5189728637         7.9867850530         0.2487205269 
        3.5450000000         3.1200000000         1.5189728637         7.9867850530         0.2775446073 
        3.5500000000         3.1200000000         1.5138749607         7.8539862593         0.3255847414 
        3.5550000000         3.1200000000         1.5317176211         8.3187820374         0.3576114974 
        3.5600000000         3.1200000000         1.5291686697         8.2523826405         0.4024489559 
        3.5650000000         3.1200000000         1.5266197182         8.1859832436         0.4344757119 
        3.5700000000         3.1200000000         1.5215218152         8.0531844499         0.4825158460 
        3.5750001000         3.1200000000         1.5164239122         7.9203856562         0.5081372508 
        3.5800000000         3.1200000000         1.5368155241         8.4515808311         0.5593800605 
        3.5850000000         3.1200000000         1.5189728637         7.9867850530         0.5946094921 
        3.5900000000         3.1200000000         1.5164239122         7.9203856562         0.6330415993 
        3.5950000000         3.1200000000         1.5138749607         7.8539862593         0.6618656798 
        3.6000046000         3.1200000000         1.5240707667         8.1195838468         0.7163111650 
        3.6050039000         3.1200000000         1.5291686697         8.2523826405         0.7579459479 
        3.6100000000         3.1200000000         1.5393644756         8.5179802280         0.8027834063 
        3.6150000000         3.1200000000         1.5138749607         7.8539862593         0.8412155136 
        3.6200001000         3.1200000000         1.5240707667         8.1195838468         0.8700395940 
        3.6250000000         3.1200000000         1.5368155241         8.4515808311         0.9212824037 
        3.6300000000         3.1200000000         1.5164239122         7.9203856562         0.9469038085 
        3.6350000000         3.1200000000         1.5266197182         8.1859832436         0.9949439426 
        3.6400001000         3.1200000000         1.5164239122         7.9203856562         1.0237680230 
        3.6450000000         3.1200000000         1.5189728637         7.9867850530         1.0686054815 
        3.6500000000         3.1200000000         1.5215218152         8.0531844499         1.1134429399 
        3.6550000000         3.1200000000         1.5266197182         8.1859832436         1.1454696960 
        3.6600001000         3.1200000000         1.5087770578         7.7211874656         1.1839018032 
        3.6650000000         3.1200000000         1.5164239122         7.9203856562         1.2223339104 
        3.6700000000         3.1200000000         1.5087770578         7.7211874656         1.2511579909 
        3.6750000000         3.1200000000         1.5087770578         7.7211874656         1.2927927737 
        3.6800000000         3.1200000000         1.5011302033         7.5219892749         1.3472382590 
        3.6850000000         3.1200000000         1.5138749607         7.8539862593         1.3792650150 
        3.6900000000         3.1200000000         1.4960323003         7.3891904812         1.4144944467 
        3.6950072000         3.1200000000         1.5164239122         7.9203856562         1.4657372563 
        3.7000072000         3.1200000000         1.4960323003         7.3891904812         1.4817506344 
        3.7050000000         3.1200000000         1.4883854459         7.1899922906         1.5233854172 
        3.7100000000         3.1200000000         1.4883854459         7.1899922906         1.5586148488 
        3.7150000000         3.1200000000         1.4934833489         7.3227910843         1.5970469561 
        3.7200000000         3.1200000000         1.4934833489         7.3227910843         1.6290737121 
        3.7250000000         3.1200000000         1.4450532706         6.0612025438         1.6578977926 
        3.7300000000         3.1200000000         1.4807385914         6.9907941000         1.7027352510 
        3.7350000000         3.1200000000         1.5164239122         7.9203856562         1.7315593315 
        3.7400000000         3.1200000000         1.4730917370         6.7915959094         1.7699914387 
        3.7450000000         3.1200000000         1.5011302033         7.5219892749         1.8084235459 
        3.7500000000         3.1200000000         1.4960323003         7.3891904812         1.8564636800 
        3.7550000000         3.1200000000         1.5011302033         7.5219892749         1.8724770580 
        3.7600000000         3.1200000000         1.5011302033         7.5219892749         1.9301252189 
        3.7650001000         3.1200000000         1.4603469795         6.4595989250         1.9461385969 
        3.7700000000         3.1200000000         1.5062281063         7.6547880687         2.0037867578 
        3.7750000000         3.1200000000         1.4730917370         6.7915959094         2.0294081626 
        3.7800000000         3.1200000000         1.5444623786         8.6507790217         2.0742456211 
        3.7850001000         3.1200000000         1.3456441627         3.4716260659         2.0998670259 
        3.7900000000         3.1200000000         1.4832875429         7.0571934969         2.1286911063 
        3.7950000000         3.1200000000         1.6668120499        11.8379500715         2.1735285648 
        3.8000000000         3.1200000000         1.4909343974         7.2563916875         2.2055553208 
        3.8050000000         3.1200000000         1.6183819717        10.5763615309         2.2375820769 
        3.8100000000         3.1200000000         1.4960323003         7.3891904812         2.2792168597 
        3.8150000000         3.1200000000         1.5215218152         8.0531844499         2.3240543182 
        3.8200000000         3.1200000000         1.4170148043         5.3308091783         2.3368650206 
        3.8250001000         3.1200000000         1.5011302033         7.5219892749         2.3881078302 
        3.8300000000         3.1200000000         1.4628959310         6.5259983219         2.4297426131 
        3.8350000000         3.1200000000         1.5164239122         7.9203856562         2.4553640179 
        3.8400000000         3.1200000000         1.4628959310         6.5259983219         2.4905934496 
        3.8450000000         3.1200000000         1.5062281063         7.6547880687         2.5386335836 
        3.8500000000         3.1200000000         1.4705427855         6.7251965125         2.5610523128 
        3.8550000000         3.1200000000         1.4960323003         7.3891904812         2.6090924469 
        3.8600000000         3.1200000000         1.4883854459         7.1899922906         2.6475245541 
        3.8650000000         3.1200000000         1.4807385914         6.9907941000         2.6699432834 
        3.8700000000         3.1200000000         1.4883854459         7.1899922906         2.7083753906 
        3.8750000000         3.1200000000         1.4628959310         6.5259983219         2.7371994711 
        3.8800000000         3.1200000000         1.4960323003         7.3891904812         2.7916449563 
        3.8850000000         3.1200000000         1.4679938340         6.6587971156         2.8236717124 
        3.8900001000         3.1200000000         1.4832875429         7.0571934969         2.8524957928 
        3.8950000000         3.1200000000         1.4730917370         6.7915959094         2.8845225488 
        3.9000000000         3.1200000000         1.5087770578         7.7211874656         2.9293600073 
        3.9050000000         3.1200000000         1.4603469795         6.4595989250         2.9517787365 
        3.9100001000         3.1200000000         1.4883854459         7.1899922906         2.9934135194 
        3.9150000000         3.1200000000         1.4858364944         7.1235928937         3.0286429510 
        3.9200000000         3.1200000000         1.4807385914         6.9907941000         3.0702777339 
        3.9250000000         3.1200000000         1.4807385914         6.9907941000         3.0991018143 
        3.9300000000         3.1200000000         1.4858364944         7.1235928937         3.1311285703 
        3.9350000000         3.1200000000         1.4807385914         6.9907941000         3.1343312459 
        3.9400000000         3.1200000000         1.4730917370         6.7915959094         3.1439392727 
        3.9450000000         3.1200000000         1.5062281063         7.6547880687         3.1503446239 
        3.9500001000         3.1200000000         1.4807385914         6.9907941000        -1.7337356719 
        3.9550000000         3.1200000000         1.4985812518         7.4555898781        -1.7529517255 
        3.9600000000         3.1200000000         1.4960323003         7.3891904812        -1.7497490499 
        3.9650000000         3.1200000000         1.4858364944         7.1235928937        -3.1397102620 
        3.9700001000         3.1200000000         1.4960323003         7.3891904812        -3.1301022351 
        3.9750000000         3.1200000000         1.4909343974         7.2563916875        -3.1429129376 
        3.9800000000         3.1200000000         1.5036791548         7.5883886718        -3.1301022351 
        3.9850000000         3.1200000000         1.4858364944         7.1235928937        -3.1268995595 
        3.9900000000         3.1200000000         1.4960323003         7.3891904812        -3.0916701279 
        3.9950000000         3.1200000000         1.4858364944         7.1235928937        -3.0628460475 
