           Time[sec]  \omega_{cmd}[rad/s]          V_{gyro}[V] \omega_{gyro}[rad/s]          \theta[rad] 
        0.0000000000         1.9200000000         1.2054518309        -0.1803407619        -2.4030948731 
        0.0050000000         1.9200000000         1.2054518309        -0.1803407619        -2.4030948731 
        0.0100000000         1.9200000000         1.2130986854         0.0188574287        -2.3870814951 
        0.0150000000         1.9200000000         1.2054518309        -0.1803407619        -2.4030948731 
        0.0200000000         1.9200000000         1.2156476369         0.0852568256        -2.3870814951 
        0.0250030000         1.9200000000         1.1238853834        -2.3051214617        -2.4030948731 
        0.0300000000         1.9200000000         1.0780042567        -3.5003106054        -2.4223109267 
        0.0350000000         1.9200000000         1.1366301408        -1.9731244774        -2.4287162779 
        0.0400000000         1.9200000000         1.0932979656        -3.1019142241        -2.4511350071 
        0.0450000000         1.9200000000         1.0831021596        -3.3675118116        -2.4511350071 
        0.0500000000         1.9200000000         1.0780042567        -3.5003106054        -2.4767564120 
        0.0550000000         1.9200000000         1.0958469171        -3.0355148273        -2.4831617632 
        0.0600000000         1.9200000000         1.0703574022        -3.6995087960        -2.5087831680 
        0.0650000000         1.9200000000         1.0678084507        -3.7659081928        -2.5376072484 
        0.0700000000         1.9200000000         1.0474168388        -4.2971033678        -2.5472152753 
        0.0750000000         1.9200000000         1.0729063537        -3.6331093991        -2.5664313289 
        0.0800000000         1.9200000000         1.0448678873        -4.3635027647        -2.5952554093 
        0.0850000000         1.9200000000         1.0525147418        -4.1643045741        -2.6080661117 
        0.0900000000         1.9200000000         1.0499657903        -4.2307039709        -2.6208768141 
        0.0950000000         1.9200000000         1.0448678873        -4.3635027647        -2.6529035702 
        0.1000000000         1.9200000000         1.0576126448        -4.0315057803        -2.6721196238 
        0.1050000000         1.9200000000         1.0270252269        -4.8282985428        -2.6977410286 
        0.1100000000         1.9200000000         1.0270252269        -4.8282985428        -2.7201597579 
        0.1150000000         1.9200000000         1.0474168388        -4.2971033678        -2.7457811627 
        0.1200000000         1.9200000000         1.0295741784        -4.7618991459        -2.7681998919 
        0.1250000000         1.9200000000         1.0270252269        -4.8282985428        -2.7874159455 
        0.1300000000         1.9200000000         1.0244762754        -4.8946979396        -2.8258480528 
        0.1350000000         1.9200000000         1.0270252269        -4.8282985428        -2.8386587552 
        0.1400000000         1.9200000000         1.0270252269        -4.8282985428        -2.8610774844 
        0.1450000000         1.9200000000         1.0244762754        -4.8946979396        -2.8834962137 
        0.1500000000         1.9200000000         1.0142804695        -5.1602955271        -2.9219283209 
        0.1550000000         1.9200000000         1.0372210329        -4.5627009553        -2.9379416989 
        0.1600000000         1.9200000000         1.0091825665        -5.2930943208        -2.9667657794 
        0.1650000000         1.9200000000         1.0117315180        -5.2266949240        -3.0051978866 
        0.1700000000         1.9200000000         1.0040846636        -5.4258931146        -3.0340219670 
        0.1750000000         1.9200000000         1.0219273240        -4.9610973365        -3.0500353451 
        0.1800000000         1.9200000000         1.0117315180        -5.2266949240        -3.0660487231 
        0.1850000000         1.9200000000         1.0244762754        -4.8946979396        -3.0948728035 
        0.1900000000         1.9200000000         1.0040846636        -5.4258931146        -3.1333049108 
        0.1950000000         1.9200000000         1.0270252269        -4.8282985428        -3.1333049108 
        0.2000000000         1.9200000000         1.0142804695        -5.1602955271        -3.1301022351 
        0.2050000000         1.9200000000         1.0066336150        -5.3594937177        -3.1493182888 
        0.2100000000         1.9200000000         1.0040846636        -5.4258931146        -3.1525209644 
        0.2150000000         1.9200000000         1.0193783725        -5.0274967334        -3.1333049108 
        0.2200000000         1.9200000000         1.0015357121        -5.4922925114        -3.1397102620 
        0.2250000000         1.9200000000         0.9964378091        -5.6250913052        -1.7753704547 
        0.2300000000         1.9200000000         1.0091825665        -5.2930943208        -1.7497490499 
        0.2350000000         1.9200000000         1.0066336150        -5.3594937177        -1.7593570767 
        0.2400000000         1.9200000000         0.9964378091        -5.6250913052         3.1407365971 
        0.2450000000         1.9200000000         1.0193783725        -5.0274967334         3.1471419483 
        0.2500000000         1.9200000000         0.9913399061        -5.7578900989         3.1407365971 
        0.2550000000         1.9200000000         1.0168294210        -5.0938961302         3.1471419483 
        0.2600000000         1.9200000000         0.9964378091        -5.6250913052         3.1343312459 
        0.2650000000         1.9200000000         1.0117315180        -5.2266949240         3.1215205435 
        0.2700000000         1.9200000000         1.0015357121        -5.4922925114         3.1087098411 
        0.2750000000         1.9200000000         1.0117315180        -5.2266949240         3.0734804095 
        0.2800000000         1.9200000000         1.0040846636        -5.4258931146         3.0542643558 
        0.2850000000         1.9200000000         1.0117315180        -5.2266949240         3.0254402754 
        0.2900000000         1.9200000000         0.9887909546        -5.8242894958         2.9870081682 
        0.2950000000         1.9200000000         1.0066336150        -5.3594937177         2.9549814121 
        0.3000000000         1.9200000000         0.9887909546        -5.8242894958         2.9261573317 
        0.3050000000         1.9200000000         0.9964378091        -5.6250913052         2.9037386025 
        0.3100000000         1.9200000000         0.9913399061        -5.7578900989         2.8845225488 
        0.3150000000         1.9200000000         1.0142804695        -5.1602955271         2.8460904416 
        0.3200000000         1.9200000000         0.9989867606        -5.5586919083         2.8140636855 
        0.3250000000         1.9200000000         1.0066336150        -5.3594937177         2.7884422807 
        0.3300000000         1.9200000000         1.0091825665        -5.2930943208         2.7756315783 
        0.3350000000         1.9200000000         1.0066336150        -5.3594937177         2.7404021467 
        0.3400000000         1.9200000000         1.0040846636        -5.4258931146         2.7115780662 
        0.3450000000         1.9200000000         0.9938888576        -5.6914907021         2.6731459590 
        0.3500000000         1.9200000000         1.0040846636        -5.4258931146         2.6571325810 
        0.3550001000         1.9200000000         0.9964378091        -5.6250913052         2.6219031493 
        0.3600000000         1.9200000000         0.9887909546        -5.8242894958         2.5898763933 
        0.3650000000         1.9200000000         0.9989867606        -5.5586919083         2.5770656909 
        0.3700000000         1.9200000000         0.9938888576        -5.6914907021         2.5514442860 
        0.3750000000         1.9200000000         0.9989867606        -5.5586919083         2.5194175300 
        0.3800000000         1.9200000000         0.9989867606        -5.5586919083         2.4809854227 
        0.3850000000         1.9200000000         0.9964378091        -5.6250913052         2.4585666935 
        0.3900000000         1.9200000000         0.9989867606        -5.5586919083         2.4265399375 
        0.3950000000         1.9200000000         1.0040846636        -5.4258931146         2.3977158570 
        0.4000000000         1.9200000000         0.9887909546        -5.8242894958         2.3752971278 
        0.4050000000         1.9200000000         1.0066336150        -5.3594937177         2.3400676962 
        0.4100000000         1.9200000000         0.9887909546        -5.8242894958         2.3112436157 
        0.4150000000         1.9200000000         1.0142804695        -5.1602955271         2.2920275621 
        0.4200001000         1.9200000000         0.9785951487        -6.0898870833         2.2503927793 
        0.4250000000         1.9200000000         0.9887909546        -5.8242894958         2.2183660232 
        0.4300000000         1.9200000000         0.9913399061        -5.7578900989         2.1991499696 
        0.4350000000         1.9200000000         0.9836930517        -5.9570882895         2.1671232136 
        0.4400000000         1.9200000000         0.9785951487        -6.0898870833         2.1415018087 
        0.4450000000         1.9200000000         1.0040846636        -5.4258931146         2.1094750527 
        0.4500000000         1.9200000000         0.9734972457        -6.2226858770         2.0710429455 
        0.4550000000         1.9200000000         0.9938888576        -5.6914907021         2.0582322430 
        0.4600000000         1.9200000000         0.9862420032        -5.8906888927         2.0230028114 
        0.4650000000         1.9200000000         0.9887909546        -5.8242894958         1.9845707042 
        0.4700000000         1.9200000000         0.9862420032        -5.8906888927         1.9685573261 
        0.4750000000         1.9200000000         1.0040846636        -5.4258931146         1.9301252189 
        0.4800001000         1.9200000000         0.9862420032        -5.8906888927         1.9013011385 
        0.4850000000         1.9200000000         0.9811441002        -6.0234876864         1.8660717068 
        0.4900000000         1.9200000000         0.9887909546        -5.8242894958         1.8372476264 
        0.4950000000         1.9200000000         0.9683993428        -6.3554846707         1.8084235459 
        0.5000000000         1.9200000000         0.9785951487        -6.0898870833         1.7828021411 
        0.5050000000         1.9200000000         0.9862420032        -5.8906888927         1.7635860875 
        0.5100000000         1.9200000000         0.9913399061        -5.7578900989         1.7379646827 
        0.5150000000         1.9200000000         0.9760461972        -6.1562864801         1.6995325754 
        0.5200000000         1.9200000000         0.9760461972        -6.1562864801         1.6643031438 
        0.5250000000         1.9200000000         0.9862420032        -5.8906888927         1.6450870902 
        0.5300000000         1.9200000000         0.9582035368        -6.6210822582         1.6002496317 
        0.5350000000         1.9200000000         0.9862420032        -5.8906888927         1.5810335781 
        0.5400000000         1.9200000000         0.9862420032        -5.8906888927         1.5586148488 
        0.5450000000         1.9200000000         0.9785951487        -6.0898870833         1.5329934440 
        0.5500000000         1.9200000000         0.9785951487        -6.0898870833         1.4945613368 
        0.5550000000         1.9200000000         0.9836930517        -5.9570882895         1.4625345807 
        0.5600000000         1.9200000000         0.9811441002        -6.0234876864         1.4337105003 
        0.5650000000         1.9200000000         0.9862420032        -5.8906888927         1.4080890955 
        0.5700000000         1.9200000000         0.9964378091        -5.6250913052         1.3792650150 
        0.5750001000         1.9200000000         0.9734972457        -6.2226858770         1.3408329078 
        0.5800000000         1.9200000000         0.9938888576        -5.6914907021         1.3280222054 
        0.5850000000         1.9200000000         0.9964378091        -5.6250913052         1.2959954493 
        0.5900000000         1.9200000000         0.9709482942        -6.2890852739         1.2543606665 
        0.5950000000         1.9200000000         0.9811441002        -6.0234876864         1.2319419373 
        0.6000000000         1.9200000000         0.9887909546        -5.8242894958         1.2127258836 
        0.6050000000         1.9200000000         0.9989867606        -5.5586919083         1.1742937764 
        0.6100000000         1.9200000000         0.9913399061        -5.7578900989         1.1582803984 
        0.6150000000         1.9200000000         0.9683993428        -6.3554846707         1.1102402643 
        0.6200000000         1.9200000000         0.9785951487        -6.0898870833         1.0814161839 
        0.6250000000         1.9200000000         0.9887909546        -5.8242894958         1.0493894278 
        0.6300000000         1.9200000000         0.9913399061        -5.7578900989         1.0397814010 
        0.6350000000         1.9200000000         0.9964378091        -5.6250913052         1.0077546450 
        0.6400000000         1.9200000000         0.9709482942        -6.2890852739         0.9693225377 
        0.6450000000         1.9200000000         0.9938888576        -5.6914907021         0.9565118353 
        0.6500000000         1.9200000000         0.9836930517        -5.9570882895         0.9052690257 
        0.6550000000         1.9200000000         0.9785951487        -6.0898870833         0.8860529720 
        0.6600000000         1.9200000000         0.9785951487        -6.0898870833         0.8636342428 
        0.6650000000         1.9200000000         0.9964378091        -5.6250913052         0.8380128380 
        0.6700000000         1.9200000000         0.9785951487        -6.0898870833         0.8059860819 
        0.6750000000         1.9200000000         0.9760461972        -6.1562864801         0.7675539747 
        0.6800000000         1.9200000000         0.9862420032        -5.8906888927         0.7387298943 
        0.6850000000         1.9200000000         0.9913399061        -5.7578900989         0.7227165162 
        0.6900000000         1.9200000000         0.9913399061        -5.7578900989         0.6874870846 
        0.6950000000         1.9200000000         0.9683993428        -6.3554846707         0.6394469506 
        0.7000001000         1.9200000000         0.9862420032        -5.8906888927         0.6202308969 
        0.7050000000         1.9200000000         1.0040846636        -5.4258931146         0.5882041409 
        0.7100000000         1.9200000000         0.9709482942        -6.2890852739         0.5593800605 
        0.7150000000         1.9200000000         0.9785951487        -6.0898870833         0.5273533044 
        0.7200000000         1.9200000000         0.9633014398        -6.4882834645         0.4985292240 
        0.7250000000         1.9200000000         0.9836930517        -5.9570882895         0.4665024679 
        0.7300000000         1.9200000000         0.9836930517        -5.9570882895         0.4440837387 
        0.7350000000         1.9200000000         0.9683993428        -6.3554846707         0.4184623339 
        0.7400000000         1.9200000000         0.9964378091        -5.6250913052         0.3832329022 
        0.7450000000         1.9200000000         0.9938888576        -5.6914907021         0.3576114974 
        0.7500000000         1.9200000000         0.9709482942        -6.2890852739         0.3255847414 
        0.7550000000         1.9200000000         1.0015357121        -5.4922925114         0.2903553097 
        0.7600000000         1.9200000000         0.9734972457        -6.2226858770         0.2711392561 
        0.7650000000         1.9200000000         0.9964378091        -5.6250913052         0.2423151757 
        0.7700000000         1.9200000000         0.9785951487        -6.0898870833         0.2230991221 
        0.7750000000         1.9200000000         0.9938888576        -5.6914907021         0.1846670148 
        0.7800000000         1.9200000000         0.9862420032        -5.8906888927         0.1558429344 
        0.7850000000         1.9200000000         0.9785951487        -6.0898870833         0.1238161783 
        0.7900000000         1.9200000000         0.9862420032        -5.8906888927         0.0981947735 
        0.7950000000         1.9200000000         0.9811441002        -6.0234876864         0.0597626663 
        0.8000000000         1.9200000000         0.9938888576        -5.6914907021         0.0405466126 
        0.8050000000         1.9200000000         0.9887909546        -5.8242894958         0.0213305590 
        0.8100000000         1.9200000000         0.9964378091        -5.6250913052        -0.0042908458 
        0.8150000000         1.9200000000         0.9785951487        -6.0898870833        -0.0363176019 
        0.8200000000         1.9200000000         0.9760461972        -6.1562864801        -0.0683443579 
        0.8250001000         1.9200000000         0.9989867606        -5.5586919083        -0.0875604115 
        0.8300000000         1.9200000000         0.9785951487        -6.0898870833        -0.1227898432 
        0.8350000000         1.9200000000         0.9811441002        -6.0234876864        -0.1548165992 
        0.8400000000         1.9200000000         0.9709482942        -6.2890852739        -0.1836406796 
        0.8450000000         1.9200000000         0.9683993428        -6.3554846707        -0.2220727869 
        0.8500000000         1.9200000000         0.9785951487        -6.0898870833        -0.2508968673 
        0.8550000000         1.9200000000         0.9760461972        -6.1562864801        -0.2701129209 
        0.8600000000         1.9200000000         0.9811441002        -6.0234876864        -0.3021396770 
        0.8650000000         1.9200000000         0.9785951487        -6.0898870833        -0.3341664330 
        0.8700000000         1.9200000000         0.9709482942        -6.2890852739        -0.3597878378 
        0.8750000000         1.9200000000         0.9836930517        -5.9570882895        -0.3822065671 
        0.8800000000         1.9200000000         0.9683993428        -6.3554846707        -0.4174359987 
        0.8850000000         1.9200000000         0.9811441002        -6.0234876864        -0.4430574035 
        0.8900000000         1.9200000000         0.9709482942        -6.2890852739        -0.4750841596 
        0.8950000000         1.9200000000         0.9658503913        -6.4218840676        -0.5007055644 
        0.9000000000         1.9200000000         0.9709482942        -6.2890852739        -0.5455430229 
        0.9050000000         1.9200000000         0.9709482942        -6.2890852739        -0.5679617521 
        0.9100000000         1.9200000000         0.9582035368        -6.6210822582        -0.6063938593 
        0.9150000000         1.9200000000         0.9811441002        -6.0234876864        -0.6352179398 
        0.9200000000         1.9200000000         0.9556545853        -6.6874816551        -0.6672446958 
        0.9250000000         1.9200000000         0.9913399061        -5.7578900989        -0.6864607494 
        0.9300000000         1.9200000000         0.9658503913        -6.4218840676        -0.7152848299 
        0.9350000000         1.9200000000         0.9709482942        -6.2890852739        -0.7473115859 
        0.9400000000         1.9200000000         0.9785951487        -6.0898870833        -0.7761356663 
        0.9450000000         1.9200000000         0.9709482942        -6.2890852739        -0.8145677736 
        0.9500001000         1.9200000000         0.9658503913        -6.4218840676        -0.8433918540 
        0.9550000000         1.9200000000         0.9785951487        -6.0898870833        -0.8658105832 
        0.9600000000         1.9200000000         0.9760461972        -6.1562864801        -0.8882293125 
        0.9650000000         1.9200000000         0.9658503913        -6.4218840676        -0.9266614197 
        0.9700000000         1.9200000000         0.9760461972        -6.1562864801        -0.9490801489 
        0.9750000000         1.9200000000         0.9709482942        -6.2890852739        -0.9939176074 
        0.9800000000         1.9200000000         0.9785951487        -6.0898870833        -1.0067283098 
        0.9850000000         1.9200000000         0.9683993428        -6.3554846707        -1.0451604171 
        0.9900000000         1.9200000000         0.9683993428        -6.3554846707        -1.0739844975 
        0.9950000000         1.9200000000         0.9633014398        -6.4882834645        -1.1060112535 
        1.0000000000         1.9200000000         0.9760461972        -6.1562864801        -1.1316326584 
        1.0050000000         1.9200000000         0.9582035368        -6.6210822582        -1.1732674412 
        1.0100000000         1.9200000000         0.9683993428        -6.3554846707        -1.2052941973 
        1.0150000000         1.9200000000         0.9607524883        -6.5546828614        -1.2309156021 
        1.0200000000         1.9200000000         0.9760461972        -6.1562864801        -1.2629423581 
        1.0250000000         1.9200000000         0.9556545853        -6.6874816551        -1.3045771410 
        1.0300000000         1.9200000000         0.9964378091        -5.6250913052        -1.3141851678 
        1.0350000000         1.9200000000         0.9607524883        -6.5546828614        -1.3526172750 
        1.0400000000         1.9200000000         0.9709482942        -6.2890852739        -1.3878467067 
        1.0450000000         1.9200000000         0.9709482942        -6.2890852739        -1.4038600847 
        1.0500172000         1.9200000000         0.9836930517        -5.9570882895        -1.4358868407 
        1.0550000000         1.9200000000         0.9734972457        -6.2226858770        -1.4711162724 
        1.0600000000         1.9200000000         0.9683993428        -6.3554846707        -1.5031430284 
        1.0650000000         1.9200000000         0.9785951487        -6.0898870833        -1.5383724600 
        1.0700000000         1.9200000000         0.9658503913        -6.4218840676        -1.5703992161 
        1.0750000000         1.9200000000         0.9658503913        -6.4218840676        -1.5992232965 
        1.0800000000         1.9200000000         0.9658503913        -6.4218840676        -1.6376554038 
        1.0850000000         1.9200000000         0.9734972457        -6.2226858770        -1.6504661062 
        1.0900000000         1.9200000000         0.9836930517        -5.9570882895        -1.6824928622 
        1.0950000000         1.9200000000         0.9556545853        -6.6874816551        -1.7273303207 
        1.1000000000         1.9200000000         0.9785951487        -6.0898870833        -1.7433436987 
        1.1050000000         1.9200000000         0.9709482942        -6.2890852739        -1.7817758059 
        1.1100000000         1.9200000000         0.9683993428        -6.3554846707        -1.8105998864 
        1.1150000000         1.9200000000         0.9658503913        -6.4218840676        -1.8458293180 
        1.1200000000         1.9200000000         0.9658503913        -6.4218840676        -1.8842614253 
        1.1250000000         1.9200000000         0.9709482942        -6.2890852739        -1.9034774789 
        1.1300000000         1.9200000000         0.9683993428        -6.3554846707        -1.9419095861 
        1.1350000000         1.9200000000         0.9607524883        -6.5546828614        -1.9739363422 
        1.1400000000         1.9200000000         0.9658503913        -6.4218840676        -2.0027604226 
        1.1450000000         1.9200000000         0.9607524883        -6.5546828614        -2.0315845030 
        1.1500000000         1.9200000000         0.9633014398        -6.4882834645        -2.0540032323 
        1.1550001000         1.9200000000         0.9683993428        -6.3554846707        -2.0860299883 
        1.1600000000         1.9200000000         0.9531056338        -6.7538810520        -2.1180567443 
        1.1650000000         1.9200000000         0.9607524883        -6.5546828614        -2.1596915272 
        1.1700000000         1.9200000000         0.9658503913        -6.4218840676        -2.1981236344 
        1.1750000000         1.9200000000         0.9556545853        -6.6874816551        -2.2237450393 
        1.1800002000         1.9200000000         0.9709482942        -6.2890852739        -2.2493664441 
        1.1850000000         1.9200000000         0.9505566824        -6.8202804488        -2.2910012269 
        1.1900000000         1.9200000000         0.9556545853        -6.6874816551        -2.3358386854 
        1.1950000000         1.9200000000         0.9633014398        -6.4882834645        -2.3582574146 
        1.2000000000         1.9200000000         0.9531056338        -6.7538810520        -2.3934868463 
        1.2050000000         1.9200000000         0.9403608764        -7.0858780363        -2.4287162779 
        1.2100000000         1.9200000000         0.9582035368        -6.6210822582        -2.4639457096 
        1.2150000000         1.9200000000         0.9556545853        -6.6874816551        -2.4895671144 
        1.2200000000         1.9200000000         0.9556545853        -6.6874816551        -2.5247965460 
        1.2250000000         1.9200000000         0.9429098279        -7.0194786394        -2.5632286533 
        1.2300000000         1.9200000000         0.9658503913        -6.4218840676        -2.5792420313 
        1.2350000000         1.9200000000         0.9505566824        -6.8202804488        -2.6304848410 
        1.2400000000         1.9200000000         0.9760461972        -6.1562864801        -2.6625115970 
        1.2450000000         1.9200000000         0.9582035368        -6.6210822582        -2.6817276506 
        1.2500000000         1.9200000000         0.9913399061        -5.7578900989        -2.7265651091 
        1.2550000000         1.9200000000         0.9633014398        -6.4882834645        -2.7617945407 
        1.2600000000         1.9200000000         0.9454587794        -6.9530792426        -2.7842132699 
        1.2650000000         1.9200000000         0.9633014398        -6.4882834645        -2.8290507284 
        1.2700000000         1.9200000000         0.9887909546        -5.8242894958        -2.8578748088 
        1.2750000000         1.9200000000         0.9505566824        -6.8202804488        -2.8899015649 
        1.2800001000         1.9200000000         0.9480077309        -6.8866798457        -2.9411443745 
        1.2850000000         1.9200000000         0.9556545853        -6.6874816551        -2.9795764818 
        1.2900000000         1.9200000000         0.9454587794        -6.9530792426        -3.0051978866 
        1.2950000000         1.9200000000         0.9531056338        -6.7538810520        -3.0404273182 
        1.3000000000         1.9200000000         0.9683993428        -6.3554846707        -3.0756567499 
        1.3050000000         1.9200000000         0.9505566824        -6.8202804488        -3.1076835059 
        1.3100000000         1.9200000000         0.9836930517        -5.9570882895        -3.1301022351 
        1.3150000000         1.9200000000         0.9633014398        -6.4882834645        -3.1301022351 
        1.3200000000         1.9200000000         0.9582035368        -6.6210822582        -3.1397102620 
        1.3250000000         1.9200000000         0.9556545853        -6.6874816551        -3.1429129376 
        1.3300000000         1.9200000000         0.9658503913        -6.4218840676        -3.1397102620 
        1.3350000000         1.9200000000         0.9480077309        -6.8866798457        -1.7657624279 
        1.3400000000         1.9200000000         0.9734972457        -6.2226858770        -1.7433436987 
        1.3450000000         1.9200000000         0.9403608764        -7.0858780363        -1.7465463743 
        1.3500000000         1.9200000000         0.9785951487        -6.0898870833         3.1471419483 
        1.3550000000         1.9200000000         0.9683993428        -6.3554846707         3.1407365971 
        1.3600000000         1.9200000000         0.9582035368        -6.6210822582         3.1311285703 
        1.3650000000         1.9200000000         0.9658503913        -6.4218840676         3.1407365971 
        1.3700000000         1.9200000000         0.9658503913        -6.4218840676         3.1183178679 
        1.3750000000         1.9200000000         0.9734972457        -6.2226858770         3.0926964631 
        1.3800000000         1.9200000000         0.9403608764        -7.0858780363         3.0510616802 
        1.3850000000         1.9200000000         0.9811441002        -6.0234876864         3.0254402754 
        1.3901245000         1.9200000000         0.9760461972        -6.1562864801         2.9934135194 
        1.3950000000         1.9200000000         0.9836930517        -5.9570882895         2.9613867633 
        1.4000000000         1.9200000000         0.9582035368        -6.6210822582         2.9261573317 
        1.4050001000         1.9200000000         0.9734972457        -6.2226858770         2.9005359268 
        1.4100000000         1.9200000000         0.9658503913        -6.4218840676         2.8492931172 
        1.4150000000         1.9200000000         0.9760461972        -6.1562864801         2.8204690368 
        1.4200000000         1.9200000000         1.0142804695        -5.1602955271         2.7884422807 
        1.4250000000         1.9200000000         1.2487840062         0.9484489849         2.7628208759 
        1.4300000000         1.9200000000         0.9633014398        -6.4882834645         2.7339967954 
        1.4350000000         1.9200000000         0.9683993428        -6.3554846707         2.6987673638 
        1.4400000000         1.9200000000         0.9709482942        -6.2890852739         2.6667406078 
        1.4450000000         1.9200000000         0.9607524883        -6.5546828614         2.6443218785 
        1.4500000000         1.9200000000         0.9709482942        -6.2890852739         2.5930790689 
        1.4550000000         1.9200000000         0.9531056338        -6.7538810520         2.5642549884 
        1.4600000000         1.9200000000         0.9556545853        -6.6874816551         2.5354309080 
        1.4650000000         1.9200000000         0.9785951487        -6.0898870833         2.5034041520 
        1.4700000000         1.9200000000         0.9531056338        -6.7538810520         2.4681747203 
        1.4750000000         1.9200000000         0.9785951487        -6.0898870833         2.4425533155 
        1.4800000000         1.9200000000         0.9582035368        -6.6210822582         2.4137292351 
        1.4850000000         1.9200000000         0.9811441002        -6.0234876864         2.3624864254 
        1.4900000000         1.9200000000         0.9633014398        -6.4882834645         2.3528783986 
        1.4950000000         1.9200000000         0.9683993428        -6.3554846707         2.3112436157 
        1.5000000000         1.9200000000         0.9633014398        -6.4882834645         2.2696088329 
        1.5050000000         1.9200000000         0.9505566824        -6.8202804488         2.2375820769 
        1.5100000000         1.9200000000         0.9658503913        -6.4218840676         2.2151633476 
        1.5150000000         1.9200000000         0.9760461972        -6.1562864801         2.1959472940 
        1.5200000000         1.9200000000         0.9505566824        -6.8202804488         2.1415018087 
        1.5250000000         1.9200000000         0.9734972457        -6.2226858770         2.1254884307 
        1.5300001000         1.9200000000         0.9480077309        -6.8866798457         2.0838536479 
        1.5350000000         1.9200000000         0.9658503913        -6.4218840676         2.0518268918 
        1.5400000000         1.9200000000         0.9633014398        -6.4882834645         2.0101921090 
        1.5450000000         1.9200000000         0.9734972457        -6.2226858770         1.9877733798 
        1.5500000000         1.9200000000         0.9633014398        -6.4882834645         1.9653546505 
        1.5550000000         1.9200000000         0.9683993428        -6.3554846707         1.9173145165 
        1.5600000000         1.9200000000         0.9785951487        -6.0898870833         1.8884904360 
        1.5650000000         1.9200000000         0.9556545853        -6.6874816551         1.8660717068 
        1.5700000000         1.9200000000         0.9862420032        -5.8906888927         1.8340449508 
        1.5750000000         1.9200000000         0.9582035368        -6.6210822582         1.7924101679 
        1.5800000000         1.9200000000         0.9964378091        -5.6250913052         1.7539780607 
        1.5850000000         1.9200000000         0.9658503913        -6.4218840676         1.7315593315 
        1.5900000000         1.9200000000         0.9021266041        -8.0818689894         1.7091406022 
        1.5950000000         1.9200000000         0.9633014398        -6.4882834645         1.6611004682 
        1.6000000000         1.9200000000         0.9913399061        -5.7578900989         1.6386817389 
        1.6050000000         1.9200000000         0.9633014398        -6.4882834645         1.6066549829 
        1.6100000000         1.9200000000         1.0091825665        -5.2930943208         1.5714255513 
        1.6150000000         1.9200000000         0.9785951487        -6.0898870833         1.5586148488 
        1.6200000000         1.9200000000         0.9505566824        -6.8202804488         1.5041693636 
        1.6250000000         1.9200000000         0.9964378091        -5.6250913052         1.4945613368 
        1.6300000000         1.9200000000         0.9836930517        -5.9570882895         1.4561292295 
        1.6350000000         1.9200000000         0.9582035368        -6.6210822582         1.4208997979 
        1.6400000000         1.9200000000         0.9938888576        -5.6914907021         1.4080890955 
        1.6450000000         1.9200000000         0.9709482942        -6.2890852739         1.3664543126 
        1.6500000000         1.9200000000         0.9887909546        -5.8242894958         1.3408329078 
        1.6550001000         1.9200000000         0.9760461972        -6.1562864801         1.3184141786 
        1.6600000000         1.9200000000         0.9658503913        -6.4218840676         1.2703740445 
        1.6650000000         1.9200000000         0.9836930517        -5.9570882895         1.2543606665 
        1.6700000000         1.9200000000         0.9683993428        -6.3554846707         1.2191312348 
        1.6750000000         1.9200000000         0.9785951487        -6.0898870833         1.1839018032 
        1.6800000000         1.9200000000         0.9709482942        -6.2890852739         1.1678884252 
        1.6850000000         1.9200000000         0.9887909546        -5.8242894958         1.1262536423 
        1.6900000000         1.9200000000         0.9938888576        -5.6914907021         1.1070375887 
        1.6950000000         1.9200000000         0.9836930517        -5.9570882895         1.0718081571 
        1.7000000000         1.9200000000         0.9709482942        -6.2890852739         1.0397814010 
        1.7050000000         1.9200000000         0.9964378091        -5.6250913052         1.0109573206 
        1.7100000000         1.9200000000         0.9964378091        -5.6250913052         0.9757278890 
        1.7150000000         1.9200000000         0.9582035368        -6.6210822582         0.9629171865 
        1.7200000000         1.9200000000         0.9913399061        -5.7578900989         0.9212824037 
        1.7250000000         1.9200000000         0.9887909546        -5.8242894958         0.9052690257 
        1.7300000000         1.9200000000         0.9989867606        -5.5586919083         0.8668369184 
        1.7350000000         1.9200000000         0.9683993428        -6.3554846707         0.8412155136 
        1.7400000000         1.9200000000         0.9836930517        -5.9570882895         0.8059860819 
        1.7450000000         1.9200000000         0.9938888576        -5.6914907021         0.7835673527 
        1.7500000000         1.9200000000         0.9785951487        -6.0898870833         0.7515405967 
        1.7550000000         1.9200000000         0.9836930517        -5.9570882895         0.7131084894 
        1.7600000000         1.9200000000         0.9683993428        -6.3554846707         0.6874870846 
        1.7650000000         1.9200000000         0.9836930517        -5.9570882895         0.6522576530 
        1.7700000000         1.9200000000         0.9760461972        -6.1562864801         0.6234335725 
        1.7750000000         1.9200000000         0.9734972457        -6.2226858770         0.6042175189 
        1.7800001000         1.9200000000         0.9811441002        -6.0234876864         0.5753934385 
        1.7850000000         1.9200000000         0.9811441002        -6.0234876864         0.5401640068 
        1.7900046000         1.9200000000         0.9633014398        -6.4882834645         0.5177452776 
        1.7950000000         1.9200000000         0.9887909546        -5.8242894958         0.4889211972 
        1.8000000000         1.9200000000         0.9658503913        -6.4218840676         0.4504890899 
        1.8050000000         1.9200000000         0.9938888576        -5.6914907021         0.4280703607 
        1.8100000000         1.9200000000         0.9582035368        -6.6210822582         0.3896382535 
        1.8150000000         1.9200000000         0.9887909546        -5.8242894958         0.3704221998 
        1.8200000000         1.9200000000         0.9658503913        -6.4218840676         0.3319900926 
        1.8250000000         1.9200000000         0.9913399061        -5.7578900989         0.3127740390 
        1.8300000000         1.9200000000         0.9658503913        -6.4218840676         0.2743419317 
        1.8350000000         1.9200000000         0.9862420032        -5.8906888927         0.2455178513 
        1.8400000000         1.9200000000         0.9836930517        -5.9570882895         0.2327071489 
        1.8450000000         1.9200000000         0.9862420032        -5.8906888927         0.1974777172 
        1.8500000000         1.9200000000         0.9811441002        -6.0234876864         0.1590456100 
        1.8550000000         1.9200000000         0.9811441002        -6.0234876864         0.1398295564 
        1.8600007000         1.9200000000         0.9964378091        -5.6250913052         0.1078028003 
        1.8650000000         1.9200000000         0.9989867606        -5.5586919083         0.0917894223 
        1.8700000000         1.9200000000         0.9862420032        -5.8906888927         0.0469519638 
        1.8750000000         1.9200000000         0.9964378091        -5.6250913052         0.0341412614 
        1.8800000000         1.9200000000         0.9964378091        -5.6250913052        -0.0010881702 
        1.8850000000         1.9200000000         0.9760461972        -6.1562864801        -0.0267095750 
        1.8900000000         1.9200000000         0.9887909546        -5.8242894958        -0.0651416823 
        1.8950000000         1.9200000000         0.9836930517        -5.9570882895        -0.0779523847 
        1.9000000000         1.9200000000         0.9964378091        -5.6250913052        -0.1099791407 
        1.9050001000         1.9200000000         0.9887909546        -5.8242894958        -0.1388032212 
        1.9100000000         1.9200000000         0.9709482942        -6.2890852739        -0.1676273016 
        1.9150000000         1.9200000000         0.9913399061        -5.7578900989        -0.1900460308 
        1.9200000000         1.9200000000         0.9887909546        -5.8242894958        -0.2188701113 
        1.9250000000         1.9200000000         0.9887909546        -5.8242894958        -0.2573022185 
        1.9300000000         1.9200000000         0.9913399061        -5.7578900989        -0.2765182721 
        1.9350000000         1.9200000000         0.9658503913        -6.4218840676        -0.3117477038 
        1.9400000000         1.9200000000         0.9964378091        -5.6250913052        -0.3533824866 
        1.9450000000         1.9200000000         0.9709482942        -6.2890852739        -0.3758012159 
        1.9500000000         1.9200000000         0.9836930517        -5.9570882895        -0.3886119183 
        1.9550000000         1.9200000000         0.9964378091        -5.6250913052        -0.4334493767 
        1.9600000000         1.9200000000         0.9811441002        -6.0234876864        -0.4462600791 
        1.9650000000         1.9200000000         0.9862420032        -5.8906888927        -0.4782868352 
        1.9700000000         1.9200000000         0.9633014398        -6.4882834645        -0.5231242936 
        1.9750000000         1.9200000000         0.9862420032        -5.8906888927        -0.5551510497 
        1.9800000000         1.9200000000         0.9760461972        -6.1562864801        -0.5775697789 
        1.9850000000         1.9200000000         0.9836930517        -5.9570882895        -0.6063938593 
        1.9900000000         1.9200000000         0.9709482942        -6.2890852739        -0.6352179398 
        1.9950000000         1.9200000000         0.9709482942        -6.2890852739        -0.6736500470 
        2.0000000000         1.9200000000         0.9913399061        -5.7578900989        -0.6832580738 
        2.0050000000         1.9200000000         0.9760461972        -6.1562864801        -0.7216901811 
        2.0100000000         1.9200000000         0.9658503913        -6.4218840676        -0.7505142615 
        2.0150001000         1.9200000000         0.9811441002        -6.0234876864        -0.7793383419 
        2.0200000000         1.9200000000         0.9683993428        -6.3554846707        -0.8081624224 
        2.0250000000         1.9200000000         0.9709482942        -6.2890852739        -0.8465945296 
        2.0300000000         1.9200000000         0.9658503913        -6.4218840676        -0.8690132589 
        2.0350000000         1.9200000000         0.9760461972        -6.1562864801        -0.9042426905 
        2.0400000000         1.9200000000         0.9683993428        -6.3554846707        -0.9330667709 
        2.0450000000         1.9200000000         0.9760461972        -6.1562864801        -0.9618908514 
        2.0500000000         1.9200000000         0.9760461972        -6.1562864801        -0.9843095806 
        2.0550000000         1.9200000000         0.9811441002        -6.0234876864        -1.0259443634 
        2.0600000000         1.9200000000         0.9658503913        -6.4218840676        -1.0451604171 
        2.0650000000         1.9200000000         0.9887909546        -5.8242894958        -1.0771871731 
        2.0700000000         1.9200000000         0.9480077309        -6.8866798457        -1.1124166047 
        2.0750000000         1.9200000000         0.9887909546        -5.8242894958        -1.1348353340 
        2.0800000000         1.9200000000         0.9683993428        -6.3554846707        -1.1636594144 
        2.0850000000         1.9200000000         0.9531056338        -6.7538810520        -1.2052941973 
        2.0900000000         1.9200000000         0.9760461972        -6.1562864801        -1.2373209533 
        2.0950000000         1.9200000000         0.9760461972        -6.1562864801        -1.2501316557 
        2.1000000000         1.9200000000         0.9887909546        -5.8242894958        -1.2885637630 
        2.1050000000         1.9200000000         0.9658503913        -6.4218840676        -1.3173878434 
        2.1100000000         1.9200000000         0.9760461972        -6.1562864801        -1.3462119238 
        2.1150036000         1.9200000000         0.9887909546        -5.8242894958        -1.3750360043 
        2.1200000000         1.9200000000         0.9760461972        -6.1562864801        -1.4038600847 
        2.1250000000         1.9200000000         0.9938888576        -5.6914907021        -1.4294814895 
        2.1300000000         1.9200000000         0.9658503913        -6.4218840676        -1.4711162724 
        2.1350000000         1.9200000000         0.9811441002        -6.0234876864        -1.4903323260 
        2.1400001000         1.9200000000         0.9887909546        -5.8242894958        -1.5415751357 
        2.1450000000         1.9200000000         0.9607524883        -6.5546828614        -1.5671965405 
        2.1500000000         1.9200000000         0.9913399061        -5.7578900989        -1.5800072429 
        2.1550000000         1.9200000000         0.9862420032        -5.8906888927        -1.6088313233 
        2.1600023000         1.9200000000         0.9785951487        -6.0898870833        -1.6440607550 
        2.1650000000         1.9200000000         0.9683993428        -6.3554846707        -1.6728848354 
        2.1700000000         1.9200000000         0.9887909546        -5.8242894958        -1.6985062402 
        2.1750000000         1.9200000000         0.9836930517        -5.9570882895        -1.7369383475 
        2.1800000000         1.9200000000         0.9734972457        -6.2226858770        -1.7689651035 
        2.1850000000         1.9200000000         0.9760461972        -6.1562864801        -1.8041945352 
        2.1900000000         1.9200000000         0.9633014398        -6.4882834645        -1.8298159400 
        2.1950284000         1.9200000000         0.9887909546        -5.8242894958        -1.8490319936 
        2.2000042000         1.9200000000         0.9785951487        -6.0898870833        -1.8906667765 
        2.2050020000         1.9200000000         0.9785951487        -6.0898870833        -1.9130855057 
        2.2100000000         1.9200000000         0.9709482942        -6.2890852739        -1.9515176129 
        2.2150000000         1.9200000000         0.9683993428        -6.3554846707        -1.9835443690 
        2.2200000000         1.9200000000         0.9785951487        -6.0898870833        -2.0059630982 
        2.2250000000         1.9200000000         0.9760461972        -6.1562864801        -2.0315845030 
        2.2300000000         1.9200000000         0.9785951487        -6.0898870833        -2.0604085835 
        2.2350000000         1.9200000000         0.9683993428        -6.3554846707        -2.1020433663 
        2.2400000000         1.9200000000         0.9683993428        -6.3554846707        -2.1244620955 
        2.2450000000         1.9200000000         0.9683993428        -6.3554846707        -2.1564888516 
        2.2500000000         1.9200000000         0.9760461972        -6.1562864801        -2.1917182832 
        2.2550000000         1.9200000000         0.9633014398        -6.4882834645        -2.2141370125 
        2.2600000000         1.9200000000         0.9836930517        -5.9570882895        -2.2365557417 
        2.2650001000         1.9200000000         0.9633014398        -6.4882834645        -2.2781905245 
        2.2700000000         1.9200000000         0.9811441002        -6.0234876864        -2.3006092538 
        2.2750000000         1.9200000000         0.9734972457        -6.2226858770        -2.3358386854 
        2.2800000000         1.9200000000         0.9709482942        -6.2890852739        -2.3742707926 
        2.2850000000         1.9200000000         0.9683993428        -6.3554846707        -2.4127028999 
        2.2900000000         1.9200000000         0.9658503913        -6.4218840676        -2.4287162779 
        2.2950000000         1.9200000000         0.9607524883        -6.5546828614        -2.4767564120 
        2.3000000000         1.9200000000         0.9709482942        -6.2890852739        -2.5023778168 
        2.3050000000         1.9200000000         0.9556545853        -6.6874816551        -2.5344045728 
        2.3100000000         1.9200000000         0.9709482942        -6.2890852739        -2.5632286533 
        2.3150000000         1.9200000000         0.9480077309        -6.8866798457        -2.6048634361 
        2.3200000000         1.9200000000         0.9785951487        -6.0898870833        -2.6304848410 
        2.3250000000         1.9200000000         0.9582035368        -6.6210822582        -2.6593089214 
        2.3300000000         1.9200000000         0.9734972457        -6.2226858770        -2.6945383530 
        2.3350000000         1.9200000000         0.9556545853        -6.6874816551        -2.7201597579 
        2.3400000000         1.9200000000         0.9785951487        -6.0898870833        -2.7681998919 
        2.3450000000         1.9200000000         0.9505566824        -6.8202804488        -2.7938212967 
        2.3500000000         1.9200000000         0.9683993428        -6.3554846707        -2.8290507284 
        2.3550000000         1.9200000000         0.9582035368        -6.6210822582        -2.8642801600 
        2.3600000000         1.9200000000         0.9658503913        -6.4218840676        -2.8802935381 
        2.3650000000         1.9200000000         0.9582035368        -6.6210822582        -2.9219283209 
        2.3700000000         1.9200000000         0.9734972457        -6.2226858770        -2.9507524013 
        2.3750000000         1.9200000000         0.9658503913        -6.4218840676        -2.9859818330 
        2.3800000000         1.9200000000         0.9633014398        -6.4882834645        -3.0340219670 
        2.3850000000         1.9200000000         0.9709482942        -6.2890852739        -3.0500353451 
        2.3900001000         1.9200000000         0.9480077309        -6.8866798457        -3.1012781547 
        2.3950000000         1.9200000000         0.9658503913        -6.4218840676        -3.1204942083 
        2.4000000000         1.9200000000         0.9734972457        -6.2226858770        -3.1525209644 
        2.4050000000         1.9200000000         0.9582035368        -6.6210822582        -3.1429129376 
        2.4100000000         1.9200000000         0.9836930517        -5.9570882895        -3.1301022351 
        2.4150000000         1.9200000000         0.9709482942        -6.2890852739        -3.1301022351 
        2.4200000000         1.9200000000         0.9633014398        -6.4882834645        -3.1461156132 
        2.4250000000         1.9200000000         0.9760461972        -6.1562864801        -1.7497490499 
        2.4300000000         1.9200000000         0.9734972457        -6.2226858770        -1.7465463743 
        2.4350000000         1.9200000000         0.9683993428        -6.3554846707        -1.7401410231 
        2.4400000000         1.9200000000         0.9683993428        -6.3554846707         3.1311285703 
        2.4450000000         1.9200000000         0.9862420032        -5.8906888927         3.1375339215 
        2.4500000000         1.9200000000         0.9607524883        -6.5546828614         3.1343312459 
        2.4550000000         1.9200000000         0.9709482942        -6.2890852739         3.1407365971 
        2.4600000000         1.9200000000         0.9760461972        -6.1562864801         3.1343312459 
        2.4650000000         1.9200000000         0.9683993428        -6.3554846707         3.0958991387 
        2.4700000000         1.9200000000         0.9582035368        -6.6210822582         3.0574670314 
        2.4750000000         1.9200000000         0.9760461972        -6.1562864801         3.0382509778 
        2.4800000000         1.9200000000         0.9683993428        -6.3554846707         3.0062242218 
        2.4850036000         1.9200000000         0.9862420032        -5.8906888927         2.9549814121 
        2.4900000000         1.9200000000         0.9785951487        -6.0898870833         2.9421707097 
        2.4950000000         1.9200000000         0.9734972457        -6.2226858770         2.9037386025 
        2.5000000000         1.9200000000         0.9633014398        -6.4882834645         2.8717118464 
        2.5050000000         1.9200000000         0.9989867606        -5.5586919083         2.8396850904 
        2.5100000000         1.9200000000         0.9683993428        -6.3554846707         2.8076583343 
        2.5150001000         1.9200000000         0.9836930517        -5.9570882895         2.7884422807 
        2.5200000000         1.9200000000         0.9709482942        -6.2890852739         2.7371994711 
        2.5250000000         1.9200000000         0.9760461972        -6.1562864801         2.7211860930 
        2.5300000000         1.9200000000         0.9760461972        -6.1562864801         2.6731459590 
        2.5350000000         1.9200000000         0.9683993428        -6.3554846707         2.6507272298 
        2.5400004000         1.9200000000         0.9683993428        -6.3554846707         2.6283085005 
        2.5450000000         1.9200000000         0.9760461972        -6.1562864801         2.5834710421 
        2.5500000000         1.9200000000         0.9785951487        -6.0898870833         2.5546469616 
        2.5550000000         1.9200000000         0.9607524883        -6.5546828614         2.5290255568 
        2.5600000000         1.9200000000         0.9836930517        -5.9570882895         2.4905934496 
        2.5650000000         1.9200000000         0.9505566824        -6.8202804488         2.4553640179 
        2.5700000000         1.9200000000         0.9633014398        -6.4882834645         2.4137292351 
        2.5750000000         1.9200000000         0.9658503913        -6.4218840676         2.3913105058 
        2.5800000000         1.9200000000         0.9683993428        -6.3554846707         2.3624864254 
        2.5850000000         1.9200000000         0.9582035368        -6.6210822582         2.3368650206 
        2.5900000000         1.9200000000         0.9811441002        -6.0234876864         2.3048382645 
        2.5950000000         1.9200000000         0.9683993428        -6.3554846707         2.2664061573 
        2.6000000000         1.9200000000         0.9785951487        -6.0898870833         2.2407847525 
        2.6050000000         1.9200000000         0.9709482942        -6.2890852739         2.1991499696 
        2.6100000000         1.9200000000         0.9480077309        -6.8866798457         2.1607178624 
        2.6150000000         1.9200000000         0.9683993428        -6.3554846707         2.1447044843 
        2.6200000000         1.9200000000         0.9734972457        -6.2226858770         2.1062723771 
        2.6250000000         1.9200000000         0.9429098279        -7.0194786394         2.0646375943 
        2.6300000000         1.9200000000         0.9836930517        -5.9570882895         2.0454215406 
        2.6350000000         1.9200000000         0.9683993428        -6.3554846707         2.0069894334 
        2.6400001000         1.9200000000         0.9760461972        -6.1562864801         1.9845707042 
        2.6450000000         1.9200000000         0.9582035368        -6.6210822582         1.9493412725 
        2.6500000000         1.9200000000         1.0040846636        -5.4258931146         1.9045038141 
        2.6550000000         1.9200000000         1.0091825665        -5.2930943208         1.8884904360 
        2.6600000000         1.9200000000         0.9454587794        -6.9530792426         1.8340449508 
        2.6650000000         1.9200000000         0.9887909546        -5.8242894958         1.8052208703 
        2.6700022000         1.9200000000         0.9531056338        -6.7538810520         1.7763967899 
        2.6750000000         1.9200000000         0.9964378091        -5.6250913052         1.7539780607 
        2.6800000000         1.9200000000         0.9582035368        -6.6210822582         1.7155459534 
        2.6850000000         1.9200000000         0.8154622536       -10.3394484829         1.6899245486 
        2.6900000000         1.9200000000         1.0678084507        -3.7659081928         1.6611004682 
        2.6950000000         1.9200000000         0.9556545853        -6.6874816551         1.6226683609 
        2.7000000000         1.9200000000         0.9480077309        -6.8866798457         1.6002496317 
        2.7050000000         1.9200000000         0.9964378091        -5.6250913052         1.5714255513 
        2.7100000000         1.9200000000         0.9148713616        -7.7498720050         1.5393987952 
        2.7150000000         1.9200000000         0.9785951487        -6.0898870833         1.5105747148 
        2.7200000000         1.9200000000         1.1289832864        -2.1723226680         1.4913586612 
        2.7250000000         1.9200000000         0.9964378091        -5.6250913052         1.4593319051 
        2.7300000000         1.9200000000         0.9709482942        -6.2890852739         1.4176971223 
        2.7350000000         1.9200000000         1.0066336150        -5.3594937177         1.4048864199 
        2.7400000000         1.9200000000         0.9683993428        -6.3554846707         1.3664543126 
        2.7450000000         1.9200000000         0.9887909546        -5.8242894958         1.3376302322 
        2.7500000000         1.9200000000         0.9913399061        -5.7578900989         1.3088061517 
        2.7550000000         1.9200000000         0.9709482942        -6.2890852739         1.2703740445 
        2.7600000000         1.9200000000         0.9709482942        -6.2890852739         1.2479553153 
        2.7650001000         1.9200000000         0.9785951487        -6.0898870833         1.2127258836 
        2.7700000000         1.9200000000         0.9964378091        -5.6250913052         1.1839018032 
        2.7750000000         1.9200000000         0.9760461972        -6.1562864801         1.1742937764 
        2.7800000000         1.9200000000         0.9913399061        -5.7578900989         1.1326589935 
        2.7850000000         1.9200000000         0.9709482942        -6.2890852739         1.0974295619 
        2.7900000000         1.9200000000         1.0015357121        -5.4922925114         1.0846188595 
        2.7950000000         1.9200000000         0.9811441002        -6.0234876864         1.0461867522 
        2.8000000000         1.9200000000         0.9913399061        -5.7578900989         1.0077546450 
        2.8050000000         1.9200000000         0.9785951487        -6.0898870833         0.9789305646 
        2.8100000000         1.9200000000         0.9811441002        -6.0234876864         0.9661198621 
        2.8150000000         1.9200000000         0.9785951487        -6.0898870833         0.9308904305 
        2.8200000000         1.9200000000         0.9785951487        -6.0898870833         0.8988636745 
        2.8250000000         1.9200000000         0.9887909546        -5.8242894958         0.8700395940 
        2.8300000000         1.9200000000         0.9785951487        -6.0898870833         0.8412155136 
        2.8350000000         1.9200000000         0.9887909546        -5.8242894958         0.8219994600 
        2.8400000000         1.9200000000         0.9683993428        -6.3554846707         0.7835673527 
        2.8450000000         1.9200000000         0.9887909546        -5.8242894958         0.7611486235 
        2.8500000000         1.9200000000         0.9913399061        -5.7578900989         0.7131084894 
        2.8550000000         1.9200000000         0.9480077309        -6.8866798457         0.6842844090 
        2.8600000000         1.9200000000         0.9785951487        -6.0898870833         0.6618656798 
        2.8650000000         1.9200000000         0.9760461972        -6.1562864801         0.6202308969 
        2.8700000000         1.9200000000         0.9658503913        -6.4218840676         0.5914068165 
        2.8750000000         1.9200000000         0.9633014398        -6.4882834645         0.5593800605 
        2.8800000000         1.9200000000         0.9785951487        -6.0898870833         0.5529747092 
        2.8850043000         1.9200000000         0.9964378091        -5.6250913052         0.5209479532 
        2.8900001000         1.9200000000         0.9658503913        -6.4218840676         0.4793131704 
        2.8950000000         1.9200000000         0.9760461972        -6.1562864801         0.4536917655 
        2.9000000000         1.9200000000         0.9658503913        -6.4218840676         0.4184623339 
        2.9050000000         1.9200000000         0.9760461972        -6.1562864801         0.3800302266 
        2.9100000000         1.9200000000         0.9683993428        -6.3554846707         0.3512061462 
        2.9150000000         1.9200000000         0.9709482942        -6.2890852739         0.3415981194 
        2.9200000000         1.9200000000         0.9709482942        -6.2890852739         0.2999633365 
        2.9250000000         1.9200000000         0.9709482942        -6.2890852739         0.2647339049 
        2.9300000000         1.9200000000         0.9582035368        -6.6210822582         0.2423151757 
        2.9350000000         1.9200000000         0.9760461972        -6.1562864801         0.2102884196 
        2.9400000000         1.9200000000         0.9964378091        -5.6250913052         0.1782616636 
        2.9450000000         1.9200000000         0.9760461972        -6.1562864801         0.1558429344 
        2.9500000000         1.9200000000         0.9683993428        -6.3554846707         0.1206135027 
        2.9550000000         1.9200000000         0.9760461972        -6.1562864801         0.0853840711 
        2.9600000000         1.9200000000         0.9683993428        -6.3554846707         0.0565599907 
        2.9650000000         1.9200000000         0.9913399061        -5.7578900989         0.0469519638 
        2.9700000000         1.9200000000         0.9683993428        -6.3554846707         0.0053171810 
        2.9750000000         1.9200000000         0.9785951487        -6.0898870833        -0.0235068994 
        2.9800000000         1.9200000000         0.9785951487        -6.0898870833        -0.0491283043 
        2.9850000000         1.9200000000         0.9683993428        -6.3554846707        -0.0811550603 
        2.9900000000         1.9200000000         0.9734972457        -6.2226858770        -0.1067764651 
        2.9950000000         1.9200000000         0.9811441002        -6.0234876864        -0.1388032212 
        3.0000000000         1.9200000000         0.9683993428        -6.3554846707        -0.1708299772 
        3.0050000000         1.9200000000         0.9862420032        -5.8906888927        -0.1900460308 
        3.0100000000         1.9200000000         0.9582035368        -6.6210822582        -0.2348834893 
        3.0150001000         1.9200000000         0.9760461972        -6.1562864801        -0.2605048941 
        3.0200000000         1.9200000000         0.9938888576        -5.6914907021        -0.2893289746 
        3.0250195000         1.9200000000         0.9582035368        -6.6210822582        -0.3181530550 
        3.0300000000         1.9200000000         0.9913399061        -5.7578900989        -0.3501798110 
        3.0350000000         1.9200000000         0.9607524883        -6.5546828614        -0.3693958647 
        3.0400000000         1.9200000000         0.9887909546        -5.8242894958        -0.4046252963 
        3.0450000000         1.9200000000         0.9683993428        -6.3554846707        -0.4430574035 
        3.0500000000         1.9200000000         0.9811441002        -6.0234876864        -0.4494627547 
        3.0550000000         1.9200000000         0.9760461972        -6.1562864801        -0.4943002132 
        3.0600000000         1.9200000000         0.9811441002        -6.0234876864        -0.5231242936 
        3.0650000000         1.9200000000         0.9785951487        -6.0898870833        -0.5455430229 
        3.0700000000         1.9200000000         0.9760461972        -6.1562864801        -0.5871778057 
        3.0750001000         1.9200000000         0.9760461972        -6.1562864801        -0.6224072374 
        3.0800000000         1.9200000000         0.9760461972        -6.1562864801        -0.6352179398 
        3.0850000000         1.9200000000         1.0780042567        -3.5003106054        -0.6800553982 
        3.0900000000         1.9200000000         0.9964378091        -5.6250913052        -0.6960687762 
        3.0950000000         1.9200000000         0.9913399061        -5.7578900989        -0.7216901811 
        3.1000000000         1.9200000000         0.9607524883        -6.5546828614        -0.7505142615 
        3.1050000000         1.9200000000         0.9785951487        -6.0898870833        -0.7985543956 
        3.1100000000         1.9200000000         0.9658503913        -6.4218840676        -0.8273784760 
        3.1150000000         1.9200000000         0.9964378091        -5.6250913052        -0.8497972052 
        3.1200000000         1.9200000000         0.9964378091        -5.6250913052        -0.8722159345 
        3.1250000000         1.9200000000         0.9633014398        -6.4882834645        -0.9170533929 
        3.1300000000         1.9200000000         0.9811441002        -6.0234876864        -0.9522828245 
        3.1350000000         1.9200000000         0.9811441002        -6.0234876864        -0.9714988782 
        3.1400001000         1.9200000000         0.9658503913        -6.4218840676        -0.9907149318 
        3.1450000000         1.9200000000         0.9683993428        -6.3554846707        -1.0355523902 
        3.1500000000         1.9200000000         0.9683993428        -6.3554846707        -1.0579711195 
        3.1550000000         1.9200000000         0.9683993428        -6.3554846707        -1.0803898487 
        3.1600000000         1.9200000000         0.9658503913        -6.4218840676        -1.1124166047 
        3.1650000000         1.9200000000         0.9862420032        -5.8906888927        -1.1380380096 
        3.1700000000         1.9200000000         0.9760461972        -6.1562864801        -1.1796727924 
        3.1750000000         1.9200000000         0.9683993428        -6.3554846707        -1.2149022241 
        3.1800000000         1.9200000000         0.9709482942        -6.2890852739        -1.2373209533 
        3.1850000000         1.9200000000         0.9709482942        -6.2890852739        -1.2725503849 
        3.1900000000         1.9200000000         0.9785951487        -6.0898870833        -1.2981717898 
        3.1950000000         1.9200000000         0.9862420032        -5.8906888927        -1.3269958702 
        3.2000001000         1.9200000000         0.9709482942        -6.2890852739        -1.3622253018 
        3.2050000000         1.9200000000         0.9709482942        -6.2890852739        -1.3910493823 
        3.2100000000         1.9200000000         0.9836930517        -5.9570882895        -1.4134681115 
        3.2150000000         1.9200000000         0.9683993428        -6.3554846707        -1.4583055700 
        3.2200000000         1.9200000000         0.9785951487        -6.0898870833        -1.4839269748 
        3.2250000000         1.9200000000         0.9785951487        -6.0898870833        -1.5191564064 
        3.2300000000         1.9200000000         0.9785951487        -6.0898870833        -1.5415751357 
        3.2350000000         1.9200000000         0.9734972457        -6.2226858770        -1.5671965405 
        3.2400000000         1.9200000000         0.9862420032        -5.8906888927        -1.5960206209 
        3.2450000000         1.9200000000         0.9785951487        -6.0898870833        -1.6376554038 
        3.2500000000         1.9200000000         0.9658503913        -6.4218840676        -1.6440607550 
        3.2550000000         1.9200000000         0.9760461972        -6.1562864801        -1.6953035646 
        3.2600000000         1.9200000000         0.9607524883        -6.5546828614        -1.7241276451 
        3.2650001000         1.9200000000         0.9862420032        -5.8906888927        -1.7497490499 
        3.2700000000         1.9200000000         0.9658503913        -6.4218840676        -1.7817758059 
        3.2750000000         1.9200000000         0.9734972457        -6.2226858770        -1.8105998864 
        3.2800000000         1.9200000000         0.9964378091        -5.6250913052        -1.8394239668 
        3.2850000000         1.9200000000         0.9658503913        -6.4218840676        -1.8810587497 
        3.2900000000         1.9200000000         0.9633014398        -6.4882834645        -1.9130855057 
        3.2950000000         1.9200000000         0.9760461972        -6.1562864801        -1.9323015593 
        3.3000000000         1.9200000000         0.9658503913        -6.4218840676        -1.9643283154 
        3.3050000000         1.9200000000         0.9760461972        -6.1562864801        -1.9963550714 
        3.3100000000         1.9200000000         0.9633014398        -6.4882834645        -2.0347871786 
        3.3150000000         1.9200000000         0.9683993428        -6.3554846707        -2.0475978811 
        3.3200000000         1.9200000000         0.9734972457        -6.2226858770        -2.0860299883 
        3.3250001000         1.9200000000         0.9709482942        -6.2890852739        -2.1180567443 
        3.3300000000         1.9200000000         0.9556545853        -6.6874816551        -2.1564888516 
        3.3350000000         1.9200000000         0.9734972457        -6.2226858770        -2.1821102564 
        3.3400000000         1.9200000000         0.9658503913        -6.4218840676        -2.2141370125 
        3.3450000000         1.9200000000         0.9709482942        -6.2890852739        -2.2397584173 
        3.3500000000         1.9200000000         0.9607524883        -6.5546828614        -2.2717851733 
        3.3550000000         1.9200000000         0.9734972457        -6.2226858770        -2.3102172806 
        3.3600000000         1.9200000000         0.9556545853        -6.6874816551        -2.3486493878 
        3.3650000000         1.9200000000         0.9633014398        -6.4882834645        -2.3742707926 
        3.3700000000         1.9200000000         0.9556545853        -6.6874816551        -2.4095002243 
        3.3750000000         1.9200000000         0.9785951487        -6.0898870833        -2.4287162779 
        3.3800000000         1.9200000000         0.9531056338        -6.7538810520        -2.4703510608 
        3.3850000000         1.9200000000         0.9709482942        -6.2890852739        -2.5055804924 
        3.3900001000         1.9200000000         0.9607524883        -6.5546828614        -2.5408099240 
        3.3950000000         1.9200000000         0.9709482942        -6.2890852739        -2.5728366801 
        3.4000000000         1.9200000000         0.9556545853        -6.6874816551        -2.6080661117 
        3.4050000000         1.9200000000         0.9709482942        -6.2890852739        -2.6272821653 
        3.4100000000         1.9200000000         0.9658503913        -6.4218840676        -2.6593089214 
        3.4150000000         1.9200000000         0.9683993428        -6.3554846707        -2.7009437042 
        3.4200000000         1.9200000000         0.9429098279        -7.0194786394        -2.7393758115 
        3.4250000000         1.9200000000         0.9683993428        -6.3554846707        -2.7649972163 
        3.4300000000         1.9200000000         0.9734972457        -6.2226858770        -2.7938212967 
        3.4350000000         1.9200000000         0.9352629734        -7.2186768301        -2.8386587552 
        3.4400000000         1.9200000000         0.9734972457        -6.2226858770        -2.8610774844 
        3.4450000000         1.9200000000         0.9480077309        -6.8866798457        -2.9059149429 
        3.4500001000         1.9200000000         0.9760461972        -6.1562864801        -2.9347390233 
        3.4550000000         1.9200000000         0.9709482942        -6.2890852739        -2.9763738062 
        3.4600000000         1.9200000000         0.9480077309        -6.8866798457        -3.0116032378 
        3.4650000000         1.9200000000         0.9683993428        -6.3554846707        -3.0276166158 
        3.4700000000         1.9200000000         0.9811441002        -6.0234876864        -3.0564406963 
        3.4750000000         1.9200000000         0.9556545853        -6.6874816551        -3.0948728035 
        3.4800000000         1.9200000000         0.9785951487        -6.0898870833        -3.1204942083 
        3.4850000000         1.9200000000         0.9607524883        -6.5546828614        -3.1461156132 
        3.4900000000         1.9200000000         0.9556545853        -6.6874816551        -3.1525209644 
        3.4950000000         1.9200000000         0.9709482942        -6.2890852739        -3.1429129376 
        3.5000000000         1.9200000000         0.9760461972        -6.1562864801        -3.1461156132 
        3.5050000000         1.9200000000         0.9556545853        -6.6874816551        -3.1397102620 
        3.5100000000         1.9200000000         0.9683993428        -6.3554846707        -1.7433436987 
        3.5150001000         1.9200000000         0.9658503913        -6.4218840676        -1.7433436987 
        3.5200000000         1.9200000000         0.9658503913        -6.4218840676         3.1407365971 
        3.5250000000         1.9200000000         0.9964378091        -5.6250913052         3.1407365971 
        3.5300000000         1.9200000000         0.9658503913        -6.4218840676         3.1407365971 
        3.5350000000         1.9200000000         0.9582035368        -6.6210822582         3.1311285703 
        3.5400000000         1.9200000000         0.9760461972        -6.1562864801         3.1375339215 
        3.5450000000         1.9200000000         0.9607524883        -6.5546828614         3.0958991387 
        3.5500000000         1.9200000000         0.9683993428        -6.3554846707         3.0894937875 
        3.5550000000         1.9200000000         0.9836930517        -5.9570882895         3.0446563290 
        3.5600000000         1.9200000000         0.9556545853        -6.6874816551         3.0158322486 
        3.5650000000         1.9200000000         0.9709482942        -6.2890852739         2.9870081682 
        3.5700000000         1.9200000000         0.9734972457        -6.2226858770         2.9389680341 
        3.5750001000         1.9200000000         0.9556545853        -6.6874816551         2.9101439537 
        3.5800000000         1.9200000000         0.9811441002        -6.0234876864         2.8909279000 
        3.5850000000         1.9200000000         0.9556545853        -6.6874816551         2.8524957928 
        3.5900000000         1.9200000000         0.9785951487        -6.0898870833         2.8236717124 
        3.5950000000         1.9200000000         0.9633014398        -6.4882834645         2.7916449563 
        3.6000000000         1.9200000000         0.9734972457        -6.2226858770         2.7500101735 
        3.6050000000         1.9200000000         0.9556545853        -6.6874816551         2.7179834174 
        3.6100000000         1.9200000000         0.9836930517        -5.9570882895         2.6955646882 
        3.6150000000         1.9200000000         0.9633014398        -6.4882834645         2.6443218785 
        3.6200000000         1.9200000000         0.9607524883        -6.5546828614         2.6315111761 
        3.6250000000         1.9200000000         0.9633014398        -6.4882834645         2.5834710421 
        3.6300000000         1.9200000000         0.9658503913        -6.4218840676         2.5482416104 
        3.6350021000         1.9200000000         0.9582035368        -6.6210822582         2.5290255568 
        3.6400001000         1.9200000000         0.9760461972        -6.1562864801         2.4905934496 
        3.6450000000         1.9200000000         0.9403608764        -7.0858780363         2.4457559911 
        3.6500000000         1.9200000000         0.9658503913        -6.4218840676         2.4233372619 
        3.6550000000         1.9200000000         0.9683993428        -6.3554846707         2.3977158570 
        3.6601958000         1.9200000000         0.9709482942        -6.2890852739         2.3656891010 
        3.6650000000         1.9200000000         0.9582035368        -6.6210822582         2.3144462913 
        3.6700000000         1.9200000000         0.9683993428        -6.3554846707         2.2952302377 
        3.6750000000         1.9200000000         0.9607524883        -6.5546828614         2.2503927793 
        3.6800000000         1.9200000000         0.9607524883        -6.5546828614         2.2183660232 
        3.6850000000         1.9200000000         0.9785951487        -6.0898870833         2.2055553208 
        3.6900000000         1.9200000000         0.9556545853        -6.6874816551         2.1671232136 
        3.6950000000         1.9200000000         0.9582035368        -6.6210822582         2.1350964575 
        3.7000001000         1.9200000000         0.9734972457        -6.2226858770         2.0998670259 
        3.7050000000         1.9200000000         0.9633014398        -6.4882834645         2.0806509723 
        3.7100000000         1.9200000000         0.9607524883        -6.5546828614         2.0230028114 
        3.7150000000         1.9200000000         0.9887909546        -5.8242894958         2.0101921090 
        3.7200000000         1.9200000000         0.9658503913        -6.4218840676         1.9685573261 
        3.7250000000         1.9200000000         0.9811441002        -6.0234876864         1.9397332457 
        3.7300000000         1.9200000000         0.9785951487        -6.0898870833         1.9173145165 
        3.7350000000         1.9200000000         0.9734972457        -6.2226858770         1.8692743824 
        3.7400000000         1.9200000000         0.9760461972        -6.1562864801         1.8532610044 
        3.7450000000         1.9200000000         0.9811441002        -6.0234876864         1.8244369240 
        3.7500000000         1.9200000000         0.9582035368        -6.6210822582         1.7828021411 
        3.7550000000         1.9200000000         0.9811441002        -6.0234876864         1.7635860875 
        3.7600000000         1.9200000000         0.9760461972        -6.1562864801         1.7315593315 
        3.7650001000         1.9200000000         0.9480077309        -6.8866798457         1.6835191974 
        3.7700324000         1.9200000000         0.9811441002        -6.0234876864         1.6675058194 
        3.7750000000         1.9200000000         0.9760461972        -6.1562864801         1.6290737121 
        3.7800000000         1.9200000000         0.9709482942        -6.2890852739         1.6034523073 
        3.7850000000         1.9200000000         0.9785951487        -6.0898870833         1.5810335781 
        3.7900000000         1.9200000000         0.9836930517        -5.9570882895         1.5490068220 
        3.7950000000         1.9200000000         0.9505566824        -6.8202804488         1.5041693636 
        3.8000000000         1.9200000000         0.9913399061        -5.7578900989         1.4817506344 
        3.8050000000         1.9200000000         0.9862420032        -5.8906888927         1.4593319051 
        3.8100000000         1.9200000000         0.9607524883        -6.5546828614         1.4144944467 
        3.8150000000         1.9200000000         0.9989867606        -5.5586919083         1.4016837443 
        3.8200000000         1.9200000000         0.9658503913        -6.4218840676         1.3632516370 
        3.8250001000         1.9200000000         0.9887909546        -5.8242894958         1.3312248810 
        3.8300000000         1.9200000000         0.9811441002        -6.0234876864         1.3120088274 
        3.8350000000         1.9200000000         0.9989867606        -5.5586919083         1.2703740445 
        3.8400000000         1.9200000000         1.0805532081        -3.4339112085         1.2543606665 
        3.8450000000         1.9200000000         0.9836930517        -5.9570882895         1.2191312348 
        3.8500000000         1.9200000000         0.9760461972        -6.1562864801         1.1774964520 
        3.8550000000         1.9200000000         1.1264343349        -2.2387220648         1.1710911008 
        3.8600000000         1.9200000000         0.9683993428        -6.3554846707         1.1198482911 
        3.8650000000         1.9200000000         0.9836930517        -5.9570882895         1.0846188595 
        3.8700000000         1.9200000000         0.9862420032        -5.8906888927         1.0814161839 
        3.8750000000         1.9200000000         0.9785951487        -6.0898870833         1.0301733742 
        3.8800000000         1.9200000000         0.9683993428        -6.3554846707         1.0077546450 
        3.8850000000         1.9200000000         0.9964378091        -5.6250913052         0.9789305646 
        3.8900001000         1.9200000000         0.9633014398        -6.4882834645         0.9501064841 
        3.8950000000         1.9200000000         0.9938888576        -5.6914907021         0.9212824037 
        3.9000000000         1.9200000000         0.9785951487        -6.0898870833         0.8860529720 
        3.9050000000         1.9200000000         0.9683993428        -6.3554846707         0.8700395940 
        3.9100000000         1.9200000000         0.9913399061        -5.7578900989         0.8316074868 
        3.9150000000         1.9200000000         0.9633014398        -6.4882834645         0.7995807307 
        3.9200000000         1.9200000000         0.9862420032        -5.8906888927         0.7835673527 
        3.9250000000         1.9200000000         0.9811441002        -6.0234876864         0.7387298943 
        3.9300000000         1.9200000000         0.9683993428        -6.3554846707         0.7035004626 
        3.9350000000         1.9200000000         0.9760461972        -6.1562864801         0.6714737066 
        3.9400000000         1.9200000000         0.9683993428        -6.3554846707         0.6394469506 
        3.9450000000         1.9200000000         0.9811441002        -6.0234876864         0.6330415993 
        3.9500001000         1.9200000000         0.9989867606        -5.5586919083         0.5946094921 
        3.9550000000         1.9200000000         0.9531056338        -6.7538810520         0.5561773849 
        3.9600000000         1.9200000000         0.9913399061        -5.7578900989         0.5465693580 
        3.9650000000         1.9200000000         0.9633014398        -6.4882834645         0.5049345752 
        3.9700000000         1.9200000000         0.9760461972        -6.1562864801         0.4697051435 
        3.9750000000         1.9200000000         0.9785951487        -6.0898870833         0.4536917655 
        3.9800000000         1.9200000000         0.9582035368        -6.6210822582         0.4056516315 
        3.9850000000         1.9200000000         0.9734972457        -6.2226858770         0.3768275510 
        3.9900000000         1.9200000000         0.9760461972        -6.1562864801         0.3512061462 
        3.9950000000         1.9200000000         0.9658503913        -6.4218840676         0.3255847414 
