           Time[sec]  \omega_{cmd}[rad/s]          V_{gyro}[V] \omega_{gyro}[rad/s]          \theta[rad] 
        0.0000000000         2.2000000000         1.2130986854         0.0188574287         1.3920757174 
        0.0050000000         2.2000000000         1.2105497339        -0.0475419682         1.3920757174 
        0.0100000000         2.2000000000         1.2130986854         0.0188574287         1.4016837443 
        0.0150000000         2.2000000000         1.2130986854         0.0188574287         1.3888730418 
        0.0200000000         2.2000000000         1.2029028795        -0.2467401588         1.3888730418 
        0.0250000000         2.2000000000         1.2207455399         0.2180556193         1.4016837443 
        0.0300000000         2.2000000000         1.2130986854         0.0188574287         1.3920757174 
        0.0350000000         2.2000000000         1.2003539280        -0.3131395556         1.3888730418 
        0.0400000000         2.2000000000         1.1544728012        -1.5083286993         1.3856703662 
        0.0450000000         2.2000000000         1.1697665101        -1.1099323181         1.3792650150 
        0.0500000000         2.2000000000         1.1723154616        -1.0435329212         1.3728596638 
        0.0550000000         2.2000000000         1.1672175587        -1.1763317149         1.3664543126 
        0.0600000000         2.2000000000         1.1544728012        -1.5083286993         1.3504409346 
        0.0650000000         2.2000000000         1.1876091705        -0.6451365400         1.3600489614 
        0.0700000000         2.2000000000         1.1621196557        -1.3091305087         1.3536436102 
        0.0750000000         2.2000000000         1.1672175587        -1.1763317149         1.3376302322 
        0.0800000000         2.2000000000         1.1697665101        -1.1099323181         1.3376302322 
        0.0850000000         2.2000000000         1.1748644131        -0.9771335243         1.3312248810 
        0.0900000000         2.2000000000         1.1621196557        -1.3091305087         1.3248195298 
        0.0950000000         2.2000000000         1.1825112676        -0.7779353337         1.3248195298 
        0.1000000000         2.2000000000         1.1646686072        -1.2427311118         1.3120088274 
        0.1050000000         2.2000000000         1.1723154616        -1.0435329212         1.3056034761 
        0.1100000000         2.2000000000         1.1723154616        -1.0435329212         1.3120088274 
        0.1150000000         2.2000000000         1.1799623161        -0.8443347306         1.3152115030 
        0.1200000000         2.2000000000         1.1723154616        -1.0435329212         1.2895900981 
        0.1250000000         2.2000000000         1.1825112676        -0.7779353337         1.2991981249 
        0.1300000000         2.2000000000         1.1774133646        -0.9107341275         1.2927927737 
        0.1350000000         2.2000000000         1.1799623161        -0.8443347306         1.2799820713 
        0.1400000000         2.2000000000         1.1774133646        -0.9107341275         1.2799820713 
        0.1450000000         2.2000000000         1.1850602191        -0.7115359369         1.2735767201 
        0.1500000000         2.2000000000         1.1825112676        -0.7779353337         1.2735767201 
        0.1550000000         2.2000000000         1.1876091705        -0.6451365400         1.2735767201 
        0.1600000000         2.2000000000         1.1876091705        -0.6451365400         1.2671713689 
        0.1650000000         2.2000000000         1.1927070735        -0.5123377462         1.2607660177 
        0.1700000000         2.2000000000         1.1952560250        -0.4459383494         1.2543606665 
        0.1750000000         2.2000000000         1.2003539280        -0.3131395556         1.2575633421 
        0.1800001000         2.2000000000         1.1927070735        -0.5123377462         1.2479553153 
        0.1850000000         2.2000000000         1.2029028795        -0.2467401588         1.2575633421 
        0.1900000000         2.2000000000         1.2105497339        -0.0475419682         1.2607660177 
        0.1950000000         2.2000000000         1.2029028795        -0.2467401588         1.2479553153 
        0.2000000000         2.2000000000         1.2029028795        -0.2467401588         1.2511579909 
        0.2050000000         2.2000000000         1.2080007824        -0.1139413650         1.2511579909 
        0.2100001000         2.2000000000         1.2105497339        -0.0475419682         1.2511579909 
        0.2150000000         2.2000000000         1.2130986854         0.0188574287         1.2511579909 
        0.2200000000         2.2000000000         1.2105497339        -0.0475419682         1.2511579909 
        0.2250000000         2.2000000000         1.2130986854         0.0188574287         1.2511579909 
        0.2300000000         2.2000000000         1.2207455399         0.2180556193         1.2607660177 
        0.2350000000         2.2000000000         1.2207455399         0.2180556193         1.2607660177 
        0.2400000000         2.2000000000         1.2130986854         0.0188574287         1.2511579909 
        0.2450000000         2.2000000000         1.2130986854         0.0188574287         1.2511579909 
        0.2500000000         2.2000000000         1.2130986854         0.0188574287         1.2511579909 
        0.2550000000         2.2000000000         1.2130986854         0.0188574287         1.2511579909 
        0.2600000000         2.2000000000         1.2130986854         0.0188574287         1.2511579909 
        0.2650000000         2.2000000000         1.2130986854         0.0188574287         1.2479553153 
        0.2700000000         2.2000000000         1.2181965884         0.1516562224         1.2607660177 
        0.2750000000         2.2000000000         1.2054518309        -0.1803407619         1.2415499641 
        0.2800000000         2.2000000000         1.2080007824        -0.1139413650         1.2383472885 
        0.2850000000         2.2000000000         1.2130986854         0.0188574287         1.2351446129 
        0.2900001000         2.2000000000         1.2181965884         0.1516562224         1.2607660177 
        0.2950000000         2.2000000000         1.2054518309        -0.1803407619         1.2415499641 
        0.3000000000         2.2000000000         1.2130986854         0.0188574287         1.2511579909 
        0.3050000000         2.2000000000         1.2130986854         0.0188574287         1.2511579909 
        0.3100000000         2.2000000000         1.2130986854         0.0188574287         1.2511579909 
        0.3150000000         2.2000000000         1.2105497339        -0.0475419682         1.2479553153 
        0.3200000000         2.2000000000         1.2130986854         0.0188574287         1.2511579909 
        0.3250000000         2.2000000000         1.2207455399         0.2180556193         1.2575633421 
        0.3300000000         2.2000000000         1.2156476369         0.0852568256         1.2511579909 
        0.3350000000         2.2000000000         1.2080007824        -0.1139413650         1.2447526397 
        0.3400000000         2.2000000000         1.2130986854         0.0188574287         1.2511579909 
        0.3450000000         2.2000000000         1.2130986854         0.0188574287         1.2511579909 
        0.3500001000         2.2000000000         1.2130986854         0.0188574287         1.2511579909 
        0.3550001000         2.2000000000         1.2105497339        -0.0475419682         1.2447526397 
        0.3600000000         2.2000000000         1.2232944913         0.2844550162         1.2607660177 
        0.3650000000         2.2000000000         1.2130986854         0.0188574287         1.2639686933 
        0.3700000000         2.2000000000         1.2105497339        -0.0475419682         1.2447526397 
        0.3750000000         2.2000000000         1.2181965884         0.1516562224         1.2607660177 
        0.3800000000         2.2000000000         1.2029028795        -0.2467401588         1.2415499641 
        0.3850000000         2.2000000000         1.2130986854         0.0188574287         1.2511579909 
        0.3900000000         2.2000000000         1.2130986854         0.0188574287         1.2511579909 
        0.3950000000         2.2000000000         1.2130986854         0.0188574287         1.2511579909 
        0.4000000000         2.2000000000         1.2181965884         0.1516562224         1.2607660177 
        0.4050000000         2.2000000000         1.2207455399         0.2180556193         1.2511579909 
        0.4100000000         2.2000000000         1.2207455399         0.2180556193         1.2639686933 
        0.4150001000         2.2000000000         1.2232944913         0.2844550162         1.2575633421 
        0.4200001000         2.2000000000         1.2130986854         0.0188574287         1.2511579909 
        0.4250000000         2.2000000000         1.2130986854         0.0188574287         1.2511579909 
        0.4300000000         2.2000000000         1.2105497339        -0.0475419682         1.2511579909 
        0.4350000000         2.2000000000         1.2181965884         0.1516562224         1.2543606665 
        0.4400000000         2.2000000000         1.2130986854         0.0188574287         1.2607660177 
        0.4450006000         2.2000000000         1.2080007824        -0.1139413650         1.2415499641 
        0.4500000000         2.2000000000         1.2080007824        -0.1139413650         1.2511579909 
        0.4550000000         2.2000000000         1.2105497339        -0.0475419682         1.2511579909 
        0.4600000000         2.2000000000         1.2207455399         0.2180556193         1.2479553153 
        0.4650000000         2.2000000000         1.2130986854         0.0188574287         1.2511579909 
        0.4700000000         2.2000000000         1.2207455399         0.2180556193         1.2607660177 
        0.4750001000         2.2000000000         1.2105497339        -0.0475419682         1.2415499641 
        0.4800001000         2.2000000000         1.2054518309        -0.1803407619         1.2415499641 
        0.4850000000         2.2000000000         1.2105497339        -0.0475419682         1.2511579909 
        0.4900000000         2.2000000000         1.2080007824        -0.1139413650         1.2447526397 
        0.4950000000         2.2000000000         1.2130986854         0.0188574287         1.2511579909 
        0.5000000000         2.2000000000         1.2105497339        -0.0475419682         1.2447526397 
        0.5050000000         2.2000000000         1.2130986854         0.0188574287         1.2511579909 
        0.5100000000         2.2000000000         1.2207455399         0.2180556193         1.2607660177 
        0.5150000000         2.2000000000         1.2054518309        -0.1803407619         1.2447526397 
        0.5200000000         2.2000000000         1.2130986854         0.0188574287         1.2511579909 
        0.5250000000         2.2000000000         1.2054518309        -0.1803407619         1.2447526397 
        0.5300781000         2.2000000000         1.2130986854         0.0188574287         1.2511579909 
        0.5350000000         2.2000000000         1.2080007824        -0.1139413650         1.2415499641 
        0.5400000000         2.2000000000         1.2207455399         0.2180556193         1.2639686933 
        0.5450000000         2.2000000000         1.2232944913         0.2844550162         1.2607660177 
        0.5500000000         2.2000000000         1.2054518309        -0.1803407619         1.2351446129 
        0.5550000000         2.2000000000         1.2029028795        -0.2467401588         1.2415499641 
        0.5600000000         2.2000000000         1.2080007824        -0.1139413650         1.2607660177 
        0.5650000000         2.2000000000         1.2130986854         0.0188574287         1.2511579909 
        0.5700001000         2.2000000000         1.2130986854         0.0188574287         1.2511579909 
        0.5750001000         2.2000000000         1.2130986854         0.0188574287         1.2479553153 
        0.5800000000         2.2000000000         1.2130986854         0.0188574287         1.2511579909 
        0.5850000000         2.2000000000         1.2207455399         0.2180556193         1.2575633421 
        0.5900000000         2.2000000000         1.2207455399         0.2180556193         1.2575633421 
        0.5950000000         2.2000000000         1.2130986854         0.0188574287         1.2511579909 
        0.6000000000         2.2000000000         1.2130986854         0.0188574287         1.2511579909 
        0.6050000000         2.2000000000         1.2207455399         0.2180556193         1.2607660177 
        0.6100000000         2.2000000000         1.2181965884         0.1516562224         1.2575633421 
        0.6150000000         2.2000000000         1.2054518309        -0.1803407619         1.2511579909 
        0.6200000000         2.2000000000         1.2207455399         0.2180556193         1.2543606665 
        0.6250000000         2.2000000000         1.2130986854         0.0188574287         1.2511579909 
        0.6300000000         2.2000000000         1.2130986854         0.0188574287         1.2511579909 
        0.6350000000         2.2000000000         1.2181965884         0.1516562224         1.2607660177 
        0.6400000000         2.2000000000         1.2080007824        -0.1139413650         1.2415499641 
        0.6450000000         2.2000000000         1.2130986854         0.0188574287         1.2511579909 
        0.6500000000         2.2000000000         1.2080007824        -0.1139413650         1.2415499641 
        0.6550000000         2.2000000000         1.2105497339        -0.0475419682         1.2543606665 
        0.6600000000         2.2000000000         1.2130986854         0.0188574287         1.2479553153 
        0.6650000000         2.2000000000         1.2130986854         0.0188574287         1.2511579909 
        0.6700000000         2.2000000000         1.2130986854         0.0188574287         1.2511579909 
        0.6750000000         2.2000000000         1.2181965884         0.1516562224         1.2607660177 
        0.6800000000         2.2000000000         1.2080007824        -0.1139413650         1.2415499641 
        0.6850000000         2.2000000000         1.2105497339        -0.0475419682         1.2607660177 
        0.6900000000         2.2000000000         1.2105497339        -0.0475419682         1.2511579909 
        0.6950001000         2.2000000000         1.2207455399         0.2180556193         1.2575633421 
        0.7000001000         2.2000000000         1.2130986854         0.0188574287         1.2511579909 
        0.7050000000         2.2000000000         1.2130986854         0.0188574287         1.2511579909 
        0.7100000000         2.2000000000         1.2054518309        -0.1803407619         1.2351446129 
        0.7150000000         2.2000000000         1.2130986854         0.0188574287         1.2575633421 
        0.7200000000         2.2000000000         1.2054518309        -0.1803407619         1.2447526397 
        0.7250000000         2.2000000000         1.2181965884         0.1516562224         1.2511579909 
        0.7300000000         2.2000000000         1.2105497339        -0.0475419682         1.2415499641 
        0.7350000000         2.2000000000         1.2080007824        -0.1139413650         1.2447526397 
        0.7400000000         2.2000000000         1.2054518309        -0.1803407619         1.2415499641 
        0.7450000000         2.2000000000         1.2181965884         0.1516562224         1.2575633421 
        0.7500000000         2.2000000000         1.2054518309        -0.1803407619         1.2415499641 
        0.7550000000         2.2000000000         1.2130986854         0.0188574287         1.2511579909 
        0.7600000000         2.2000000000         1.2130986854         0.0188574287         1.2511579909 
        0.7650000000         2.2000000000         1.2181965884         0.1516562224         1.2511579909 
        0.7700000000         2.2000000000         1.2130986854         0.0188574287         1.2479553153 
        0.7750000000         2.2000000000         1.2130986854         0.0188574287         1.2511579909 
        0.7800000000         2.2000000000         1.2130986854         0.0188574287         1.2607660177 
        0.7850000000         2.2000000000         1.2054518309        -0.1803407619         1.2415499641 
        0.7900000000         2.2000000000         1.2207455399         0.2180556193         1.2607660177 
        0.7950000000         2.2000000000         1.2130986854         0.0188574287         1.2447526397 
        0.8000000000         2.2000000000         1.2080007824        -0.1139413650         1.2415499641 
        0.8050000000         2.2000000000         1.2130986854         0.0188574287         1.2511579909 
        0.8100000000         2.2000000000         1.2080007824        -0.1139413650         1.2415499641 
        0.8150000000         2.2000000000         1.2130986854         0.0188574287         1.2511579909 
        0.8200001000         2.2000000000         1.2207455399         0.2180556193         1.2607660177 
        0.8250132000         2.2000000000         1.2207455399         0.2180556193         1.2511579909 
        0.8300000000         2.2000000000         1.2130986854         0.0188574287         1.2511579909 
        0.8350001000         2.2000000000         1.2258434428         0.3508544131         1.2607660177 
        0.8400000000         2.2000000000         1.2080007824        -0.1139413650         1.2447526397 
        0.8450000000         2.2000000000         1.2130986854         0.0188574287         1.2511579909 
        0.8500000000         2.2000000000         1.2105497339        -0.0475419682         1.2511579909 
        0.8550000000         2.2000000000         1.2130986854         0.0188574287         1.2607660177 
        0.8600000000         2.2000000000         1.2054518309        -0.1803407619         1.2415499641 
        0.8650000000         2.2000000000         1.2130986854         0.0188574287         1.2511579909 
        0.8700000000         2.2000000000         1.2130986854         0.0188574287         1.2607660177 
        0.8750000000         2.2000000000         1.2130986854         0.0188574287         1.2479553153 
        0.8800000000         2.2000000000         1.2181965884         0.1516562224         1.2575633421 
        0.8850000000         2.2000000000         1.2130986854         0.0188574287         1.2415499641 
        0.8900000000         2.2000000000         1.2105497339        -0.0475419682         1.2511579909 
        0.8950000000         2.2000000000         1.2130986854         0.0188574287         1.2415499641 
        0.9000000000         2.2000000000         1.2130986854         0.0188574287         1.2607660177 
        0.9050000000         2.2000000000         1.2130986854         0.0188574287         1.2511579909 
        0.9100000000         2.2000000000         1.2130986854         0.0188574287         1.2511579909 
        0.9150000000         2.2000000000         1.2130986854         0.0188574287         1.2511579909 
        0.9200000000         2.2000000000         1.2130986854         0.0188574287         1.2511579909 
        0.9250000000         2.2000000000         1.2130986854         0.0188574287         1.2607660177 
        0.9300000000         2.2000000000         1.2181965884         0.1516562224         1.2511579909 
        0.9350000000         2.2000000000         1.2054518309        -0.1803407619         1.2447526397 
        0.9400000000         2.2000000000         1.2105497339        -0.0475419682         1.2511579909 
        0.9450012000         2.2000000000         1.2080007824        -0.1139413650         1.2447526397 
        0.9500001000         2.2000000000         1.2080007824        -0.1139413650         1.2415499641 
        0.9550000000         2.2000000000         1.2181965884         0.1516562224         1.2607660177 
        0.9600001000         2.2000000000         1.2080007824        -0.1139413650         1.2415499641 
        0.9650000000         2.2000000000         1.2130986854         0.0188574287         1.2511579909 
        0.9700000000         2.2000000000         1.2130986854         0.0188574287         1.2479553153 
        0.9750000000         2.2000000000         1.2054518309        -0.1803407619         1.2383472885 
        0.9800000000         2.2000000000         1.2207455399         0.2180556193         1.2639686933 
        0.9850446000         2.2000000000         1.2181965884         0.1516562224         1.2639686933 
        0.9900000000         2.2000000000         1.2181965884         0.1516562224         1.2511579909 
        0.9950000000         2.2000000000         1.2181965884         0.1516562224         1.2543606665 
        1.0000000000         2.2000000000         1.2054518309        -0.1803407619         1.2447526397 
        1.0050000000         2.2000000000         1.2156476369         0.0852568256         1.2511579909 
        1.0100001000         2.2000000000         1.2130986854         0.0188574287         1.2511579909 
        1.0150000000         2.2000000000         1.2054518309        -0.1803407619         1.2447526397 
        1.0200000000         2.2000000000         1.2080007824        -0.1139413650         1.2447526397 
        1.0250000000         2.2000000000         1.2130986854         0.0188574287         1.2511579909 
        1.0300016000         2.2000000000         1.2130986854         0.0188574287         1.2511579909 
        1.0350000000         2.2000000000         1.2181965884         0.1516562224         1.2575633421 
        1.0400000000         2.2000000000         1.2130986854         0.0188574287         1.2511579909 
        1.0450000000         2.2000000000         1.2080007824        -0.1139413650         1.2479553153 
        1.0500000000         2.2000000000         1.2130986854         0.0188574287         1.2511579909 
        1.0550000000         2.2000000000         1.2130986854         0.0188574287         1.2511579909 
        1.0600000000         2.2000000000         1.2054518309        -0.1803407619         1.2415499641 
        1.0650000000         2.2000000000         1.2207455399         0.2180556193         1.2511579909 
        1.0700000000         2.2000000000         1.2181965884         0.1516562224         1.2607660177 
        1.0750024000         2.2000000000         1.2054518309        -0.1803407619         1.2447526397 
        1.0800000000         2.2000000000         1.2130986854         0.0188574287         1.2543606665 
        1.0850000000         2.2000000000         1.2080007824        -0.1139413650         1.2415499641 
        1.0900000000         2.2000000000         1.2130986854         0.0188574287         1.2511579909 
        1.0950020000         2.2000000000         1.2054518309        -0.1803407619         1.2447526397 
        1.1000000000         2.2000000000         1.2130986854         0.0188574287         1.2575633421 
        1.1050000000         2.2000000000         1.2181965884         0.1516562224         1.2575633421 
        1.1100000000         2.2000000000         1.2181965884         0.1516562224         1.2575633421 
        1.1150000000         2.2000000000         1.2054518309        -0.1803407619         1.2447526397 
        1.1200000000         2.2000000000         1.2130986854         0.0188574287         1.2511579909 
        1.1250000000         2.2000000000         1.2130986854         0.0188574287         1.2511579909 
        1.1300000000         2.2000000000         1.2080007824        -0.1139413650         1.2479553153 
        1.1350001000         2.2000000000         1.2232944913         0.2844550162         1.2607660177 
        1.1400000000         2.2000000000         1.2130986854         0.0188574287         1.2511579909 
        1.1450000000         2.2000000000         1.2130986854         0.0188574287         1.2511579909 
        1.1500000000         2.2000000000         1.2029028795        -0.2467401588         1.2415499641 
        1.1550001000         2.2000000000         1.2130986854         0.0188574287         1.2575633421 
        1.1600000000         2.2000000000         1.2130986854         0.0188574287         1.2511579909 
        1.1650000000         2.2000000000         1.2130986854         0.0188574287         1.2511579909 
        1.1700000000         2.2000000000         1.2207455399         0.2180556193         1.2575633421 
        1.1750000000         2.2000000000         1.2080007824        -0.1139413650         1.2511579909 
        1.1800000000         2.2000000000         1.2207455399         0.2180556193         1.2575633421 
        1.1850000000         2.2000000000         1.2105497339        -0.0475419682         1.2511579909 
        1.1900000000         2.2000000000         1.2130986854         0.0188574287         1.2511579909 
        1.1950000000         2.2000000000         1.2130986854         0.0188574287         1.2607660177 
        1.2000000000         2.2000000000         1.2207455399         0.2180556193         1.2575633421 
        1.2050000000         2.2000000000         1.2130986854         0.0188574287         1.2415499641 
        1.2100000000         2.2000000000         1.2181965884         0.1516562224         1.2607660177 
        1.2150000000         2.2000000000         1.2054518309        -0.1803407619         1.2415499641 
        1.2200000000         2.2000000000         1.2130986854         0.0188574287         1.2479553153 
        1.2250000000         2.2000000000         1.2054518309        -0.1803407619         1.2351446129 
        1.2300000000         2.2000000000         1.2207455399         0.2180556193         1.2607660177 
        1.2350000000         2.2000000000         1.2130986854         0.0188574287         1.2511579909 
        1.2400000000         2.2000000000         1.2130986854         0.0188574287         1.2511579909 
        1.2450000000         2.2000000000         1.2207455399         0.2180556193         1.2607660177 
        1.2500000000         2.2000000000         1.2130986854         0.0188574287         1.2511579909 
        1.2550000000         2.2000000000         1.2105497339        -0.0475419682         1.2511579909 
        1.2600001000         2.2000000000         1.2207455399         0.2180556193         1.2575633421 
        1.2650000000         2.2000000000         1.2054518309        -0.1803407619         1.2383472885 
        1.2700000000         2.2000000000         1.2130986854         0.0188574287         1.2511579909 
        1.2750000000         2.2000000000         1.2207455399         0.2180556193         1.2575633421 
        1.2800001000         2.2000000000         1.2207455399         0.2180556193         1.2543606665 
        1.2850000000         2.2000000000         1.2156476369         0.0852568256         1.2511579909 
        1.2900000000         2.2000000000         1.2130986854         0.0188574287         1.2511579909 
        1.2950227000         2.2000000000         1.2181965884         0.1516562224         1.2607660177 
        1.3000000000         2.2000000000         1.2054518309        -0.1803407619         1.2415499641 
        1.3050000000         2.2000000000         1.2130986854         0.0188574287         1.2511579909 
        1.3100000000         2.2000000000         1.2207455399         0.2180556193         1.2607660177 
        1.3150000000         2.2000000000         1.2156476369         0.0852568256         1.2575633421 
        1.3200000000         2.2000000000         1.2054518309        -0.1803407619         1.2511579909 
        1.3250000000         2.2000000000         1.2130986854         0.0188574287         1.2543606665 
        1.3300000000         2.2000000000         1.2054518309        -0.1803407619         1.2447526397 
        1.3350000000         2.2000000000         1.2181965884         0.1516562224         1.2607660177 
        1.3400000000         2.2000000000         1.2130986854         0.0188574287         1.2511579909 
        1.3450000000         2.2000000000         1.2130986854         0.0188574287         1.2511579909 
        1.3500000000         2.2000000000         1.2130986854         0.0188574287         1.2511579909 
        1.3550000000         2.2000000000         1.2130986854         0.0188574287         1.2511579909 
        1.3600000000         2.2000000000         1.2130986854         0.0188574287         1.2511579909 
        1.3650000000         2.2000000000         1.2207455399         0.2180556193         1.2607660177 
        1.3700000000         2.2000000000         1.2054518309        -0.1803407619         1.2415499641 
        1.3750000000         2.2000000000         1.2181965884         0.1516562224         1.2607660177 
        1.3800000000         2.2000000000         1.2130986854         0.0188574287         1.2511579909 
        1.3850001000         2.2000000000         1.2207455399         0.2180556193         1.2575633421 
        1.3900000000         2.2000000000         1.2130986854         0.0188574287         1.2511579909 
        1.3951519000         2.2000000000         1.2130986854         0.0188574287         1.2511579909 
        1.4000000000         2.2000000000         1.2207455399         0.2180556193         1.2543606665 
        1.4050001000         2.2000000000         1.2054518309        -0.1803407619         1.2415499641 
        1.4100000000         2.2000000000         1.2130986854         0.0188574287         1.2511579909 
        1.4150000000         2.2000000000         1.2181965884         0.1516562224         1.2607660177 
        1.4200000000         2.2000000000         1.2181965884         0.1516562224         1.2639686933 
        1.4250000000         2.2000000000         1.2054518309        -0.1803407619         1.2383472885 
        1.4300000000         2.2000000000         1.2054518309        -0.1803407619         1.2415499641 
        1.4350000000         2.2000000000         1.2207455399         0.2180556193         1.2607660177 
        1.4400000000         2.2000000000         1.2130986854         0.0188574287         1.2511579909 
        1.4450000000         2.2000000000         1.2029028795        -0.2467401588         1.2447526397 
        1.4500000000         2.2000000000         1.2080007824        -0.1139413650         1.2447526397 
        1.4550000000         2.2000000000         1.2181965884         0.1516562224         1.2607660177 
        1.4600000000         2.2000000000         1.2130986854         0.0188574287         1.2511579909 
        1.4650000000         2.2000000000         1.2105497339        -0.0475419682         1.2511579909 
        1.4700000000         2.2000000000         1.2207455399         0.2180556193         1.2511579909 
        1.4750025000         2.2000000000         1.2207455399         0.2180556193         1.2543606665 
        1.4800000000         2.2000000000         1.2054518309        -0.1803407619         1.2447526397 
        1.4850000000         2.2000000000         1.2207455399         0.2180556193         1.2575633421 
        1.4900000000         2.2000000000         1.2130986854         0.0188574287         1.2511579909 
        1.4950000000         2.2000000000         1.2080007824        -0.1139413650         1.2415499641 
        1.5000000000         2.2000000000         1.2029028795        -0.2467401588         1.2447526397 
        1.5050000000         2.2000000000         1.2156476369         0.0852568256         1.2639686933 
        1.5100001000         2.2000000000         1.2130986854         0.0188574287         1.2479553153 
        1.5150000000         2.2000000000         1.2156476369         0.0852568256         1.2607660177 
        1.5200000000         2.2000000000         1.2207455399         0.2180556193         1.2575633421 
        1.5250000000         2.2000000000         1.2054518309        -0.1803407619         1.2479553153 
        1.5300001000         2.2000000000         1.2130986854         0.0188574287         1.2511579909 
        1.5350000000         2.2000000000         1.2105497339        -0.0475419682         1.2511579909 
        1.5400001000         2.2000000000         1.2156476369         0.0852568256         1.2735767201 
        1.5450000000         2.2000000000         1.2029028795        -0.2467401588         1.2447526397 
        1.5500000000         2.2000000000         1.2181965884         0.1516562224         1.2607660177 
        1.5550000000         2.2000000000         1.2130986854         0.0188574287         1.2543606665 
        1.5600000000         2.2000000000         1.2054518309        -0.1803407619         1.2415499641 
        1.5650000000         2.2000000000         1.2130986854         0.0188574287         1.2511579909 
        1.5700000000         2.2000000000         1.2054518309        -0.1803407619         1.2415499641 
        1.5750000000         2.2000000000         1.2181965884         0.1516562224         1.2543606665 
        1.5800000000         2.2000000000         1.2054518309        -0.1803407619         1.2511579909 
        1.5850000000         2.2000000000         1.2105497339        -0.0475419682         1.2511579909 
        1.5900000000         2.2000000000         1.2130986854         0.0188574287         1.2511579909 
        1.5950000000         2.2000000000         1.2130986854         0.0188574287         1.2511579909 
        1.6000000000         2.2000000000         1.2207455399         0.2180556193         1.2607660177 
        1.6050000000         2.2000000000         1.2207455399         0.2180556193         1.2511579909 
        1.6100112000         2.2000000000         1.2130986854         0.0188574287         1.2511579909 
        1.6150000000         2.2000000000         1.2054518309        -0.1803407619         1.2447526397 
        1.6200000000         2.2000000000         1.2207455399         0.2180556193         1.2575633421 
        1.6250000000         2.2000000000         1.2054518309        -0.1803407619         1.2415499641 
        1.6300000000         2.2000000000         1.2130986854         0.0188574287         1.2511579909 
        1.6350001000         2.2000000000         1.2181965884         0.1516562224         1.2607660177 
        1.6400000000         2.2000000000         1.2054518309        -0.1803407619         1.2383472885 
        1.6450000000         2.2000000000         1.2105497339        -0.0475419682         1.2511579909 
        1.6500000000         2.2000000000         1.2054518309        -0.1803407619         1.2543606665 
        1.6550001000         2.2000000000         1.2207455399         0.2180556193         1.2607660177 
        1.6600000000         2.2000000000         1.2105497339        -0.0475419682         1.2607660177 
        1.6650001000         2.2000000000         1.2054518309        -0.1803407619         1.2415499641 
        1.6700000000         2.2000000000         1.2130986854         0.0188574287         1.2511579909 
        1.6750000000         2.2000000000         1.2054518309        -0.1803407619         1.2383472885 
        1.6800000000         2.2000000000         1.2156476369         0.0852568256         1.2479553153 
        1.6874677000         2.2000000000         1.2156476369         0.0852568256         1.2575633421 
        1.6939399000         2.2000000000         1.2130986854         0.0188574287         1.2511579909 
        1.6956127000         2.2000000000         1.2181965884         0.1516562224         1.2607660177 
        1.7000000000         2.2000000000         1.2130986854         0.0188574287         1.2511579909 
        1.7050000000         2.2000000000         1.2130986854         0.0188574287         1.2511579909 
        1.7100000000         2.2000000000         1.2130986854         0.0188574287         1.2511579909 
        1.7150000000         2.2000000000         1.2105497339        -0.0475419682         1.2511579909 
        1.7200000000         2.2000000000         1.2181965884         0.1516562224         1.2479553153 
        1.7250000000         2.2000000000         1.2130986854         0.0188574287         1.2511579909 
        1.7300000000         2.2000000000         1.2130986854         0.0188574287         1.2511579909 
        1.7350000000         2.2000000000         1.2105497339        -0.0475419682         1.2511579909 
        1.7400000000         2.2000000000         1.2181965884         0.1516562224         1.2607660177 
        1.7450000000         2.2000000000         1.2130986854         0.0188574287         1.2511579909 
        1.7500000000         2.2000000000         1.2130986854         0.0188574287         1.2511579909 
        1.7550000000         2.2000000000         1.2181965884         0.1516562224         1.2607660177 
        1.7600001000         2.2000000000         1.2054518309        -0.1803407619         1.2383472885 
        1.7650000000         2.2000000000         1.2207455399         0.2180556193         1.2639686933 
        1.7700000000         2.2000000000         1.2054518309        -0.1803407619         1.2511579909 
        1.7750000000         2.2000000000         1.2130986854         0.0188574287         1.2607660177 
        1.7800001000         2.2000000000         1.2029028795        -0.2467401588         1.2447526397 
        1.7850000000         2.2000000000         1.2207455399         0.2180556193         1.2575633421 
        1.7900001000         2.2000000000         1.2130986854         0.0188574287         1.2511579909 
        1.7950000000         2.2000000000         1.2130986854         0.0188574287         1.2511579909 
        1.8000000000         2.2000000000         1.2105497339        -0.0475419682         1.2511579909 
        1.8050000000         2.2000000000         1.2105497339        -0.0475419682         1.2511579909 
        1.8100000000         2.2000000000         1.2029028795        -0.2467401588         1.2447526397 
        1.8150000000         2.2000000000         1.2156476369         0.0852568256         1.2511579909 
        1.8200000000         2.2000000000         1.2207455399         0.2180556193         1.2543606665 
        1.8250000000         2.2000000000         1.2054518309        -0.1803407619         1.2511579909 
        1.8300000000         2.2000000000         1.2130986854         0.0188574287         1.2447526397 
        1.8350000000         2.2000000000         1.2080007824        -0.1139413650         1.2511579909 
        1.8400000000         2.2000000000         1.2105497339        -0.0475419682         1.2511579909 
        1.8450000000         2.2000000000         1.2130986854         0.0188574287         1.2639686933 
        1.8500000000         2.2000000000         1.2181965884         0.1516562224         1.2511579909 
        1.8550000000         2.2000000000         1.2181965884         0.1516562224         1.2607660177 
        1.8600000000         2.2000000000         1.2054518309        -0.1803407619         1.2447526397 
        1.8650000000         2.2000000000         1.2181965884         0.1516562224         1.2575633421 
        1.8700000000         2.2000000000         1.2080007824        -0.1139413650         1.2415499641 
        1.8750000000         2.2000000000         1.2181965884         0.1516562224         1.2511579909 
        1.8800000000         2.2000000000         1.2130986854         0.0188574287         1.2479553153 
        1.8850001000         2.2000000000         1.2156476369         0.0852568256         1.2575633421 
        1.8900000000         2.2000000000         1.2105497339        -0.0475419682         1.2511579909 
        1.8950000000         2.2000000000         1.2130986854         0.0188574287         1.2447526397 
        1.9000000000         2.2000000000         1.2181965884         0.1516562224         1.2575633421 
        1.9050001000         2.2000000000         1.2080007824        -0.1139413650         1.2415499641 
        1.9100000000         2.2000000000         1.2207455399         0.2180556193         1.2607660177 
        1.9150001000         2.2000000000         1.2130986854         0.0188574287         1.2511579909 
        1.9200000000         2.2000000000         1.2054518309        -0.1803407619         1.2447526397 
        1.9250000000         2.2000000000         1.2156476369         0.0852568256         1.2511579909 
        1.9300000000         2.2000000000         1.2080007824        -0.1139413650         1.2447526397 
        1.9350000000         2.2000000000         1.2130986854         0.0188574287         1.2511579909 
        1.9400000000         2.2000000000         1.2130986854         0.0188574287         1.2415499641 
        1.9450000000         2.2000000000         1.2130986854         0.0188574287         1.2511579909 
        1.9500000000         2.2000000000         1.2130986854         0.0188574287         1.2511579909 
        1.9550000000         2.2000000000         1.2130986854         0.0188574287         1.2575633421 
        1.9600000000         2.2000000000         1.2181965884         0.1516562224         1.2575633421 
        1.9650000000         2.2000000000         1.2130986854         0.0188574287         1.2479553153 
        1.9700000000         2.2000000000         1.2207455399         0.2180556193         1.2607660177 
        1.9750000000         2.2000000000         1.2105497339        -0.0475419682         1.2511579909 
        1.9800000000         2.2000000000         1.2207455399         0.2180556193         1.2671713689 
        1.9850000000         2.2000000000         1.2130986854         0.0188574287         1.2511579909 
        1.9900000000         2.2000000000         1.2130986854         0.0188574287         1.2511579909 
        1.9950000000         2.2000000000         1.2105497339        -0.0475419682         1.2511579909 
        2.0000000000         2.2000000000         1.2054518309        -0.1803407619         1.2447526397 
        2.0050000000         2.2000000000         1.2130986854         0.0188574287         1.2479553153 
        2.0100000000         2.2000000000         1.2130986854         0.0188574287         1.2511579909 
        2.0150001000         2.2000000000         1.2054518309        -0.1803407619         1.2415499641 
        2.0200000000         2.2000000000         1.2105497339        -0.0475419682         1.2511579909 
        2.0250000000         2.2000000000         1.2080007824        -0.1139413650         1.2447526397 
        2.0300936000         2.2000000000         1.2181965884         0.1516562224         1.2511579909 
        2.0350000000         2.2000000000         1.2130986854         0.0188574287         1.2479553153 
        2.0400001000         2.2000000000         1.2130986854         0.0188574287         1.2511579909 
        2.0450000000         2.2000000000         1.2130986854         0.0188574287         1.2511579909 
        2.0500000000         2.2000000000         1.2105497339        -0.0475419682         1.2479553153 
        2.0550000000         2.2000000000         1.2130986854         0.0188574287         1.2511579909 
        2.0600000000         2.2000000000         1.2130986854         0.0188574287         1.2511579909 
        2.0650000000         2.2000000000         1.2181965884         0.1516562224         1.2575633421 
        2.0700000000         2.2000000000         1.2130986854         0.0188574287         1.2447526397 
        2.0750000000         2.2000000000         1.2207455399         0.2180556193         1.2575633421 
        2.0800000000         2.2000000000         1.2207455399         0.2180556193         1.2671713689 
        2.0850000000         2.2000000000         1.2207455399         0.2180556193         1.2607660177 
        2.0900000000         2.2000000000         1.2080007824        -0.1139413650         1.2447526397 
        2.0950000000         2.2000000000         1.2105497339        -0.0475419682         1.2415499641 
        2.1000000000         2.2000000000         1.2207455399         0.2180556193         1.2511579909 
        2.1050000000         2.2000000000         1.2130986854         0.0188574287         1.2511579909 
        2.1100000000         2.2000000000         1.2181965884         0.1516562224         1.2575633421 
        2.1150000000         2.2000000000         1.2054518309        -0.1803407619         1.2447526397 
        2.1200000000         2.2000000000         1.2181965884         0.1516562224         1.2607660177 
        2.1250000000         2.2000000000         1.2130986854         0.0188574287         1.2479553153 
        2.1300000000         2.2000000000         1.2130986854         0.0188574287         1.2511579909 
        2.1350000000         2.2000000000         1.2130986854         0.0188574287         1.2479553153 
        2.1400001000         2.2000000000         1.2130986854         0.0188574287         1.2511579909 
        2.1450000000         2.2000000000         1.2080007824        -0.1139413650         1.2415499641 
        2.1500000000         2.2000000000         1.2130986854         0.0188574287         1.2511579909 
        2.1550000000         2.2000000000         1.2181965884         0.1516562224         1.2607660177 
        2.1600000000         2.2000000000         1.2105497339        -0.0475419682         1.2511579909 
        2.1650000000         2.2000000000         1.2130986854         0.0188574287         1.2415499641 
        2.1700000000         2.2000000000         1.2105497339        -0.0475419682         1.2511579909 
        2.1750000000         2.2000000000         1.2054518309        -0.1803407619         1.2383472885 
        2.1800001000         2.2000000000         1.2105497339        -0.0475419682         1.2511579909 
        2.1850000000         2.2000000000         1.2130986854         0.0188574287         1.2479553153 
        2.1900000000         2.2000000000         1.2130986854         0.0188574287         1.2511579909 
        2.1950000000         2.2000000000         1.2130986854         0.0188574287         1.2511579909 
        2.2000000000         2.2000000000         1.2130986854         0.0188574287         1.2511579909 
        2.2050000000         2.2000000000         1.2054518309        -0.1803407619         1.2447526397 
        2.2100000000         2.2000000000         1.2054518309        -0.1803407619         1.2447526397 
        2.2150000000         2.2000000000         1.2207455399         0.2180556193         1.2575633421 
        2.2200000000         2.2000000000         1.2054518309        -0.1803407619         1.2415499641 
        2.2250000000         2.2000000000         1.2130986854         0.0188574287         1.2511579909 
        2.2300000000         2.2000000000         1.2105497339        -0.0475419682         1.2511579909 
        2.2350000000         2.2000000000         1.2054518309        -0.1803407619         1.2415499641 
        2.2400000000         2.2000000000         1.2130986854         0.0188574287         1.2607660177 
        2.2450000000         2.2000000000         1.2181965884         0.1516562224         1.2575633421 
        2.2500000000         2.2000000000         1.2054518309        -0.1803407619         1.2415499641 
        2.2550000000         2.2000000000         1.2130986854         0.0188574287         1.2511579909 
        2.2600000000         2.2000000000         1.2130986854         0.0188574287         1.2511579909 
        2.2650001000         2.2000000000         1.2054518309        -0.1803407619         1.2447526397 
        2.2700000000         2.2000000000         1.2105497339        -0.0475419682         1.2575633421 
        2.2750000000         2.2000000000         1.2054518309        -0.1803407619         1.2415499641 
        2.2800000000         2.2000000000         1.2105497339        -0.0475419682         1.2511579909 
        2.2850000000         2.2000000000         1.2130986854         0.0188574287         1.2511579909 
        2.2900000000         2.2000000000         1.2080007824        -0.1139413650         1.2383472885 
        2.2950000000         2.2000000000         1.2130986854         0.0188574287         1.2511579909 
        2.3000000000         2.2000000000         1.2156476369         0.0852568256         1.2511579909 
        2.3050001000         2.2000000000         1.2130986854         0.0188574287         1.2511579909 
        2.3100000000         2.2000000000         1.2105497339        -0.0475419682         1.2511579909 
        2.3150000000         2.2000000000         1.2130986854         0.0188574287         1.2511579909 
        2.3200000000         2.2000000000         1.2029028795        -0.2467401588         1.2447526397 
        2.3250000000         2.2000000000         1.2130986854         0.0188574287         1.2511579909 
        2.3300000000         2.2000000000         1.2130986854         0.0188574287         1.2511579909 
        2.3350000000         2.2000000000         1.2080007824        -0.1139413650         1.2351446129 
        2.3400000000         2.2000000000         1.2080007824        -0.1139413650         1.2383472885 
        2.3450000000         2.2000000000         1.2130986854         0.0188574287         1.2383472885 
        2.3500000000         2.2000000000         1.2156476369         0.0852568256         1.2511579909 
        2.3550000000         2.2000000000         1.2130986854         0.0188574287         1.2383472885 
        2.3600000000         2.2000000000         1.2130986854         0.0188574287         1.2511579909 
        2.3650000000         2.2000000000         1.2130986854         0.0188574287         1.2415499641 
        2.3700000000         2.2000000000         1.2130986854         0.0188574287         1.2511579909 
        2.3750000000         2.2000000000         1.2054518309        -0.1803407619         1.2511579909 
        2.3800000000         2.2000000000         1.2181965884         0.1516562224         1.2607660177 
        2.3850000000         2.2000000000         1.2130986854         0.0188574287         1.2511579909 
        2.3900001000         2.2000000000         1.2130986854         0.0188574287         1.2479553153 
        2.3950000000         2.2000000000         1.2080007824        -0.1139413650         1.2447526397 
        2.4000000000         2.2000000000         1.2207455399         0.2180556193         1.2575633421 
        2.4050000000         2.2000000000         1.2080007824        -0.1139413650         1.2415499641 
        2.4100000000         2.2000000000         1.2181965884         0.1516562224         1.2607660177 
        2.4150000000         2.2000000000         1.2156476369         0.0852568256         1.2511579909 
        2.4200000000         2.2000000000         1.2130986854         0.0188574287         1.2511579909 
        2.4250000000         2.2000000000         1.2130986854         0.0188574287         1.2511579909 
        2.4300001000         2.2000000000         1.2054518309        -0.1803407619         1.2447526397 
        2.4350000000         2.2000000000         1.2181965884         0.1516562224         1.2511579909 
        2.4400000000         2.2000000000         1.2029028795        -0.2467401588         1.2447526397 
        2.4450000000         2.2000000000         1.2105497339        -0.0475419682         1.2511579909 
        2.4500000000         2.2000000000         1.2156476369         0.0852568256         1.2511579909 
        2.4550000000         2.2000000000         1.2156476369         0.0852568256         1.2575633421 
        2.4600000000         2.2000000000         1.2054518309        -0.1803407619         1.2415499641 
        2.4650000000         2.2000000000         1.2207455399         0.2180556193         1.2575633421 
        2.4700000000         2.2000000000         1.2130986854         0.0188574287         1.2511579909 
        2.4750000000         2.2000000000         1.2130986854         0.0188574287         1.2511579909 
        2.4800000000         2.2000000000         1.2130986854         0.0188574287         1.2511579909 
        2.4850000000         2.2000000000         1.2130986854         0.0188574287         1.2511579909 
        2.4900000000         2.2000000000         1.2207455399         0.2180556193         1.2607660177 
        2.4950000000         2.2000000000         1.2080007824        -0.1139413650         1.2607660177 
        2.5000000000         2.2000000000         1.2054518309        -0.1803407619         1.2415499641 
        2.5050000000         2.2000000000         1.2130986854         0.0188574287         1.2479553153 
        2.5100000000         2.2000000000         1.2105497339        -0.0475419682         1.2511579909 
        2.5150001000         2.2000000000         1.2054518309        -0.1803407619         1.2447526397 
        2.5200000000         2.2000000000         1.2207455399         0.2180556193         1.2575633421 
        2.5250000000         2.2000000000         1.2105497339        -0.0475419682         1.2511579909 
        2.5300000000         2.2000000000         1.2130986854         0.0188574287         1.2511579909 
        2.5350000000         2.2000000000         1.2130986854         0.0188574287         1.2511579909 
        2.5400000000         2.2000000000         1.2105497339        -0.0475419682         1.2511579909 
        2.5450000000         2.2000000000         1.2130986854         0.0188574287         1.2607660177 
        2.5500000000         2.2000000000         1.2054518309        -0.1803407619         1.2383472885 
        2.5550001000         2.2000000000         1.2130986854         0.0188574287         1.2575633421 
        2.5600000000         2.2000000000         1.2207455399         0.2180556193         1.2575633421 
        2.5650000000         2.2000000000         1.2130986854         0.0188574287         1.2511579909 
        2.5700000000         2.2000000000         1.2054518309        -0.1803407619         1.2415499641 
        2.5750000000         2.2000000000         1.2029028795        -0.2467401588         1.2415499641 
        2.5800000000         2.2000000000         1.2207455399         0.2180556193         1.2575633421 
        2.5850000000         2.2000000000         1.2054518309        -0.1803407619         1.2415499641 
        2.5900000000         2.2000000000         1.2207455399         0.2180556193         1.2575633421 
        2.5950000000         2.2000000000         1.2207455399         0.2180556193         1.2607660177 
        2.6000000000         2.2000000000         1.2054518309        -0.1803407619         1.2479553153 
        2.6050000000         2.2000000000         1.2029028795        -0.2467401588         1.2415499641 
        2.6100000000         2.2000000000         1.2054518309        -0.1803407619         1.2511579909 
        2.6150000000         2.2000000000         1.2130986854         0.0188574287         1.2511579909 
        2.6200000000         2.2000000000         1.2181965884         0.1516562224         1.2607660177 
        2.6250000000         2.2000000000         1.2130986854         0.0188574287         1.2511579909 
        2.6300000000         2.2000000000         1.2054518309        -0.1803407619         1.2447526397 
        2.6350000000         2.2000000000         1.2130986854         0.0188574287         1.2511579909 
        2.6400001000         2.2000000000         1.2105497339        -0.0475419682         1.2511579909 
        2.6450000000         2.2000000000         1.2130986854         0.0188574287         1.2479553153 
        2.6500000000         2.2000000000         1.2105497339        -0.0475419682         1.2511579909 
        2.6550000000         2.2000000000         1.2130986854         0.0188574287         1.2383472885 
        2.6600000000         2.2000000000         1.2207455399         0.2180556193         1.2575633421 
        2.6650000000         2.2000000000         1.2181965884         0.1516562224         1.2607660177 
        2.6700000000         2.2000000000         1.2054518309        -0.1803407619         1.2383472885 
        2.6750000000         2.2000000000         1.2181965884         0.1516562224         1.2575633421 
        2.6800001000         2.2000000000         1.2054518309        -0.1803407619         1.2415499641 
        2.6850000000         2.2000000000         1.2181965884         0.1516562224         1.2607660177 
        2.6900000000         2.2000000000         1.2105497339        -0.0475419682         1.2607660177 
        2.6950000000         2.2000000000         1.2130986854         0.0188574287         1.2511579909 
        2.7000000000         2.2000000000         1.2054518309        -0.1803407619         1.2447526397 
        2.7050000000         2.2000000000         1.2054518309        -0.1803407619         1.2479553153 
        2.7100000000         2.2000000000         1.2080007824        -0.1139413650         1.2447526397 
        2.7150000000         2.2000000000         1.2207455399         0.2180556193         1.2575633421 
        2.7200000000         2.2000000000         1.2054518309        -0.1803407619         1.2447526397 
        2.7250000000         2.2000000000         1.2130986854         0.0188574287         1.2511579909 
        2.7300000000         2.2000000000         1.2130986854         0.0188574287         1.2511579909 
        2.7350000000         2.2000000000         1.2130986854         0.0188574287         1.2511579909 
        2.7400000000         2.2000000000         1.2130986854         0.0188574287         1.2511579909 
        2.7450000000         2.2000000000         1.2130986854         0.0188574287         1.2511579909 
        2.7500000000         2.2000000000         1.2130986854         0.0188574287         1.2511579909 
        2.7550000000         2.2000000000         1.2105497339        -0.0475419682         1.2511579909 
        2.7600000000         2.2000000000         1.2130986854         0.0188574287         1.2447526397 
        2.7650001000         2.2000000000         1.2207455399         0.2180556193         1.2511579909 
        2.7700000000         2.2000000000         1.2130986854         0.0188574287         1.2511579909 
        2.7750000000         2.2000000000         1.2181965884         0.1516562224         1.2607660177 
        2.7800000000         2.2000000000         1.2105497339        -0.0475419682         1.2511579909 
        2.7850000000         2.2000000000         1.2080007824        -0.1139413650         1.2479553153 
        2.7900000000         2.2000000000         1.2181965884         0.1516562224         1.2639686933 
        2.7950000000         2.2000000000         1.2130986854         0.0188574287         1.2511579909 
        2.8000000000         2.2000000000         1.2130986854         0.0188574287         1.2511579909 
        2.8050001000         2.2000000000         1.2181965884         0.1516562224         1.2607660177 
        2.8100000000         2.2000000000         1.2080007824        -0.1139413650         1.2415499641 
        2.8150000000         2.2000000000         1.2181965884         0.1516562224         1.2607660177 
        2.8200000000         2.2000000000         1.2181965884         0.1516562224         1.2607660177 
        2.8250000000         2.2000000000         1.2105497339        -0.0475419682         1.2575633421 
        2.8300000000         2.2000000000         1.2130986854         0.0188574287         1.2511579909 
        2.8350000000         2.2000000000         1.2105497339        -0.0475419682         1.2479553153 
        2.8400000000         2.2000000000         1.2054518309        -0.1803407619         1.2447526397 
        2.8450000000         2.2000000000         1.2130986854         0.0188574287         1.2511579909 
        2.8500000000         2.2000000000         1.2207455399         0.2180556193         1.2543606665 
        2.8550000000         2.2000000000         1.2130986854         0.0188574287         1.2511579909 
        2.8600000000         2.2000000000         1.2207455399         0.2180556193         1.2607660177 
        2.8650000000         2.2000000000         1.2130986854         0.0188574287         1.2511579909 
        2.8700000000         2.2000000000         1.2080007824        -0.1139413650         1.2447526397 
        2.8750000000         2.2000000000         1.2156476369         0.0852568256         1.2607660177 
        2.8800000000         2.2000000000         1.2130986854         0.0188574287         1.2511579909 
        2.8850000000         2.2000000000         1.2130986854         0.0188574287         1.2511579909 
        2.8900001000         2.2000000000         1.2054518309        -0.1803407619         1.2511579909 
        2.8950000000         2.2000000000         1.2232944913         0.2844550162         1.2607660177 
        2.9000000000         2.2000000000         1.2029028795        -0.2467401588         1.2447526397 
        2.9050000000         2.2000000000         1.2181965884         0.1516562224         1.2607660177 
        2.9100000000         2.2000000000         1.2130986854         0.0188574287         1.2511579909 
        2.9150000000         2.2000000000         1.2130986854         0.0188574287         1.2511579909 
        2.9200000000         2.2000000000         1.2156476369         0.0852568256         1.2575633421 
        2.9250000000         2.2000000000         1.2080007824        -0.1139413650         1.2383472885 
        2.9300001000         2.2000000000         1.2105497339        -0.0475419682         1.2511579909 
        2.9350000000         2.2000000000         1.2105497339        -0.0475419682         1.2479553153 
        2.9400000000         2.2000000000         1.2130986854         0.0188574287         1.2511579909 
        2.9450000000         2.2000000000         1.2181965884         0.1516562224         1.2511579909 
        2.9500000000         2.2000000000         1.2080007824        -0.1139413650         1.2447526397 
        2.9550000000         2.2000000000         1.2130986854         0.0188574287         1.2511579909 
        2.9600000000         2.2000000000         1.2105497339        -0.0475419682         1.2511579909 
        2.9650000000         2.2000000000         1.2130986854         0.0188574287         1.2511579909 
        2.9700000000         2.2000000000         1.2181965884         0.1516562224         1.2607660177 
        2.9750000000         2.2000000000         1.2054518309        -0.1803407619         1.2447526397 
        2.9800000000         2.2000000000         1.2130986854         0.0188574287         1.2511579909 
        2.9850000000         2.2000000000         1.2130986854         0.0188574287         1.2511579909 
        2.9900000000         2.2000000000         1.2105497339        -0.0475419682         1.2511579909 
        2.9950000000         2.2000000000         1.2207455399         0.2180556193         1.2607660177 
        3.0000000000         2.2000000000         1.2054518309        -0.1803407619         1.2447526397 
        3.0050000000         2.2000000000         1.2029028795        -0.2467401588         1.2447526397 
        3.0100000000         2.2000000000         1.2181965884         0.1516562224         1.2607660177 
        3.0150001000         2.2000000000         1.2080007824        -0.1139413650         1.2447526397 
        3.0200000000         2.2000000000         1.2080007824        -0.1139413650         1.2383472885 
        3.0250000000         2.2000000000         1.2207455399         0.2180556193         1.2607660177 
        3.0300011000         2.2000000000         1.2181965884         0.1516562224         1.2639686933 
        3.0350000000         2.2000000000         1.2080007824        -0.1139413650         1.2447526397 
        3.0400000000         2.2000000000         1.2105497339        -0.0475419682         1.2511579909 
        3.0450000000         2.2000000000         1.2029028795        -0.2467401588         1.2415499641 
        3.0500000000         2.2000000000         1.2130986854         0.0188574287         1.2511579909 
        3.0550001000         2.2000000000         1.2130986854         0.0188574287         1.2511579909 
        3.0600000000         2.2000000000         1.2181965884         0.1516562224         1.2607660177 
        3.0650000000         2.2000000000         1.2130986854         0.0188574287         1.2511579909 
        3.0700000000         2.2000000000         1.2080007824        -0.1139413650         1.2383472885 
        3.0750001000         2.2000000000         1.2130986854         0.0188574287         1.2511579909 
        3.0800000000         2.2000000000         1.2130986854         0.0188574287         1.2511579909 
        3.0850000000         2.2000000000         1.2130986854         0.0188574287         1.2479553153 
        3.0900000000         2.2000000000         1.2130986854         0.0188574287         1.2511579909 
        3.0950000000         2.2000000000         1.2156476369         0.0852568256         1.2543606665 
        3.1000096000         2.2000000000         1.2181965884         0.1516562224         1.2575633421 
        3.1050000000         2.2000000000         1.2029028795        -0.2467401588         1.2415499641 
        3.1100000000         2.2000000000         1.2207455399         0.2180556193         1.2575633421 
        3.1150000000         2.2000000000         1.2080007824        -0.1139413650         1.2511579909 
        3.1200000000         2.2000000000         1.2181965884         0.1516562224         1.2575633421 
        3.1250000000         2.2000000000         1.2130986854         0.0188574287         1.2479553153 
        3.1300000000         2.2000000000         1.2207455399         0.2180556193         1.2607660177 
        3.1350000000         2.2000000000         1.2181965884         0.1516562224         1.2607660177 
        3.1400001000         2.2000000000         1.2130986854         0.0188574287         1.2511579909 
        3.1450000000         2.2000000000         1.2181965884         0.1516562224         1.2575633421 
        3.1500000000         2.2000000000         1.2130986854         0.0188574287         1.2511579909 
        3.1550000000         2.2000000000         1.2130986854         0.0188574287         1.2511579909 
        3.1600000000         2.2000000000         1.2130986854         0.0188574287         1.2511579909 
        3.1650000000         2.2000000000         1.2181965884         0.1516562224         1.2607660177 
        3.1700000000         2.2000000000         1.2130986854         0.0188574287         1.2511579909 
        3.1750000000         2.2000000000         1.2130986854         0.0188574287         1.2447526397 
        3.1800001000         2.2000000000         1.2181965884         0.1516562224         1.2575633421 
        3.1850000000         2.2000000000         1.2080007824        -0.1139413650         1.2447526397 
        3.1900000000         2.2000000000         1.2080007824        -0.1139413650         1.2479553153 
        3.1950000000         2.2000000000         1.2054518309        -0.1803407619         1.2415499641 
        3.2000001000         2.2000000000         1.2207455399         0.2180556193         1.2575633421 
        3.2050000000         2.2000000000         1.2054518309        -0.1803407619         1.2447526397 
        3.2100000000         2.2000000000         1.2105497339        -0.0475419682         1.2511579909 
        3.2150000000         2.2000000000         1.2054518309        -0.1803407619         1.2415499641 
        3.2200000000         2.2000000000         1.2207455399         0.2180556193         1.2607660177 
        3.2250000000         2.2000000000         1.2130986854         0.0188574287         1.2511579909 
        3.2300000000         2.2000000000         1.2054518309        -0.1803407619         1.2447526397 
        3.2350000000         2.2000000000         1.2207455399         0.2180556193         1.2639686933 
        3.2400000000         2.2000000000         1.2130986854         0.0188574287         1.2575633421 
        3.2450000000         2.2000000000         1.2130986854         0.0188574287         1.2511579909 
        3.2500000000         2.2000000000         1.2130986854         0.0188574287         1.2511579909 
        3.2550000000         2.2000000000         1.2156476369         0.0852568256         1.2607660177 
        3.2600000000         2.2000000000         1.2080007824        -0.1139413650         1.2447526397 
        3.2650001000         2.2000000000         1.2054518309        -0.1803407619         1.2415499641 
        3.2700000000         2.2000000000         1.2130986854         0.0188574287         1.2511579909 
        3.2750000000         2.2000000000         1.2130986854         0.0188574287         1.2479553153 
        3.2800000000         2.2000000000         1.2080007824        -0.1139413650         1.2415499641 
        3.2850000000         2.2000000000         1.2130986854         0.0188574287         1.2511579909 
        3.2900000000         2.2000000000         1.2080007824        -0.1139413650         1.2287392617 
        3.2950000000         2.2000000000         1.2232944913         0.2844550162         1.2575633421 
        3.3000000000         2.2000000000         1.2181965884         0.1516562224         1.2575633421 
        3.3050001000         2.2000000000         1.2130986854         0.0188574287         1.2511579909 
        3.3100000000         2.2000000000         1.2130986854         0.0188574287         1.2479553153 
        3.3150000000         2.2000000000         1.2156476369         0.0852568256         1.2511579909 
        3.3200000000         2.2000000000         1.2181965884         0.1516562224         1.2511579909 
        3.3250001000         2.2000000000         1.2105497339        -0.0475419682         1.2479553153 
        3.3300000000         2.2000000000         1.2054518309        -0.1803407619         1.2447526397 
        3.3350000000         2.2000000000         1.2080007824        -0.1139413650         1.2447526397 
        3.3400000000         2.2000000000         1.2156476369         0.0852568256         1.2511579909 
        3.3450000000         2.2000000000         1.2130986854         0.0188574287         1.2511579909 
        3.3500000000         2.2000000000         1.2181965884         0.1516562224         1.2575633421 
        3.3550000000         2.2000000000         1.2130986854         0.0188574287         1.2511579909 
        3.3600000000         2.2000000000         1.2207455399         0.2180556193         1.2575633421 
        3.3650000000         2.2000000000         1.2054518309        -0.1803407619         1.2511579909 
        3.3700000000         2.2000000000         1.2130986854         0.0188574287         1.2511579909 
        3.3750000000         2.2000000000         1.2181965884         0.1516562224         1.2639686933 
        3.3800000000         2.2000000000         1.2156476369         0.0852568256         1.2511579909 
        3.3850000000         2.2000000000         1.2156476369         0.0852568256         1.2607660177 
        3.3900001000         2.2000000000         1.2130986854         0.0188574287         1.2511579909 
        3.3950000000         2.2000000000         1.2130986854         0.0188574287         1.2511579909 
        3.4000000000         2.2000000000         1.2130986854         0.0188574287         1.2511579909 
        3.4050000000         2.2000000000         1.2130986854         0.0188574287         1.2447526397 
        3.4100000000         2.2000000000         1.2130986854         0.0188574287         1.2511579909 
        3.4150000000         2.2000000000         1.2207455399         0.2180556193         1.2607660177 
        3.4200000000         2.2000000000         1.2105497339        -0.0475419682         1.2543606665 
        3.4250000000         2.2000000000         1.2130986854         0.0188574287         1.2511579909 
        3.4300001000         2.2000000000         1.2130986854         0.0188574287         1.2511579909 
        3.4350000000         2.2000000000         1.2207455399         0.2180556193         1.2543606665 
        3.4400000000         2.2000000000         1.2105497339        -0.0475419682         1.2511579909 
        3.4450000000         2.2000000000         1.2207455399         0.2180556193         1.2511579909 
        3.4500001000         2.2000000000         1.2054518309        -0.1803407619         1.2415499641 
        3.4550000000         2.2000000000         1.2130986854         0.0188574287         1.2511579909 
        3.4600000000         2.2000000000         1.2054518309        -0.1803407619         1.2447526397 
        3.4650000000         2.2000000000         1.2181965884         0.1516562224         1.2575633421 
        3.4700000000         2.2000000000         1.2130986854         0.0188574287         1.2511579909 
        3.4750000000         2.2000000000         1.2130986854         0.0188574287         1.2639686933 
        3.4800000000         2.2000000000         1.2181965884         0.1516562224         1.2575633421 
        3.4850000000         2.2000000000         1.2130986854         0.0188574287         1.2511579909 
        3.4900000000         2.2000000000         1.2029028795        -0.2467401588         1.2447526397 
        3.4950000000         2.2000000000         1.2130986854         0.0188574287         1.2511579909 
        3.5000000000         2.2000000000         1.2232944913         0.2844550162         1.2575633421 
        3.5050000000         2.2000000000         1.2130986854         0.0188574287         1.2511579909 
        3.5100000000         2.2000000000         1.2130986854         0.0188574287         1.2511579909 
        3.5150001000         2.2000000000         1.2130986854         0.0188574287         1.2511579909 
        3.5200000000         2.2000000000         1.2105497339        -0.0475419682         1.2511579909 
        3.5250000000         2.2000000000         1.2105497339        -0.0475419682         1.2479553153 
        3.5300000000         2.2000000000         1.2105497339        -0.0475419682         1.2511579909 
        3.5350000000         2.2000000000         1.2054518309        -0.1803407619         1.2447526397 
        3.5400000000         2.2000000000         1.2130986854         0.0188574287         1.2511579909 
        3.5450000000         2.2000000000         1.2054518309        -0.1803407619         1.2415499641 
        3.5500000000         2.2000000000         1.2080007824        -0.1139413650         1.2511579909 
        3.5550040000         2.2000000000         1.2130986854         0.0188574287         1.2511579909 
        3.5600000000         2.2000000000         1.2130986854         0.0188574287         1.2479553153 
        3.5650000000         2.2000000000         1.2105497339        -0.0475419682         1.2479553153 
        3.5700000000         2.2000000000         1.2054518309        -0.1803407619         1.2447526397 
        3.5750001000         2.2000000000         1.2181965884         0.1516562224         1.2479553153 
        3.5800000000         2.2000000000         1.2130986854         0.0188574287         1.2511579909 
        3.5850000000         2.2000000000         1.2105497339        -0.0475419682         1.2511579909 
        3.5900000000         2.2000000000         1.2207455399         0.2180556193         1.2511579909 
        3.5950000000         2.2000000000         1.2029028795        -0.2467401588         1.2415499641 
        3.6000000000         2.2000000000         1.2181965884         0.1516562224         1.2575633421 
        3.6050000000         2.2000000000         1.2130986854         0.0188574287         1.2511579909 
        3.6100018000         2.2000000000         1.2207455399         0.2180556193         1.2575633421 
        3.6150000000         2.2000000000         1.2130986854         0.0188574287         1.2447526397 
        3.6200000000         2.2000000000         1.2130986854         0.0188574287         1.2479553153 
        3.6250000000         2.2000000000         1.2130986854         0.0188574287         1.2511579909 
        3.6300000000         2.2000000000         1.2080007824        -0.1139413650         1.2415499641 
        3.6350000000         2.2000000000         1.2130986854         0.0188574287         1.2511579909 
        3.6400001000         2.2000000000         1.2181965884         0.1516562224         1.2575633421 
        3.6450000000         2.2000000000         1.2130986854         0.0188574287         1.2511579909 
        3.6500000000         2.2000000000         1.2105497339        -0.0475419682         1.2511579909 
        3.6550000000         2.2000000000         1.2156476369         0.0852568256         1.2575633421 
        3.6600000000         2.2000000000         1.2080007824        -0.1139413650         1.2447526397 
        3.6650000000         2.2000000000         1.2054518309        -0.1803407619         1.2511579909 
        3.6700000000         2.2000000000         1.2080007824        -0.1139413650         1.2415499641 
        3.6750000000         2.2000000000         1.2181965884         0.1516562224         1.2511579909 
        3.6800001000         2.2000000000         1.2130986854         0.0188574287         1.2511579909 
        3.6850000000         2.2000000000         1.2054518309        -0.1803407619         1.2447526397 
        3.6900000000         2.2000000000         1.2130986854         0.0188574287         1.2511579909 
        3.6950000000         2.2000000000         1.2130986854         0.0188574287         1.2511579909 
        3.7000001000         2.2000000000         1.2130986854         0.0188574287         1.2511579909 
        3.7050000000         2.2000000000         1.2105497339        -0.0475419682         1.2511579909 
        3.7100000000         2.2000000000         1.2054518309        -0.1803407619         1.2447526397 
        3.7150000000         2.2000000000         1.2181965884         0.1516562224         1.2639686933 
        3.7200000000         2.2000000000         1.2080007824        -0.1139413650         1.2383472885 
        3.7250000000         2.2000000000         1.2105497339        -0.0475419682         1.2511579909 
        3.7300000000         2.2000000000         1.2181965884         0.1516562224         1.2607660177 
        3.7350000000         2.2000000000         1.2105497339        -0.0475419682         1.2511579909 
        3.7400000000         2.2000000000         1.2105497339        -0.0475419682         1.2511579909 
        3.7450000000         2.2000000000         1.2181965884         0.1516562224         1.2575633421 
        3.7500000000         2.2000000000         1.2080007824        -0.1139413650         1.2415499641 
        3.7550000000         2.2000000000         1.2130986854         0.0188574287         1.2511579909 
        3.7600000000         2.2000000000         1.2130986854         0.0188574287         1.2575633421 
        3.7650001000         2.2000000000         1.2130986854         0.0188574287         1.2511579909 
        3.7700000000         2.2000000000         1.2080007824        -0.1139413650         1.2415499641 
        3.7750000000         2.2000000000         1.2181965884         0.1516562224         1.2575633421 
        3.7800000000         2.2000000000         1.2130986854         0.0188574287         1.2511579909 
        3.7850000000         2.2000000000         1.2105497339        -0.0475419682         1.2511579909 
        3.7900000000         2.2000000000         1.2156476369         0.0852568256         1.2607660177 
        3.7950000000         2.2000000000         1.2080007824        -0.1139413650         1.2415499641 
        3.8000000000         2.2000000000         1.2130986854         0.0188574287         1.2511579909 
        3.8050001000         2.2000000000         1.2054518309        -0.1803407619         1.2447526397 
        3.8100000000         2.2000000000         1.2130986854         0.0188574287         1.2511579909 
        3.8150000000         2.2000000000         1.2130986854         0.0188574287         1.2511579909 
        3.8200000000         2.2000000000         1.2029028795        -0.2467401588         1.2447526397 
        3.8250001000         2.2000000000         1.2130986854         0.0188574287         1.2511579909 
        3.8300000000         2.2000000000         1.2105497339        -0.0475419682         1.2511579909 
        3.8350000000         2.2000000000         1.2156476369         0.0852568256         1.2607660177 
        3.8400000000         2.2000000000         1.2054518309        -0.1803407619         1.2415499641 
        3.8450000000         2.2000000000         1.2029028795        -0.2467401588         1.2415499641 
        3.8500000000         2.2000000000         1.2156476369         0.0852568256         1.2511579909 
        3.8550000000         2.2000000000         1.2181965884         0.1516562224         1.2607660177 
        3.8600000000         2.2000000000         1.2130986854         0.0188574287         1.2447526397 
        3.8650000000         2.2000000000         1.2130986854         0.0188574287         1.2575633421 
        3.8700000000         2.2000000000         1.2029028795        -0.2467401588         1.2415499641 
        3.8750000000         2.2000000000         1.2130986854         0.0188574287         1.2511579909 
        3.8800000000         2.2000000000         1.2130986854         0.0188574287         1.2511579909 
        3.8850000000         2.2000000000         1.2130986854         0.0188574287         1.2479553153 
        3.8900001000         2.2000000000         1.2080007824        -0.1139413650         1.2415499641 
        3.8950000000         2.2000000000         1.2181965884         0.1516562224         1.2511579909 
        3.9000000000         2.2000000000         1.2054518309        -0.1803407619         1.2447526397 
        3.9050000000         2.2000000000         1.2054518309        -0.1803407619         1.2415499641 
        3.9100000000         2.2000000000         1.2130986854         0.0188574287         1.2511579909 
        3.9150000000         2.2000000000         1.2130986854         0.0188574287         1.2511579909 
        3.9200000000         2.2000000000         1.2105497339        -0.0475419682         1.2511579909 
        3.9250000000         2.2000000000         1.2130986854         0.0188574287         1.2511579909 
        3.9300001000         2.2000000000         1.2054518309        -0.1803407619         1.2383472885 
        3.9350000000         2.2000000000         1.2130986854         0.0188574287         1.2511579909 
        3.9400000000         2.2000000000         1.2080007824        -0.1139413650         1.2383472885 
        3.9450000000         2.2000000000         1.2130986854         0.0188574287         1.2511579909 
        3.9500001000         2.2000000000         1.2105497339        -0.0475419682         1.2511579909 
        3.9550000000         2.2000000000         1.2105497339        -0.0475419682         1.2447526397 
        3.9600000000         2.2000000000         1.2029028795        -0.2467401588         1.2479553153 
        3.9650000000         2.2000000000         1.2130986854         0.0188574287         1.2511579909 
        3.9700000000         2.2000000000         1.2029028795        -0.2467401588         1.2447526397 
        3.9750000000         2.2000000000         1.2181965884         0.1516562224         1.2511579909 
        3.9800000000         2.2000000000         1.2207455399         0.2180556193         1.2511579909 
        3.9850000000         2.2000000000         1.2181965884         0.1516562224         1.2575633421 
        3.9900000000         2.2000000000         1.2105497339        -0.0475419682         1.2511579909 
        3.9950000000         2.2000000000         1.2105497339        -0.0475419682         1.2511579909 
