           Time[sec]           V_{cmd}[V]          V_{gyro}[V]          \theta[deg] \omega_{gyro}[deg/sec] 
        0.0000000000         0.2900000000         1.2181965884        40.4778080505         8.3012121526 
        0.0050000000         0.2900000000         1.2130986854        40.1108084600         0.6924017469 
        0.0100000000         0.2900000000         1.2181965884        40.4778080505         8.3012121526 
        0.0150000000         0.2900000000         1.2130986854        40.2943082552         0.6924017469 
        0.0200000000         0.2900000000         1.2130986854        40.2943082552         0.6924017469 
        0.0250000000         0.2900000000         1.2334902973        40.2943082552        31.1276433695 
        0.0300000000         0.2900000000         1.3456441627        40.2943082552       198.5214722940 
        0.0350000000         0.2900000000         1.2895672300        41.5788068220       114.8245578318 
        0.0400000000         0.2900000000         1.2768224726        41.9458064125        95.8025318176 
        0.0450000000         0.2900000000         1.3099588419        43.2303049792       145.2597994544 
        0.0500000000         0.2900000000         1.3328994052        43.9643041602       179.4994462799 
        0.0550000000         0.2900000000         1.2946651330        43.7808043649       122.4333682374 
        0.0600000000         0.2900000000         1.3227035993        44.6983033412       164.2818254686 
        0.0650000000         0.2900000000         1.3354483567        45.2488027269       183.3038514827 
        0.0700022000         0.2900000000         1.3278015023        46.7168010889       171.8906358742 
        0.0750012000         0.2900000000         1.3379973082        48.0012996557       187.1082566855 
        0.0800000000         0.2900000000         1.3456441627        48.9187986319       198.5214722940 
        0.0850000000         0.2900000000         1.3456441627        49.2857982224       198.5214722940 
        0.0900000000         0.2900000000         1.3354483567        50.3867969939       183.3038514827 
        0.0950000000         0.2900000000         1.3456441627        51.3042959701       198.5214722940 
        0.1000000000         0.2900000000         1.3405462597        51.6712955606       190.9126618884 
        0.1050013000         0.2900000000         1.3278015023        52.7722943321       171.8906358742 
        0.1100000000         0.2900000000         1.3481931142        54.0567928989       202.3258774969 
        0.1150000000         0.2900000000         1.3685847260        55.1577916703       232.7611191195 
        0.1200000000         0.2900000000         1.3558399686        56.9927896228       213.7390931053 
        0.1250000000         0.2900000000         1.3711336775        57.9102885991       236.5655243223 
        0.1300000000         0.2900000000         1.3634868231        58.8277875753       225.1523087138 
        0.1350000000         0.2900000000         1.3609378716        59.3782869611       221.3479035110 
        0.1400000000         0.2900000000         1.3481931142        59.9287863468       202.3258774969 
        0.1450000000         0.2900000000         1.3609378716        61.2132849135       221.3479035110 
        0.1500000000         0.2900000000         1.3660357746        63.4152824565       228.9567139167 
        0.1550000000         0.2900000000         1.3736826290        63.9657818423       240.3699295252 
        0.1600000000         0.2900000000         1.3634868231        65.0667806138       225.1523087138 
        0.1650011000         0.2900000000         1.3787805320        66.3512791805       247.9787399308 
        0.1700000000         0.2900000000         1.3787805320        67.8192775425       247.9787399308 
        0.1750000000         0.2900000000         1.3762315805        68.5532767235       244.1743347280 
        0.1800000000         0.2900000000         1.3634868231        69.2872759045       225.1523087138 
        0.1850000000         0.2900000000         1.3685847260        71.1222738570       232.7611191195 
        0.1900000000         0.2900000000         1.3864273864        72.2232726285       259.3919555393 
        0.1950000000         0.2900000000         1.3609378716        72.9572718094       221.3479035110 
        0.2000000000         0.2900000000         1.3864273864        74.6087699667       259.3919555393 
        0.2050000000         0.2900000000         1.3711336775        75.7097687382       236.5655243223 
        0.2100001000         0.2900000000         1.3787805320        76.9942673049       247.9787399308 
        0.2150000000         0.2900000000         1.3787805320        78.4622656669       247.9787399308 
        0.2200000000         0.2900000000         1.3762315805        79.3797646431       244.1743347280 
        0.2250000000         0.2900000000         1.3864273864        80.4807634146       259.3919555393 
        0.2300000000         0.2900000000         1.3736826290        81.3982623909       240.3699295252 
        0.2350000000         0.2900000000         1.3966231924        83.6002599339       274.6095763506 
        0.2400000000         0.2900000000         1.3889763379        84.7012587054       263.1963607421 
        0.2450000000         0.2900000000         1.3864273864        85.2517580911       259.3919555393 
        0.2500000000         0.2900000000         1.3813294835        86.5362566578       251.7831451336 
        0.2550014000         0.2900000000         1.3813294835        88.0042550198       251.7831451336 
        0.2600000000         0.2900000000         1.3915252894        88.9217539961       267.0007659450 
        0.2650000000         0.2900000000         1.3762315805        90.0227527676       244.1743347280 
        0.2700000000         0.2900000000         1.3966231924        91.8577507200       274.6095763506 
        0.2750000000         0.2900000000         1.3940742409        93.6927486725       270.8051711478 
        0.2800000000         0.2900000000         1.3915252894        94.6102476488       267.0007659450 
        0.2850000000         0.2900000000         1.3813294835        95.7112464203       251.7831451336 
        0.2900000000         0.2900000000         1.3838784350        96.6287453965       255.5875503365 
        0.2950000000         0.2900000000         1.3915252894        98.2802435537       267.0007659450 
        0.3000000000         0.2900000000         1.3966231924        99.5647421205       274.6095763506 
        0.3050000000         0.2900000000         1.3915252894       100.4822410967       267.0007659450 
        0.3100000000         0.2900000000         1.3864273864       102.1337392540       259.3919555393 
        0.3150000000         0.2900000000         1.3966231924       103.9687372064       274.6095763506 
        0.3200000000         0.2900000000         1.3889763379       104.5192365922       263.1963607421 
        0.3250000000         0.2900000000         1.3991721439       105.6202353637       278.4139815534 
        0.3300000000         0.2900000000         1.3864273864       107.0882337257       259.3919555393 
        0.3350000000         0.2900000000         1.3940742409       108.3727322924       270.8051711478 
        0.3400000000         0.2900000000         1.4068189983       110.7582296306       289.8271971619 
        0.3450000000         0.2900000000         1.4042700468       112.0427281974       286.0227919591 
        0.3500001000         0.2900000000         1.4068189983       113.3272267641       289.8271971619 
        0.3550001000         0.2900000000         1.3991721439       113.6942263546       278.4139815534 
        0.3600000000         0.2900000000         1.3889763379       115.1622247166       263.1963607421 
        0.3650000000         0.2900000000         1.3915252894       116.9972226691       267.0007659450 
        0.3700000000         0.2900000000         1.4093679498       118.8322206216       293.6316023648 
        0.3750000000         0.2900000000         1.3991721439       120.3002189836       278.4139815534 
        0.3800000000         0.2900000000         1.3966231924       120.8507183693       274.6095763506 
        0.3850000000         0.2900000000         1.4068189983       123.0527159123       289.8271971619 
        0.3900000000         0.2900000000         1.4068189983       123.9702148885       289.8271971619 
        0.3950000000         0.2900000000         1.4042700468       125.4382132505       286.0227919591 
        0.4000000000         0.2900000000         1.4042700468       126.3557122268       286.0227919591 
        0.4050017000         0.2900000000         1.3966231924       127.6402107935       274.6095763506 
        0.4100000000         0.2900000000         1.4119169013       129.8422083365       297.4360075676 
        0.4150000000         0.2900000000         1.4068189983       131.3102066985       289.8271971619 
        0.4200000000         0.2900000000         1.4170148043       133.3287044462       305.0448179733 
        0.4250000000         0.2900000000         1.4093679498       134.4297032177       293.6316023648 
        0.4300000000         0.2900000000         1.4144658528       135.5307019892       301.2404127704 
        0.4350000000         0.2900000000         1.4042700468       136.9987003512       286.0227919591 
        0.4400000000         0.2900000000         1.3966231924       138.0996991227       274.6095763506 
        0.4450000000         0.2900000000         1.4093679498       140.1181968704       293.6316023648 
        0.4500000000         0.2900000000         1.4221127072       142.1366946181       312.6536283789 
        0.4550000000         0.2900000000         1.4144658528       143.0541935944       301.2404127704 
        0.4600000000         0.2900000000         1.4093679498       144.3386921611       293.6316023648 
        0.4650000000         0.2900000000         1.4119169013       145.6231907279       297.4360075676 
        0.4700000000         0.2900000000         1.4144658528       148.1921878613       301.2404127704 
        0.4750001000         0.2900000000         1.4195637558       148.5591874518       308.8492231761 
        0.4800001000         0.2900000000         1.4144658528       150.3941854043       301.2404127704 
        0.4850000000         0.2900000000         1.4119169013       151.8621837663       297.4360075676 
        0.4900000000         0.2900000000         1.4170148043       153.5136819235       305.0448179733 
        0.4950000000         0.2900000000         1.4195637558       155.1651800808       308.8492231761 
        0.5000013000         0.2900000000         1.4119169013       156.6331784428       297.4360075676 
        0.5050000000         0.2900000000         1.4297595617       158.2846766000       324.0668439874 
        0.5100000000         0.2900000000         1.4170148043       159.7526749620       305.0448179733 
        0.5150000000         0.2900000000         1.4144658528       161.4041731192       301.2404127704 
        0.5200000000         0.2900000000         1.4170148043       162.8721714812       305.0448179733 
        0.5250000000         0.2900000000         1.4246616587       163.7896704575       316.4580335817 
        0.5300000000         0.2900000000         1.4042700468       165.4411686147       286.0227919591 
        0.5350000000         0.2900000000         1.4272106102       167.6431661577       320.2624387846 
        0.5400000000         0.2900000000         1.4170148043       168.9276647244       305.0448179733 
        0.5450000000         0.2900000000         1.4042700468       170.9461624722       286.0227919591 
        0.5500000000         0.2900000000         1.4119169013       172.0471612436       297.4360075676 
        0.5550000000         0.2900000000         1.4221127072       173.1481600151       312.6536283789 
        0.5600000000         0.2900000000         1.4042700468       174.4326585819       286.0227919591 
        0.5650000000         0.2900000000         1.4170148043       177.0016557154       305.0448179733 
        0.5700001000         0.2900000000         1.4246616587       178.4696540773       316.4580335817 
        0.5750002000         0.2900000000         1.4297595617       179.9376524393       324.0668439874 
        0.5800080000         0.2900000000         1.4246616587       181.0386512108       316.4580335817 
        0.5850012000         0.2900000000         1.4068189983       181.9561501871       289.8271971619 
        0.5900000000         0.2900000000         1.4246616587       183.7911481395       316.4580335817 
        0.5950006000         0.2900000000         1.4323085132       186.3601452730       327.8712491902 
        0.6000000000         0.2900000000         1.4246616587       187.2776442493       316.4580335817 
        0.6050000000         0.2900000000         1.4119169013       188.7456426113       297.4360075676 
        0.6100000000         0.2900000000         1.4348574647       190.2136409732       331.6756543931 
        0.6150000000         0.2900000000         1.4042700468       191.4981395400       286.0227919591 
        0.6200000000         0.2900000000         1.4170148043       193.5166372877       305.0448179733 
        0.6250000000         0.2900000000         1.4170148043       194.6176360592       305.0448179733 
        0.6300000000         0.2900000000         1.4221127072       196.4526340117       312.6536283789 
        0.6350000000         0.2900000000         1.4144658528       197.5536327832       301.2404127704 
        0.6400000000         0.2900000000         1.4323085132       199.7556303262       327.8712491902 
        0.6450000000         0.2900000000         1.4170148043       201.0401288929       305.0448179733 
        0.6500000000         0.2900000000         1.4246616587       203.0586266406       316.4580335817 
        0.6550000000         0.2900000000         1.4272106102       204.3431252074       320.2624387846 
        0.6600000000         0.2900000000         1.4144658528       205.4441239789       301.2404127704 
        0.6650000000         0.2900000000         1.4297595617       207.0956221361       324.0668439874 
        0.6700000000         0.2900000000         1.4170148043       209.1141198838       305.0448179733 
        0.6750000000         0.2900000000         1.4246616587       210.2151186553       316.4580335817 
        0.6800000000         0.2900000000         1.4144658528       211.4996172221       301.2404127704 
        0.6850000000         0.2900000000         1.4374064162       214.0686143556       335.4800595959 
        0.6900000000         0.2900000000         1.4144658528       214.9861133318       301.2404127704 
        0.6950001000         0.2900000000         1.4450532706       216.6376114890       346.8932752044 
        0.7000000000         0.2900000000         1.4221127072       218.6561092368       312.6536283789 
        0.7050000000         0.2900000000         1.4297595617       219.7571080083       324.0668439874 
        0.7100000000         0.2900000000         1.4170148043       220.8581067797       305.0448179733 
        0.7150000000         0.2900000000         1.4272106102       223.0601043227       320.2624387846 
        0.7200000000         0.2900000000         1.4348574647       224.5281026847       331.6756543931 
        0.7250000000         0.2900000000         1.4374064162       226.5466004324       335.4800595959 
        0.7300022000         0.2900000000         1.4374064162       228.1980985897       335.4800595959 
        0.7350000000         0.2900000000         1.4272106102       229.2990973612       320.2624387846 
        0.7400000000         0.2900000000         1.4195637558       230.4000961327       308.8492231761 
        0.7450005000         0.2900000000         1.4170148043       232.0515942899       305.0448179733 
        0.7500000000         0.2900000000         1.4323085132       233.8865922424       327.8712491902 
        0.7550000000         0.2900000000         1.4246616587       235.5380903996       316.4580335817 
        0.7600000000         0.2900000000         1.4348574647       237.1895885569       331.6756543931 
        0.7650000000         0.2900000000         1.4221127072       238.4740871236       312.6536283789 
        0.7700000000         0.2900000000         1.4297595617       240.1255852808       324.0668439874 
        0.7750000000         0.2900000000         1.4399553677       242.5110826191       339.2844647987 
        0.7800000000         0.2900000000         1.4348574647       243.6120813906       331.6756543931 
        0.7850000000         0.2900000000         1.4119169013       244.5295803668       297.4360075676 
        0.7900007000         0.2900000000         1.4323085132       247.2820772955       327.8712491902 
        0.7950000000         0.2900000000         1.4323085132       248.3830760670       327.8712491902 
        0.8000000000         0.2900000000         1.4144658528       249.8510744290       301.2404127704 
        0.8050000000         0.2900000000         1.4246616587       251.3190727910       316.4580335817 
        0.8100000000         0.2900000000         1.4221127072       253.1540707435       312.6536283789 
        0.8150000000         0.2900000000         1.4297595617       254.4385693102       324.0668439874 
        0.8200001000         0.2900000000         1.4144658528       255.9065676722       301.2404127704 
        0.8250000000         0.2900000000         1.4297595617       257.5580658294       324.0668439874 
        0.8300000000         0.2900000000         1.4374064162       259.9435631677       335.4800595959 
        0.8350001000         0.2900000000         1.4272106102       260.8610621439       320.2624387846 
        0.8400000000         0.2900000000         1.4374064162       262.6960600964       335.4800595959 
        0.8450000000         0.2900000000         1.4195637558       263.6135590726       308.8492231761 
        0.8500000000         0.2900000000         1.4297595617       265.9990564109       324.0668439874 
        0.8550000000         0.2900000000         1.4297595617       267.4670547729       324.0668439874 
        0.8600000000         0.2900000000         1.4399553677       269.1185529301       339.2844647987 
        0.8650000000         0.2900000000         1.4348574647       271.1370506778       331.6756543931 
        0.8700000000         0.2900000000         1.4374064162       272.7885488351       335.4800595959 
        0.8750000000         0.2900000000         1.4374064162       274.0730474018       335.4800595959 
        0.8800000000         0.2900000000         1.4246616587       275.1740461733       316.4580335817 
        0.8850000000         0.2900000000         1.4399553677       277.1925439210       339.2844647987 
        0.8900000000         0.2900000000         1.4272106102       278.6605422830       320.2624387846 
        0.8950000000         0.2900000000         1.4323085132       280.1285406450       327.8712491902 
        0.9000000000         0.2900000000         1.4450532706       282.5140379832       346.8932752044 
        0.9050000000         0.2900000000         1.4374064162       283.6150367547       335.4800595959 
        0.9100000000         0.2900000000         1.4450532706       285.0830351167       346.8932752044 
        0.9150000000         0.2900000000         1.4425043191       286.9180330692       343.0888700015 
        0.9200000000         0.2900000000         1.4374064162       289.1200306122       335.4800595959 
        0.9250009000         0.2900000000         1.4425043191       290.4045291789       343.0888700015 
        0.9300000000         0.2900000000         1.4399553677       292.0560273362       339.2844647987 
        0.9350000000         0.2900000000         1.4374064162       293.7075254934       335.4800595959 
        0.9400174000         0.2900000000         1.4399553677       294.9920240601       339.2844647987 
        0.9450001000         0.2900000000         1.4272106102       296.4600224221       320.2624387846 
        0.9500000000         0.2900000000         1.4348574647       298.8455197604       331.6756543931 
        0.9550000000         0.2900000000         1.4425043191       300.1300183271       343.0888700015 
        0.9600001000         0.2900000000         1.4374064162       302.1485160748       335.4800595959 
        0.9650000000         0.2900000000         1.4476022221       303.6165144368       350.6976804072 
        0.9700000000         0.2900000000         1.4348574647       305.8185119798       331.6756543931 
        0.9750000000         0.2900000000         1.4272106102       307.2865103418       320.2624387846 
        0.9800000000         0.2900000000         1.4577980281       309.3050080895       365.9153012185 
        0.9850000000         0.2900000000         1.4323085132       310.2225070658       327.8712491902 
        0.9900000000         0.2900000000         1.4552490766       313.1585037897       362.1108960157 
        0.9950000000         0.2900000000         1.4348574647       314.4430023565       331.6756543931 
        1.0000000000         0.2900000000         1.4425043191       314.9935017422       343.0888700015 
        1.0050000000         0.2900000000         1.4450532706       317.3789990805       346.8932752044 
        1.0100001000         0.2900000000         1.4374064162       319.2139970329       335.4800595959 
        1.0150000000         0.2900000000         1.4450532706       321.0489949854       346.8932752044 
        1.0200022000         0.2900000000         1.4450532706       322.3334935522       346.8932752044 
        1.0250000000         0.2900000000         1.4374064162       324.1684915047       335.4800595959 
        1.0300000000         0.2900000000         1.4399553677       325.8199896619       339.2844647987 
        1.0350000000         0.2900000000         1.4374064162       327.1044882286       335.4800595959 
        1.0400000000         0.2900000000         1.4374064162       328.7559863859       335.4800595959 
        1.0450000000         0.2900000000         1.4374064162       330.9579839289       335.4800595959 
        1.0500000000         0.2900000000         1.4399553677       333.1599814718       339.2844647987 
        1.0550000000         0.2900000000         1.4170148043       334.8114796291       305.0448179733 
        1.0600000000         0.2900000000         1.4476022221       336.2794779911       350.6976804072 
        1.0650000000         0.2900000000         1.4399553677       337.7474763530       339.2844647987 
        1.0700000000         0.2900000000         1.4374064162       339.5824743055       335.4800595959 
        1.0750000000         0.2900000000         1.4348574647       340.4999732818       331.6756543931 
        1.0800000000         0.2900000000         1.4323085132       342.7019708248       327.8712491902 
        1.0850000000         0.2900000000         1.4552490766       344.3534689820       362.1108960157 
        1.0900000000         0.2900000000         1.4297595617       346.1884669345       324.0668439874 
        1.0950000000         0.2900000000         1.4297595617       347.6564652965       324.0668439874 
        1.1000000000         0.2900000000         1.4476022221       349.8584628394       350.6976804072 
        1.1050000000         0.2900000000         1.4374064162       351.3264612014       335.4800595959 
        1.1100000000         0.2900000000         1.4272106102       352.9779593587       320.2624387846 
        1.1150000000         0.2900000000         1.4476022221       355.1799569017       350.6976804072 
        1.1200000000         0.2900000000         1.4501511736       357.3819544446       354.5020856100 
        1.1250000000         0.2900000000         1.4450532706       358.8499528066       346.8932752044 
        1.1300000000         0.2900000000         1.4348574647       360.1344513734       331.6756543931 
        1.1350001000         0.2900000000         1.4399553677       359.9509515781       339.2844647987 
        1.1400000000         0.2900000000         1.4399553677       359.5839519876       339.2844647987 
        1.1450000000         0.2900000000         1.4348574647       359.4004521924       331.6756543931 
        1.1500000000         0.2900000000         1.4374064162       359.9509515781       335.4800595959 
        1.1550001000         0.2900000000         1.4450532706       358.8499528066       346.8932752044 
        1.1600000000         0.2900000000         1.4577980281        80.1137638241       365.9153012185 
        1.1650000000         0.2900000000         1.4323085132        78.8292652574       327.8712491902 
        1.1700000000         0.2900000000         1.4272106102        -0.2591464947       320.2624387846 
        1.1750000000         0.2900000000         1.4374064162         0.2913528910       335.4800595959 
        1.1800000000         0.2900000000         1.4450532706         0.1078530958       346.8932752044 
        1.1850000000         0.2900000000         1.4399553677         0.6583524815       339.2844647987 
        1.1900000000         0.2900000000         1.4399553677         0.2913528910       339.2844647987 
        1.1950007000         0.2900000000         1.4323085132         0.2913528910       327.8712491902 
        1.2000000000         0.2900000000         1.4425043191         1.3923516625       343.0888700015 
        1.2050000000         0.2900000000         1.4374064162         3.5943492055       335.4800595959 
        1.2100000000         0.2900000000         1.4476022221         5.9798465437       350.6976804072 
        1.2150000000         0.2900000000         1.4450532706         7.0808453152       346.8932752044 
        1.2200000000         0.2900000000         1.4374064162         8.7323434725       335.4800595959 
        1.2250000000         0.2900000000         1.4374064162        10.3838416297       335.4800595959 
        1.2300000000         0.2900000000         1.4476022221        12.2188395822       350.6976804072 
        1.2350000000         0.2900000000         1.4272106102        13.5033381489       320.2624387846 
        1.2400000000         0.2900000000         1.4425043191        15.3383361014       343.0888700015 
        1.2450000000         0.2900000000         1.4323085132        16.9898342587       327.8712491902 
        1.2500000000         0.2900000000         1.4348574647        18.8248322111       331.6756543931 
        1.2550000000         0.2900000000         1.4450532706        21.0268297541       346.8932752044 
        1.2600001000         0.2900000000         1.4450532706        22.6783279114       346.8932752044 
        1.2650000000         0.2900000000         1.4348574647        23.9628264781       331.6756543931 
        1.2700000000         0.2900000000         1.4374064162        26.3483238163       335.4800595959 
        1.2750000000         0.2900000000         1.4450532706        27.6328223831       346.8932752044 
        1.2800001000         0.2900000000         1.4425043191        29.6513201308       343.0888700015 
        1.2850000000         0.2900000000         1.4348574647        31.3028182880       331.6756543931 
        1.2900000000         0.2900000000         1.4501511736        32.9543164453       354.5020856100 
        1.2950000000         0.2900000000         1.4450532706        34.6058146025       346.8932752044 
        1.3000000000         0.2900000000         1.4476022221        36.2573127597       350.6976804072 
        1.3050000000         0.2900000000         1.4399553677        38.0923107122       339.2844647987 
        1.3100000000         0.2900000000         1.4476022221        40.2943082552       350.6976804072 
        1.3150000000         0.2900000000         1.4501511736        41.3953070267       354.5020856100 
        1.3200000000         0.2900000000         1.4399553677        43.0468051839       339.2844647987 
        1.3250000000         0.2900000000         1.4374064162        44.6983033412       335.4800595959 
        1.3300000000         0.2900000000         1.4323085132        46.1663017032       327.8712491902 
        1.3350000000         0.2900000000         1.4501511736        48.1847994509       354.5020856100 
        1.3400000000         0.2900000000         1.4450532706        50.0197974034       346.8932752044 
        1.3450000000         0.2900000000         1.4348574647        51.3042959701       331.6756543931 
        1.3500000000         0.2900000000         1.4374064162        53.8732931036       335.4800595959 
        1.3550000000         0.2900000000         1.4501511736        55.1577916703       354.5020856100 
        1.3600000000         0.2900000000         1.4476022221        56.4422902371       350.6976804072 
        1.3650000000         0.2900000000         1.4425043191        58.4607879848       343.0888700015 
        1.3700000000         0.2900000000         1.4425043191        60.2957859373       343.0888700015 
        1.3750000000         0.2900000000         1.4527001251        62.3142836850       358.3064908129 
        1.3800000000         0.2900000000         1.4476022221        63.4152824565       350.6976804072 
        1.3850009000         0.2900000000         1.4399553677        65.2502804090       339.2844647987 
        1.3900000000         0.2900000000         1.4323085132        67.0852783615       327.8712491902 
        1.3950000000         0.2900000000         1.4577980281        68.7367765187       365.9153012185 
        1.4000000000         0.2900000000         1.4552490766        70.9387740617       362.1108960157 
        1.4050001000         0.2900000000         1.4425043191        72.4067724237       343.0888700015 
        1.4100000000         0.2900000000         1.4221127072        73.6912709904       312.6536283789 
        1.4150000000         0.2900000000         1.4527001251        75.3427691477       358.3064908129 
        1.4200000000         0.2900000000         1.4425043191        76.8107675097       343.0888700015 
        1.4250000000         0.2900000000         1.4399553677        78.4622656669       339.2844647987 
        1.4300000000         0.2900000000         1.4272106102        79.9302640289       320.2624387846 
        1.4350003000         0.2900000000         1.4374064162        81.3982623909       335.4800595959 
        1.4400000000         0.2900000000         1.4272106102        82.8662607529       320.2624387846 
        1.4450000000         0.2900000000         1.4501511736        85.0682582958       354.5020856100 
        1.4500000000         0.2900000000         1.4323085132        86.9032562483       327.8712491902 
        1.4550000000         0.2900000000         1.4374064162        88.3712546103       335.4800595959 
        1.4600000000         0.2900000000         1.4476022221        90.3897523581       350.6976804072 
        1.4650000000         0.2900000000         1.4348574647        92.0412505153       331.6756543931 
        1.4700000000         0.2900000000         1.4323085132        93.1422492868       327.8712491902 
        1.4750000000         0.2900000000         1.4374064162        94.4267478535       335.4800595959 
        1.4800000000         0.2900000000         1.4272106102        95.8947462155       320.2624387846 
        1.4850000000         0.2900000000         1.4425043191        97.9132439632       343.0888700015 
        1.4900000000         0.2900000000         1.4323085132        99.5647421205       327.8712491902 
        1.4950000000         0.2900000000         1.4450532706       101.5832398682       346.8932752044 
        1.5000000000         0.2900000000         1.4348574647       102.8677384350       331.6756543931 
        1.5050000000         0.2900000000         1.4348574647       104.5192365922       331.6756543931 
        1.5100001000         0.2900000000         1.4450532706       105.9872349542       346.8932752044 
        1.5150000000         0.2900000000         1.4348574647       107.4552333162       331.6756543931 
        1.5200044000         0.2900000000         1.4323085132       109.4737310639       327.8712491902 
        1.5250000000         0.2900000000         1.4272106102       111.4922288116       320.2624387846 
        1.5300001000         0.2900000000         1.4399553677       112.7767273784       339.2844647987 
        1.5350000000         0.2900000000         1.4246616587       113.6942263546       316.4580335817 
        1.5400000000         0.2900000000         1.4399553677       116.2632234881       339.2844647987 
        1.5450000000         0.2900000000         1.4374064162       117.7312218501       335.4800595959 
        1.5500000000         0.2900000000         1.4374064162       119.1992202121       335.4800595959 
        1.5550000000         0.2900000000         1.4450532706       120.6672185741       346.8932752044 
        1.5600000000         0.2900000000         1.4323085132       122.5022165265       327.8712491902 
        1.5650000000         0.2900000000         1.4450532706       124.7042140695       346.8932752044 
        1.5700000000         0.2900000000         1.4374064162       125.4382132505       335.4800595959 
        1.5750000000         0.2900000000         1.4374064162       127.6402107935       335.4800595959 
        1.5800000000         0.2900000000         1.4348574647       129.1082091555       331.6756543931 
        1.5850000000         0.2900000000         1.4374064162       131.3102066985       335.4800595959 
        1.5900000000         0.2900000000         1.4476022221       132.9617048557       350.6976804072 
        1.5950000000         0.2900000000         1.4399553677       134.7967028082       339.2844647987 
        1.6000000000         0.2900000000         1.4399553677       135.8977015797       339.2844647987 
        1.6050000000         0.2900000000         1.4272106102       137.5491997369       320.2624387846 
        1.6100000000         0.2900000000         1.4323085132       139.0171980989       327.8712491902 
        1.6150000000         0.2900000000         1.4399553677       140.4851964609       339.2844647987 
        1.6200000000         0.2900000000         1.4476022221       143.0541935944       350.6976804072 
        1.6250000000         0.2900000000         1.4399553677       144.3386921611       339.2844647987 
        1.6300000000         0.2900000000         1.4450532706       146.1736901136       346.8932752044 
        1.6350001000         0.2900000000         1.4501511736       148.5591874518       354.5020856100 
        1.6400000000         0.2900000000         1.4425043191       149.6601862233       343.0888700015 
        1.6450000000         0.2900000000         1.4272106102       150.9446847901       320.2624387846 
        1.6500000000         0.2900000000         1.4425043191       152.7796827425       343.0888700015 
        1.6550001000         0.2900000000         1.4476022221       155.3486798760       350.6976804072 
        1.6600000000         0.2900000000         1.4577980281       157.0001780333       365.9153012185 
        1.6650000000         0.2900000000         1.4399553677       158.1011768048       339.2844647987 
        1.6700000000         0.2900000000         1.4450532706       159.7526749620       346.8932752044 
        1.6750000000         0.2900000000         1.4450532706       161.5876729145       346.8932752044 
        1.6800000000         0.2900000000         1.4527001251       163.4226708670       358.3064908129 
        1.6850000000         0.2900000000         1.4374064162       165.0741690242       335.4800595959 
        1.6900000000         0.2900000000         1.4425043191       166.5421673862       343.0888700015 
        1.6950000000         0.2900000000         1.4450532706       168.9276647244       346.8932752044 
        1.7000000000         0.2900000000         1.4450532706       170.5791628817       346.8932752044 
        1.7050000000         0.2900000000         1.4195637558       171.3131620626       308.8492231761 
        1.7100000000         0.2900000000         1.4552490766       173.5151596056       362.1108960157 
        1.7150000000         0.2900000000         1.4297595617       175.1666577629       324.0668439874 
        1.7200000000         0.2900000000         1.4348574647       176.2676565344       331.6756543931 
        1.7250000000         0.2900000000         1.4399553677       178.2861542821       339.2844647987 
        1.7300000000         0.2900000000         1.4374064162       179.9376524393       335.4800595959 
        1.7350000000         0.2900000000         1.4501511736       181.7726503918       354.5020856100 
        1.7400000000         0.2900000000         1.4374064162       183.9746479348       335.4800595959 
        1.7450029000         0.2900000000         1.4476022221       185.4426462968       350.6976804072 
        1.7500314000         0.2900000000         1.4348574647       187.6446438398       331.6756543931 
        1.7550000000         0.2900000000         1.4527001251       189.1126422018       358.3064908129 
        1.7600001000         0.2900000000         1.4425043191       190.7641403590       343.0888700015 
        1.7650000000         0.2900000000         1.4323085132       192.4156385162       327.8712491902 
        1.7700000000         0.2900000000         1.4323085132       193.3331374925       327.8712491902 
        1.7750000000         0.2900000000         1.4323085132       194.8011358545       327.8712491902 
        1.7800001000         0.2900000000         1.4450532706       197.3701329879       346.8932752044 
        1.7850000000         0.2900000000         1.4348574647       198.6546315547       331.6756543931 
        1.7900000000         0.2900000000         1.4374064162       199.5721305309       335.4800595959 
        1.7950000000         0.2900000000         1.4425043191       201.9576278691       343.0888700015 
        1.8000033000         0.2900000000         1.4374064162       203.9761256169       335.4800595959 
        1.8050000000         0.2900000000         1.4425043191       205.2606241836       343.0888700015 
        1.8100000000         0.2900000000         1.4450532706       207.2791219314       346.8932752044 
        1.8150000000         0.2900000000         1.4246616587       208.0131211124       316.4580335817 
        1.8200000000         0.2900000000         1.4323085132       210.0316188601       327.8712491902 
        1.8250000000         0.2900000000         1.4272106102       211.3161174268       320.2624387846 
        1.8300000000         0.2900000000         1.4297595617       212.7841157888       324.0668439874 
        1.8350000000         0.2900000000         1.4323085132       214.8026135365       327.8712491902 
        1.8400000000         0.2900000000         1.4501511736       216.4541116938       354.5020856100 
        1.8450000000         0.2900000000         1.4246616587       217.7386102605       316.4580335817 
        1.8500000000         0.2900000000         1.4323085132       219.3901084178       327.8712491902 
        1.8550000000         0.2900000000         1.4399553677       221.5921059607       339.2844647987 
        1.8600014000         0.2900000000         1.4374064162       223.0601043227       335.4800595959 
        1.8650000000         0.2900000000         1.4399553677       224.8951022752       339.2844647987 
        1.8700000000         0.2900000000         1.4348574647       226.3631006372       331.6756543931 
        1.8750000000         0.2900000000         1.4221127072       227.4640994087       312.6536283789 
        1.8800000000         0.2900000000         1.4348574647       229.6660969517       331.6756543931 
        1.8850001000         0.2900000000         1.4374064162       231.8680944947       335.4800595959 
        1.8900000000         0.2900000000         1.4348574647       232.7855934709       331.6756543931 
        1.8950000000         0.2900000000         1.4348574647       234.4370916281       331.6756543931 
        1.9000000000         0.2900000000         1.4374064162       236.6390891711       335.4800595959 
        1.9050001000         0.2900000000         1.4476022221       238.2905873284       350.6976804072 
        1.9100000000         0.2900000000         1.4425043191       239.9420854856       343.0888700015 
        1.9150014000         0.2900000000         1.4297595617       241.4100838476       324.0668439874 
        1.9200000000         0.2900000000         1.4399553677       242.5110826191       339.2844647987 
        1.9250000000         0.2900000000         1.4323085132       244.3460805716       327.8712491902 
        1.9300082000         0.2900000000         1.4272106102       245.8140789335       320.2624387846 
        1.9350000000         0.2900000000         1.4246616587       247.0985775003       316.4580335817 
        1.9400000000         0.2900000000         1.4246616587       248.5665758623       316.4580335817 
        1.9450010000         0.2900000000         1.4272106102       250.2180740195       320.2624387846 
        1.9500000000         0.2900000000         1.4450532706       252.7870711530       346.8932752044 
        1.9550000000         0.2900000000         1.4170148043       254.0715697197       305.0448179733 
        1.9600000000         0.2900000000         1.4374064162       256.0900674675       335.4800595959 
        1.9650000000         0.2900000000         1.4476022221       257.9250654199       350.6976804072 
        1.9700000000         0.2900000000         1.4272106102       258.4755648057       320.2624387846 
        1.9750000000         0.2900000000         1.4374064162       260.3105627582       335.4800595959 
        1.9800000000         0.2900000000         1.4323085132       261.7785611202       327.8712491902 
        1.9850000000         0.2900000000         1.4374064162       263.7970588679       335.4800595959 
        1.9900014000         0.2900000000         1.4425043191       265.4485570251       343.0888700015 
        1.9950000000         0.2900000000         1.4323085132       267.2835549776       327.8712491902 
        2.0000000000         0.2900000000         1.4374064162       268.3845537491       335.4800595959 
        2.0050000000         0.2900000000         1.4348574647       270.0360519063       331.6756543931 
        2.0100000000         0.2900000000         1.4476022221       272.6050490398       350.6976804072 
        2.0150001000         0.2900000000         1.4297595617       273.5225480161       324.0668439874 
        2.0200000000         0.2900000000         1.4323085132       275.1740461733       327.8712491902 
        2.0250000000         0.2900000000         1.4399553677       277.0090441258       339.2844647987 
        2.0300000000         0.2900000000         1.4374064162       278.6605422830       335.4800595959 
        2.0350001000         0.2900000000         1.4374064162       281.0460396213       335.4800595959 
        2.0400000000         0.2900000000         1.4323085132       281.5965390070       327.8712491902 
        2.0450000000         0.2900000000         1.4425043191       283.0645373690       343.0888700015 
        2.0500000000         0.2900000000         1.4450532706       284.7160355262       346.8932752044 
        2.0550000000         0.2900000000         1.4399553677       287.1015328645       339.2844647987 
        2.0600000000         0.2900000000         1.4348574647       288.7530310217       331.6756543931 
        2.0650000000         0.2900000000         1.4476022221       290.7715287694       350.6976804072 
        2.0700000000         0.2900000000         1.4476022221       292.7900265172       350.6976804072 
        2.0750000000         0.2900000000         1.4450532706       293.5240256982       346.8932752044 
        2.0800000000         0.2900000000         1.4450532706       295.3590236506       346.8932752044 
        2.0850000000         0.2900000000         1.4374064162       296.8270220126       335.4800595959 
        2.0900000000         0.2900000000         1.4501511736       299.2125193509       354.5020856100 
        2.0950021000         0.2900000000         1.4476022221       300.8640175081       350.6976804072 
        2.1000000000         0.2900000000         1.4527001251       303.0660150511       358.3064908129 
        2.1050000000         0.2900000000         1.4476022221       304.7175132083       350.6976804072 
        2.1100000000         0.2900000000         1.4399553677       305.6350121846       339.2844647987 
        2.1150000000         0.2900000000         1.4323085132       307.2865103418       327.8712491902 
        2.1200000000         0.2900000000         1.4552490766       310.0390072705       362.1108960157 
        2.1250000000         0.2900000000         1.4374064162       311.1400060420       335.4800595959 
        2.1300000000         0.2900000000         1.4577980281       312.7915041992       365.9153012185 
        2.1350000000         0.2900000000         1.4246616587       314.4430023565       316.4580335817 
        2.1400001000         0.2900000000         1.4374064162       315.7275009232       335.4800595959 
        2.1450000000         0.2900000000         1.4577980281       318.4799978520       365.9153012185 
        2.1500000000         0.2900000000         1.4501511736       319.7644964187       354.5020856100 
        2.1550000000         0.2900000000         1.4450532706       321.0489949854       346.8932752044 
        2.1600001000         0.2900000000         1.4425043191       323.2509925284       343.0888700015 
        2.1650000000         0.2900000000         1.4374064162       324.3519912999       335.4800595959 
        2.1700000000         0.2900000000         1.4527001251       327.2879880239       358.3064908129 
        2.1750000000         0.2900000000         1.4348574647       328.0219872049       331.6756543931 
        2.1800000000         0.2900000000         1.4399553677       330.4074845431       339.2844647987 
        2.1850000000         0.2900000000         1.4399553677       332.0589827003       339.2844647987 
        2.1900000000         0.2900000000         1.4374064162       333.3434812671       335.4800595959 
        2.1950000000         0.2900000000         1.4399553677       335.3619790148       339.2844647987 
        2.2000000000         0.2900000000         1.4527001251       337.5639765578       358.3064908129 
        2.2050000000         0.2900000000         1.4450532706       338.6649753293       346.8932752044 
        2.2100000000         0.2900000000         1.4450532706       340.6834730770       346.8932752044 
        2.2150000000         0.2900000000         1.4348574647       342.5184710295       331.6756543931 
        2.2200000000         0.2900000000         1.4577980281       344.3534689820       365.9153012185 
        2.2250000000         0.2900000000         1.4501511736       346.7389663202       354.5020856100 
        2.2300000000         0.2900000000         1.4399553677       348.5739642727       339.2844647987 
        2.2350000000         0.2900000000         1.4399553677       349.1244636585       339.2844647987 
        2.2400000000         0.2900000000         1.4425043191       350.5924620204       343.0888700015 
        2.2450000000         0.2900000000         1.4577980281       353.7119585397       365.9153012185 
        2.2500000000         0.2900000000         1.4450532706       354.9964571064       346.8932752044 
        2.2550000000         0.2900000000         1.4476022221       356.8314550589       350.6976804072 
        2.2600000000         0.2900000000         1.4399553677       358.4829532161       339.2844647987 
        2.2650042000         0.2900000000         1.4425043191       359.4004521924       343.0888700015 
        2.2700000000         0.2900000000         1.4527001251       360.1344513734       358.3064908129 
        2.2750000000         0.2900000000         1.4425043191       359.9509515781       343.0888700015 
        2.2800000000         0.2900000000         1.4450532706       359.9509515781       346.8932752044 
        2.2850001000         0.2900000000         1.4527001251       359.9509515781       358.3064908129 
        2.2900000000         0.2900000000         1.4323085132        80.1137638241       327.8712491902 
        2.2950000000         0.2900000000         1.4577980281        80.6642632099       365.9153012185 
        2.3000000000         0.2900000000         1.4425043191        79.5632644384       343.0888700015 
        2.3050000000         0.2900000000         1.4450532706        -0.0756466995       346.8932752044 
        2.3100000000         0.2900000000         1.4450532706         0.6583524815       346.8932752044 
        2.3150000000         0.2900000000         1.4374064162         0.1078530958       335.4800595959 
        2.3200000000         0.2900000000         1.4374064162         0.2913528910       335.4800595959 
        2.3250000000         0.2900000000         1.4501511736        -0.4426462900       354.5020856100 
        2.3300000000         0.2900000000         1.4450532706         0.6583524815       346.8932752044 
        2.3350000000         0.2900000000         1.4450532706         2.6768502293       346.8932752044 
        2.3400007000         0.2900000000         1.4577980281         4.8788477723       365.9153012185 
        2.3450000000         0.2900000000         1.4450532706         5.7963467485       346.8932752044 
        2.3500000000         0.2900000000         1.4374064162         7.8148444962       335.4800595959 
        2.3550000000         0.2900000000         1.4501511736         9.4663426535       354.5020856100 
        2.3600000000         0.2900000000         1.4399553677        10.9343410155       339.2844647987 
        2.3650000000         0.2900000000         1.4501511736        12.9528387632       354.5020856100 
        2.3700000000         0.2900000000         1.4399553677        14.7878367157       339.2844647987 
        2.3750000000         0.2900000000         1.4374064162        16.4393348729       335.4800595959 
        2.3800002000         0.2900000000         1.4450532706        17.9073332349       346.8932752044 
        2.3850000000         0.2900000000         1.4450532706        20.4763303684       346.8932752044 
        2.3900001000         0.2900000000         1.4501511736        21.9443287304       354.5020856100 
        2.3950000000         0.2900000000         1.4527001251        23.9628264781       358.3064908129 
        2.4000000000         0.2900000000         1.4476022221        25.6143246353       350.6976804072 
        2.4050000000         0.2900000000         1.4374064162        26.8988232021       335.4800595959 
        2.4100001000         0.2900000000         1.4348574647        28.5503213593       331.6756543931 
        2.4150000000         0.2900000000         1.4527001251        30.7523189023       358.3064908129 
        2.4200000000         0.2900000000         1.4501511736        32.0368174690       354.5020856100 
        2.4250000000         0.2900000000         1.4399553677        34.2388150120       339.2844647987 
        2.4300000000         0.2900000000         1.4527001251        36.4408125550       358.3064908129 
        2.4350000000         0.2900000000         1.4501511736        37.9088109170       354.5020856100 
        2.4400000000         0.2900000000         1.4297595617        39.0098096885       324.0668439874 
        2.4450000000         0.2900000000         1.4450532706        41.0283074362       346.8932752044 
        2.4500000000         0.2900000000         1.4501511736        43.4138047744       354.5020856100 
        2.4550000000         0.2900000000         1.4527001251        45.2488027269       358.3064908129 
        2.4600000000         0.2900000000         1.4374064162        46.1663017032       335.4800595959 
        2.4650000000         0.2900000000         1.4450532706        48.1847994509       346.8932752044 
        2.4700000000         0.2900000000         1.4399553677        49.8362976081       339.2844647987 
        2.4750000000         0.2900000000         1.4501511736        51.4877957654       354.5020856100 
        2.4800000000         0.2900000000         1.4501511736        53.6897933084       354.5020856100 
        2.4850000000         0.2900000000         1.4399553677        54.6072922846       339.2844647987 
        2.4900000000         0.2900000000         1.4374064162        56.2587904418       335.4800595959 
        2.4950000000         0.2900000000         1.4577980281        59.1947871658       365.9153012185 
        2.5000000000         0.2900000000         1.4527001251        60.6627855278       358.3064908129 
        2.5050000000         0.2900000000         1.4323085132        61.3967847088       327.8712491902 
        2.5100000000         0.2900000000         1.4476022221        63.2317826613       350.6976804072 
        2.5150001000         0.2900000000         1.4425043191        65.2502804090       343.0888700015 
        2.5200000000         0.2900000000         1.4323085132        66.9017785662       327.8712491902 
        2.5250000000         0.2900000000         1.4476022221        69.1037761092       350.6976804072 
        2.5300000000         0.2900000000         1.4374064162        70.3882746760       335.4800595959 
        2.5350001000         0.2900000000         1.4476022221        71.8562730380       350.6976804072 
        2.5400000000         0.2900000000         1.4297595617        73.6912709904       324.0668439874 
        2.5450000000         0.2900000000         1.4527001251        75.3427691477       358.3064908129 
        2.5500000000         0.2900000000         1.4374064162        76.9942673049       335.4800595959 
        2.5550000000         0.2900000000         1.4425043191        78.4622656669       343.0888700015 
        2.5600000000         0.2900000000         1.4297595617        79.7467642336       324.0668439874 
        2.5650000000         0.2900000000         1.4450532706        81.7652619814       346.8932752044 
        2.5700000000         0.2900000000         1.4297595617        83.4167601386       324.0668439874 
        2.5750000000         0.2900000000         1.4552490766        85.0682582958       362.1108960157 
        2.5800000000         0.2900000000         1.4272106102        86.5362566578       320.2624387846 
        2.5850000000         0.2900000000         1.4170148043        88.1877548151       305.0448179733 
        2.5900000000         0.2900000000         1.4577980281        90.0227527676       365.9153012185 
        2.5950000000         0.2900000000         1.4374064162        91.8577507200       335.4800595959 
        2.6000000000         0.2900000000         1.4348574647        93.1422492868       331.6756543931 
        2.6050000000         0.2900000000         1.4323085132        94.7937474440       327.8712491902 
        2.6100000000         0.2900000000         1.4348574647        95.7112464203       331.6756543931 
        2.6150000000         0.2900000000         1.4374064162        97.3627445775       335.4800595959 
        2.6200000000         0.2900000000         1.4374064162        99.7482419157       335.4800595959 
        2.6250005000         0.2900000000         1.4297595617       100.6657408920       324.0668439874 
        2.6300000000         0.2900000000         1.4323085132       102.3172390492       327.8712491902 
        2.6350000000         0.2900000000         1.4297595617       104.3357367969       324.0668439874 
        2.6400001000         0.2900000000         1.4272106102       105.9872349542       320.2624387846 
        2.6450000000         0.2900000000         1.4297595617       107.2717335209       324.0668439874 
        2.6500000000         0.2900000000         1.4297595617       108.9232316782       324.0668439874 
        2.6550000000         0.2900000000         1.4450532706       110.7582296306       346.8932752044 
        2.6600001000         0.2900000000         1.4374064162       112.9602271736       335.4800595959 
        2.6650000000         0.2900000000         1.4272106102       114.2447257404       320.2624387846 
        2.6700000000         0.2900000000         1.4348574647       115.3457245119       331.6756543931 
        2.6750000000         0.2900000000         1.4450532706       117.3642222596       346.8932752044 
        2.6800000000         0.2900000000         1.4221127072       118.6487208263       312.6536283789 
        2.6850000000         0.2900000000         1.4374064162       120.4837187788       335.4800595959 
        2.6900000000         0.2900000000         1.4348574647       122.1352169360       331.6756543931 
        2.6950000000         0.2900000000         1.4272106102       124.1537146838       320.2624387846 
        2.7000000000         0.2900000000         1.4348574647       125.0712136600       331.6756543931 
        2.7050027000         0.2900000000         1.4246616587       126.9062116125       316.4580335817 
        2.7100000000         0.2900000000         1.4246616587       128.7412095650       316.4580335817 
        2.7150011000         0.2900000000         1.4272106102       129.8422083365       320.2624387846 
        2.7200000000         0.2900000000         1.4399553677       132.5947052652       339.2844647987 
        2.7250000000         0.2900000000         1.4323085132       133.6957040367       327.8712491902 
        2.7300000000         0.2900000000         1.4399553677       135.3472021939       339.2844647987 
        2.7350000000         0.2900000000         1.4374064162       137.3656999417       335.4800595959 
        2.7400000000         0.2900000000         1.4348574647       138.4666987132       331.6756543931 
        2.7450000000         0.2900000000         1.4221127072       139.7511972799       312.6536283789 
        2.7500000000         0.2900000000         1.4450532706       141.9531948229       346.8932752044 
        2.7550000000         0.2900000000         1.4297595617       143.0541935944       324.0668439874 
        2.7600000000         0.2900000000         1.4348574647       145.8066905231       331.6756543931 
        2.7650001000         0.2900000000         1.4374064162       146.7241894993       335.4800595959 
        2.7700000000         0.2900000000         1.4297595617       148.5591874518       324.0668439874 
        2.7750000000         0.2900000000         1.4348574647       149.6601862233       331.6756543931 
        2.7800000000         0.2900000000         1.4399553677       151.8621837663       339.2844647987 
        2.7850001000         0.2900000000         1.4374064162       153.3301821283       335.4800595959 
        2.7900000000         0.2900000000         1.4272106102       154.7981804903       320.2624387846 
        2.7950000000         0.2900000000         1.4399553677       156.8166782380       339.2844647987 
        2.8000000000         0.2900000000         1.4348574647       158.4681763953       331.6756543931 
        2.8050000000         0.2900000000         1.4246616587       159.5691751667       316.4580335817 
        2.8100000000         0.2900000000         1.4450532706       161.9546725050       346.8932752044 
        2.8150000000         0.2900000000         1.4323085132       164.1566700480       327.8712491902 
        2.8200000000         0.2900000000         1.4399553677       165.6246684099       339.2844647987 
        2.8250000000         0.2900000000         1.4297595617       166.7256671814       324.0668439874 
        2.8300000000         0.2900000000         1.4272106102       168.3771653387       320.2624387846 
        2.8350000000         0.2900000000         1.4374064162       170.2121632912       335.4800595959 
        2.8400017000         0.2900000000         1.4374064162       172.2306610389       335.4800595959 
        2.8450000000         0.2900000000         1.4323085132       173.5151596056       327.8712491902 
        2.8500000000         0.2900000000         1.4297595617       174.4326585819       324.0668439874 
        2.8550000000         0.2900000000         1.4374064162       177.3686553058       335.4800595959 
        2.8600000000         0.2900000000         1.4297595617       178.2861542821       324.0668439874 
        2.8650000000         0.2900000000         1.4348574647       179.9376524393       331.6756543931 
        2.8700000000         0.2900000000         1.4450532706       182.3231497776       346.8932752044 
        2.8750000000         0.2900000000         1.4272106102       183.4241485491       320.2624387846 
        2.8800000000         0.2900000000         1.4425043191       185.0756467063       343.0888700015 
        2.8850000000         0.2900000000         1.4195637558       186.7271448635       308.8492231761 
        2.8900001000         0.2900000000         1.4374064162       188.1951432255       335.4800595959 
        2.8950000000         0.2900000000         1.4425043191       190.2136409732       343.0888700015 
        2.9000000000         0.2900000000         1.4399553677       191.4981395400       339.2844647987 
        2.9050000000         0.2900000000         1.4297595617       192.9661379020       324.0668439874 
        2.9100001000         0.2900000000         1.4476022221       195.1681354450       350.6976804072 
        2.9150000000         0.2900000000         1.4323085132       196.2691342164       327.8712491902 
        2.9200000000         0.2900000000         1.4170148043       197.3701329879       305.0448179733 
        2.9250000000         0.2900000000         1.4425043191       199.5721305309       343.0888700015 
        2.9300042000         0.2900000000         1.4246616587       201.2236286882       316.4580335817 
        2.9350000000         0.2900000000         1.4348574647       202.8751268454       331.6756543931 
        2.9400000000         0.2900000000         1.4272106102       204.3431252074       320.2624387846 
        2.9450000000         0.2900000000         1.4297595617       205.9946233646       324.0668439874 
        2.9500000000         0.2900000000         1.4348574647       207.6461215219       331.6756543931 
        2.9550000000         0.2900000000         1.4297595617       209.2976196791       324.0668439874 
        2.9600000000         0.2900000000         1.4374064162       210.7656180411       335.4800595959 
        2.9650000000         0.2900000000         1.4323085132       212.2336164031       327.8712491902 
        2.9700000000         0.2900000000         1.4246616587       213.3346151746       316.4580335817 
        2.9750000000         0.2900000000         1.4374064162       215.5366127175       335.4800595959 
        2.9800000000         0.2900000000         1.4399553677       217.7386102605       339.2844647987 
        2.9850000000         0.2900000000         1.4246616587       218.4726094415       316.4580335817 
        2.9900000000         0.2900000000         1.4501511736       220.8581067797       354.5020856100 
        2.9950000000         0.2900000000         1.4272106102       222.1426053465       320.2624387846 
        3.0000000000         0.2900000000         1.4323085132       223.6106037085       327.8712491902 
        3.0050000000         0.2900000000         1.4476022221       225.8126012515       350.6976804072 
        3.0100000000         0.2900000000         1.4348574647       227.4640994087       331.6756543931 
        3.0150001000         0.2900000000         1.4399553677       228.5650981802       339.2844647987 
        3.0200000000         0.2900000000         1.4221127072       229.6660969517       312.6536283789 
        3.0250000000         0.2900000000         1.4297595617       231.8680944947       324.0668439874 
        3.0300000000         0.2900000000         1.4527001251       234.0700920376       358.3064908129 
        3.0350003000         0.2900000000         1.4272106102       234.6205914234       320.2624387846 
        3.0400000000         0.2900000000         1.4399553677       237.1895885569       339.2844647987 
        3.0450000000         0.2900000000         1.4297595617       237.7400879426       324.0668439874 
        3.0500000000         0.2900000000         1.4246616587       239.5750858951       316.4580335817 
        3.0550000000         0.2900000000         1.4450532706       242.1440830286       346.8932752044 
        3.0600000000         0.2900000000         1.4348574647       243.2450818001       331.6756543931 
        3.0650000000         0.2900000000         1.4272106102       245.6305791383       320.2624387846 
        3.0700000000         0.2900000000         1.4399553677       246.5480781145       339.2844647987 
        3.0750000000         0.2900000000         1.4323085132       248.1995762718       327.8712491902 
        3.0800000000         0.2900000000         1.4246616587       249.3005750433       316.4580335817 
        3.0850000000         0.2900000000         1.4450532706       251.6860723815       346.8932752044 
        3.0900000000         0.2900000000         1.4297595617       253.1540707435       324.0668439874 
        3.0950000000         0.2900000000         1.4374064162       254.8055689007       335.4800595959 
        3.1000000000         0.2900000000         1.4323085132       256.0900674675       327.8712491902 
        3.1050000000         0.2900000000         1.4374064162       258.6590646009       335.4800595959 
        3.1100000000         0.2900000000         1.4476022221       260.3105627582       350.6976804072 
        3.1150000000         0.2900000000         1.4348574647       261.2280617344       331.6756543931 
        3.1200087000         0.2900000000         1.4272106102       263.0630596869       320.2624387846 
        3.1250000000         0.2900000000         1.4399553677       265.2650572299       339.2844647987 
        3.1300153000         0.2900000000         1.4323085132       266.3660560014       327.8712491902 
        3.1350000000         0.2900000000         1.4425043191       267.8340543634       343.0888700015 
        3.1400001000         0.2900000000         1.4374064162       269.4855525206       335.4800595959 
        3.1450000000         0.2900000000         1.4272106102       271.1370506778       320.2624387846 
        3.1500000000         0.2900000000         1.4399553677       272.9720486303       339.2844647987 
        3.1550000000         0.2900000000         1.4450532706       274.4400469923       346.8932752044 
        3.1600001000         0.2900000000         1.4374064162       276.2750449448       335.4800595959 
        3.1650000000         0.2900000000         1.4399553677       278.2935426925       339.2844647987 
        3.1700000000         0.2900000000         1.4323085132       279.0275418735       327.8712491902 
        3.1750000000         0.2900000000         1.4399553677       280.3120404403       339.2844647987 
        3.1800000000         0.2900000000         1.4348574647       282.3305381880       331.6756543931 
        3.1850000000         0.2900000000         1.4399553677       284.3490359357       339.2844647987 
        3.1900000000         0.2900000000         1.4374064162       286.1840338882       335.4800595959 
        3.1950000000         0.2900000000         1.4425043191       287.8355320455       343.0888700015 
        3.2000000000         0.2900000000         1.4450532706       289.4870302027       346.8932752044 
        3.2050000000         0.2900000000         1.4425043191       291.1385283599       343.0888700015 
        3.2100000000         0.2900000000         1.4425043191       292.7900265172       343.0888700015 
        3.2150000000         0.2900000000         1.4552490766       294.8085242649       362.1108960157 
        3.2200000000         0.2900000000         1.4425043191       296.2765226269       343.0888700015 
        3.2250000000         0.2900000000         1.4425043191       298.2950203746       343.0888700015 
        3.2300000000         0.2900000000         1.4501511736       300.1300183271       354.5020856100 
        3.2350000000         0.2900000000         1.4425043191       302.3320158701       343.0888700015 
        3.2400000000         0.2900000000         1.4552490766       303.8000142321       362.1108960157 
        3.2450005000         0.2900000000         1.4348574647       304.5340134131       331.6756543931 
        3.2500242000         0.2900000000         1.4425043191       306.5525111608       343.0888700015 
        3.2550000000         0.2900000000         1.4450532706       308.2040093180       346.8932752044 
        3.2600000000         0.2900000000         1.4399553677       309.8555074753       339.2844647987 
        3.2650009000         0.2900000000         1.4476022221       311.8740052230       350.6976804072 
        3.2700000000         0.2900000000         1.4476022221       314.0760027660       350.6976804072 
        3.2750000000         0.2900000000         1.4476022221       315.3605013327       350.6976804072 
        3.2800000000         0.2900000000         1.4399553677       317.1954992852       339.2844647987 
        3.2850001000         0.2900000000         1.4450532706       318.8469974424       346.8932752044 
        3.2900000000         0.2900000000         1.4374064162       319.9479962139       335.4800595959 
        3.2950000000         0.2900000000         1.4374064162       321.9664939617       335.4800595959 
        3.3000000000         0.2900000000         1.4374064162       324.1684915047       335.4800595959 
        3.3050000000         0.2900000000         1.4323085132       325.2694902761       327.8712491902 
        3.3100000000         0.2900000000         1.4527001251       327.8384874096       358.3064908129 
        3.3150000000         0.2900000000         1.4501511736       329.1229859764       354.5020856100 
        3.3200000000         0.2900000000         1.4425043191       330.4074845431       343.0888700015 
        3.3250000000         0.2900000000         1.4374064162       332.6094820861       335.4800595959 
        3.3300000000         0.2900000000         1.4577980281       334.9949794243       365.9153012185 
        3.3350000000         0.2900000000         1.4450532706       336.6464775816       346.8932752044 
        3.3400000000         0.2900000000         1.4450532706       337.9309761483       346.8932752044 
        3.3450000000         0.2900000000         1.4527001251       340.1329736913       358.3064908129 
        3.3500000000         0.2900000000         1.4374064162       340.8669728723       335.4800595959 
        3.3550000000         0.2900000000         1.4297595617       342.7019708248       324.0668439874 
        3.3600000000         0.2900000000         1.4501511736       345.6379675487       354.5020856100 
        3.3650000000         0.2900000000         1.4450532706       347.1059659107       346.8932752044 
        3.3700000000         0.2900000000         1.4527001251       348.3904644775       358.3064908129 
        3.3750000000         0.2900000000         1.4348574647       349.6749630442       331.6756543931 
        3.3800000000         0.2900000000         1.4450532706       352.4274599729       346.8932752044 
        3.3850000000         0.2900000000         1.4399553677       353.5284587444       339.2844647987 
        3.3900001000         0.2900000000         1.4399553677       355.1799569017       339.2844647987 
        3.3950000000         0.2900000000         1.4501511736       357.3819544446       354.5020856100 
        3.4000000000         0.2900000000         1.4272106102       359.2169523971       320.2624387846 
        3.4050000000         0.2900000000         1.4552490766       360.3179511686       362.1108960157 
        3.4100001000         0.2900000000         1.4577980281       359.9509515781       365.9153012185 
        3.4150000000         0.2900000000         1.4476022221       360.3179511686       350.6976804072 
        3.4200000000         0.2900000000         1.4527001251       360.3179511686       358.3064908129 
        3.4250043000         0.2900000000         1.4425043191       359.7674517829       343.0888700015 
        3.4300000000         0.2900000000         1.4425043191        79.7467642336       343.0888700015 
        3.4350000000         0.2900000000         1.4577980281        79.9302640289       365.9153012185 
        3.4400000000         0.2900000000         1.4348574647        79.9302640289       331.6756543931 
        3.4450000000         0.2900000000         1.4476022221        -0.0756466995       350.6976804072 
        3.4500000000         0.2900000000         1.4552490766         0.4748526863       362.1108960157 
        3.4550000000         0.2900000000         1.4374064162         0.2913528910       335.4800595959 
        3.4600000000         0.2900000000         1.4450532706         0.4748526863       346.8932752044 
        3.4650000000         0.2900000000         1.4577980281         0.6583524815       365.9153012185 
        3.4700035000         0.2900000000         1.4450532706         1.5758514578       346.8932752044 
        3.4750000000         0.2900000000         1.4399553677         3.0438498198       339.2844647987 
        3.4800000000         0.2900000000         1.4323085132         4.8788477723       327.8712491902 
        3.4850000000         0.2900000000         1.4476022221         6.5303459295       350.6976804072 
        3.4900000000         0.2900000000         1.4399553677         7.9983442915       339.2844647987 
        3.4950000000         0.2900000000         1.4450532706         9.2828428582       346.8932752044 
        3.5000000000         0.2900000000         1.4527001251        12.2188395822       358.3064908129 
        3.5050000000         0.2900000000         1.4450532706        13.5033381489       346.8932752044 
        3.5100000000         0.2900000000         1.4577980281        15.3383361014       365.9153012185 
        3.5150001000         0.2900000000         1.4374064162        16.8063344634       335.4800595959 
        3.5200000000         0.2900000000         1.4374064162        18.0908330301       335.4800595959 
        3.5250000000         0.2900000000         1.4450532706        20.8433299589       346.8932752044 
        3.5300000000         0.2900000000         1.4399553677        22.6783279114       339.2844647987 
        3.5350001000         0.2900000000         1.4374064162        23.7793266828       335.4800595959 
        3.5400000000         0.2900000000         1.4476022221        26.1648240211       350.6976804072 
        3.5450000000         0.2900000000         1.4476022221        27.2658227926       350.6976804072 
        3.5500217000         0.2900000000         1.4399553677        28.9173209498       339.2844647987 
        3.5550059000         0.2900000000         1.4450532706        31.3028182880       346.8932752044 
        3.5600000000         0.2900000000         1.4399553677        31.8533176738       339.2844647987 
        3.5650000000         0.2900000000         1.4450532706        33.6883156263       346.8932752044 
        3.5700000000         0.2900000000         1.4323085132        35.3398137835       327.8712491902 
        3.5750000000         0.2900000000         1.4450532706        38.0923107122       346.8932752044 
        3.5800000000         0.2900000000         1.4527001251        39.1933094837       358.3064908129 
        3.5850000000         0.2900000000         1.4323085132        40.4778080505       327.8712491902 
        3.5900000000         0.2900000000         1.4501511736        42.6798055934       354.5020856100 
        3.5950000000         0.2900000000         1.4374064162        44.3313037507       335.4800595959 
        3.6000000000         0.2900000000         1.4450532706        46.3498014984       346.8932752044 
        3.6050000000         0.2900000000         1.4476022221        47.6343000652       350.6976804072 
        3.6100000000         0.2900000000         1.4348574647        49.4692980176       331.6756543931 
        3.6150000000         0.2900000000         1.4425043191        50.5702967891       343.0888700015 
        3.6200000000         0.2900000000         1.4348574647        52.2217949464       331.6756543931 
        3.6250000000         0.2900000000         1.4425043191        54.4237924893       343.0888700015 
        3.6300000000         0.2900000000         1.4425043191        56.2587904418       343.0888700015 
        3.6350000000         0.2900000000         1.4425043191        58.4607879848       343.0888700015 
        3.6400034000         0.2900000000         1.4450532706        59.3782869611       346.8932752044 
        3.6450000000         0.2900000000         1.4399553677        60.8462853230       339.2844647987 
        3.6500000000         0.2900000000         1.4374064162        62.8647830708       335.4800595959 
        3.6550000000         0.2900000000         1.4399553677        64.5162812280       339.2844647987 
        3.6600001000         0.2900000000         1.4272106102        65.8007797948       320.2624387846 
        3.6650000000         0.2900000000         1.4476022221        68.3697769282       350.6976804072 
        3.6700000000         0.2900000000         1.4399553677        69.4707756997       339.2844647987 
        3.6750034000         0.2900000000         1.4374064162        71.8562730380       335.4800595959 
        3.6800000000         0.2900000000         1.4476022221        72.7737720142       350.6976804072 
        3.6850000000         0.2900000000         1.4450532706        74.9757695572       346.8932752044 
        3.6900000000         0.2900000000         1.4374064162        76.2602681239       335.4800595959 
        3.6950000000         0.2900000000         1.4323085132        77.7282664859       327.8712491902 
        3.7000000000         0.2900000000         1.4450532706        79.1962648479       346.8932752044 
        3.7050000000         0.2900000000         1.4272106102        80.4807634146       320.2624387846 
        3.7100000000         0.2900000000         1.4246616587        82.4992611624       316.4580335817 
        3.7150000000         0.2900000000         1.4297595617        84.5177589101       324.0668439874 
        3.7200000000         0.2900000000         1.4399553677        85.8022574768       339.2844647987 
        3.7250000000         0.2900000000         1.4476022221        87.4537556341       350.6976804072 
        3.7300000000         0.2900000000         1.4348574647        89.1052537913       331.6756543931 
        3.7350000000         0.2900000000         1.4348574647        90.5732521533       331.6756543931 
        3.7400000000         0.2900000000         1.4348574647        92.2247503105       331.6756543931 
        3.7450019000         0.2900000000         1.4323085132        93.8762484678       327.8712491902 
        3.7500000000         0.2900000000         1.4399553677        95.8947462155       339.2844647987 
        3.7550000000         0.2900000000         1.4297595617        96.6287453965       324.0668439874 
        3.7600000000         0.2900000000         1.4246616587        99.0142427347       316.4580335817 
        3.7650001000         0.2900000000         1.4374064162       100.2987413015       335.4800595959 
        3.7700000000         0.2900000000         1.4348574647       101.9502394587       331.6756543931 
        3.7750000000         0.2900000000         1.4246616587       103.6017376159       316.4580335817 
        3.7800000000         0.2900000000         1.4399553677       105.4367355684       339.2844647987 
        3.7850001000         0.2900000000         1.4374064162       107.0882337257       335.4800595959 
        3.7900036000         0.2900000000         1.4272106102       108.1892324972       320.2624387846 
        3.7950000000         0.2900000000         1.4348574647       109.8407306544       331.6756543931 
        3.8000000000         0.2900000000         1.4374064162       112.0427281974       335.4800595959 
        3.8050000000         0.2900000000         1.4297595617       112.5932275831       324.0668439874 
        3.8100000000         0.2900000000         1.4297595617       114.2447257404       324.0668439874 
        3.8150000000         0.2900000000         1.4425043191       116.8137228738       343.0888700015 
        3.8200000000         0.2900000000         1.4374064162       117.9147216453       335.4800595959 
        3.8250000000         0.2900000000         1.4348574647       119.7497195978       331.6756543931 
        3.8300000000         0.2900000000         1.4272106102       121.2177179598       320.2624387846 
        3.8350000000         0.2900000000         1.4195637558       122.6857163218       308.8492231761 
        3.8400000000         0.2900000000         1.4425043191       124.8877138648       343.0888700015 
        3.8450000000         0.2900000000         1.4272106102       125.6217130458       320.2624387846 
        3.8500000000         0.2900000000         1.4374064162       128.3742099745       335.4800595959 
        3.8550000000         0.2900000000         1.4297595617       129.1082091555       324.0668439874 
        3.8600000000         0.2900000000         1.4297595617       130.9432071080       324.0668439874 
        3.8650000000         0.2900000000         1.4399553677       132.2277056747       339.2844647987 
        3.8700000000         0.2900000000         1.4246616587       134.0627036272       316.4580335817 
        3.8750000000         0.2900000000         1.4323085132       135.5307019892       327.8712491902 
        3.8800000000         0.2900000000         1.4348574647       137.5491997369       331.6756543931 
        3.8850000000         0.2900000000         1.4272106102       138.8336983037       320.2624387846 
        3.8900001000         0.2900000000         1.4323085132       141.5861952324       327.8712491902 
        3.8950000000         0.2900000000         1.4374064162       142.5036942086       335.4800595959 
        3.9000000000         0.2900000000         1.4272106102       143.7881927754       320.2624387846 
        3.9050000000         0.2900000000         1.4272106102       146.3571899089       320.2624387846 
        3.9100001000         0.2900000000         1.4297595617       147.4581886803       324.0668439874 
        3.9150000000         0.2900000000         1.4272106102       148.5591874518       320.2624387846 
        3.9200000000         0.2900000000         1.4450532706       151.1281845853       346.8932752044 
        3.9250000000         0.2900000000         1.4374064162       152.4126831521       335.4800595959 
        3.9300000000         0.2900000000         1.4323085132       154.0641813093       327.8712491902 
        3.9350000000         0.2900000000         1.4374064162       155.8991792618       335.4800595959 
        3.9400000000         0.2900000000         1.4323085132       157.1836778285       327.8712491902 
        3.9450000000         0.2900000000         1.4297595617       158.6516761905       324.0668439874 
        3.9500000000         0.2900000000         1.4246616587       160.8536737335       316.4580335817 
        3.9550000000         0.2900000000         1.4425043191       162.3216720955       343.0888700015 
        3.9600044000         0.2900000000         1.4527001251       164.5236696385       358.3064908129 
        3.9650000000         0.2900000000         1.4195637558       165.2576688194       308.8492231761 
        3.9700000000         0.2900000000         1.4348574647       166.9091669767       331.6756543931 
        3.9750000000         0.2900000000         1.4246616587       168.5606651339       316.4580335817 
        3.9800040000         0.2900000000         1.4399553677       170.7626626769       339.2844647987 
        3.9850000000         0.2900000000         1.4399553677       172.9646602199       339.2844647987 
        3.9900000000         0.2900000000         1.4374064162       174.0656589914       335.4800595959 
        3.9950000000         0.2900000000         1.4195637558       175.5336573534       308.8492231761 
