           Time[sec]           V_{cmd}[V]          V_{gyro}[V]          \theta[deg] \omega_{gyro}[deg/sec] 
        0.0000000000         3.5500000000         1.2130986854       177.0016557154        -0.0760881041 
        0.0050000000         3.5500000000         1.2130986854       177.3686553058        -0.0760881041 
        0.0100000000         3.5500000000         1.2156476369       177.7356548963         3.7283170988 
        0.0150001000         3.5500000000         1.2232944913       177.5521551011        15.1415327073 
        0.0200000000         3.5500000000         1.4399553677       178.8366536678       338.5159749477 
        0.0250000000         3.5500000000         1.4374064162       179.2036532583       334.7115697449 
        0.0300000000         3.5500000000         1.3991721439       181.0386512108       277.6454917025 
        0.0350000000         3.5500000000         1.4450532706       182.5066495728       346.1247853534 
        0.0400000000         3.5500000000         1.4883854459       184.8921469110       410.7996738015 
        0.0450000000         3.5500000000         1.4832875429       186.9106446588       403.1908633958 
        0.0500000000         3.5500000000         1.5087770578       188.5621428160       441.2349154241 
        0.0550000000         3.5500000000         1.4960323003       190.2136409732       422.2128894100 
        0.0600000000         3.5500000000         1.5113260093       192.4156385162       445.0393206270 
        0.0650000000         3.5500000000         1.5393644756       195.3516352402       486.8877778581 
        0.0700000000         3.5500000000         1.5419134271       197.5536327832       490.6921830609 
        0.0750000000         3.5500000000         1.5317176211       199.5721305309       475.4745622496 
        0.0800070000         3.5500000000         1.5775987479       203.0586266406       543.9538559005 
        0.0850000000         3.5500000000         1.5674029419       204.8936245931       528.7362350892 
        0.0900016000         3.5500000000         1.5877945538       207.6461215219       559.1714767118 
        0.0950000000         3.5500000000         1.5801476994       210.7656180411       547.7582611034 
        0.1000000000         3.5500000000         1.5801476994       212.6006159936       547.7582611034 
        0.1050000000         3.5500000000         1.6030882627       215.7201125128       581.9979079288 
        0.1100000000         3.5500000000         1.6005393113       219.0231088273       578.1935027260 
        0.1150000000         3.5500000000         1.6056372142       221.5921059607       585.8023131316 
        0.1200000000         3.5500000000         1.6209309231       224.7116024800       608.6287443486 
        0.1250000000         3.5500000000         1.6285777776       227.2805996134       620.0419599571 
        0.1300000000         3.5500000000         1.6209309231       230.2165963374       608.6287443486 
        0.1350022000         3.5500000000         1.6234798746       233.3360928566       612.4331495514 
        0.1400001000         3.5500000000         1.6591651954       237.0060887616       665.6948223911 
        0.1450000000         3.5500000000         1.6209309231       239.2080863046       608.6287443486 
        0.1500000000         3.5500000000         1.6413225350       242.5110826191       639.0639859713 
        0.1550000000         3.5500000000         1.6489693895       245.0800797525       650.4772015797 
        0.1600000000         3.5500000000         1.6387735836       248.1995762718       635.2595807684 
        0.1650000000         3.5500000000         1.6566162440       251.8695721767       661.8904171882 
        0.1700000000         3.5500000000         1.6617141469       255.5395680817       669.4992275939 
        0.1750000000         3.5500000000         1.6693610014       258.8425643962       680.9124432024 
        0.1800001000         3.5500000000         1.6693610014       261.9620609154       680.9124432024 
        0.1850000000         3.5500000000         1.6719099529       265.9990564109       684.7168484052 
        0.1900054000         3.5500000000         1.6821057588       269.1185529301       699.9344692165 
        0.1950000000         3.5500000000         1.6872036618       272.7885488351       707.5432796222 
        0.2000026000         3.5500000000         1.6846547103       276.2750449448       703.7388744193 
        0.2050000000         3.5500000000         1.6821057588       279.5780412593       699.9344692165 
        0.2100001000         3.5500000000         1.6821057588       282.5140379832       699.9344692165 
        0.2150000000         3.5500000000         1.6795568073       286.1840338882       696.1300640137 
        0.2200000000         3.5500000000         1.6897526133       289.3035304074       711.3476848250 
        0.2250000000         3.5500000000         1.6948505162       292.7900265172       718.9564952307 
        0.2300000000         3.5500000000         1.7024973707       297.1940216031       730.3697108392 
        0.2350000000         3.5500000000         1.6999484192       301.0475173033       726.5653056363 
        0.2400001000         3.5500000000         1.7126931766       304.5340134131       745.5873316505 
        0.2450000000         3.5500000000         1.6999484192       308.2040093180       726.5653056363 
        0.2500000000         3.5500000000         1.6999484192       311.3235058373       726.5653056363 
        0.2550000000         3.5500000000         1.7126931766       315.9110007185       745.5873316505 
        0.2600000000         3.5500000000         1.7024973707       319.0304972377       730.3697108392 
        0.2650001000         3.5500000000         1.7024973707       322.8839929379       730.3697108392 
        0.2700000000         3.5500000000         1.7203400311       326.5539888429       757.0005472590 
        0.2750000000         3.5500000000         1.7254379341       330.5909843384       764.6093576646 
        0.2800000000         3.5500000000         1.7152421281       334.6279798338       749.3917368533 
        0.2850000000         3.5500000000         1.7203400311       338.2979757388       757.0005472590 
        0.2900001000         3.5500000000         1.7152421281       342.1514714390       749.3917368533 
        0.2950018000         3.5500000000         1.7228889826       346.0049671392       760.8049524618 
        0.3000000000         3.5500000000         1.7254379341       350.0419626347       764.6093576646 
        0.3050000000         3.5500000000         1.7228889826       354.0789581302       760.8049524618 
        0.3100000000         3.5500000000         1.7305358370       358.1159536256       772.2181680703 
        0.3150004000         3.5500000000         1.7254379341       359.9509515781       764.6093576646 
        0.3200000000         3.5500000000         1.7254379341       359.9509515781       764.6093576646 
        0.3250000000         3.5500000000         1.7432805945        80.4807634146       791.2401940844 
        0.3300000000         3.5500000000         1.7381826915         0.2913528910       783.6313836788 
        0.3350011000         3.5500000000         1.7254379341        -0.0756466995       764.6093576646 
        0.3400000000         3.5500000000         1.7356337400         0.1078530958       779.8269784759 
        0.3450000000         3.5500000000         1.7407316430         3.5943492055       787.4357888816 
        0.3500001000         3.5500000000         1.7356337400         6.7138457247       779.8269784759 
        0.3550001000         3.5500000000         1.7432805945        10.9343410155       791.2401940844 
        0.3600000000         3.5500000000         1.7330847885        15.1548363062       776.0225732731 
        0.3650000000         3.5500000000         1.7458295460        19.0083320064       795.0445992873 
        0.3700022000         3.5500000000         1.7330847885        22.6783279114       776.0225732731 
        0.3750000000         3.5500000000         1.7458295460        27.0823229973       795.0445992873 
        0.3800000000         3.5500000000         1.7509274489        30.7523189023       802.6534096929 
        0.3850000000         3.5500000000         1.7509274489        34.6058146025       802.6534096929 
        0.3900001000         3.5500000000         1.7432805945        38.8263098932       791.2401940844 
        0.3950000000         3.5500000000         1.7432805945        42.8633053887       791.2401940844 
        0.4000000000         3.5500000000         1.7534764004        46.5333012937       806.4578148957 
        0.4050000000         3.5500000000         1.7432805945        50.2032971986       791.2401940844 
        0.4100000000         3.5500000000         1.7611232549        54.6072922846       817.8710305042 
        0.4150001000         3.5500000000         1.7407316430        58.4607879848       787.4357888816 
        0.4200001000         3.5500000000         1.7585743034        62.8647830708       814.0666253014 
        0.4250000000         3.5500000000         1.7636722064        66.7182787710       821.6754357071 
        0.4300000000         3.5500000000         1.7611232549        70.3882746760       817.8710305042 
        0.4350000000         3.5500000000         1.7611232549        74.4252701714       817.8710305042 
        0.4400000000         3.5500000000         1.7560253519        77.7282664859       810.2622200986 
        0.4450000000         3.5500000000         1.7585743034        81.9487617766       814.0666253014 
        0.4500000000         3.5500000000         1.7662211578        85.8022574768       825.4798409099 
        0.4550000000         3.5500000000         1.7585743034        89.2887535866       814.0666253014 
        0.4600000000         3.5500000000         1.7560253519        93.1422492868       810.2622200986 
        0.4650000000         3.5500000000         1.7407316430        96.2617458060       787.4357888816 
        0.4700000000         3.5500000000         1.7713190608       101.2162402777       833.0886513155 
        0.4750001000         3.5500000000         1.7636722064       104.8862361827       821.6754357071 
        0.4800001000         3.5500000000         1.7713190608       109.1067314734       833.0886513155 
        0.4850000000         3.5500000000         1.7534764004       111.8592284021       806.4578148957 
        0.4900000000         3.5500000000         1.7509274489       117.1807224643       802.6534096929 
        0.4950000000         3.5500000000         1.7662211578       120.8507183693       825.4798409099 
        0.5000000000         3.5500000000         1.7636722064       124.7042140695       821.6754357071 
        0.5050000000         3.5500000000         1.7713190608       128.3742099745       833.0886513155 
        0.5100000000         3.5500000000         1.7534764004       132.2277056747       806.4578148957 
        0.5150001000         3.5500000000         1.7815148668       136.8152005559       848.3062721269 
        0.5200000000         3.5500000000         1.7611232549       140.6686962561       817.8710305042 
        0.5250000000         3.5500000000         1.7840638182       144.8891915469       852.1106773297 
        0.5300000000         3.5500000000         1.7611232549       148.0086880661       817.8710305042 
        0.5350000000         3.5500000000         1.7636722064       152.2291833568       821.6754357071 
        0.5400000000         3.5500000000         1.7534764004       156.0826790570       806.4578148957 
        0.5450000000         3.5500000000         1.7560253519       159.7526749620       810.2622200986 
        0.5500000000         3.5500000000         1.7738680123       165.0741690242       836.8930565184 
        0.5550000000         3.5500000000         1.7560253519       168.1936655434       810.2622200986 
        0.5600000000         3.5500000000         1.7713190608       172.9646602199       833.0886513155 
        0.5650000000         3.5500000000         1.7662211578       176.8181559201       825.4798409099 
        0.5700001000         3.5500000000         1.7636722064       180.3046520298       821.6754357071 
        0.5750001000         3.5500000000         1.7560253519       183.9746479348       810.2622200986 
        0.5800001000         3.5500000000         1.7611232549       188.1951432255       817.8710305042 
        0.5850000000         3.5500000000         1.7534764004       192.4156385162       806.4578148957 
        0.5900000000         3.5500000000         1.7534764004       196.4526340117       806.4578148957 
        0.5950000000         3.5500000000         1.7687701093       200.6731293024       829.2842461127 
        0.6000000000         3.5500000000         1.7611232549       204.3431252074       817.8710305042 
        0.6050000000         3.5500000000         1.7611232549       207.6461215219       817.8710305042 
        0.6100000000         3.5500000000         1.7611232549       211.8666168126       817.8710305042 
        0.6150014000         3.5500000000         1.7509274489       216.0871121033       802.6534096929 
        0.6200000000         3.5500000000         1.7764169638       219.9406078035       840.6974617212 
        0.6250000000         3.5500000000         1.7483784974       223.9776032990       798.8490044901 
        0.6300000000         3.5500000000         1.7636722064       227.8310989992       821.6754357071 
        0.6350000000         3.5500000000         1.7432805945       231.1340953137       791.2401940844 
        0.6400001000         3.5500000000         1.7483784974       235.7215901949       798.8490044901 
        0.6450000000         3.5500000000         1.7560253519       239.7585856903       810.2622200986 
        0.6500000000         3.5500000000         1.7636722064       244.3460805716       821.6754357071 
        0.6550000000         3.5500000000         1.7560253519       247.8325766813       810.2622200986 
        0.6600000000         3.5500000000         1.7509274489       251.3190727910       802.6534096929 
        0.6650013000         3.5500000000         1.7534764004       256.2735672627       806.4578148957 
        0.6700000000         3.5500000000         1.7560253519       259.5765635772       810.2622200986 
        0.6750030000         3.5500000000         1.7611232549       263.4300592774       817.8710305042 
        0.6800000000         3.5500000000         1.7407316430       267.2835549776       787.4357888816 
        0.6850000000         3.5500000000         1.7560253519       271.1370506778       810.2622200986 
        0.6900000000         3.5500000000         1.7534764004       276.0915451495       806.4578148957 
        0.6950001000         3.5500000000         1.7458295460       279.0275418735       795.0445992873 
        0.7000001000         3.5500000000         1.7458295460       283.0645373690       795.0445992873 
        0.7050001000         3.5500000000         1.7458295460       287.4685324550       795.0445992873 
        0.7100000000         3.5500000000         1.7509274489       291.5055279504       802.6534096929 
        0.7150000000         3.5500000000         1.7356337400       295.5425234459       779.8269784759 
        0.7200000000         3.5500000000         1.7611232549       300.3135181223       817.8710305042 
        0.7250000000         3.5500000000         1.7534764004       303.8000142321       806.4578148957 
        0.7300000000         3.5500000000         1.7407316430       307.4700101370       787.4357888816 
        0.7350000000         3.5500000000         1.7432805945       311.5070056325       791.2401940844 
        0.7400000000         3.5500000000         1.7534764004       315.9110007185       806.4578148957 
        0.7450022000         3.5500000000         1.7432805945       320.4984955997       791.2401940844 
        0.7500000000         3.5500000000         1.7585743034       324.1684915047       814.0666253014 
        0.7550000000         3.5500000000         1.7330847885       327.6549876144       776.0225732731 
        0.7600000000         3.5500000000         1.7585743034       332.0589827003       814.0666253014 
        0.7650001000         3.5500000000         1.7432805945       337.0134771721       791.2401940844 
        0.7700000000         3.5500000000         1.7585743034       340.8669728723       814.0666253014 
        0.7750000000         3.5500000000         1.7483784974       344.5369687772       798.8490044901 
        0.7800000000         3.5500000000         1.7560253519       348.5739642727       810.2622200986 
        0.7850000000         3.5500000000         1.7407316430       352.2439601777       787.4357888816 
        0.7900000000         3.5500000000         1.7356337400       357.0149548541       779.8269784759 
        0.7950000000         3.5500000000         1.7636722064       360.3179511686       821.6754357071 
        0.8000000000         3.5500000000         1.7509274489       359.9509515781       802.6534096929 
        0.8050000000         3.5500000000         1.7585743034        80.1137638241       814.0666253014 
        0.8100000000         3.5500000000         1.7509274489        80.1137638241       802.6534096929 
        0.8150000000         3.5500000000         1.7534764004         0.1078530958       806.4578148957 
        0.8200001000         3.5500000000         1.7458295460        -0.4426462900       795.0445992873 
        0.8250001000         3.5500000000         1.7534764004         2.8603500245       806.4578148957 
        0.8300001000         3.5500000000         1.7585743034         7.2643451105       814.0666253014 
        0.8350001000         3.5500000000         1.7611232549        11.1178408107       817.8710305042 
        0.8400000000         3.5500000000         1.7534764004        15.8888354872       806.4578148957 
        0.8450000000         3.5500000000         1.7636722064        19.9258309826       821.6754357071 
        0.8500000000         3.5500000000         1.7483784974        22.8618277066       798.8490044901 
        0.8550000000         3.5500000000         1.7509274489        27.6328223831       802.6534096929 
        0.8600000000         3.5500000000         1.7483784974        31.3028182880       798.8490044901 
        0.8650000000         3.5500000000         1.7407316430        35.3398137835       787.4357888816 
        0.8700000000         3.5500000000         1.7636722064        40.1108084600       821.6754357071 
        0.8750000000         3.5500000000         1.7534764004        43.2303049792       806.4578148957 
        0.8800000000         3.5500000000         1.7560253519        47.6343000652       810.2622200986 
        0.8850000000         3.5500000000         1.7534764004        51.4877957654       806.4578148957 
        0.8900001000         3.5500000000         1.7662211578        55.3412914656       825.4798409099 
        0.8950000000         3.5500000000         1.7713190608        60.1122861421       833.0886513155 
        0.9000000000         3.5500000000         1.7713190608        63.5987822518       833.0886513155 
        0.9050000000         3.5500000000         1.7662211578        67.8192775425       825.4798409099 
        0.9100000000         3.5500000000         1.7662211578        71.6727732427       825.4798409099 
        0.9150000000         3.5500000000         1.7585743034        75.3427691477       814.0666253014 
        0.9200013000         3.5500000000         1.7611232549        78.6457654622       817.8710305042 
        0.9250000000         3.5500000000         1.7687701093        83.2332603434       829.2842461127 
        0.9300000000         3.5500000000         1.7662211578        87.0867560436       825.4798409099 
        0.9350000000         3.5500000000         1.7738680123        90.9402517438       836.8930565184 
        0.9400000000         3.5500000000         1.7560253519        94.6102476488       810.2622200986 
        0.9450001000         3.5500000000         1.7713190608        98.2802435537       833.0886513155 
        0.9500001000         3.5500000000         1.7636722064       102.1337392540       821.6754357071 
        0.9550001000         3.5500000000         1.7636722064       106.7212341352       821.6754357071 
        0.9600001000         3.5500000000         1.7764169638       110.5747298354       840.6974617212 
        0.9650000000         3.5500000000         1.7636722064       114.9787249214       821.6754357071 
        0.9700000000         3.5500000000         1.7789659153       118.6487208263       844.5018669240 
        0.9750000000         3.5500000000         1.7611232549       122.3187167313       817.8710305042 
        0.9800000000         3.5500000000         1.7636722064       126.5392120220       821.6754357071 
        0.9850000000         3.5500000000         1.7534764004       130.2092079270       806.4578148957 
        0.9900000000         3.5500000000         1.7713190608       134.6132030129       833.0886513155 
        0.9950000000         3.5500000000         1.7738680123       139.2006978942       836.8930565184 
        1.0000000000         3.5500000000         1.7815148668       143.0541935944       848.3062721269 
        1.0050000000         3.5500000000         1.7687701093       146.7241894993       829.2842461127 
        1.0100001000         3.5500000000         1.7585743034       151.1281845853       814.0666253014 
        1.0150001000         3.5500000000         1.7636722064       154.4311808998       821.6754357071 
        1.0200001000         3.5500000000         1.7636722064       159.0186757810       821.6754357071 
        1.0250000000         3.5500000000         1.7764169638       163.0556712765       840.6974617212 
        1.0300000000         3.5500000000         1.7738680123       167.4596663624       836.8930565184 
        1.0350000000         3.5500000000         1.7662211578       171.4966618579       825.4798409099 
        1.0400000000         3.5500000000         1.7636722064       175.1666577629       821.6754357071 
        1.0450000000         3.5500000000         1.7764169638       179.0201534631       840.6974617212 
        1.0500000000         3.5500000000         1.7534764004       182.5066495728       806.4578148957 
        1.0550000000         3.5500000000         1.7611232549       186.7271448635       817.8710305042 
        1.0600000000         3.5500000000         1.7560253519       191.3146397447       810.2622200986 
        1.0650000000         3.5500000000         1.7534764004       194.4341362640       806.4578148957 
        1.0700000000         3.5500000000         1.7713190608       199.0216311452       833.0886513155 
        1.0750000000         3.5500000000         1.7636722064       203.0586266406       821.6754357071 
        1.0800000000         3.5500000000         1.7611232549       206.7286225456       817.8710305042 
        1.0850000000         3.5500000000         1.7509274489       210.7656180411       802.6534096929 
        1.0900000000         3.5500000000         1.7585743034       215.5366127175       814.0666253014 
        1.0950000000         3.5500000000         1.7789659153       219.3901084178       844.5018669240 
        1.1000000000         3.5500000000         1.7483784974       222.3261051417       798.8490044901 
        1.1050000000         3.5500000000         1.7662211578       226.7301002277       825.4798409099 
        1.1100000000         3.5500000000         1.7534764004       230.9505955184       806.4578148957 
        1.1150000000         3.5500000000         1.7585743034       234.6205914234       814.0666253014 
        1.1200000000         3.5500000000         1.7585743034       238.4740871236       814.0666253014 
        1.1250000000         3.5500000000         1.7509274489       241.9605832333       802.6534096929 
        1.1300000000         3.5500000000         1.7585743034       246.5480781145       814.0666253014 
        1.1350001000         3.5500000000         1.7509274489       250.4015738148       802.6534096929 
        1.1400001000         3.5500000000         1.7560253519       254.0715697197       810.2622200986 
        1.1450001000         3.5500000000         1.7483784974       258.1085652152       798.8490044901 
        1.1500000000         3.5500000000         1.7458295460       261.9620609154       795.0445992873 
        1.1550001000         3.5500000000         1.7509274489       266.7330555919       802.6534096929 
        1.1600000000         3.5500000000         1.7483784974       270.5865512921       798.8490044901 
        1.1650000000         3.5500000000         1.7509274489       275.1740461733       802.6534096929 
        1.1700000000         3.5500000000         1.7687701093       279.0275418735       829.2842461127 
        1.1750000000         3.5500000000         1.7636722064       282.8810375737       821.6754357071 
        1.1800000000         3.5500000000         1.7534764004       286.9180330692       806.4578148957 
        1.1850000000         3.5500000000         1.7534764004       291.1385283599       806.4578148957 
        1.1900000000         3.5500000000         1.7305358370       294.0745250839       772.2181680703 
        1.1950000000         3.5500000000         1.7713190608       299.0290195556       833.0886513155 
        1.2000000000         3.5500000000         1.7458295460       302.8825152558       795.0445992873 
        1.2050000000         3.5500000000         1.7534764004       306.5525111608       806.4578148957 
        1.2100000000         3.5500000000         1.7458295460       311.3235058373       795.0445992873 
        1.2150000000         3.5500000000         1.7662211578       315.3605013327       825.4798409099 
        1.2200000000         3.5500000000         1.7407316430       318.8469974424       787.4357888816 
        1.2250000000         3.5500000000         1.7509274489       322.1499937569       802.6534096929 
        1.2300000000         3.5500000000         1.7432805945       326.3704890476       791.2401940844 
        1.2350000000         3.5500000000         1.7407316430       331.1414837241       787.4357888816 
        1.2400000000         3.5500000000         1.7509274489       334.9949794243       802.6534096929 
        1.2450000000         3.5500000000         1.7483784974       339.7659741008       798.8490044901 
        1.2500000000         3.5500000000         1.7560253519       343.9864693915       810.2622200986 
        1.2550001000         3.5500000000         1.7611232549       348.2069646822       817.8710305042 
        1.2600001000         3.5500000000         1.7509274489       352.2439601777       802.6534096929 
        1.2650001000         3.5500000000         1.7432805945       355.9139560826       791.2401940844 
        1.2700001000         3.5500000000         1.7585743034       359.9509515781       814.0666253014 
        1.2750000000         3.5500000000         1.7483784974       359.4004521924       798.8490044901 
        1.2800001000         3.5500000000         1.7432805945       359.2169523971       791.2401940844 
        1.2850000000         3.5500000000         1.7585743034        81.0312628004       814.0666253014 
        1.2900000000         3.5500000000         1.7534764004         0.1078530958       806.4578148957 
        1.2950000000         3.5500000000         1.7432805945        -0.2591464947       791.2401940844 
        1.3000000000         3.5500000000         1.7509274489         1.9428510483       802.6534096929 
        1.3050000000         3.5500000000         1.7432805945         6.1633463390       791.2401940844 
        1.3100000000         3.5500000000         1.7534764004         9.6498424487       806.4578148957 
        1.3150000000         3.5500000000         1.7330847885        13.8703377394       776.0225732731 
        1.3200000000         3.5500000000         1.7713190608        18.8248322111       833.0886513155 
        1.3250000000         3.5500000000         1.7611232549        22.8618277066       817.8710305042 
        1.3300000000         3.5500000000         1.7585743034        26.3483238163       814.0666253014 
        1.3350009000         3.5500000000         1.7534764004        30.9358186975       806.4578148957 
        1.3400000000         3.5500000000         1.7636722064        34.9728141930       821.6754357071 
        1.3450000000         3.5500000000         1.7636722064        38.4593103027       821.6754357071 
        1.3500000000         3.5500000000         1.7713190608        43.0468051839       833.0886513155 
        1.3550000000         3.5500000000         1.7560253519        47.0838006794       810.2622200986 
        1.3600000000         3.5500000000         1.7483784974        50.3867969939       798.8490044901 
        1.3650000000         3.5500000000         1.7713190608        54.2402926941       833.0886513155 
        1.3700000000         3.5500000000         1.7509274489        57.9102885991       802.6534096929 
        1.3750000000         3.5500000000         1.7534764004        61.9472840945       806.4578148957 
        1.3800000000         3.5500000000         1.7713190608        66.3512791805       833.0886513155 
        1.3850001000         3.5500000000         1.7636722064        70.0212750855       821.6754357071 
        1.3900001000         3.5500000000         1.7713190608        74.7922697619       833.0886513155 
        1.3950001000         3.5500000000         1.7662211578        78.0952660764       825.4798409099 
        1.4000000000         3.5500000000         1.7534764004        81.5817621861       806.4578148957 
        1.4050001000         3.5500000000         1.7713190608        85.9857572721       833.0886513155 
        1.4100000000         3.5500000000         1.7560253519        90.0227527676       810.2622200986 
        1.4150000000         3.5500000000         1.7891617212        94.2432480583       859.7194877354 
        1.4200000000         3.5500000000         1.7713190608        98.2802435537       833.0886513155 
        1.4250000000         3.5500000000         1.7789659153       101.7667396635       844.5018669240 
        1.4300000000         3.5500000000         1.7534764004       105.2532357732       806.4578148957 
        1.4350000000         3.5500000000         1.7687701093       109.6572308591       829.2842461127 
        1.4400000000         3.5500000000         1.7789659153       113.8777261499       844.5018669240 
        1.4450000000         3.5500000000         1.7662211578       117.5477220548       825.4798409099 
        1.4500000000         3.5500000000         1.7713190608       121.5847175503       833.0886513155 
        1.4550000000         3.5500000000         1.7687701093       126.1722124315       829.2842461127 
        1.4600000000         3.5500000000         1.7687701093       130.0257081317       829.2842461127 
        1.4650000000         3.5500000000         1.7713190608       133.5122042415       833.0886513155 
        1.4700000000         3.5500000000         1.7738680123       137.1822001464       836.8930565184 
        1.4750000000         3.5500000000         1.7585743034       141.7696950276       814.0666253014 
        1.4800000000         3.5500000000         1.7789659153       145.8066905231       844.5018669240 
        1.4850000000         3.5500000000         1.7611232549       149.8436860186       817.8710305042 
        1.4900000000         3.5500000000         1.7866127697       154.4311808998       855.9150825325 
        1.4950000000         3.5500000000         1.7611232549       157.7341772143       817.8710305042 
        1.5000000000         3.5500000000         1.7687701093       161.7711727097       829.2842461127 
        1.5050000000         3.5500000000         1.7636722064       166.1751677957       821.6754357071 
        1.5100001000         3.5500000000         1.7662211578       170.3956630864       825.4798409099 
        1.5150001000         3.5500000000         1.7662211578       174.4326585819       825.4798409099 
        1.5200001000         3.5500000000         1.7891617212       178.8366536678       859.7194877354 
        1.5250000000         3.5500000000         1.7534764004       182.3231497776       806.4578148957 
        1.5300001000         3.5500000000         1.7713190608       186.3601452730       833.0886513155 
        1.5350000000         3.5500000000         1.7560253519       190.2136409732       810.2622200986 
        1.5400001000         3.5500000000         1.7560253519       193.8836368782       810.2622200986 
        1.5450000000         3.5500000000         1.7662211578       197.7371325784       825.4798409099 
        1.5500000000         3.5500000000         1.7662211578       202.3246274596       825.4798409099 
        1.5550000000         3.5500000000         1.7611232549       206.7286225456       817.8710305042 
        1.5600000000         3.5500000000         1.7687701093       210.5821182458       829.2842461127 
        1.5650000000         3.5500000000         1.7611232549       214.0686143556       817.8710305042 
        1.5700010000         3.5500000000         1.7611232549       217.5551104653       817.8710305042 
        1.5750000000         3.5500000000         1.7560253519       221.4086061655       810.2622200986 
        1.5800000000         3.5500000000         1.7381826915       225.4456016610       783.6313836788 
        1.5850000000         3.5500000000         1.7738680123       230.0330965422       836.8930565184 
        1.5900000000         3.5500000000         1.7534764004       233.8865922424       806.4578148957 
        1.5950000000         3.5500000000         1.7687701093       238.2905873284       829.2842461127 
        1.6000000000         3.5500000000         1.7611232549       242.3275828238       817.8710305042 
        1.6050000000         3.5500000000         1.7483784974       245.6305791383       798.8490044901 
        1.6100000000         3.5500000000         1.7483784974       249.4840748385       798.8490044901 
        1.6150003000         3.5500000000         1.7560253519       253.1540707435       810.2622200986 
        1.6200000000         3.5500000000         1.7509274489       257.5580658294       802.6534096929 
        1.6250000000         3.5500000000         1.7509274489       261.7785611202       802.6534096929 
        1.6300000000         3.5500000000         1.7509274489       266.1825562061       802.6534096929 
        1.6350001000         3.5500000000         1.7381826915       269.6690523158       783.6313836788 
        1.6400001000         3.5500000000         1.7611232549       273.1555484256       817.8710305042 
        1.6450001000         3.5500000000         1.7356337400       277.1925439210       779.8269784759 
        1.6500000000         3.5500000000         1.7662211578       281.9635385975       825.4798409099 
        1.6550001000         3.5500000000         1.7432805945       285.6335345025       791.2401940844 
        1.6600000000         3.5500000000         1.7458295460       289.1200306122       795.0445992873 
        1.6650001000         3.5500000000         1.7407316430       294.0745250839       787.4357888816 
        1.6700000000         3.5500000000         1.7636722064       297.9280207841       821.6754357071 
        1.6750000000         3.5500000000         1.7432805945       301.5980166891       791.2401940844 
        1.6800000000         3.5500000000         1.7585743034       305.6350121846       814.0666253014 
        1.6850000000         3.5500000000         1.7483784974       310.4060068610       798.8490044901 
        1.6900000000         3.5500000000         1.7534764004       313.3420035850       806.4578148957 
        1.6950000000         3.5500000000         1.7611232549       317.9294984662       817.8710305042 
        1.7000000000         3.5500000000         1.7330847885       321.2324947807       776.0225732731 
        1.7050000000         3.5500000000         1.7458295460       325.8199896619       795.0445992873 
        1.7100000000         3.5500000000         1.7305358370       329.6734853621       772.2181680703 
        1.7150000000         3.5500000000         1.7560253519       333.8939806528       810.2622200986 
        1.7200000000         3.5500000000         1.7458295460       338.2979757388       795.0445992873 
        1.7250000000         3.5500000000         1.7560253519       342.1514714390       810.2622200986 
        1.7300000000         3.5500000000         1.7509274489       346.1884669345       802.6534096929 
        1.7350000000         3.5500000000         1.7432805945       350.5924620204       791.2401940844 
        1.7400000000         3.5500000000         1.7509274489       354.6294575159       802.6534096929 
        1.7450000000         3.5500000000         1.7611232549       358.8499528066       817.8710305042 
        1.7500000000         3.5500000000         1.7432805945       360.3179511686       791.2401940844 
        1.7550000000         3.5500000000         1.7560253519       359.7674517829       810.2622200986 
        1.7600001000         3.5500000000         1.7381826915        79.0127650526       783.6313836788 
        1.7650025000         3.5500000000         1.7585743034        -0.2591464947       814.0666253014 
        1.7700001000         3.5500000000         1.7381826915        -0.2591464947       783.6313836788 
        1.7750000000         3.5500000000         1.7560253519         1.2088518673       810.2622200986 
        1.7800001000         3.5500000000         1.7483784974         5.0623475675       798.8490044901 
        1.7850000000         3.5500000000         1.7764169638         9.6498424487       840.6974617212 
        1.7900001000         3.5500000000         1.7534764004        13.5033381489       806.4578148957 
        1.7950000000         3.5500000000         1.7560253519        17.5403336444       810.2622200986 
        1.8000000000         3.5500000000         1.7662211578        21.5773291399       825.4798409099 
        1.8050000000         3.5500000000         1.7509274489        25.6143246353       802.6534096929 
        1.8100000000         3.5500000000         1.7636722064        29.8348199260       821.6754357071 
        1.8150000000         3.5500000000         1.7713190608        34.4223148073       833.0886513155 
        1.8200000000         3.5500000000         1.7764169638        38.2758105075       840.6974617212 
        1.8250000000         3.5500000000         1.7662211578        41.7623066172       825.4798409099 
        1.8300002000         3.5500000000         1.7458295460        45.7993021127       795.0445992873 
        1.8350000000         3.5500000000         1.7713190608        49.8362976081       833.0886513155 
        1.8400000000         3.5500000000         1.7636722064        53.6897933084       821.6754357071 
        1.8450000000         3.5500000000         1.7585743034        57.5432890086       814.0666253014 
        1.8500000000         3.5500000000         1.7611232549        62.1307838898       817.8710305042 
        1.8550000000         3.5500000000         1.7764169638        66.7182787710       840.6974617212 
        1.8600000000         3.5500000000         1.7713190608        70.3882746760       833.0886513155 
        1.8650000000         3.5500000000         1.7840638182        74.4252701714       852.1106773297 
        1.8700000000         3.5500000000         1.7764169638        78.4622656669       840.6974617212 
        1.8750000000         3.5500000000         1.7764169638        82.1322615719       840.6974617212 
        1.8800000000         3.5500000000         1.7713190608        85.8022574768       833.0886513155 
        1.8850001000         3.5500000000         1.7662211578        89.8392529723       825.4798409099 
        1.8900001000         3.5500000000         1.7840638182        93.1422492868       852.1106773297 
        1.8950001000         3.5500000000         1.7636722064        97.5462443727       821.6754357071 
        1.9000006000         3.5500000000         1.7840638182       101.5832398682       852.1106773297 
        1.9050001000         3.5500000000         1.7585743034       105.6202353637       814.0666253014 
        1.9100000000         3.5500000000         1.7968085757       110.2077302449       871.1327033438 
        1.9150001000         3.5500000000         1.7662211578       113.3272267641       825.4798409099 
        1.9200000000         3.5500000000         1.7713190608       117.7312218501       833.0886513155 
        1.9250000000         3.5500000000         1.7713190608       121.7682173456       833.0886513155 
        1.9300003000         3.5500000000         1.7611232549       125.2547134553       817.8710305042 
        1.9350000000         3.5500000000         1.7764169638       129.4752087460       840.6974617212 
        1.9400000000         3.5500000000         1.7713190608       133.6957040367       833.0886513155 
        1.9450000000         3.5500000000         1.7713190608       137.9161993274       833.0886513155 
        1.9500000000         3.5500000000         1.7662211578       142.1366946181       825.4798409099 
        1.9550026000         3.5500000000         1.7662211578       145.8066905231       825.4798409099 
        1.9600000000         3.5500000000         1.7713190608       150.0271858138       833.0886513155 
        1.9650000000         3.5500000000         1.7917106727       154.6146806950       863.5238929382 
        1.9700000000         3.5500000000         1.7713190608       158.4681763953       833.0886513155 
        1.9750000000         3.5500000000         1.7789659153       162.8721714812       844.5018669240 
        1.9800000000         3.5500000000         1.7662211578       166.7256671814       825.4798409099 
        1.9850000000         3.5500000000         1.7738680123       170.9461624722       836.8930565184 
        1.9900000000         3.5500000000         1.7611232549       174.0656589914       817.8710305042 
        1.9950000000         3.5500000000         1.7789659153       178.8366536678       844.5018669240 
        2.0000000000         3.5500000000         1.7611232549       183.4241485491       817.8710305042 
        2.0050000000         3.5500000000         1.7713190608       187.2776442493       833.0886513155 
        2.0100000000         3.5500000000         1.7611232549       190.9476401542       817.8710305042 
        2.0150001000         3.5500000000         1.7636722064       194.6176360592       821.6754357071 
        2.0200001000         3.5500000000         1.7585743034       198.4711317594       814.0666253014 
        2.0250000000         3.5500000000         1.7560253519       202.5081272549       810.2622200986 
        2.0300000000         3.5500000000         1.7738680123       206.7286225456       836.8930565184 
        2.0350001000         3.5500000000         1.7636722064       210.9491178363       821.6754357071 
        2.0400001000         3.5500000000         1.7662211578       215.1696131270       825.4798409099 
        2.0450000000         3.5500000000         1.7713190608       219.0231088273       833.0886513155 
        2.0500000000         3.5500000000         1.7483784974       222.3261051417       798.8490044901 
        2.0550000000         3.5500000000         1.7585743034       225.9961010467       814.0666253014 
        2.0600000000         3.5500000000         1.7560253519       230.0330965422       810.2622200986 
        2.0650000000         3.5500000000         1.7585743034       234.4370916281       814.0666253014 
        2.0700000000         3.5500000000         1.7662211578       238.4740871236       825.4798409099 
        2.0750000000         3.5500000000         1.7534764004       242.8780822096       806.4578148957 
        2.0800000000         3.5500000000         1.7713190608       246.9150777050       833.0886513155 
        2.0850000000         3.5500000000         1.7534764004       250.4015738148       806.4578148957 
        2.0900000000         3.5500000000         1.7636722064       255.1725684912       821.6754357071 
        2.0950000000         3.5500000000         1.7534764004       258.2920650104       806.4578148957 
        2.1000000000         3.5500000000         1.7534764004       261.9620609154       806.4578148957 
        2.1050000000         3.5500000000         1.7458295460       265.9990564109       795.0445992873 
        2.1100000000         3.5500000000         1.7611232549       270.5865512921       817.8710305042 
        2.1150000000         3.5500000000         1.7381826915       274.0730474018       783.6313836788 
        2.1200000000         3.5500000000         1.7662211578       279.2110416688       825.4798409099 
        2.1250000000         3.5500000000         1.7483784974       282.5140379832       798.8490044901 
        2.1300000000         3.5500000000         1.7534764004       286.7345332740       806.4578148957 
        2.1350016000         3.5500000000         1.7713190608       290.9550285647       833.0886513155 
        2.1400001000         3.5500000000         1.7432805945       295.3590236506       791.2401940844 
        2.1450000000         3.5500000000         1.7713190608       299.7630187366       833.0886513155 
        2.1500000000         3.5500000000         1.7407316430       303.0660150511       787.4357888816 
        2.1550000000         3.5500000000         1.7585743034       307.1030105465       814.0666253014 
        2.1600001000         3.5500000000         1.7611232549       311.6905054278       817.8710305042 
        2.1650000000         3.5500000000         1.7713190608       315.9110007185       833.0886513155 
        2.1700000000         3.5500000000         1.7432805945       319.3974968282       791.2401940844 
        2.1750000000         3.5500000000         1.7458295460       323.2509925284       795.0445992873 
        2.1800001000         3.5500000000         1.7560253519       326.7374886381       810.2622200986 
        2.1850000000         3.5500000000         1.7432805945       330.9579839289       791.2401940844 
        2.1900000000         3.5500000000         1.7560253519       335.3619790148       810.2622200986 
        2.1950000000         3.5500000000         1.7611232549       339.7659741008       817.8710305042 
        2.2000000000         3.5500000000         1.7534764004       344.7204685725       806.4578148957 
        2.2050000000         3.5500000000         1.7713190608       348.3904644775       833.0886513155 
        2.2100000000         3.5500000000         1.7483784974       352.2439601777       798.8490044901 
        2.2150000000         3.5500000000         1.7509274489       356.2809556731       802.6534096929 
        2.2200000000         3.5500000000         1.7458295460       359.4004521924       795.0445992873 
        2.2250000000         3.5500000000         1.7636722064       359.9509515781       821.6754357071 
        2.2300000000         3.5500000000         1.7560253519        79.9302640289       810.2622200986 
        2.2350000000         3.5500000000         1.7636722064        79.7467642336       821.6754357071 
        2.2400000000         3.5500000000         1.7636722064         0.2913528910       821.6754357071 
        2.2450000000         3.5500000000         1.7636722064         0.4748526863       821.6754357071 
        2.2500000000         3.5500000000         1.7585743034         3.2273496150       814.0666253014 
        2.2550000000         3.5500000000         1.7713190608         7.2643451105       833.0886513155 
        2.2600000000         3.5500000000         1.7662211578        11.4848404012       825.4798409099 
        2.2650001000         3.5500000000         1.7636722064        15.8888354872       821.6754357071 
        2.2700008000         3.5500000000         1.7687701093        20.4763303684       829.2842461127 
        2.2750000000         3.5500000000         1.7611232549        24.1463262733       817.8710305042 
        2.2800000000         3.5500000000         1.7764169638        28.3668215641       840.6974617212 
        2.2850001000         3.5500000000         1.7662211578        31.8533176738       825.4798409099 
        2.2900000000         3.5500000000         1.7636722064        36.4408125550       821.6754357071 
        2.2950026000         3.5500000000         1.7713190608        40.2943082552       833.0886513155 
        2.3000000000         3.5500000000         1.7636722064        44.6983033412       821.6754357071 
        2.3050001000         3.5500000000         1.7662211578        48.9187986319       825.4798409099 
        2.3100000000         3.5500000000         1.7840638182        52.7722943321       852.1106773297 
        2.3150000000         3.5500000000         1.7713190608        57.1762894181       833.0886513155 
        2.3200000000         3.5500000000         1.7713190608        60.8462853230       833.0886513155 
        2.3250000000         3.5500000000         1.7840638182        64.8832808185       852.1106773297 
        2.3300039000         3.5500000000         1.7866127697        68.9202763140       855.9150825325 
        2.3350000000         3.5500000000         1.7738680123        73.1407716047       836.8930565184 
        2.3400000000         3.5500000000         1.7866127697        77.3612668954       855.9150825325 
        2.3450000000         3.5500000000         1.7713190608        81.0312628004       833.0886513155 
        2.3500000000         3.5500000000         1.7789659153        84.8847585006       844.5018669240 
        2.3550000000         3.5500000000         1.7815148668        88.7382542008       848.3062721269 
        2.3600000000         3.5500000000         1.7815148668        92.9587494915       848.3062721269 
        2.3650000000         3.5500000000         1.7713190608        96.9957449870       833.0886513155 
        2.3700000000         3.5500000000         1.7789659153       101.0327404825       844.5018669240 
        2.3750000000         3.5500000000         1.7738680123       104.5192365922       836.8930565184 
        2.3800000000         3.5500000000         1.7738680123       108.3727322924       836.8930565184 
        2.3850000000         3.5500000000         1.7789659153       112.9602271736       844.5018669240 
        2.3900001000         3.5500000000         1.7662211578       117.5477220548       825.4798409099 
        2.3950000000         3.5500000000         1.7815148668       121.5847175503       848.3062721269 
        2.4000000000         3.5500000000         1.7917106727       125.6217130458       863.5238929382 
        2.4050000000         3.5500000000         1.7789659153       129.2917089507       844.5018669240 
        2.4100001000         3.5500000000         1.7636722064       132.7782050605       821.6754357071 
        2.4150000000         3.5500000000         1.7764169638       136.9987003512       840.6974617212 
        2.4200000000         3.5500000000         1.7534764004       141.0356958466       806.4578148957 
        2.4250000000         3.5500000000         1.7866127697       145.8066905231       855.9150825325 
        2.4300001000         3.5500000000         1.7611232549       149.6601862233       817.8710305042 
        2.4350000000         3.5500000000         1.7968085757       154.2476811045       871.1327033438 
        2.4400000000         3.5500000000         1.7560253519       157.7341772143       810.2622200986 
        2.4450000000         3.5500000000         1.7840638182       162.1381723002       852.1106773297 
        2.4500000000         3.5500000000         1.7662211578       165.9916680004       825.4798409099 
        2.4550000000         3.5500000000         1.7789659153       170.9461624722       844.5018669240 
        2.4600000000         3.5500000000         1.7713190608       174.4326585819       833.0886513155 
        2.4650000000         3.5500000000         1.7636722064       178.1026544868       821.6754357071 
        2.4700005000         3.5500000000         1.7509274489       181.7726503918       802.6534096929 
        2.4750006000         3.5500000000         1.7713190608       185.8096458873       833.0886513155 
        2.4800000000         3.5500000000         1.7636722064       190.2136409732       821.6754357071 
        2.4850000000         3.5500000000         1.7611232549       194.6176360592       817.8710305042 
        2.4900000000         3.5500000000         1.7713190608       198.4711317594       833.0886513155 
        2.4950000000         3.5500000000         1.7560253519       202.5081272549       810.2622200986 
        2.5000000000         3.5500000000         1.7662211578       206.1781231599       825.4798409099 
        2.5050000000         3.5500000000         1.7560253519       210.2151186553       810.2622200986 
        2.5100000000         3.5500000000         1.7585743034       213.5181149698       814.0666253014 
        2.5150001000         3.5500000000         1.7483784974       217.7386102605       798.8490044901 
        2.5200000000         3.5500000000         1.7636722064       221.4086061655       821.6754357071 
        2.5250000000         3.5500000000         1.7381826915       225.2621018657       783.6313836788 
        2.5300000000         3.5500000000         1.7636722064       229.4825971564       821.6754357071 
        2.5350001000         3.5500000000         1.7407316430       232.9690932661       787.4357888816 
        2.5400000000         3.5500000000         1.7534764004       236.8225889664       806.4578148957 
        2.5450000000         3.5500000000         1.7407316430       240.8595844618       787.4357888816 
        2.5500000000         3.5500000000         1.7662211578       245.0800797525       825.4798409099 
        2.5550001000         3.5500000000         1.7509274489       249.4840748385       802.6534096929 
        2.5600000000         3.5500000000         1.7662211578       253.7045701292       825.4798409099 
        2.5650000000         3.5500000000         1.7407316430       257.3745660342       787.4357888816 
        2.5700000000         3.5500000000         1.7585743034       261.2280617344       814.0666253014 
        2.5750000000         3.5500000000         1.7458295460       264.8980576394       795.0445992873 
        2.5800000000         3.5500000000         1.7432805945       268.3845537491       791.2401940844 
        2.5850000000         3.5500000000         1.7560253519       272.2380494493       810.2622200986 
        2.5900000000         3.5500000000         1.7254379341       276.6420445353       764.6093576646 
        2.5950000000         3.5500000000         1.7636722064       281.0460396213       821.6754357071 
        2.6000000000         3.5500000000         1.7407316430       285.0830351167       787.4357888816 
        2.6050000000         3.5500000000         1.7611232549       288.5695312264       817.8710305042 
        2.6100000000         3.5500000000         1.7407316430       292.2395271314       787.4357888816 
        2.6150000000         3.5500000000         1.7534764004       296.4600224221       806.4578148957 
        2.6200000000         3.5500000000         1.7483784974       300.6805177128       798.8490044901 
        2.6250009000         3.5500000000         1.7585743034       304.7175132083       814.0666253014 
        2.6300000000         3.5500000000         1.7483784974       309.4885078848       798.8490044901 
        2.6350000000         3.5500000000         1.7585743034       313.3420035850       814.0666253014 
        2.6400001000         3.5500000000         1.7534764004       317.0119994900       806.4578148957 
        2.6450000000         3.5500000000         1.7432805945       320.6819953949       791.2401940844 
        2.6500000000         3.5500000000         1.7509274489       324.3519912999       802.6534096929 
        2.6550000000         3.5500000000         1.7534764004       329.1229859764       806.4578148957 
        2.6600021000         3.5500000000         1.7432805945       333.1599814718       791.2401940844 
        2.6650000000         3.5500000000         1.7509274489       337.9309761483       802.6534096929 
        2.6700000000         3.5500000000         1.7560253519       341.7844718485       810.2622200986 
        2.6750000000         3.5500000000         1.7534764004       345.6379675487       806.4578148957 
        2.6800001000         3.5500000000         1.7509274489       349.3079634537       802.6534096929 
        2.6850000000         3.5500000000         1.7560253519       353.8954583349       810.2622200986 
        2.6900000000         3.5500000000         1.7636722064       358.6664530114       821.6754357071 
        2.6950000000         3.5500000000         1.7407316430       359.4004521924       787.4357888816 
        2.7000000000         3.5500000000         1.7509274489       359.9509515781       802.6534096929 
        2.7050000000         3.5500000000         1.7611232549        79.5632644384       817.8710305042 
        2.7100000000         3.5500000000         1.7509274489        -0.2591464947       802.6534096929 
        2.7150000000         3.5500000000         1.7534764004         0.2913528910       806.4578148957 
        2.7200000000         3.5500000000         1.7611232549         0.6583524815       817.8710305042 
        2.7250000000         3.5500000000         1.7509274489         4.1448485913       802.6534096929 
        2.7300070000         3.5500000000         1.7815148668         9.0993430630       848.3062721269 
        2.7350000000         3.5500000000         1.7458295460        12.7693389679       795.0445992873 
        2.7400000000         3.5500000000         1.7534764004        16.9898342587       806.4578148957 
        2.7450000000         3.5500000000         1.7687701093        21.0268297541       829.2842461127 
        2.7500000000         3.5500000000         1.7636722064        25.4308248401       821.6754357071 
        2.7550000000         3.5500000000         1.7636722064        29.6513201308       821.6754357071 
        2.7600000000         3.5500000000         1.7789659153        33.6883156263       844.5018669240 
        2.7650001000         3.5500000000         1.7687701093        37.7253111217       829.2842461127 
        2.7700000000         3.5500000000         1.7713190608        41.3953070267       833.0886513155 
        2.7750021000         3.5500000000         1.7611232549        45.2488027269       817.8710305042 
        2.7800000000         3.5500000000         1.7713190608        49.4692980176       833.0886513155 
        2.7850001000         3.5500000000         1.7840638182        54.0567928989       852.1106773297 
        2.7900000000         3.5500000000         1.7636722064        58.2772881896       821.6754357071 
        2.7950000000         3.5500000000         1.7815148668        62.1307838898       848.3062721269 
        2.8000000000         3.5500000000         1.7764169638        65.4337802043       840.6974617212 
        2.8050001000         3.5500000000         1.7636722064        69.4707756997       821.6754357071 
        2.8100000000         3.5500000000         1.7636722064        73.3242713999       821.6754357071 
        2.8150000000         3.5500000000         1.7636722064        77.1777671002       821.6754357071 
        2.8200000000         3.5500000000         1.7917106727        81.5817621861       863.5238929382 
        2.8250000000         3.5500000000         1.7815148668        85.9857572721       848.3062721269 
        2.8300000000         3.5500000000         1.7713190608        89.4722533818       833.0886513155 
        2.8350000000         3.5500000000         1.7662211578        93.1422492868       825.4798409099 
        2.8400000000         3.5500000000         1.7687701093        97.1792447823       829.2842461127 
        2.8450000000         3.5500000000         1.7815148668       101.0327404825       848.3062721269 
        2.8500000000         3.5500000000         1.7738680123       105.6202353637       836.8930565184 
        2.8550000000         3.5500000000         1.7840638182       109.4737310639       852.1106773297 
        2.8600000000         3.5500000000         1.7611232549       113.5107265594       817.8710305042 
        2.8650000000         3.5500000000         1.7636722064       117.3642222596       821.6754357071 
        2.8700000000         3.5500000000         1.7738680123       121.7682173456       836.8930565184 
        2.8750000000         3.5500000000         1.7636722064       125.9887126363       821.6754357071 
        2.8800000000         3.5500000000         1.7687701093       129.4752087460       829.2842461127 
        2.8850000000         3.5500000000         1.7662211578       133.8792038320       825.4798409099 
        2.8900001000         3.5500000000         1.7713190608       137.9161993274       833.0886513155 
        2.8950017000         3.5500000000         1.7815148668       142.5036942086       848.3062721269 
        2.9000000000         3.5500000000         1.7840638182       146.7241894993       852.1106773297 
        2.9050000000         3.5500000000         1.7764169638       150.5776851996       840.6974617212 
        2.9100001000         3.5500000000         1.7662211578       154.2476811045       825.4798409099 
        2.9150000000         3.5500000000         1.7840638182       158.8351759858       852.1106773297 
        2.9200000000         3.5500000000         1.7840638182       162.6886716860       852.1106773297 
        2.9250000000         3.5500000000         1.7662211578       166.5421673862       825.4798409099 
        2.9300001000         3.5500000000         1.7789659153       170.5791628817       844.5018669240 
        2.9350000000         3.5500000000         1.7611232549       175.1666577629       817.8710305042 
        2.9400000000         3.5500000000         1.7840638182       178.6531538726       852.1106773297 
        2.9450002000         3.5500000000         1.7534764004       181.9561501871       806.4578148957 
        2.9500000000         3.5500000000         1.7866127697       187.2776442493       855.9150825325 
        2.9550000000         3.5500000000         1.7662211578       191.4981395400       825.4798409099 
        2.9600000000         3.5500000000         1.7585743034       194.9846356497       814.0666253014 
        2.9650000000         3.5500000000         1.7687701093       198.8381313499       829.2842461127 
        2.9700000000         3.5500000000         1.7585743034       202.5081272549       814.0666253014 
        2.9750042000         3.5500000000         1.7636722064       206.7286225456       821.6754357071 
        2.9800000000         3.5500000000         1.7738680123       211.3161174268       836.8930565184 
        2.9850002000         3.5500000000         1.7432805945       214.9861133318       791.2401940844 
        2.9900000000         3.5500000000         1.7840638182       218.6561092368       852.1106773297 
        2.9950000000         3.5500000000         1.7407316430       221.9591055512       787.4357888816 
        3.0000000000         3.5500000000         1.7636722064       226.5466004324       821.6754357071 
        3.0050023000         3.5500000000         1.7560253519       230.2165963374       810.2622200986 
        3.0100000000         3.5500000000         1.7560253519       234.8040912186       810.2622200986 
        3.0150025000         3.5500000000         1.7585743034       238.4740871236       814.0666253014 
        3.0200000000         3.5500000000         1.7534764004       242.5110826191       806.4578148957 
        3.0250000000         3.5500000000         1.7585743034       246.3645783193       814.0666253014 
        3.0300000000         3.5500000000         1.7534764004       250.2180740195       806.4578148957 
        3.0350001000         3.5500000000         1.7534764004       254.2550695150       806.4578148957 
        3.0400000000         3.5500000000         1.7407316430       258.2920650104       787.4357888816 
        3.0450000000         3.5500000000         1.7636722064       262.3290605059       821.6754357071 
        3.0500000000         3.5500000000         1.7407316430       266.1825562061       787.4357888816 
        3.0550001000         3.5500000000         1.7611232549       270.2195517016       817.8710305042 
        3.0600000000         3.5500000000         1.7356337400       274.2565471971       779.8269784759 
        3.0650000000         3.5500000000         1.7713190608       278.8440420783       833.0886513155 
        3.0700000000         3.5500000000         1.7611232549       282.5140379832       817.8710305042 
        3.0750001000         3.5500000000         1.7509274489       286.1840338882       802.6534096929 
        3.0800000000         3.5500000000         1.7611232549       290.4045291789       817.8710305042 
        3.0850000000         3.5500000000         1.7305358370       293.8910252887       772.2181680703 
        3.0900000000         3.5500000000         1.7611232549       298.2950203746       817.8710305042 
        3.0950017000         3.5500000000         1.7560253519       302.6990154606       810.2622200986 
        3.1000000000         3.5500000000         1.7534764004       306.5525111608       806.4578148957 
        3.1050000000         3.5500000000         1.7534764004       310.9565062468       806.4578148957 
        3.1100000000         3.5500000000         1.7458295460       314.4430023565       795.0445992873 
        3.1150000000         3.5500000000         1.7509274489       318.6634976472       802.6534096929 
        3.1200000000         3.5500000000         1.7534764004       322.1499937569       806.4578148957 
        3.1250018000         3.5500000000         1.7458295460       326.3704890476       795.0445992873 
        3.1300000000         3.5500000000         1.7585743034       330.9579839289       814.0666253014 
        3.1350000000         3.5500000000         1.7356337400       334.6279798338       779.8269784759 
        3.1400001000         3.5500000000         1.7636722064       339.5824743055       821.6754357071 
        3.1450000000         3.5500000000         1.7483784974       343.4359700057       798.8490044901 
        3.1500000000         3.5500000000         1.7611232549       348.0234648870       817.8710305042 
        3.1550000000         3.5500000000         1.7534764004       351.5099609967       806.4578148957 
        3.1600001000         3.5500000000         1.7636722064       356.4644554684       821.6754357071 
        3.1650000000         3.5500000000         1.7611232549       360.3179511686       817.8710305042 
        3.1700000000         3.5500000000         1.7636722064       360.3179511686       821.6754357071 
        3.1750000000         3.5500000000         1.7636722064       360.1344513734       821.6754357071 
        3.1800001000         3.5500000000         1.7560253519        79.5632644384       810.2622200986 
        3.1850000000         3.5500000000         1.7636722064        -0.0756466995       821.6754357071 
        3.1900000000         3.5500000000         1.7662211578        -0.0756466995       825.4798409099 
        3.1950000000         3.5500000000         1.7432805945         1.9428510483       791.2401940844 
        3.2000001000         3.5500000000         1.7585743034         6.3468461342       814.0666253014 
        3.2050000000         3.5500000000         1.7636722064        10.7508412202       821.6754357071 
        3.2100000000         3.5500000000         1.7636722064        14.7878367157       821.6754357071 
        3.2150000000         3.5500000000         1.7738680123        19.5588313921       836.8930565184 
        3.2200000000         3.5500000000         1.7764169638        23.9628264781       840.6974617212 
        3.2250000000         3.5500000000         1.7662211578        27.2658227926       825.4798409099 
        3.2300000000         3.5500000000         1.7611232549        31.4863180833       817.8710305042 
        3.2350000000         3.5500000000         1.7687701093        35.7068133740       829.2842461127 
        3.2400000000         3.5500000000         1.7687701093        39.3768092790       829.2842461127 
        3.2450000000         3.5500000000         1.7713190608        43.7808043649       833.0886513155 
        3.2500000000         3.5500000000         1.7585743034        47.6343000652       814.0666253014 
        3.2550000000         3.5500000000         1.7789659153        52.2217949464       844.5018669240 
        3.2600000000         3.5500000000         1.7611232549        55.1577916703       817.8710305042 
        3.2650001000         3.5500000000         1.7560253519        59.7452865516       810.2622200986 
        3.2700000000         3.5500000000         1.7917106727        64.1492816375       863.5238929382 
        3.2750000000         3.5500000000         1.7636722064        68.1862771330       821.6754357071 
        3.2800000000         3.5500000000         1.7611232549        71.8562730380       817.8710305042 
        3.2850001000         3.5500000000         1.7662211578        75.5262689429       825.4798409099 
        3.2900000000         3.5500000000         1.7713190608        79.1962648479       833.0886513155 
        3.2950000000         3.5500000000         1.7560253519        83.0497605481       810.2622200986 
        3.3000000000         3.5500000000         1.7662211578        87.0867560436       825.4798409099 
        3.3050001000         3.5500000000         1.7560253519        90.9402517438       810.2622200986 
        3.3100000000         3.5500000000         1.7713190608        94.9772472393       833.0886513155 
        3.3150000000         3.5500000000         1.7662211578        98.8307429395       825.4798409099 
        3.3200000000         3.5500000000         1.7738680123       103.4182378207       836.8930565184 
        3.3250001000         3.5500000000         1.7534764004       107.4552333162       806.4578148957 
        3.3300000000         3.5500000000         1.7917106727       111.6757286069       863.5238929382 
        3.3350000000         3.5500000000         1.7534764004       114.7952251261       806.4578148957 
        3.3400000000         3.5500000000         1.7993575272       119.3827200073       874.9371085467 
        3.3450000000         3.5500000000         1.7636722064       123.7867150933       821.6754357071 
        3.3500000000         3.5500000000         1.7789659153       127.4567109983       844.5018669240 
        3.3550000000         3.5500000000         1.7407316430       130.9432071080       787.4357888816 
        3.3600000000         3.5500000000         1.7789659153       135.3472021939       844.5018669240 
        3.3650000000         3.5500000000         1.7611232549       139.0171980989       817.8710305042 
        3.3700000000         3.5500000000         1.7560253519       142.8706937991       810.2622200986 
        3.3750000000         3.5500000000         1.7611232549       147.6416884756       817.8710305042 
        3.3800000000         3.5500000000         1.7458295460       151.6786839711       795.0445992873 
        3.3850000000         3.5500000000         1.7764169638       155.1651800808       840.6974617212 
        3.3900001000         3.5500000000         1.7662211578       160.3031743477       825.4798409099 
        3.3950000000         3.5500000000         1.7738680123       163.7896704575       836.8930565184 
        3.4000000000         3.5500000000         1.7534764004       167.8266659529       806.4578148957 
        3.4050000000         3.5500000000         1.7815148668       172.0471612436       848.3062721269 
        3.4100011000         3.5500000000         1.7636722064       175.9006569439       821.6754357071 
        3.4150000000         3.5500000000         1.7738680123       180.3046520298       836.8930565184 
        3.4200000000         3.5500000000         1.7636722064       184.1581477300       821.6754357071 
        3.4250000000         3.5500000000         1.7585743034       187.8281436350       814.0666253014 
        3.4300001000         3.5500000000         1.7432805945       191.6816393352       791.2401940844 
        3.4350000000         3.5500000000         1.7585743034       195.3516352402       814.0666253014 
        3.4400000000         3.5500000000         1.7636722064       199.5721305309       821.6754357071 
        3.4450000000         3.5500000000         1.7483784974       203.0586266406       798.8490044901 
        3.4500001000         3.5500000000         1.7509274489       207.4626217266       802.6534096929 
        3.4550000000         3.5500000000         1.7509274489       211.3161174268       802.6534096929 
        3.4600000000         3.5500000000         1.7611232549       215.7201125128       817.8710305042 
        3.4650000000         3.5500000000         1.7764169638       219.5736082130       840.6974617212 
        3.4700000000         3.5500000000         1.7381826915       223.0601043227       783.6313836788 
        3.4750000000         3.5500000000         1.7738680123       227.4640994087       836.8930565184 
        3.4800000000         3.5500000000         1.7432805945       230.4000961327       791.2401940844 
        3.4850000000         3.5500000000         1.7432805945       234.0700920376       791.2401940844 
        3.4900000000         3.5500000000         1.7560253519       238.4740871236       810.2622200986 
        3.4950000000         3.5500000000         1.7407316430       242.6945824143       787.4357888816 
        3.5000000000         3.5500000000         1.7662211578       246.9150777050       825.4798409099 
        3.5050000000         3.5500000000         1.7407316430       250.9520732005       787.4357888816 
        3.5100000000         3.5500000000         1.7687701093       254.4385693102       829.2842461127 
        3.5150001000         3.5500000000         1.7407316430       258.2920650104       787.4357888816 
        3.5200000000         3.5500000000         1.7611232549       262.6960600964       817.8710305042 
        3.5250000000         3.5500000000         1.7432805945       266.7330555919       791.2401940844 
        3.5300000000         3.5500000000         1.7509274489       270.7700510873       802.6534096929 
        3.5350006000         3.5500000000         1.7611232549       274.2565471971       817.8710305042 
        3.5400000000         3.5500000000         1.7458295460       278.1100428973       795.0445992873 
        3.5450000000         3.5500000000         1.7534764004       282.3305381880       806.4578148957 
        3.5500000000         3.5500000000         1.7458295460       286.1840338882       795.0445992873 
        3.5550001000         3.5500000000         1.7534764004       290.0375295884       806.4578148957 
        3.5600000000         3.5500000000         1.7509274489       294.2580248791       802.6534096929 
        3.5650000000         3.5500000000         1.7509274489       297.9280207841       802.6534096929 
        3.5700000000         3.5500000000         1.7560253519       302.8825152558       810.2622200986 
        3.5750001000         3.5500000000         1.7585743034       306.5525111608       814.0666253014 
        3.5800000000         3.5500000000         1.7407316430       310.9565062468       787.4357888816 
        3.5850000000         3.5500000000         1.7687701093       315.1770015375       829.2842461127 
        3.5900000000         3.5500000000         1.7560253519       319.2139970329       810.2622200986 
        3.5950000000         3.5500000000         1.7611232549       323.2509925284       817.8710305042 
        3.6000000000         3.5500000000         1.7534764004       326.7374886381       806.4578148957 
        3.6050000000         3.5500000000         1.7458295460       330.7744841336       795.0445992873 
        3.6100000000         3.5500000000         1.7611232549       335.5454788101       817.8710305042 
        3.6150000000         3.5500000000         1.7687701093       339.7659741008       829.2842461127 
        3.6200000000         3.5500000000         1.7534764004       343.4359700057       806.4578148957 
        3.6250000000         3.5500000000         1.7534764004       348.0234648870       806.4578148957 
        3.6300000000         3.5500000000         1.7636722064       352.2439601777       821.6754357071 
        3.6350000000         3.5500000000         1.7636722064       356.6479552636       821.6754357071 
        3.6400001000         3.5500000000         1.7534764004       359.5839519876       806.4578148957 
        3.6450000000         3.5500000000         1.7636722064       360.1344513734       821.6754357071 
        3.6500000000         3.5500000000         1.7636722064       359.0334526019       821.6754357071 
        3.6550000000         3.5500000000         1.7585743034        79.1962648479       814.0666253014 
        3.6600001000         3.5500000000         1.7662211578         0.2913528910       825.4798409099 
        3.6650000000         3.5500000000         1.7687701093         0.6583524815       829.2842461127 
        3.6700000000         3.5500000000         1.7713190608         3.2273496150       833.0886513155 
        3.6750000000         3.5500000000         1.7713190608         7.2643451105       833.0886513155 
        3.6800001000         3.5500000000         1.7636722064        10.9343410155       821.6754357071 
        3.6850019000         3.5500000000         1.7585743034        14.7878367157       814.0666253014 
        3.6900000000         3.5500000000         1.7738680123        19.3753315969       836.8930565184 
        3.6950000000         3.5500000000         1.7738680123        23.7793266828       836.8930565184 
        3.7000001000         3.5500000000         1.7636722064        27.6328223831       821.6754357071 
        3.7050000000         3.5500000000         1.7585743034        31.3028182880       814.0666253014 
        3.7100000000         3.5500000000         1.7891617212        36.4408125550       859.7194877354 
        3.7150000000         3.5500000000         1.7585743034        39.5603090742       814.0666253014 
        3.7200000000         3.5500000000         1.7662211578        43.5973045697       825.4798409099 
        3.7250000000         3.5500000000         1.7636722064        48.3682992461       821.6754357071 
        3.7300000000         3.5500000000         1.7815148668        52.2217949464       848.3062721269 
        3.7350000000         3.5500000000         1.7789659153        56.8092898276       844.5018669240 
        3.7400000000         3.5500000000         1.7738680123        60.8462853230       836.8930565184 
        3.7450000000         3.5500000000         1.7789659153        64.1492816375       844.5018669240 
        3.7500000000         3.5500000000         1.7713190608        68.9202763140       833.0886513155 
        3.7550000000         3.5500000000         1.7738680123        72.2232726285       836.8930565184 
        3.7600000000         3.5500000000         1.7917106727        76.9942673049       863.5238929382 
        3.7650001000         3.5500000000         1.7815148668        81.2147625956       848.3062721269 
        3.7700000000         3.5500000000         1.7789659153        84.8847585006       844.5018669240 
        3.7750000000         3.5500000000         1.7662211578        88.9217539961       825.4798409099 
        3.7800000000         3.5500000000         1.7840638182        92.4082501058       852.1106773297 
        3.7850001000         3.5500000000         1.7764169638        96.2617458060       840.6974617212 
        3.7900000000         3.5500000000         1.7738680123        99.7482419157       836.8930565184 
        3.7950000000         3.5500000000         1.7687701093       104.5192365922       829.2842461127 
        3.8000000000         3.5500000000         1.7713190608       108.3727322924       833.0886513155 
        3.8050001000         3.5500000000         1.7840638182       112.9602271736       852.1106773297 
        3.8100000000         3.5500000000         1.7738680123       116.4467232833       836.8930565184 
        3.8150000000         3.5500000000         1.7840638182       120.4837187788       852.1106773297 
        3.8200000000         3.5500000000         1.7789659153       124.5207142743       844.5018669240 
        3.8250001000         3.5500000000         1.7738680123       129.1082091555       836.8930565184 
        3.8300000000         3.5500000000         1.7789659153       133.3287044462       844.5018669240 
        3.8350000000         3.5500000000         1.7917106727       137.3656999417       863.5238929382 
        3.8400000000         3.5500000000         1.7585743034       140.8521960514       814.0666253014 
        3.8450000000         3.5500000000         1.7738680123       144.5221919564       836.8930565184 
        3.8500000000         3.5500000000         1.7687701093       148.9261870423       829.2842461127 
        3.8550000000         3.5500000000         1.7815148668       152.7796827425       848.3062721269 
        3.8600000000         3.5500000000         1.7662211578       157.3671776238       825.4798409099 
        3.8650000000         3.5500000000         1.7840638182       161.9546725050       852.1106773297 
        3.8700000000         3.5500000000         1.7611232549       165.8081682052       817.8710305042 
        3.8750000000         3.5500000000         1.7687701093       169.4781641102       829.2842461127 
        3.8800000000         3.5500000000         1.7636722064       173.5151596056       821.6754357071 
        3.8850000000         3.5500000000         1.7585743034       176.8181559201       814.0666253014 
        3.8900001000         3.5500000000         1.7713190608       181.7726503918       833.0886513155 
        3.8950000000         3.5500000000         1.7611232549       185.4426462968       817.8710305042 
        3.9000000000         3.5500000000         1.7738680123       189.8466413827       836.8930565184 
        3.9050000000         3.5500000000         1.7483784974       193.5166372877       798.8490044901 
        3.9100001000         3.5500000000         1.7636722064       196.8196336022       821.6754357071 
        3.9150000000         3.5500000000         1.7534764004       201.4071284834       806.4578148957 
        3.9200000000         3.5500000000         1.7560253519       205.6276237741       810.2622200986 
        3.9250000000         3.5500000000         1.7611232549       209.2976196791       817.8710305042 
        3.9300001000         3.5500000000         1.7560253519       212.9676155841       810.2622200986 
        3.9350000000         3.5500000000         1.7509274489       217.0046110795       802.6534096929 
        3.9400000000         3.5500000000         1.7534764004       220.4911071892       806.4578148957 
        3.9450000000         3.5500000000         1.7458295460       225.2621018657       795.0445992873 
        3.9500001000         3.5500000000         1.7662211578       228.7485979754       825.4798409099 
        3.9550000000         3.5500000000         1.7407316430       232.6020936757       787.4357888816 
        3.9600000000         3.5500000000         1.7636722064       236.6390891711       821.6754357071 
        3.9650000000         3.5500000000         1.7356337400       240.4925848713       779.8269784759 
        3.9700001000         3.5500000000         1.7509274489       244.3460805716       802.6534096929 
        3.9750000000         3.5500000000         1.7509274489       248.1995762718       802.6534096929 
        3.9800000000         3.5500000000         1.7636722064       252.4200715625       821.6754357071 
        3.9850000000         3.5500000000         1.7534764004       256.8240666485       806.4578148957 
        3.9900000000         3.5500000000         1.7662211578       260.6775623487       825.4798409099 
        3.9950000000         3.5500000000         1.7330847885       264.5310580489       776.0225732731 
