           Time[sec]           V_{cmd}[V]          V_{gyro}[V]          \theta[deg] \omega_{gyro}[deg/sec] 
        0.0000000000         1.7200000000         0.6319377466        88.7382542008      -867.3967774347 
        0.0050000000         1.7200000000         0.6268398436        88.7382542008      -875.0055878403 
        0.0100000000         1.7200000000         0.6217419407        88.0042550198      -882.6143982460 
        0.0150000000         1.7200000000         0.6191929892        88.1877548151      -886.4188034488 
        0.0200000000         1.7200000000         0.6242908922        88.0042550198      -878.8099930431 
        0.0250000000         1.7200000000         0.6191929892        86.5362566578      -886.4188034488 
        0.0300000000         1.7200000000         0.6242908922        85.9857572721      -878.8099930431 
        0.0350000000         1.7200000000         0.6242908922        85.0682582958      -878.8099930431 
        0.0400000000         1.7200000000         0.6293887951        83.7837597291      -871.2011826375 
        0.0450000000         1.7200000000         0.6268398436        82.6827609576      -875.0055878403 
        0.0500000000         1.7200000000         0.6217419407        81.3982623909      -882.6143982460 
        0.0550000000         1.7200000000         0.6242908922        80.1137638241      -878.8099930431 
        0.0600000000         1.7200000000         0.6191929892        78.4622656669      -886.4188034488 
        0.0650000000         1.7200000000         0.6293887951        77.3612668954      -871.2011826375 
        0.0700000000         1.7200000000         0.6191929892        74.7922697619      -886.4188034488 
        0.0750000000         1.7200000000         0.6242908922        73.6912709904      -878.8099930431 
        0.0800000000         1.7200000000         0.6268398436        72.0397728332      -875.0055878403 
        0.0850000000         1.7200000000         0.6242908922        70.3882746760      -878.8099930431 
        0.0900000000         1.7200000000         0.6344866981        68.9202763140      -863.5923722318 
        0.0950000000         1.7200000000         0.6191929892        65.9842795900      -886.4188034488 
        0.1000000000         1.7200000000         0.6242908922        64.8832808185      -878.8099930431 
        0.1050000000         1.7200000000         0.6319377466        63.2317826613      -867.3967774347 
        0.1100000000         1.7200000000         0.6293887951        61.3967847088      -871.2011826375 
        0.1150000000         1.7200000000         0.6319377466        58.8277875753      -867.3967774347 
        0.1200000000         1.7200000000         0.6191929892        56.6257900323      -886.4188034488 
        0.1250000000         1.7200000000         0.6217419407        54.7907920798      -882.6143982460 
        0.1300000000         1.7200000000         0.6242908922        52.0382951511      -878.8099930431 
        0.1350000000         1.7200000000         0.6217419407        50.0197974034      -882.6143982460 
        0.1400000000         1.7200000000         0.6217419407        48.5517990414      -882.6143982460 
        0.1450000000         1.7200000000         0.6242908922        46.1663017032      -878.8099930431 
        0.1500000000         1.7200000000         0.6217419407        43.2303049792      -882.6143982460 
        0.1550000000         1.7200000000         0.6293887951        41.5788068220      -871.2011826375 
        0.1600000000         1.7200000000         0.6293887951        39.5603090742      -871.2011826375 
        0.1650000000         1.7200000000         0.6293887951        37.3583115312      -871.2011826375 
        0.1700000000         1.7200000000         0.6217419407        34.2388150120      -882.6143982460 
        0.1750000000         1.7200000000         0.6242908922        32.2203172643      -878.8099930431 
        0.1800001000         1.7200000000         0.6293887951        30.2018195165      -871.2011826375 
        0.1850000000         1.7200000000         0.6242908922        27.6328223831      -878.8099930431 
        0.1900000000         1.7200000000         0.6191929892        25.2473250448      -886.4188034488 
        0.1950000000         1.7200000000         0.6242908922        23.4123270924      -878.8099930431 
        0.2000000000         1.7200000000         0.6191929892        19.9258309826      -886.4188034488 
        0.2050000000         1.7200000000         0.6268398436        17.9073332349      -875.0055878403 
        0.2100000000         1.7200000000         0.6293887951        15.8888354872      -871.2011826375 
        0.2150000000         1.7200000000         0.6166440377        12.0353397869      -890.2232086516 
        0.2200000000         1.7200000000         0.6242908922        10.3838416297      -878.8099930431 
        0.2250000000         1.7200000000         0.6191929892         7.2643451105      -886.4188034488 
        0.2300000000         1.7200000000         0.6242908922         5.6128469532      -878.8099930431 
        0.2350000000         1.7200000000         0.6242908922         2.8603500245      -878.8099930431 
        0.2400001000         1.7200000000         0.6293887951         1.2088518673      -871.2011826375 
        0.2450000000         1.7200000000         0.6191929892        -0.4426462900      -886.4188034488 
        0.2500000000         1.7200000000         0.6242908922         0.6583524815      -878.8099930431 
        0.2550000000         1.7200000000         0.6242908922         0.1078530958      -878.8099930431 
        0.2600000000         1.7200000000         0.6191929892        79.1962648479      -886.4188034488 
        0.2650000000         1.7200000000         0.6293887951        79.9302640289      -871.2011826375 
        0.2700000000         1.7200000000         0.6191929892       359.4004521924      -886.4188034488 
        0.2750000000         1.7200000000         0.6191929892       360.1344513734      -886.4188034488 
        0.2800000000         1.7200000000         0.6319377466       360.1344513734      -867.3967774347 
        0.2850000000         1.7200000000         0.6217419407       358.8499528066      -882.6143982460 
        0.2900001000         1.7200000000         0.6242908922       357.0149548541      -878.8099930431 
        0.2950000000         1.7200000000         0.6319377466       354.8129573112      -867.3967774347 
        0.3000000000         1.7200000000         0.6191929892       351.1429614062      -886.4188034488 
        0.3050000000         1.7200000000         0.6242908922       348.7574640680      -878.8099930431 
        0.3100000000         1.7200000000         0.6242908922       346.1884669345      -878.8099930431 
        0.3150000000         1.7200000000         0.6166440377       342.8854706200      -890.2232086516 
        0.3200000000         1.7200000000         0.6319377466       341.2339724628      -867.3967774347 
        0.3250000000         1.7200000000         0.6242908922       338.2979757388      -878.8099930431 
        0.3300000000         1.7200000000         0.6242908922       335.5454788101      -878.8099930431 
        0.3350000000         1.7200000000         0.6242908922       333.3434812671      -878.8099930431 
        0.3400000000         1.7200000000         0.6242908922       330.4074845431      -878.8099930431 
        0.3450000000         1.7200000000         0.6217419407       327.4714878191      -882.6143982460 
        0.3500001000         1.7200000000         0.6242908922       325.2694902761      -878.8099930431 
        0.3550000000         1.7200000000         0.6242908922       321.5994943712      -878.8099930431 
        0.3600000000         1.7200000000         0.6242908922       319.2139970329      -878.8099930431 
        0.3650000000         1.7200000000         0.6319377466       317.0119994900      -867.3967774347 
        0.3700000000         1.7200000000         0.6191929892       313.5255033802      -886.4188034488 
        0.3750000000         1.7200000000         0.6319377466       311.8740052230      -867.3967774347 
        0.3800000000         1.7200000000         0.6242908922       308.7545087038      -878.8099930431 
        0.3850000000         1.7200000000         0.6217419407       306.0020117751      -882.6143982460 
        0.3900000000         1.7200000000         0.6319377466       303.8000142321      -867.3967774347 
        0.3950000000         1.7200000000         0.6191929892       300.1300183271      -886.4188034488 
        0.4000000000         1.7200000000         0.6242908922       297.9280207841      -878.8099930431 
        0.4050000000         1.7200000000         0.6242908922       295.1755238554      -878.8099930431 
        0.4100000000         1.7200000000         0.6242908922       292.4230269267      -878.8099930431 
        0.4150001000         1.7200000000         0.6242908922       289.6705299979      -878.8099930431 
        0.4200001000         1.7200000000         0.6242908922       287.6520322502      -878.8099930431 
        0.4250000000         1.7200000000         0.6191929892       283.9820363452      -886.4188034488 
        0.4300000000         1.7200000000         0.6242908922       281.5965390070      -878.8099930431 
        0.4350000000         1.7200000000         0.6319377466       279.0275418735      -867.3967774347 
        0.4400000000         1.7200000000         0.6191929892       275.7245455590      -886.4188034488 
        0.4450000000         1.7200000000         0.6319377466       274.0730474018      -867.3967774347 
        0.4500000000         1.7200000000         0.6268398436       270.9535508826      -875.0055878403 
        0.4550000000         1.7200000000         0.6242908922       268.0175541586      -878.8099930431 
        0.4600000000         1.7200000000         0.6319377466       265.9990564109      -867.3967774347 
        0.4650000000         1.7200000000         0.6268398436       262.6960600964      -875.0055878403 
        0.4700000000         1.7200000000         0.6242908922       260.1270629629      -878.8099930431 
        0.4750001000         1.7200000000         0.6319377466       257.7415656247      -867.3967774347 
        0.4800000000         1.7200000000         0.6268398436       254.6220691055      -875.0055878403 
        0.4850000000         1.7200000000         0.6268398436       251.6860723815      -875.0055878403 
        0.4900000000         1.7200000000         0.6242908922       248.9335754528      -878.8099930431 
        0.4950000000         1.7200000000         0.6166440377       245.8140789335      -890.2232086516 
        0.5000000000         1.7200000000         0.6293887951       244.1625807763      -871.2011826375 
        0.5050000000         1.7200000000         0.6217419407       240.3090850761      -882.6143982460 
        0.5100000000         1.7200000000         0.6242908922       238.1070875331      -878.8099930431 
        0.5150000000         1.7200000000         0.6268398436       235.3545906044      -875.0055878403 
        0.5200010000         1.7200000000         0.6242908922       232.6020936757      -878.8099930431 
        0.5250000000         1.7200000000         0.6319377466       230.4000961327      -867.3967774347 
        0.5300000000         1.7200000000         0.6242908922       227.0970998182      -878.8099930431 
        0.5350000000         1.7200000000         0.6191929892       224.3446028895      -886.4188034488 
        0.5400000000         1.7200000000         0.6319377466       221.9591055512      -867.3967774347 
        0.5450000000         1.7200000000         0.6242908922       218.4726094415      -878.8099930431 
        0.5500000000         1.7200000000         0.6191929892       216.2706118985      -886.4188034488 
        0.5550000000         1.7200000000         0.6319377466       214.0686143556      -867.3967774347 
        0.5600000000         1.7200000000         0.6191929892       210.3986184506      -886.4188034488 
        0.5650000000         1.7200000000         0.6319377466       208.7471202933      -867.3967774347 
        0.5700001000         1.7200000000         0.6242908922       205.0771243884      -878.8099930431 
        0.5750001000         1.7200000000         0.6166440377       201.9576278691      -890.2232086516 
        0.5800001000         1.7200000000         0.6319377466       200.3061297119      -867.3967774347 
        0.5850000000         1.7200000000         0.6242908922       197.0031333974      -878.8099930431 
        0.5900000000         1.7200000000         0.6268398436       194.0671366735      -875.0055878403 
        0.5950000000         1.7200000000         0.6319377466       191.8651391305      -867.3967774347 
        0.6000000000         1.7200000000         0.6191929892       188.1951432255      -886.4188034488 
        0.6050000000         1.7200000000         0.6191929892       185.2591465015      -886.4188034488 
        0.6100004000         1.7200000000         0.6191929892       182.6901493681      -886.4188034488 
        0.6150000000         1.7200000000         0.6293887951       180.4881518251      -871.2011826375 
        0.6200000000         1.7200000000         0.6217419407       176.6346561249      -882.6143982460 
        0.6250000000         1.7200000000         0.6242908922       174.7996581724      -878.8099930431 
        0.6300000000         1.7200000000         0.6242908922       171.4966618579      -878.8099930431 
        0.6350000000         1.7200000000         0.6217419407       168.5606651339      -882.6143982460 
        0.6400000000         1.7200000000         0.6242908922       165.8081682052      -878.8099930431 
        0.6450000000         1.7200000000         0.6242908922       162.8721714812      -878.8099930431 
        0.6500000000         1.7200000000         0.6319377466       160.6701739382      -867.3967774347 
        0.6550000000         1.7200000000         0.6319377466       157.7341772143      -867.3967774347 
        0.6600000000         1.7200000000         0.6268398436       154.4311808998      -875.0055878403 
        0.6650000000         1.7200000000         0.6344866981       151.8621837663      -863.5923722318 
        0.6700000000         1.7200000000         0.6242908922       148.7426872471      -878.8099930431 
        0.6750000000         1.7200000000         0.6242908922       145.6231907279      -878.8099930431 
        0.6800000000         1.7200000000         0.6293887951       143.2376933896      -871.2011826375 
        0.6850000000         1.7200000000         0.6217419407       139.3841976894      -882.6143982460 
        0.6900000000         1.7200000000         0.6242908922       136.9987003512      -878.8099930431 
        0.6950001000         1.7200000000         0.6191929892       133.8792038320      -886.4188034488 
        0.7000001000         1.7200000000         0.6242908922       131.1267069032      -878.8099930431 
        0.7050001000         1.7200000000         0.6319377466       128.9247093602      -867.3967774347 
        0.7100000000         1.7200000000         0.6191929892       124.7042140695      -886.4188034488 
        0.7150000000         1.7200000000         0.6242908922       122.1352169360      -878.8099930431 
        0.7200000000         1.7200000000         0.6293887951       120.3002189836      -871.2011826375 
        0.7250000000         1.7200000000         0.6217419407       116.4467232833      -882.6143982460 
        0.7300000000         1.7200000000         0.6268398436       113.8777261499      -875.0055878403 
        0.7350000000         1.7200000000         0.6268398436       110.9417294259      -875.0055878403 
        0.7400000000         1.7200000000         0.6217419407       108.1892324972      -882.6143982460 
        0.7450000000         1.7200000000         0.6242908922       105.0697359779      -878.8099930431 
        0.7500000000         1.7200000000         0.6242908922       102.5007388445      -878.8099930431 
        0.7550000000         1.7200000000         0.6319377466        99.5647421205      -867.3967774347 
        0.7600000000         1.7200000000         0.6242908922        96.2617458060      -878.8099930431 
        0.7650000000         1.7200000000         0.6242908922        93.6927486725      -878.8099930431 
        0.7700000000         1.7200000000         0.6268398436        90.7567519486      -875.0055878403 
        0.7750000000         1.7200000000         0.6319377466        88.3712546103      -867.3967774347 
        0.7800000000         1.7200000000         0.6191929892        84.5177589101      -886.4188034488 
        0.7850000000         1.7200000000         0.6191929892        82.1322615719      -886.4188034488 
        0.7900000000         1.7200000000         0.6319377466        79.7467642336      -867.3967774347 
        0.7950000000         1.7200000000         0.6293887951        76.0767683287      -871.2011826375 
        0.8000000000         1.7200000000         0.6191929892        72.9572718094      -886.4188034488 
        0.8050000000         1.7200000000         0.6191929892        70.0212750855      -886.4188034488 
        0.8100000000         1.7200000000         0.6268398436        67.4522779520      -875.0055878403 
        0.8150000000         1.7200000000         0.6319377466        65.2502804090      -867.3967774347 
        0.8200001000         1.7200000000         0.6319377466        61.5802845040      -867.3967774347 
        0.8250001000         1.7200000000         0.6217419407        58.0937883943      -882.6143982460 
        0.8300001000         1.7200000000         0.6268398436        56.0752906466      -875.0055878403 
        0.8350000000         1.7200000000         0.6268398436        52.5887945369      -875.0055878403 
        0.8400000000         1.7200000000         0.6242908922        49.4692980176      -878.8099930431 
        0.8450000000         1.7200000000         0.6191929892        45.9828019079      -886.4188034488 
        0.8500000000         1.7200000000         0.6268398436        43.4138047744      -875.0055878403 
        0.8550000000         1.7200000000         0.6268398436        40.4778080505      -875.0055878403 
        0.8600000000         1.7200000000         0.6191929892        37.1748117360      -886.4188034488 
        0.8650000000         1.7200000000         0.6191929892        34.4223148073      -886.4188034488 
        0.8700000000         1.7200000000         0.6217419407        31.3028182880      -882.6143982460 
        0.8750000000         1.7200000000         0.6344866981        28.9173209498      -863.5923722318 
        0.8800000000         1.7200000000         0.6242908922        25.2473250448      -878.8099930431 
        0.8850000000         1.7200000000         0.6191929892        21.7608289351      -886.4188034488 
        0.8900000000         1.7200000000         0.6242908922        19.1918318016      -878.8099930431 
        0.8950000000         1.7200000000         0.6268398436        16.4393348729      -875.0055878403 
        0.9000000000         1.7200000000         0.6344866981        13.6868379442      -863.5923722318 
        0.9050000000         1.7200000000         0.6242908922         9.6498424487      -878.8099930431 
        0.9100000000         1.7200000000         0.6217419407         6.3468461342      -882.6143982460 
        0.9150000000         1.7200000000         0.6242908922         3.5943492055      -878.8099930431 
        0.9200000000         1.7200000000         0.6319377466         1.0253520720      -867.3967774347 
        0.9250000000         1.7200000000         0.6191929892        -0.4426462900      -886.4188034488 
        0.9300000000         1.7200000000         0.6242908922        -0.0756466995      -878.8099930431 
        0.9350000000         1.7200000000         0.6319377466         0.6583524815      -867.3967774347 
        0.9400000000         1.7200000000         0.6217419407        79.1962648479      -882.6143982460 
        0.9450001000         1.7200000000         0.6242908922       359.5839519876      -878.8099930431 
        0.9500001000         1.7200000000         0.6293887951       360.5014509639      -871.2011826375 
        0.9550001000         1.7200000000         0.6242908922       360.1344513734      -878.8099930431 
        0.9600000000         1.7200000000         0.6140950862       357.9324538304      -894.0276138545 
        0.9650000000         1.7200000000         0.6242908922       356.0974558779      -878.8099930431 
        0.9700000000         1.7200000000         0.6242908922       352.4274599729      -878.8099930431 
        0.9750000000         1.7200000000         0.6191929892       348.5739642727      -886.4188034488 
        0.9800000000         1.7200000000         0.6242908922       346.3719667297      -878.8099930431 
        0.9850000000         1.7200000000         0.6319377466       343.4359700057      -867.3967774347 
        0.9900000000         1.7200000000         0.6319377466       340.8669728723      -867.3967774347 
        0.9950000000         1.7200000000         0.6191929892       336.8299773768      -886.4188034488 
        1.0000000000         1.7200000000         0.6242908922       333.8939806528      -878.8099930431 
        1.0050000000         1.7200000000         0.6242908922       331.3249835193      -878.8099930431 
        1.0100001000         1.7200000000         0.6217419407       327.6549876144      -882.6143982460 
        1.0150000000         1.7200000000         0.6242908922       325.0859904809      -878.8099930431 
        1.0200001000         1.7200000000         0.6242908922       322.1499937569      -878.8099930431 
        1.0250000000         1.7200000000         0.6217419407       319.0304972377      -882.6143982460 
        1.0300000000         1.7200000000         0.6242908922       316.4615001042      -878.8099930431 
        1.0350000000         1.7200000000         0.6319377466       313.8925029707      -867.3967774347 
        1.0400000000         1.7200000000         0.6242908922       310.4060068610      -878.8099930431 
        1.0450000000         1.7200000000         0.6268398436       307.4700101370      -875.0055878403 
        1.0500000000         1.7200000000         0.6319377466       304.9010130036      -867.3967774347 
        1.0550000000         1.7200000000         0.6217419407       301.4145168938      -882.6143982460 
        1.0600000000         1.7200000000         0.6268398436       298.6620199651      -875.0055878403 
        1.0650000000         1.7200000000         0.6293887951       296.2765226269      -871.2011826375 
        1.0700000000         1.7200000000         0.6319377466       292.9735263124      -867.3967774347 
        1.0750000000         1.7200000000         0.6191929892       289.8540297932      -886.4188034488 
        1.0800000000         1.7200000000         0.6242908922       287.6520322502      -878.8099930431 
        1.0850000000         1.7200000000         0.6344866981       284.1655361405      -863.5923722318 
        1.0900000000         1.7200000000         0.6191929892       281.4130392118      -886.4188034488 
        1.0950000000         1.7200000000         0.6319377466       278.8440420783      -867.3967774347 
        1.1000000000         1.7200000000         0.6242908922       274.9905463781      -878.8099930431 
        1.1050000000         1.7200000000         0.6319377466       273.1555484256      -867.3967774347 
        1.1100000000         1.7200000000         0.6268398436       269.8525521111      -875.0055878403 
        1.1150000000         1.7200000000         0.6242908922       266.9165553871      -878.8099930431 
        1.1200000000         1.7200000000         0.6191929892       263.4300592774      -886.4188034488 
        1.1250000000         1.7200000000         0.6242908922       261.2280617344      -878.8099930431 
        1.1300000000         1.7200000000         0.6242908922       258.2920650104      -878.8099930431 
        1.1350001000         1.7200000000         0.6191929892       254.8055689007      -886.4188034488 
        1.1400000000         1.7200000000         0.6242908922       253.1540707435      -878.8099930431 
        1.1450001000         1.7200000000         0.6319377466       250.0345742243      -867.3967774347 
        1.1500000000         1.7200000000         0.6191929892       245.9975787288      -886.4188034488 
        1.1550001000         1.7200000000         0.6293887951       244.1625807763      -871.2011826375 
        1.1600000000         1.7200000000         0.6217419407       241.0430842571      -882.6143982460 
        1.1650000000         1.7200000000         0.6242908922       238.2905873284      -878.8099930431 
        1.1700000000         1.7200000000         0.6191929892       234.8040912186      -886.4188034488 
        1.1750000000         1.7200000000         0.6217419407       231.8680944947      -882.6143982460 
        1.1800000000         1.7200000000         0.6319377466       230.2165963374      -867.3967774347 
        1.1850000000         1.7200000000         0.6242908922       226.5466004324      -878.8099930431 
        1.1900000000         1.7200000000         0.6242908922       223.7941035037      -878.8099930431 
        1.1950000000         1.7200000000         0.6191929892       220.4911071892      -886.4188034488 
        1.2000000000         1.7200000000         0.6319377466       218.4726094415      -867.3967774347 
        1.2050000000         1.7200000000         0.6268398436       215.1696131270      -875.0055878403 
        1.2100000000         1.7200000000         0.6242908922       212.0501166078      -878.8099930431 
        1.2150000000         1.7200000000         0.6191929892       209.4811194743      -886.4188034488 
        1.2200000000         1.7200000000         0.6217419407       206.7286225456      -882.6143982460 
        1.2250000000         1.7200000000         0.6242908922       203.7926258216      -878.8099930431 
        1.2300000000         1.7200000000         0.6242908922       200.8566290977      -878.8099930431 
        1.2350000000         1.7200000000         0.6242908922       198.4711317594      -878.8099930431 
        1.2400000000         1.7200000000         0.6242908922       195.1681354450      -878.8099930431 
        1.2450000000         1.7200000000         0.6242908922       192.0486389257      -878.8099930431 
        1.2500000000         1.7200000000         0.6242908922       189.2961419970      -878.8099930431 
        1.2550000000         1.7200000000         0.6344866981       186.9106446588      -863.5923722318 
        1.2600001000         1.7200000000         0.6319377466       183.9746479348      -867.3967774347 
        1.2650000000         1.7200000000         0.6191929892       179.9376524393      -886.4188034488 
        1.2700001000         1.7200000000         0.6319377466       177.9191546916      -867.3967774347 
        1.2750000000         1.7200000000         0.6319377466       175.3501575581      -867.3967774347 
        1.2800001000         1.7200000000         0.6217419407       171.6801616531      -882.6143982460 
        1.2850000000         1.7200000000         0.6242908922       168.7441649292      -878.8099930431 
        1.2900000000         1.7200000000         0.6242908922       165.2576688194      -878.8099930431 
        1.2950000000         1.7200000000         0.6319377466       163.4226708670      -867.3967774347 
        1.3000000000         1.7200000000         0.6242908922       159.7526749620      -878.8099930431 
        1.3050000000         1.7200000000         0.6268398436       156.8166782380      -875.0055878403 
        1.3100000000         1.7200000000         0.6319377466       153.8806815140      -867.3967774347 
        1.3150000000         1.7200000000         0.6268398436       150.9446847901      -875.0055878403 
        1.3200000000         1.7200000000         0.6293887951       148.5591874518      -871.2011826375 
        1.3250000000         1.7200000000         0.6166440377       144.7056917516      -890.2232086516 
        1.3300000000         1.7200000000         0.6242908922       142.1366946181      -878.8099930431 
        1.3350000000         1.7200000000         0.6268398436       139.0171980989      -875.0055878403 
        1.3400000000         1.7200000000         0.6217419407       135.7142017844      -882.6143982460 
        1.3450000000         1.7200000000         0.6191929892       133.1452046510      -886.4188034488 
        1.3500000000         1.7200000000         0.6268398436       130.0257081317      -875.0055878403 
        1.3550000000         1.7200000000         0.6166440377       126.7227118173      -890.2232086516 
        1.3600000000         1.7200000000         0.6191929892       123.6032152980      -886.4188034488 
        1.3650000000         1.7200000000         0.6242908922       121.0342181646      -878.8099930431 
        1.3700000000         1.7200000000         0.6319377466       117.9147216453      -867.3967774347 
        1.3750000000         1.7200000000         0.6191929892       114.6117253309      -886.4188034488 
        1.3800000000         1.7200000000         0.6191929892       111.4922288116      -886.4188034488 
        1.3850001000         1.7200000000         0.6242908922       109.6572308591      -878.8099930431 
        1.3900000000         1.7200000000         0.6242908922       106.7212341352      -878.8099930431 
        1.3950001000         1.7200000000         0.6191929892       102.8677384350      -886.4188034488 
        1.4000000000         1.7200000000         0.6242908922       100.2987413015      -878.8099930431 
        1.4050001000         1.7200000000         0.6319377466        97.3627445775      -867.3967774347 
        1.4100000000         1.7200000000         0.6191929892        93.6927486725      -886.4188034488 
        1.4150000000         1.7200000000         0.6242908922        91.1237515391      -878.8099930431 
        1.4200000000         1.7200000000         0.6268398436        88.1877548151      -875.0055878403 
        1.4250000000         1.7200000000         0.6191929892        84.8847585006      -886.4188034488 
        1.4300000000         1.7200000000         0.6242908922        81.9487617766      -878.8099930431 
        1.4350000000         1.7200000000         0.6191929892        79.0127650526      -886.4188034488 
        1.4400000000         1.7200000000         0.6191929892        76.0767683287      -886.4188034488 
        1.4450000000         1.7200000000         0.6242908922        73.5077711952      -878.8099930431 
        1.4500000000         1.7200000000         0.6319377466        70.7552742665      -867.3967774347 
        1.4550000000         1.7200000000         0.6191929892        67.0852783615      -886.4188034488 
        1.4600000000         1.7200000000         0.6319377466        64.6997810233      -867.3967774347 
        1.4650000000         1.7200000000         0.6242908922        61.2132849135      -878.8099930431 
        1.4700000000         1.7200000000         0.6268398436        58.2772881896      -875.0055878403 
        1.4750000000         1.7200000000         0.6319377466        55.5247912608      -867.3967774347 
        1.4800000000         1.7200000000         0.6191929892        51.4877957654      -886.4188034488 
        1.4850000000         1.7200000000         0.6242908922        48.9187986319      -878.8099930431 
        1.4900000000         1.7200000000         0.6268398436        45.9828019079      -875.0055878403 
        1.4950000000         1.7200000000         0.6191929892        42.3128060029      -886.4188034488 
        1.5000000000         1.7200000000         0.6319377466        40.2943082552      -867.3967774347 
        1.5050000000         1.7200000000         0.6242908922        36.6243123502      -878.8099930431 
        1.5100001000         1.7200000000         0.6242908922        33.5048158310      -878.8099930431 
        1.5150000000         1.7200000000         0.6191929892        30.0183197213      -886.4188034488 
        1.5200001000         1.7200000000         0.6293887951        27.4493225878      -871.2011826375 
        1.5250000000         1.7200000000         0.6242908922        24.5133258638      -878.8099930431 
        1.5300001000         1.7200000000         0.6191929892        20.6598301636      -886.4188034488 
        1.5350000000         1.7200000000         0.6242908922        18.2743328254      -878.8099930431 
        1.5400001000         1.7200000000         0.6242908922        14.9713365109      -878.8099930431 
        1.5450000000         1.7200000000         0.6242908922        11.6683401964      -878.8099930431 
        1.5500000000         1.7200000000         0.6319377466         9.0993430630      -867.3967774347 
        1.5550000000         1.7200000000         0.6242908922         5.6128469532      -878.8099930431 
        1.5600000000         1.7200000000         0.6191929892         1.9428510483      -886.4188034488 
        1.5650000000         1.7200000000         0.6268398436         0.1078530958      -875.0055878403 
        1.5700000000         1.7200000000         0.6242908922        -0.0756466995      -878.8099930431 
        1.5750000000         1.7200000000         0.6268398436         0.6583524815      -875.0055878403 
        1.5800000000         1.7200000000         0.6293887951        79.7467642336      -871.2011826375 
        1.5850000000         1.7200000000         0.6191929892        79.5632644384      -886.4188034488 
        1.5900000000         1.7200000000         0.6191929892       359.4004521924      -886.4188034488 
        1.5950000000         1.7200000000         0.6319377466       360.1344513734      -867.3967774347 
        1.6000000000         1.7200000000         0.6242908922       360.1344513734      -878.8099930431 
        1.6050000000         1.7200000000         0.6242908922       357.3819544446      -878.8099930431 
        1.6100000000         1.7200000000         0.6319377466       354.6294575159      -867.3967774347 
        1.6150000000         1.7200000000         0.6268398436       351.5099609967      -875.0055878403 
        1.6200000000         1.7200000000         0.6242908922       347.8399650917      -878.8099930431 
        1.6250000000         1.7200000000         0.6191929892       344.7204685725      -886.4188034488 
        1.6300000000         1.7200000000         0.6319377466       342.5184710295      -867.3967774347 
        1.6350001000         1.7200000000         0.6242908922       338.8484751245      -878.8099930431 
        1.6400000000         1.7200000000         0.6242908922       335.7289786053      -878.8099930431 
        1.6450001000         1.7200000000         0.6319377466       333.1599814718      -867.3967774347 
        1.6500000000         1.7200000000         0.6242908922       329.8569851574      -878.8099930431 
        1.6550001000         1.7200000000         0.6242908922       326.7374886381      -878.8099930431 
        1.6600000000         1.7200000000         0.6268398436       323.8014919142      -875.0055878403 
        1.6650001000         1.7200000000         0.6268398436       320.8654951902      -875.0055878403 
        1.6700000000         1.7200000000         0.6217419407       317.7459986710      -882.6143982460 
        1.6750000000         1.7200000000         0.6242908922       315.5440011280      -878.8099930431 
        1.6800000000         1.7200000000         0.6268398436       311.8740052230      -875.0055878403 
        1.6850000000         1.7200000000         0.6242908922       308.9380084990      -878.8099930431 
        1.6900000000         1.7200000000         0.6319377466       306.7360109560      -867.3967774347 
        1.6950000000         1.7200000000         0.6191929892       302.6990154606      -886.4188034488 
        1.7000000000         1.7200000000         0.6242908922       300.3135181223      -878.8099930431 
        1.7050000000         1.7200000000         0.6242908922       297.1940216031      -878.8099930431 
        1.7100000000         1.7200000000         0.6242908922       294.0745250839      -878.8099930431 
        1.7150000000         1.7200000000         0.6319377466       291.3220281552      -867.3967774347 
        1.7200000000         1.7200000000         0.6242908922       288.3860314312      -878.8099930431 
        1.7250000000         1.7200000000         0.6242908922       285.2665349120      -878.8099930431 
        1.7300000000         1.7200000000         0.6242908922       282.5140379832      -878.8099930431 
        1.7350000000         1.7200000000         0.6217419407       279.5780412593      -882.6143982460 
        1.7400000000         1.7200000000         0.6319377466       277.3760437163      -867.3967774347 
        1.7450000000         1.7200000000         0.6319377466       274.4400469923      -867.3967774347 
        1.7500000000         1.7200000000         0.6191929892       270.7700510873      -886.4188034488 
        1.7550000000         1.7200000000         0.6268398436       267.8340543634      -875.0055878403 
        1.7600001000         1.7200000000         0.6217419407       264.5310580489      -882.6143982460 
        1.7650000000         1.7200000000         0.6319377466       262.5125603012      -867.3967774347 
        1.7700001000         1.7200000000         0.6242908922       259.2095639867      -878.8099930431 
        1.7750000000         1.7200000000         0.6191929892       256.2735672627      -886.4188034488 
        1.7800001000         1.7200000000         0.6242908922       253.3375705387      -878.8099930431 
        1.7850000000         1.7200000000         0.6344866981       250.7685734053      -863.5923722318 
        1.7900001000         1.7200000000         0.6242908922       247.2820772955      -878.8099930431 
        1.7950000000         1.7200000000         0.6217419407       244.5295803668      -882.6143982460 
        1.8000000000         1.7200000000         0.6268398436       241.7770834381      -875.0055878403 
        1.8050000000         1.7200000000         0.6268398436       238.6575869189      -875.0055878403 
        1.8100000000         1.7200000000         0.6242908922       235.9050899901      -878.8099930431 
        1.8150000000         1.7200000000         0.6242908922       232.9690932661      -878.8099930431 
        1.8200000000         1.7200000000         0.6242908922       230.2165963374      -878.8099930431 
        1.8250000000         1.7200000000         0.6242908922       227.2805996134      -878.8099930431 
        1.8300000000         1.7200000000         0.6242908922       224.5281026847      -878.8099930431 
        1.8350000000         1.7200000000         0.6166440377       221.0416065750      -890.2232086516 
        1.8400000000         1.7200000000         0.6370356496       218.6561092368      -859.7879670290 
        1.8450000000         1.7200000000         0.6242908922       215.7201125128      -878.8099930431 
        1.8500000000         1.7200000000         0.6242908922       213.1511153793      -878.8099930431 
        1.8550000000         1.7200000000         0.6191929892       209.6646192696      -886.4188034488 
        1.8600000000         1.7200000000         0.6191929892       206.9121223409      -886.4188034488 
        1.8650000000         1.7200000000         0.6217419407       204.5266250026      -882.6143982460 
        1.8700000000         1.7200000000         0.6319377466       202.1411276644      -867.3967774347 
        1.8750000000         1.7200000000         0.6191929892       198.4711317594      -886.4188034488 
        1.8800000000         1.7200000000         0.6268398436       195.9021346259      -875.0055878403 
        1.8850001000         1.7200000000         0.6319377466       193.5166372877      -867.3967774347 
        1.8900000000         1.7200000000         0.6319377466       190.5806405637      -867.3967774347 
        1.8950001000         1.7200000000         0.6191929892       186.7271448635      -886.4188034488 
        1.9000000000         1.7200000000         0.6242908922       184.3416475253      -878.8099930431 
        1.9050001000         1.7200000000         0.6242908922       181.4056508013      -878.8099930431 
        1.9100000000         1.7200000000         0.6217419407       177.9191546916      -882.6143982460 
        1.9150001000         1.7200000000         0.6217419407       175.3501575581      -882.6143982460 
        1.9200000000         1.7200000000         0.6293887951       173.1481600151      -871.2011826375 
        1.9250000000         1.7200000000         0.6242908922       169.6616639054      -878.8099930431 
        1.9300000000         1.7200000000         0.6217419407       166.5421673862      -882.6143982460 
        1.9350001000         1.7200000000         0.6166440377       163.7896704575      -890.2232086516 
        1.9400000000         1.7200000000         0.6242908922       160.3031743477      -878.8099930431 
        1.9450000000         1.7200000000         0.6268398436       157.7341772143      -875.0055878403 
        1.9500000000         1.7200000000         0.6166440377       154.4311808998      -890.2232086516 
        1.9550000000         1.7200000000         0.6319377466       151.8621837663      -867.3967774347 
        1.9600000000         1.7200000000         0.6293887951       148.9261870423      -871.2011826375 
        1.9650000000         1.7200000000         0.6242908922       145.8066905231      -878.8099930431 
        1.9700000000         1.7200000000         0.6242908922       142.3201944134      -878.8099930431 
        1.9750000000         1.7200000000         0.6242908922       140.1181968704      -878.8099930431 
        1.9800000000         1.7200000000         0.6242908922       136.8152005559      -878.8099930431 
        1.9850000000         1.7200000000         0.6293887951       133.8792038320      -871.2011826375 
        1.9900000000         1.7200000000         0.6268398436       130.9432071080      -875.0055878403 
        1.9950000000         1.7200000000         0.6217419407       127.4567109983      -882.6143982460 
        2.0000000000         1.7200000000         0.6293887951       125.0712136600      -871.2011826375 
        2.0050000000         1.7200000000         0.6217419407       121.9517171408      -882.6143982460 
        2.0100000000         1.7200000000         0.6242908922       119.1992202121      -878.8099930431 
        2.0150000000         1.7200000000         0.6191929892       115.5292243071      -886.4188034488 
        2.0200001000         1.7200000000         0.6319377466       113.5107265594      -867.3967774347 
        2.0250000000         1.7200000000         0.6217419407       109.8407306544      -882.6143982460 
        2.0300000000         1.7200000000         0.6191929892       106.5377343399      -886.4188034488 
        2.0350001000         1.7200000000         0.6293887951       104.8862361827      -871.2011826375 
        2.0400001000         1.7200000000         0.6242908922       100.6657408920      -878.8099930431 
        2.0450000000         1.7200000000         0.6344866981        98.0967437585      -863.5923722318 
        2.0500000000         1.7200000000         0.6191929892        95.1607470345      -886.4188034488 
        2.0550000000         1.7200000000         0.6268398436        92.4082501058      -875.0055878403 
        2.0600000000         1.7200000000         0.6217419407        88.9217539961      -882.6143982460 
        2.0650000000         1.7200000000         0.6293887951        87.0867560436      -871.2011826375 
        2.0700000000         1.7200000000         0.6268398436        83.4167601386      -875.0055878403 
        2.0750000000         1.7200000000         0.6191929892        80.1137638241      -886.4188034488 
        2.0800000000         1.7200000000         0.6293887951        78.0952660764      -871.2011826375 
        2.0850000000         1.7200000000         0.6242908922        74.4252701714      -878.8099930431 
        2.0900000000         1.7200000000         0.6217419407        71.3057736522      -882.6143982460 
        2.0950000000         1.7200000000         0.6319377466        68.9202763140      -867.3967774347 
        2.1000000000         1.7200000000         0.6191929892        65.0667806138      -886.4188034488 
        2.1050000000         1.7200000000         0.6217419407        62.3142836850      -882.6143982460 
        2.1100000000         1.7200000000         0.6319377466        59.9287863468      -867.3967774347 
        2.1150000000         1.7200000000         0.6217419407        56.0752906466      -882.6143982460 
        2.1200000000         1.7200000000         0.6166440377        52.5887945369      -890.2232086516 
        2.1250000000         1.7200000000         0.6268398436        49.8362976081      -875.0055878403 
        2.1300000000         1.7200000000         0.6242908922        47.0838006794      -878.8099930431 
        2.1350000000         1.7200000000         0.6191929892        43.9643041602      -886.4188034488 
        2.1400000000         1.7200000000         0.6242908922        40.6613078457      -878.8099930431 
        2.1450000000         1.7200000000         0.6217419407        37.1748117360      -882.6143982460 
        2.1500000000         1.7200000000         0.6242908922        35.1563139883      -878.8099930431 
        2.1550000000         1.7200000000         0.6242908922        31.4863180833      -878.8099930431 
        2.1600001000         1.7200000000         0.6242908922        28.1833217688      -878.8099930431 
        2.1650000000         1.7200000000         0.6242908922        25.4308248401      -878.8099930431 
        2.1700000000         1.7200000000         0.6217419407        22.1278285256      -882.6143982460 
        2.1750000000         1.7200000000         0.6191929892        18.8248322111      -886.4188034488 
        2.1800001000         1.7200000000         0.6319377466        16.2558350777      -867.3967774347 
        2.1850000000         1.7200000000         0.6191929892        12.5858391727      -886.4188034488 
        2.1900000000         1.7200000000         0.6242908922         9.8333422440      -878.8099930431 
        2.1950000000         1.7200000000         0.6242908922         6.3468461342      -878.8099930431 
        2.2000000000         1.7200000000         0.6242908922         3.0438498198      -878.8099930431 
        2.2050000000         1.7200000000         0.6242908922         0.6583524815      -878.8099930431 
        2.2100000000         1.7200000000         0.6242908922        -0.0756466995      -878.8099930431 
        2.2150000000         1.7200000000         0.6319377466         0.2913528910      -867.3967774347 
        2.2200000000         1.7200000000         0.6217419407        79.1962648479      -882.6143982460 
        2.2250000000         1.7200000000         0.6319377466        80.8477630051      -867.3967774347 
        2.2300000000         1.7200000000         0.6217419407       359.7674517829      -882.6143982460 
        2.2350000000         1.7200000000         0.6242908922       359.9509515781      -878.8099930431 
        2.2400000000         1.7200000000         0.6242908922       359.9509515781      -878.8099930431 
        2.2450000000         1.7200000000         0.6319377466       357.3819544446      -867.3967774347 
        2.2500000000         1.7200000000         0.6242908922       353.7119585397      -878.8099930431 
        2.2550000000         1.7200000000         0.6344866981       351.3264612014      -863.5923722318 
        2.2600000000         1.7200000000         0.6191929892       347.2894657060      -886.4188034488 
        2.2650000000         1.7200000000         0.6268398436       344.5369687772      -875.0055878403 
        2.2700000000         1.7200000000         0.6242908922       340.8669728723      -878.8099930431 
        2.2750000000         1.7200000000         0.6217419407       337.7474763530      -882.6143982460 
        2.2800000000         1.7200000000         0.6319377466       335.5454788101      -867.3967774347 
        2.2850001000         1.7200000000         0.6217419407       331.5084833146      -882.6143982460 
        2.2900000000         1.7200000000         0.6319377466       329.3064857716      -867.3967774347 
        2.2950000000         1.7200000000         0.6242908922       325.6364898666      -878.8099930431 
        2.3000000000         1.7200000000         0.6242908922       322.5169933474      -878.8099930431 
        2.3050001000         1.7200000000         0.6319377466       319.9479962139      -867.3967774347 
        2.3100000000         1.7200000000         0.6191929892       316.0945005137      -886.4188034488 
        2.3150000000         1.7200000000         0.6319377466       314.0760027660      -867.3967774347 
        2.3200000000         1.7200000000         0.6191929892       310.0390072705      -886.4188034488 
        2.3250000000         1.7200000000         0.6242908922       307.2865103418      -878.8099930431 
        2.3300000000         1.7200000000         0.6242908922       304.5340134131      -878.8099930431 
        2.3350000000         1.7200000000         0.6191929892       300.8640175081      -886.4188034488 
        2.3400000000         1.7200000000         0.6319377466       298.8455197604      -867.3967774347 
        2.3450000000         1.7200000000         0.6166440377       294.8085242649      -890.2232086516 
        2.3500000000         1.7200000000         0.6191929892       291.6890277457      -886.4188034488 
        2.3550000000         1.7200000000         0.6242908922       289.1200306122      -878.8099930431 
        2.3600000000         1.7200000000         0.6242908922       286.3675336835      -878.8099930431 
        2.3650000000         1.7200000000         0.6268398436       283.4315369595      -875.0055878403 
        2.3700000000         1.7200000000         0.6319377466       280.8625398260      -867.3967774347 
        2.3750000000         1.7200000000         0.6268398436       276.6420445353      -875.0055878403 
        2.3800000000         1.7200000000         0.6242908922       274.4400469923      -878.8099930431 
        2.3850000000         1.7200000000         0.6242908922       271.3205504731      -878.8099930431 
        2.3900000000         1.7200000000         0.6191929892       268.0175541586      -886.4188034488 
        2.3950000000         1.7200000000         0.6319377466       265.9990564109      -867.3967774347 
        2.4000000000         1.7200000000         0.6293887951       263.0630596869      -871.2011826375 
        2.4050022000         1.7200000000         0.6191929892       259.5765635772      -886.4188034488 
        2.4100001000         1.7200000000         0.6319377466       257.1910662390      -867.3967774347 
        2.4150000000         1.7200000000         0.6268398436       253.7045701292      -875.0055878403 
        2.4200000000         1.7200000000         0.6242908922       250.7685734053      -878.8099930431 
        2.4250000000         1.7200000000         0.6242908922       247.8325766813      -878.8099930431 
        2.4300001000         1.7200000000         0.6191929892       244.5295803668      -886.4188034488 
        2.4350000000         1.7200000000         0.6242908922       241.9605832333      -878.8099930431 
        2.4400000000         1.7200000000         0.6242908922       239.0245865093      -878.8099930431 
        2.4450000000         1.7200000000         0.6217419407       235.7215901949      -882.6143982460 
        2.4500000000         1.7200000000         0.6191929892       232.9690932661      -886.4188034488 
        2.4550000000         1.7200000000         0.6319377466       230.9505955184      -867.3967774347 
        2.4600000000         1.7200000000         0.6217419407       226.9136000229      -882.6143982460 
        2.4650000000         1.7200000000         0.6217419407       225.0786020705      -882.6143982460 
        2.4700000000         1.7200000000         0.6293887951       222.1426053465      -871.2011826375 
        2.4750000000         1.7200000000         0.6217419407       219.0231088273      -882.6143982460 
        2.4800000000         1.7200000000         0.6319377466       216.4541116938      -867.3967774347 
        2.4850000000         1.7200000000         0.6268398436       212.9676155841      -875.0055878403 
        2.4900000000         1.7200000000         0.6242908922       210.5821182458      -878.8099930431 
        2.4950000000         1.7200000000         0.6191929892       206.9121223409      -886.4188034488 
        2.5000000000         1.7200000000         0.6268398436       204.5266250026      -875.0055878403 
        2.5050000000         1.7200000000         0.6293887951       201.9576278691      -871.2011826375 
        2.5100000000         1.7200000000         0.6242908922       198.4711317594      -878.8099930431 
        2.5150000000         1.7200000000         0.6242908922       195.5351350355      -878.8099930431 
        2.5200000000         1.7200000000         0.6217419407       192.5991383115      -882.6143982460 
        2.5250000000         1.7200000000         0.6217419407       190.0301411780      -882.6143982460 
        2.5300000000         1.7200000000         0.6217419407       186.3601452730      -882.6143982460 
        2.5350001000         1.7200000000         0.6217419407       183.9746479348      -882.6143982460 
        2.5400000000         1.7200000000         0.6293887951       181.4056508013      -871.2011826375 
        2.5450000000         1.7200000000         0.6217419407       177.5521551011      -882.6143982460 
        2.5500000000         1.7200000000         0.6191929892       174.7996581724      -886.4188034488 
        2.5550001000         1.7200000000         0.6242908922       172.4141608341      -878.8099930431 
        2.5600000000         1.7200000000         0.6242908922       169.1111645197      -878.8099930431 
        2.5650000000         1.7200000000         0.6242908922       166.3586675909      -878.8099930431 
        2.5700000000         1.7200000000         0.6319377466       163.7896704575      -867.3967774347 
        2.5750000000         1.7200000000         0.6242908922       159.7526749620      -878.8099930431 
        2.5800000000         1.7200000000         0.6242908922       157.3671776238      -878.8099930431 
        2.5850000000         1.7200000000         0.6242908922       154.7981804903      -878.8099930431 
        2.5900000000         1.7200000000         0.6166440377       150.9446847901      -890.2232086516 
        2.5950000000         1.7200000000         0.6319377466       148.7426872471      -867.3967774347 
        2.6000000000         1.7200000000         0.6319377466       145.4396909326      -867.3967774347 
        2.6050000000         1.7200000000         0.6319377466       142.8706937991      -867.3967774347 
        2.6100000000         1.7200000000         0.6242908922       139.3841976894      -878.8099930431 
        2.6150000000         1.7200000000         0.6344866981       136.8152005559      -863.5923722318 
        2.6200000000         1.7200000000         0.6242908922       133.3287044462      -878.8099930431 
        2.6250000000         1.7200000000         0.6242908922       130.0257081317      -878.8099930431 
        2.6300000000         1.7200000000         0.6191929892       126.9062116125      -886.4188034488 
        2.6350000000         1.7200000000         0.6319377466       124.7042140695      -867.3967774347 
        2.6400000000         1.7200000000         0.6242908922       121.5847175503      -878.8099930431 
        2.6450000000         1.7200000000         0.6242908922       118.2817212358      -878.8099930431 
        2.6500000000         1.7200000000         0.6268398436       115.1622247166      -875.0055878403 
        2.6550000000         1.7200000000         0.6242908922       112.2262279926      -878.8099930431 
        2.6600001000         1.7200000000         0.6268398436       109.1067314734      -875.0055878403 
        2.6650000000         1.7200000000         0.6344866981       106.9047339304      -863.5923722318 
        2.6700000000         1.7200000000         0.6242908922       103.0512382302      -878.8099930431 
        2.6750000000         1.7200000000         0.6242908922       100.4822410967      -878.8099930431 
        2.6800001000         1.7200000000         0.6293887951        97.9132439632      -871.2011826375 
        2.6850000000         1.7200000000         0.6242908922        94.0597482630      -878.8099930431 
        2.6900000000         1.7200000000         0.6242908922        92.0412505153      -878.8099930431 
        2.6950000000         1.7200000000         0.6268398436        88.7382542008      -875.0055878403 
        2.7000000000         1.7200000000         0.6268398436        85.8022574768      -875.0055878403 
        2.7050000000         1.7200000000         0.6319377466        83.2332603434      -867.3967774347 
        2.7100000000         1.7200000000         0.6242908922        79.7467642336      -878.8099930431 
        2.7150000000         1.7200000000         0.6191929892        76.2602681239      -886.4188034488 
        2.7200000000         1.7200000000         0.6319377466        74.2417703762      -867.3967774347 
        2.7250000000         1.7200000000         0.6217419407        70.3882746760      -882.6143982460 
        2.7300000000         1.7200000000         0.6242908922        67.8192775425      -878.8099930431 
        2.7350000000         1.7200000000         0.6166440377        64.1492816375      -890.2232086516 
        2.7400000000         1.7200000000         0.6319377466        61.9472840945      -867.3967774347 
        2.7450000000         1.7200000000         0.6242908922        58.2772881896      -878.8099930431 
        2.7500000000         1.7200000000         0.6268398436        55.5247912608      -875.0055878403 
        2.7550000000         1.7200000000         0.6319377466        52.7722943321      -867.3967774347 
        2.7600000000         1.7200000000         0.6191929892        48.9187986319      -886.4188034488 
        2.7650000000         1.7200000000         0.6242908922        46.7168010889      -878.8099930431 
        2.7700000000         1.7200000000         0.6242908922        43.0468051839      -878.8099930431 
        2.7750000000         1.7200000000         0.6217419407        40.2943082552      -882.6143982460 
        2.7800000000         1.7200000000         0.6268398436        36.9913119407      -875.0055878403 
        2.7850001000         1.7200000000         0.6242908922        34.0553152168      -878.8099930431 
        2.7900000000         1.7200000000         0.6191929892        30.5688191070      -886.4188034488 
        2.7950000000         1.7200000000         0.6242908922        27.8163221783      -878.8099930431 
        2.8000000000         1.7200000000         0.6268398436        24.8803254543      -875.0055878403 
        2.8050001000         1.7200000000         0.6242908922        21.2103295494      -878.8099930431 
        2.8100009000         1.7200000000         0.6319377466        19.0083320064      -867.3967774347 
        2.8150000000         1.7200000000         0.6242908922        14.9713365109      -878.8099930431 
        2.8200000000         1.7200000000         0.6242908922        12.2188395822      -878.8099930431 
        2.8250000000         1.7200000000         0.6242908922         8.7323434725      -878.8099930431 
        2.8300000000         1.7200000000         0.6191929892         5.4293471580      -886.4188034488 
        2.8350000000         1.7200000000         0.6319377466         3.4108494103      -867.3967774347 
        2.8400000000         1.7200000000         0.6191929892        -0.0756466995      -886.4188034488 
        2.8450000000         1.7200000000         0.6293887951         0.1078530958      -871.2011826375 
        2.8500000000         1.7200000000         0.6217419407         0.1078530958      -882.6143982460 
        2.8550000000         1.7200000000         0.6242908922        79.1962648479      -878.8099930431 
        2.8600000000         1.7200000000         0.6268398436        79.1962648479      -875.0055878403 
        2.8650000000         1.7200000000         0.6191929892       359.4004521924      -886.4188034488 
        2.8700000000         1.7200000000         0.6242908922       359.9509515781      -878.8099930431 
        2.8750000000         1.7200000000         0.6319377466       360.5014509639      -867.3967774347 
        2.8800000000         1.7200000000         0.6191929892       357.0149548541      -886.4188034488 
        2.8850000000         1.7200000000         0.6217419407       353.3449589492      -882.6143982460 
        2.8900000000         1.7200000000         0.6319377466       351.3264612014      -867.3967774347 
        2.8950000000         1.7200000000         0.6191929892       347.2894657060      -886.4188034488 
        2.9000000000         1.7200000000         0.6268398436       345.2709679582      -875.0055878403 
        2.9050000000         1.7200000000         0.6242908922       341.2339724628      -878.8099930431 
        2.9100001000         1.7200000000         0.6191929892       337.7474763530      -886.4188034488 
        2.9150000000         1.7200000000         0.6242908922       335.1784792196      -878.8099930431 
        2.9200000000         1.7200000000         0.6319377466       332.4259822908      -867.3967774347 
        2.9250000000         1.7200000000         0.6217419407       328.5724865906      -882.6143982460 
        2.9300001000         1.7200000000         0.6268398436       325.8199896619      -875.0055878403 
        2.9350000000         1.7200000000         0.6319377466       323.4344923237      -867.3967774347 
        2.9400000000         1.7200000000         0.6217419407       319.5809966234      -882.6143982460 
        2.9450000000         1.7200000000         0.6242908922       316.6449998995      -878.8099930431 
        2.9500000000         1.7200000000         0.6217419407       313.8925029707      -882.6143982460 
        2.9550000000         1.7200000000         0.6242908922       310.9565062468      -878.8099930431 
        2.9600000000         1.7200000000         0.6344866981       308.2040093180      -863.5923722318 
        2.9650000000         1.7200000000         0.6242908922       304.5340134131      -878.8099930431 
        2.9700000000         1.7200000000         0.6217419407       301.4145168938      -882.6143982460 
        2.9750000000         1.7200000000         0.6242908922       299.3960191461      -878.8099930431 
        2.9800000000         1.7200000000         0.6217419407       295.3590236506      -882.6143982460 
        2.9850000000         1.7200000000         0.6191929892       292.7900265172      -886.4188034488 
        2.9900000000         1.7200000000         0.6319377466       290.0375295884      -867.3967774347 
        2.9950000000         1.7200000000         0.6268398436       286.5510334787      -875.0055878403 
        3.0000000000         1.7200000000         0.6268398436       283.6150367547      -875.0055878403 
        3.0050000000         1.7200000000         0.6319377466       281.0460396213      -867.3967774347 
        3.0100000000         1.7200000000         0.6242908922       277.7430433068      -878.8099930431 
        3.0150000000         1.7200000000         0.6191929892       274.2565471971      -886.4188034488 
        3.0200000000         1.7200000000         0.6191929892       271.8710498588      -886.4188034488 
        3.0250000000         1.7200000000         0.6242908922       268.7515533396      -878.8099930431 
        3.0300000000         1.7200000000         0.6217419407       265.2650572299      -882.6143982460 
        3.0350001000         1.7200000000         0.6293887951       263.4300592774      -871.2011826375 
        3.0400000000         1.7200000000         0.6242908922       259.9435631677      -878.8099930431 
        3.0450000000         1.7200000000         0.6166440377       256.6405668532      -890.2232086516 
        3.0500000000         1.7200000000         0.6242908922       253.8880699245      -878.8099930431 
        3.0550001000         1.7200000000         0.6242908922       251.3190727910      -878.8099930431 
        3.0600000000         1.7200000000         0.6319377466       248.3830760670      -867.3967774347 
        3.0650000000         1.7200000000         0.6217419407       244.5295803668      -882.6143982460 
        3.0700000000         1.7200000000         0.6242908922       242.6945824143      -878.8099930431 
        3.0750001000         1.7200000000         0.6242908922       239.0245865093      -878.8099930431 
        3.0800000000         1.7200000000         0.6319377466       236.8225889664      -867.3967774347 
        3.0850000000         1.7200000000         0.6319377466       233.3360928566      -867.3967774347 
        3.0900000000         1.7200000000         0.6191929892       230.2165963374      -886.4188034488 
        3.0950000000         1.7200000000         0.6319377466       228.0145987944      -867.3967774347 
        3.1000000000         1.7200000000         0.6242908922       224.5281026847      -878.8099930431 
        3.1050000000         1.7200000000         0.6268398436       221.7756057560      -875.0055878403 
        3.1100000000         1.7200000000         0.6242908922       219.0231088273      -878.8099930431 
        3.1150000000         1.7200000000         0.6217419407       215.5366127175      -882.6143982460 
        3.1200000000         1.7200000000         0.6242908922       212.9676155841      -878.8099930431 
        3.1250000000         1.7200000000         0.6217419407       210.2151186553      -882.6143982460 
        3.1300000000         1.7200000000         0.6319377466       207.6461215219      -867.3967774347 
        3.1350000000         1.7200000000         0.6242908922       204.5266250026      -878.8099930431 
        3.1400000000         1.7200000000         0.6191929892       201.4071284834      -886.4188034488 
        3.1450000000         1.7200000000         0.6319377466       198.4711317594      -867.3967774347 
        3.1500000000         1.7200000000         0.6191929892       194.9846356497      -886.4188034488 
        3.1550000000         1.7200000000         0.6268398436       192.4156385162      -875.0055878403 
        3.1600001000         1.7200000000         0.6293887951       190.0301411780      -871.2011826375 
        3.1650000000         1.7200000000         0.6242908922       186.1766454778      -878.8099930431 
        3.1700000000         1.7200000000         0.6293887951       183.9746479348      -871.2011826375 
        3.1750000000         1.7200000000         0.6319377466       180.4881518251      -867.3967774347 
        3.1800001000         1.7200000000         0.6191929892       177.1851555106      -886.4188034488 
        3.1850000000         1.7200000000         0.6268398436       174.7996581724      -875.0055878403 
        3.1900000000         1.7200000000         0.6319377466       171.6801616531      -867.3967774347 
        3.1950000000         1.7200000000         0.6191929892       168.1936655434      -886.4188034488 
        3.2000001000         1.7200000000         0.6242908922       165.6246684099      -878.8099930431 
        3.2050000000         1.7200000000         0.6242908922       163.0556712765      -878.8099930431 
        3.2100000000         1.7200000000         0.6319377466       159.5691751667      -867.3967774347 
        3.2150000000         1.7200000000         0.6268398436       156.4496786475      -875.0055878403 
        3.2200000000         1.7200000000         0.6191929892       153.1466823330      -886.4188034488 
        3.2250000000         1.7200000000         0.6166440377       150.3941854043      -890.2232086516 
        3.2300000000         1.7200000000         0.6191929892       147.0911890898      -886.4188034488 
        3.2350000000         1.7200000000         0.6242908922       144.3386921611      -878.8099930431 
        3.2400000000         1.7200000000         0.6319377466       141.7696950276      -867.3967774347 
        3.2450000000         1.7200000000         0.6242908922       138.6501985084      -878.8099930431 
        3.2500000000         1.7200000000         0.6242908922       135.3472021939      -878.8099930431 
        3.2550000000         1.7200000000         0.6191929892       131.8607060842      -886.4188034488 
        3.2600000000         1.7200000000         0.6191929892       128.7412095650      -886.4188034488 
        3.2650000000         1.7200000000         0.6242908922       126.1722124315      -878.8099930431 
        3.2700000000         1.7200000000         0.6191929892       122.5022165265      -886.4188034488 
        3.2750000000         1.7200000000         0.6242908922       120.3002189836      -878.8099930431 
        3.2800000000         1.7200000000         0.6293887951       117.1807224643      -871.2011826375 
        3.2850001000         1.7200000000         0.6319377466       114.9787249214      -867.3967774347 
        3.2900000000         1.7200000000         0.6191929892       110.9417294259      -886.4188034488 
        3.2950000000         1.7200000000         0.6268398436       108.7397318829      -875.0055878403 
        3.3000000000         1.7200000000         0.6242908922       104.7027363874      -878.8099930431 
        3.3050001000         1.7200000000         0.6191929892       101.9502394587      -886.4188034488 
        3.3100000000         1.7200000000         0.6242908922        99.7482419157      -878.8099930431 
        3.3150000000         1.7200000000         0.6242908922        96.2617458060      -878.8099930431 
        3.3200000000         1.7200000000         0.6191929892        92.9587494915      -886.4188034488 
        3.3250001000         1.7200000000         0.6191929892        89.8392529723      -886.4188034488 
        3.3300000000         1.7200000000         0.6242908922        87.2702558388      -878.8099930431 
        3.3350000000         1.7200000000         0.6242908922        84.3342591149      -878.8099930431 
        3.3400000000         1.7200000000         0.6319377466        82.1322615719      -867.3967774347 
        3.3450000000         1.7200000000         0.6319377466        79.0127650526      -867.3967774347 
        3.3500000000         1.7200000000         0.6268398436        75.5262689429      -875.0055878403 
        3.3550000000         1.7200000000         0.6242908922        72.4067724237      -878.8099930431 
        3.3600000000         1.7200000000         0.6242908922        70.0212750855      -878.8099930431 
        3.3650000000         1.7200000000         0.6242908922        66.3512791805      -878.8099930431 
        3.3700000000         1.7200000000         0.6268398436        63.4152824565      -875.0055878403 
        3.3750000000         1.7200000000         0.6191929892        59.5617867563      -886.4188034488 
        3.3800000000         1.7200000000         0.6242908922        57.5432890086      -878.8099930431 
        3.3850000000         1.7200000000         0.6268398436        54.0567928989      -875.0055878403 
        3.3900000000         1.7200000000         0.6319377466        50.9372963796      -867.3967774347 
        3.3950000000         1.7200000000         0.6242908922        48.0012996557      -878.8099930431 
        3.4000000000         1.7200000000         0.6319377466        45.4323025222      -867.3967774347 
        3.4050000000         1.7200000000         0.6242908922        41.9458064125      -878.8099930431 
        3.4100001000         1.7200000000         0.6293887951        38.6428100980      -871.2011826375 
        3.4150000000         1.7200000000         0.6166440377        34.9728141930      -890.2232086516 
        3.4200000000         1.7200000000         0.6242908922        32.7708166500      -878.8099930431 
        3.4250000000         1.7200000000         0.6242908922        29.4678203356      -878.8099930431 
        3.4300001000         1.7200000000         0.6319377466        26.8988232021      -867.3967774347 
        3.4350000000         1.7200000000         0.6191929892        22.8618277066      -886.4188034488 
        3.4400000000         1.7200000000         0.6191929892        19.9258309826      -886.4188034488 
        3.4450000000         1.7200000000         0.6242908922        17.1733340539      -878.8099930431 
        3.4500001000         1.7200000000         0.6268398436        14.4208371252      -875.0055878403 
        3.4550000000         1.7200000000         0.6242908922        10.9343410155      -878.8099930431 
        3.4600000000         1.7200000000         0.6268398436         7.8148444962      -875.0055878403 
        3.4650000000         1.7200000000         0.6217419407         3.7778490008      -882.6143982460 
        3.4700000000         1.7200000000         0.6217419407         1.2088518673      -882.6143982460 
        3.4750000000         1.7200000000         0.6242908922        -0.0756466995      -878.8099930431 
        3.4800000000         1.7200000000         0.6242908922        -0.2591464947      -878.8099930431 
        3.4850000000         1.7200000000         0.6242908922         0.2913528910      -878.8099930431 
        3.4900000000         1.7200000000         0.6217419407        79.7467642336      -882.6143982460 
        3.4950000000         1.7200000000         0.6191929892       357.3819544446      -886.4188034488 
        3.5000000000         1.7200000000         0.6242908922       359.7674517829      -878.8099930431 
        3.5050000000         1.7200000000         0.6293887951       360.5014509639      -871.2011826375 
        3.5100000000         1.7200000000         0.6166440377       359.0334526019      -890.2232086516 
        3.5150000000         1.7200000000         0.6191929892       356.8314550589      -886.4188034488 
        3.5200000000         1.7200000000         0.6319377466       354.0789581302      -867.3967774347 
        3.5250000000         1.7200000000         0.6268398436       350.4089622252      -875.0055878403 
        3.5300000000         1.7200000000         0.6191929892       346.9224661155      -886.4188034488 
        3.5350001000         1.7200000000         0.6242908922       344.1699691867      -878.8099930431 
        3.5400000000         1.7200000000         0.6344866981       341.6009720533      -863.5923722318 
        3.5450000000         1.7200000000         0.6319377466       337.9309761483      -867.3967774347 
        3.5500000000         1.7200000000         0.6217419407       334.4444800386      -882.6143982460 
        3.5550001000         1.7200000000         0.6242908922       331.8754829051      -878.8099930431 
        3.5600000000         1.7200000000         0.6319377466       329.1229859764      -867.3967774347 
        3.5650000000         1.7200000000         0.6217419407       325.6364898666      -882.6143982460 
        3.5700006000         1.7200000000         0.6319377466       323.2509925284      -867.3967774347 
        3.5750001000         1.7200000000         0.6191929892       319.7644964187      -886.4188034488 
        3.5800000000         1.7200000000         0.6242908922       316.8284996947      -878.8099930431 
        3.5850000000         1.7200000000         0.6268398436       313.8925029707      -875.0055878403 
        3.5900000000         1.7200000000         0.6191929892       310.4060068610      -886.4188034488 
        3.5950000000         1.7200000000         0.6242908922       308.0205095228      -878.8099930431 
        3.6000000000         1.7200000000         0.6242908922       304.7175132083      -878.8099930431 
        3.6050000000         1.7200000000         0.6191929892       301.5980166891      -886.4188034488 
        3.6100000000         1.7200000000         0.6293887951       298.8455197604      -871.2011826375 
        3.6150000000         1.7200000000         0.6319377466       296.4600224221      -867.3967774347 
        3.6200000000         1.7200000000         0.6217419407       292.6065267219      -882.6143982460 
        3.6250000000         1.7200000000         0.6217419407       289.4870302027      -882.6143982460 
        3.6300000000         1.7200000000         0.6319377466       287.6520322502      -867.3967774347 
        3.6350000000         1.7200000000         0.6242908922       283.9820363452      -878.8099930431 
        3.6400000000         1.7200000000         0.6217419407       280.8625398260      -882.6143982460 
        3.6450000000         1.7200000000         0.6217419407       278.1100428973      -882.6143982460 
        3.6500000000         1.7200000000         0.6293887951       275.9080453543      -871.2011826375 
        3.6550000000         1.7200000000         0.6319377466       272.4215492446      -867.3967774347 
        3.6600001000         1.7200000000         0.6242908922       269.4855525206      -878.8099930431 
        3.6650000000         1.7200000000         0.6319377466       267.1000551824      -867.3967774347 
        3.6700000000         1.7200000000         0.6166440377       263.2465594822      -890.2232086516 
        3.6750000000         1.7200000000         0.6217419407       260.8610621439      -882.6143982460 
        3.6800001000         1.7200000000         0.6319377466       258.2920650104      -867.3967774347 
        3.6850000000         1.7200000000         0.6242908922       254.4385693102      -878.8099930431 
        3.6900000000         1.7200000000         0.6268398436       251.3190727910      -875.0055878403 
        3.6950000000         1.7200000000         0.6319377466       249.6675746338      -867.3967774347 
        3.7000001000         1.7200000000         0.6217419407       245.6305791383      -882.6143982460 
        3.7050000000         1.7200000000         0.6242908922       243.4285815953      -878.8099930431 
        3.7100000000         1.7200000000         0.6319377466       241.0430842571      -867.3967774347 
        3.7150000000         1.7200000000         0.6242908922       237.7400879426      -878.8099930431 
        3.7200000000         1.7200000000         0.6217419407       234.2535918329      -882.6143982460 
        3.7250000000         1.7200000000         0.6319377466       232.2350940852      -867.3967774347 
        3.7300000000         1.7200000000         0.6242908922       228.9320977707      -878.8099930431 
        3.7350000000         1.7200000000         0.6191929892       225.9961010467      -886.4188034488 
        3.7400000000         1.7200000000         0.6217419407       222.8766045275      -882.6143982460 
        3.7450000000         1.7200000000         0.6319377466       220.8581067797      -867.3967774347 
        3.7500000000         1.7200000000         0.6242908922       216.8211112843      -878.8099930431 
        3.7550000000         1.7200000000         0.6217419407       214.6191137413      -882.6143982460 
        3.7600000000         1.7200000000         0.6242908922       211.6831170173      -878.8099930431 
        3.7650000000         1.7200000000         0.6217419407       208.9306200886      -882.6143982460 
        3.7700000000         1.7200000000         0.6319377466       206.5451227504      -867.3967774347 
        3.7750000000         1.7200000000         0.6268398436       203.2421264359      -875.0055878403 
        3.7800000000         1.7200000000         0.6242908922       200.1226299167      -878.8099930431 
        3.7850001000         1.7200000000         0.6319377466       197.7371325784      -867.3967774347 
        3.7900000000         1.7200000000         0.6217419407       194.0671366735      -882.6143982460 
        3.7950000000         1.7200000000         0.6217419407       191.4981395400      -882.6143982460 
        3.8000000000         1.7200000000         0.6268398436       188.5621428160      -875.0055878403 
        3.8050001000         1.7200000000         0.6191929892       184.8921469110      -886.4188034488 
        3.8100000000         1.7200000000         0.6242908922       183.0571489586      -878.8099930431 
        3.8150000000         1.7200000000         0.6268398436       179.7541526441      -875.0055878403 
        3.8200000000         1.7200000000         0.6242908922       176.8181559201      -878.8099930431 
        3.8250001000         1.7200000000         0.6319377466       174.0656589914      -867.3967774347 
        3.8300000000         1.7200000000         0.6217419407       170.9461624722      -882.6143982460 
        3.8350000000         1.7200000000         0.6242908922       167.8266659529      -878.8099930431 
        3.8400000000         1.7200000000         0.6242908922       164.8906692290      -878.8099930431 
        3.8450000000         1.7200000000         0.6242908922       162.1381723002      -878.8099930431 
        3.8500000000         1.7200000000         0.6242908922       158.8351759858      -878.8099930431 
        3.8550000000         1.7200000000         0.6217419407       156.0826790570      -882.6143982460 
        3.8600000000         1.7200000000         0.6217419407       152.5961829473      -882.6143982460 
        3.8650000000         1.7200000000         0.6191929892       149.8436860186      -886.4188034488 
        3.8700000000         1.7200000000         0.6242908922       146.9076892946      -878.8099930431 
        3.8750000000         1.7200000000         0.6242908922       143.9716925706      -878.8099930431 
        3.8800000000         1.7200000000         0.6319377466       141.0356958466      -867.3967774347 
        3.8850000000         1.7200000000         0.6242908922       137.9161993274      -878.8099930431 
        3.8900000000         1.7200000000         0.6319377466       135.1637023987      -867.3967774347 
        3.8950000000         1.7200000000         0.6140950862       131.6772062890      -894.0276138545 
        3.9000000000         1.7200000000         0.6217419407       129.1082091555      -882.6143982460 
        3.9050000000         1.7200000000         0.6242908922       125.8052128410      -878.8099930431 
        3.9100001000         1.7200000000         0.6115461347       122.5022165265      -897.8320190573 
        3.9150000000         1.7200000000         0.6191929892       119.5662198026      -886.4188034488 
        3.9200000000         1.7200000000         0.6242908922       116.9972226691      -878.8099930431 
        3.9250000000         1.7200000000         0.6242908922       114.2447257404      -878.8099930431 
        3.9300001000         1.7200000000         0.6242908922       110.9417294259      -878.8099930431 
        3.9350000000         1.7200000000         0.6217419407       108.1892324972      -882.6143982460 
        3.9400000000         1.7200000000         0.6344866981       105.6202353637      -863.5923722318 
        3.9450000000         1.7200000000         0.6242908922       101.9502394587      -878.8099930431 
        3.9500001000         1.7200000000         0.6242908922        99.0142427347      -878.8099930431 
        3.9550000000         1.7200000000         0.6217419407        96.2617458060      -882.6143982460 
        3.9600000000         1.7200000000         0.6217419407        93.3257490820      -882.6143982460 
        3.9650000000         1.7200000000         0.6293887951        90.2062525628      -871.2011826375 
        3.9700000000         1.7200000000         0.6242908922        87.2702558388      -878.8099930431 
        3.9750000000         1.7200000000         0.6319377466        85.0682582958      -867.3967774347 
        3.9800000000         1.7200000000         0.6242908922        81.0312628004      -878.8099930431 
        3.9850000000         1.7200000000         0.6217419407        78.2787658717      -882.6143982460 
        3.9900000000         1.7200000000         0.6319377466        75.7097687382      -867.3967774347 
        3.9950000000         1.7200000000         0.6319377466        72.2232726285      -867.3967774347 
