           Time[sec]           V_{cmd}[V]          V_{gyro}[V]          \theta[deg] \omega_{gyro}[deg/sec] 
        0.0000000000         3.9700000000         1.2130986854       172.4141608341        -0.0608704832 
        0.0050000000         3.9700000000         1.2130986854       173.3316598104        -0.0608704832 
        0.0100000000         3.9700000000         1.2054518309       172.0471612436       -11.4740860917 
        0.0150000000         3.9700000000         1.3150567448       173.1481600151       152.1153376299 
        0.0200000000         3.9700000000         1.5393644756       174.6161583771       486.9029954789 
        0.0250018000         3.9700000000         1.4781896399       177.5521551011       395.5972706110 
        0.0300000000         3.9700000000         1.5189728637       179.2036532583       456.4677538563 
        0.0350000000         3.9700000000         1.5750497964       181.5891505966       540.1646683185 
        0.0400000000         3.9700000000         1.5750497964       184.5251473205       540.1646683185 
        0.0450000000         3.9700000000         1.5903435053       186.9106446588       562.9910995355 
        0.0500000000         3.9700000000         1.6515183410       190.5806405637       654.2968244034 
        0.0550000000         3.9700000000         1.6642630984       194.4341362640       673.3188504175 
        0.0600000000         3.9700000000         1.6489693895       197.1866331927       650.4924192006 
        0.0650000000         3.9700000000         1.6948505162       200.1226299167       718.9717128515 
        0.0700000000         3.9700000000         1.6897526133       203.9761256169       711.3629024458 
        0.0750000000         3.9700000000         1.6948505162       207.4626217266       718.9717128515 
        0.0800000000         3.9700000000         1.7254379341       211.1326176316       764.6245752854 
        0.0850000000         3.9700000000         1.7228889826       214.2521141508       760.8201700826 
        0.0900036000         3.9700000000         1.7534764004       219.2066086225       806.4730325165 
        0.0950000000         3.9700000000         1.7458295460       222.1426053465       795.0598169081 
        0.1000000000         3.9700000000         1.7509274489       226.5466004324       802.6686273137 
        0.1050036000         3.9700000000         1.7636722064       230.2165963374       821.6906533279 
        0.1100000000         3.9700000000         1.7815148668       235.1710908091       848.3214897477 
        0.1150000000         3.9700000000         1.7840638182       238.6575869189       852.1258949505 
        0.1200000000         3.9700000000         1.7789659153       243.0615820048       844.5170845448 
        0.1250000000         3.9700000000         1.8121022846       247.4655770908       893.9743521816 
        0.1300000000         3.9700000000         1.8044554301       252.4200715625       882.5611365731 
        0.1350000000         3.9700000000         1.8197491390       256.4570670580       905.3875677901 
        0.1400000000         3.9700000000         1.8146512361       260.6775623487       897.7787573845 
        0.1450000000         3.9700000000         1.8248470420       265.4485570251       912.9963781958 
        0.1500000000         3.9700000000         1.8273959935       269.3020527254       916.8007833986 
        0.1550000000         3.9700000000         1.8477876054       274.9905463781       947.2360250212 
        0.1600000000         3.9700000000         1.8426897024       278.2935426925       939.6272146156 
        0.1650000000         3.9700000000         1.8375917995       283.0645373690       932.0184042099 
        0.1700000000         3.9700000000         1.8579834113       288.9365308169       962.4536458326 
        0.1750039000         3.9700000000         1.8528855084       292.9735263124       954.8448354269 
        0.1800001000         3.9700000000         1.8630813143       297.3775213984       970.0624562382 
        0.1850000000         3.9700000000         1.8452386539       303.2495148463       943.4316198184 
        0.1900000000         3.9700000000         1.8707281688       307.2865103418       981.4756718467 
        0.1950000000         3.9700000000         1.8834729262       312.9750039945      1000.4976978608 
        0.2000000000         3.9700000000         1.8783750232       317.5624988757       992.8888874552 
        0.2050000000         3.9700000000         1.8758260717       321.9664939617       989.0844822524 
        0.2100001000         3.9700000000         1.8732771203       328.0219872049       985.2800770495 
        0.2150000000         3.9700000000         1.9013155866       332.6094820861      1027.1285342806 
        0.2200000000         3.9700000000         1.8860218777       338.1144759435      1004.3021030637 
        0.2250000000         3.9700000000         1.9064134896       343.4359700057      1034.7373446863 
        0.2300022000         3.9700000000         1.8809239747       347.6564652965       996.6932926580 
        0.2350000000         3.9700000000         1.8911197807       353.3449589492      1011.9109134693 
        0.2400011000         3.9700000000         1.9140603440       359.0334526019      1046.1505602948 
        0.2450000000         3.9700000000         1.9089624411       360.1344513734      1038.5417498891 
        0.2500000000         3.9700000000         1.8936687321        79.9302640289      1015.7153186722 
        0.2550000000         3.9700000000         1.9115113925        -0.0756466995      1042.3461550920 
        0.2600000000         3.9700000000         1.9140603440         0.1078530958      1046.1505602948 
        0.2650000000         3.9700000000         1.9166092955         3.0438498198      1049.9549654976 
        0.2700025000         3.9700000000         1.9038645381         7.2643451105      1030.9329394835 
        0.2750000000         3.9700000000         1.9217071985        13.1363385584      1057.5637759033 
        0.2800015000         3.9700000000         1.9242561500        18.8248322111      1061.3681811061 
        0.2850000000         3.9700000000         1.9268051015        24.1463262733      1065.1725863089 
        0.2900001000         3.9700000000         1.9217071985        29.2843205403      1057.5637759033 
        0.2950000000         3.9700000000         1.9293540529        34.6058146025      1068.9769915118 
        0.3000000000         3.9700000000         1.9268051015        39.3768092790      1065.1725863089 
        0.3050000000         3.9700000000         1.9344519559        45.7993021127      1076.5858019174 
        0.3100000000         3.9700000000         1.9217071985        50.0197974034      1057.5637759033 
        0.3150000000         3.9700000000         1.9395498589        56.0752906466      1084.1946123231 
        0.3200000000         3.9700000000         1.9395498589        60.8462853230      1084.1946123231 
        0.3250000000         3.9700000000         1.9420988104        66.7182787710      1087.9990175259 
        0.3300000000         3.9700000000         1.9268051015        71.1222738570      1065.1725863089 
        0.3350000000         3.9700000000         1.9497456648        76.9942673049      1099.4122331344 
        0.3400000000         3.9700000000         1.9471967133        81.7652619814      1095.6078279316 
        0.3450029000         3.9700000000         1.9370009074        88.0042550198      1080.3902071203 
        0.3500000000         3.9700000000         1.9446477619        92.9587494915      1091.8034227287 
        0.3550001000         3.9700000000         1.9573925193        98.2802435537      1110.8254487429 
        0.3600000000         3.9700000000         1.9548435678       103.7852374112      1107.0210435401 
        0.3650000000         3.9700000000         1.9395498589       109.1067314734      1084.1946123231 
        0.3700046000         3.9700000000         1.9344519559       114.2447257404      1076.5858019174 
        0.3750000000         3.9700000000         1.9650393737       119.3827200073      1122.2386643514 
        0.3800036000         3.9700000000         1.9420988104       125.0712136600      1087.9990175259 
        0.3850000000         3.9700000000         1.9420988104       130.5762075175      1087.9990175259 
        0.3900040000         3.9700000000         1.9675883252       135.7142017844      1126.0430695542 
        0.3950000000         3.9700000000         1.9573925193       141.5861952324      1110.8254487429 
        0.4000000000         3.9700000000         1.9548435678       147.4581886803      1107.0210435401 
        0.4050000000         3.9700000000         1.9497456648       152.7796827425      1099.4122331344 
        0.4100045000         3.9700000000         1.9777841312       158.8351759858      1141.2606903655 
        0.4150001000         3.9700000000         1.9522946163       164.5236696385      1103.2166383372 
        0.4200028000         3.9700000000         1.9471967133       169.1111645197      1095.6078279316 
        0.4250000000         3.9700000000         1.9752351797       174.6161583771      1137.4562851627 
        0.4300000000         3.9700000000         1.9599414708       180.6716516203      1114.6298539457 
        0.4350000000         3.9700000000         1.9573925193       186.3601452730      1110.8254487429 
        0.4400000000         3.9700000000         1.9752351797       191.4981395400      1137.4562851627 
        0.4450000000         3.9700000000         1.9752351797       197.5536327832      1137.4562851627 
        0.4500000000         3.9700000000         1.9573925193       202.8751268454      1110.8254487429 
        0.4550000000         3.9700000000         1.9650393737       208.7471202933      1122.2386643514 
        0.4600000000         3.9700000000         1.9854309856       214.8026135365      1152.6739059740 
        0.4650000000         3.9700000000         1.9650393737       219.5736082130      1122.2386643514 
        0.4700048000         3.9700000000         1.9701372767       225.6291014562      1129.8474747570 
        0.4750000000         3.9700000000         1.9828820341       230.9505955184      1148.8695007712 
        0.4800001000         3.9700000000         1.9650393737       235.9050899901      1122.2386643514 
        0.4850000000         3.9700000000         1.9726862282       242.6945824143      1133.6518799599 
        0.4900000000         3.9700000000         1.9701372767       247.2820772955      1129.8474747570 
        0.4950000000         3.9700000000         1.9803330827       253.7045701292      1145.0650955684 
        0.5000000000         3.9700000000         1.9854309856       259.5765635772      1152.6739059740 
        0.5050000000         3.9700000000         1.9701372767       263.9805586631      1129.8474747570 
        0.5100000000         3.9700000000         1.9828820341       270.0360519063      1148.8695007712 
        0.5150000000         3.9700000000         1.9701372767       275.1740461733      1129.8474747570 
        0.5200000000         3.9700000000         1.9752351797       281.2295394165      1137.4562851627 
        0.5250000000         3.9700000000         1.9752351797       286.9180330692      1137.4562851627 
        0.5300000000         3.9700000000         1.9854309856       292.9735263124      1152.6739059740 
        0.5350000000         3.9700000000         1.9777841312       298.6620199651      1141.2606903655 
        0.5400000000         3.9700000000         1.9726862282       303.8000142321      1133.6518799599 
        0.5450000000         3.9700000000         1.9828820341       309.4885078848      1148.8695007712 
        0.5500000000         3.9700000000         1.9879799371       315.3605013327      1156.4783111768 
        0.5550000000         3.9700000000         1.9675883252       320.4984955997      1126.0430695542 
        0.5600000000         3.9700000000         1.9726862282       327.1044882286      1133.6518799599 
        0.5650000000         3.9700000000         1.9854309856       332.6094820861      1152.6739059740 
        0.5700001000         3.9700000000         1.9752351797       338.4814755340      1137.4562851627 
        0.5750001000         3.9700000000         1.9777841312       344.1699691867      1141.2606903655 
        0.5800000000         3.9700000000         1.9854309856       350.0419626347      1152.6739059740 
        0.5850000000         3.9700000000         1.9803330827       355.7304562874      1145.0650955684 
        0.5900013000         3.9700000000         1.9828820341       360.5014509639      1148.8695007712 
        0.5950000000         3.9700000000         1.9752351797       359.7674517829      1137.4562851627 
        0.6000000000         3.9700000000         1.9981757431         0.8418522768      1171.6959319882 
        0.6050000000         3.9700000000         1.9752351797        -0.4426462900      1137.4562851627 
        0.6100000000         3.9700000000         1.9650393737         2.3098506388      1122.2386643514 
        0.6150000000         3.9700000000         1.9879799371         8.7323434725      1156.4783111768 
        0.6200000000         3.9700000000         1.9854309856        13.6868379442      1152.6739059740 
        0.6250000000         3.9700000000         1.9879799371        20.6598301636      1156.4783111768 
        0.6300000000         3.9700000000         1.9752351797        26.1648240211      1137.4562851627 
        0.6350000000         3.9700000000         1.9726862282        32.2203172643      1133.6518799599 
        0.6400000000         3.9700000000         1.9981757431        37.3583115312      1171.6959319882 
        0.6450000000         3.9700000000         1.9752351797        43.4138047744      1137.4562851627 
        0.6500000000         3.9700000000         1.9675883252        48.1847994509      1126.0430695542 
        0.6550000000         3.9700000000         1.9854309856        54.4237924893      1152.6739059740 
        0.6600000000         3.9700000000         1.9854309856        59.9287863468      1152.6739059740 
        0.6650000000         3.9700000000         1.9803330827        65.9842795900      1145.0650955684 
        0.6700000000         3.9700000000         1.9879799371        71.6727732427      1156.4783111768 
        0.6750000000         3.9700000000         1.9956267916        76.9942673049      1167.8915267853 
        0.6800000000         3.9700000000         1.9675883252        81.9487617766      1126.0430695542 
        0.6850000000         3.9700000000         1.9701372767        88.3712546103      1129.8474747570 
        0.6900000000         3.9700000000         1.9905288886        93.5092488773      1160.2827163797 
        0.6950001000         3.9700000000         1.9981757431        99.3812423252      1171.6959319882 
        0.7000001000         3.9700000000         1.9599414708       103.9687372064      1114.6298539457 
        0.7050024000         3.9700000000         1.9497456648       109.4737310639      1099.4122331344 
        0.7100000000         3.9700000000         1.9752351797       115.5292243071      1137.4562851627 
        0.7150000000         3.9700000000         1.9854309856       121.2177179598      1152.6739059740 
        0.7200046000         3.9700000000         1.9752351797       127.4567109983      1137.4562851627 
        0.7250000000         3.9700000000         1.9777841312       132.2277056747      1141.2606903655 
        0.7300038000         3.9700000000         1.9650393737       138.4666987132      1122.2386643514 
        0.7350000000         3.9700000000         1.9675883252       144.3386921611      1126.0430695542 
        0.7400000000         3.9700000000         1.9879799371       149.6601862233      1156.4783111768 
        0.7450000000         3.9700000000         1.9956267916       156.0826790570      1167.8915267853 
        0.7500064000         3.9700000000         1.9701372767       161.4041731192      1129.8474747570 
        0.7550000000         3.9700000000         1.9803330827       167.2761665672      1145.0650955684 
        0.7600000000         3.9700000000         2.0007246945       173.3316598104      1175.5003371910 
        0.7650000000         3.9700000000         1.9675883252       178.1026544868      1126.0430695542 
        0.7700000000         3.9700000000         1.9879799371       184.7086471158      1156.4783111768 
        0.7750000000         3.9700000000         1.9879799371       189.4796417923      1156.4783111768 
        0.7800000000         3.9700000000         1.9777841312       195.3516352402      1141.2606903655 
        0.7850000000         3.9700000000         1.9752351797       201.5906282787      1137.4562851627 
        0.7900000000         3.9700000000         1.9956267916       206.7286225456      1167.8915267853 
        0.7950000000         3.9700000000         1.9777841312       212.6006159936      1141.2606903655 
        0.8000000000         3.9700000000         1.9828820341       218.6561092368      1148.8695007712 
        0.8050000000         3.9700000000         1.9854309856       223.7941035037      1152.6739059740 
        0.8100000000         3.9700000000         1.9956267916       229.8495967469      1167.8915267853 
        0.8150000000         3.9700000000         1.9854309856       234.9875910139      1152.6739059740 
        0.8200001000         3.9700000000         1.9879799371       241.4100838476      1156.4783111768 
        0.8250001000         3.9700000000         1.9777841312       245.8140789335      1141.2606903655 
        0.8300000000         3.9700000000         1.9803330827       251.5025725862      1145.0650955684 
        0.8350001000         3.9700000000         1.9828820341       258.2920650104      1148.8695007712 
        0.8400000000         3.9700000000         1.9981757431       263.9805586631      1171.6959319882 
        0.8450000000         3.9700000000         1.9879799371       269.6690523158      1156.4783111768 
        0.8500000000         3.9700000000         1.9777841312       274.2565471971      1141.2606903655 
        0.8550000000         3.9700000000         1.9803330827       280.4955402355      1145.0650955684 
        0.8600000000         3.9700000000         1.9854309856       286.3675336835      1152.6739059740 
        0.8650000000         3.9700000000         1.9956267916       292.0560273362      1167.8915267853 
        0.8700049000         3.9700000000         1.9752351797       297.0105218079      1137.4562851627 
        0.8750000000         3.9700000000         1.9930778401       303.8000142321      1164.0871215825 
        0.8800005000         3.9700000000         1.9879799371       309.1215082943      1156.4783111768 
        0.8850000000         3.9700000000         1.9956267916       315.3605013327      1167.8915267853 
        0.8900044000         3.9700000000         1.9905288886       320.6819953949      1160.2827163797 
        0.8950000000         3.9700000000         2.0007246945       326.5539888429      1175.5003371910 
        0.9000044000         3.9700000000         1.9956267916       332.9764816766      1167.8915267853 
        0.9050000000         3.9700000000         1.9828820341       338.4814755340      1148.8695007712 
        0.9100000000         3.9700000000         1.9828820341       343.8029695962      1148.8695007712 
        0.9150000000         3.9700000000         1.9981757431       350.0419626347      1171.6959319882 
        0.9200000000         3.9700000000         1.9854309856       355.9139560826      1152.6739059740 
        0.9250000000         3.9700000000         1.9803330827       359.9509515781      1145.0650955684 
        0.9300000000         3.9700000000         1.9905288886       359.4004521924      1160.2827163797 
        0.9350000000         3.9700000000         1.9956267916         0.1078530958      1167.8915267853 
        0.9400000000         3.9700000000         1.9956267916         0.6583524815      1167.8915267853 
        0.9450001000         3.9700000000         1.9828820341         3.2273496150      1148.8695007712 
        0.9500001000         3.9700000000         1.9905288886         8.7323434725      1160.2827163797 
        0.9550000000         3.9700000000         1.9879799371        14.9713365109      1156.4783111768 
        0.9600001000         3.9700000000         1.9854309856        20.2928305731      1152.6739059740 
        0.9650000000         3.9700000000         1.9879799371        26.3483238163      1156.4783111768 
        0.9700000000         3.9700000000         1.9981757431        32.2203172643      1171.6959319882 
        0.9750000000         3.9700000000         1.9803330827        37.7253111217      1145.0650955684 
        0.9800000000         3.9700000000         1.9905288886        43.9643041602      1160.2827163797 
        0.9850000000         3.9700000000         2.0160184035        50.3867969939      1198.3267684080 
        0.9900000000         3.9700000000         1.9981757431        56.0752906466      1171.6959319882 
        0.9950000000         3.9700000000         1.9803330827        61.3967847088      1145.0650955684 
        1.0000000000         3.9700000000         1.9752351797        66.3512791805      1137.4562851627 
        1.0050000000         3.9700000000         2.0032736460        72.5902722190      1179.3047423938 
        1.0100000000         3.9700000000         1.9777841312        77.5447666907      1141.2606903655 
        1.0150000000         3.9700000000         1.9905288886        84.1507593196      1160.2827163797 
        1.0200001000         3.9700000000         1.9879799371        89.2887535866      1156.4783111768 
        1.0250000000         3.9700000000         1.9905288886        94.9772472393      1160.2827163797 
        1.0300000000         3.9700000000         1.9803330827       100.4822410967      1145.0650955684 
        1.0350000000         3.9700000000         1.9981757431       106.1707347494      1171.6959319882 
        1.0400000000         3.9700000000         1.9981757431       112.2262279926      1171.6959319882 
        1.0450000000         3.9700000000         1.9675883252       117.1807224643      1126.0430695542 
        1.0500000000         3.9700000000         1.9905288886       123.2362157075      1160.2827163797 
        1.0550000000         3.9700000000         2.0058225975       129.6587085412      1183.1091475967 
        1.0600000000         3.9700000000         1.9752351797       134.2462034225      1137.4562851627 
        1.0650000000         3.9700000000         1.9752351797       140.6686962561      1137.4562851627 
        1.0700000000         3.9700000000         1.9956267916       146.3571899089      1167.8915267853 
        1.0750000000         3.9700000000         1.9828820341       151.6786839711      1148.8695007712 
        1.0800000000         3.9700000000         1.9777841312       157.7341772143      1141.2606903655 
        1.0850000000         3.9700000000         1.9956267916       163.7896704575      1167.8915267853 
        1.0900000000         3.9700000000         1.9981757431       170.2121632912      1171.6959319882 
        1.0950000000         3.9700000000         1.9828820341       175.9006569439      1148.8695007712 
        1.1000000000         3.9700000000         1.9854309856       181.2221510061      1152.6739059740 
        1.1050000000         3.9700000000         2.0109205005       187.6446438398      1190.7179580023 
        1.1100000000         3.9700000000         1.9854309856       192.9661379020      1152.6739059740 
        1.1150015000         3.9700000000         1.9752351797       198.4711317594      1137.4562851627 
        1.1200000000         3.9700000000         1.9981757431       204.1596254121      1171.6959319882 
        1.1250000000         3.9700000000         1.9854309856       209.4811194743      1152.6739059740 
        1.1300000000         3.9700000000         1.9752351797       214.9861133318      1137.4562851627 
        1.1350047000         3.9700000000         1.9981757431       221.2251063702      1171.6959319882 
        1.1400000000         3.9700000000         1.9854309856       226.7301002277      1152.6739059740 
        1.1450001000         3.9700000000         1.9752351797       232.2350940852      1137.4562851627 
        1.1500000000         3.9700000000         2.0007246945       238.6575869189      1175.5003371910 
        1.1550019000         3.9700000000         1.9854309856       243.7955811858      1152.6739059740 
        1.1600000000         3.9700000000         1.9752351797       249.3005750433      1137.4562851627 
        1.1650000000         3.9700000000         2.0032736460       256.0900674675      1179.3047423938 
        1.1700000000         3.9700000000         1.9828820341       260.4940625534      1148.8695007712 
        1.1750000000         3.9700000000         1.9930778401       266.9165553871      1164.0871215825 
        1.1800000000         3.9700000000         1.9905288886       272.4215492446      1160.2827163797 
        1.1850000000         3.9700000000         1.9956267916       278.8440420783      1167.8915267853 
        1.1900000000         3.9700000000         1.9854309856       283.6150367547      1152.6739059740 
        1.1950000000         3.9700000000         1.9981757431       289.6705299979      1171.6959319882 
        1.2000000000         3.9700000000         1.9956267916       296.2765226269      1167.8915267853 
        1.2050000000         3.9700000000         1.9905288886       301.4145168938      1160.2827163797 
        1.2100000000         3.9700000000         1.9752351797       307.2865103418      1137.4562851627 
        1.2150000000         3.9700000000         1.9777841312       312.2410048135      1141.2606903655 
        1.2200000000         3.9700000000         1.9854309856       318.1129982615      1152.6739059740 
        1.2250000000         3.9700000000         2.0007246945       324.3519912999      1175.5003371910 
        1.2300000000         3.9700000000         1.9930778401       330.2239847479      1164.0871215825 
        1.2350000000         3.9700000000         1.9905288886       336.6464775816      1160.2827163797 
        1.2400000000         3.9700000000         2.0032736460       342.5184710295      1179.3047423938 
        1.2450032000         3.9700000000         2.0083715490       347.2894657060      1186.9135527995 
        1.2500000000         3.9700000000         1.9854309856       354.2624579254      1152.6739059740 
        1.2550000000         3.9700000000         1.9905288886       360.5014509639      1160.2827163797 
        1.2600000000         3.9700000000         1.9956267916       359.9509515781      1167.8915267853 
        1.2650000000         3.9700000000         1.9905288886        80.1137638241      1160.2827163797 
        1.2700008000         3.9700000000         1.9905288886         0.4748526863      1160.2827163797 
        1.2750061000         3.9700000000         1.9956267916         0.8418522768      1167.8915267853 
        1.2800001000         3.9700000000         2.0109205005         7.8148444962      1190.7179580023 
        1.2850000000         3.9700000000         1.9879799371        13.1363385584      1156.4783111768 
        1.2900000000         3.9700000000         1.9828820341        19.0083320064      1148.8695007712 
        1.2950000000         3.9700000000         1.9956267916        25.4308248401      1167.8915267853 
        1.3000000000         3.9700000000         2.0083715490        31.1193184928      1186.9135527995 
        1.3050000000         3.9700000000         1.9879799371        36.4408125550      1156.4783111768 
        1.3100000000         3.9700000000         1.9956267916        42.4963057982      1167.8915267853 
        1.3150000000         3.9700000000         2.0058225975        48.3682992461      1183.1091475967 
        1.3200000000         3.9700000000         1.9879799371        53.6897933084      1156.4783111768 
        1.3250000000         3.9700000000         1.9905288886        60.1122861421      1160.2827163797 
        1.3300000000         3.9700000000         2.0032736460        65.6172799995      1179.3047423938 
        1.3350000000         3.9700000000         2.0007246945        71.3057736522      1175.5003371910 
        1.3400047000         3.9700000000         1.9828820341        76.4437679192      1148.8695007712 
        1.3450047000         3.9700000000         1.9981757431        82.6827609576      1171.6959319882 
        1.3500000000         3.9700000000         1.9981757431        87.0867560436      1171.6959319882 
        1.3550000000         3.9700000000         1.9803330827        93.5092488773      1145.0650955684 
        1.3600000000         3.9700000000         1.9803330827        99.0142427347      1145.0650955684 
        1.3650000000         3.9700000000         2.0007246945       104.7027363874      1175.5003371910 
        1.3700000000         3.9700000000         1.9905288886       110.7582296306      1160.2827163797 
        1.3750000000         3.9700000000         1.9777841312       116.2632234881      1141.2606903655 
        1.3800000000         3.9700000000         1.9956267916       121.2177179598      1167.8915267853 
        1.3850000000         3.9700000000         1.9752351797       127.4567109983      1137.4562851627 
        1.3900000000         3.9700000000         1.9803330827       133.3287044462      1145.0650955684 
        1.3950001000         3.9700000000         2.0058225975       139.3841976894      1183.1091475967 
        1.4000000000         3.9700000000         1.9879799371       144.3386921611      1156.4783111768 
        1.4050001000         3.9700000000         1.9803330827       150.5776851996      1145.0650955684 
        1.4100000000         3.9700000000         1.9930778401       156.4496786475      1164.0871215825 
        1.4150000000         3.9700000000         2.0007246945       162.1381723002      1175.5003371910 
        1.4200000000         3.9700000000         1.9905288886       168.5606651339      1160.2827163797 
        1.4250000000         3.9700000000         1.9879799371       173.8821591961      1156.4783111768 
        1.4300000000         3.9700000000         1.9981757431       179.2036532583      1171.6959319882 
        1.4350000000         3.9700000000         1.9981757431       185.9931456825      1171.6959319882 
        1.4400000000         3.9700000000         1.9905288886       191.3146397447      1160.2827163797 
        1.4450000000         3.9700000000         1.9905288886       197.0031333974      1160.2827163797 
        1.4500000000         3.9700000000         1.9828820341       202.8751268454      1148.8695007712 
        1.4550000000         3.9700000000         1.9956267916       209.1141198838      1167.8915267853 
        1.4600000000         3.9700000000         2.0007246945       214.0686143556      1175.5003371910 
        1.4650000000         3.9700000000         1.9905288886       219.3901084178      1160.2827163797 
        1.4700000000         3.9700000000         1.9930778401       225.9961010467      1164.0871215825 
        1.4750000000         3.9700000000         1.9752351797       230.7670957232      1137.4562851627 
        1.4800000000         3.9700000000         1.9981757431       236.8225889664      1171.6959319882 
        1.4850000000         3.9700000000         1.9981757431       243.0615820048      1171.6959319882 
        1.4900000000         3.9700000000         1.9956267916       248.7500756575      1167.8915267853 
        1.4950000000         3.9700000000         1.9956267916       254.6220691055      1167.8915267853 
        1.5000000000         3.9700000000         1.9854309856       259.3930637819      1152.6739059740 
        1.5050000000         3.9700000000         1.9981757431       266.1825562061      1171.6959319882 
        1.5100000000         3.9700000000         1.9828820341       270.7700510873      1148.8695007712 
        1.5150000000         3.9700000000         1.9956267916       277.1925439210      1167.8915267853 
        1.5200001000         3.9700000000         1.9905288886       282.6975377785      1160.2827163797 
        1.5250000000         3.9700000000         1.9803330827       288.2025316359      1145.0650955684 
        1.5300045000         3.9700000000         1.9930778401       294.2580248791      1164.0871215825 
        1.5350000000         3.9700000000         1.9981757431       299.9465185319      1171.6959319882 
        1.5400001000         3.9700000000         1.9854309856       305.8185119798      1152.6739059740 
        1.5450000000         3.9700000000         1.9879799371       311.8740052230      1156.4783111768 
        1.5500000000         3.9700000000         1.9828820341       316.8284996947      1148.8695007712 
        1.5550000000         3.9700000000         1.9981757431       322.3334935522      1171.6959319882 
        1.5600000000         3.9700000000         1.9905288886       329.3064857716      1160.2827163797 
        1.5650000000         3.9700000000         2.0032736460       335.3619790148      1179.3047423938 
        1.5700000000         3.9700000000         1.9854309856       340.4999732818      1152.6739059740 
        1.5750000000         3.9700000000         1.9879799371       346.3719667297      1156.4783111768 
        1.5800000000         3.9700000000         1.9828820341       352.4274599729      1148.8695007712 
        1.5850000000         3.9700000000         2.0032736460       358.6664530114      1179.3047423938 
        1.5900000000         3.9700000000         1.9930778401       359.4004521924      1164.0871215825 
        1.5950000000         3.9700000000         1.9854309856        79.7467642336      1152.6739059740 
        1.6000000000         3.9700000000         1.9803330827        -0.0756466995      1145.0650955684 
        1.6050000000         3.9700000000         1.9879799371        -0.4426462900      1156.4783111768 
        1.6100000000         3.9700000000         2.0109205005         5.6128469532      1190.7179580023 
        1.6150000000         3.9700000000         1.9930778401        11.6683401964      1164.0871215825 
        1.6200000000         3.9700000000         1.9854309856        17.3568338492      1152.6739059740 
        1.6250000000         3.9700000000         1.9956267916        23.4123270924      1167.8915267853 
        1.6300000000         3.9700000000         1.9930778401        29.6513201308      1164.0871215825 
        1.6350000000         3.9700000000         1.9956267916        34.9728141930      1167.8915267853 
        1.6400000000         3.9700000000         1.9905288886        40.4778080505      1160.2827163797 
        1.6450001000         3.9700000000         2.0032736460        46.9003008842      1179.3047423938 
        1.6500000000         3.9700000000         1.9854309856        51.8547953559      1152.6739059740 
        1.6550001000         3.9700000000         1.9828820341        58.2772881896      1148.8695007712 
        1.6600000000         3.9700000000         2.0032736460        63.4152824565      1179.3047423938 
        1.6650001000         3.9700000000         1.9854309856        69.1037761092      1152.6739059740 
        1.6700008000         3.9700000000         1.9854309856        74.9757695572      1152.6739059740 
        1.6750000000         3.9700000000         1.9981757431        80.4807634146      1171.6959319882 
        1.6800000000         3.9700000000         1.9828820341        86.5362566578      1148.8695007712 
        1.6850000000         3.9700000000         1.9752351797        91.1237515391      1137.4562851627 
        1.6900000000         3.9700000000         2.0032736460        97.3627445775      1179.3047423938 
        1.6950000000         3.9700000000         1.9854309856       102.5007388445      1152.6739059740 
        1.7000000000         3.9700000000         1.9879799371       108.9232316782      1156.4783111768 
        1.7050000000         3.9700000000         1.9752351797       113.6942263546      1137.4562851627 
        1.7100055000         3.9700000000         1.9956267916       119.3827200073      1167.8915267853 
        1.7150000000         3.9700000000         1.9854309856       126.1722124315      1152.6739059740 
        1.7200000000         3.9700000000         1.9854309856       131.4937064937      1152.6739059740 
        1.7250000000         3.9700000000         2.0109205005       137.1822001464      1190.7179580023 
        1.7300034000         3.9700000000         1.9930778401       143.4211931849      1164.0871215825 
        1.7350000000         3.9700000000         1.9650393737       148.3756876566      1122.2386643514 
        1.7400000000         3.9700000000         1.9981757431       154.6146806950      1171.6959319882 
        1.7450000000         3.9700000000         1.9854309856       160.1196745525      1152.6739059740 
        1.7500000000         3.9700000000         1.9803330827       165.8081682052      1145.0650955684 
        1.7550000000         3.9700000000         1.9956267916       172.5976606294      1167.8915267853 
        1.7600000000         3.9700000000         1.9981757431       177.1851555106      1171.6959319882 
        1.7650000000         3.9700000000         1.9803330827       183.6076483443      1145.0650955684 
        1.7700001000         3.9700000000         1.9879799371       189.8466413827      1156.4783111768 
        1.7750000000         3.9700000000         1.9956267916       194.6176360592      1167.8915267853 
        1.7800001000         3.9700000000         1.9828820341       201.4071284834      1148.8695007712 
        1.7850000000         3.9700000000         1.9752351797       206.5451227504      1137.4562851627 
        1.7900001000         3.9700000000         1.9930778401       212.2336164031      1164.0871215825 
        1.7950000000         3.9700000000         1.9905288886       217.7386102605      1160.2827163797 
        1.8000000000         3.9700000000         1.9930778401       223.7941035037      1164.0871215825 
        1.8050069000         3.9700000000         1.9930778401       229.1155975659      1164.0871215825 
        1.8100000000         3.9700000000         1.9930778401       235.1710908091      1164.0871215825 
        1.8150000000         3.9700000000         1.9879799371       240.6760846666      1156.4783111768 
        1.8200164000         3.9700000000         1.9879799371       245.9975787288      1156.4783111768 
        1.8250000000         3.9700000000         1.9956267916       251.6860723815      1167.8915267853 
        1.8300000000         3.9700000000         1.9930778401       257.5580658294      1164.0871215825 
        1.8350000000         3.9700000000         1.9701372767       263.0630596869      1129.8474747570 
        1.8400000000         3.9700000000         1.9777841312       269.1185529301      1141.2606903655 
        1.8450000000         3.9700000000         1.9981757431       274.8070465828      1171.6959319882 
        1.8500000000         3.9700000000         1.9930778401       281.0460396213      1164.0871215825 
        1.8550000000         3.9700000000         1.9854309856       286.7345332740      1152.6739059740 
        1.8600000000         3.9700000000         1.9905288886       291.6890277457      1160.2827163797 
        1.8650000000         3.9700000000         1.9752351797       297.5610211936      1137.4562851627 
        1.8700000000         3.9700000000         1.9828820341       302.8825152558      1148.8695007712 
        1.8750000000         3.9700000000         1.9905288886       309.1215082943      1160.2827163797 
        1.8800000000         3.9700000000         1.9981757431       315.3605013327      1171.6959319882 
        1.8850000000         3.9700000000         1.9854309856       320.1314960092      1152.6739059740 
        1.8900000000         3.9700000000         1.9828820341       326.5539888429      1148.8695007712 
        1.8950001000         3.9700000000         1.9879799371       332.2424824956      1156.4783111768 
        1.9000000000         3.9700000000         1.9930778401       338.1144759435      1164.0871215825 
        1.9050001000         3.9700000000         1.9854309856       344.1699691867      1152.6739059740 
        1.9100038000         3.9700000000         1.9803330827       350.0419626347      1145.0650955684 
        1.9150001000         3.9700000000         1.9956267916       356.6479552636      1167.8915267853 
        1.9200000000         3.9700000000         2.0007246945       360.3179511686      1175.5003371910 
        1.9250000000         3.9700000000         1.9803330827       359.4004521924      1145.0650955684 
        1.9300000000         3.9700000000         1.9854309856         0.1078530958      1152.6739059740 
        1.9350000000         3.9700000000         1.9905288886        -0.6261460852      1160.2827163797 
        1.9400000000         3.9700000000         1.9803330827         2.3098506388      1145.0650955684 
        1.9450000000         3.9700000000         1.9854309856         8.3653438820      1152.6739059740 
        1.9500000000         3.9700000000         2.0032736460        15.1548363062      1179.3047423938 
        1.9550000000         3.9700000000         1.9956267916        20.6598301636      1167.8915267853 
        1.9600000000         3.9700000000         1.9879799371        26.3483238163      1156.4783111768 
        1.9650000000         3.9700000000         1.9828820341        32.2203172643      1148.8695007712 
        1.9700000000         3.9700000000         1.9981757431        38.4593103027      1171.6959319882 
        1.9750000000         3.9700000000         1.9879799371        43.7808043649      1156.4783111768 
        1.9800000000         3.9700000000         1.9828820341        49.6527978129      1148.8695007712 
        1.9850000000         3.9700000000         1.9956267916        55.7082910561      1167.8915267853 
        1.9900000000         3.9700000000         1.9905288886        60.8462853230      1160.2827163797 
        1.9950000000         3.9700000000         1.9905288886        67.0852783615      1160.2827163797 
        2.0000000000         3.9700000000         1.9828820341        72.4067724237      1148.8695007712 
        2.0050000000         3.9700000000         2.0058225975        77.3612668954      1183.1091475967 
        2.0100066000         3.9700000000         1.9828820341        83.4167601386      1148.8695007712 
        2.0150001000         3.9700000000         1.9752351797        88.5547544056      1137.4562851627 
        2.0200001000         3.9700000000         2.0007246945        95.3442468298      1175.5003371910 
        2.0250000000         3.9700000000         1.9854309856        99.9317417110      1152.6739059740 
        2.0300000000         3.9700000000         1.9752351797       105.9872349542      1137.4562851627 
        2.0350001000         3.9700000000         1.9854309856       111.6757286069      1152.6739059740 
        2.0400001000         3.9700000000         2.0083715490       117.3642222596      1186.9135527995 
        2.0450000000         3.9700000000         1.9854309856       123.6032152980      1152.6739059740 
        2.0500000000         3.9700000000         1.9701372767       128.9247093602      1129.8474747570 
        2.0550000000         3.9700000000         2.0058225975       134.6132030129      1183.1091475967 
        2.0600009000         3.9700000000         1.9879799371       140.8521960514      1156.4783111768 
        2.0650000000         3.9700000000         1.9675883252       145.6231907279      1126.0430695542 
        2.0700000000         3.9700000000         2.0058225975       151.8621837663      1183.1091475967 
        2.0750000000         3.9700000000         1.9879799371       157.7341772143      1156.4783111768 
        2.0800000000         3.9700000000         1.9752351797       163.7896704575      1137.4562851627 
        2.0850000000         3.9700000000         1.9803330827       168.5606651339      1145.0650955684 
        2.0900000000         3.9700000000         2.0083715490       175.5336573534      1186.9135527995 
        2.0950035000         3.9700000000         1.9701372767       180.3046520298      1129.8474747570 
        2.1000000000         3.9700000000         1.9879799371       187.0941444540      1156.4783111768 
        2.1050000000         3.9700000000         1.9854309856       191.8651391305      1152.6739059740 
        2.1100000000         3.9700000000         1.9879799371       198.4711317594      1156.4783111768 
        2.1150000000         3.9700000000         1.9879799371       203.7926258216      1156.4783111768 
        2.1200000000         3.9700000000         1.9956267916       209.2976196791      1167.8915267853 
        2.1250000000         3.9700000000         1.9752351797       214.8026135365      1137.4562851627 
        2.1300000000         3.9700000000         1.9854309856       220.6746069845      1152.6739059740 
        2.1350005000         3.9700000000         1.9930778401       226.3631006372      1164.0871215825 
        2.1400001000         3.9700000000         1.9930778401       231.8680944947      1164.0871215825 
        2.1450000000         3.9700000000         1.9854309856       237.5565881474      1152.6739059740 
        2.1500000000         3.9700000000         1.9879799371       244.1625807763      1156.4783111768 
        2.1550000000         3.9700000000         1.9828820341       248.5665758623      1148.8695007712 
        2.1600001000         3.9700000000         1.9879799371       254.8055689007      1156.4783111768 
        2.1650000000         3.9700000000         1.9879799371       260.6775623487      1156.4783111768 
        2.1700000000         3.9700000000         1.9854309856       266.1825562061      1152.6739059740 
        2.1750000000         3.9700000000         1.9930778401       272.2380494493      1164.0871215825 
        2.1800001000         3.9700000000         1.9777841312       278.1100428973      1141.2606903655 
        2.1850000000         3.9700000000         1.9879799371       283.4315369595      1156.4783111768 
        2.1900000000         3.9700000000         2.0109205005       288.9365308169      1190.7179580023 
        2.1950000000         3.9700000000         1.9879799371       295.3590236506      1156.4783111768 
        2.2000000000         3.9700000000         1.9854309856       300.6805177128      1152.6739059740 
        2.2050000000         3.9700000000         1.9956267916       307.1030105465      1167.8915267853 
        2.2100000000         3.9700000000         1.9854309856       312.2410048135      1152.6739059740 
        2.2150000000         3.9700000000         2.0007246945       318.2964980567      1175.5003371910 
        2.2200029000         3.9700000000         1.9752351797       323.2509925284      1137.4562851627 
        2.2250000000         3.9700000000         1.9701372767       329.1229859764      1129.8474747570 
        2.2300000000         3.9700000000         2.0032736460       335.7289786053      1179.3047423938 
        2.2350000000         3.9700000000         1.9752351797       341.6009720533      1137.4562851627 
        2.2400119000         3.9700000000         1.9956267916       347.6564652965      1167.8915267853 
        2.2450000000         3.9700000000         1.9956267916       352.9779593587      1167.8915267853 
        2.2500000000         3.9700000000         1.9905288886       358.6664530114      1160.2827163797 
        2.2550000000         3.9700000000         1.9905288886       360.3179511686      1160.2827163797 
        2.2600000000         3.9700000000         1.9981757431        79.7467642336      1171.6959319882 
        2.2650001000         3.9700000000         1.9981757431         0.6583524815      1171.6959319882 
        2.2700000000         3.9700000000         1.9803330827         0.6583524815      1145.0650955684 
        2.2750000000         3.9700000000         1.9879799371         6.3468461342      1156.4783111768 
        2.2800000000         3.9700000000         2.0058225975        12.0353397869      1183.1091475967 
        2.2850001000         3.9700000000         1.9956267916        17.7238334396      1167.8915267853 
        2.2900000000         3.9700000000         1.9777841312        23.4123270924      1141.2606903655 
        2.2950000000         3.9700000000         1.9854309856        29.8348199260      1152.6739059740 
        2.3000000000         3.9700000000         1.9905288886        35.1563139883      1160.2827163797 
        2.3050001000         3.9700000000         1.9905288886        40.4778080505      1160.2827163797 
        2.3100000000         3.9700000000         1.9956267916        46.9003008842      1167.8915267853 
        2.3150000000         3.9700000000         1.9777841312        51.8547953559      1141.2606903655 
        2.3200000000         3.9700000000         1.9905288886        58.2772881896      1160.2827163797 
        2.3250000000         3.9700000000         1.9803330827        63.5987822518      1145.0650955684 
        2.3300000000         3.9700000000         1.9930778401        69.2872759045      1164.0871215825 
        2.3350000000         3.9700000000         1.9879799371        74.4252701714      1156.4783111768 
        2.3400000000         3.9700000000         1.9828820341        80.6642632099      1148.8695007712 
        2.3450000000         3.9700000000         1.9726862282        85.6187576816      1133.6518799599 
        2.3500000000         3.9700000000         2.0109205005        92.2247503105      1190.7179580023 
        2.3550000000         3.9700000000         1.9905288886        97.3627445775      1160.2827163797 
        2.3600000000         3.9700000000         1.9854309856       102.8677384350      1152.6739059740 
        2.3650000000         3.9700000000         1.9752351797       108.5562320877      1137.4562851627 
        2.3700000000         3.9700000000         2.0007246945       114.9787249214      1175.5003371910 
        2.3750000000         3.9700000000         1.9726862282       119.3827200073      1133.6518799599 
        2.3800000000         3.9700000000         1.9905288886       125.4382132505      1160.2827163797 
        2.3850000000         3.9700000000         1.9930778401       131.3102066985      1164.0871215825 
        2.3900001000         3.9700000000         1.9650393737       136.8152005559      1122.2386643514 
        2.3950000000         3.9700000000         1.9803330827       142.8706937991      1145.0650955684 
        2.4000000000         3.9700000000         1.9905288886       148.0086880661      1160.2827163797 
        2.4050000000         3.9700000000         1.9854309856       154.6146806950      1152.6739059740 
        2.4100001000         3.9700000000         1.9828820341       160.6701739382      1148.8695007712 
        2.4150000000         3.9700000000         1.9981757431       166.3586675909      1171.6959319882 
        2.4200000000         3.9700000000         1.9752351797       171.8636614484      1137.4562851627 
        2.4250000000         3.9700000000         1.9854309856       177.3686553058      1152.6739059740 
        2.4300001000         3.9700000000         1.9905288886       182.6901493681      1160.2827163797 
        2.4350000000         3.9700000000         1.9777841312       188.5621428160      1141.2606903655 
        2.4400033000         3.9700000000         1.9803330827       194.8011358545      1145.0650955684 
        2.4450000000         3.9700000000         1.9777841312       199.9391301214      1141.2606903655 
        2.4500000000         3.9700000000         2.0083715490       206.5451227504      1186.9135527995 
        2.4550000000         3.9700000000         1.9828820341       211.3161174268      1148.8695007712 
        2.4600000000         3.9700000000         1.9854309856       217.5551104653      1152.6739059740 
        2.4650000000         3.9700000000         1.9879799371       222.6931047322      1156.4783111768 
        2.4700067000         3.9700000000         1.9879799371       228.9320977707      1156.4783111768 
        2.4750000000         3.9700000000         1.9854309856       234.6205914234      1152.6739059740 
        2.4800000000         3.9700000000         2.0032736460       240.3090850761      1179.3047423938 
        2.4850000000         3.9700000000         1.9777841312       245.8140789335      1141.2606903655 
        2.4900000000         3.9700000000         1.9981757431       251.6860723815      1171.6959319882 
        2.4950000000         3.9700000000         1.9803330827       257.5580658294      1145.0650955684 
        2.5000046000         3.9700000000         1.9956267916       263.2465594822      1167.8915267853 
        2.5050000000         3.9700000000         1.9879799371       268.9350531349      1156.4783111768 
        2.5100000000         3.9700000000         1.9726862282       274.2565471971      1133.6518799599 
        2.5150001000         3.9700000000         1.9981757431       280.8625398260      1171.6959319882 
        2.5200000000         3.9700000000         1.9777841312       285.4500347072      1141.2606903655 
        2.5250000000         3.9700000000         1.9879799371       291.1385283599      1156.4783111768 
        2.5300078000         3.9700000000         1.9854309856       297.5610211936      1152.6739059740 
        2.5350001000         3.9700000000         1.9803330827       303.0660150511      1145.0650955684 
        2.5400000000         3.9700000000         1.9828820341       308.5710089085      1148.8695007712 
        2.5450000000         3.9700000000         1.9854309856       314.0760027660      1152.6739059740 
        2.5500000000         3.9700000000         1.9854309856       320.3149958044      1152.6739059740 
        2.5550001000         3.9700000000         2.0007246945       326.7374886381      1175.5003371910 
        2.5600000000         3.9700000000         1.9930778401       332.6094820861      1164.0871215825 
        2.5650000000         3.9700000000         1.9828820341       337.7474763530      1148.8695007712 
        2.5700000000         3.9700000000         1.9930778401       343.4359700057      1164.0871215825 
        2.5750000000         3.9700000000         2.0007246945       350.2254624299      1175.5003371910 
        2.5800000000         3.9700000000         1.9854309856       355.9139560826      1152.6739059740 
        2.5850000000         3.9700000000         1.9752351797       359.9509515781      1137.4562851627 
        2.5900000000         3.9700000000         1.9879799371       359.4004521924      1156.4783111768 
        2.5950000000         3.9700000000         1.9981757431        79.9302640289      1171.6959319882 
        2.6000000000         3.9700000000         1.9726862282        -0.4426462900      1133.6518799599 
        2.6050040000         3.9700000000         1.9905288886         2.6768502293      1160.2827163797 
        2.6100005000         3.9700000000         2.0058225975         8.9158432677      1183.1091475967 
        2.6150000000         3.9700000000         1.9726862282        13.8703377394      1133.6518799599 
        2.6200000000         3.9700000000         1.9854309856        20.8433299589      1152.6739059740 
        2.6250000000         3.9700000000         1.9930778401        25.6143246353      1164.0871215825 
        2.6300000000         3.9700000000         1.9956267916        31.6698178785      1167.8915267853 
        2.6350000000         3.9700000000         1.9854309856        37.5418113265      1152.6739059740 
        2.6400001000         3.9700000000         1.9905288886        43.2303049792      1160.2827163797 
        2.6450000000         3.9700000000         1.9930778401        48.3682992461      1164.0871215825 
        2.6500000000         3.9700000000         1.9854309856        55.1577916703      1152.6739059740 
        2.6550062000         3.9700000000         1.9854309856        61.0297851183      1152.6739059740 
        2.6600001000         3.9700000000         1.9905288886        66.5347789758      1160.2827163797 
        2.6650000000         3.9700000000         2.0083715490        72.4067724237      1186.9135527995 
        2.6700000000         3.9700000000         1.9701372767        76.9942673049      1129.8474747570 
        2.6750000000         3.9700000000         1.9752351797        82.4992611624      1137.4562851627 
        2.6800001000         3.9700000000         1.9956267916        88.5547544056      1167.8915267853 
        2.6850000000         3.9700000000         1.9777841312        94.0597482630      1141.2606903655 
        2.6900000000         3.9700000000         1.9777841312        99.5647421205      1141.2606903655 
        2.6950000000         3.9700000000         1.9956267916       105.2532357732      1167.8915267853 
        2.7000000000         3.9700000000         1.9828820341       110.5747298354      1148.8695007712 
        2.7050000000         3.9700000000         1.9701372767       116.6302230786      1129.8474747570 
        2.7100000000         3.9700000000         1.9879799371       122.5022165265      1156.4783111768 
        2.7150000000         3.9700000000         1.9956267916       128.1907101792      1167.8915267853 
        2.7200000000         3.9700000000         1.9675883252       133.8792038320      1126.0430695542 
        2.7250040000         3.9700000000         1.9777841312       139.3841976894      1141.2606903655 
        2.7300000000         3.9700000000         1.9956267916       145.2561911374      1167.8915267853 
        2.7350000000         3.9700000000         1.9675883252       150.3941854043      1126.0430695542 
        2.7400000000         3.9700000000         1.9777841312       156.4496786475      1141.2606903655 
        2.7450000000         3.9700000000         2.0058225975       163.0556712765      1183.1091475967 
        2.7500000000         3.9700000000         1.9879799371       168.9276647244      1156.4783111768 
        2.7550000000         3.9700000000         1.9650393737       173.5151596056      1122.2386643514 
        2.7600000000         3.9700000000         1.9981757431       179.7541526441      1171.6959319882 
        2.7650001000         3.9700000000         1.9828820341       185.2591465015      1148.8695007712 
        2.7700000000         3.9700000000         1.9803330827       191.4981395400      1145.0650955684 
        2.7750000000         3.9700000000         1.9981757431       197.0031333974      1171.6959319882 
        2.7800000000         3.9700000000         1.9828820341       202.3246274596      1148.8695007712 
        2.7850001000         3.9700000000         1.9879799371       208.9306200886      1156.4783111768 
        2.7900000000         3.9700000000         1.9854309856       214.0686143556      1152.6739059740 
        2.7950000000         3.9700000000         1.9956267916       219.5736082130      1167.8915267853 
        2.8000000000         3.9700000000         1.9905288886       225.9961010467      1160.2827163797 
        2.8050001000         3.9700000000         1.9701372767       230.7670957232      1129.8474747570 
        2.8100000000         3.9700000000         1.9956267916       236.8225889664      1167.8915267853 
        2.8150000000         3.9700000000         1.9828820341       241.9605832333      1148.8695007712 
        2.8200000000         3.9700000000         1.9752351797       247.6490768860      1137.4562851627 
        2.8250000000         3.9700000000         1.9777841312       253.5210703340      1141.2606903655 
        2.8300000000         3.9700000000         1.9905288886       259.5765635772      1160.2827163797 
        2.8350000000         3.9700000000         1.9879799371       265.2650572299      1156.4783111768 
        2.8400000000         3.9700000000         1.9777841312       270.5865512921      1141.2606903655 
        2.8450000000         3.9700000000         1.9879799371       276.6420445353      1156.4783111768 
        2.8500000000         3.9700000000         1.9905288886       282.3305381880      1160.2827163797 
        2.8550000000         3.9700000000         1.9803330827       288.0190318407      1145.0650955684 
        2.8600000000         3.9700000000         1.9828820341       293.1570261077      1148.8695007712 
        2.8650000000         3.9700000000         2.0058225975       300.1300183271      1183.1091475967 
        2.8700000000         3.9700000000         1.9803330827       304.7175132083      1145.0650955684 
        2.8750000000         3.9700000000         1.9726862282       310.5895066563      1133.6518799599 
        2.8800000000         3.9700000000         1.9956267916       317.5624988757      1167.8915267853 
        2.8850000000         3.9700000000         1.9930778401       322.1499937569      1164.0871215825 
        2.8900001000         3.9700000000         1.9879799371       328.2054870001      1156.4783111768 
        2.8950000000         3.9700000000         1.9752351797       334.0774804481      1137.4562851627 
        2.9000000000         3.9700000000         1.9854309856       340.3164734865      1152.6739059740 
        2.9050000000         3.9700000000         1.9930778401       346.1884669345      1164.0871215825 
        2.9100001000         3.9700000000         1.9828820341       352.4274599729      1148.8695007712 
        2.9150000000         3.9700000000         1.9956267916       358.4829532161      1167.8915267853 
        2.9200000000         3.9700000000         1.9854309856       359.4004521924      1152.6739059740 
        2.9250000000         3.9700000000         1.9879799371        79.5632644384      1156.4783111768 
        2.9300001000         3.9700000000         1.9777841312         0.1078530958      1141.2606903655 
        2.9350000000         3.9700000000         1.9905288886        -0.0756466995      1160.2827163797 
        2.9400000000         3.9700000000         2.0058225975         4.8788477723      1183.1091475967 
        2.9450000000         3.9700000000         1.9879799371        10.9343410155      1156.4783111768 
        2.9500000000         3.9700000000         1.9752351797        16.8063344634      1137.4562851627 
        2.9550000000         3.9700000000         1.9701372767        21.7608289351      1129.8474747570 
        2.9600000000         3.9700000000         2.0083715490        28.7338211546      1186.9135527995 
        2.9650000000         3.9700000000         1.9879799371        34.2388150120      1156.4783111768 
        2.9700000000         3.9700000000         1.9879799371        40.2943082552      1156.4783111768 
        2.9750000000         3.9700000000         1.9905288886        45.4323025222      1160.2827163797 
        2.9800000000         3.9700000000         1.9777841312        51.1207961749      1141.2606903655 
        2.9850000000         3.9700000000         1.9905288886        56.6257900323      1160.2827163797 
        2.9900000000         3.9700000000         1.9854309856        62.3142836850      1152.6739059740 
        2.9950000000         3.9700000000         1.9879799371        68.1862771330      1156.4783111768 
        3.0000000000         3.9700000000         1.9828820341        74.0582705809      1148.8695007712 
        3.0050000000         3.9700000000         1.9956267916        79.5632644384      1167.8915267853 
        3.0100000000         3.9700000000         2.0058225975        84.8847585006      1183.1091475967 
        3.0150001000         3.9700000000         1.9803330827        90.5732521533      1145.0650955684 
        3.0200000000         3.9700000000         1.9675883252        96.0782460108      1126.0430695542 
        3.0250000000         3.9700000000         1.9752351797       101.7667396635      1137.4562851627 
        3.0300000000         3.9700000000         1.9854309856       106.7212341352      1152.6739059740 
        3.0350001000         3.9700000000         1.9803330827       112.9602271736      1145.0650955684 
        3.0400000000         3.9700000000         1.9854309856       118.4652210311      1152.6739059740 
        3.0450000000         3.9700000000         1.9854309856       123.7867150933      1152.6739059740 
        3.0500000000         3.9700000000         1.9675883252       129.8422083365      1126.0430695542 
        3.0550001000         3.9700000000         1.9879799371       135.7142017844      1156.4783111768 
        3.0600000000         3.9700000000         1.9981757431       141.7696950276      1171.6959319882 
        3.0650000000         3.9700000000         1.9701372767       147.0911890898      1129.8474747570 
        3.0700000000         3.9700000000         1.9854309856       153.5136819235      1152.6739059740 
        3.0750001000         3.9700000000         1.9905288886       158.6516761905      1160.2827163797 
        3.0800000000         3.9700000000         1.9879799371       164.5236696385      1156.4783111768 
        3.0850000000         3.9700000000         1.9803330827       170.2121632912      1145.0650955684 
        3.0900000000         3.9700000000         1.9905288886       176.0841567391      1160.2827163797 
        3.0950000000         3.9700000000         1.9956267916       182.3231497776      1167.8915267853 
        3.1000000000         3.9700000000         1.9854309856       187.6446438398      1152.6739059740 
        3.1050000000         3.9700000000         1.9905288886       193.1496376972      1160.2827163797 
        3.1100000000         3.9700000000         1.9981757431       199.3886307357      1171.6959319882 
        3.1150000000         3.9700000000         1.9752351797       204.1596254121      1137.4562851627 
        3.1200000000         3.9700000000         1.9726862282       210.7656180411      1133.6518799599 
        3.1250000000         3.9700000000         1.9777841312       216.0871121033      1141.2606903655 
        3.1300000000         3.9700000000         1.9854309856       221.2251063702      1152.6739059740 
        3.1350000000         3.9700000000         1.9828820341       227.2805996134      1148.8695007712 
        3.1400001000         3.9700000000         1.9752351797       232.6020936757      1137.4562851627 
        3.1450000000         3.9700000000         1.9854309856       238.1070875331      1152.6739059740 
        3.1500000000         3.9700000000         1.9777841312       243.9790809811      1141.2606903655 
        3.1550000000         3.9700000000         1.9981757431       250.4015738148      1171.6959319882 
        3.1600001000         3.9700000000         1.9854309856       255.9065676722      1152.6739059740 
        3.1650000000         3.9700000000         1.9854309856       261.2280617344      1152.6739059740 
        3.1700000000         3.9700000000         1.9701372767       266.9165553871      1129.8474747570 
        3.1750000000         3.9700000000         1.9905288886       272.6050490398      1160.2827163797 
        3.1800001000         3.9700000000         1.9956267916       278.6605422830      1167.8915267853 
        3.1850000000         3.9700000000         1.9803330827       285.0830351167      1145.0650955684 
        3.1900000000         3.9700000000         1.9752351797       289.6705299979      1137.4562851627 
        3.1950000000         3.9700000000         1.9879799371       295.7260232411      1156.4783111768 
        3.2000001000         3.9700000000         2.0032736460       302.3320158701      1179.3047423938 
        3.2050000000         3.9700000000         1.9854309856       307.2865103418      1152.6739059740 
        3.2100000000         3.9700000000         1.9854309856       312.4245046088      1152.6739059740 
        3.2150000000         3.9700000000         1.9854309856       318.8469974424      1152.6739059740 
        3.2200000000         3.9700000000         1.9854309856       324.7189908904      1152.6739059740 
        3.2250000000         3.9700000000         1.9905288886       330.4074845431      1160.2827163797 
        3.2300000000         3.9700000000         2.0007246945       336.8299773768      1175.5003371910 
        3.2350000000         3.9700000000         1.9854309856       341.7844718485      1152.6739059740 
        3.2400000000         3.9700000000         1.9828820341       348.2069646822      1148.8695007712 
        3.2450000000         3.9700000000         1.9956267916       354.4459577207      1167.8915267853 
        3.2500000000         3.9700000000         2.0032736460       359.9509515781      1179.3047423938 
        3.2550000000         3.9700000000         1.9879799371       359.9509515781      1156.4783111768 
        3.2600000000         3.9700000000         1.9752351797        79.5632644384      1137.4562851627 
        3.2650001000         3.9700000000         1.9828820341        -0.2591464947      1148.8695007712 
        3.2700000000         3.9700000000         2.0083715490         1.7593512530      1186.9135527995 
        3.2750000000         3.9700000000         1.9803330827         6.3468461342      1145.0650955684 
        3.2800000000         3.9700000000         1.9828820341        13.3198383537      1148.8695007712 
        3.2850001000         3.9700000000         1.9930778401        18.0908330301      1164.0871215825 
        3.2900000000         3.9700000000         1.9828820341        24.3298260686      1148.8695007712 
        3.2950000000         3.9700000000         1.9777841312        29.6513201308      1141.2606903655 
        3.3000000000         3.9700000000         2.0058225975        35.8903131692      1183.1091475967 
        3.3050001000         3.9700000000         1.9981757431        42.4963057982      1171.6959319882 
        3.3100000000         3.9700000000         1.9803330827        47.6343000652      1145.0650955684 
        3.3150000000         3.9700000000         1.9752351797        52.7722943321      1137.4562851627 
        3.3200000000         3.9700000000         1.9956267916        58.4607879848      1167.8915267853 
        3.3250001000         3.9700000000         1.9930778401        65.2502804090      1164.0871215825 
        3.3300000000         3.9700000000         1.9828820341        70.5717744712      1148.8695007712 
        3.3350000000         3.9700000000         1.9981757431        76.2602681239      1171.6959319882 
        3.3400000000         3.9700000000         1.9930778401        81.0312628004      1164.0871215825 
        3.3450000000         3.9700000000         1.9752351797        87.2702558388      1137.4562851627 
        3.3500000000         3.9700000000         1.9752351797        92.4082501058      1137.4562851627 
        3.3550000000         3.9700000000         1.9930778401        98.0967437585      1164.0871215825 
        3.3600000000         3.9700000000         1.9752351797       103.4182378207      1137.4562851627 
        3.3650000000         3.9700000000         1.9752351797       109.8407306544      1137.4562851627 
        3.3700000000         3.9700000000         1.9956267916       114.4282255356      1167.8915267853 
        3.3750000000         3.9700000000         1.9854309856       121.2177179598      1152.6739059740 
        3.3800032000         3.9700000000         1.9752351797       126.9062116125      1137.4562851627 
        3.3850000000         3.9700000000         1.9981757431       131.8607060842      1171.6959319882 
        3.3900001000         3.9700000000         1.9879799371       138.6501985084      1156.4783111768 
        3.3950000000         3.9700000000         1.9803330827       144.3386921611      1145.0650955684 
        3.4000023000         3.9700000000         1.9879799371       150.0271858138      1156.4783111768 
        3.4050000000         3.9700000000         1.9981757431       155.5321796713      1171.6959319882 
        3.4100001000         3.9700000000         1.9905288886       161.7711727097      1160.2827163797 
        3.4150000000         3.9700000000         1.9854309856       166.9091669767      1152.6739059740 
        3.4200000000         3.9700000000         2.0083715490       173.3316598104      1186.9135527995 
        3.4250000000         3.9700000000         1.9752351797       178.1026544868      1137.4562851627 
        3.4300001000         3.9700000000         1.9701372767       183.9746479348      1129.8474747570 
        3.4350000000         3.9700000000         1.9981757431       190.5806405637      1171.6959319882 
        3.4400000000         3.9700000000         1.9981757431       196.2691342164      1171.6959319882 
        3.4450049000         3.9700000000         1.9879799371       202.1411276644      1156.4783111768 
        3.4500001000         3.9700000000         1.9905288886       206.7286225456      1160.2827163797 
        3.4550000000         3.9700000000         1.9854309856       212.2336164031      1152.6739059740 
        3.4600000000         3.9700000000         1.9828820341       219.2066086225      1148.8695007712 
        3.4650000000         3.9700000000         1.9905288886       224.3446028895      1160.2827163797 
        3.4700000000         3.9700000000         2.0032736460       229.8495967469      1179.3047423938 
        3.4750000000         3.9700000000         1.9828820341       235.1710908091      1148.8695007712 
        3.4800000000         3.9700000000         1.9777841312       241.2265840523      1141.2606903655 
        3.4850000000         3.9700000000         1.9905288886       246.9150777050      1160.2827163797 
        3.4900000000         3.9700000000         2.0007246945       253.3375705387      1175.5003371910 
        3.4950000000         3.9700000000         1.9879799371       258.4755648057      1156.4783111768 
        3.5000041000         3.9700000000         1.9777841312       263.7970588679      1141.2606903655 
        3.5050000000         3.9700000000         1.9930778401       270.5865512921      1164.0871215825 
        3.5100000000         3.9700000000         1.9905288886       275.7245455590      1160.2827163797 
        3.5150001000         3.9700000000         1.9956267916       281.4130392118      1167.8915267853 
        3.5200000000         3.9700000000         1.9956267916       287.6520322502      1167.8915267853 
        3.5250000000         3.9700000000         1.9905288886       292.7900265172      1160.2827163797 
        3.5300000000         3.9700000000         1.9956267916       298.6620199651      1167.8915267853 
        3.5350001000         3.9700000000         1.9905288886       304.7175132083      1160.2827163797 
        3.5400000000         3.9700000000         1.9905288886       309.4885078848      1160.2827163797 
        3.5450000000         3.9700000000         1.9930778401       315.9110007185      1164.0871215825 
        3.5500000000         3.9700000000         1.9752351797       321.4159945759      1137.4562851627 
        3.5550001000         3.9700000000         1.9905288886       327.1044882286      1160.2827163797 
        3.5600000000         3.9700000000         2.0058225975       333.1599814718      1183.1091475967 
        3.5650000000         3.9700000000         1.9879799371       339.0319749198      1156.4783111768 
        3.5700000000         3.9700000000         1.9854309856       345.0874681630      1152.6739059740 
        3.5750001000         3.9700000000         1.9905288886       350.7759618157      1160.2827163797 
        3.5800000000         3.9700000000         1.9956267916       357.5654542399      1167.8915267853 
        3.5850000000         3.9700000000         1.9905288886       359.4004521924      1160.2827163797 
        3.5900000000         3.9700000000         1.9956267916       358.6664530114      1167.8915267853 
        3.5950000000         3.9700000000         1.9930778401         0.6583524815      1164.0871215825 
        3.6000007000         3.9700000000         1.9854309856         0.1078530958      1152.6739059740 
        3.6050000000         3.9700000000         1.9905288886         3.5943492055      1160.2827163797 
        3.6100000000         3.9700000000         1.9956267916         9.4663426535      1167.8915267853 
        3.6150000000         3.9700000000         1.9981757431        16.2558350777      1171.6959319882 
        3.6200000000         3.9700000000         1.9879799371        21.5773291399      1156.4783111768 
        3.6250000000         3.9700000000         1.9879799371        27.6328223831      1156.4783111768 
        3.6300000000         3.9700000000         1.9905288886        32.7708166500      1160.2827163797 
        3.6350000000         3.9700000000         2.0058225975        38.8263098932      1183.1091475967 
        3.6400001000         3.9700000000         1.9956267916        45.2488027269      1167.8915267853 
        3.6450000000         3.9700000000         1.9752351797        50.0197974034      1137.4562851627 
        3.6500000000         3.9700000000         2.0032736460        56.9927896228      1179.3047423938 
        3.6550000000         3.9700000000         1.9930778401        62.3142836850      1164.0871215825 
        3.6600001000         3.9700000000         1.9956267916        67.4522779520      1167.8915267853 
        3.6650000000         3.9700000000         1.9981757431        73.5077711952      1171.6959319882 
        3.6700000000         3.9700000000         1.9879799371        78.8292652574      1156.4783111768 
        3.6750000000         3.9700000000         1.9752351797        84.1507593196      1137.4562851627 
        3.6800001000         3.9700000000         1.9981757431        90.7567519486      1171.6959319882 
        3.6850000000         3.9700000000         2.0109205005        95.8947462155      1190.7179580023 
        3.6900000000         3.9700000000         1.9854309856       101.0327404825      1152.6739059740 
        3.6950000000         3.9700000000         1.9675883252       106.7212341352      1126.0430695542 
        3.7000001000         3.9700000000         2.0007246945       112.4097277879      1175.5003371910 
        3.7050000000         3.9700000000         1.9828820341       118.2817212358      1148.8695007712 
        3.7100000000         3.9700000000         1.9803330827       124.3372144790      1145.0650955684 
        3.7150000000         3.9700000000         2.0058225975       130.0257081317      1183.1091475967 
        3.7200085000         3.9700000000         1.9828820341       135.5307019892      1148.8695007712 
        3.7250000000         3.9700000000         1.9803330827       141.7696950276      1145.0650955684 
        3.7300000000         3.9700000000         1.9956267916       147.4581886803      1167.8915267853 
        3.7350000000         3.9700000000         2.0160184035       153.8806815140      1198.3267684080 
        3.7400000000         3.9700000000         1.9854309856       159.3856753715      1152.6739059740 
        3.7450000000         3.9700000000         1.9675883252       164.8906692290      1126.0430695542 
        3.7500000000         3.9700000000         2.0109205005       171.3131620626      1190.7179580023 
        3.7550044000         3.9700000000         1.9828820341       176.6346561249      1148.8695007712 
        3.7600000000         3.9700000000         1.9905288886       182.5066495728      1160.2827163797 
        3.7650001000         3.9700000000         2.0032736460       188.5621428160      1179.3047423938 
        3.7700000000         3.9700000000         1.9879799371       194.2506364687      1156.4783111768 
        3.7750032000         3.9700000000         1.9803330827       199.9391301214      1145.0650955684 
        3.7800000000         3.9700000000         2.0058225975       205.6276237741      1183.1091475967 
        3.7850014000         3.9700000000         1.9956267916       211.4996172221      1167.8915267853 
        3.7900000000         3.9700000000         1.9905288886       217.1881108748      1160.2827163797 
        3.7950000000         3.9700000000         1.9879799371       222.8766045275      1156.4783111768 
        3.8000000000         3.9700000000         2.0007246945       228.3815983849      1175.5003371910 
        3.8050001000         3.9700000000         1.9828820341       234.2535918329      1148.8695007712 
        3.8100000000         3.9700000000         2.0032736460       240.3090850761      1179.3047423938 
        3.8150000000         3.9700000000         1.9905288886       245.6305791383      1160.2827163797 
        3.8200000000         3.9700000000         1.9981757431       251.5025725862      1171.6959319882 
        3.8250001000         3.9700000000         1.9854309856       257.5580658294      1152.6739059740 
        3.8300000000         3.9700000000         2.0058225975       262.6960600964      1183.1091475967 
        3.8350000000         3.9700000000         1.9905288886       268.2010539539      1160.2827163797 
        3.8400000000         3.9700000000         1.9930778401       274.4400469923      1164.0871215825 
        3.8450000000         3.9700000000         1.9828820341       280.1285406450      1148.8695007712 
        3.8500000000         3.9700000000         1.9956267916       285.6335345025      1167.8915267853 
        3.8550000000         3.9700000000         2.0109205005       292.0560273362      1190.7179580023 
        3.8600000000         3.9700000000         1.9777841312       297.1940216031      1141.2606903655 
        3.8650000000         3.9700000000         1.9879799371       303.6165144368      1156.4783111768 
        3.8700000000         3.9700000000         1.9854309856       308.5710089085      1152.6739059740 
        3.8750000000         3.9700000000         2.0007246945       314.9935017422      1175.5003371910 
        3.8800000000         3.9700000000         1.9981757431       320.6819953949      1171.6959319882 
        3.8850000000         3.9700000000         1.9930778401       326.1869892524      1164.0871215825 
        3.8900001000         3.9700000000         1.9905288886       331.6919831098      1160.2827163797 
        3.8950000000         3.9700000000         1.9956267916       338.2979757388      1167.8915267853 
        3.9000000000         3.9700000000         1.9879799371       343.6194698010      1156.4783111768 
        3.9050000000         3.9700000000         2.0032736460       349.8584628394      1179.3047423938 
        3.9100001000         3.9700000000         1.9956267916       356.6479552636      1167.8915267853 
        3.9150000000         3.9700000000         1.9803330827       360.1344513734      1145.0650955684 
        3.9200000000         3.9700000000         1.9956267916       359.4004521924      1167.8915267853 
        3.9250000000         3.9700000000         1.9956267916         0.2913528910      1167.8915267853 
        3.9300001000         3.9700000000         1.9752351797         0.2913528910      1137.4562851627 
        3.9350000000         3.9700000000         1.9854309856         2.8603500245      1152.6739059740 
        3.9400000000         3.9700000000         1.9956267916         8.7323434725      1167.8915267853 
        3.9450000000         3.9700000000         1.9879799371        14.6043369204      1156.4783111768 
        3.9500001000         3.9700000000         1.9879799371        21.0268297541      1156.4783111768 
        3.9550000000         3.9700000000         1.9930778401        26.5318236116      1164.0871215825 
        3.9600000000         3.9700000000         1.9981757431        32.2203172643      1171.6959319882 
        3.9650000000         3.9700000000         1.9854309856        37.9088109170      1152.6739059740 
        3.9700001000         3.9700000000         1.9930778401        44.3313037507      1164.0871215825 
        3.9750000000         3.9700000000         1.9905288886        48.9187986319      1160.2827163797 
        3.9800000000         3.9700000000         1.9803330827        55.1577916703      1145.0650955684 
        3.9850000000         3.9700000000         1.9879799371        61.3967847088      1156.4783111768 
        3.9900000000         3.9700000000         1.9981757431        67.0852783615      1171.6959319882 
        3.9950000000         3.9700000000         2.0007246945        72.2232726285      1175.5003371910 
