           Time[sec]           V_{cmd}[V]          V_{gyro}[V]          \theta[deg] \omega_{gyro}[deg/sec] 
        0.0000000000         2.0200000000         1.2130986854       152.5961829473         0.0989145353 
        0.0050000000         2.0200000000         1.2207455399       152.2291833568        11.5121301438 
        0.0100000000         2.0200000000         1.2207455399       152.5961829473        11.5121301438 
        0.0150000000         2.0200000000         1.2181965884       152.5961829473         7.7077249409 
        0.0200000000         2.0200000000         1.2181965884       152.7796827425         7.7077249409 
        0.0250000000         2.0200000000         1.2156476369       152.0456835616         3.9033197381 
        0.0300000000         2.0200000000         1.0856511111       151.4951841758      -190.1213456062 
        0.0350000000         2.0200000000         1.1213364319       150.3941854043      -136.8596727666 
        0.0400000000         2.0200000000         1.1340811893       149.6601862233      -117.8376467524 
        0.0450000000         2.0200000000         1.1289832864       149.6601862233      -125.4464571581 
        0.0500000000         2.0200000000         1.1085916745       148.9261870423      -155.8816987807 
        0.0550000000         2.0200000000         1.1187874804       148.5591874518      -140.6640779694 
        0.0600000000         2.0200000000         1.1034937715       147.4581886803      -163.4905091864 
        0.0650000000         2.0200000000         1.1136895775       147.2746888851      -148.2728883751 
        0.0700000000         2.0200000000         1.1060427230       146.3571899089      -159.6861039836 
        0.0750000000         2.0200000000         1.0882000626       145.0726913421      -186.3169404034 
        0.0800000000         2.0200000000         1.1136895775       144.7056917516      -148.2728883751 
        0.0850000000         2.0200000000         1.0856511111       143.2376933896      -190.1213456062 
        0.0900000000         2.0200000000         1.0932979656       142.3201944134      -178.7081299977 
        0.0950000000         2.0200000000         1.0882000626       141.4026954371      -186.3169404034 
        0.1000000000         2.0200000000         1.0780042567       140.4851964609      -201.5345612147 
        0.1050000000         2.0200000000         1.0805532081       139.5676974847      -197.7301560119 
        0.1100000000         2.0200000000         1.0652594992       138.2831989179      -220.5565872288 
        0.1150000000         2.0200000000         1.0780042567       137.9161993274      -201.5345612147 
        0.1200000000         2.0200000000         1.0703574022       136.9987003512      -212.9477768232 
        0.1250000000         2.0200000000         1.0703574022       135.3472021939      -212.9477768232 
        0.1300000000         2.0200000000         1.0576126448       134.2462034225      -231.9698028373 
        0.1350000000         2.0200000000         1.0601615963       133.3287044462      -228.1653976345 
        0.1400023000         2.0200000000         1.0576126448       132.5947052652      -231.9698028373 
        0.1450022000         2.0200000000         1.0652594992       131.3102066985      -220.5565872288 
        0.1500000000         2.0200000000         1.0601615963       130.2092079270      -228.1653976345 
        0.1550000000         2.0200000000         1.0550636933       128.3742099745      -235.7742080401 
        0.1600000000         2.0200000000         1.0576126448       127.8237105888      -231.9698028373 
        0.1650000000         2.0200000000         1.0525147418       125.6217130458      -239.5786132430 
        0.1700000000         2.0200000000         1.0397699844       125.0712136600      -258.6006392571 
        0.1750000000         2.0200000000         1.0499657903       123.9702148885      -243.3830184458 
        0.1800001000         2.0200000000         1.0499657903       122.5022165265      -243.3830184458 
        0.1850000000         2.0200000000         1.0525147418       121.7682173456      -239.5786132430 
        0.1900000000         2.0200000000         1.0423189359       119.9332193931      -254.7962340543 
        0.1950000000         2.0200000000         1.0397699844       119.0157204168      -258.6006392571 
        0.2000000000         2.0200000000         1.0474168388       117.9147216453      -247.1874236486 
        0.2050000000         2.0200000000         1.0295741784       115.8962238976      -273.8182600684 
        0.2100001000         2.0200000000         1.0346720814       114.6117253309      -266.2094496628 
        0.2150000000         2.0200000000         1.0244762754       113.8777261499      -281.4270704741 
        0.2200000000         2.0200000000         1.0372210329       112.5932275831      -262.4050444600 
        0.2250000000         2.0200000000         1.0346720814       110.9417294259      -266.2094496628 
        0.2300000000         2.0200000000         1.0270252269       110.0242304496      -277.6226652713 
        0.2350000000         2.0200000000         1.0346720814       109.2902312687      -266.2094496628 
        0.2400001000         2.0200000000         1.0372210329       107.6387331114      -262.4050444600 
        0.2450000000         2.0200000000         1.0270252269       105.9872349542      -277.6226652713 
        0.2500000000         2.0200000000         1.0270252269       105.2532357732      -277.6226652713 
        0.2550000000         2.0200000000         1.0321231299       103.4182378207      -270.0138548656 
        0.2600000000         2.0200000000         1.0219273240       102.1337392540      -285.2314756769 
        0.2650000000         2.0200000000         1.0219273240       100.2987413015      -285.2314756769 
        0.2700000000         2.0200000000         1.0270252269        99.7482419157      -277.6226652713 
        0.2750000000         2.0200000000         1.0193783725        97.5462443727      -289.0358808797 
        0.2800000000         2.0200000000         1.0168294210        96.8122451918      -292.8402860826 
        0.2850000000         2.0200000000         1.0244762754        95.1607470345      -281.4270704741 
        0.2900001000         2.0200000000         1.0168294210        93.6927486725      -292.8402860826 
        0.2950000000         2.0200000000         1.0142804695        91.8577507200      -296.6446912854 
        0.3000000000         2.0200000000         1.0193783725        91.1237515391      -289.0358808797 
        0.3050000000         2.0200000000         1.0142804695        89.2887535866      -296.6446912854 
        0.3100000000         2.0200000000         1.0015357121        87.8207552246      -315.6667172996 
        0.3150000000         2.0200000000         1.0193783725        86.5362566578      -289.0358808797 
        0.3200000000         2.0200000000         1.0244762754        86.1692570673      -281.4270704741 
        0.3250000000         2.0200000000         1.0270252269        84.5177589101      -277.6226652713 
        0.3300000000         2.0200000000         1.0091825665        83.0497605481      -304.2535016911 
        0.3350000000         2.0200000000         1.0117315180        81.0312628004      -300.4490964882 
        0.3400000000         2.0200000000         1.0117315180        80.1137638241      -300.4490964882 
        0.3450000000         2.0200000000         1.0244762754        79.1962648479      -281.4270704741 
        0.3500001000         2.0200000000         1.0142804695        76.9942673049      -296.6446912854 
        0.3550001000         2.0200000000         1.0117315180        75.7097687382      -300.4490964882 
        0.3600000000         2.0200000000         1.0015357121        74.2417703762      -315.6667172996 
        0.3650000000         2.0200000000         1.0168294210        72.4067724237      -292.8402860826 
        0.3700000000         2.0200000000         1.0091825665        71.1222738570      -304.2535016911 
        0.3750000000         2.0200000000         1.0168294210        69.8377752902      -292.8402860826 
        0.3800000000         2.0200000000         1.0066336150        68.3697769282      -308.0579068939 
        0.3850000000         2.0200000000         1.0117315180        67.0852783615      -300.4490964882 
        0.3900000000         2.0200000000         1.0015357121        65.0667806138      -315.6667172996 
        0.3950000000         2.0200000000         1.0066336150        63.7822820470      -308.0579068939 
        0.4000000000         2.0200000000         1.0066336150        62.4977834803      -308.0579068939 
        0.4050000000         2.0200000000         1.0168294210        61.5802845040      -292.8402860826 
        0.4100000000         2.0200000000         1.0168294210        60.1122861421      -292.8402860826 
        0.4150001000         2.0200000000         1.0015357121        57.9102885991      -315.6667172996 
        0.4200001000         2.0200000000         1.0040846636        56.9927896228      -311.8623120967 
        0.4250000000         2.0200000000         1.0091825665        55.7082910561      -304.2535016911 
        0.4300000000         2.0200000000         1.0117315180        53.6897933084      -300.4490964882 
        0.4350000000         2.0200000000         1.0142804695        52.2217949464      -296.6446912854 
        0.4400000000         2.0200000000         1.0091825665        50.5702967891      -304.2535016911 
        0.4450000000         2.0200000000         1.0091825665        48.7352988366      -304.2535016911 
        0.4500000000         2.0200000000         1.0040846636        47.6343000652      -311.8623120967 
        0.4550000000         2.0200000000         1.0091825665        46.1663017032      -304.2535016911 
        0.4600000000         2.0200000000         1.0015357121        44.1478039554      -315.6667172996 
        0.4650000000         2.0200000000         1.0091825665        43.2303049792      -304.2535016911 
        0.4700000000         2.0200000000         1.0091825665        41.7623066172      -304.2535016911 
        0.4750001000         2.0200000000         1.0040846636        40.1108084600      -311.8623120967 
        0.4800001000         2.0200000000         1.0066336150        39.0098096885      -308.0579068939 
        0.4850000000         2.0200000000         1.0040846636        36.8078121455      -311.8623120967 
        0.4900000000         2.0200000000         1.0066336150        35.7068133740      -308.0579068939 
        0.4950000000         2.0200000000         1.0040846636        33.8718154215      -311.8623120967 
        0.5000000000         2.0200000000         1.0040846636        32.0368174690      -311.8623120967 
        0.5050000000         2.0200000000         0.9964378091        30.5688191070      -323.2755277052 
        0.5100000000         2.0200000000         1.0040846636        28.9173209498      -311.8623120967 
        0.5150000000         2.0200000000         0.9989867606        27.8163221783      -319.4711225024 
        0.5200000000         2.0200000000         1.0040846636        26.3483238163      -311.8623120967 
        0.5250000000         2.0200000000         0.9989867606        24.8803254543      -319.4711225024 
        0.5300000000         2.0200000000         1.0142804695        23.5958268876      -296.6446912854 
        0.5350000000         2.0200000000         0.9836930517        21.0268297541      -342.2975537194 
        0.5400000000         2.0200000000         1.0091825665        20.1093307779      -304.2535016911 
        0.5450000000         2.0200000000         1.0040846636        17.9073332349      -311.8623120967 
        0.5500000000         2.0200000000         0.9913399061        16.8063344634      -330.8843381109 
        0.5550013000         2.0200000000         1.0015357121        14.6043369204      -315.6667172996 
        0.5600000000         2.0200000000         0.9989867606        13.1363385584      -319.4711225024 
        0.5650000000         2.0200000000         0.9938888576        11.1178408107      -327.0799329080 
        0.5700001000         2.0200000000         1.0091825665        10.5673414250      -304.2535016911 
        0.5750001000         2.0200000000         0.9938888576         7.8148444962      -327.0799329080 
        0.5800001000         2.0200000000         1.0066336150         6.8973455200      -308.0579068939 
        0.5850000000         2.0200000000         0.9913399061         4.6953479770      -330.8843381109 
        0.5900000000         2.0200000000         1.0040846636         4.1448485913      -311.8623120967 
        0.5950000000         2.0200000000         1.0040846636         2.1263508435      -311.8623120967 
        0.6000000000         2.0200000000         1.0040846636         0.6583524815      -311.8623120967 
        0.6050000000         2.0200000000         0.9913399061        -0.2591464947      -330.8843381109 
        0.6100000000         2.0200000000         1.0066336150         0.1078530958      -308.0579068939 
        0.6150000000         2.0200000000         0.9887909546         0.4748526863      -334.6887433137 
        0.6200000000         2.0200000000         0.9989867606        -0.2591464947      -319.4711225024 
        0.6250000000         2.0200000000         1.0040846636         0.1078530958      -311.8623120967 
        0.6300000000         2.0200000000         1.0066336150        80.6642632099      -308.0579068939 
        0.6350000000         2.0200000000         0.9964378091        79.7467642336      -323.2755277052 
        0.6400000000         2.0200000000         0.9964378091        80.1137638241      -323.2755277052 
        0.6450000000         2.0200000000         0.9989867606       359.7674517829      -319.4711225024 
        0.6500000000         2.0200000000         0.9913399061       359.4004521924      -330.8843381109 
        0.6550000000         2.0200000000         1.0015357121       359.9509515781      -315.6667172996 
        0.6600000000         2.0200000000         0.9887909546       359.5839519876      -334.6887433137 
        0.6650000000         2.0200000000         0.9913399061       360.1344513734      -330.8843381109 
        0.6700000000         2.0200000000         0.9938888576       359.0334526019      -327.0799329080 
        0.6750000000         2.0200000000         1.0015357121       358.4829532161      -315.6667172996 
        0.6800000000         2.0200000000         0.9938888576       356.6479552636      -327.0799329080 
        0.6850000000         2.0200000000         0.9989867606       354.8129573112      -319.4711225024 
        0.6900000000         2.0200000000         0.9964378091       353.1614591539      -323.2755277052 
        0.6950001000         2.0200000000         0.9938888576       351.3264612014      -327.0799329080 
        0.7000001000         2.0200000000         0.9887909546       349.1244636585      -334.6887433137 
        0.7050001000         2.0200000000         0.9887909546       347.8399650917      -334.6887433137 
        0.7100000000         2.0200000000         0.9989867606       346.3719667297      -319.4711225024 
        0.7150000000         2.0200000000         1.0040846636       345.0874681630      -311.8623120967 
        0.7200000000         2.0200000000         0.9862420032       343.4359700057      -338.4931485165 
        0.7250000000         2.0200000000         0.9989867606       341.2339724628      -319.4711225024 
        0.7300000000         2.0200000000         0.9989867606       339.5824743055      -319.4711225024 
        0.7350000000         2.0200000000         0.9836930517       337.0134771721      -342.2975537194 
        0.7400000000         2.0200000000         1.0040846636       336.6464775816      -311.8623120967 
        0.7450000000         2.0200000000         0.9887909546       334.4444800386      -334.6887433137 
        0.7500000000         2.0200000000         0.9938888576       332.6094820861      -327.0799329080 
        0.7550000000         2.0200000000         0.9989867606       330.7744841336      -319.4711225024 
        0.7600000000         2.0200000000         0.9964378091       329.4899855669      -323.2755277052 
        0.7650000000         2.0200000000         0.9785951487       327.1044882286      -349.9063641250 
        0.7700000000         2.0200000000         0.9913399061       325.6364898666      -330.8843381109 
        0.7750000000         2.0200000000         0.9989867606       324.3519912999      -319.4711225024 
        0.7800000000         2.0200000000         0.9964378091       322.5169933474      -323.2755277052 
        0.7850000000         2.0200000000         0.9836930517       321.0489949854      -342.2975537194 
        0.7900000000         2.0200000000         0.9964378091       318.8469974424      -323.2755277052 
        0.7950000000         2.0200000000         0.9964378091       317.9294984662      -323.2755277052 
        0.8000000000         2.0200000000         0.9811441002       316.0945005137      -346.1019589222 
        0.8050000000         2.0200000000         0.9938888576       314.0760027660      -327.0799329080 
        0.8100000000         2.0200000000         0.9913399061       312.7915041992      -330.8843381109 
        0.8150000000         2.0200000000         0.9964378091       311.6905054278      -323.2755277052 
        0.8200001000         2.0200000000         0.9964378091       309.3050080895      -323.2755277052 
        0.8250001000         2.0200000000         1.0040846636       308.3875091133      -311.8623120967 
        0.8300001000         2.0200000000         0.9938888576       306.5525111608      -327.0799329080 
        0.8350134000         2.0200000000         0.9938888576       303.9835140273      -327.0799329080 
        0.8400000000         2.0200000000         0.9964378091       303.4330146416      -323.2755277052 
        0.8450000000         2.0200000000         0.9989867606       301.2310170986      -319.4711225024 
        0.8500000000         2.0200000000         0.9913399061       299.5795189414      -330.8843381109 
        0.8550000000         2.0200000000         1.0040846636       298.4785201699      -311.8623120967 
        0.8600000000         2.0200000000         0.9887909546       296.4600224221      -334.6887433137 
        0.8650000000         2.0200000000         0.9913399061       294.4415246744      -330.8843381109 
        0.8700000000         2.0200000000         1.0066336150       293.1570261077      -308.0579068939 
        0.8750000000         2.0200000000         0.9913399061       290.7715287694      -330.8843381109 
        0.8800000000         2.0200000000         0.9989867606       289.4870302027      -319.4711225024 
        0.8850000000         2.0200000000         0.9862420032       287.6520322502      -338.4931485165 
        0.8900000000         2.0200000000         0.9989867606       286.0005340930      -319.4711225024 
        0.8950000000         2.0200000000         0.9913399061       284.7160355262      -330.8843381109 
        0.9000000000         2.0200000000         0.9862420032       282.3305381880      -338.4931485165 
        0.9050000000         2.0200000000         0.9913399061       281.4130392118      -330.8843381109 
        0.9100000000         2.0200000000         1.0066336150       279.7615410545      -308.0579068939 
        0.9150000000         2.0200000000         0.9913399061       278.2935426925      -330.8843381109 
        0.9200000000         2.0200000000         0.9887909546       275.9080453543      -334.6887433137 
        0.9250000000         2.0200000000         1.0040846636       275.3575459686      -311.8623120967 
        0.9300000000         2.0200000000         0.9862420032       272.7885488351      -338.4931485165 
        0.9350000000         2.0200000000         1.0066336150       271.8710498588      -308.0579068939 
        0.9400000000         2.0200000000         1.0015357121       270.4030514968      -315.6667172996 
        0.9450001000         2.0200000000         0.9887909546       268.3845537491      -334.6887433137 
        0.9500001000         2.0200000000         0.9887909546       265.9990564109      -334.6887433137 
        0.9550001000         2.0200000000         0.9887909546       264.5310580489      -334.6887433137 
        0.9600001000         2.0200000000         0.9964378091       263.0630596869      -323.2755277052 
        0.9650000000         2.0200000000         0.9887909546       261.2280617344      -334.6887433137 
        0.9700000000         2.0200000000         0.9887909546       259.9435631677      -334.6887433137 
        0.9750000000         2.0200000000         0.9989867606       259.2095639867      -319.4711225024 
        0.9800000000         2.0200000000         0.9913399061       257.1910662390      -330.8843381109 
        0.9850000000         2.0200000000         0.9887909546       255.3560682865      -334.6887433137 
        0.9900000000         2.0200000000         0.9989867606       254.2550695150      -319.4711225024 
        0.9950000000         2.0200000000         1.0117315180       252.2365717672      -300.4490964882 
        1.0000000000         2.0200000000         0.9964378091       251.1355729957      -323.2755277052 
        1.0050000000         2.0200000000         1.0040846636       248.9335754528      -311.8623120967 
        1.0100001000         2.0200000000         0.9836930517       246.9150777050      -342.2975537194 
        1.0150000000         2.0200000000         0.9989867606       245.8140789335      -319.4711225024 
        1.0200001000         2.0200000000         1.0040846636       244.1625807763      -311.8623120967 
        1.0250000000         2.0200000000         0.9964378091       243.0615820048      -323.2755277052 
        1.0300000000         2.0200000000         0.9989867606       241.5935836428      -319.4711225024 
        1.0350000000         2.0200000000         1.0091825665       239.9420854856      -304.2535016911 
        1.0400000000         2.0200000000         0.9862420032       237.5565881474      -338.4931485165 
        1.0450000000         2.0200000000         0.9989867606       236.2720895806      -319.4711225024 
        1.0500000000         2.0200000000         0.9964378091       234.8040912186      -323.2755277052 
        1.0550000000         2.0200000000         0.9913399061       232.6020936757      -330.8843381109 
        1.0600000000         2.0200000000         0.9938888576       231.1340953137      -327.0799329080 
        1.0650000000         2.0200000000         0.9989867606       230.2165963374      -319.4711225024 
        1.0700000000         2.0200000000         0.9913399061       228.5650981802      -330.8843381109 
        1.0750000000         2.0200000000         0.9964378091       226.7301002277      -323.2755277052 
        1.0800000000         2.0200000000         0.9964378091       225.0786020705      -323.2755277052 
        1.0850000000         2.0200000000         0.9964378091       223.4271039132      -323.2755277052 
        1.0900000000         2.0200000000         0.9913399061       221.5921059607      -330.8843381109 
        1.0950000000         2.0200000000         0.9938888576       220.1241075988      -327.0799329080 
        1.1000000000         2.0200000000         0.9938888576       219.0231088273      -327.0799329080 
        1.1050000000         2.0200000000         1.0066336150       217.5551104653      -308.0579068939 
        1.1100000000         2.0200000000         0.9913399061       216.0871121033      -330.8843381109 
        1.1150000000         2.0200000000         0.9862420032       213.7016147651      -338.4931485165 
        1.1200000000         2.0200000000         1.0040846636       212.9676155841      -311.8623120967 
        1.1250000000         2.0200000000         0.9989867606       210.9491178363      -319.4711225024 
        1.1300000000         2.0200000000         0.9913399061       209.4811194743      -330.8843381109 
        1.1350001000         2.0200000000         0.9964378091       208.3801207028      -323.2755277052 
        1.1400000000         2.0200000000         1.0040846636       206.7286225456      -311.8623120967 
        1.1450001000         2.0200000000         1.0066336150       205.2606241836      -308.0579068939 
        1.1500000000         2.0200000000         1.0015357121       203.7926258216      -315.6667172996 
        1.1550001000         2.0200000000         0.9964378091       202.1411276644      -323.2755277052 
        1.1600000000         2.0200000000         1.0117315180       200.8566290977      -300.4490964882 
        1.1650000000         2.0200000000         0.9989867606       198.6546315547      -319.4711225024 
        1.1700000000         2.0200000000         0.9989867606       197.3701329879      -319.4711225024 
        1.1750000000         2.0200000000         0.9887909546       195.7186348307      -334.6887433137 
        1.1800000000         2.0200000000         1.0142804695       194.9846356497      -296.6446912854 
        1.1850000000         2.0200000000         1.0091825665       193.5166372877      -304.2535016911 
        1.1900000000         2.0200000000         1.0066336150       191.6816393352      -308.0579068939 
        1.1950000000         2.0200000000         1.0040846636       190.2136409732      -311.8623120967 
        1.2000000000         2.0200000000         0.9938888576       187.8281436350      -327.0799329080 
        1.2050000000         2.0200000000         1.0040846636       186.5436450683      -311.8623120967 
        1.2100000000         2.0200000000         0.9964378091       184.8921469110      -323.2755277052 
        1.2150000000         2.0200000000         0.9913399061       183.0571489586      -330.8843381109 
        1.2200000000         2.0200000000         0.9887909546       181.2221510061      -334.6887433137 
        1.2250000000         2.0200000000         1.0066336150       180.6716516203      -308.0579068939 
        1.2300000000         2.0200000000         0.9887909546       178.4696540773      -334.6887433137 
        1.2350000000         2.0200000000         0.9989867606       177.3686553058      -319.4711225024 
        1.2400000000         2.0200000000         0.9913399061       175.9006569439      -330.8843381109 
        1.2450000000         2.0200000000         1.0015357121       174.2491587866      -315.6667172996 
        1.2500000000         2.0200000000         1.0066336150       173.5151596056      -308.0579068939 
        1.2550000000         2.0200000000         1.0091825665       171.8636614484      -304.2535016911 
        1.2600001000         2.0200000000         0.9964378091       169.6616639054      -323.2755277052 
        1.2650000000         2.0200000000         1.0040846636       168.1936655434      -311.8623120967 
        1.2700001000         2.0200000000         0.9913399061       166.1751677957      -330.8843381109 
        1.2750000000         2.0200000000         0.9887909546       164.3401698432      -334.6887433137 
        1.2800001000         2.0200000000         0.9964378091       163.0556712765      -323.2755277052 
        1.2850000000         2.0200000000         0.9964378091       161.4041731192      -323.2755277052 
        1.2900000000         2.0200000000         1.0091825665       160.8536737335      -304.2535016911 
        1.2950000000         2.0200000000         0.9964378091       158.2846766000      -323.2755277052 
        1.3000000000         2.0200000000         0.9913399061       157.0001780333      -330.8843381109 
        1.3050000000         2.0200000000         0.9964378091       155.5321796713      -323.2755277052 
        1.3100000000         2.0200000000         1.0168294210       154.4311808998      -292.8402860826 
        1.3150000000         2.0200000000         0.9989867606       152.5961829473      -319.4711225024 
        1.3200000000         2.0200000000         0.9938888576       150.9446847901      -327.0799329080 
        1.3250000000         2.0200000000         0.9913399061       148.7426872471      -330.8843381109 
        1.3300000000         2.0200000000         1.0066336150       148.5591874518      -308.0579068939 
        1.3350000000         2.0200000000         0.9913399061       145.9901903184      -330.8843381109 
        1.3400000000         2.0200000000         0.9964378091       144.3386921611      -323.2755277052 
        1.3450000000         2.0200000000         1.0040846636       143.6046929801      -311.8623120967 
        1.3500000000         2.0200000000         0.9887909546       141.5861952324      -334.6887433137 
        1.3550000000         2.0200000000         0.9862420032       139.3841976894      -338.4931485165 
        1.3600000000         2.0200000000         0.9913399061       137.9161993274      -330.8843381109 
        1.3650000000         2.0200000000         0.9989867606       136.0812013749      -319.4711225024 
        1.3700000000         2.0200000000         0.9913399061       134.7967028082      -330.8843381109 
        1.3750000000         2.0200000000         1.0040846636       133.5122042415      -311.8623120967 
        1.3800000000         2.0200000000         0.9938888576       132.0442058795      -327.0799329080 
        1.3850001000         2.0200000000         0.9862420032       130.5762075175      -338.4931485165 
        1.3900000000         2.0200000000         0.9913399061       129.1082091555      -330.8843381109 
        1.3950001000         2.0200000000         1.0040846636       128.0072103840      -311.8623120967 
        1.4000000000         2.0200000000         1.0066336150       125.8052128410      -308.0579068939 
        1.4050001000         2.0200000000         0.9938888576       123.9702148885      -327.0799329080 
        1.4100000000         2.0200000000         0.9989867606       122.5022165265      -319.4711225024 
        1.4150000000         2.0200000000         0.9964378091       121.5847175503      -323.2755277052 
        1.4200000000         2.0200000000         1.0091825665       120.1167191883      -304.2535016911 
        1.4250000000         2.0200000000         0.9887909546       117.9147216453      -334.6887433137 
        1.4300000000         2.0200000000         0.9862420032       116.2632234881      -338.4931485165 
        1.4350000000         2.0200000000         1.0066336150       114.7952251261      -308.0579068939 
        1.4400000000         2.0200000000         0.9913399061       112.9602271736      -330.8843381109 
        1.4450000000         2.0200000000         1.0015357121       111.4922288116      -315.6667172996 
        1.4500000000         2.0200000000         0.9887909546       109.6572308591      -334.6887433137 
        1.4550000000         2.0200000000         0.9938888576       108.5562320877      -327.0799329080 
        1.4600000000         2.0200000000         0.9887909546       106.3542345447      -334.6887433137 
        1.4650000000         2.0200000000         0.9989867606       105.4367355684      -319.4711225024 
        1.4700000000         2.0200000000         0.9913399061       103.9687372064      -330.8843381109 
        1.4750000000         2.0200000000         1.0040846636       102.5007388445      -311.8623120967 
        1.4800000000         2.0200000000         1.0091825665       101.2162402777      -304.2535016911 
        1.4850000000         2.0200000000         0.9836930517        99.0142427347      -342.2975537194 
        1.4900000000         2.0200000000         0.9938888576        97.5462443727      -327.0799329080 
        1.4950000000         2.0200000000         1.0091825665        96.0782460108      -304.2535016911 
        1.5000000000         2.0200000000         1.0066336150        94.4267478535      -308.0579068939 
        1.5050000000         2.0200000000         0.9989867606        92.9587494915      -319.4711225024 
        1.5100001000         2.0200000000         0.9964378091        91.3072513343      -323.2755277052 
        1.5150000000         2.0200000000         0.9938888576        89.8392529723      -327.0799329080 
        1.5200001000         2.0200000000         0.9887909546        87.6372554293      -334.6887433137 
        1.5250613000         2.0200000000         0.9989867606        86.7197564531      -319.4711225024 
        1.5300001000         2.0200000000         0.9964378091        85.8022574768      -323.2755277052 
        1.5350000000         2.0200000000         1.0015357121        83.4167601386      -315.6667172996 
        1.5400001000         2.0200000000         0.9913399061        82.3157613671      -330.8843381109 
        1.5450000000         2.0200000000         0.9989867606        81.0312628004      -319.4711225024 
        1.5500000000         2.0200000000         0.9887909546        78.4622656669      -334.6887433137 
        1.5550000000         2.0200000000         0.9964378091        77.5447666907      -323.2755277052 
        1.5600000000         2.0200000000         0.9964378091        76.0767683287      -323.2755277052 
        1.5650000000         2.0200000000         0.9938888576        74.2417703762      -327.0799329080 
        1.5700000000         2.0200000000         0.9862420032        72.4067724237      -338.4931485165 
        1.5750000000         2.0200000000         0.9887909546        71.1222738570      -334.6887433137 
        1.5800000000         2.0200000000         1.0015357121        69.6542754950      -315.6667172996 
        1.5850000000         2.0200000000         0.9862420032        68.0027773377      -338.4931485165 
        1.5900000000         2.0200000000         0.9964378091        66.5347789758      -323.2755277052 
        1.5950000000         2.0200000000         0.9887909546        64.8832808185      -334.6887433137 
        1.6000000000         2.0200000000         0.9887909546        62.6812832755      -334.6887433137 
        1.6050000000         2.0200000000         0.9989867606        61.5802845040      -319.4711225024 
        1.6100000000         2.0200000000         0.9913399061        59.9287863468      -330.8843381109 
        1.6150000000         2.0200000000         0.9887909546        59.0112873706      -334.6887433137 
        1.6200000000         2.0200000000         1.0066336150        57.3597892133      -308.0579068939 
        1.6250000000         2.0200000000         1.0040846636        55.7082910561      -311.8623120967 
        1.6300000000         2.0200000000         0.9938888576        54.0567928989      -327.0799329080 
        1.6350001000         2.0200000000         0.9913399061        52.0382951511      -330.8843381109 
        1.6400000000         2.0200000000         0.9913399061        50.3867969939      -330.8843381109 
        1.6450001000         2.0200000000         0.9964378091        48.9187986319      -323.2755277052 
        1.6500000000         2.0200000000         0.9887909546        47.0838006794      -334.6887433137 
        1.6550001000         2.0200000000         0.9913399061        45.4323025222      -330.8843381109 
        1.6600000000         2.0200000000         1.0015357121        43.9643041602      -315.6667172996 
        1.6650001000         2.0200000000         0.9964378091        42.4963057982      -323.2755277052 
        1.6700000000         2.0200000000         0.9913399061        41.0283074362      -330.8843381109 
        1.6750000000         2.0200000000         0.9989867606        38.8263098932      -319.4711225024 
        1.6800000000         2.0200000000         1.0015357121        37.7253111217      -315.6667172996 
        1.6850000000         2.0200000000         0.9887909546        35.3398137835      -334.6887433137 
        1.6900000000         2.0200000000         0.9811441002        33.6883156263      -346.1019589222 
        1.6950000000         2.0200000000         0.9964378091        32.5873168548      -323.2755277052 
        1.7000000000         2.0200000000         1.0015357121        31.1193184928      -315.6667172996 
        1.7050000000         2.0200000000         0.9836930517        28.7338211546      -342.2975537194 
        1.7100000000         2.0200000000         0.9913399061        27.8163221783      -330.8843381109 
        1.7150000000         2.0200000000         0.9862420032        25.4308248401      -338.4931485165 
        1.7200225000         2.0200000000         0.9938888576        24.3298260686      -327.0799329080 
        1.7250000000         2.0200000000         0.9887909546        22.6783279114      -334.6887433137 
        1.7300000000         2.0200000000         0.9964378091        21.3938293446      -323.2755277052 
        1.7350000000         2.0200000000         0.9887909546        19.3753315969      -334.6887433137 
        1.7400000000         2.0200000000         0.9913399061        17.9073332349      -330.8843381109 
        1.7450000000         2.0200000000         0.9989867606        16.6228346682      -319.4711225024 
        1.7500000000         2.0200000000         0.9913399061        14.0538375347      -330.8843381109 
        1.7550000000         2.0200000000         0.9887909546        12.9528387632      -334.6887433137 
        1.7600001000         2.0200000000         0.9913399061        10.7508412202      -330.8843381109 
        1.7650000000         2.0200000000         0.9989867606         9.6498424487      -319.4711225024 
        1.7700001000         2.0200000000         0.9811441002         7.0808453152      -346.1019589222 
        1.7750000000         2.0200000000         0.9887909546         5.2458473627      -334.6887433137 
        1.7800001000         2.0200000000         0.9862420032         4.1448485913      -338.4931485165 
        1.7850000000         2.0200000000         0.9913399061         2.1263508435      -330.8843381109 
        1.7900001000         2.0200000000         0.9887909546         1.2088518673      -334.6887433137 
        1.7950000000         2.0200000000         0.9913399061         0.6583524815      -330.8843381109 
        1.8000000000         2.0200000000         0.9964378091         0.1078530958      -323.2755277052 
        1.8050000000         2.0200000000         0.9913399061         0.6583524815      -330.8843381109 
        1.8100000000         2.0200000000         0.9887909546         0.1078530958      -334.6887433137 
        1.8150000000         2.0200000000         0.9964378091         0.2913528910      -323.2755277052 
        1.8200000000         2.0200000000         0.9913399061        79.9302640289      -330.8843381109 
        1.8250000000         2.0200000000         0.9964378091        79.9302640289      -323.2755277052 
        1.8300000000         2.0200000000         0.9964378091        79.9302640289      -323.2755277052 
        1.8350000000         2.0200000000         0.9836930517       359.7674517829      -342.2975537194 
        1.8400000000         2.0200000000         0.9964378091       359.9509515781      -323.2755277052 
        1.8450000000         2.0200000000         1.0015357121       360.3179511686      -315.6667172996 
        1.8500000000         2.0200000000         0.9913399061       359.9509515781      -330.8843381109 
        1.8550000000         2.0200000000         0.9836930517       360.1344513734      -342.2975537194 
        1.8600000000         2.0200000000         0.9913399061       359.4004521924      -330.8843381109 
        1.8650000000         2.0200000000         0.9989867606       357.3819544446      -319.4711225024 
        1.8700000000         2.0200000000         0.9964378091       356.4644554684      -323.2755277052 
        1.8750000000         2.0200000000         0.9964378091       355.1799569017      -323.2755277052 
        1.8800000000         2.0200000000         1.0015357121       353.1614591539      -315.6667172996 
        1.8850001000         2.0200000000         1.0015357121       351.5099609967      -315.6667172996 
        1.8900000000         2.0200000000         0.9964378091       349.8584628394      -323.2755277052 
        1.8950001000         2.0200000000         0.9913399061       347.8399650917      -330.8843381109 
        1.9000000000         2.0200000000         0.9938888576       346.5554665250      -327.0799329080 
        1.9050001000         2.0200000000         0.9989867606       344.9039683677      -319.4711225024 
        1.9100000000         2.0200000000         0.9913399061       342.7019708248      -330.8843381109 
        1.9150001000         2.0200000000         0.9964378091       341.0504726675      -323.2755277052 
        1.9200000000         2.0200000000         0.9913399061       339.2154747150      -330.8843381109 
        1.9250000000         2.0200000000         0.9913399061       337.1969769673      -330.8843381109 
        1.9300000000         2.0200000000         0.9836930517       335.3619790148      -342.2975537194 
        1.9350000000         2.0200000000         0.9938888576       334.0774804481      -327.0799329080 
        1.9400000000         2.0200000000         0.9913399061       331.8754829051      -330.8843381109 
        1.9450000000         2.0200000000         1.0040846636       330.9579839289      -311.8623120967 
        1.9500000000         2.0200000000         0.9938888576       329.1229859764      -327.0799329080 
        1.9550000000         2.0200000000         0.9887909546       327.4714878191      -334.6887433137 
        1.9600000000         2.0200000000         0.9836930517       325.4529900714      -342.2975537194 
        1.9650000000         2.0200000000         1.0091825665       324.5354910952      -304.2535016911 
        1.9700000000         2.0200000000         1.0015357121       322.3334935522      -315.6667172996 
        1.9750000000         2.0200000000         0.9887909546       321.2324947807      -334.6887433137 
        1.9800000000         2.0200000000         0.9989867606       319.0304972377      -319.4711225024 
        1.9850000000         2.0200000000         1.0015357121       317.3789990805      -315.6667172996 
        1.9900000000         2.0200000000         0.9964378091       316.4615001042      -323.2755277052 
        1.9950000000         2.0200000000         1.0066336150       314.0760027660      -308.0579068939 
        2.0000000000         2.0200000000         0.9938888576       312.6080044040      -327.0799329080 
        2.0050000000         2.0200000000         0.9913399061       311.1400060420      -330.8843381109 
        2.0100000000         2.0200000000         1.0015357121       309.1215082943      -315.6667172996 
        2.0150001000         2.0200000000         0.9964378091       307.8370097275      -323.2755277052 
        2.0200001000         2.0200000000         0.9913399061       306.0020117751      -330.8843381109 
        2.0250000000         2.0200000000         1.0193783725       304.9010130036      -289.0358808797 
        2.0300000000         2.0200000000         0.9913399061       303.0660150511      -330.8843381109 
        2.0350001000         2.0200000000         0.9964378091       301.4145168938      -323.2755277052 
        2.0400001000         2.0200000000         0.9913399061       299.2125193509      -330.8843381109 
        2.0450000000         2.0200000000         0.9964378091       297.5610211936      -323.2755277052 
        2.0500000000         2.0200000000         0.9989867606       295.9095230364      -319.4711225024 
        2.0550000000         2.0200000000         0.9989867606       294.9920240601      -319.4711225024 
        2.0600000000         2.0200000000         0.9964378091       292.9735263124      -323.2755277052 
        2.0650000000         2.0200000000         1.0066336150       291.8725275409      -308.0579068939 
        2.0700000000         2.0200000000         0.9964378091       289.4870302027      -323.2755277052 
        2.0750000000         2.0200000000         1.0091825665       288.7530310217      -304.2535016911 
        2.0800000000         2.0200000000         1.0091825665       286.5510334787      -304.2535016911 
        2.0850000000         2.0200000000         1.0040846636       285.4500347072      -311.8623120967 
        2.0900000000         2.0200000000         1.0066336150       283.9820363452      -308.0579068939 
        2.0950000000         2.0200000000         1.0117315180       282.5140379832      -300.4490964882 
        2.1000000000         2.0200000000         0.9938888576       279.9450408498      -327.0799329080 
        2.1050000000         2.0200000000         1.0066336150       279.0275418735      -308.0579068939 
        2.1100000000         2.0200000000         1.0015357121       277.1925439210      -315.6667172996 
        2.1150000000         2.0200000000         1.0040846636       275.5410457638      -311.8623120967 
        2.1200000000         2.0200000000         0.9989867606       274.4400469923      -319.4711225024 
        2.1250000000         2.0200000000         1.0066336150       272.9720486303      -308.0579068939 
        2.1300000000         2.0200000000         0.9989867606       270.9535508826      -319.4711225024 
        2.1350000000         2.0200000000         1.0040846636       269.8525521111      -311.8623120967 
        2.1400001000         2.0200000000         0.9964378091       268.3845537491      -323.2755277052 
        2.1450000000         2.0200000000         1.0040846636       266.5495557966      -311.8623120967 
        2.1500024000         2.0200000000         0.9964378091       264.7145578441      -323.2755277052 
        2.1550000000         2.0200000000         1.0066336150       262.8795598917      -308.0579068939 
        2.1600001000         2.0200000000         0.9989867606       261.5950613249      -319.4711225024 
        2.1650000000         2.0200000000         0.9989867606       260.3105627582      -319.4711225024 
        2.1700000000         2.0200000000         0.9938888576       257.5580658294      -327.0799329080 
        2.1750000000         2.0200000000         0.9964378091       255.9065676722      -323.2755277052 
        2.1800001000         2.0200000000         0.9989867606       255.1725684912      -319.4711225024 
        2.1850000000         2.0200000000         1.0066336150       253.3375705387      -308.0579068939 
        2.1900000000         2.0200000000         0.9887909546       251.8695721767      -334.6887433137 
        2.1950000000         2.0200000000         1.0066336150       250.4015738148      -308.0579068939 
        2.2000000000         2.0200000000         1.0015357121       248.7500756575      -315.6667172996 
        2.2050000000         2.0200000000         0.9989867606       247.2820772955      -319.4711225024 
        2.2100000000         2.0200000000         1.0066336150       245.9975787288      -308.0579068939 
        2.2150000000         2.0200000000         0.9964378091       243.9790809811      -323.2755277052 
        2.2200000000         2.0200000000         0.9964378091       242.6945824143      -323.2755277052 
        2.2250000000         2.0200000000         1.0015357121       241.4100838476      -315.6667172996 
        2.2300000000         2.0200000000         0.9938888576       239.9420854856      -327.0799329080 
        2.2350000000         2.0200000000         0.9989867606       237.7400879426      -319.4711225024 
        2.2400000000         2.0200000000         1.0091825665       236.2720895806      -304.2535016911 
        2.2450000000         2.0200000000         1.0015357121       234.9875910139      -315.6667172996 
        2.2500000000         2.0200000000         0.9989867606       233.5195926519      -319.4711225024 
        2.2550000000         2.0200000000         0.9913399061       231.3175951089      -330.8843381109 
        2.2600000000         2.0200000000         0.9938888576       229.6660969517      -327.0799329080 
        2.2650001000         2.0200000000         1.0066336150       228.3815983849      -308.0579068939 
        2.2700000000         2.0200000000         1.0066336150       227.2805996134      -308.0579068939 
        2.2750000000         2.0200000000         0.9887909546       224.7116024800      -334.6887433137 
        2.2800000000         2.0200000000         1.0142804695       223.9776032990      -296.6446912854 
        2.2850001000         2.0200000000         0.9964378091       222.3261051417      -323.2755277052 
        2.2900000000         2.0200000000         0.9913399061       221.0416065750      -330.8843381109 
        2.2950000000         2.0200000000         1.0066336150       219.3901084178      -308.0579068939 
        2.3000000000         2.0200000000         0.9989867606       217.5551104653      -319.4711225024 
        2.3050001000         2.0200000000         1.0066336150       215.9036123080      -308.0579068939 
        2.3100000000         2.0200000000         1.0040846636       214.6191137413      -311.8623120967 
        2.3150000000         2.0200000000         0.9862420032       212.7841157888      -338.4931485165 
        2.3200000000         2.0200000000         0.9887909546       210.7656180411      -334.6887433137 
        2.3250000000         2.0200000000         1.0066336150       209.6646192696      -308.0579068939 
        2.3300000000         2.0200000000         0.9862420032       208.3801207028      -338.4931485165 
        2.3350000000         2.0200000000         0.9938888576       206.7286225456      -327.0799329080 
        2.3400000000         2.0200000000         0.9938888576       204.5266250026      -327.0799329080 
        2.3450000000         2.0200000000         0.9989867606       203.6091260264      -319.4711225024 
        2.3500000000         2.0200000000         0.9887909546       201.9576278691      -334.6887433137 
        2.3550000000         2.0200000000         0.9913399061       200.4896295072      -330.8843381109 
        2.3600000000         2.0200000000         0.9964378091       198.8381313499      -323.2755277052 
        2.3650002000         2.0200000000         1.0040846636       197.3701329879      -311.8623120967 
        2.3700000000         2.0200000000         1.0117315180       196.0856344212      -300.4490964882 
        2.3750000000         2.0200000000         0.9964378091       194.2506364687      -323.2755277052 
        2.3800000000         2.0200000000         1.0091825665       192.5991383115      -304.2535016911 
        2.3850000000         2.0200000000         0.9964378091       191.1311399495      -323.2755277052 
        2.3900001000         2.0200000000         0.9964378091       189.4796417923      -323.2755277052 
        2.3950000000         2.0200000000         1.0040846636       188.1951432255      -311.8623120967 
        2.4000000000         2.0200000000         1.0117315180       187.0941444540      -300.4490964882 
        2.4050000000         2.0200000000         0.9964378091       185.0756467063      -323.2755277052 
        2.4100001000         2.0200000000         1.0066336150       183.2406487538      -308.0579068939 
        2.4150000000         2.0200000000         0.9862420032       181.9561501871      -338.4931485165 
        2.4200000000         2.0200000000         1.0040846636       180.3046520298      -311.8623120967 
        2.4250000000         2.0200000000         1.0015357121       178.2861542821      -315.6667172996 
        2.4300001000         2.0200000000         1.0142804695       177.0016557154      -296.6446912854 
        2.4350000000         2.0200000000         1.0015357121       175.9006569439      -315.6667172996 
        2.4400000000         2.0200000000         1.0040846636       174.0656589914      -311.8623120967 
        2.4450000000         2.0200000000         1.0066336150       173.1481600151      -308.0579068939 
        2.4500000000         2.0200000000         1.0015357121       171.6801616531      -315.6667172996 
        2.4550000000         2.0200000000         0.9989867606       169.2946643149      -319.4711225024 
        2.4600000000         2.0200000000         1.0066336150       168.7441649292      -308.0579068939 
        2.4650000000         2.0200000000         1.0040846636       166.5421673862      -311.8623120967 
        2.4700000000         2.0200000000         1.0091825665       165.6246684099      -304.2535016911 
        2.4750000000         2.0200000000         1.0066336150       163.7896704575      -308.0579068939 
        2.4800000000         2.0200000000         0.9989867606       161.4041731192      -319.4711225024 
        2.4850000000         2.0200000000         1.0142804695       160.6701739382      -296.6446912854 
        2.4900000000         2.0200000000         1.0066336150       159.3856753715      -308.0579068939 
        2.4950000000         2.0200000000         1.0117315180       157.7341772143      -300.4490964882 
        2.5000000000         2.0200000000         1.0117315180       156.2661788523      -300.4490964882 
        2.5050000000         2.0200000000         1.0066336150       154.9816802855      -308.0579068939 
        2.5100000000         2.0200000000         0.9913399061       152.0456835616      -330.8843381109 
        2.5150001000         2.0200000000         1.0168294210       151.8621837663      -292.8402860826 
        2.5200000000         2.0200000000         0.9887909546       149.1096868376      -334.6887433137 
        2.5250000000         2.0200000000         1.0040846636       148.5591874518      -311.8623120967 
        2.5300000000         2.0200000000         1.0015357121       146.5406897041      -315.6667172996 
        2.5350001000         2.0200000000         1.0040846636       145.2561911374      -311.8623120967 
        2.5400000000         2.0200000000         1.0117315180       144.1551923659      -300.4490964882 
        2.5450000000         2.0200000000         0.9964378091       141.5861952324      -323.2755277052 
        2.5500000000         2.0200000000         0.9938888576       139.7511972799      -327.0799329080 
        2.5550001000         2.0200000000         1.0142804695       139.2006978942      -296.6446912854 
        2.5600000000         2.0200000000         1.0117315180       137.7326995322      -300.4490964882 
        2.5650000000         2.0200000000         1.0066336150       135.5307019892      -308.0579068939 
        2.5700000000         2.0200000000         0.9989867606       133.3287044462      -319.4711225024 
        2.5750000000         2.0200000000         0.9964378091       132.0442058795      -323.2755277052 
        2.5800000000         2.0200000000         0.9964378091       131.1267069032      -323.2755277052 
        2.5850000000         2.0200000000         0.9913399061       128.7412095650      -330.8843381109 
        2.5900000000         2.0200000000         0.9964378091       127.4567109983      -323.2755277052 
        2.5950000000         2.0200000000         0.9989867606       126.3557122268      -319.4711225024 
        2.6000000000         2.0200000000         0.9862420032       124.3372144790      -338.4931485165 
        2.6050000000         2.0200000000         1.0040846636       123.0527159123      -311.8623120967 
        2.6100157000         2.0200000000         0.9887909546       121.0342181646      -334.6887433137 
        2.6150000000         2.0200000000         1.0091825665       120.1167191883      -304.2535016911 
        2.6200000000         2.0200000000         0.9938888576       118.0982214406      -327.0799329080 
        2.6250000000         2.0200000000         0.9989867606       117.5477220548      -319.4711225024 
        2.6300000000         2.0200000000         0.9989867606       115.5292243071      -319.4711225024 
        2.6350000000         2.0200000000         0.9989867606       113.8777261499      -319.4711225024 
        2.6400001000         2.0200000000         1.0091825665       112.7767273784      -304.2535016911 
        2.6450000000         2.0200000000         1.0015357121       110.7582296306      -315.6667172996 
        2.6500000000         2.0200000000         0.9989867606       109.8407306544      -319.4711225024 
        2.6550000000         2.0200000000         0.9938888576       107.6387331114      -327.0799329080 
        2.6600001000         2.0200000000         0.9887909546       105.4367355684      -334.6887433137 
        2.6650000000         2.0200000000         0.9964378091       104.5192365922      -323.2755277052 
        2.6700000000         2.0200000000         0.9964378091       102.8677384350      -323.2755277052 
        2.6750000000         2.0200000000         0.9887909546       101.0327404825      -334.6887433137 
        2.6800001000         2.0200000000         0.9913399061        99.5647421205      -330.8843381109 
        2.6850000000         2.0200000000         0.9862420032        97.5462443727      -338.4931485165 
        2.6900000000         2.0200000000         0.9811441002        96.8122451918      -346.1019589222 
        2.6950000000         2.0200000000         0.9938888576        95.1607470345      -327.0799329080 
        2.7000000000         2.0200000000         0.9887909546        93.3257490820      -334.6887433137 
        2.7050000000         2.0200000000         0.9964378091        92.2247503105      -323.2755277052 
        2.7100000000         2.0200000000         0.9887909546        90.0227527676      -334.6887433137 
        2.7150000000         2.0200000000         0.9887909546        88.5547544056      -334.6887433137 
        2.7200000000         2.0200000000         0.9811441002        86.5362566578      -346.1019589222 
        2.7250000000         2.0200000000         0.9862420032        85.4352578863      -338.4931485165 
        2.7300000000         2.0200000000         0.9938888576        84.1507593196      -327.0799329080 
        2.7350000000         2.0200000000         0.9836930517        82.8662607529      -342.2975537194 
        2.7400000000         2.0200000000         0.9989867606        81.2147625956      -319.4711225024 
        2.7450000000         2.0200000000         0.9964378091        79.1962648479      -323.2755277052 
        2.7500000000         2.0200000000         0.9938888576        77.9117662812      -327.0799329080 
        2.7550000000         2.0200000000         0.9989867606        76.6272677144      -319.4711225024 
        2.7600000000         2.0200000000         0.9887909546        74.7922697619      -334.6887433137 
        2.7650001000         2.0200000000         0.9887909546        72.5902722190      -334.6887433137 
        2.7700000000         2.0200000000         0.9913399061        71.4892734475      -330.8843381109 
        2.7750000000         2.0200000000         0.9964378091        70.0212750855      -323.2755277052 
        2.7800000000         2.0200000000         0.9887909546        67.8192775425      -334.6887433137 
        2.7850001000         2.0200000000         0.9862420032        65.8007797948      -338.4931485165 
        2.7900000000         2.0200000000         0.9836930517        64.1492816375      -342.2975537194 
        2.7950000000         2.0200000000         0.9862420032        63.0482828660      -338.4931485165 
        2.8000000000         2.0200000000         0.9964378091        61.5802845040      -323.2755277052 
        2.8050001000         2.0200000000         0.9811441002        60.1122861421      -346.1019589222 
        2.8100000000         2.0200000000         0.9964378091        58.6442877801      -323.2755277052 
        2.8150000000         2.0200000000         0.9785951487        56.2587904418      -349.9063641250 
        2.8200000000         2.0200000000         0.9887909546        54.7907920798      -334.6887433137 
        2.8250000000         2.0200000000         0.9938888576        52.7722943321      -327.0799329080 
        2.8300000000         2.0200000000         0.9938888576        52.0382951511      -327.0799329080 
        2.8350000000         2.0200000000         0.9887909546        50.0197974034      -334.6887433137 
        2.8400000000         2.0200000000         0.9964378091        49.1022984271      -323.2755277052 
        2.8450000000         2.0200000000         0.9913399061        47.0838006794      -330.8843381109 
        2.8500000000         2.0200000000         0.9811441002        44.6983033412      -346.1019589222 
        2.8550000000         2.0200000000         0.9913399061        43.2303049792      -330.8843381109 
        2.8600000000         2.0200000000         0.9938888576        42.1293062077      -327.0799329080 
        2.8650000000         2.0200000000         0.9938888576        40.4778080505      -327.0799329080 
        2.8700000000         2.0200000000         0.9913399061        38.8263098932      -330.8843381109 
        2.8750000000         2.0200000000         0.9887909546        37.1748117360      -334.6887433137 
        2.8800000000         2.0200000000         0.9913399061        34.6058146025      -330.8843381109 
        2.8850000000         2.0200000000         0.9887909546        33.6883156263      -334.6887433137 
        2.8900001000         2.0200000000         0.9760461972        31.4863180833      -353.7107693278 
        2.8950000000         2.0200000000         0.9862420032        29.8348199260      -338.4931485165 
        2.9000000000         2.0200000000         0.9887909546        28.5503213593      -334.6887433137 
        2.9050000000         2.0200000000         1.0040846636        27.2658227926      -311.8623120967 
        2.9100001000         2.0200000000         0.9836930517        25.6143246353      -342.2975537194 
        2.9150000000         2.0200000000         0.9964378091        23.9628264781      -323.2755277052 
        2.9200000000         2.0200000000         0.9862420032        21.9443287304      -338.4931485165 
        2.9250000000         2.0200000000         0.9913399061        19.7423311874      -330.8843381109 
        2.9300001000         2.0200000000         0.9760461972        18.0908330301      -353.7107693278 
        2.9350000000         2.0200000000         0.9836930517        16.2558350777      -342.2975537194 
        2.9400000000         2.0200000000         0.9836930517        14.6043369204      -342.2975537194 
        2.9450000000         2.0200000000         0.9887909546        13.1363385584      -334.6887433137 
        2.9500000000         2.0200000000         0.9913399061        10.9343410155      -330.8843381109 
        2.9550000000         2.0200000000         0.9862420032        10.0168420392      -338.4931485165 
        2.9600000000         2.0200000000         0.9913399061         7.8148444962      -330.8843381109 
        2.9650000000         2.0200000000         0.9913399061         6.5303459295      -330.8843381109 
        2.9700000000         2.0200000000         0.9836930517         5.2458473627      -342.2975537194 
        2.9750014000         2.0200000000         0.9913399061         3.2273496150      -330.8843381109 
        2.9800000000         2.0200000000         0.9913399061         1.7593512530      -330.8843381109 
        2.9850000000         2.0200000000         0.9887909546        -0.2591464947      -334.6887433137 
        2.9900000000         2.0200000000         0.9913399061         0.2913528910      -330.8843381109 
        2.9950000000         2.0200000000         0.9811441002         0.1078530958      -346.1019589222 
        3.0000000000         2.0200000000         0.9964378091         0.2913528910      -323.2755277052 
        3.0050000000         2.0200000000         0.9862420032        -0.4426462900      -338.4931485165 
        3.0100000000         2.0200000000         0.9862420032         0.1078530958      -338.4931485165 
        3.0150001000         2.0200000000         0.9887909546        79.7467642336      -334.6887433137 
        3.0200000000         2.0200000000         0.9913399061        80.1137638241      -330.8843381109 
        3.0250000000         2.0200000000         0.9836930517       360.1344513734      -342.2975537194 
        3.0300000000         2.0200000000         0.9913399061       359.9509515781      -330.8843381109 
        3.0350133000         2.0200000000         0.9734972457       359.4004521924      -357.5151745307 
        3.0400000000         2.0200000000         0.9862420032       359.5839519876      -338.4931485165 
        3.0450000000         2.0200000000         0.9964378091       360.1344513734      -323.2755277052 
        3.0500000000         2.0200000000         0.9760461972       359.5839519876      -353.7107693278 
        3.0550001000         2.0200000000         1.0040846636       358.1159536256      -311.8623120967 
        3.0600000000         2.0200000000         0.9862420032       356.4644554684      -338.4931485165 
        3.0650000000         2.0200000000         0.9836930517       354.6294575159      -342.2975537194 
        3.0700000000         2.0200000000         0.9964378091       352.4274599729      -323.2755277052 
        3.0750001000         2.0200000000         0.9811441002       351.1429614062      -346.1019589222 
        3.0800000000         2.0200000000         0.9964378091       349.6749630442      -323.2755277052 
        3.0850000000         2.0200000000         0.9811441002       347.2894657060      -346.1019589222 
        3.0900000000         2.0200000000         0.9836930517       346.0049671392      -342.2975537194 
        3.0950000000         2.0200000000         0.9836930517       344.3534689820      -342.2975537194 
        3.1000000000         2.0200000000         0.9862420032       342.1514714390      -338.4931485165 
        3.1050000000         2.0200000000         0.9964378091       340.6834730770      -323.2755277052 
        3.1100000000         2.0200000000         0.9862420032       339.0319749198      -338.4931485165 
        3.1150000000         2.0200000000         0.9862420032       337.3804767625      -338.4931485165 
        3.1200000000         2.0200000000         0.9836930517       335.3619790148      -342.2975537194 
        3.1250000000         2.0200000000         0.9964378091       333.8939806528      -323.2755277052 
        3.1300000000         2.0200000000         0.9811441002       331.6919831098      -346.1019589222 
        3.1350000000         2.0200000000         0.9836930517       330.0404849526      -342.2975537194 
        3.1400001000         2.0200000000         0.9862420032       328.7559863859      -338.4931485165 
        3.1450000000         2.0200000000         0.9734972457       326.5539888429      -357.5151745307 
        3.1500000000         2.0200000000         0.9913399061       325.2694902761      -330.8843381109 
        3.1550000000         2.0200000000         0.9964378091       323.4344923237      -323.2755277052 
        3.1600001000         2.0200000000         0.9989867606       322.3334935522      -319.4711225024 
        3.1650000000         2.0200000000         0.9913399061       320.4984955997      -330.8843381109 
        3.1700000000         2.0200000000         1.0091825665       319.0304972377      -304.2535016911 
        3.1750000000         2.0200000000         0.9785951487       316.4615001042      -349.9063641250 
        3.1800001000         2.0200000000         0.9964378091       314.8100019470      -323.2755277052 
        3.1850000000         2.0200000000         0.9989867606       313.3420035850      -319.4711225024 
        3.1900000000         2.0200000000         0.9785951487       311.6905054278      -349.9063641250 
        3.1950000000         2.0200000000         0.9938888576       310.0390072705      -327.0799329080 
        3.2000001000         2.0200000000         1.0040846636       308.5710089085      -311.8623120967 
        3.2050000000         2.0200000000         0.9887909546       307.1030105465      -334.6887433137 
        3.2100000000         2.0200000000         0.9989867606       305.6350121846      -319.4711225024 
        3.2150000000         2.0200000000         0.9862420032       303.0660150511      -338.4931485165 
        3.2200005000         2.0200000000         0.9964378091       301.7815164843      -323.2755277052 
        3.2250000000         2.0200000000         0.9887909546       299.9465185319      -334.6887433137 
        3.2300000000         2.0200000000         1.0040846636       299.2125193509      -311.8623120967 
        3.2350000000         2.0200000000         0.9989867606       297.1940216031      -319.4711225024 
        3.2400000000         2.0200000000         0.9862420032       294.8085242649      -338.4931485165 
        3.2450000000         2.0200000000         0.9989867606       293.5240256982      -319.4711225024 
        3.2500000000         2.0200000000         0.9964378091       291.3220281552      -323.2755277052 
        3.2550000000         2.0200000000         0.9862420032       290.2210293837      -338.4931485165 
        3.2600000000         2.0200000000         0.9964378091       288.5695312264      -323.2755277052 
        3.2650001000         2.0200000000         1.0066336150       286.9180330692      -308.0579068939 
        3.2700000000         2.0200000000         0.9887909546       284.8995353215      -334.6887433137 
        3.2750000000         2.0200000000         0.9938888576       283.7985365500      -327.0799329080 
        3.2800000000         2.0200000000         0.9964378091       282.5140379832      -323.2755277052 
        3.2850001000         2.0200000000         0.9964378091       280.4955402355      -323.2755277052 
        3.2900000000         2.0200000000         1.0117315180       279.5780412593      -300.4490964882 
        3.2950000000         2.0200000000         0.9938888576       278.1100428973      -327.0799329080 
        3.3000000000         2.0200000000         1.0066336150       275.9080453543      -308.0579068939 
        3.3050001000         2.0200000000         0.9964378091       274.2565471971      -323.2755277052 
        3.3100000000         2.0200000000         0.9989867606       272.9720486303      -319.4711225024 
        3.3150000000         2.0200000000         0.9989867606       270.4030514968      -319.4711225024 
        3.3200000000         2.0200000000         1.0040846636       269.3020527254      -311.8623120967 
        3.3250001000         2.0200000000         0.9989867606       267.8340543634      -319.4711225024 
        3.3300000000         2.0200000000         1.0066336150       266.5495557966      -308.0579068939 
        3.3350000000         2.0200000000         0.9938888576       264.5310580489      -327.0799329080 
        3.3400000000         2.0200000000         1.0066336150       263.4300592774      -308.0579068939 
        3.3450000000         2.0200000000         1.0066336150       261.7785611202      -308.0579068939 
        3.3500000000         2.0200000000         0.9964378091       259.2095639867      -323.2755277052 
        3.3550000000         2.0200000000         1.0015357121       258.6590646009      -315.6667172996 
        3.3600000000         2.0200000000         1.0015357121       257.0075664437      -315.6667172996 
        3.3650000000         2.0200000000         0.9887909546       254.9890686960      -334.6887433137 
        3.3700000000         2.0200000000         0.9964378091       253.3375705387      -323.2755277052 
        3.3750000000         2.0200000000         0.9964378091       251.5025725862      -323.2755277052 
        3.3800000000         2.0200000000         0.9989867606       250.7685734053      -319.4711225024 
        3.3850000000         2.0200000000         0.9887909546       248.1995762718      -334.6887433137 
        3.3900001000         2.0200000000         1.0015357121       247.0985775003      -315.6667172996 
        3.3950000000         2.0200000000         0.9964378091       245.2635795478      -323.2755277052 
        3.4000000000         2.0200000000         0.9913399061       243.9790809811      -330.8843381109 
        3.4050000000         2.0200000000         1.0142804695       242.5110826191      -296.6446912854 
        3.4100001000         2.0200000000         0.9938888576       240.8595844618      -327.0799329080 
        3.4150000000         2.0200000000         0.9964378091       239.2080863046      -323.2755277052 
        3.4200000000         2.0200000000         1.0066336150       237.7400879426      -308.0579068939 
        3.4250000000         2.0200000000         0.9862420032       235.9050899901      -338.4931485165 
        3.4300001000         2.0200000000         1.0015357121       234.4370916281      -315.6667172996 
        3.4350000000         2.0200000000         0.9964378091       232.7855934709      -323.2755277052 
        3.4400000000         2.0200000000         0.9862420032       231.3175951089      -338.4931485165 
        3.4450000000         2.0200000000         1.0066336150       230.2165963374      -308.0579068939 
        3.4500001000         2.0200000000         0.9887909546       228.0145987944      -334.6887433137 
        3.4550000000         2.0200000000         0.9887909546       226.3631006372      -334.6887433137 
        3.4600000000         2.0200000000         0.9785951487       224.1611030942      -349.9063641250 
        3.4650000000         2.0200000000         0.9913399061       222.8766045275      -330.8843381109 
        3.4700000000         2.0200000000         0.9887909546       221.5921059607      -334.6887433137 
        3.4750000000         2.0200000000         0.9964378091       220.1241075988      -323.2755277052 
        3.4800000000         2.0200000000         0.9964378091       218.4726094415      -323.2755277052 
        3.4850000000         2.0200000000         0.9887909546       217.0046110795      -334.6887433137 
        3.4900000000         2.0200000000         0.9913399061       214.8026135365      -330.8843381109 
        3.4950000000         2.0200000000         0.9862420032       213.5181149698      -338.4931485165 
        3.5000000000         2.0200000000         1.0091825665       212.6006159936      -304.2535016911 
        3.5050000000         2.0200000000         0.9887909546       210.3986184506      -334.6887433137 
        3.5100000000         2.0200000000         1.0015357121       209.6646192696      -315.6667172996 
        3.5150001000         2.0200000000         0.9989867606       207.8296213171      -319.4711225024 
        3.5200000000         2.0200000000         0.9964378091       206.1781231599      -323.2755277052 
        3.5250000000         2.0200000000         0.9836930517       203.7926258216      -342.2975537194 
        3.5300000000         2.0200000000         1.0066336150       203.0586266406      -308.0579068939 
        3.5350001000         2.0200000000         1.0015357121       200.8566290977      -315.6667172996 
        3.5400000000         2.0200000000         0.9862420032       199.0216311452      -338.4931485165 
        3.5450000000         2.0200000000         0.9964378091       197.9206323737      -323.2755277052 
        3.5500000000         2.0200000000         0.9862420032       195.7186348307      -338.4931485165 
        3.5550001000         2.0200000000         1.0066336150       195.1681354450      -308.0579068939 
        3.5600000000         2.0200000000         1.0015357121       192.9661379020      -315.6667172996 
        3.5650000000         2.0200000000         0.9836930517       191.4981395400      -342.2975537194 
        3.5700000000         2.0200000000         0.9913399061       189.1126422018      -330.8843381109 
        3.5750001000         2.0200000000         0.9938888576       188.1951432255      -327.0799329080 
        3.5800000000         2.0200000000         0.9887909546       186.1766454778      -334.6887433137 
        3.5850000000         2.0200000000         0.9862420032       185.0756467063      -338.4931485165 
        3.5900000000         2.0200000000         0.9887909546       183.2406487538      -334.6887433137 
        3.5950000000         2.0200000000         0.9989867606       182.3231497776      -319.4711225024 
        3.6000000000         2.0200000000         1.0040846636       180.4881518251      -311.8623120967 
        3.6050000000         2.0200000000         0.9913399061       178.4696540773      -330.8843381109 
        3.6100000000         2.0200000000         0.9913399061       176.8181559201      -330.8843381109 
        3.6150000000         2.0200000000         0.9938888576       176.0841567391      -327.0799329080 
        3.6200000000         2.0200000000         0.9964378091       173.8821591961      -323.2755277052 
        3.6250000000         2.0200000000         0.9964378091       172.5976606294      -323.2755277052 
        3.6300000000         2.0200000000         0.9862420032       170.9461624722      -338.4931485165 
        3.6350000000         2.0200000000         0.9913399061       168.9276647244      -330.8843381109 
        3.6400001000         2.0200000000         0.9913399061       167.0926667719      -330.8843381109 
        3.6450000000         2.0200000000         0.9811441002       165.4411686147      -346.1019589222 
        3.6500000000         2.0200000000         0.9785951487       163.6061706622      -349.9063641250 
        3.6550000000         2.0200000000         0.9913399061       162.3216720955      -330.8843381109 
        3.6600001000         2.0200000000         0.9938888576       160.6701739382      -327.0799329080 
        3.6650000000         2.0200000000         0.9836930517       159.2021755762      -342.2975537194 
        3.6700000000         2.0200000000         1.0015357121       158.4681763953      -315.6667172996 
        3.6750000000         2.0200000000         0.9913399061       156.2661788523      -330.8843381109 
        3.6800001000         2.0200000000         0.9964378091       154.0641813093      -323.2755277052 
        3.6850000000         2.0200000000         0.9887909546       153.1466823330      -334.6887433137 
        3.6900000000         2.0200000000         0.9938888576       151.1281845853      -327.0799329080 
        3.6950000000         2.0200000000         0.9836930517       148.9261870423      -342.2975537194 
        3.7000001000         2.0200000000         0.9836930517       147.4581886803      -342.2975537194 
        3.7050000000         2.0200000000         0.9862420032       145.8066905231      -338.4931485165 
        3.7100000000         2.0200000000         0.9964378091       144.5221919564      -323.2755277052 
        3.7150000000         2.0200000000         0.9887909546       143.4211931849      -334.6887433137 
        3.7200000000         2.0200000000         0.9964378091       141.4026954371      -323.2755277052 
        3.7250000000         2.0200000000         0.9938888576       140.3016966657      -327.0799329080 
        3.7300000000         2.0200000000         0.9913399061       137.9161993274      -330.8843381109 
        3.7350000000         2.0200000000         0.9913399061       136.4482009654      -330.8843381109 
        3.7400000000         2.0200000000         0.9989867606       135.3472021939      -319.4711225024 
        3.7450000000         2.0200000000         0.9811441002       133.1452046510      -346.1019589222 
        3.7500000000         2.0200000000         0.9964378091       132.0442058795      -323.2755277052 
        3.7550000000         2.0200000000         0.9964378091       130.3927077222      -323.2755277052 
        3.7600000000         2.0200000000         0.9887909546       128.9247093602      -334.6887433137 
        3.7650001000         2.0200000000         0.9836930517       125.9887126363      -342.2975537194 
        3.7700000000         2.0200000000         0.9785951487       124.8877138648      -349.9063641250 
        3.7750000000         2.0200000000         0.9964378091       123.4197155028      -323.2755277052 
        3.7800000000         2.0200000000         0.9938888576       121.5847175503      -327.0799329080 
        3.7850001000         2.0200000000         0.9836930517       119.5662198026      -342.2975537194 
        3.7900000000         2.0200000000         0.9862420032       118.8322206216      -338.4931485165 
        3.7950000000         2.0200000000         0.9913399061       116.8137228738      -330.8843381109 
        3.8000000000         2.0200000000         0.9887909546       115.1622247166      -334.6887433137 
        3.8050001000         2.0200000000         0.9836930517       113.5107265594      -342.2975537194 
        3.8100000000         2.0200000000         0.9964378091       112.5932275831      -323.2755277052 
        3.8150000000         2.0200000000         0.9887909546       110.3912300401      -334.6887433137 
        3.8200000000         2.0200000000         0.9836930517       108.9232316782      -342.2975537194 
        3.8250001000         2.0200000000         0.9938888576       107.6387331114      -327.0799329080 
        3.8300000000         2.0200000000         0.9836930517       105.0697359779      -342.2975537194 
        3.8350000000         2.0200000000         0.9836930517       103.9687372064      -342.2975537194 
        3.8400000000         2.0200000000         0.9862420032       102.1337392540      -338.4931485165 
        3.8450000000         2.0200000000         0.9836930517       100.1152415062      -342.2975537194 
        3.8500000000         2.0200000000         0.9811441002        99.0142427347      -346.1019589222 
        3.8550000000         2.0200000000         0.9862420032        97.5462443727      -338.4931485165 
        3.8600000000         2.0200000000         0.9989867606        96.2617458060      -319.4711225024 
        3.8650000000         2.0200000000         0.9989867606        93.8762484678      -319.4711225024 
        3.8700000000         2.0200000000         0.9836930517        92.9587494915      -342.2975537194 
        3.8750000000         2.0200000000         0.9887909546        90.7567519486      -334.6887433137 
        3.8800000000         2.0200000000         0.9887909546        89.1052537913      -334.6887433137 
        3.8850000000         2.0200000000         0.9836930517        88.0042550198      -342.2975537194 
        3.8900001000         2.0200000000         0.9862420032        85.8022574768      -338.4931485165 
        3.8950000000         2.0200000000         0.9938888576        84.8847585006      -327.0799329080 
        3.9000000000         2.0200000000         0.9862420032        82.8662607529      -338.4931485165 
        3.9050000000         2.0200000000         0.9811441002        81.0312628004      -346.1019589222 
        3.9100001000         2.0200000000         0.9734972457        79.1962648479      -357.5151745307 
        3.9150000000         2.0200000000         0.9862420032        77.7282664859      -338.4931485165 
        3.9200000000         2.0200000000         0.9887909546        75.8932685334      -334.6887433137 
        3.9250000000         2.0200000000         0.9760461972        74.0582705809      -353.7107693278 
        3.9300001000         2.0200000000         0.9887909546        73.5077711952      -334.6887433137 
        3.9350000000         2.0200000000         0.9836930517        71.1222738570      -342.2975537194 
        3.9400000000         2.0200000000         0.9862420032        69.6542754950      -338.4931485165 
        3.9450000000         2.0200000000         0.9760461972        67.8192775425      -353.7107693278 
        3.9500001000         2.0200000000         0.9862420032        66.3512791805      -338.4931485165 
        3.9550000000         2.0200000000         0.9913399061        65.2502804090      -330.8843381109 
        3.9600000000         2.0200000000         0.9913399061        63.4152824565      -330.8843381109 
        3.9650000000         2.0200000000         0.9887909546        61.7637842993      -334.6887433137 
        3.9700001000         2.0200000000         0.9785951487        60.2957859373      -349.9063641250 
        3.9750000000         2.0200000000         0.9938888576        58.6442877801      -327.0799329080 
        3.9800000000         2.0200000000         0.9836930517        56.4422902371      -342.2975537194 
        3.9850000000         2.0200000000         0.9836930517        54.2402926941      -342.2975537194 
        3.9900000000         2.0200000000         0.9887909546        53.1392939226      -334.6887433137 
        3.9950000000         2.0200000000         0.9836930517        51.4877957654      -342.2975537194 
