           Time[sec]           V_{cmd}[V]          V_{gyro}[V]          \theta[deg] \omega_{gyro}[deg/sec] 
        0.0000000000         3.3300000000         1.2181965884       263.6135590726         7.5479399224 
        0.0050000000         3.3300000000         1.2130986854       263.2465594822        -0.0608704832 
        0.0100000000         3.3300000000         1.2232944913       263.4300592774        15.1567503281 
        0.0150000000         3.3300000000         1.2054518309       262.8795598917       -11.4740860917 
        0.0200000000         3.3300000000         1.2742735211       263.9805586631        91.2448543847 
        0.0250000000         3.3300000000         1.4450532706       264.8980576394       346.1400029742 
        0.0300000000         3.3300000000         1.3660357746       265.6320568204       228.2034416865 
        0.0350000000         3.3300000000         1.3660357746       267.8340543634       228.2034416865 
        0.0400000000         3.3300000000         1.3966231924       268.5680535444       273.8563041205 
        0.0450000000         3.3300000000         1.4348574647       269.6690523158       330.9223821629 
        0.0500000000         3.3300000000         1.4144658528       272.2380494493       300.4871405403 
        0.0550000000         3.3300000000         1.4654448825       273.3390482208       376.5752445968 
        0.0600000000         3.3300000000         1.4552490766       275.3575459686       361.3576237855 
        0.0650000000         3.3300000000         1.4552490766       277.0090441258       361.3576237855 
        0.0700000000         3.3300000000         1.4756406885       279.3945414640       391.7928654082 
        0.0750000000         3.3300000000         1.4807385914       280.6790400308       399.4016758138 
        0.0800000000         3.3300000000         1.4781896399       282.3305381880       395.5972706110 
        0.0850000000         3.3300000000         1.4985812518       285.4500347072       426.0325122336 
        0.0900000000         3.3300000000         1.4883854459       286.1840338882       410.8148914223 
        0.0950000000         3.3300000000         1.4985812518       288.9365308169       426.0325122336 
        0.1000000000         3.3300000000         1.5215218152       291.1385283599       460.2721590591 
        0.1050000000         3.3300000000         1.5062281063       292.6065267219       437.4457278421 
        0.1100000000         3.3300000000         1.5393644756       296.2765226269       486.9029954789 
        0.1150000000         3.3300000000         1.5368155241       298.6620199651       483.0985902761 
        0.1200000000         3.3300000000         1.5266197182       299.9465185319       467.8809694647 
        0.1250000000         3.3300000000         1.5444623786       302.6990154606       494.5118058846 
        0.1300000000         3.3300000000         1.5444623786       305.0845127988       494.5118058846 
        0.1350000000         3.3300000000         1.5342665726       307.2865103418       479.2941850732 
        0.1400000000         3.3300000000         1.5623050390       310.2225070658       521.1426423044 
        0.1450000000         3.3300000000         1.5674029419       312.6080044040       528.7514527100 
        0.1500000000         3.3300000000         1.5546581845       314.9935017422       509.7294266959 
        0.1550000000         3.3300000000         1.5775987479       317.9294984662       543.9690735213 
        0.1600000000         3.3300000000         1.5648539905       320.4984955997       524.9470475072 
        0.1650000000         3.3300000000         1.5775987479       322.8839929379       543.9690735213 
        0.1700000000         3.3300000000         1.5725008449       325.2694902761       536.3602631157 
        0.1750000000         3.3300000000         1.5877945538       329.1229859764       559.1866943326 
        0.1800001000         3.3300000000         1.5979903598       332.0589827003       574.4043151440 
        0.1850000000         3.3300000000         1.5775987479       334.0774804481       543.9690735213 
        0.1900000000         3.3300000000         1.6005393113       336.6464775816       578.2087203468 
        0.1950000000         3.3300000000         1.5903435053       340.4999732818       562.9910995355 
        0.2000000000         3.3300000000         1.5877945538       342.7019708248       559.1866943326 
        0.2050000000         3.3300000000         1.6030882627       345.8214673440       582.0131255496 
        0.2100001000         3.3300000000         1.5928924568       348.9409638632       566.7955047383 
        0.2150000000         3.3300000000         1.6056372142       352.0604603824       585.8175307525 
        0.2200000000         3.3300000000         1.6158330202       354.6294575159       601.0351515638 
        0.2250000000         3.3300000000         1.6107351172       358.2994534209       593.4263411581 
        0.2300000000         3.3300000000         1.6132840687       359.9509515781       597.2307463609 
        0.2350000000         3.3300000000         1.6234798746       359.9509515781       612.4483671723 
        0.2400001000         3.3300000000         1.6183819717       360.3179511686       604.8395567666 
        0.2450000000         3.3300000000         1.6056372142        79.3797646431       585.8175307525 
        0.2500000000         3.3300000000         1.6362246321        79.7467642336       631.4703931864 
        0.2550000000         3.3300000000         1.6209309231         0.6583524815       608.6439619694 
        0.2600000000         3.3300000000         1.6311267291        -0.4426462900       623.8615827807 
        0.2650000000         3.3300000000         1.6311267291         0.6583524815       623.8615827807 
        0.2700000000         3.3300000000         1.6489693895         3.4108494103       650.4924192006 
        0.2750000000         3.3300000000         1.6209309231         5.9798465437       608.6439619694 
        0.2800000000         3.3300000000         1.6311267291        10.0168420392       623.8615827807 
        0.2850000000         3.3300000000         1.6285777776        12.9528387632       620.0571775779 
        0.2900001000         3.3300000000         1.6464204380        16.0723352824       646.6880139977 
        0.2950000000         3.3300000000         1.6464204380        19.9258309826       646.6880139977 
        0.3000000000         3.3300000000         1.6438714865        22.6783279114       642.8836087949 
        0.3050000000         3.3300000000         1.6489693895        25.6143246353       650.4924192006 
        0.3100000000         3.3300000000         1.6387735836        29.2843205403       635.2747983892 
        0.3150000000         3.3300000000         1.6413225350        32.4038170595       639.0792035921 
        0.3200000000         3.3300000000         1.6617141469        35.8903131692       669.5144452147 
        0.3250000000         3.3300000000         1.6464204380        39.0098096885       646.6880139977 
        0.3300000000         3.3300000000         1.6642630984        42.3128060029       673.3188504175 
        0.3350000000         3.3300000000         1.6668120499        46.1663017032       677.1232556204 
        0.3400000000         3.3300000000         1.6387735836        48.3682992461       635.2747983892 
        0.3450000000         3.3300000000         1.6693610014        52.5887945369       680.9276608232 
        0.3500001000         3.3300000000         1.6591651954        54.7907920798       665.7100400119 
        0.3550001000         3.3300000000         1.6719099529        59.1947871658       684.7320660260 
        0.3600000000         3.3300000000         1.6617141469        61.9472840945       669.5144452147 
        0.3650000000         3.3300000000         1.6693610014        65.2502804090       680.9276608232 
        0.3700000000         3.3300000000         1.6566162440        68.3697769282       661.9056348090 
        0.3750000000         3.3300000000         1.6719099529        72.2232726285       684.7320660260 
        0.3800000000         3.3300000000         1.6821057588        75.7097687382       699.9496868373 
        0.3850000000         3.3300000000         1.6693610014        77.7282664859       680.9276608232 
        0.3900000000         3.3300000000         1.6642630984        81.7652619814       673.3188504175 
        0.3950000000         3.3300000000         1.6719099529        84.8847585006       684.7320660260 
        0.4000000000         3.3300000000         1.6591651954        88.3712546103       665.7100400119 
        0.4050000000         3.3300000000         1.6770078558        90.9402517438       692.3408764317 
        0.4100000000         3.3300000000         1.6821057588        94.9772472393       699.9496868373 
        0.4150001000         3.3300000000         1.6719099529        98.0967437585       684.7320660260 
        0.4200001000         3.3300000000         1.6897526133       102.1337392540       711.3629024458 
        0.4250000000         3.3300000000         1.6744589044       104.8862361827       688.5364712288 
        0.4300017000         3.3300000000         1.6617141469       108.3727322924       669.5144452147 
        0.4350000000         3.3300000000         1.6897526133       111.8592284021       711.3629024458 
        0.4400000000         3.3300000000         1.6693610014       114.4282255356       680.9276608232 
        0.4450000000         3.3300000000         1.6770078558       118.4652210311       692.3408764317 
        0.4500000000         3.3300000000         1.6744589044       121.5847175503       688.5364712288 
        0.4550000000         3.3300000000         1.6617141469       124.8877138648       669.5144452147 
        0.4600000000         3.3300000000         1.6846547103       129.4752087460       703.7540920402 
        0.4650000000         3.3300000000         1.6770078558       132.0442058795       692.3408764317 
        0.4700000000         3.3300000000         1.6872036618       136.2647011702       707.5584972430 
        0.4750001000         3.3300000000         1.6719099529       138.8336983037       684.7320660260 
        0.4800001000         3.3300000000         1.6872036618       142.6871940039       707.5584972430 
        0.4850000000         3.3300000000         1.6617141469       145.6231907279       669.5144452147 
        0.4900000000         3.3300000000         1.6719099529       149.6601862233       684.7320660260 
        0.4950062000         3.3300000000         1.7024973707       153.5136819235       730.3849284600 
        0.5000000000         3.3300000000         1.6744589044       156.6331784428       688.5364712288 
        0.5050000000         3.3300000000         1.6923015648       160.1196745525       715.1673076487 
        0.5100000000         3.3300000000         1.6897526133       163.6061706622       711.3629024458 
        0.5150000000         3.3300000000         1.6719099529       167.0926667719       684.7320660260 
        0.5200000000         3.3300000000         1.6973994677       171.1296622674       722.7761180543 
        0.5250000000         3.3300000000         1.6923015648       174.0656589914       715.1673076487 
        0.5300000000         3.3300000000         1.6795568073       177.3686553058       696.1452816345 
        0.5350000000         3.3300000000         1.6923015648       181.5891505966       715.1673076487 
        0.5400000000         3.3300000000         1.6846547103       184.8921469110       703.7540920402 
        0.5450000000         3.3300000000         1.6897526133       188.7456426113       711.3629024458 
        0.5500000000         3.3300000000         1.6923015648       191.4981395400       715.1673076487 
        0.5550000000         3.3300000000         1.6897526133       195.5351350355       711.3629024458 
        0.5600000000         3.3300000000         1.6795568073       198.4711317594       696.1452816345 
        0.5650000000         3.3300000000         1.6897526133       201.5906282787       711.3629024458 
        0.5700001000         3.3300000000         1.6846547103       205.8111235694       703.7540920402 
        0.5750001000         3.3300000000         1.6973994677       209.8481190648       722.7761180543 
        0.5800001000         3.3300000000         1.6973994677       212.2336164031       722.7761180543 
        0.5850000000         3.3300000000         1.6897526133       215.7201125128       711.3629024458 
        0.5900000000         3.3300000000         1.7024973707       219.5736082130       730.3849284600 
        0.5950000000         3.3300000000         1.6795568073       223.4271039132       696.1452816345 
        0.6000000000         3.3300000000         1.6897526133       226.7301002277       711.3629024458 
        0.6050000000         3.3300000000         1.7024973707       230.5835959279       730.3849284600 
        0.6100000000         3.3300000000         1.6923015648       234.0700920376       715.1673076487 
        0.6150000000         3.3300000000         1.7024973707       238.1070875331       730.3849284600 
        0.6200000000         3.3300000000         1.6973994677       241.0430842571       722.7761180543 
        0.6250000000         3.3300000000         1.6973994677       244.7130801621       722.7761180543 
        0.6300000000         3.3300000000         1.7126931766       248.1995762718       745.6025492713 
        0.6350010000         3.3300000000         1.7024973707       252.4200715625       730.3849284600 
        0.6400000000         3.3300000000         1.6973994677       254.8055689007       722.7761180543 
        0.6450000000         3.3300000000         1.6948505162       258.8425643962       718.9717128515 
        0.6500000000         3.3300000000         1.7024973707       262.5125603012       730.3849284600 
        0.6550000000         3.3300000000         1.6973994677       265.8155566156       722.7761180543 
        0.6600000000         3.3300000000         1.7101442252       269.8525521111       741.7981440685 
        0.6650000000         3.3300000000         1.7126931766       274.0730474018       745.6025492713 
        0.6700000000         3.3300000000         1.7024973707       276.6420445353       730.3849284600 
        0.6750000000         3.3300000000         1.7228889826       281.0460396213       760.8201700826 
        0.6800000000         3.3300000000         1.6999484192       284.5325357310       726.5805232571 
        0.6850000000         3.3300000000         1.7024973707       287.4685324550       730.3849284600 
        0.6900000000         3.3300000000         1.7126931766       292.0560273362       745.6025492713 
        0.6950001000         3.3300000000         1.7101442252       294.9920240601       741.7981440685 
        0.7000001000         3.3300000000         1.7228889826       299.5795189414       760.8201700826 
        0.7050001000         3.3300000000         1.6973994677       302.3320158701       722.7761180543 
        0.7100000000         3.3300000000         1.7050463222       306.5525111608       734.1893336628 
        0.7150026000         3.3300000000         1.7254379341       310.5895066563       764.6245752854 
        0.7200013000         3.3300000000         1.7203400311       313.3420035850       757.0157648798 
        0.7250000000         3.3300000000         1.7177910796       317.9294984662       753.2113596769 
        0.7300000000         3.3300000000         1.7152421281       321.7829941664       749.4069544741 
        0.7350000000         3.3300000000         1.7126931766       325.2694902761       745.6025492713 
        0.7400000000         3.3300000000         1.7177910796       329.1229859764       753.2113596769 
        0.7450000000         3.3300000000         1.7254379341       332.2424824956       764.6245752854 
        0.7500000000         3.3300000000         1.7126931766       336.8299773768       745.6025492713 
        0.7550000000         3.3300000000         1.7050463222       339.7659741008       734.1893336628 
        0.7600000000         3.3300000000         1.7024973707       344.1699691867       730.3849284600 
        0.7650000000         3.3300000000         1.7254379341       348.3904644775       764.6245752854 
        0.7700000000         3.3300000000         1.7203400311       352.0604603824       757.0157648798 
        0.7750000000         3.3300000000         1.7203400311       355.7304562874       757.0157648798 
        0.7800000000         3.3300000000         1.7203400311       358.6664530114       757.0157648798 
        0.7850000000         3.3300000000         1.7177910796       360.1344513734       753.2113596769 
        0.7900000000         3.3300000000         1.7126931766       360.3179511686       745.6025492713 
        0.7950000000         3.3300000000         1.7101442252        79.5632644384       741.7981440685 
        0.8000000000         3.3300000000         1.7254379341         0.2913528910       764.6245752854 
        0.8050000000         3.3300000000         1.7126931766        -0.4426462900       745.6025492713 
        0.8100000000         3.3300000000         1.7177910796         0.2913528910       753.2113596769 
        0.8150000000         3.3300000000         1.7152421281         3.5943492055       749.4069544741 
        0.8200001000         3.3300000000         1.7203400311         7.2643451105       757.0157648798 
        0.8250001000         3.3300000000         1.7152421281        10.9343410155       749.4069544741 
        0.8300001000         3.3300000000         1.7203400311        15.1548363062       757.0157648798 
        0.8350001000         3.3300000000         1.7177910796        18.8248322111       753.2113596769 
        0.8400000000         3.3300000000         1.7228889826        22.8618277066       760.8201700826 
        0.8450000000         3.3300000000         1.7177910796        26.3483238163       753.2113596769 
        0.8500000000         3.3300000000         1.7075952737        29.8348199260       737.9937388656 
        0.8550000000         3.3300000000         1.7254379341        33.5048158310       764.6245752854 
        0.8600000000         3.3300000000         1.7254379341        38.0923107122       764.6245752854 
        0.8650000000         3.3300000000         1.7203400311        41.5788068220       757.0157648798 
        0.8700000000         3.3300000000         1.7203400311        45.2488027269       757.0157648798 
        0.8750000000         3.3300000000         1.7177910796        48.9187986319       753.2113596769 
        0.8800000000         3.3300000000         1.7203400311        52.7722943321       757.0157648798 
        0.8850002000         3.3300000000         1.7254379341        56.4422902371       764.6245752854 
        0.8900000000         3.3300000000         1.7228889826        59.9287863468       760.8201700826 
        0.8950000000         3.3300000000         1.7126931766        63.9657818423       745.6025492713 
        0.9000000000         3.3300000000         1.7050463222        67.6357777472       734.1893336628 
        0.9050000000         3.3300000000         1.7305358370        71.3057736522       772.2333856911 
        0.9100000000         3.3300000000         1.7101442252        74.6087699667       741.7981440685 
        0.9150000000         3.3300000000         1.7330847885        78.8292652574       776.0377908939 
        0.9200000000         3.3300000000         1.7152421281        82.4992611624       749.4069544741 
        0.9250000000         3.3300000000         1.7075952737        85.6187576816       737.9937388656 
        0.9300000000         3.3300000000         1.7305358370        89.6557531771       772.2333856911 
        0.9350000000         3.3300000000         1.7330847885        93.3257490820       776.0377908939 
        0.9400000000         3.3300000000         1.7101442252        97.1792447823       741.7981440685 
        0.9450001000         3.3300000000         1.7254379341       101.3997400730       764.6245752854 
        0.9500013000         3.3300000000         1.7050463222       104.5192365922       734.1893336628 
        0.9550035000         3.3300000000         1.7152421281       108.0057327019       749.4069544741 
        0.9600007000         3.3300000000         1.7432805945       111.6757286069       791.2554117052 
        0.9650000000         3.3300000000         1.7279868856       116.0797236928       768.4289804883 
        0.9700000000         3.3300000000         1.7126931766       119.1992202121       745.6025492713 
        0.9750000000         3.3300000000         1.7075952737       122.6857163218       737.9937388656 
        0.9800000000         3.3300000000         1.7228889826       126.5392120220       760.8201700826 
        0.9850000000         3.3300000000         1.7279868856       131.1267069032       768.4289804883 
        0.9900000000         3.3300000000         1.7203400311       134.2462034225       757.0157648798 
        0.9950000000         3.3300000000         1.7203400311       137.7326995322       757.0157648798 
        1.0000000000         3.3300000000         1.7254379341       142.3201944134       764.6245752854 
        1.0050000000         3.3300000000         1.7330847885       145.9901903184       776.0377908939 
        1.0100001000         3.3300000000         1.7203400311       149.8436860186       757.0157648798 
        1.0150000000         3.3300000000         1.7203400311       152.7796827425       757.0157648798 
        1.0200001000         3.3300000000         1.7228889826       157.0001780333       760.8201700826 
        1.0250000000         3.3300000000         1.7254379341       161.4041731192       764.6245752854 
        1.0300000000         3.3300000000         1.7305358370       164.7071694337       772.2333856911 
        1.0350000000         3.3300000000         1.7177910796       168.0101657482       753.2113596769 
        1.0400000000         3.3300000000         1.7356337400       172.9646602199       779.8421960968 
        1.0450000000         3.3300000000         1.7203400311       175.3501575581       757.0157648798 
        1.0500000000         3.3300000000         1.7203400311       179.7541526441       757.0157648798 
        1.0550000000         3.3300000000         1.7228889826       183.7911481395       760.8201700826 
        1.0600000000         3.3300000000         1.7305358370       187.4611440445       772.2333856911 
        1.0650000000         3.3300000000         1.7305358370       191.3146397447       772.2333856911 
        1.0700000000         3.3300000000         1.7228889826       194.6176360592       760.8201700826 
        1.0750000000         3.3300000000         1.7305358370       199.3886307357       772.2333856911 
        1.0800000000         3.3300000000         1.7177910796       202.3246274596       753.2113596769 
        1.0850000000         3.3300000000         1.7177910796       205.9946233646       753.2113596769 
        1.0900000000         3.3300000000         1.7254379341       210.2151186553       764.6245752854 
        1.0950023000         3.3300000000         1.7228889826       213.3346151746       760.8201700826 
        1.1000011000         3.3300000000         1.7330847885       217.5551104653       776.0377908939 
        1.1050000000         3.3300000000         1.7203400311       220.8581067797       757.0157648798 
        1.1100012000         3.3300000000         1.7254379341       225.6291014562       764.6245752854 
        1.1150000000         3.3300000000         1.7279868856       228.3815983849       768.4289804883 
        1.1200000000         3.3300000000         1.7305358370       232.9690932661       772.2333856911 
        1.1250023000         3.3300000000         1.7203400311       236.2720895806       757.0157648798 
        1.1300000000         3.3300000000         1.7279868856       239.7585856903       768.4289804883 
        1.1350001000         3.3300000000         1.7254379341       243.6120813906       764.6245752854 
        1.1400000000         3.3300000000         1.7279868856       247.4655770908       768.4289804883 
        1.1450001000         3.3300000000         1.7228889826       251.3190727910       760.8201700826 
        1.1500000000         3.3300000000         1.7330847885       255.1725684912       776.0377908939 
        1.1550001000         3.3300000000         1.7254379341       259.0260641914       764.6245752854 
        1.1600000000         3.3300000000         1.7177910796       262.5125603012       753.2113596769 
        1.1650000000         3.3300000000         1.7305358370       267.1000551824       772.2333856911 
        1.1700000000         3.3300000000         1.7305358370       269.6690523158       772.2333856911 
        1.1750000000         3.3300000000         1.7228889826       274.0730474018       760.8201700826 
        1.1800000000         3.3300000000         1.7330847885       278.2935426925       776.0377908939 
        1.1850000000         3.3300000000         1.7126931766       281.2295394165       745.6025492713 
        1.1900000000         3.3300000000         1.7305358370       285.2665349120       772.2333856911 
        1.1950000000         3.3300000000         1.7432805945       289.6705299979       791.2554117052 
        1.2000012000         3.3300000000         1.7203400311       292.9735263124       757.0157648798 
        1.2050000000         3.3300000000         1.7330847885       297.1940216031       776.0377908939 
        1.2100000000         3.3300000000         1.7203400311       300.6805177128       757.0157648798 
        1.2150000000         3.3300000000         1.7356337400       304.1670138226       779.8421960968 
        1.2200000000         3.3300000000         1.7279868856       308.0205095228       768.4289804883 
        1.2250000000         3.3300000000         1.7101442252       311.5070056325       741.7981440685 
        1.2300000000         3.3300000000         1.7254379341       315.9110007185       764.6245752854 
        1.2350000000         3.3300000000         1.7228889826       319.5809966234       760.8201700826 
        1.2400000000         3.3300000000         1.7381826915       323.4344923237       783.6466012996 
        1.2450000000         3.3300000000         1.7228889826       327.6549876144       760.8201700826 
        1.2500000000         3.3300000000         1.7381826915       330.5909843384       783.6466012996 
        1.2550000000         3.3300000000         1.7228889826       334.9949794243       760.8201700826 
        1.2600001000         3.3300000000         1.7228889826       339.2154747150       760.8201700826 
        1.2650000000         3.3300000000         1.7228889826       342.1514714390       760.8201700826 
        1.2700001000         3.3300000000         1.7381826915       347.1059659107       783.6466012996 
        1.2750000000         3.3300000000         1.7279868856       350.5924620204       768.4289804883 
        1.2800001000         3.3300000000         1.7228889826       354.4459577207       760.8201700826 
        1.2850002000         3.3300000000         1.7228889826       357.9324538304       760.8201700826 
        1.2900000000         3.3300000000         1.7050463222       359.5839519876       734.1893336628 
        1.2950000000         3.3300000000         1.7305358370       359.9509515781       772.2333856911 
        1.3000000000         3.3300000000         1.7254379341        79.7467642336       764.6245752854 
        1.3050000000         3.3300000000         1.7305358370         0.6583524815       772.2333856911 
        1.3100000000         3.3300000000         1.7177910796        -0.4426462900       753.2113596769 
        1.3150000000         3.3300000000         1.7126931766         0.1078530958       745.6025492713 
        1.3200000000         3.3300000000         1.7356337400         2.8603500245       779.8421960968 
        1.3250000000         3.3300000000         1.7330847885         7.0808453152       776.0377908939 
        1.3300000000         3.3300000000         1.7101442252        10.0168420392       741.7981440685 
        1.3350000000         3.3300000000         1.7228889826        14.0538375347       760.8201700826 
        1.3400000000         3.3300000000         1.7228889826        18.4578326206       760.8201700826 
        1.3450000000         3.3300000000         1.7177910796        22.3113283209       753.2113596769 
        1.3500000000         3.3300000000         1.7279868856        26.3483238163       768.4289804883 
        1.3550000000         3.3300000000         1.7228889826        30.0183197213       760.8201700826 
        1.3600000000         3.3300000000         1.7279868856        33.1378162405       768.4289804883 
        1.3650000000         3.3300000000         1.7381826915        38.0923107122       783.6466012996 
        1.3700000000         3.3300000000         1.7075952737        41.3953070267       737.9937388656 
        1.3750000000         3.3300000000         1.7024973707        44.5148035459       730.3849284600 
        1.3800000000         3.3300000000         1.7381826915        48.7352988366       783.6466012996 
        1.3850001000         3.3300000000         1.7228889826        52.0382951511       760.8201700826 
        1.3900000000         3.3300000000         1.7203400311        56.4422902371       757.0157648798 
        1.3950001000         3.3300000000         1.7101442252        60.1122861421       741.7981440685 
        1.4000000000         3.3300000000         1.7152421281        63.5987822518       749.4069544741 
        1.4050001000         3.3300000000         1.7407316430        67.4522779520       787.4510065024 
        1.4100000000         3.3300000000         1.7203400311        70.3882746760       757.0157648798 
        1.4150000000         3.3300000000         1.7254379341        75.3427691477       764.6245752854 
        1.4200000000         3.3300000000         1.7203400311        79.0127650526       757.0157648798 
        1.4250000000         3.3300000000         1.7101442252        82.1322615719       741.7981440685 
        1.4300000000         3.3300000000         1.7177910796        85.8022574768       753.2113596769 
        1.4350000000         3.3300000000         1.7177910796        88.7382542008       753.2113596769 
        1.4400000000         3.3300000000         1.7101442252        92.4082501058       741.7981440685 
        1.4450000000         3.3300000000         1.7203400311        96.6287453965       757.0157648798 
        1.4500000000         3.3300000000         1.7075952737       100.6657408920       737.9937388656 
        1.4550000000         3.3300000000         1.7050463222       103.4182378207       734.1893336628 
        1.4600000000         3.3300000000         1.7356337400       108.0057327019       779.8421960968 
        1.4650000000         3.3300000000         1.7177910796       111.1252292211       753.2113596769 
        1.4700000000         3.3300000000         1.7177910796       115.1622247166       753.2113596769 
        1.4750016000         3.3300000000         1.7203400311       119.1992202121       757.0157648798 
        1.4800000000         3.3300000000         1.7203400311       121.5847175503       757.0157648798 
        1.4850000000         3.3300000000         1.7152421281       125.9887126363       749.4069544741 
        1.4900000000         3.3300000000         1.7305358370       129.8422083365       772.2333856911 
        1.4950000000         3.3300000000         1.7101442252       133.5122042415       741.7981440685 
        1.5000000000         3.3300000000         1.7152421281       137.7326995322       749.4069544741 
        1.5050000000         3.3300000000         1.7177910796       140.8521960514       753.2113596769 
        1.5100001000         3.3300000000         1.7254379341       145.2561911374       764.6245752854 
        1.5150000000         3.3300000000         1.7126931766       148.5591874518       745.6025492713 
        1.5200001000         3.3300000000         1.7228889826       152.9631825378       760.8201700826 
        1.5250000000         3.3300000000         1.7152421281       156.0826790570       749.4069544741 
        1.5300001000         3.3300000000         1.7228889826       159.7526749620       760.8201700826 
        1.5350000000         3.3300000000         1.7203400311       163.2391710717       757.0157648798 
        1.5400001000         3.3300000000         1.7305358370       168.0101657482       772.2333856911 
        1.5450000000         3.3300000000         1.7126931766       171.3131620626       745.6025492713 
        1.5500000000         3.3300000000         1.7228889826       174.6161583771       760.8201700826 
        1.5550000000         3.3300000000         1.7101442252       178.1026544868       741.7981440685 
        1.5600000000         3.3300000000         1.7177910796       182.1396499823       753.2113596769 
        1.5650000000         3.3300000000         1.7228889826       186.1766454778       760.8201700826 
        1.5700000000         3.3300000000         1.7126931766       189.8466413827       745.6025492713 
        1.5750000000         3.3300000000         1.7305358370       194.0671366735       772.2333856911 
        1.5800000000         3.3300000000         1.7203400311       197.7371325784       757.0157648798 
        1.5850007000         3.3300000000         1.7330847885       201.9576278691       776.0377908939 
        1.5900000000         3.3300000000         1.7254379341       205.6276237741       764.6245752854 
        1.5950000000         3.3300000000         1.7279868856       209.4811194743       768.4289804883 
        1.6000000000         3.3300000000         1.7254379341       212.2336164031       764.6245752854 
        1.6050000000         3.3300000000         1.7152421281       216.2706118985       749.4069544741 
        1.6100000000         3.3300000000         1.7305358370       220.1241075988       772.2333856911 
        1.6150000000         3.3300000000         1.7177910796       223.4271039132       753.2113596769 
        1.6200000000         3.3300000000         1.7305358370       227.6475992039       772.2333856911 
        1.6250000000         3.3300000000         1.7203400311       230.9505955184       757.0157648798 
        1.6300000000         3.3300000000         1.7177910796       235.5380903996       753.2113596769 
        1.6350001000         3.3300000000         1.7279868856       238.2905873284       768.4289804883 
        1.6400000000         3.3300000000         1.7177910796       242.1440830286       753.2113596769 
        1.6450001000         3.3300000000         1.7228889826       245.9975787288       760.8201700826 
        1.6500000000         3.3300000000         1.7203400311       250.2180740195       757.0157648798 
        1.6550001000         3.3300000000         1.7101442252       253.8880699245       741.7981440685 
        1.6600000000         3.3300000000         1.7305358370       258.2920650104       772.2333856911 
        1.6650001000         3.3300000000         1.7228889826       261.0445619392       760.8201700826 
        1.6700000000         3.3300000000         1.7279868856       265.2650572299       768.4289804883 
        1.6750000000         3.3300000000         1.7254379341       269.1185529301       764.6245752854 
        1.6800000000         3.3300000000         1.7203400311       272.2380494493       757.0157648798 
        1.6850000000         3.3300000000         1.7203400311       276.4585447400       757.0157648798 
        1.6900000000         3.3300000000         1.7254379341       279.5780412593       764.6245752854 
        1.6950000000         3.3300000000         1.7203400311       284.3490359357       757.0157648798 
        1.7000000000         3.3300000000         1.7381826915       287.1015328645       783.6466012996 
        1.7050000000         3.3300000000         1.7305358370       292.0560273362       772.2333856911 
        1.7100000000         3.3300000000         1.7152421281       294.9920240601       749.4069544741 
        1.7150000000         3.3300000000         1.7305358370       299.2125193509       772.2333856911 
        1.7200000000         3.3300000000         1.7407316430       303.4330146416       787.4510065024 
        1.7250000000         3.3300000000         1.7305358370       306.3690113656       772.2333856911 
        1.7300000000         3.3300000000         1.7305358370       311.1400060420       772.2333856911 
        1.7350000000         3.3300000000         1.7407316430       314.8100019470       787.4510065024 
        1.7400000000         3.3300000000         1.7228889826       318.1129982615       760.8201700826 
        1.7450000000         3.3300000000         1.7483784974       322.5169933474       798.8642221109 
        1.7500000000         3.3300000000         1.7407316430       326.5539888429       787.4510065024 
        1.7550000000         3.3300000000         1.7330847885       330.2239847479       776.0377908939 
        1.7600001000         3.3300000000         1.7305358370       333.8939806528       772.2333856911 
        1.7650000000         3.3300000000         1.7177910796       338.1144759435       753.2113596769 
        1.7700001000         3.3300000000         1.7432805945       341.6009720533       791.2554117052 
        1.7750000000         3.3300000000         1.7305358370       345.2709679582       772.2333856911 
        1.7800001000         3.3300000000         1.7279868856       349.6749630442       768.4289804883 
        1.7850000000         3.3300000000         1.7330847885       353.5284587444       776.0377908939 
        1.7900001000         3.3300000000         1.7228889826       357.3819544446       760.8201700826 
        1.7950000000         3.3300000000         1.7305358370       360.1344513734       772.2333856911 
        1.8000000000         3.3300000000         1.7381826915       359.9509515781       783.6466012996 
        1.8050000000         3.3300000000         1.7203400311        80.1137638241       757.0157648798 
        1.8100000000         3.3300000000         1.7228889826        79.1962648479       760.8201700826 
        1.8150000000         3.3300000000         1.7203400311        -0.4426462900       757.0157648798 
        1.8200000000         3.3300000000         1.7228889826         0.1078530958       760.8201700826 
        1.8250000000         3.3300000000         1.7458295460         2.8603500245       795.0598169081 
        1.8300000000         3.3300000000         1.7203400311         5.4293471580       757.0157648798 
        1.8350000000         3.3300000000         1.7305358370        10.2003418345       772.2333856911 
        1.8400000000         3.3300000000         1.7330847885        14.6043369204       776.0377908939 
        1.8450000000         3.3300000000         1.7228889826        17.5403336444       760.8201700826 
        1.8500000000         3.3300000000         1.7279868856        21.7608289351       768.4289804883 
        1.8550000000         3.3300000000         1.7330847885        25.2473250448       776.0377908939 
        1.8600000000         3.3300000000         1.7279868856        29.1008207451       768.4289804883 
        1.8650000000         3.3300000000         1.7305358370        33.8718154215       772.2333856911 
        1.8700000000         3.3300000000         1.7254379341        36.6243123502       764.6245752854 
        1.8750000000         3.3300000000         1.7228889826        40.4778080505       760.8201700826 
        1.8800000000         3.3300000000         1.7381826915        44.5148035459       783.6466012996 
        1.8850001000         3.3300000000         1.7356337400        48.7352988366       779.8421960968 
        1.8900000000         3.3300000000         1.7356337400        52.7722943321       779.8421960968 
        1.8950001000         3.3300000000         1.7126931766        56.0752906466       745.6025492713 
        1.9000000000         3.3300000000         1.7228889826        59.7452865516       760.8201700826 
        1.9050001000         3.3300000000         1.7305358370        63.4152824565       772.2333856911 
        1.9100000000         3.3300000000         1.7432805945        68.0027773377       791.2554117052 
        1.9150001000         3.3300000000         1.7228889826        70.9387740617       760.8201700826 
        1.9200000000         3.3300000000         1.7126931766        75.5262689429       745.6025492713 
        1.9250000000         3.3300000000         1.7254379341        78.2787658717       764.6245752854 
        1.9300000000         3.3300000000         1.7203400311        82.4992611624       757.0157648798 
        1.9350000000         3.3300000000         1.7203400311        85.6187576816       757.0157648798 
        1.9400000000         3.3300000000         1.7254379341        89.2887535866       764.6245752854 
        1.9450000000         3.3300000000         1.7203400311        93.5092488773       757.0157648798 
        1.9500000000         3.3300000000         1.7203400311        97.1792447823       757.0157648798 
        1.9550000000         3.3300000000         1.7381826915       101.5832398682       783.6466012996 
        1.9600000000         3.3300000000         1.7381826915       105.2532357732       783.6466012996 
        1.9650000000         3.3300000000         1.7330847885       108.5562320877       776.0377908939 
        1.9700000000         3.3300000000         1.7305358370       112.7767273784       772.2333856911 
        1.9750000000         3.3300000000         1.7101442252       115.3457245119       741.7981440685 
        1.9800000000         3.3300000000         1.7330847885       119.3827200073       776.0377908939 
        1.9850000000         3.3300000000         1.7305358370       123.4197155028       772.2333856911 
        1.9900000000         3.3300000000         1.7356337400       127.2732112030       779.8421960968 
        1.9950000000         3.3300000000         1.7356337400       131.8607060842       779.8421960968 
        2.0000000000         3.3300000000         1.7152421281       134.9802026034       749.4069544741 
        2.0050000000         3.3300000000         1.7305358370       139.2006978942       772.2333856911 
        2.0100000000         3.3300000000         1.7407316430       142.6871940039       787.4510065024 
        2.0150001000         3.3300000000         1.7254379341       146.3571899089       764.6245752854 
        2.0200001000         3.3300000000         1.7203400311       150.7611849948       757.0157648798 
        2.0250000000         3.3300000000         1.7305358370       154.0641813093       772.2333856911 
        2.0300000000         3.3300000000         1.7381826915       158.4681763953       783.6466012996 
        2.0350001000         3.3300000000         1.7381826915       162.3216720955       783.6466012996 
        2.0400001000         3.3300000000         1.7279868856       165.6246684099       768.4289804883 
        2.0450000000         3.3300000000         1.7330847885       169.6616639054       776.0377908939 
        2.0500000000         3.3300000000         1.7177910796       173.3316598104       753.2113596769 
        2.0550000000         3.3300000000         1.7356337400       177.1851555106       779.8421960968 
        2.0600000000         3.3300000000         1.7254379341       181.0386512108       764.6245752854 
        2.0650000000         3.3300000000         1.7305358370       184.8921469110       772.2333856911 
        2.0700000000         3.3300000000         1.7381826915       189.2961419970       783.6466012996 
        2.0750000000         3.3300000000         1.7330847885       192.9661379020       776.0377908939 
        2.0800000000         3.3300000000         1.7228889826       195.7186348307       760.8201700826 
        2.0850000000         3.3300000000         1.7254379341       200.4896295072       764.6245752854 
        2.0900000000         3.3300000000         1.7254379341       203.6091260264       764.6245752854 
        2.0950000000         3.3300000000         1.7228889826       207.6461215219       760.8201700826 
        2.1000000000         3.3300000000         1.7228889826       210.9491178363       760.8201700826 
        2.1050000000         3.3300000000         1.7279868856       214.9861133318       768.4289804883 
        2.1100000000         3.3300000000         1.7279868856       218.4726094415       768.4289804883 
        2.1150000000         3.3300000000         1.7330847885       223.0601043227       776.0377908939 
        2.1200000000         3.3300000000         1.7330847885       225.6291014562       776.0377908939 
        2.1250000000         3.3300000000         1.7254379341       230.5835959279       764.6245752854 
        2.1300000000         3.3300000000         1.7203400311       233.8865922424       757.0157648798 
        2.1350000000         3.3300000000         1.7432805945       238.1070875331       791.2554117052 
        2.1400001000         3.3300000000         1.7254379341       241.4100838476       764.6245752854 
        2.1450000000         3.3300000000         1.7203400311       245.2635795478       757.0157648798 
        2.1500000000         3.3300000000         1.7228889826       248.9335754528       760.8201700826 
        2.1550000000         3.3300000000         1.7228889826       252.7870711530       760.8201700826 
        2.1600001000         3.3300000000         1.7305358370       256.4570670580       772.2333856911 
        2.1650000000         3.3300000000         1.7330847885       260.6775623487       776.0377908939 
        2.1700000000         3.3300000000         1.7254379341       264.3475582536       764.6245752854 
        2.1750000000         3.3300000000         1.7330847885       268.3845537491       776.0377908939 
        2.1800001000         3.3300000000         1.7228889826       271.5040502683       760.8201700826 
        2.1850000000         3.3300000000         1.7305358370       274.9905463781       772.2333856911 
        2.1900000000         3.3300000000         1.7432805945       279.5780412593       791.2554117052 
        2.1950000000         3.3300000000         1.7203400311       282.8810375737       757.0157648798 
        2.2000000000         3.3300000000         1.7407316430       287.1015328645       787.4510065024 
        2.2050000000         3.3300000000         1.7330847885       290.4045291789       776.0377908939 
        2.2100000000         3.3300000000         1.7203400311       294.2580248791       757.0157648798 
        2.2150000000         3.3300000000         1.7330847885       298.1115205794       776.0377908939 
        2.2200000000         3.3300000000         1.7203400311       301.7815164843       757.0157648798 
        2.2250000000         3.3300000000         1.7305358370       305.6350121846       772.2333856911 
        2.2300000000         3.3300000000         1.7228889826       309.4885078848       760.8201700826 
        2.2350000000         3.3300000000         1.7356337400       312.7915041992       779.8421960968 
        2.2400000000         3.3300000000         1.7254379341       317.3789990805       764.6245752854 
        2.2450000000         3.3300000000         1.7305358370       320.6819953949       772.2333856911 
        2.2500000000         3.3300000000         1.7279868856       324.7189908904       768.4289804883 
        2.2550000000         3.3300000000         1.7254379341       329.1229859764       764.6245752854 
        2.2600000000         3.3300000000         1.7254379341       332.0589827003       764.6245752854 
        2.2650001000         3.3300000000         1.7330847885       336.6464775816       776.0377908939 
        2.2700000000         3.3300000000         1.7305358370       340.1329736913       772.2333856911 
        2.2750000000         3.3300000000         1.7254379341       344.3534689820       764.6245752854 
        2.2800000000         3.3300000000         1.7279868856       348.0234648870       768.4289804883 
        2.2850001000         3.3300000000         1.7152421281       351.8769605872       749.4069544741 
        2.2900000000         3.3300000000         1.7228889826       355.7304562874       760.8201700826 
        2.2950000000         3.3300000000         1.7305358370       360.1344513734       772.2333856911 
        2.3000000000         3.3300000000         1.7203400311       359.5839519876       757.0157648798 
        2.3050001000         3.3300000000         1.7305358370       360.3179511686       772.2333856911 
        2.3100000000         3.3300000000         1.7126931766        79.1962648479       745.6025492713 
        2.3150000000         3.3300000000         1.7330847885         0.2913528910       776.0377908939 
        2.3200000000         3.3300000000         1.7203400311        -0.0756466995       757.0157648798 
        2.3250000000         3.3300000000         1.7203400311         0.4748526863       757.0157648798 
        2.3300000000         3.3300000000         1.7305358370         4.8788477723       772.2333856911 
        2.3350000000         3.3300000000         1.7254379341         8.5488436772       764.6245752854 
        2.3400000000         3.3300000000         1.7050463222        11.8518399917       734.1893336628 
        2.3450000000         3.3300000000         1.7228889826        15.1548363062       760.8201700826 
        2.3500000000         3.3300000000         1.7279868856        19.7423311874       768.4289804883 
        2.3550000000         3.3300000000         1.7203400311        23.0453275019       757.0157648798 
        2.3600000000         3.3300000000         1.7407316430        27.9998219736       787.4510065024 
        2.3650000000         3.3300000000         1.7101442252        31.3028182880       741.7981440685 
        2.3700000000         3.3300000000         1.7228889826        34.9728141930       760.8201700826 
        2.3750000000         3.3300000000         1.7279868856        39.0098096885       768.4289804883 
        2.3800000000         3.3300000000         1.7305358370        42.4963057982       772.2333856911 
        2.3850000000         3.3300000000         1.7228889826        45.7993021127       760.8201700826 
        2.3900001000         3.3300000000         1.7254379341        50.2032971986       764.6245752854 
        2.3950000000         3.3300000000         1.7101442252        53.5062935131       741.7981440685 
        2.4000000000         3.3300000000         1.7228889826        57.5432890086       760.8201700826 
        2.4050000000         3.3300000000         1.7254379341        60.6627855278       764.6245752854 
        2.4100001000         3.3300000000         1.7228889826        65.2502804090       760.8201700826 
        2.4150000000         3.3300000000         1.7228889826        68.9202763140       760.8201700826 
        2.4200000000         3.3300000000         1.7101442252        71.4892734475       741.7981440685 
        2.4250000000         3.3300000000         1.7203400311        75.7097687382       757.0157648798 
        2.4300001000         3.3300000000         1.7330847885        79.5632644384       776.0377908939 
        2.4350000000         3.3300000000         1.7101442252        82.8662607529       741.7981440685 
        2.4400000000         3.3300000000         1.7254379341        86.9032562483       764.6245752854 
        2.4450000000         3.3300000000         1.7050463222        90.2062525628       734.1893336628 
        2.4500000000         3.3300000000         1.7126931766        93.3257490820       745.6025492713 
        2.4550000000         3.3300000000         1.7228889826        97.7297441680       760.8201700826 
        2.4600000000         3.3300000000         1.7101442252       100.8492406872       741.7981440685 
        2.4650000000         3.3300000000         1.7254379341       105.4367355684       764.6245752854 
        2.4700000000         3.3300000000         1.7177910796       108.5562320877       753.2113596769 
        2.4750000000         3.3300000000         1.7279868856       112.7767273784       768.4289804883 
        2.4800000000         3.3300000000         1.7050463222       115.8962238976       734.1893336628 
        2.4850000000         3.3300000000         1.7305358370       119.7497195978       772.2333856911 
        2.4900000000         3.3300000000         1.7024973707       122.8692161170       730.3849284600 
        2.4950000000         3.3300000000         1.7126931766       127.6402107935       745.6025492713 
        2.5000000000         3.3300000000         1.7228889826       130.7597073127       760.8201700826 
        2.5050000000         3.3300000000         1.7126931766       133.8792038320       745.6025492713 
        2.5100000000         3.3300000000         1.7126931766       138.4666987132       745.6025492713 
        2.5150001000         3.3300000000         1.7177910796       141.7696950276       753.2113596769 
        2.5200000000         3.3300000000         1.7203400311       145.9901903184       757.0157648798 
        2.5250000000         3.3300000000         1.7050463222       149.1096868376       734.1893336628 
        2.5300000000         3.3300000000         1.7279868856       153.3301821283       768.4289804883 
        2.5350001000         3.3300000000         1.7228889826       157.5506774190       760.8201700826 
        2.5400000000         3.3300000000         1.7126931766       160.1196745525       745.6025492713 
        2.5450000000         3.3300000000         1.7203400311       164.3401698432       757.0157648798 
        2.5500000000         3.3300000000         1.7126931766       167.8266659529       745.6025492713 
        2.5550001000         3.3300000000         1.7126931766       172.4141608341       745.6025492713 
        2.5600000000         3.3300000000         1.7203400311       175.5336573534       757.0157648798 
        2.5650000000         3.3300000000         1.7228889826       179.7541526441       760.8201700826 
        2.5700000000         3.3300000000         1.7126931766       182.8736491633       745.6025492713 
        2.5750000000         3.3300000000         1.7228889826       187.4611440445       760.8201700826 
        2.5800000000         3.3300000000         1.7024973707       190.2136409732       730.3849284600 
        2.5850000000         3.3300000000         1.7254379341       194.6176360592       764.6245752854 
        2.5900000000         3.3300000000         1.7024973707       197.3701329879       730.3849284600 
        2.5950000000         3.3300000000         1.7177910796       201.5906282787       753.2113596769 
        2.6000000000         3.3300000000         1.7177910796       205.8111235694       753.2113596769 
        2.6050000000         3.3300000000         1.7177910796       208.9306200886       753.2113596769 
        2.6100000000         3.3300000000         1.7203400311       213.1511153793       757.0157648798 
        2.6150000000         3.3300000000         1.7254379341       216.8211112843       764.6245752854 
        2.6200000000         3.3300000000         1.7126931766       219.7571080083       745.6025492713 
        2.6250000000         3.3300000000         1.7126931766       223.6106037085       745.6025492713 
        2.6300000000         3.3300000000         1.7228889826       227.6475992039       760.8201700826 
        2.6350000000         3.3300000000         1.7050463222       230.4000961327       734.1893336628 
        2.6400001000         3.3300000000         1.7177910796       234.9875910139       753.2113596769 
        2.6450000000         3.3300000000         1.7075952737       238.2905873284       737.9937388656 
        2.6500000000         3.3300000000         1.7177910796       241.9605832333       753.2113596769 
        2.6550000000         3.3300000000         1.7126931766       245.8140789335       745.6025492713 
        2.6600001000         3.3300000000         1.7177910796       249.6675746338       753.2113596769 
        2.6650000000         3.3300000000         1.7203400311       252.9705709482       757.0157648798 
        2.6700000000         3.3300000000         1.7203400311       256.2735672627       757.0157648798 
        2.6750000000         3.3300000000         1.7152421281       260.3105627582       749.4069544741 
        2.6800001000         3.3300000000         1.7101442252       263.9805586631       741.7981440685 
        2.6850000000         3.3300000000         1.7152421281       268.3845537491       749.4069544741 
        2.6900000000         3.3300000000         1.7279868856       270.7700510873       768.4289804883 
        2.6950000000         3.3300000000         1.7152421281       275.1740461733       749.4069544741 
        2.7000000000         3.3300000000         1.7305358370       279.2110416688       772.2333856911 
        2.7050000000         3.3300000000         1.7050463222       281.9635385975       734.1893336628 
        2.7100000000         3.3300000000         1.7101442252       286.7345332740       741.7981440685 
        2.7150000000         3.3300000000         1.7203400311       289.4870302027       757.0157648798 
        2.7200000000         3.3300000000         1.7024973707       292.9735263124       730.3849284600 
        2.7250000000         3.3300000000         1.7228889826       296.8270220126       760.8201700826 
        2.7300000000         3.3300000000         1.7228889826       301.5980166891       760.8201700826 
        2.7350000000         3.3300000000         1.7126931766       304.9010130036       745.6025492713 
        2.7400000000         3.3300000000         1.7050463222       308.0205095228       734.1893336628 
        2.7450000000         3.3300000000         1.7305358370       312.7915041992       772.2333856911 
        2.7500000000         3.3300000000         1.7152421281       315.5440011280       749.4069544741 
        2.7550000000         3.3300000000         1.7177910796       319.9479962139       753.2113596769 
        2.7600000000         3.3300000000         1.7330847885       323.9849917094       776.0377908939 
        2.7650001000         3.3300000000         1.7050463222       326.7374886381       734.1893336628 
        2.7700000000         3.3300000000         1.7356337400       331.1414837241       779.8421960968 
        2.7750000000         3.3300000000         1.7228889826       334.9949794243       760.8201700826 
        2.7800000000         3.3300000000         1.7101442252       338.2979757388       741.7981440685 
        2.7850001000         3.3300000000         1.7407316430       342.7019708248       787.4510065024 
        2.7900000000         3.3300000000         1.7203400311       347.1059659107       757.0157648798 
        2.7950000000         3.3300000000         1.7101442252       350.4089622252       741.7981440685 
        2.8000000000         3.3300000000         1.7177910796       353.7119585397       753.2113596769 
        2.8050001000         3.3300000000         1.7330847885       358.1159536256       776.0377908939 
        2.8100000000         3.3300000000         1.7126931766       360.1344513734       745.6025492713 
        2.8150000000         3.3300000000         1.7126931766       360.5014509639       745.6025492713 
        2.8200000000         3.3300000000         1.7050463222        79.5632644384       734.1893336628 
        2.8250000000         3.3300000000         1.7356337400        80.2972636194       779.8421960968 
        2.8300000000         3.3300000000         1.7228889826        -0.0756466995       760.8201700826 
        2.8350000000         3.3300000000         1.7203400311        -0.4426462900       757.0157648798 
        2.8400000000         3.3300000000         1.7024973707         2.4933504340       730.3849284600 
        2.8450000000         3.3300000000         1.7024973707         5.7963467485       730.3849284600 
        2.8500000000         3.3300000000         1.7152421281         9.4663426535       749.4069544741 
        2.8550000000         3.3300000000         1.7356337400        14.4208371252       779.8421960968 
        2.8600000000         3.3300000000         1.7203400311        17.5403336444       757.0157648798 
        2.8650000000         3.3300000000         1.7254379341        21.3938293446       764.6245752854 
        2.8700000000         3.3300000000         1.6999484192        25.0638252496       726.5805232571 
        2.8750000000         3.3300000000         1.7203400311        29.2843205403       757.0157648798 
        2.8800000000         3.3300000000         1.7228889826        32.2203172643       760.8201700826 
        2.8850000000         3.3300000000         1.7228889826        36.9913119407       760.8201700826 
        2.8900001000         3.3300000000         1.7101442252        40.2943082552       741.7981440685 
        2.8950000000         3.3300000000         1.7152421281        43.9643041602       749.4069544741 
        2.9000000000         3.3300000000         1.6999484192        46.9003008842       726.5805232571 
        2.9050000000         3.3300000000         1.7254379341        51.8547953559       764.6245752854 
        2.9100001000         3.3300000000         1.7228889826        55.5247912608       760.8201700826 
        2.9150000000         3.3300000000         1.7075952737        58.2772881896       737.9937388656 
        2.9200000000         3.3300000000         1.7305358370        62.3142836850       772.2333856911 
        2.9250000000         3.3300000000         1.6973994677        65.8007797948       722.7761180543 
        2.9300001000         3.3300000000         1.7126931766        70.0212750855       745.6025492713 
        2.9350000000         3.3300000000         1.7203400311        73.3242713999       757.0157648798 
        2.9400019000         3.3300000000         1.7228889826        76.8107675097       760.8201700826 
        2.9450000000         3.3300000000         1.7126931766        81.0312628004       745.6025492713 
        2.9500000000         3.3300000000         1.7101442252        83.9672595244       741.7981440685 
        2.9550000000         3.3300000000         1.7203400311        88.0042550198       757.0157648798 
        2.9600000000         3.3300000000         1.7101442252        90.9402517438       741.7981440685 
        2.9650000000         3.3300000000         1.7330847885        95.1607470345       776.0377908939 
        2.9700000000         3.3300000000         1.7075952737        97.5462443727       737.9937388656 
        2.9750000000         3.3300000000         1.7126931766       101.9502394587       745.6025492713 
        2.9800000000         3.3300000000         1.6999484192       104.8862361827       726.5805232571 
        2.9850000000         3.3300000000         1.7228889826       109.1067314734       760.8201700826 
        2.9900173000         3.3300000000         1.7101442252       112.2262279926       741.7981440685 
        2.9950000000         3.3300000000         1.6999484192       115.8962238976       726.5805232571 
        3.0000000000         3.3300000000         1.7228889826       120.6672185741       760.8201700826 
        3.0050000000         3.3300000000         1.6999484192       124.1537146838       726.5805232571 
        3.0100000000         3.3300000000         1.7101442252       127.4567109983       741.7981440685 
        3.0150001000         3.3300000000         1.7228889826       131.6772062890       760.8201700826 
        3.0200000000         3.3300000000         1.6973994677       134.2462034225       722.7761180543 
        3.0250000000         3.3300000000         1.7177910796       139.0171980989       753.2113596769 
        3.0300000000         3.3300000000         1.7101442252       142.3201944134       741.7981440685 
        3.0350001000         3.3300000000         1.7024973707       145.8066905231       730.3849284600 
        3.0400000000         3.3300000000         1.7101442252       149.6601862233       741.7981440685 
        3.0450000000         3.3300000000         1.7126931766       152.9631825378       745.6025492713 
        3.0500000000         3.3300000000         1.7101442252       157.5506774190       741.7981440685 
        3.0550001000         3.3300000000         1.7152421281       160.1196745525       749.4069544741 
        3.0600000000         3.3300000000         1.7024973707       164.1566700480       730.3849284600 
        3.0650000000         3.3300000000         1.7177910796       168.5606651339       753.2113596769 
        3.0700000000         3.3300000000         1.7126931766       171.3131620626       745.6025492713 
        3.0750001000         3.3300000000         1.7228889826       175.3501575581       760.8201700826 
        3.0800000000         3.3300000000         1.7024973707       178.6531538726       730.3849284600 
        3.0850000000         3.3300000000         1.7050463222       182.6901493681       734.1893336628 
        3.0900000000         3.3300000000         1.7126931766       186.5436450683       745.6025492713 
        3.0950000000         3.3300000000         1.7177910796       190.5806405637       753.2113596769 
        3.1000000000         3.3300000000         1.7177910796       193.8836368782       753.2113596769 
        3.1050000000         3.3300000000         1.7126931766       198.1041321689       745.6025492713 
        3.1100000000         3.3300000000         1.6999484192       200.6731293024       726.5805232571 
        3.1150000000         3.3300000000         1.7101442252       204.7101247979       741.7981440685 
        3.1200000000         3.3300000000         1.7126931766       208.3801207028       745.6025492713 
        3.1250000000         3.3300000000         1.7126931766       212.0501166078       745.6025492713 
        3.1300000000         3.3300000000         1.7126931766       215.7201125128       745.6025492713 
        3.1350000000         3.3300000000         1.7203400311       219.7571080083       757.0157648798 
        3.1400001000         3.3300000000         1.7101442252       222.8766045275       741.7981440685 
        3.1450000000         3.3300000000         1.7228889826       226.7301002277       760.8201700826 
        3.1500000000         3.3300000000         1.7024973707       230.2165963374       730.3849284600 
        3.1550000000         3.3300000000         1.7152421281       233.3360928566       749.4069544741 
        3.1600001000         3.3300000000         1.7101442252       237.1895885569       741.7981440685 
        3.1650000000         3.3300000000         1.7152421281       241.7770834381       749.4069544741 
        3.1700000000         3.3300000000         1.7101442252       244.3460805716       741.7981440685 
        3.1750000000         3.3300000000         1.7228889826       249.3005750433       760.8201700826 
        3.1800001000         3.3300000000         1.7152421281       252.2365717672       749.4069544741 
        3.1850000000         3.3300000000         1.7203400311       256.0900674675       757.0157648798 
        3.1900000000         3.3300000000         1.7203400311       260.3105627582       757.0157648798 
        3.1950000000         3.3300000000         1.7101442252       263.4300592774       741.7981440685 
        3.2000001000         3.3300000000         1.7203400311       267.6505545681       757.0157648798 
        3.2050000000         3.3300000000         1.7356337400       271.1370506778       779.8421960968 
        3.2100000000         3.3300000000         1.7177910796       274.9905463781       753.2113596769 
        3.2150000000         3.3300000000         1.7330847885       278.2935426925       776.0377908939 
        3.2200000000         3.3300000000         1.7024973707       281.4130392118       730.3849284600 
        3.2250000000         3.3300000000         1.7126931766       285.4500347072       745.6025492713 
        3.2300000000         3.3300000000         1.7254379341       289.3035304074       764.6245752854 
        3.2350000000         3.3300000000         1.7024973707       292.4230269267       730.3849284600 
        3.2400000000         3.3300000000         1.7203400311       296.2765226269       757.0157648798 
        3.2450000000         3.3300000000         1.7050463222       300.1300183271       734.1893336628 
        3.2500000000         3.3300000000         1.7101442252       304.1670138226       741.7981440685 
        3.2550000000         3.3300000000         1.7228889826       308.2040093180       760.8201700826 
        3.2600000000         3.3300000000         1.7254379341       311.5070056325       764.6245752854 
        3.2650001000         3.3300000000         1.7126931766       315.5440011280       745.6025492713 
        3.2700000000         3.3300000000         1.7279868856       319.2139970329       768.4289804883 
        3.2750000000         3.3300000000         1.7050463222       322.7004931427       734.1893336628 
        3.2800000000         3.3300000000         1.7050463222       326.3704890476       734.1893336628 
        3.2850001000         3.3300000000         1.7381826915       330.9579839289       783.6466012996 
        3.2900000000         3.3300000000         1.7177910796       334.2609802433       753.2113596769 
        3.2950000000         3.3300000000         1.7101442252       337.3804767625       741.7981440685 
        3.3000000000         3.3300000000         1.7228889826       342.3349712343       760.8201700826 
        3.3050001000         3.3300000000         1.7126931766       345.6379675487       745.6025492713 
        3.3100000000         3.3300000000         1.7126931766       349.4914632490       745.6025492713 
        3.3150000000         3.3300000000         1.7203400311       353.3449589492       757.0157648798 
        3.3200000000         3.3300000000         1.7152421281       356.4644554684       749.4069544741 
        3.3250001000         3.3300000000         1.7203400311       360.5014509639       757.0157648798 
        3.3300000000         3.3300000000         1.7254379341       359.9509515781       764.6245752854 
        3.3350000000         3.3300000000         1.7075952737       359.0334526019       737.9937388656 
        3.3400000000         3.3300000000         1.7203400311        79.3797646431       757.0157648798 
        3.3450000000         3.3300000000         1.7228889826        -0.0756466995       760.8201700826 
        3.3500000000         3.3300000000         1.7126931766         0.1078530958       745.6025492713 
        3.3550000000         3.3300000000         1.7126931766         1.5758514578       745.6025492713 
        3.3600000000         3.3300000000         1.7279868856         5.6128469532       768.4289804883 
        3.3650000000         3.3300000000         1.7075952737         8.3653438820       737.9937388656 
        3.3700000000         3.3300000000         1.7356337400        13.3198383537       779.8421960968 
        3.3750000000         3.3300000000         1.7305358370        17.1733340539       772.2333856911 
        3.3800000000         3.3300000000         1.7126931766        21.0268297541       745.6025492713 
        3.3850000000         3.3300000000         1.7177910796        24.1463262733       753.2113596769 
        3.3900001000         3.3300000000         1.7254379341        28.1833217688       764.6245752854 
        3.3950000000         3.3300000000         1.7177910796        31.6698178785       753.2113596769 
        3.4000000000         3.3300000000         1.6999484192        35.1563139883       726.5805232571 
        3.4050000000         3.3300000000         1.7254379341        39.3768092790       764.6245752854 
        3.4100001000         3.3300000000         1.7050463222        42.4963057982       734.1893336628 
        3.4150000000         3.3300000000         1.7254379341        47.0838006794       764.6245752854 
        3.4200000000         3.3300000000         1.7254379341        50.7537965844       764.6245752854 
        3.4250000000         3.3300000000         1.7177910796        53.5062935131       753.2113596769 
        3.4300001000         3.3300000000         1.7254379341        57.9102885991       764.6245752854 
        3.4350000000         3.3300000000         1.6973994677        61.0297851183       722.7761180543 
        3.4400000000         3.3300000000         1.7177910796        65.0667806138       753.2113596769 
        3.4450000000         3.3300000000         1.7177910796        68.7367765187       753.2113596769 
        3.4500001000         3.3300000000         1.7050463222        71.8562730380       734.1893336628 
        3.4550000000         3.3300000000         1.7356337400        76.6272677144       779.8421960968 
        3.4600000000         3.3300000000         1.7126931766        79.9302640289       745.6025492713 
        3.4650000000         3.3300000000         1.6973994677        83.2332603434       722.7761180543 
        3.4700000000         3.3300000000         1.7254379341        86.9032562483       764.6245752854 
        3.4750000000         3.3300000000         1.7203400311        90.3897523581       757.0157648798 
        3.4800000000         3.3300000000         1.7024973707        93.6927486725       730.3849284600 
        3.4850000000         3.3300000000         1.7126931766        97.3627445775       745.6025492713 
        3.4900000000         3.3300000000         1.7203400311       101.7667396635       757.0157648798 
        3.4950000000         3.3300000000         1.7126931766       105.0697359779       745.6025492713 
        3.5000000000         3.3300000000         1.7177910796       108.5562320877       753.2113596769 
        3.5050000000         3.3300000000         1.7203400311       112.9602271736       757.0157648798 
        3.5100000000         3.3300000000         1.7228889826       116.6302230786       760.8201700826 
        3.5150001000         3.3300000000         1.7126931766       120.3002189836       745.6025492713 
        3.5200000000         3.3300000000         1.7177910796       123.7867150933       753.2113596769 
        3.5250017000         3.3300000000         1.7228889826       127.4567109983       760.8201700826 
        3.5300000000         3.3300000000         1.7126931766       131.3102066985       745.6025492713 
        3.5350001000         3.3300000000         1.7177910796       135.1637023987       753.2113596769 
        3.5400000000         3.3300000000         1.7126931766       138.6501985084       745.6025492713 
        3.5450000000         3.3300000000         1.7254379341       142.3201944134       764.6245752854 
        3.5500000000         3.3300000000         1.7101442252       145.6231907279       741.7981440685 
        3.5550001000         3.3300000000         1.7177910796       149.1096868376       753.2113596769 
        3.5600000000         3.3300000000         1.7203400311       153.1466823330       757.0157648798 
        3.5650000000         3.3300000000         1.7152421281       156.8166782380       749.4069544741 
        3.5700000000         3.3300000000         1.7203400311       160.4866741430       757.0157648798 
        3.5750001000         3.3300000000         1.7075952737       164.3401698432       737.9937388656 
        3.5800000000         3.3300000000         1.7254379341       168.5606651339       764.6245752854 
        3.5850000000         3.3300000000         1.7126931766       172.0471612436       745.6025492713 
        3.5900000000         3.3300000000         1.7228889826       175.5336573534       760.8201700826 
        3.5950000000         3.3300000000         1.7024973707       179.2036532583       730.3849284600 
        3.6000000000         3.3300000000         1.7254379341       183.2406487538       764.6245752854 
        3.6050000000         3.3300000000         1.7203400311       186.9106446588       757.0157648798 
        3.6100000000         3.3300000000         1.7126931766       190.2136409732       745.6025492713 
        3.6150000000         3.3300000000         1.7279868856       194.0671366735       768.4289804883 
        3.6200000000         3.3300000000         1.6999484192       197.3701329879       726.5805232571 
        3.6250000000         3.3300000000         1.7203400311       201.5906282787       757.0157648798 
        3.6300000000         3.3300000000         1.7228889826       205.0771243884       760.8201700826 
        3.6350000000         3.3300000000         1.7177910796       208.5636204981       753.2113596769 
        3.6400001000         3.3300000000         1.7126931766       212.6006159936       745.6025492713 
        3.6450000000         3.3300000000         1.7203400311       216.4541116938       757.0157648798 
        3.6500000000         3.3300000000         1.7101442252       219.3901084178       741.7981440685 
        3.6550000000         3.3300000000         1.7228889826       223.6106037085       760.8201700826 
        3.6600001000         3.3300000000         1.7305358370       227.0970998182       772.2333856911 
        3.6650000000         3.3300000000         1.7228889826       231.6845946994       760.8201700826 
        3.6700000000         3.3300000000         1.7203400311       234.4370916281       757.0157648798 
        3.6750000000         3.3300000000         1.7254379341       238.4740871236       764.6245752854 
        3.6800001000         3.3300000000         1.7177910796       242.3275828238       753.2113596769 
        3.6850000000         3.3300000000         1.7330847885       245.8140789335       776.0377908939 
        3.6900000000         3.3300000000         1.7177910796       249.6675746338       753.2113596769 
        3.6950000000         3.3300000000         1.7203400311       252.9705709482       757.0157648798 
        3.7000001000         3.3300000000         1.7279868856       257.7415656247       768.4289804883 
        3.7050000000         3.3300000000         1.7126931766       260.3105627582       745.6025492713 
        3.7100000000         3.3300000000         1.7228889826       264.8980576394       760.8201700826 
        3.7150000000         3.3300000000         1.7305358370       268.3845537491       772.2333856911 
        3.7200000000         3.3300000000         1.7228889826       272.2380494493       760.8201700826 
        3.7250000000         3.3300000000         1.6999484192       275.9080453543       726.5805232571 
        3.7300000000         3.3300000000         1.7305358370       279.2110416688       772.2333856911 
        3.7350000000         3.3300000000         1.7228889826       283.4315369595       760.8201700826 
        3.7400000000         3.3300000000         1.7432805945       287.8355320455       791.2554117052 
        3.7450000000         3.3300000000         1.7254379341       290.7715287694       764.6245752854 
        3.7500000000         3.3300000000         1.7101442252       294.2580248791       741.7981440685 
        3.7550000000         3.3300000000         1.7177910796       298.1115205794       753.2113596769 
        3.7600000000         3.3300000000         1.7228889826       302.5155156653       760.8201700826 
        3.7650001000         3.3300000000         1.7305358370       305.6350121846       772.2333856911 
        3.7700000000         3.3300000000         1.7126931766       309.4885078848       745.6025492713 
        3.7750000000         3.3300000000         1.7407316430       313.7090031755       787.4510065024 
        3.7800000000         3.3300000000         1.7126931766       316.8284996947       745.6025492713 
        3.7850001000         3.3300000000         1.7203400311       321.7829941664       757.0157648798 
        3.7900000000         3.3300000000         1.7407316430       325.6364898666       787.4510065024 
        3.7950000000         3.3300000000         1.7177910796       328.7559863859       753.2113596769 
        3.8000000000         3.3300000000         1.7509274489       333.1599814718       802.6686273137 
        3.8050001000         3.3300000000         1.7126931766       336.0959781958       745.6025492713 
        3.8100000000         3.3300000000         1.7126931766       339.9494738960       745.6025492713 
        3.8150000000         3.3300000000         1.7305358370       344.1699691867       772.2333856911 
        3.8200000000         3.3300000000         1.7330847885       348.2069646822       776.0377908939 
        3.8250001000         3.3300000000         1.7254379341       352.2439601777       764.6245752854 
        3.8300000000         3.3300000000         1.7228889826       356.4644554684       760.8201700826 
        3.8350000000         3.3300000000         1.7228889826       359.4004521924       760.8201700826 
        3.8400000000         3.3300000000         1.7279868856       359.7674517829       768.4289804883 
        3.8450000000         3.3300000000         1.7381826915       359.7674517829       783.6466012996 
        3.8500000000         3.3300000000         1.7228889826        79.1962648479       760.8201700826 
        3.8550000000         3.3300000000         1.7356337400         0.6583524815       779.8421960968 
        3.8600000000         3.3300000000         1.7228889826         0.6583524815       760.8201700826 
        3.8650000000         3.3300000000         1.7330847885         1.0253520720       776.0377908939 
        3.8700000000         3.3300000000         1.7305358370         4.6953479770       772.2333856911 
        3.8750000000         3.3300000000         1.7279868856         9.0993430630       768.4289804883 
        3.8800000000         3.3300000000         1.7432805945        13.1363385584       791.2554117052 
        3.8850000000         3.3300000000         1.7228889826        16.0723352824       760.8201700826 
        3.8900001000         3.3300000000         1.7228889826        20.6598301636       760.8201700826 
        3.8950000000         3.3300000000         1.7305358370        24.3298260686       772.2333856911 
        3.9000000000         3.3300000000         1.7432805945        28.5503213593       791.2554117052 
        3.9050000000         3.3300000000         1.7152421281        31.3028182880       749.4069544741 
        3.9100001000         3.3300000000         1.7305358370        35.1563139883       772.2333856911 
        3.9150000000         3.3300000000         1.7203400311        39.7438088695       757.0157648798 
        3.9200000000         3.3300000000         1.7305358370        42.6798055934       772.2333856911 
        3.9250000000         3.3300000000         1.7228889826        47.6343000652       760.8201700826 
        3.9300001000         3.3300000000         1.7330847885        50.7537965844       776.0377908939 
        3.9350000000         3.3300000000         1.7356337400        54.6072922846       779.8421960968 
        3.9400000000         3.3300000000         1.7101442252        57.9102885991       741.7981440685 
        3.9450000000         3.3300000000         1.7203400311        62.1307838898       757.0157648798 
        3.9500001000         3.3300000000         1.7432805945        65.8007797948       791.2554117052 
        3.9550000000         3.3300000000         1.7228889826        69.4707756997       760.8201700826 
        3.9600000000         3.3300000000         1.7228889826        73.3242713999       760.8201700826 
        3.9650000000         3.3300000000         1.7228889826        77.3612668954       760.8201700826 
        3.9700001000         3.3300000000         1.7356337400        81.2147625956       779.8421960968 
        3.9750000000         3.3300000000         1.7126931766        83.9672595244       745.6025492713 
        3.9800000000         3.3300000000         1.7356337400        88.0042550198       779.8421960968 
        3.9850000000         3.3300000000         1.7305358370        91.6742509248       772.2333856911 
        3.9900000000         3.3300000000         1.7152421281        95.1607470345       749.4069544741 
        3.9950000000         3.3300000000         1.7228889826        99.3812423252       760.8201700826 
