           Time[sec]           V_{cmd}[V]          V_{gyro}[V]          \theta[deg] \omega_{gyro}[deg/sec] 
        0.0000000000         3.7700000000         1.2181965884       348.3904644775         7.5479399224 
        0.0050000000         3.7700000000         1.2105497339       347.8399650917        -3.8652756861 
        0.0100000000         3.7700000000         1.2130986854       348.7574640680        -0.0608704832 
        0.0150000000         3.7700000000         1.2411371518       348.3904644775        41.7875867479 
        0.0200000000         3.7700000000         1.5062281063       349.8584628394       437.4457278421 
        0.0250000000         3.7700000000         1.4476022221       351.8769605872       349.9444081770 
        0.0300000000         3.7700000000         1.4730917370       353.1614591539       387.9884602053 
        0.0350000000         3.7700000000         1.5113260093       355.9139560826       445.0545382478 
        0.0400010000         3.7700000000         1.5495602815       358.8499528066       502.1206162902 
        0.0450000000         3.7700000000         1.5368155241       360.1344513734       483.0985902761 
        0.0500000000         3.7700000000         1.5852456023       359.5839519876       555.3822891298 
        0.0550000000         3.7700000000         1.5775987479       359.9509515781       543.9690735213 
        0.0600000000         3.7700000000         1.5826966509       357.9324538304       551.5778839270 
        0.0650000000         3.7700000000         1.6158330202        79.5632644384       601.0351515638 
        0.0700000000         3.7700000000         1.6209309231        -0.8096458805       608.6439619694 
        0.0750000000         3.7700000000         1.6209309231        -0.0756466995       608.6439619694 
        0.0800000000         3.7700000000         1.6515183410         0.6583524815       654.2968244034 
        0.0850000000         3.7700000000         1.6489693895         2.1263508435       650.4924192006 
        0.0900000000         3.7700000000         1.6693610014         5.4293471580       680.9276608232 
        0.0950000000         3.7700000000         1.6770078558         8.7323434725       692.3408764317 
        0.1000000000         3.7700000000         1.6795568073        12.2188395822       696.1452816345 
        0.1050000000         3.7700000000         1.6923015648        16.0723352824       715.1673076487 
        0.1100000000         3.7700000000         1.7024973707        19.5588313921       730.3849284600 
        0.1150000000         3.7700000000         1.6923015648        23.0453275019       715.1673076487 
        0.1200000000         3.7700000000         1.7177910796        26.7153234068       753.2113596769 
        0.1250000000         3.7700000000         1.7126931766        31.1193184928       745.6025492713 
        0.1300000000         3.7700000000         1.7458295460        35.3398137835       795.0598169081 
        0.1350000000         3.7700000000         1.7228889826        38.4593103027       760.8201700826 
        0.1400000000         3.7700000000         1.7356337400        42.4963057982       779.8421960968 
        0.1450000000         3.7700000000         1.7534764004        46.9003008842       806.4730325165 
        0.1500000000         3.7700000000         1.7407316430        49.8362976081       787.4510065024 
        0.1550000000         3.7700000000         1.7611232549        54.0567928989       817.8862481250 
        0.1600000000         3.7700000000         1.7560253519        57.9102885991       810.2774377194 
        0.1650000000         3.7700000000         1.7713190608        62.3142836850       833.1038689364 
        0.1700000000         3.7700000000         1.7560253519        66.1677793853       810.2774377194 
        0.1750000000         3.7700000000         1.7917106727        70.3882746760       863.5391105590 
        0.1800001000         3.7700000000         1.7840638182        74.6087699667       852.1258949505 
        0.1850000000         3.7700000000         1.7866127697        78.6457654622       855.9303001533 
        0.1900000000         3.7700000000         1.7815148668        82.1322615719       848.3214897477 
        0.1950000000         3.7700000000         1.7866127697        86.9032562483       855.9303001533 
        0.2000000000         3.7700000000         1.7942596242        90.7567519486       867.3435157618 
        0.2050000000         3.7700000000         1.7942596242        95.5277466250       867.3435157618 
        0.2100000000         3.7700000000         1.8197491390       100.1152415062       905.3875677901 
        0.2150000000         3.7700000000         1.7942596242       104.3357367969       867.3435157618 
        0.2200000000         3.7700000000         1.7866127697       108.1892324972       855.9303001533 
        0.2250000000         3.7700000000         1.8222980905       112.0427281974       909.1919729929 
        0.2300000000         3.7700000000         1.8095533331       116.9972226691       890.1699469788 
        0.2350000000         3.7700000000         1.7968085757       120.8507183693       871.1479209646 
        0.2400001000         3.7700000000         1.8070043816       125.4382132505       886.3655417760 
        0.2450000000         3.7700000000         1.8299449450       130.0257081317       920.6051886014 
        0.2500000000         3.7700000000         1.8121022846       134.7967028082       893.9743521816 
        0.2550000000         3.7700000000         1.8248470420       138.8336983037       912.9963781958 
        0.2600000000         3.7700000000         1.8273959935       143.4211931849       916.8007833986 
        0.2650000000         3.7700000000         1.8248470420       148.1921878613       912.9963781958 
        0.2700000000         3.7700000000         1.8350428480       153.5136819235       928.2139990071 
        0.2750000000         3.7700000000         1.8477876054       158.4681763953       947.2360250212 
        0.2800000000         3.7700000000         1.8324938965       162.3216720955       924.4095938043 
        0.2850000000         3.7700000000         1.8477876054       167.2761665672       947.2360250212 
        0.2900001000         3.7700000000         1.8477876054       172.2306610389       947.2360250212 
        0.2950000000         3.7700000000         1.8477876054       176.6346561249       947.2360250212 
        0.3000000000         3.7700000000         1.8426897024       180.8551514156       939.6272146156 
        0.3050000000         3.7700000000         1.8579834113       185.9931456825       962.4536458326 
        0.3100000000         3.7700000000         1.8605323628       191.1311399495       966.2580510354 
        0.3150019000         3.7700000000         1.8605323628       195.3516352402       966.2580510354 
        0.3200000000         3.7700000000         1.8630813143       200.1226299167       970.0624562382 
        0.3250000000         3.7700000000         1.8605323628       205.2606241836       966.2580510354 
        0.3300000000         3.7700000000         1.8554344599       209.1141198838       958.6492406297 
        0.3350000000         3.7700000000         1.8707281688       214.4356139460       981.4756718467 
        0.3400000000         3.7700000000         1.8656302658       219.3901084178       973.8668614410 
        0.3450000000         3.7700000000         1.8681792173       224.5281026847       977.6712666439 
        0.3500000000         3.7700000000         1.8758260717       228.9320977707       989.0844822524 
        0.3550000000         3.7700000000         1.8758260717       233.7030924471       989.0844822524 
        0.3600000000         3.7700000000         1.8681792173       238.4740871236       977.6712666439 
        0.3650000000         3.7700000000         1.8681792173       243.9790809811       977.6712666439 
        0.3700000000         3.7700000000         1.8834729262       248.1995762718      1000.4976978608 
        0.3750000000         3.7700000000         1.8783750232       252.9705709482       992.8888874552 
        0.3800000000         3.7700000000         1.8860218777       258.2920650104      1004.3021030637 
        0.3850000000         3.7700000000         1.8834729262       263.0630596869      1000.4976978608 
        0.3900022000         3.7700000000         1.8783750232       268.0175541586       992.8888874552 
        0.3950000000         3.7700000000         1.8834729262       272.6050490398      1000.4976978608 
        0.4000021000         3.7700000000         1.8860218777       277.7430433068      1004.3021030637 
        0.4050000000         3.7700000000         1.8885708292       283.6150367547      1008.1065082665 
        0.4100000000         3.7700000000         1.8962176836       288.0190318407      1019.5197238750 
        0.4150001000         3.7700000000         1.8860218777       292.9735263124      1004.3021030637 
        0.4200000000         3.7700000000         1.8936687321       298.2950203746      1015.7153186722 
        0.4250000000         3.7700000000         1.8834729262       302.6990154606      1000.4976978608 
        0.4300000000         3.7700000000         1.9038645381       308.3875091133      1030.9329394835 
        0.4350000000         3.7700000000         1.9089624411       313.3420035850      1038.5417498891 
        0.4400000000         3.7700000000         1.9064134896       318.8469974424      1034.7373446863 
        0.4450000000         3.7700000000         1.8860218777       323.0674927332      1004.3021030637 
        0.4500000000         3.7700000000         1.8962176836       328.5724865906      1019.5197238750 
        0.4550000000         3.7700000000         1.9115113925       333.8939806528      1042.3461550920 
        0.4600000000         3.7700000000         1.9089624411       339.7659741008      1038.5417498891 
        0.4650000000         3.7700000000         1.8987666351       344.3534689820      1023.3241290778 
        0.4700000000         3.7700000000         1.8987666351       349.6749630442      1023.3241290778 
        0.4750000000         3.7700000000         1.9089624411       355.1799569017      1038.5417498891 
        0.4800000000         3.7700000000         1.9038645381       359.5839519876      1030.9329394835 
        0.4850000000         3.7700000000         1.8936687321       359.5839519876      1015.7153186722 
        0.4900000000         3.7700000000         1.9064134896        80.1137638241      1034.7373446863 
        0.4950000000         3.7700000000         1.9217071985         0.6583524815      1057.5637759033 
        0.5000000000         3.7700000000         1.8987666351        -0.2591464947      1023.3241290778 
        0.5050000000         3.7700000000         1.9013155866         4.1448485913      1027.1285342806 
        0.5100000000         3.7700000000         1.9217071985         9.2828428582      1057.5637759033 
        0.5150000000         3.7700000000         1.9166092955        14.6043369204      1049.9549654976 
        0.5200000000         3.7700000000         1.9166092955        20.4763303684      1049.9549654976 
        0.5250000000         3.7700000000         1.9038645381        24.6968256591      1030.9329394835 
        0.5300000000         3.7700000000         1.9089624411        30.7523189023      1038.5417498891 
        0.5350000000         3.7700000000         1.9268051015        35.7068133740      1065.1725863089 
        0.5400000000         3.7700000000         1.9217071985        40.8448076410      1057.5637759033 
        0.5450000000         3.7700000000         1.9038645381        45.4323025222      1030.9329394835 
        0.5500000000         3.7700000000         1.9115113925        51.4877957654      1042.3461550920 
        0.5550000000         3.7700000000         1.9242561500        56.4422902371      1061.3681811061 
        0.5600000000         3.7700000000         1.9166092955        61.9472840945      1049.9549654976 
        0.5650000000         3.7700000000         1.8987666351        65.9842795900      1023.3241290778 
        0.5700000000         3.7700000000         1.9191582470        71.4892734475      1053.7593707005 
        0.5750001000         3.7700000000         1.9242561500        76.6272677144      1061.3681811061 
        0.5800000000         3.7700000000         1.8962176836        81.2147625956      1019.5197238750 
        0.5850000000         3.7700000000         1.9013155866        86.5362566578      1027.1285342806 
        0.5900000000         3.7700000000         1.9166092955        91.6742509248      1049.9549654976 
        0.5950000000         3.7700000000         1.9217071985        96.2617458060      1057.5637759033 
        0.6000000000         3.7700000000         1.9038645381       102.5007388445      1030.9329394835 
        0.6050000000         3.7700000000         1.8936687321       106.9047339304      1015.7153186722 
        0.6100000000         3.7700000000         1.9038645381       112.0427281974      1030.9329394835 
        0.6150000000         3.7700000000         1.9166092955       116.9972226691      1049.9549654976 
        0.6200000000         3.7700000000         1.8936687321       121.7682173456      1015.7153186722 
        0.6250000000         3.7700000000         1.9166092955       127.8237105888      1049.9549654976 
        0.6300000000         3.7700000000         1.9242561500       132.5947052652      1061.3681811061 
        0.6350000000         3.7700000000         1.9013155866       137.7326995322      1027.1285342806 
        0.6400000000         3.7700000000         1.8962176836       142.8706937991      1019.5197238750 
        0.6450000000         3.7700000000         1.9293540529       148.0086880661      1068.9769915118 
        0.6500000000         3.7700000000         1.9140603440       153.5136819235      1046.1505602948 
        0.6550000000         3.7700000000         1.9013155866       158.4681763953      1027.1285342806 
        0.6600000000         3.7700000000         1.9089624411       163.6061706622      1038.5417498891 
        0.6650000000         3.7700000000         1.9268051015       169.1111645197      1065.1725863089 
        0.6700000000         3.7700000000         1.9038645381       174.0656589914      1030.9329394835 
        0.6750000000         3.7700000000         1.9217071985       179.7541526441      1057.5637759033 
        0.6800000000         3.7700000000         1.9166092955       184.1581477300      1049.9549654976 
        0.6850000000         3.7700000000         1.9089624411       189.6631415875      1038.5417498891 
        0.6900000000         3.7700000000         1.9115113925       194.9846356497      1042.3461550920 
        0.6950000000         3.7700000000         1.9064134896       200.1226299167      1034.7373446863 
        0.7000001000         3.7700000000         1.9395498589       205.9946233646      1084.1946123231 
        0.7050000000         3.7700000000         1.9064134896       209.8481190648      1034.7373446863 
        0.7100000000         3.7700000000         1.9166092955       215.5366127175      1049.9549654976 
        0.7150000000         3.7700000000         1.9115113925       220.8581067797      1042.3461550920 
        0.7200000000         3.7700000000         1.9115113925       225.6291014562      1042.3461550920 
        0.7250000000         3.7700000000         1.9268051015       231.6845946994      1065.1725863089 
        0.7300000000         3.7700000000         1.9140603440       236.2720895806      1046.1505602948 
        0.7350000000         3.7700000000         1.9166092955       241.4100838476      1049.9549654976 
        0.7400000000         3.7700000000         1.9293540529       247.2820772955      1068.9769915118 
        0.7450000000         3.7700000000         1.9140603440       251.5025725862      1046.1505602948 
        0.7500000000         3.7700000000         1.9140603440       257.5580658294      1046.1505602948 
        0.7550000000         3.7700000000         1.9166092955       261.9620609154      1049.9549654976 
        0.7600011000         3.7700000000         1.9242561500       268.3845537491      1061.3681811061 
        0.7650000000         3.7700000000         1.9293540529       273.5225480161      1068.9769915118 
        0.7700000000         3.7700000000         1.9089624411       277.7430433068      1038.5417498891 
        0.7750000000         3.7700000000         1.9166092955       283.2480371642      1049.9549654976 
        0.7800000000         3.7700000000         1.9293540529       288.3860314312      1068.9769915118 
        0.7850000000         3.7700000000         1.9268051015       293.1570261077      1065.1725863089 
        0.7900000000         3.7700000000         1.9217071985       298.8455197604      1057.5637759033 
        0.7950000000         3.7700000000         1.9293540529       304.9010130036      1068.9769915118 
        0.8000000000         3.7700000000         1.9293540529       309.1215082943      1068.9769915118 
        0.8050000000         3.7700000000         1.9268051015       314.8100019470      1065.1725863089 
        0.8100000000         3.7700000000         1.9344519559       320.6819953949      1076.5858019174 
        0.8150000000         3.7700000000         1.9319030044       325.6364898666      1072.7813967146 
        0.8200000000         3.7700000000         1.9191582470       330.2239847479      1053.7593707005 
        0.8250001000         3.7700000000         1.9242561500       335.9124784006      1061.3681811061 
        0.8300000000         3.7700000000         1.9268051015       341.9679716438      1065.1725863089 
        0.8350000000         3.7700000000         1.9268051015       347.2894657060      1065.1725863089 
        0.8400003000         3.7700000000         1.9293540529       352.2439601777      1068.9769915118 
        0.8450000000         3.7700000000         1.9166092955       358.1159536256      1049.9549654976 
        0.8500000000         3.7700000000         1.9242561500       360.1344513734      1061.3681811061 
        0.8550073000         3.7700000000         1.9344519559       357.3819544446      1076.5858019174 
        0.8600000000         3.7700000000         1.9293540529        -0.4426462900      1068.9769915118 
        0.8650000000         3.7700000000         1.9344519559         0.6583524815      1076.5858019174 
        0.8700000000         3.7700000000         1.9242561500         2.8603500245      1061.3681811061 
        0.8750000000         3.7700000000         1.9217071985         7.6313447010      1057.5637759033 
        0.8800000000         3.7700000000         1.9395498589        14.2373373299      1084.1946123231 
        0.8850000000         3.7700000000         1.9293540529        19.0083320064      1068.9769915118 
        0.8900000000         3.7700000000         1.9370009074        24.5133258638      1080.3902071203 
        0.8950000000         3.7700000000         1.9319030044        30.0183197213      1072.7813967146 
        0.9000000000         3.7700000000         1.9242561500        35.1563139883      1061.3681811061 
        0.9050000000         3.7700000000         1.9268051015        40.4778080505      1065.1725863089 
        0.9100000000         3.7700000000         1.9420988104        45.7993021127      1087.9990175259 
        0.9150016000         3.7700000000         1.9370009074        51.1207961749      1080.3902071203 
        0.9200000000         3.7700000000         1.9268051015        56.4422902371      1065.1725863089 
        0.9250000000         3.7700000000         1.9217071985        62.1307838898      1057.5637759033 
        0.9300000000         3.7700000000         1.9140603440        66.7182787710      1046.1505602948 
        0.9350000000         3.7700000000         1.9471967133        71.4892734475      1095.6078279316 
        0.9400000000         3.7700000000         1.9242561500        76.9942673049      1061.3681811061 
        0.9450000000         3.7700000000         1.9089624411        81.9487617766      1038.5417498891 
        0.9500001000         3.7700000000         1.9064134896        86.7197564531      1034.7373446863 
        0.9550000000         3.7700000000         1.9420988104        92.9587494915      1087.9990175259 
        0.9600000000         3.7700000000         1.9140603440        97.3627445775      1046.1505602948 
        0.9650000000         3.7700000000         1.9217071985       102.3172390492      1057.5637759033 
        0.9700000000         3.7700000000         1.9293540529       108.3727322924      1068.9769915118 
        0.9750000000         3.7700000000         1.9293540529       113.3272267641      1068.9769915118 
        0.9800000000         3.7700000000         1.9038645381       117.9147216453      1030.9329394835 
        0.9850000000         3.7700000000         1.9268051015       123.6032152980      1065.1725863089 
        0.9900000000         3.7700000000         1.9446477619       129.4752087460      1091.8034227287 
        0.9950000000         3.7700000000         1.9268051015       134.9802026034      1065.1725863089 
        1.0000000000         3.7700000000         1.9089624411       139.5676974847      1038.5417498891 
        1.0050000000         3.7700000000         1.9217071985       144.3386921611      1057.5637759033 
        1.0100000000         3.7700000000         1.9242561500       149.6601862233      1061.3681811061 
        1.0150000000         3.7700000000         1.9191582470       155.3486798760      1053.7593707005 
        1.0200001000         3.7700000000         1.9242561500       160.4866741430      1061.3681811061 
        1.0250000000         3.7700000000         1.9370009074       166.5421673862      1080.3902071203 
        1.0300000000         3.7700000000         1.9217071985       171.4966618579      1057.5637759033 
        1.0350000000         3.7700000000         1.9217071985       176.8181559201      1057.5637759033 
        1.0400014000         3.7700000000         1.9293540529       181.5891505966      1068.9769915118 
        1.0450000000         3.7700000000         1.9344519559       187.8281436350      1076.5858019174 
        1.0500000000         3.7700000000         1.9268051015       192.4156385162      1065.1725863089 
        1.0550000000         3.7700000000         1.9140603440       197.3701329879      1046.1505602948 
        1.0600000000         3.7700000000         1.9344519559       203.7926258216      1076.5858019174 
        1.0650000000         3.7700000000         1.9344519559       208.3801207028      1076.5858019174 
        1.0700000000         3.7700000000         1.9217071985       213.5181149698      1057.5637759033 
        1.0750000000         3.7700000000         1.9293540529       218.8396090320      1068.9769915118 
        1.0800000000         3.7700000000         1.9268051015       223.9776032990      1065.1725863089 
        1.0850000000         3.7700000000         1.9217071985       228.9320977707      1057.5637759033 
        1.0900000000         3.7700000000         1.9344519559       234.8040912186      1076.5858019174 
        1.0950000000         3.7700000000         1.9293540529       239.3915860998      1068.9769915118 
        1.1000000000         3.7700000000         1.9268051015       244.8965799573      1065.1725863089 
        1.1050000000         3.7700000000         1.9268051015       250.2180740195      1065.1725863089 
        1.1100000000         3.7700000000         1.9319030044       255.7230678770      1072.7813967146 
        1.1150000000         3.7700000000         1.9242561500       260.3105627582      1061.3681811061 
        1.1200000000         3.7700000000         1.9319030044       266.1825562061      1072.7813967146 
        1.1250010000         3.7700000000         1.9293540529       272.0545496541      1068.9769915118 
        1.1300000000         3.7700000000         1.9319030044       277.1925439210      1072.7813967146 
        1.1350000000         3.7700000000         1.9344519559       281.9635385975      1076.5858019174 
        1.1400000000         3.7700000000         1.9395498589       286.9180330692      1084.1946123231 
        1.1450001000         3.7700000000         1.9268051015       293.1570261077      1065.1725863089 
        1.1500000000         3.7700000000         1.9293540529       297.9280207841      1068.9769915118 
        1.1550000000         3.7700000000         1.9242561500       303.0660150511      1061.3681811061 
        1.1600000000         3.7700000000         1.9344519559       309.1215082943      1076.5858019174 
        1.1650000000         3.7700000000         1.9344519559       314.0760027660      1076.5858019174 
        1.1700000000         3.7700000000         1.9242561500       318.8469974424      1061.3681811061 
        1.1750000000         3.7700000000         1.9370009074       324.7189908904      1080.3902071203 
        1.1800000000         3.7700000000         1.9370009074       330.0404849526      1080.3902071203 
        1.1850000000         3.7700000000         1.9242561500       335.9124784006      1061.3681811061 
        1.1900000000         3.7700000000         1.9293540529       341.0504726675      1068.9769915118 
        1.1950000000         3.7700000000         1.9497456648       346.3719667297      1099.4122331344 
        1.2000000000         3.7700000000         1.9293540529       351.5099609967      1068.9769915118 
        1.2050000000         3.7700000000         1.9293540529       357.5654542399      1068.9769915118 
        1.2100000000         3.7700000000         1.9217071985       359.7674517829      1057.5637759033 
        1.2150000000         3.7700000000         1.9344519559       359.0334526019      1076.5858019174 
        1.2200000000         3.7700000000         1.9268051015         0.2913528910      1065.1725863089 
        1.2250000000         3.7700000000         1.9293540529        -0.0756466995      1068.9769915118 
        1.2300000000         3.7700000000         1.9319030044         1.7593512530      1072.7813967146 
        1.2350000000         3.7700000000         1.9344519559         7.4478449057      1076.5858019174 
        1.2400000000         3.7700000000         1.9268051015        12.9528387632      1065.1725863089 
        1.2450000000         3.7700000000         1.9293540529        19.0083320064      1068.9769915118 
        1.2500000000         3.7700000000         1.9395498589        24.5133258638      1084.1946123231 
        1.2550000000         3.7700000000         1.9446477619        29.2843205403      1091.8034227287 
        1.2600000000         3.7700000000         1.9191582470        34.2388150120      1053.7593707005 
        1.2650000000         3.7700000000         1.9191582470        39.9273086647      1053.7593707005 
        1.2700001000         3.7700000000         1.9268051015        45.2488027269      1065.1725863089 
        1.2750000000         3.7700000000         1.9268051015        50.0197974034      1065.1725863089 
        1.2800000000         3.7700000000         1.9242561500        56.0752906466      1061.3681811061 
        1.2850000000         3.7700000000         1.9344519559        61.5802845040      1076.5858019174 
        1.2900000000         3.7700000000         1.9242561500        65.8007797948      1061.3681811061 
        1.2950000000         3.7700000000         1.9268051015        71.8562730380      1065.1725863089 
        1.3000000000         3.7700000000         1.9217071985        76.4437679192      1057.5637759033 
        1.3050000000         3.7700000000         1.9268051015        81.2147625956      1065.1725863089 
        1.3100000000         3.7700000000         1.9217071985        86.7197564531      1057.5637759033 
        1.3150000000         3.7700000000         1.9242561500        92.2247503105      1061.3681811061 
        1.3200000000         3.7700000000         1.9268051015        96.9957449870      1065.1725863089 
        1.3250000000         3.7700000000         1.9242561500       101.5832398682      1061.3681811061 
        1.3300000000         3.7700000000         1.9242561500       107.8222329067      1061.3681811061 
        1.3350000000         3.7700000000         1.9242561500       112.4097277879      1061.3681811061 
        1.3400000000         3.7700000000         1.9115113925       117.7312218501      1042.3461550920 
        1.3450000000         3.7700000000         1.9293540529       122.6857163218      1068.9769915118 
        1.3500000000         3.7700000000         1.9191582470       128.1907101792      1053.7593707005 
        1.3550000000         3.7700000000         1.9217071985       133.3287044462      1057.5637759033 
        1.3600000000         3.7700000000         1.9370009074       139.2006978942      1080.3902071203 
        1.3650000000         3.7700000000         1.9344519559       144.1551923659      1076.5858019174 
        1.3700000000         3.7700000000         1.9217071985       149.6601862233      1057.5637759033 
        1.3750000000         3.7700000000         1.9319030044       154.7981804903      1072.7813967146 
        1.3800000000         3.7700000000         1.9319030044       159.9361747572      1072.7813967146 
        1.3850000000         3.7700000000         1.9344519559       165.9916680004      1076.5858019174 
        1.3900000000         3.7700000000         1.9191582470       170.2121632912      1053.7593707005 
        1.3950001000         3.7700000000         1.9268051015       175.9006569439      1065.1725863089 
        1.4000000000         3.7700000000         1.9217071985       180.8551514156      1057.5637759033 
        1.4050000000         3.7700000000         1.9293540529       186.7271448635      1068.9769915118 
        1.4100000000         3.7700000000         1.9217071985       192.0486389257      1057.5637759033 
        1.4150000000         3.7700000000         1.9395498589       197.7371325784      1084.1946123231 
        1.4200000000         3.7700000000         1.9140603440       201.9576278691      1046.1505602948 
        1.4250000000         3.7700000000         1.9242561500       207.2791219314      1061.3681811061 
        1.4300000000         3.7700000000         1.9370009074       213.3346151746      1080.3902071203 
        1.4350000000         3.7700000000         1.9268051015       217.5551104653      1065.1725863089 
        1.4400000000         3.7700000000         1.9268051015       223.4271039132      1065.1725863089 
        1.4450000000         3.7700000000         1.9242561500       228.7485979754      1061.3681811061 
        1.4500000000         3.7700000000         1.9268051015       233.8865922424      1065.1725863089 
        1.4550000000         3.7700000000         1.9344519559       238.6575869189      1076.5858019174 
        1.4600000000         3.7700000000         1.9293540529       244.3460805716      1068.9769915118 
        1.4650000000         3.7700000000         1.9344519559       250.2180740195      1076.5858019174 
        1.4700000000         3.7700000000         1.9344519559       255.5395680817      1076.5858019174 
        1.4750000000         3.7700000000         1.9370009074       260.4940625534      1080.3902071203 
        1.4800000000         3.7700000000         1.9268051015       265.2650572299      1065.1725863089 
        1.4850000000         3.7700000000         1.9242561500       270.9535508826      1061.3681811061 
        1.4900000000         3.7700000000         1.9344519559       276.2750449448      1076.5858019174 
        1.4950000000         3.7700000000         1.9344519559       281.5965390070      1076.5858019174 
        1.5000000000         3.7700000000         1.9166092955       286.3675336835      1049.9549654976 
        1.5050000000         3.7700000000         1.9420988104       292.4230269267      1087.9990175259 
        1.5100000000         3.7700000000         1.9395498589       297.3775213984      1084.1946123231 
        1.5150000000         3.7700000000         1.9395498589       302.8825152558      1084.1946123231 
        1.5200001000         3.7700000000         1.9370009074       308.2040093180      1080.3902071203 
        1.5250000000         3.7700000000         1.9268051015       312.9750039945      1065.1725863089 
        1.5300000000         3.7700000000         1.9293540529       318.8469974424      1068.9769915118 
        1.5350000000         3.7700000000         1.9471967133       324.1684915047      1095.6078279316 
        1.5400001000         3.7700000000         1.9395498589       329.4899855669      1084.1946123231 
        1.5450000000         3.7700000000         1.9344519559       334.4444800386      1076.5858019174 
        1.5500000000         3.7700000000         1.9293540529       340.6834730770      1068.9769915118 
        1.5550000000         3.7700000000         1.9446477619       346.7389663202      1091.8034227287 
        1.5600000000         3.7700000000         1.9268051015       351.3264612014      1065.1725863089 
        1.5650000000         3.7700000000         1.9446477619       357.3819544446      1091.8034227287 
        1.5700000000         3.7700000000         1.9420988104       359.9509515781      1087.9990175259 
        1.5750000000         3.7700000000         1.9089624411       359.4004521924      1038.5417498891 
        1.5800000000         3.7700000000         1.9242561500         0.4748526863      1061.3681811061 
        1.5850000000         3.7700000000         1.9344519559         0.2913528910      1076.5858019174 
        1.5900000000         3.7700000000         1.9420988104         1.9428510483      1087.9990175259 
        1.5950000000         3.7700000000         1.9344519559         7.4478449057      1076.5858019174 
        1.6000000000         3.7700000000         1.9319030044        12.9528387632      1072.7813967146 
        1.6050000000         3.7700000000         1.9268051015        18.2743328254      1065.1725863089 
        1.6100000000         3.7700000000         1.9370009074        23.7793266828      1080.3902071203 
        1.6150000000         3.7700000000         1.9370009074        29.6513201308      1080.3902071203 
        1.6200000000         3.7700000000         1.9370009074        34.4223148073      1080.3902071203 
        1.6250000000         3.7700000000         1.9420988104        40.1108084600      1087.9990175259 
        1.6300000000         3.7700000000         1.9420988104        45.7993021127      1087.9990175259 
        1.6350000000         3.7700000000         1.9268051015        50.5702967891      1065.1725863089 
        1.6400000000         3.7700000000         1.9191582470        55.7082910561      1053.7593707005 
        1.6450001000         3.7700000000         1.9471967133        61.5802845040      1095.6078279316 
        1.6500000000         3.7700000000         1.9420988104        66.3512791805      1087.9990175259 
        1.6550000000         3.7700000000         1.9293540529        72.2232726285      1068.9769915118 
        1.6600000000         3.7700000000         1.9166092955        76.2602681239      1049.9549654976 
        1.6650001000         3.7700000000         1.9268051015        81.3982623909      1065.1725863089 
        1.6700000000         3.7700000000         1.9293540529        87.8207552246      1068.9769915118 
        1.6750000000         3.7700000000         1.9293540529        92.4082501058      1068.9769915118 
        1.6800000000         3.7700000000         1.9370009074        97.1792447823      1080.3902071203 
        1.6850000000         3.7700000000         1.9344519559       103.2347380255      1076.5858019174 
        1.6900000000         3.7700000000         1.9166092955       108.0057327019      1049.9549654976 
        1.6950000000         3.7700000000         1.9420988104       113.5107265594      1087.9990175259 
        1.7000000000         3.7700000000         1.9395498589       118.4652210311      1084.1946123231 
        1.7050000000         3.7700000000         1.9268051015       123.9702148885      1065.1725863089 
        1.7100000000         3.7700000000         1.9140603440       128.9247093602      1046.1505602948 
        1.7150000000         3.7700000000         1.9471967133       134.2462034225      1095.6078279316 
        1.7200000000         3.7700000000         1.9293540529       139.2006978942      1068.9769915118 
        1.7250000000         3.7700000000         1.9140603440       145.2561911374      1046.1505602948 
        1.7300000000         3.7700000000         1.9140603440       150.0271858138      1046.1505602948 
        1.7350000000         3.7700000000         1.9370009074       155.5321796713      1080.3902071203 
        1.7400000000         3.7700000000         1.9268051015       161.2206733240      1065.1725863089 
        1.7450000000         3.7700000000         1.9217071985       166.5421673862      1057.5637759033 
        1.7500000000         3.7700000000         1.9471967133       172.4141608341      1095.6078279316 
        1.7550000000         3.7700000000         1.9370009074       177.1851555106      1080.3902071203 
        1.7600000000         3.7700000000         1.9319030044       182.8736491633      1072.7813967146 
        1.7650000000         3.7700000000         1.9191582470       187.8281436350      1053.7593707005 
        1.7700001000         3.7700000000         1.9370009074       192.5991383115      1080.3902071203 
        1.7750000000         3.7700000000         1.9242561500       198.1041321689      1061.3681811061 
        1.7800000000         3.7700000000         1.9242561500       203.7926258216      1061.3681811061 
        1.7850000000         3.7700000000         1.9217071985       208.7471202933      1057.5637759033 
        1.7900001000         3.7700000000         1.9268051015       214.4356139460      1065.1725863089 
        1.7950000000         3.7700000000         1.9471967133       220.1241075988      1095.6078279316 
        1.8000000000         3.7700000000         1.9191582470       224.3446028895      1053.7593707005 
        1.8050000000         3.7700000000         1.9268051015       229.6660969517      1065.1725863089 
        1.8100000000         3.7700000000         1.9395498589       235.7215901949      1084.1946123231 
        1.8150000000         3.7700000000         1.9370009074       240.6760846666      1080.3902071203 
        1.8200000000         3.7700000000         1.9268051015       245.4470793430      1065.1725863089 
        1.8250000000         3.7700000000         1.9420988104       251.3190727910      1087.9990175259 
        1.8300000000         3.7700000000         1.9344519559       256.6405668532      1076.5858019174 
        1.8350000000         3.7700000000         1.9217071985       261.2280617344      1057.5637759033 
        1.8400000000         3.7700000000         1.9140603440       267.1000551824      1046.1505602948 
        1.8450000000         3.7700000000         1.9420988104       272.2380494493      1087.9990175259 
        1.8500000000         3.7700000000         1.9344519559       277.1925439210      1076.5858019174 
        1.8550000000         3.7700000000         1.9242561500       282.5140379832      1061.3681811061 
        1.8600000000         3.7700000000         1.9242561500       287.6520322502      1061.3681811061 
        1.8650000000         3.7700000000         1.9293540529       293.5240256982      1068.9769915118 
        1.8700000000         3.7700000000         1.9471967133       299.3960191461      1095.6078279316 
        1.8750000000         3.7700000000         1.9344519559       304.1670138226      1076.5858019174 
        1.8800000000         3.7700000000         1.9344519559       309.4885078848      1076.5858019174 
        1.8850000000         3.7700000000         1.9497456648       315.3605013327      1099.4122331344 
        1.8900000000         3.7700000000         1.9471967133       320.4984955997      1095.6078279316 
        1.8950001000         3.7700000000         1.9268051015       325.2694902761      1065.1725863089 
        1.9000000000         3.7700000000         1.9293540529       331.6919831098      1068.9769915118 
        1.9050000000         3.7700000000         1.9344519559       336.8299773768      1076.5858019174 
        1.9100000000         3.7700000000         1.9370009074       341.9679716438      1080.3902071203 
        1.9150001000         3.7700000000         1.9395498589       348.5739642727      1084.1946123231 
        1.9200000000         3.7700000000         1.9319030044       353.3449589492      1072.7813967146 
        1.9250000000         3.7700000000         1.9420988104       358.6664530114      1087.9990175259 
        1.9300000000         3.7700000000         1.9293540529       359.9509515781      1068.9769915118 
        1.9350000000         3.7700000000         1.9395498589        80.1137638241      1084.1946123231 
        1.9400000000         3.7700000000         1.9370009074        -0.4426462900      1080.3902071203 
        1.9450000000         3.7700000000         1.9446477619         0.1078530958      1091.8034227287 
        1.9500000000         3.7700000000         1.9370009074         3.7778490008      1080.3902071203 
        1.9550000000         3.7700000000         1.9242561500         8.9158432677      1061.3681811061 
        1.9600000000         3.7700000000         1.9471967133        14.9713365109      1095.6078279316 
        1.9650000000         3.7700000000         1.9471967133        20.4763303684      1095.6078279316 
        1.9700000000         3.7700000000         1.9344519559        26.3483238163      1076.5858019174 
        1.9750000000         3.7700000000         1.9344519559        31.4863180833      1076.5858019174 
        1.9800000000         3.7700000000         1.9395498589        36.4408125550      1084.1946123231 
        1.9850000000         3.7700000000         1.9319030044        41.5788068220      1072.7813967146 
        1.9900000000         3.7700000000         1.9242561500        46.9003008842      1061.3681811061 
        1.9950000000         3.7700000000         1.9395498589        53.1392939226      1084.1946123231 
        2.0000000000         3.7700000000         1.9420988104        57.5432890086      1087.9990175259 
        2.0050000000         3.7700000000         1.9344519559        62.8647830708      1076.5858019174 
        2.0100000000         3.7700000000         1.9293540529        68.9202763140      1068.9769915118 
        2.0150000000         3.7700000000         1.9344519559        73.6912709904      1076.5858019174 
        2.0200001000         3.7700000000         1.9446477619        78.4622656669      1091.8034227287 
        2.0250000000         3.7700000000         1.9293540529        84.3342591149      1068.9769915118 
        2.0300000000         3.7700000000         1.9191582470        88.9217539961      1053.7593707005 
        2.0350001000         3.7700000000         1.9497456648        95.1607470345      1099.4122331344 
        2.0400001000         3.7700000000         1.9395498589       100.1152415062      1084.1946123231 
        2.0450000000         3.7700000000         1.9268051015       104.7027363874      1065.1725863089 
        2.0500000000         3.7700000000         1.9191582470       110.0242304496      1053.7593707005 
        2.0550000000         3.7700000000         1.9599414708       116.2632234881      1114.6298539457 
        2.0600000000         3.7700000000         1.9370009074       121.4012177551      1080.3902071203 
        2.0650000000         3.7700000000         1.9064134896       126.5392120220      1034.7373446863 
        2.0700000000         3.7700000000         1.9471967133       132.0442058795      1095.6078279316 
        2.0750000000         3.7700000000         1.9420988104       137.3656999417      1087.9990175259 
        2.0800000000         3.7700000000         1.9268051015       142.8706937991      1065.1725863089 
        2.0850000000         3.7700000000         1.9395498589       148.0086880661      1084.1946123231 
        2.0900000000         3.7700000000         1.9420988104       152.9631825378      1087.9990175259 
        2.0950000000         3.7700000000         1.9268051015       158.8351759858      1065.1725863089 
        2.1000000000         3.7700000000         1.9293540529       164.1566700480      1068.9769915118 
        2.1050000000         3.7700000000         1.9446477619       169.1111645197      1091.8034227287 
        2.1100000000         3.7700000000         1.9370009074       174.9831579676      1080.3902071203 
        2.1150000000         3.7700000000         1.9293540529       179.7541526441      1068.9769915118 
        2.1200000000         3.7700000000         1.9344519559       185.0756467063      1076.5858019174 
        2.1250000000         3.7700000000         1.9293540529       190.2136409732      1068.9769915118 
        2.1300000000         3.7700000000         1.9395498589       196.0856344212      1084.1946123231 
        2.1350000000         3.7700000000         1.9268051015       200.4896295072      1065.1725863089 
        2.1400000000         3.7700000000         1.9420988104       206.1781231599      1087.9990175259 
        2.1450000000         3.7700000000         1.9166092955       211.6831170173      1049.9549654976 
        2.1500000000         3.7700000000         1.9293540529       216.8211112843      1068.9769915118 
        2.1550000000         3.7700000000         1.9268051015       222.1426053465      1065.1725863089 
        2.1600001000         3.7700000000         1.9344519559       227.2805996134      1076.5858019174 
        2.1650000000         3.7700000000         1.9268051015       232.4185938804      1065.1725863089 
        2.1700000000         3.7700000000         1.9395498589       238.4740871236      1084.1946123231 
        2.1750000000         3.7700000000         1.9268051015       242.8780822096      1065.1725863089 
        2.1800001000         3.7700000000         1.9471967133       248.9335754528      1095.6078279316 
        2.1850000000         3.7700000000         1.9370009074       254.4385693102      1080.3902071203 
        2.1900000000         3.7700000000         1.9344519559       258.6590646009      1076.5858019174 
        2.1950000000         3.7700000000         1.9217071985       264.1640584584      1057.5637759033 
        2.2000000000         3.7700000000         1.9395498589       270.4030514968      1084.1946123231 
        2.2050000000         3.7700000000         1.9420988104       275.5410457638      1087.9990175259 
        2.2100000000         3.7700000000         1.9242561500       280.3120404403      1061.3681811061 
        2.2150000000         3.7700000000         1.9395498589       285.4500347072      1084.1946123231 
        2.2200000000         3.7700000000         1.9344519559       290.5880289742      1076.5858019174 
        2.2250000000         3.7700000000         1.9344519559       296.8270220126      1076.5858019174 
        2.2300000000         3.7700000000         1.9268051015       301.4145168938      1065.1725863089 
        2.2350000000         3.7700000000         1.9370009074       307.1030105465      1080.3902071203 
        2.2400000000         3.7700000000         1.9344519559       312.4245046088      1076.5858019174 
        2.2450000000         3.7700000000         1.9420988104       317.5624988757      1087.9990175259 
        2.2500000000         3.7700000000         1.9191582470       322.7004931427      1053.7593707005 
        2.2550000000         3.7700000000         1.9140603440       327.8384874096      1046.1505602948 
        2.2600000000         3.7700000000         1.9420988104       333.3434812671      1087.9990175259 
        2.2650000000         3.7700000000         1.9217071985       338.8484751245      1057.5637759033 
        2.2700000000         3.7700000000         1.9395498589       344.7204685725      1084.1946123231 
        2.2750000000         3.7700000000         1.9395498589       350.2254624299      1084.1946123231 
        2.2800000000         3.7700000000         1.9344519559       355.9139560826      1076.5858019174 
        2.2850001000         3.7700000000         1.9293540529       360.3179511686      1068.9769915118 
        2.2900000000         3.7700000000         1.9344519559       359.9509515781      1076.5858019174 
        2.2950000000         3.7700000000         1.9446477619        79.9302640289      1091.8034227287 
        2.3000000000         3.7700000000         1.9344519559         0.1078530958      1076.5858019174 
        2.3050001000         3.7700000000         1.9268051015         1.2088518673      1065.1725863089 
        2.3100000000         3.7700000000         1.9344519559         6.5303459295      1076.5858019174 
        2.3150000000         3.7700000000         1.9370009074        11.3013406059      1080.3902071203 
        2.3200000000         3.7700000000         1.9420988104        16.8063344634      1087.9990175259 
        2.3250000000         3.7700000000         1.9319030044        22.6783279114      1072.7813967146 
        2.3300000000         3.7700000000         1.9242561500        27.4493225878      1061.3681811061 
        2.3350000000         3.7700000000         1.9293540529        33.1378162405      1068.9769915118 
        2.3400000000         3.7700000000         1.9420988104        39.0098096885      1087.9990175259 
        2.3450000000         3.7700000000         1.9268051015        43.2303049792      1065.1725863089 
        2.3500000000         3.7700000000         1.9370009074        49.1022984271      1080.3902071203 
        2.3550000000         3.7700000000         1.9395498589        54.9742918751      1084.1946123231 
        2.3600000000         3.7700000000         1.9268051015        59.9287863468      1065.1725863089 
        2.3650000000         3.7700000000         1.9395498589        65.4337802043      1084.1946123231 
        2.3700044000         3.7700000000         1.9344519559        70.0212750855      1076.5858019174 
        2.3750000000         3.7700000000         1.9293540529        75.1592693524      1068.9769915118 
        2.3800000000         3.7700000000         1.9293540529        80.6642632099      1068.9769915118 
        2.3850000000         3.7700000000         1.9191582470        85.4352578863      1053.7593707005 
        2.3900000000         3.7700000000         1.9420988104        90.7567519486      1087.9990175259 
        2.3950000000         3.7700000000         1.9293540529        95.8947462155      1068.9769915118 
        2.4000000000         3.7700000000         1.9242561500       101.5832398682      1061.3681811061 
        2.4050000000         3.7700000000         1.9089624411       106.3542345447      1038.5417498891 
        2.4100001000         3.7700000000         1.9420988104       112.0427281974      1087.9990175259 
        2.4150000000         3.7700000000         1.9293540529       116.8137228738      1068.9769915118 
        2.4200000000         3.7700000000         1.9268051015       122.1352169360      1065.1725863089 
        2.4250000000         3.7700000000         1.9319030044       128.0072103840      1072.7813967146 
        2.4300001000         3.7700000000         1.9293540529       133.3287044462      1068.9769915118 
        2.4350000000         3.7700000000         1.9166092955       138.6501985084      1049.9549654976 
        2.4400000000         3.7700000000         1.9395498589       143.7881927754      1084.1946123231 
        2.4450000000         3.7700000000         1.9344519559       149.2931866328      1076.5858019174 
        2.4500000000         3.7700000000         1.9268051015       155.1651800808      1065.1725863089 
        2.4550000000         3.7700000000         1.9420988104       160.3031743477      1087.9990175259 
        2.4600000000         3.7700000000         1.9319030044       165.0741690242      1072.7813967146 
        2.4650000000         3.7700000000         1.9242561500       170.9461624722      1061.3681811061 
        2.4700000000         3.7700000000         1.9293540529       176.0841567391      1068.9769915118 
        2.4750000000         3.7700000000         1.9344519559       181.4056508013      1076.5858019174 
        2.4800000000         3.7700000000         1.9395498589       187.2776442493      1084.1946123231 
        2.4850000000         3.7700000000         1.9420988104       192.5991383115      1087.9990175259 
        2.4900000000         3.7700000000         1.9191582470       197.0031333974      1053.7593707005 
        2.4950000000         3.7700000000         1.9446477619       203.0586266406      1091.8034227287 
        2.5000000000         3.7700000000         1.9471967133       208.7471202933      1095.6078279316 
        2.5050000000         3.7700000000         1.9268051015       213.1511153793      1065.1725863089 
        2.5100000000         3.7700000000         1.9370009074       219.2066086225      1080.3902071203 
        2.5150000000         3.7700000000         1.9319030044       223.2436041180      1072.7813967146 
        2.5200000000         3.7700000000         1.9420988104       229.1155975659      1087.9990175259 
        2.5250000000         3.7700000000         1.9293540529       234.6205914234      1068.9769915118 
        2.5300000000         3.7700000000         1.9395498589       239.7585856903      1084.1946123231 
        2.5350022000         3.7700000000         1.9293540529       245.4470793430      1068.9769915118 
        2.5400000000         3.7700000000         1.9471967133       250.2180740195      1095.6078279316 
        2.5450000000         3.7700000000         1.9166092955       255.1725684912      1049.9549654976 
        2.5500000000         3.7700000000         1.9344519559       261.4115615297      1076.5858019174 
        2.5550001000         3.7700000000         1.9395498589       266.1825562061      1084.1946123231 
        2.5600000000         3.7700000000         1.9191582470       270.9535508826      1053.7593707005 
        2.5650000000         3.7700000000         1.9344519559       277.1925439210      1076.5858019174 
        2.5700000000         3.7700000000         1.9293540529       281.5965390070      1068.9769915118 
        2.5750000000         3.7700000000         1.9344519559       287.6520322502      1076.5858019174 
        2.5800000000         3.7700000000         1.9344519559       292.4230269267      1076.5858019174 
        2.5850000000         3.7700000000         1.9420988104       298.2950203746      1087.9990175259 
        2.5900000000         3.7700000000         1.9242561500       302.5155156653      1061.3681811061 
        2.5950000000         3.7700000000         1.9319030044       308.2040093180      1072.7813967146 
        2.6000000000         3.7700000000         1.9293540529       313.8925029707      1068.9769915118 
        2.6050000000         3.7700000000         1.9242561500       318.6634976472      1061.3681811061 
        2.6100000000         3.7700000000         1.9344519559       324.5354910952      1076.5858019174 
        2.6150000000         3.7700000000         1.9268051015       329.4899855669      1065.1725863089 
        2.6200000000         3.7700000000         1.9268051015       334.9949794243      1065.1725863089 
        2.6250000000         3.7700000000         1.9344519559       340.3164734865      1076.5858019174 
        2.6300000000         3.7700000000         1.9370009074       346.7389663202      1080.3902071203 
        2.6350000000         3.7700000000         1.9268051015       351.3264612014      1065.1725863089 
        2.6400000000         3.7700000000         1.9319030044       357.7489540351      1072.7813967146 
        2.6450016000         3.7700000000         1.9268051015       359.9509515781      1065.1725863089 
        2.6500000000         3.7700000000         1.9344519559       359.5839519876      1076.5858019174 
        2.6550000000         3.7700000000         1.9344519559         0.1078530958      1076.5858019174 
        2.6600001000         3.7700000000         1.9268051015        -0.0756466995      1065.1725863089 
        2.6650000000         3.7700000000         1.9293540529         2.1263508435      1068.9769915118 
        2.6700000000         3.7700000000         1.9293540529         7.0808453152      1068.9769915118 
        2.6750000000         3.7700000000         1.9370009074        12.9528387632      1080.3902071203 
        2.6800001000         3.7700000000         1.9268051015        17.9073332349      1065.1725863089 
        2.6850000000         3.7700000000         1.9420988104        24.5133258638      1087.9990175259 
        2.6900000000         3.7700000000         1.9344519559        28.7338211546      1076.5858019174 
        2.6950000000         3.7700000000         1.9217071985        34.2388150120      1057.5637759033 
        2.7000000000         3.7700000000         1.9217071985        40.2943082552      1057.5637759033 
        2.7050000000         3.7700000000         1.9471967133        45.4323025222      1095.6078279316 
        2.7100000000         3.7700000000         1.9344519559        50.7537965844      1076.5858019174 
        2.7150000000         3.7700000000         1.9344519559        56.4422902371      1076.5858019174 
        2.7200000000         3.7700000000         1.9344519559        61.5802845040      1076.5858019174 
        2.7250000000         3.7700000000         1.9319030044        66.5347789758      1072.7813967146 
        2.7300000000         3.7700000000         1.9370009074        71.8562730380      1080.3902071203 
        2.7350000000         3.7700000000         1.9115113925        76.9942673049      1042.3461550920 
        2.7400000000         3.7700000000         1.9268051015        81.3982623909      1065.1725863089 
        2.7450000000         3.7700000000         1.9242561500        86.7197564531      1061.3681811061 
        2.7500000000         3.7700000000         1.9319030044        92.2247503105      1072.7813967146 
        2.7550000000         3.7700000000         1.9166092955        97.3627445775      1049.9549654976 
        2.7600000000         3.7700000000         1.9370009074       102.5007388445      1080.3902071203 
        2.7650000000         3.7700000000         1.9319030044       107.8222329067      1072.7813967146 
        2.7700000000         3.7700000000         1.9268051015       113.5107265594      1065.1725863089 
        2.7750000000         3.7700000000         1.9191582470       117.7312218501      1053.7593707005 
        2.7800000000         3.7700000000         1.9370009074       123.4197155028      1080.3902071203 
        2.7850001000         3.7700000000         1.9191582470       128.9247093602      1053.7593707005 
        2.7900000000         3.7700000000         1.9140603440       133.8792038320      1046.1505602948 
        2.7950000000         3.7700000000         1.9344519559       139.5676974847      1076.5858019174 
        2.8000000000         3.7700000000         1.9242561500       144.7056917516      1061.3681811061 
        2.8050001000         3.7700000000         1.9166092955       150.2106856091      1049.9549654976 
        2.8100000000         3.7700000000         1.9420988104       155.8991792618      1087.9990175259 
        2.8150000000         3.7700000000         1.9293540529       160.8536737335      1068.9769915118 
        2.8200000000         3.7700000000         1.9293540529       165.6246684099      1068.9769915118 
        2.8250000000         3.7700000000         1.9166092955       170.9461624722      1049.9549654976 
        2.8300000000         3.7700000000         1.9319030044       176.8181559201      1072.7813967146 
        2.8350000000         3.7700000000         1.9268051015       181.9561501871      1065.1725863089 
        2.8400000000         3.7700000000         1.9344519559       187.4611440445      1076.5858019174 
        2.8450000000         3.7700000000         1.9242561500       192.7826381067      1061.3681811061 
        2.8500000000         3.7700000000         1.9319030044       197.9206323737      1072.7813967146 
        2.8550000000         3.7700000000         1.9166092955       203.0586266406      1049.9549654976 
        2.8600000000         3.7700000000         1.9370009074       209.1141198838      1080.3902071203 
        2.8650000000         3.7700000000         1.9191582470       213.3346151746      1053.7593707005 
        2.8700000000         3.7700000000         1.9293540529       219.0231088273      1068.9769915118 
        2.8750000000         3.7700000000         1.9344519559       224.1611030942      1076.5858019174 
        2.8800000000         3.7700000000         1.9191582470       228.9320977707      1053.7593707005 
        2.8850000000         3.7700000000         1.9370009074       235.1710908091      1080.3902071203 
        2.8900000000         3.7700000000         1.9344519559       239.5750858951      1076.5858019174 
        2.8950000000         3.7700000000         1.9268051015       244.7130801621      1065.1725863089 
        2.9000000000         3.7700000000         1.9268051015       250.4015738148      1065.1725863089 
        2.9050000000         3.7700000000         1.9268051015       255.7230678770      1065.1725863089 
        2.9100001000         3.7700000000         1.9293540529       260.8610621439      1068.9769915118 
        2.9150000000         3.7700000000         1.9370009074       265.9990564109      1080.3902071203 
        2.9200000000         3.7700000000         1.9217071985       271.1370506778      1057.5637759033 
        2.9250000000         3.7700000000         1.9191582470       276.0915451495      1053.7593707005 
        2.9300001000         3.7700000000         1.9268051015       281.7800388023      1065.1725863089 
        2.9350000000         3.7700000000         1.9293540529       287.8355320455      1068.9769915118 
        2.9400000000         3.7700000000         1.9293540529       292.6065267219      1068.9769915118 
        2.9450000000         3.7700000000         1.9446477619       298.4785201699      1091.8034227287 
        2.9500000000         3.7700000000         1.9242561500       303.0660150511      1061.3681811061 
        2.9550000000         3.7700000000         1.9420988104       308.9380084990      1087.9990175259 
        2.9600000000         3.7700000000         1.9166092955       313.3420035850      1049.9549654976 
        2.9650000000         3.7700000000         1.9268051015       319.2139970329      1065.1725863089 
        2.9700000000         3.7700000000         1.9522946163       324.5354910952      1103.2166383372 
        2.9750000000         3.7700000000         1.9344519559       330.7744841336      1076.5858019174 
        2.9800000000         3.7700000000         1.9140603440       335.3619790148      1046.1505602948 
        2.9850000000         3.7700000000         1.9217071985       340.8669728723      1057.5637759033 
        2.9900000000         3.7700000000         1.9370009074       346.3719667297      1080.3902071203 
        2.9950000000         3.7700000000         1.9191582470       351.5099609967      1053.7593707005 
        3.0000000000         3.7700000000         1.9268051015       357.0149548541      1065.1725863089 
        3.0050000000         3.7700000000         1.9344519559       359.9509515781      1076.5858019174 
        3.0100000000         3.7700000000         1.9293540529       359.7674517829      1068.9769915118 
        3.0150000000         3.7700000000         1.9242561500         0.1078530958      1061.3681811061 
        3.0200000000         3.7700000000         1.9319030044        -0.4426462900      1072.7813967146 
        3.0250000000         3.7700000000         1.9293540529         2.1263508435      1068.9769915118 
        3.0300000000         3.7700000000         1.9217071985         7.4478449057      1057.5637759033 
        3.0350042000         3.7700000000         1.9140603440        12.4023393774      1046.1505602948 
        3.0400000000         3.7700000000         1.9293540529        18.2743328254      1068.9769915118 
        3.0450000000         3.7700000000         1.9395498589        24.3298260686      1084.1946123231 
        3.0500000000         3.7700000000         1.9319030044        29.1008207451      1072.7813967146 
        3.0550001000         3.7700000000         1.9293540529        34.9728141930      1068.9769915118 
        3.0600000000         3.7700000000         1.9319030044        40.2943082552      1072.7813967146 
        3.0650000000         3.7700000000         1.9370009074        44.8818031364      1080.3902071203 
        3.0700000000         3.7700000000         1.9242561500        50.2032971986      1061.3681811061 
        3.0750001000         3.7700000000         1.9268051015        55.3412914656      1065.1725863089 
        3.0800000000         3.7700000000         1.9293540529        60.8462853230      1068.9769915118 
        3.0850000000         3.7700000000         1.9268051015        65.4337802043      1065.1725863089 
        3.0900000000         3.7700000000         1.9166092955        71.1222738570      1049.9549654976 
        3.0950000000         3.7700000000         1.9242561500        76.2602681239      1061.3681811061 
        3.1000000000         3.7700000000         1.9395498589        81.7652619814      1084.1946123231 
        3.1050000000         3.7700000000         1.9268051015        86.7197564531      1065.1725863089 
        3.1100000000         3.7700000000         1.9064134896        91.4907511295      1034.7373446863 
        3.1150000000         3.7700000000         1.9191582470        96.9957449870      1053.7593707005 
        3.1200000000         3.7700000000         1.9370009074       102.1337392540      1080.3902071203 
        3.1250000000         3.7700000000         1.9140603440       106.9047339304      1046.1505602948 
        3.1300000000         3.7700000000         1.9217071985       112.9602271736      1057.5637759033 
        3.1350013000         3.7700000000         1.9293540529       118.2817212358      1068.9769915118 
        3.1400000000         3.7700000000         1.9268051015       123.0527159123      1065.1725863089 
        3.1450000000         3.7700000000         1.9064134896       127.6402107935      1034.7373446863 
        3.1500005000         3.7700000000         1.9293540529       133.5122042415      1068.9769915118 
        3.1550000000         3.7700000000         1.9268051015       138.6501985084      1065.1725863089 
        3.1600001000         3.7700000000         1.9115113925       143.6046929801      1042.3461550920 
        3.1650000000         3.7700000000         1.9268051015       149.8436860186      1065.1725863089 
        3.1700000000         3.7700000000         1.9395498589       154.9816802855      1084.1946123231 
        3.1750000000         3.7700000000         1.9217071985       159.7526749620      1057.5637759033 
        3.1800001000         3.7700000000         1.9268051015       165.2576688194      1065.1725863089 
        3.1850000000         3.7700000000         1.9319030044       171.1296622674      1072.7813967146 
        3.1900000000         3.7700000000         1.9268051015       175.3501575581      1065.1725863089 
        3.1950000000         3.7700000000         1.9268051015       181.2221510061      1065.1725863089 
        3.2000001000         3.7700000000         1.9268051015       186.5436450683      1065.1725863089 
        3.2050000000         3.7700000000         1.9344519559       192.2321387210      1076.5858019174 
        3.2100000000         3.7700000000         1.9268051015       196.8196336022      1065.1725863089 
        3.2150000000         3.7700000000         1.9217071985       202.8751268454      1057.5637759033 
        3.2200000000         3.7700000000         1.9242561500       207.6461215219      1061.3681811061 
        3.2250000000         3.7700000000         1.9319030044       212.2336164031      1072.7813967146 
        3.2300000000         3.7700000000         1.9344519559       218.4726094415      1076.5858019174 
        3.2350000000         3.7700000000         1.9242561500       222.6931047322      1061.3681811061 
        3.2400000000         3.7700000000         1.9242561500       228.3815983849      1061.3681811061 
        3.2450000000         3.7700000000         1.9293540529       234.0700920376      1068.9769915118 
        3.2500000000         3.7700000000         1.9268051015       238.2905873284      1065.1725863089 
        3.2550000000         3.7700000000         1.9242561500       244.5295803668      1061.3681811061 
        3.2600000000         3.7700000000         1.9344519559       249.4840748385      1076.5858019174 
        3.2650000000         3.7700000000         1.9217071985       254.6220691055      1057.5637759033 
        3.2700000000         3.7700000000         1.9242561500       259.5765635772      1061.3681811061 
        3.2750000000         3.7700000000         1.9191582470       265.0815574346      1053.7593707005 
        3.2800000000         3.7700000000         1.9268051015       270.2195517016      1065.1725863089 
        3.2850001000         3.7700000000         1.9242561500       275.1740461733      1061.3681811061 
        3.2900000000         3.7700000000         1.9395498589       281.2295394165      1084.1946123231 
        3.2950000000         3.7700000000         1.9140603440       286.0005340930      1046.1505602948 
        3.3000000000         3.7700000000         1.9242561500       291.3220281552      1061.3681811061 
        3.3050001000         3.7700000000         1.9293540529       296.6435222174      1068.9769915118 
        3.3100000000         3.7700000000         1.9344519559       302.1485160748      1076.5858019174 
        3.3150000000         3.7700000000         1.9268051015       307.4700101370      1065.1725863089 
        3.3200000000         3.7700000000         1.9166092955       312.0575050183      1049.9549654976 
        3.3250001000         3.7700000000         1.9268051015       318.2964980567      1065.1725863089 
        3.3300000000         3.7700000000         1.9268051015       322.7004931427      1065.1725863089 
        3.3350000000         3.7700000000         1.9242561500       328.5724865906      1061.3681811061 
        3.3400000000         3.7700000000         1.9344519559       333.8939806528      1076.5858019174 
        3.3450000000         3.7700000000         1.9217071985       339.0319749198      1057.5637759033 
        3.3500000000         3.7700000000         1.9242561500       344.7204685725      1061.3681811061 
        3.3550000000         3.7700000000         1.9191582470       350.2254624299      1053.7593707005 
        3.3600000000         3.7700000000         1.9370009074       355.9139560826      1080.3902071203 
        3.3650000000         3.7700000000         1.9395498589       360.3179511686      1084.1946123231 
        3.3700012000         3.7700000000         1.9268051015       359.9509515781      1065.1725863089 
        3.3750000000         3.7700000000         1.9166092955        79.7467642336      1049.9549654976 
        3.3800000000         3.7700000000         1.9344519559         0.1078530958      1076.5858019174 
        3.3850000000         3.7700000000         1.9344519559         0.6583524815      1076.5858019174 
        3.3900000000         3.7700000000         1.9217071985         5.7963467485      1057.5637759033 
        3.3950000000         3.7700000000         1.9217071985        11.3013406059      1057.5637759033 
        3.4000000000         3.7700000000         1.9217071985        16.2558350777      1057.5637759033 
        3.4050000000         3.7700000000         1.9166092955        21.5773291399      1049.9549654976 
        3.4100001000         3.7700000000         1.9242561500        26.8988232021      1061.3681811061 
        3.4150000000         3.7700000000         1.9293540529        32.7708166500      1068.9769915118 
        3.4200000000         3.7700000000         1.9395498589        38.0923107122      1084.1946123231 
        3.4250000000         3.7700000000         1.9319030044        43.9643041602      1072.7813967146 
        3.4300001000         3.7700000000         1.9268051015        49.1022984271      1065.1725863089 
        3.4350000000         3.7700000000         1.9319030044        53.6897933084      1072.7813967146 
        3.4400000000         3.7700000000         1.9370009074        59.3782869611      1080.3902071203 
        3.4450000000         3.7700000000         1.9166092955        63.9657818423      1049.9549654976 
        3.4500001000         3.7700000000         1.9140603440        69.6542754950      1046.1505602948 
        3.4550000000         3.7700000000         1.9242561500        74.2417703762      1061.3681811061 
        3.4600000000         3.7700000000         1.9370009074        79.9302640289      1080.3902071203 
        3.4650000000         3.7700000000         1.9089624411        84.5177589101      1038.5417498891 
        3.4700000000         3.7700000000         1.9166092955        90.7567519486      1049.9549654976 
        3.4750000000         3.7700000000         1.9217071985        95.3442468298      1057.5637759033 
        3.4800000000         3.7700000000         1.9217071985        99.9317417110      1057.5637759033 
        3.4850000000         3.7700000000         1.9064134896       104.8862361827      1034.7373446863 
        3.4900000000         3.7700000000         1.9344519559       110.7582296306      1076.5858019174 
        3.4950000000         3.7700000000         1.9217071985       115.8962238976      1057.5637759033 
        3.5000000000         3.7700000000         1.9217071985       121.0342181646      1057.5637759033 
        3.5050000000         3.7700000000         1.9064134896       125.9887126363      1034.7373446863 
        3.5100000000         3.7700000000         1.9420988104       131.4937064937      1087.9990175259 
        3.5150000000         3.7700000000         1.9140603440       136.4482009654      1046.1505602948 
        3.5200000000         3.7700000000         1.9013155866       141.9531948229      1027.1285342806 
        3.5250000000         3.7700000000         1.9344519559       147.4581886803      1076.5858019174 
        3.5300000000         3.7700000000         1.9242561500       152.5961829473      1061.3681811061 
        3.5350001000         3.7700000000         1.9344519559       158.8351759858      1076.5858019174 
        3.5400000000         3.7700000000         1.9217071985       163.6061706622      1057.5637759033 
        3.5450000000         3.7700000000         1.9344519559       169.4781641102      1076.5858019174 
        3.5500000000         3.7700000000         1.9344519559       174.6161583771      1076.5858019174 
        3.5550001000         3.7700000000         1.9166092955       179.0201534631      1049.9549654976 
        3.5600000000         3.7700000000         1.9115113925       184.5251473205      1042.3461550920 
        3.5650000000         3.7700000000         1.9293540529       190.5806405637      1068.9769915118 
        3.5700000000         3.7700000000         1.9344519559       195.3516352402      1076.5858019174 
        3.5750001000         3.7700000000         1.9242561500       200.6731293024      1061.3681811061 
        3.5800000000         3.7700000000         1.9268051015       205.8111235694      1065.1725863089 
        3.5850000000         3.7700000000         1.9191582470       210.7656180411      1053.7593707005 
        3.5900000000         3.7700000000         1.9293540529       216.2706118985      1068.9769915118 
        3.5950000000         3.7700000000         1.9268051015       221.4086061655      1065.1725863089 
        3.6000000000         3.7700000000         1.9420988104       226.5466004324      1087.9990175259 
        3.6050000000         3.7700000000         1.9268051015       231.8680944947      1065.1725863089 
        3.6100000000         3.7700000000         1.9293540529       236.8225889664      1068.9769915118 
        3.6150000000         3.7700000000         1.9064134896       241.7770834381      1034.7373446863 
        3.6200000000         3.7700000000         1.9344519559       247.2820772955      1076.5858019174 
        3.6250000000         3.7700000000         1.9268051015       252.7870711530      1065.1725863089 
        3.6300000000         3.7700000000         1.9268051015       257.5580658294      1065.1725863089 
        3.6350000000         3.7700000000         1.9242561500       263.2465594822      1061.3681811061 
        3.6400000000         3.7700000000         1.9268051015       268.5680535444      1065.1725863089 
        3.6450000000         3.7700000000         1.9319030044       273.8895476066      1072.7813967146 
        3.6500000000         3.7700000000         1.9293540529       278.2935426925      1068.9769915118 
        3.6550000000         3.7700000000         1.9268051015       284.8995353215      1065.1725863089 
        3.6600001000         3.7700000000         1.9268051015       289.6705299979      1065.1725863089 
        3.6650000000         3.7700000000         1.9344519559       295.1755238554      1076.5858019174 
        3.6700000000         3.7700000000         1.9166092955       299.5795189414      1049.9549654976 
        3.6750000000         3.7700000000         1.9395498589       305.8185119798      1084.1946123231 
        3.6800001000         3.7700000000         1.9242561500       310.4060068610      1061.3681811061 
        3.6850000000         3.7700000000         1.9293540529       316.0945005137      1068.9769915118 
        3.6900000000         3.7700000000         1.9293540529       321.4159945759      1068.9769915118 
        3.6950000000         3.7700000000         1.9344519559       327.2879880239      1076.5858019174 
        3.7000001000         3.7700000000         1.9395498589       332.0589827003      1084.1946123231 
        3.7050000000         3.7700000000         1.9446477619       338.1144759435      1091.8034227287 
        3.7100013000         3.7700000000         1.9319030044       343.8029695962      1072.7813967146 
        3.7150000000         3.7700000000         1.9319030044       348.9409638632      1072.7813967146 
        3.7200000000         3.7700000000         1.9293540529       354.0789581302      1068.9769915118 
        3.7250000000         3.7700000000         1.9319030044       358.8499528066      1072.7813967146 
        3.7300000000         3.7700000000         1.9344519559       360.5014509639      1076.5858019174 
        3.7350000000         3.7700000000         1.9242561500        79.1962648479      1061.3681811061 
        3.7400000000         3.7700000000         1.9319030044         0.1078530958      1072.7813967146 
        3.7450000000         3.7700000000         1.9268051015        -0.0756466995      1065.1725863089 
        3.7500000000         3.7700000000         1.9268051015         3.5943492055      1065.1725863089 
        3.7550000000         3.7700000000         1.9268051015         9.0993430630      1065.1725863089 
        3.7600000000         3.7700000000         1.9446477619        15.5218358967      1091.8034227287 
        3.7650000000         3.7700000000         1.9242561500        20.2928305731      1061.3681811061 
        3.7700000000         3.7700000000         1.9370009074        26.3483238163      1080.3902071203 
        3.7750128000         3.7700000000         1.9344519559        30.7523189023      1076.5858019174 
        3.7800000000         3.7700000000         1.9497456648        37.1748117360      1099.4122331344 
        3.7850001000         3.7700000000         1.9217071985        41.5788068220      1057.5637759033 
        3.7900000000         3.7700000000         1.9217071985        47.0838006794      1057.5637759033 
        3.7950000000         3.7700000000         1.9293540529        52.7722943321      1068.9769915118 
        3.8000000000         3.7700000000         1.9268051015        57.3597892133      1065.1725863089 
        3.8050001000         3.7700000000         1.9191582470        62.8647830708      1053.7593707005 
        3.8100000000         3.7700000000         1.9344519559        68.1862771330      1076.5858019174 
        3.8150000000         3.7700000000         1.9293540529        73.3242713999      1068.9769915118 
        3.8200000000         3.7700000000         1.9268051015        79.0127650526      1065.1725863089 
        3.8250001000         3.7700000000         1.9217071985        84.1507593196      1057.5637759033 
        3.8300000000         3.7700000000         1.9370009074        88.3712546103      1080.3902071203 
        3.8350000000         3.7700000000         1.9344519559        94.6102476488      1076.5858019174 
        3.8400000000         3.7700000000         1.8809239747        98.8307429395       996.6932926580 
        3.8450000000         3.7700000000         1.9166092955       104.1522370017      1049.9549654976 
        3.8500000000         3.7700000000         1.9344519559       109.8407306544      1076.5858019174 
        3.8550000000         3.7700000000         1.9395498589       114.9787249214      1084.1946123231 
        3.8600000000         3.7700000000         1.9089624411       119.5662198026      1038.5417498891 
        3.8650000000         3.7700000000         1.9166092955       125.9887126363      1049.9549654976 
        3.8700000000         3.7700000000         1.9446477619       130.3927077222      1091.8034227287 
        3.8750000000         3.7700000000         1.9293540529       136.6317007607      1068.9769915118 
        3.8800000000         3.7700000000         1.9268051015       141.7696950276      1065.1725863089 
        3.8850000000         3.7700000000         1.9370009074       146.9076892946      1080.3902071203 
        3.8900000000         3.7700000000         1.9370009074       151.8621837663      1080.3902071203 
        3.8950027000         3.7700000000         1.9268051015       157.5506774190      1065.1725863089 
        3.9000000000         3.7700000000         1.9242561500       162.1381723002      1061.3681811061 
        3.9050000000         3.7700000000         1.9446477619       168.5606651339      1091.8034227287 
        3.9100001000         3.7700000000         1.9268051015       173.5151596056      1065.1725863089 
        3.9150000000         3.7700000000         1.9191582470       178.2861542821      1053.7593707005 
        3.9200000000         3.7700000000         1.9420988104       184.7086471158      1087.9990175259 
        3.9250000000         3.7700000000         1.9293540529       189.4796417923      1068.9769915118 
        3.9300001000         3.7700000000         1.9217071985       194.6176360592      1057.5637759033 
        3.9350000000         3.7700000000         1.9319030044       200.4896295072      1072.7813967146 
        3.9400000000         3.7700000000         1.9344519559       204.7101247979      1076.5858019174 
        3.9450000000         3.7700000000         1.9242561500       210.3986184506      1061.3681811061 
        3.9500001000         3.7700000000         1.9319030044       215.7201125128      1072.7813967146 
        3.9550000000         3.7700000000         1.9242561500       220.8581067797      1061.3681811061 
        3.9600000000         3.7700000000         1.9370009074       226.1796008420      1080.3902071203 
        3.9650000000         3.7700000000         1.9370009074       232.0515942899      1080.3902071203 
        3.9700001000         3.7700000000         1.9268051015       236.0885897854      1065.1725863089 
        3.9750000000         3.7700000000         1.9166092955       241.4100838476      1049.9549654976 
        3.9800000000         3.7700000000         1.9370009074       247.2820772955      1080.3902071203 
        3.9850000000         3.7700000000         1.9344519559       252.7870711530      1076.5858019174 
        3.9900000000         3.7700000000         1.9344519559       258.2920650104      1076.5858019174 
        3.9950000000         3.7700000000         1.9293540529       262.5125603012      1068.9769915118 
