           Time[sec]           V_{cmd}[V]          V_{gyro}[V] \omega_{gyro}[rad/s]          \theta[rad] 
        0.0000000000        -0.2000000000         1.2130986854        -0.0254973684         1.8500583288 
        0.0050000000        -0.2000000000         1.2207455399         0.1737008222         1.8628690312 
        0.0100000000        -0.2000000000         1.2130986854        -0.0254973684         1.8500583288 
        0.0150000000        -0.2000000000         1.2207455399         0.1737008222         1.8500583288 
        0.0200000000        -0.2000000000         1.2130986854        -0.0254973684         1.8500583288 
        0.0250000000        -0.2000000000         1.2130986854        -0.0254973684         1.8500583288 
        0.0300000000        -0.2000000000         1.1391790923        -1.9510798776         1.8532610044 
        0.0350000000        -0.2000000000         1.1136895775        -2.6150738463         1.8212342484 
        0.0400455000        -0.2000000000         1.1697665101        -1.1542871152         1.8308422752 
        0.0450000000        -0.2000000000         1.1417280438        -1.8846804807         1.8116262215 
        0.0500000000        -0.2000000000         1.1238853834        -2.3494762588         1.8116262215 
        0.0550000000        -0.2000000000         1.1417280438        -1.8846804807         1.8020181947 
        0.0600000000        -0.2000000000         1.1238853834        -2.3494762588         1.7892074923 
        0.0650000000        -0.2000000000         1.1315322379        -2.1502780682         1.7667887631 
        0.0700000000        -0.2000000000         1.1264343349        -2.2830768620         1.7603834119 
        0.0750000000        -0.2000000000         1.1162385289        -2.5486744494         1.7603834119 
        0.0800000000        -0.2000000000         1.1213364319        -2.4158756557         1.7411673583 
        0.0850000000        -0.2000000000         1.1264343349        -2.2830768620         1.7315593315 
        0.0900000000        -0.2000000000         1.1034937715        -2.8806714338         1.7027352510 
        0.0950000000        -0.2000000000         1.1034937715        -2.8806714338         1.6867218730 
        0.1000000000        -0.2000000000         1.1034937715        -2.8806714338         1.6803165218 
        0.1050000000        -0.2000000000         1.1136895775        -2.6150738463         1.6803165218 
        0.1100000000        -0.2000000000         1.1085916745        -2.7478726400         1.6611004682 
        0.1150000000        -0.2000000000         1.1136895775        -2.6150738463         1.6482897658 
        0.1200000000        -0.2000000000         1.0907490141        -3.2126684181         1.6290737121 
        0.1250000000        -0.2000000000         1.1060427230        -2.8142720369         1.6130603341 
        0.1300000000        -0.2000000000         1.0932979656        -3.1462690213         1.5970469561 
        0.1350000000        -0.2000000000         1.1009448200        -2.9470708307         1.5938442805 
        0.1400000000        -0.2000000000         1.1085916745        -2.7478726400         1.5778309025 
        0.1450000000        -0.2000000000         1.0882000626        -3.2790678150         1.5490068220 
        0.1500000000        -0.2000000000         1.0932979656        -3.1462690213         1.5426014708 
        0.1550000000        -0.2000000000         1.1009448200        -2.9470708307         1.5329934440 
        0.1600000000        -0.2000000000         1.1009448200        -2.9470708307         1.5105747148 
        0.1650000000        -0.2000000000         1.0983958685        -3.0134702275         1.5009666880 
        0.1700000000        -0.2000000000         1.0983958685        -3.0134702275         1.4913586612 
        0.1750000000        -0.2000000000         1.1034937715        -2.8806714338         1.4753452831 
        0.1800055000        -0.2000000000         1.0983958685        -3.0134702275         1.4529265539 
        0.1850000000        -0.2000000000         1.0932979656        -3.1462690213         1.4273051491 
        0.1900000000        -0.2000000000         1.1034937715        -2.8806714338         1.4273051491 
        0.1950000000        -0.2000000000         1.1034937715        -2.8806714338         1.4080890955 
        0.2000000000        -0.2000000000         1.1085916745        -2.7478726400         1.4048864199 
        0.2051245000        -0.2000000000         1.0983958685        -3.0134702275         1.3792650150 
        0.2100000000        -0.2000000000         1.0831021596        -3.4118666087         1.3536436102 
        0.2150000000        -0.2000000000         1.0907490141        -3.2126684181         1.3408329078 
        0.2200000000        -0.2000000000         1.0831021596        -3.4118666087         1.3280222054 
        0.2250000000        -0.2000000000         1.0932979656        -3.1462690213         1.3088061517 
        0.2300000000        -0.2000000000         1.0882000626        -3.2790678150         1.3024008005 
        0.2350000000        -0.2000000000         1.0958469171        -3.0798696244         1.2895900981 
        0.2400000000        -0.2000000000         1.0805532081        -3.4782660056         1.2607660177 
        0.2455733000        -0.2000000000         1.0882000626        -3.2790678150         1.2543606665 
        0.2500000000        -0.2000000000         1.0703574022        -3.7438635931         1.2351446129 
        0.2550000000        -0.2000000000         1.0907490141        -3.2126684181         1.2255365860 
        0.2600000000        -0.2000000000         1.0856511111        -3.3454672119         1.2095232080 
        0.2650000000        -0.2000000000         1.0932979656        -3.1462690213         1.1999151812 
        0.2700000000        -0.2000000000         1.0831021596        -3.4118666087         1.1871044788 
        0.2750000000        -0.2000000000         1.0958469171        -3.0798696244         1.1742937764 
        0.2800000000        -0.2000000000         1.0703574022        -3.7438635931         1.1422670204 
        0.2850000000        -0.2000000000         1.0932979656        -3.1462690213         1.1262536423 
        0.2900000000        -0.2000000000         1.0805532081        -3.4782660056         1.1102402643 
        0.2950000000        -0.2000000000         1.0907490141        -3.2126684181         1.0942268863 
        0.3000000000        -0.2000000000         1.0831021596        -3.4118666087         1.0750108327 
        0.3050000000        -0.2000000000         1.0907490141        -3.2126684181         1.0622001303 
        0.3100000000        -0.2000000000         1.1060427230        -2.8142720369         1.0557947790 
        0.3150000000        -0.2000000000         1.0805532081        -3.4782660056         1.0333760498 
        0.3200000000        -0.2000000000         1.0907490141        -3.2126684181         1.0077546450 
        0.3250000000        -0.2000000000         1.0907490141        -3.2126684181         1.0077546450 
        0.3300024000        -0.2000000000         1.0932979656        -3.1462690213         0.9853359158 
        0.3350000000        -0.2000000000         1.0831021596        -3.4118666087         0.9693225377 
        0.3400000000        -0.2000000000         1.1009448200        -2.9470708307         0.9597145109 
        0.3450000000        -0.2000000000         1.0932979656        -3.1462690213         0.9437011329 
        0.3500000000        -0.2000000000         1.0907490141        -3.2126684181         0.9308904305 
        0.3550000000        -0.2000000000         1.0831021596        -3.4118666087         0.9052690257 
        0.3600081000        -0.2000000000         1.1009448200        -2.9470708307         0.9020663501 
        0.3650000000        -0.2000000000         1.0831021596        -3.4118666087         0.8668369184 
        0.3700000000        -0.2000000000         1.1009448200        -2.9470708307         0.8636342428 
        0.3750026000        -0.2000000000         1.0729063537        -3.6774641962         0.8444181892 
        0.3800000000        -0.2000000000         1.0907490141        -3.2126684181         0.8252021356 
        0.3850000000        -0.2000000000         1.0652594992        -3.8766623868         0.8027834063 
        0.3900000000        -0.2000000000         1.0882000626        -3.2790678150         0.7899727039 
        0.3950000000        -0.2000000000         1.0882000626        -3.2790678150         0.7739593259 
        0.4000000000        -0.2000000000         1.0882000626        -3.2790678150         0.7643512991 
        0.4050000000        -0.2000000000         1.0932979656        -3.1462690213         0.7515405967 
        0.4100000000        -0.2000000000         1.0882000626        -3.2790678150         0.7227165162 
        0.4150000000        -0.2000000000         1.0983958685        -3.0134702275         0.7002977870 
        0.4200000000        -0.2000000000         1.0831021596        -3.4118666087         0.7035004626 
        0.4250000000        -0.2000000000         1.0983958685        -3.0134702275         0.6682710310 
        0.4300000000        -0.2000000000         1.0805532081        -3.4782660056         0.6618656798 
        0.4350000000        -0.2000000000         1.0932979656        -3.1462690213         0.6490549774 
        0.4400000000        -0.2000000000         1.0831021596        -3.4118666087         0.6330415993 
        0.4450000000        -0.2000000000         1.0882000626        -3.2790678150         0.6170282213 
        0.4500000000        -0.2000000000         1.0907490141        -3.2126684181         0.5978121677 
        0.4550000000        -0.2000000000         1.0882000626        -3.2790678150         0.5946094921 
        0.4600000000        -0.2000000000         1.0856511111        -3.3454672119         0.5689880873 
        0.4650000000        -0.2000000000         1.0856511111        -3.3454672119         0.5529747092 
        0.4700000000        -0.2000000000         1.0780042567        -3.5446654025         0.5305559800 
        0.4750084000        -0.2000000000         1.0678084507        -3.8102629900         0.5177452776 
        0.4800000000        -0.2000000000         1.0856511111        -3.3454672119         0.5017318996 
        0.4850000000        -0.2000000000         1.0754553052        -3.6110647993         0.4825158460 
        0.4900000000        -0.2000000000         1.0831021596        -3.4118666087         0.4600971167 
        0.4950000000        -0.2000000000         1.0780042567        -3.5446654025         0.4440837387 
        0.5000000000        -0.2000000000         1.0703574022        -3.7438635931         0.4344757119 
        0.5050000000        -0.2000000000         1.0780042567        -3.5446654025         0.4120569827 
        0.5100000000        -0.2000000000         1.0805532081        -3.4782660056         0.4024489559 
        0.5150000000        -0.2000000000         1.1009448200        -2.9470708307         0.3928409291 
        0.5200000000        -0.2000000000         1.0780042567        -3.5446654025         0.3800302266 
        0.5250000000        -0.2000000000         1.0958469171        -3.0798696244         0.3544088218 
        0.5300000000        -0.2000000000         1.0729063537        -3.6774641962         0.3351927682 
        0.5350000000        -0.2000000000         1.0856511111        -3.3454672119         0.3031660121 
        0.5400000000        -0.2000000000         1.0907490141        -3.2126684181         0.3031660121 
        0.5450000000        -0.2000000000         1.0780042567        -3.5446654025         0.2871526341 
        0.5500000000        -0.2000000000         1.0932979656        -3.1462690213         0.2743419317 
        0.5550000000        -0.2000000000         1.0882000626        -3.2790678150         0.2647339049 
        0.5600000000        -0.2000000000         1.0882000626        -3.2790678150         0.2487205269 
        0.5650000000        -0.2000000000         1.0703574022        -3.7438635931         0.2134910952 
        0.5700000000        -0.2000000000         1.0907490141        -3.2126684181         0.2166937708 
        0.5750000000        -0.2000000000         1.0780042567        -3.5446654025         0.1878696904 
        0.5800000000        -0.2000000000         1.0932979656        -3.1462690213         0.1782616636 
        0.5850000000        -0.2000000000         1.0856511111        -3.3454672119         0.1686536368 
        0.5900000000        -0.2000000000         1.0703574022        -3.7438635931         0.1302215295 
        0.5950000000        -0.2000000000         1.0729063537        -3.6774641962         0.1110054759 
        0.6000000000        -0.2000000000         1.0780042567        -3.5446654025         0.1013974491 
        0.6050000000        -0.2000000000         1.0856511111        -3.3454672119         0.0917894223 
        0.6100000000        -0.2000000000         1.0754553052        -3.6110647993         0.0693706931 
        0.6150000000        -0.2000000000         1.0882000626        -3.2790678150         0.0629653419 
        0.6200000000        -0.2000000000         1.0780042567        -3.5446654025         0.0373439370 
        0.6250000000        -0.2000000000         1.0856511111        -3.3454672119         0.0149252078 
        0.6300000000        -0.2000000000         1.0780042567        -3.5446654025         0.0085198566 
        0.6350000000        -0.2000000000         1.0831021596        -3.4118666087        -0.0042908458 
        0.6400000000        -0.2000000000         1.0805532081        -3.4782660056        -0.0171015482 
        0.6450000000        -0.2000000000         1.0856511111        -3.3454672119        -0.0459256287 
        0.6500000000        -0.2000000000         1.0882000626        -3.2790678150        -0.0491283043 
        0.6550000000        -0.2000000000         1.0983958685        -3.0134702275        -0.0619390067 
        0.6600000000        -0.2000000000         1.0780042567        -3.5446654025        -0.0907630871 
        0.6650000000        -0.2000000000         1.0780042567        -3.5446654025        -0.1131818163 
        0.6700000000        -0.2000000000         1.0754553052        -3.6110647993        -0.1356005456 
        0.6750000000        -0.2000000000         1.0932979656        -3.1462690213        -0.1356005456 
        0.6800000000        -0.2000000000         1.0703574022        -3.7438635931        -0.1516139236 
        0.6850000000        -0.2000000000         1.0882000626        -3.2790678150        -0.1772353284 
        0.6900000000        -0.2000000000         1.0754553052        -3.6110647993        -0.1836406796 
        0.6950000000        -0.2000000000         1.0958469171        -3.0798696244        -0.1932487064 
        0.7000000000        -0.2000000000         1.0652594992        -3.8766623868        -0.2316808137 
        0.7050000000        -0.2000000000         1.0882000626        -3.2790678150        -0.2380861649 
        0.7100000000        -0.2000000000         1.0780042567        -3.5446654025        -0.2540995429 
        0.7150000000        -0.2000000000         1.0856511111        -3.3454672119        -0.2765182721 
        0.7200000000        -0.2000000000         1.0983958685        -3.0134702275        -0.2765182721 
        0.7250000000        -0.2000000000         1.0729063537        -3.6774641962        -0.3117477038 
        0.7300000000        -0.2000000000         1.0907490141        -3.2126684181        -0.3181530550 
        0.7350000000        -0.2000000000         1.0754553052        -3.6110647993        -0.3405717842 
        0.7400000000        -0.2000000000         1.0780042567        -3.5446654025        -0.3501798110 
        0.7450000000        -0.2000000000         1.0780042567        -3.5446654025        -0.3758012159 
        0.7500000000        -0.2000000000         1.0831021596        -3.4118666087        -0.3854092427 
        0.7550000000        -0.2000000000         1.0932979656        -3.1462690213        -0.4046252963 
        0.7600000000        -0.2000000000         1.0805532081        -3.4782660056        -0.4174359987 
        0.7650000000        -0.2000000000         1.0932979656        -3.1462690213        -0.4270440255 
        0.7700000000        -0.2000000000         1.0678084507        -3.8102629900        -0.4558681060 
        0.7750000000        -0.2000000000         1.0907490141        -3.2126684181        -0.4622734572 
        0.7800000000        -0.2000000000         1.0601615963        -4.0094611806        -0.4814895108 
        0.7850000000        -0.2000000000         1.0831021596        -3.4118666087        -0.4975028888 
        0.7900000000        -0.2000000000         1.0805532081        -3.4782660056        -0.5071109156 
        0.7950000000        -0.2000000000         1.0856511111        -3.3454672119        -0.5263269692 
        0.8000000000        -0.2000000000         1.0678084507        -3.8102629900        -0.5551510497 
        0.8050000000        -0.2000000000         1.0780042567        -3.5446654025        -0.5679617521 
        0.8100000000        -0.2000000000         1.0780042567        -3.5446654025        -0.5839751301 
        0.8150000000        -0.2000000000         1.0882000626        -3.2790678150        -0.5935831569 
        0.8200000000        -0.2000000000         1.0882000626        -3.2790678150        -0.6160018861 
        0.8250000000        -0.2000000000         1.0780042567        -3.5446654025        -0.6352179398 
        0.8300000000        -0.2000000000         1.0882000626        -3.2790678150        -0.6480286422 
        0.8350008000        -0.2000000000         1.0780042567        -3.5446654025        -0.6672446958 
        0.8400000000        -0.2000000000         1.0805532081        -3.4782660056        -0.6832580738 
        0.8450000000        -0.2000000000         1.0754553052        -3.6110647993        -0.6992714518 
        0.8500000000        -0.2000000000         1.0805532081        -3.4782660056        -0.7184875055 
        0.8550007000        -0.2000000000         1.0856511111        -3.3454672119        -0.7216901811 
        0.8600000000        -0.2000000000         1.0678084507        -3.8102629900        -0.7505142615 
        0.8650000000        -0.2000000000         1.0856511111        -3.3454672119        -0.7537169371 
        0.8700000000        -0.2000000000         1.0805532081        -3.4782660056        -0.7697303151 
        0.8750000000        -0.2000000000         1.0703574022        -3.7438635931        -0.8049597468 
        0.8800866000        -0.2000000000         1.0729063537        -3.6774641962        -0.8241758004 
        0.8850000000        -0.2000000000         1.0729063537        -3.6774641962        -0.8401891784 
        0.8900000000        -0.2000000000         1.0703574022        -3.7438635931        -0.8562025564 
        0.8950000000        -0.2000000000         1.0831021596        -3.4118666087        -0.8658105832 
        0.9000000000        -0.2000000000         1.0678084507        -3.8102629900        -0.8818239613 
        0.9050000000        -0.2000000000         1.0882000626        -3.2790678150        -0.9042426905 
        0.9100000000        -0.2000000000         1.0703574022        -3.7438635931        -0.9170533929 
        0.9150084000        -0.2000000000         1.0703574022        -3.7438635931        -0.9458774733 
        0.9200000000        -0.2000000000         1.0780042567        -3.5446654025        -0.9554855002 
        0.9250000000        -0.2000000000         1.0805532081        -3.4782660056        -0.9618908514 
        0.9300000000        -0.2000000000         1.0780042567        -3.5446654025        -0.9843095806 
        0.9350000000        -0.2000000000         1.0780042567        -3.5446654025        -1.0163363366 
        0.9400000000        -0.2000000000         1.0754553052        -3.6110647993        -1.0291470390 
        0.9450000000        -0.2000000000         1.0703574022        -3.7438635931        -1.0355523902 
        0.9500000000        -0.2000000000         1.0780042567        -3.5446654025        -1.0515657683 
        0.9550000000        -0.2000000000         1.0729063537        -3.6774641962        -1.0611737951 
        0.9600000000        -0.2000000000         1.0805532081        -3.4782660056        -1.0867951999 
        0.9650072000        -0.2000000000         1.0805532081        -3.4782660056        -1.0932005511 
        0.9700000000        -0.2000000000         1.0601615963        -4.0094611806        -1.1284299828 
        0.9750000000        -0.2000000000         1.0754553052        -3.6110647993        -1.1412406852 
        0.9800000000        -0.2000000000         1.0703574022        -3.7438635931        -1.1604567388 
        0.9850000000        -0.2000000000         1.0831021596        -3.4118666087        -1.1700647656 
        0.9900000000        -0.2000000000         1.0703574022        -3.7438635931        -1.1956861704 
        0.9950000000        -0.2000000000         1.0780042567        -3.5446654025        -1.2084968729 
        1.0000000000        -0.2000000000         1.0601615963        -4.0094611806        -1.2373209533 
        1.0050000000        -0.2000000000         1.0703574022        -3.7438635931        -1.2565370069 
        1.0100000000        -0.2000000000         1.0703574022        -3.7438635931        -1.2629423581 
        1.0150000000        -0.2000000000         1.0780042567        -3.5446654025        -1.2853610873 
        1.0200000000        -0.2000000000         1.0754553052        -3.6110647993        -1.2981717898 
        1.0250000000        -0.2000000000         1.0780042567        -3.5446654025        -1.3237931946 
        1.0300000000        -0.2000000000         1.0652594992        -3.8766623868        -1.3398065726 
        1.0350000000        -0.2000000000         1.0805532081        -3.4782660056        -1.3494145994 
        1.0400000000        -0.2000000000         1.0678084507        -3.8102629900        -1.3782386799 
        1.0450000000        -0.2000000000         1.0831021596        -3.4118666087        -1.3782386799 
        1.0500000000        -0.2000000000         1.0754553052        -3.6110647993        -1.4102654359 
        1.0550000000        -0.2000000000         1.0780042567        -3.5446654025        -1.4198734627 
        1.0600000000        -0.2000000000         1.0780042567        -3.5446654025        -1.4262788139 
        1.0650000000        -0.2000000000         1.0780042567        -3.5446654025        -1.4519002187 
        1.0700000000        -0.2000000000         1.0932979656        -3.1462690213        -1.4615082456 
        1.0750000000        -0.2000000000         1.0601615963        -4.0094611806        -1.4967376772 
        1.0800388000        -0.2000000000         1.0831021596        -3.4118666087        -1.5063457040 
        1.0850516000        -0.2000000000         1.0805532081        -3.4782660056        -1.5255617576 
        1.0900000000        -0.2000000000         1.0831021596        -3.4118666087        -1.5415751357 
        1.0950000000        -0.2000000000         1.0729063537        -3.6774641962        -1.5479804869 
        1.1000000000        -0.2000000000         1.0831021596        -3.4118666087        -1.5768045673 
        1.1050000000        -0.2000000000         1.0652594992        -3.8766623868        -1.5864125941 
        1.1100000000        -0.2000000000         1.0882000626        -3.2790678150        -1.6088313233 
        1.1150000000        -0.2000000000         1.0856511111        -3.3454672119        -1.6152366745 
        1.1200000000        -0.2000000000         1.0856511111        -3.3454672119        -1.6312500526 
        1.1250000000        -0.2000000000         1.0729063537        -3.6774641962        -1.6600741330 
        1.1300000000        -0.2000000000         1.0831021596        -3.4118666087        -1.6728848354 
        1.1350000000        -0.2000000000         1.0780042567        -3.5446654025        -1.6856955378 
        1.1400000000        -0.2000000000         1.0856511111        -3.3454672119        -1.7081142671 
        1.1450000000        -0.2000000000         1.0729063537        -3.6774641962        -1.7273303207 
        1.1500000000        -0.2000000000         1.0729063537        -3.6774641962        -1.7497490499 
        1.1550000000        -0.2000000000         1.0831021596        -3.4118666087        -1.7529517255 
        1.1600000000        -0.2000000000         1.0729063537        -3.6774641962        -1.7913838328 
        1.1650000000        -0.2000000000         1.0678084507        -3.8102629900        -1.8073972108 
        1.1700000000        -0.2000000000         1.0729063537        -3.6774641962        -1.8105998864 
        1.1750000000        -0.2000000000         1.0703574022        -3.7438635931        -1.8362212912 
        1.1800000000        -0.2000000000         1.0703574022        -3.7438635931        -1.8458293180 
        1.1850000000        -0.2000000000         1.0856511111        -3.3454672119        -1.8682480472 
        1.1900000000        -0.2000000000         1.0703574022        -3.7438635931        -1.8874641009 
        1.1950000000        -0.2000000000         1.0652594992        -3.8766623868        -1.9130855057 
        1.2000000000        -0.2000000000         1.0703574022        -3.7438635931        -1.9162881813 
        1.2050000000        -0.2000000000         1.0678084507        -3.8102629900        -1.9419095861 
        1.2100014000        -0.2000000000         1.0754553052        -3.6110647993        -1.9611256398 
        1.2150000000        -0.2000000000         1.0601615963        -4.0094611806        -1.9867470446 
        1.2200000000        -0.2000000000         1.0780042567        -3.5446654025        -1.9931523958 
        1.2250000000        -0.2000000000         1.0729063537        -3.6774641962        -2.0123684494 
        1.2300000000        -0.2000000000         1.0780042567        -3.5446654025        -2.0315845030 
        1.2350000000        -0.2000000000         1.0678084507        -3.8102629900        -2.0475978811 
        1.2400000000        -0.2000000000         1.0780042567        -3.5446654025        -2.0668139347 
        1.2450000000        -0.2000000000         1.0703574022        -3.7438635931        -2.0828273127 
        1.2500000000        -0.2000000000         1.0652594992        -3.8766623868        -2.1116513931 
        1.2550000000        -0.2000000000         1.0703574022        -3.7438635931        -2.1212594199 
        1.2600000000        -0.2000000000         1.0780042567        -3.5446654025        -2.1436781492 
        1.2650000000        -0.2000000000         1.0729063537        -3.6774641962        -2.1564888516 
        1.2700000000        -0.2000000000         1.0729063537        -3.6774641962        -2.1725022296 
        1.2750000000        -0.2000000000         1.0754553052        -3.6110647993        -2.1821102564 
        1.2800000000        -0.2000000000         1.0652594992        -3.8766623868        -2.2173396881 
        1.2850027000        -0.2000000000         1.0703574022        -3.7438635931        -2.2301503905 
        1.2900000000        -0.2000000000         1.0703574022        -3.7438635931        -2.2461637685 
        1.2950000000        -0.2000000000         1.0729063537        -3.6774641962        -2.2557717953 
        1.3000000000        -0.2000000000         1.0678084507        -3.8102629900        -2.2781905245 
        1.3050000000        -0.2000000000         1.0652594992        -3.8766623868        -2.3006092538 
        1.3100000000        -0.2000000000         1.0729063537        -3.6774641962        -2.3294333342 
        1.3150000000        -0.2000000000         1.0678084507        -3.8102629900        -2.3390413610 
        1.3200000000        -0.2000000000         1.0805532081        -3.4782660056        -2.3486493878 
        1.3250000000        -0.2000000000         1.0729063537        -3.6774641962        -2.3774734683 
        1.3300000000        -0.2000000000         1.0499657903        -4.2750587680        -2.4062975487 
        1.3350000000        -0.2000000000         1.0754553052        -3.6110647993        -2.4062975487 
        1.3400000000        -0.2000000000         1.0601615963        -4.0094611806        -2.4415269803 
        1.3450000000        -0.2000000000         1.0576126448        -4.0758605774        -2.4511350071 
        1.3500000000        -0.2000000000         1.0703574022        -3.7438635931        -2.4639457096 
        1.3550000000        -0.2000000000         1.0703574022        -3.7438635931        -2.4927697900 
        1.3600000000        -0.2000000000         1.0576126448        -4.0758605774        -2.5119858436 
        1.3650000000        -0.2000000000         1.0703574022        -3.7438635931        -2.5279992216 
        1.3700000000        -0.2000000000         1.0499657903        -4.2750587680        -2.5504179509 
        1.3750038000        -0.2000000000         1.0703574022        -3.7438635931        -2.5632286533 
        1.3800000000        -0.2000000000         1.0678084507        -3.8102629900        -2.5792420313 
        1.3850000000        -0.2000000000         1.0550636933        -4.1422599743        -2.6080661117 
        1.3900000000        -0.2000000000         1.0550636933        -4.1422599743        -2.6432955434 
        1.3950000000        -0.2000000000         1.0627105477        -3.9430617837        -2.6529035702 
        1.4000000000        -0.2000000000         1.0601615963        -4.0094611806        -2.6753222994 
        1.4050000000        -0.2000000000         1.0525147418        -4.2086593712        -2.6977410286 
        1.4100000000        -0.2000000000         1.0601615963        -4.0094611806        -2.7105517310 
        1.4150000000        -0.2000000000         1.0627105477        -3.9430617837        -2.7329704603 
        1.4200000000        -0.2000000000         1.0652594992        -3.8766623868        -2.7489838383 
        1.4250000000        -0.2000000000         1.0576126448        -4.0758605774        -2.7778079187 
        1.4300000000        -0.2000000000         1.0703574022        -3.7438635931        -2.7810105943 
        1.4350000000        -0.2000000000         1.0678084507        -3.8102629900        -2.8034293236 
        1.4400000000        -0.2000000000         1.0576126448        -4.0758605774        -2.8290507284 
        1.4450000000        -0.2000000000         1.0729063537        -3.6774641962        -2.8386587552 
        1.4500013000        -0.2000000000         1.0601615963        -4.0094611806        -2.8642801600 
        1.4550000000        -0.2000000000         1.0627105477        -3.9430617837        -2.8866988893 
        1.4600000000        -0.2000000000         1.0525147418        -4.2086593712        -2.9187256453 
        1.4650000000        -0.2000000000         1.0550636933        -4.1422599743        -2.9219283209 
        1.4700000000        -0.2000000000         1.0627105477        -3.9430617837        -2.9539550769 
        1.4750000000        -0.2000000000         1.0499657903        -4.2750587680        -2.9763738062 
        1.4800000000        -0.2000000000         1.0525147418        -4.2086593712        -3.0084005622 
        1.4850000000        -0.2000000000         1.0525147418        -4.2086593712        -3.0276166158 
        1.4900000000        -0.2000000000         1.0652594992        -3.8766623868        -3.0340219670 
        1.4950000000        -0.2000000000         1.0678084507        -3.8102629900        -3.0564406963 
        1.5000000000        -0.2000000000         1.0525147418        -4.2086593712        -3.0756567499 
        1.5050000000        -0.2000000000         1.0627105477        -3.9430617837        -3.0980754791 
        1.5100000000        -0.2000000000         1.0754553052        -3.6110647993        -3.1044808303 
        1.5150000000        -0.2000000000         1.0678084507        -3.8102629900        -3.1268995595 
        1.5200000000        -0.2000000000         1.0729063537        -3.6774641962        -3.1333049108 
        1.5250000000        -0.2000000000         1.0601615963        -4.0094611806        -3.1493182888 
        1.5300000000        -0.2000000000         1.0678084507        -3.8102629900        -3.1301022351 
        1.5350000000        -0.2000000000         1.0678084507        -3.8102629900        -3.1397102620 
        1.5400000000        -0.2000000000         1.0576126448        -4.0758605774        -3.1397102620 
        1.5450000000        -0.2000000000         1.0652594992        -3.8766623868        -3.1429129376 
        1.5500000000        -0.2000000000         1.0678084507        -3.8102629900        -3.1397102620 
        1.5550000000        -0.2000000000         1.0652594992        -3.8766623868        -3.1301022351 
        1.5600000000        -0.2000000000         1.0652594992        -3.8766623868        -1.7465463743 
        1.5650000000        -0.2000000000         1.0627105477        -3.9430617837        -1.7433436987 
        1.5700000000        -0.2000000000         1.0499657903        -4.2750587680        -1.7497490499 
        1.5750000000        -0.2000000000         1.0729063537        -3.6774641962        -1.7433436987 
        1.5800000000        -0.2000000000         1.0499657903        -4.2750587680         3.1343312459 
        1.5850000000        -0.2000000000         1.0703574022        -3.7438635931         3.1407365971 
        1.5900000000        -0.2000000000         1.0678084507        -3.8102629900         3.1343312459 
        1.5950000000        -0.2000000000         1.0678084507        -3.8102629900         3.1503446239 
        1.6000000000        -0.2000000000         1.0576126448        -4.0758605774         3.1311285703 
        1.6050000000        -0.2000000000         1.0678084507        -3.8102629900         3.1375339215 
        1.6100000000        -0.2000000000         1.0499657903        -4.2750587680         3.1311285703 
        1.6150000000        -0.2000000000         1.0729063537        -3.6774641962         3.1311285703 
        1.6200000000        -0.2000000000         1.0627105477        -3.9430617837         3.1215205435 
        1.6250000000        -0.2000000000         1.0576126448        -4.0758605774         3.0862911119 
        1.6300000000        -0.2000000000         1.0601615963        -4.0094611806         3.0734804095 
        1.6350000000        -0.2000000000         1.0550636933        -4.1422599743         3.0478590046 
        1.6400000000        -0.2000000000         1.0652594992        -3.8766623868         3.0382509778 
        1.6450000000        -0.2000000000         1.0499657903        -4.2750587680         3.0062242218 
        1.6500000000        -0.2000000000         1.0601615963        -4.0094611806         2.9934135194 
        1.6550000000        -0.2000000000         1.0576126448        -4.0758605774         2.9709947901 
        1.6600000000        -0.2000000000         1.0601615963        -4.0094611806         2.9613867633 
        1.6650000000        -0.2000000000         1.0627105477        -3.9430617837         2.9261573317 
        1.6700000000        -0.2000000000         1.0703574022        -3.7438635931         2.9229546561 
        1.6750000000        -0.2000000000         1.0678084507        -3.8102629900         2.8845225488 
        1.6800000000        -0.2000000000         1.0703574022        -3.7438635931         2.8813198732 
        1.6850000000        -0.2000000000         1.0627105477        -3.9430617837         2.8492931172 
        1.6900000000        -0.2000000000         1.0499657903        -4.2750587680         2.8268743880 
        1.6950000000        -0.2000000000         1.0729063537        -3.6774641962         2.8140636855 
        1.7000000000        -0.2000000000         1.0576126448        -4.0758605774         2.7852396051 
        1.7050000000        -0.2000000000         1.0703574022        -3.7438635931         2.7692262271 
        1.7100000000        -0.2000000000         1.0576126448        -4.0758605774         2.7532128491 
        1.7150000000        -0.2000000000         1.0652594992        -3.8766623868         2.7371994711 
        1.7200000000        -0.2000000000         1.0601615963        -4.0094611806         2.7211860930 
        1.7250000000        -0.2000000000         1.0652594992        -3.8766623868         2.6955646882 
        1.7300000000        -0.2000000000         1.0601615963        -4.0094611806         2.6795513102 
        1.7350000000        -0.2000000000         1.0652594992        -3.8766623868         2.6667406078 
        1.7400000000        -0.2000000000         1.0499657903        -4.2750587680         2.6315111761 
        1.7450000000        -0.2000000000         1.0576126448        -4.0758605774         2.6090924469 
        1.7500000000        -0.2000000000         1.0576126448        -4.0758605774         2.6090924469 
        1.7550000000        -0.2000000000         1.0499657903        -4.2750587680         2.5674576641 
        1.7600000000        -0.2000000000         1.0525147418        -4.2086593712         2.5450389348 
        1.7650000000        -0.2000000000         1.0627105477        -3.9430617837         2.5354309080 
        1.7700000000        -0.2000000000         1.0525147418        -4.2086593712         2.5066068276 
        1.7750000000        -0.2000000000         1.0576126448        -4.0758605774         2.4969988008 
        1.7800000000        -0.2000000000         1.0652594992        -3.8766623868         2.4809854227 
        1.7850000000        -0.2000000000         1.0601615963        -4.0094611806         2.4489586667 
        1.7900000000        -0.2000000000         1.0576126448        -4.0758605774         2.4393506399 
        1.7950000000        -0.2000000000         1.0601615963        -4.0094611806         2.4169319107 
        1.8000000000        -0.2000000000         1.0576126448        -4.0758605774         2.3881078302 
        1.8050000000        -0.2000000000         1.0372210329        -4.6070557524         2.3720944522 
        1.8100000000        -0.2000000000         1.0729063537        -3.6774641962         2.3592837498 
        1.8150000000        -0.2000000000         1.0474168388        -4.3414581649         2.3272569938 
        1.8200000000        -0.2000000000         1.0601615963        -4.0094611806         2.3112436157 
        1.8250000000        -0.2000000000         1.0550636933        -4.1422599743         2.2984329133 
        1.8300000000        -0.2000000000         1.0576126448        -4.0758605774         2.2856222109 
        1.8350000000        -0.2000000000         1.0499657903        -4.2750587680         2.2535954549 
        1.8400000000        -0.2000000000         1.0678084507        -3.8102629900         2.2439874281 
        1.8450000000        -0.2000000000         1.0576126448        -4.0758605774         2.2151633476 
        1.8500000000        -0.2000000000         1.0601615963        -4.0094611806         2.1959472940 
        1.8550000000        -0.2000000000         1.0550636933        -4.1422599743         2.1863392672 
        1.8600000000        -0.2000000000         1.0499657903        -4.2750587680         2.1479071600 
        1.8650000000        -0.2000000000         1.0576126448        -4.0758605774         2.1254884307 
        1.8700000000        -0.2000000000         1.0525147418        -4.2086593712         2.1062723771 
        1.8750000000        -0.2000000000         1.0627105477        -3.9430617837         2.1062723771 
        1.8800000000        -0.2000000000         1.0448678873        -4.4078575618         2.0646375943 
        1.8850000000        -0.2000000000         1.0703574022        -3.7438635931         2.0646375943 
        1.8900000000        -0.2000000000         1.0474168388        -4.3414581649         2.0262054870 
        1.8950000000        -0.2000000000         1.0601615963        -4.0094611806         2.0165974602 
        1.9000277000        -0.2000000000         1.0423189359        -4.4742569586         1.9845707042 
        1.9050000000        -0.2000000000         1.0652594992        -3.8766623868         1.9717600017 
        1.9100000000        -0.2000000000         1.0525147418        -4.2086593712         1.9525439481 
        1.9150000000        -0.2000000000         1.0550636933        -4.1422599743         1.9173145165 
        1.9200000000        -0.2000000000         1.0576126448        -4.0758605774         1.9173145165 
        1.9250000000        -0.2000000000         1.0703574022        -3.7438635931         1.9013011385 
        1.9300000000        -0.2000000000         1.0550636933        -4.1422599743         1.8788824092 
        1.9350000000        -0.2000000000         1.0703574022        -3.7438635931         1.8500583288 
        1.9400000000        -0.2000000000         1.0601615963        -4.0094611806         1.8404503020 
        1.9450000000        -0.2000000000         1.0678084507        -3.8102629900         1.8116262215 
        1.9500000000        -0.2000000000         1.0474168388        -4.3414581649         1.7828021411 
        1.9550000000        -0.2000000000         1.0576126448        -4.0758605774         1.7667887631 
        1.9600000000        -0.2000000000         1.0678084507        -3.8102629900         1.7507753851 
        1.9650000000        -0.2000000000         1.0601615963        -4.0094611806         1.7379646827 
        1.9700000000        -0.2000000000         1.0550636933        -4.1422599743         1.7123432778 
        1.9750000000        -0.2000000000         1.0652594992        -3.8766623868         1.7027352510 
        1.9800000000        -0.2000000000         1.0601615963        -4.0094611806         1.6835191974 
        1.9850000000        -0.2000000000         1.0601615963        -4.0094611806         1.6546951170 
        1.9900000000        -0.2000000000         1.0601615963        -4.0094611806         1.6418844145 
        1.9950000000        -0.2000000000         1.0576126448        -4.0758605774         1.6162630097 
        2.0000000000        -0.2000000000         1.0652594992        -3.8766623868         1.5970469561 
        2.0050000000        -0.2000000000         1.0601615963        -4.0094611806         1.5874389293 
        2.0100000000        -0.2000000000         1.0652594992        -3.8766623868         1.5682228757 
        2.0150000000        -0.2000000000         1.0550636933        -4.1422599743         1.5393987952 
        2.0200000000        -0.2000000000         1.0601615963        -4.0094611806         1.5105747148 
        2.0250000000        -0.2000000000         1.0678084507        -3.8102629900         1.5041693636 
        2.0300000000        -0.2000000000         1.0703574022        -3.7438635931         1.4785479588 
        2.0350000000        -0.2000000000         1.0627105477        -3.9430617837         1.4561292295 
        2.0400000000        -0.2000000000         1.0652594992        -3.8766623868         1.4561292295 
        2.0450000000        -0.2000000000         1.0601615963        -4.0094611806         1.4273051491 
        2.0500000000        -0.2000000000         1.0780042567        -3.5446654025         1.4208997979 
        2.0550000000        -0.2000000000         1.0703574022        -3.7438635931         1.3952783931 
        2.0600000000        -0.2000000000         1.0729063537        -3.6774641962         1.3792650150 
        2.0650000000        -0.2000000000         1.0703574022        -3.7438635931         1.3568462858 
        2.0700000000        -0.2000000000         1.0780042567        -3.5446654025         1.3376302322 
        2.0750000000        -0.2000000000         1.0652594992        -3.8766623868         1.3216168542 
        2.0800000000        -0.2000000000         1.0703574022        -3.7438635931         1.3024008005 
        2.0850000000        -0.2000000000         1.0703574022        -3.7438635931         1.2863874225 
        2.0900000000        -0.2000000000         1.0831021596        -3.4118666087         1.2639686933 
        2.0950000000        -0.2000000000         1.0601615963        -4.0094611806         1.2383472885 
        2.1000000000        -0.2000000000         1.0703574022        -3.7438635931         1.2287392617 
        2.1050000000        -0.2000000000         1.0601615963        -4.0094611806         1.2127258836 
        2.1100000000        -0.2000000000         1.0805532081        -3.4782660056         1.1935098300 
        2.1150000000        -0.2000000000         1.0729063537        -3.6774641962         1.1806991276 
        2.1200000000        -0.2000000000         1.0729063537        -3.6774641962         1.1582803984 
        2.1250000000        -0.2000000000         1.0678084507        -3.8102629900         1.1326589935 
        2.1300000000        -0.2000000000         1.0932979656        -3.1462690213         1.1358616691 
        2.1350000000        -0.2000000000         1.0678084507        -3.8102629900         1.1006322375 
        2.1400000000        -0.2000000000         1.0754553052        -3.6110647993         1.0846188595 
        2.1450000000        -0.2000000000         1.0627105477        -3.9430617837         1.0718081571 
        2.1500000000        -0.2000000000         1.0882000626        -3.2790678150         1.0557947790 
        2.1550000000        -0.2000000000         1.0729063537        -3.6774641962         1.0397814010 
        2.1600000000        -0.2000000000         1.0729063537        -3.6774641962         1.0141599962 
        2.1650000000        -0.2000000000         1.0780042567        -3.5446654025         1.0077546450 
        2.1700000000        -0.2000000000         1.0729063537        -3.6774641962         0.9757278890 
        2.1750000000        -0.2000000000         1.0754553052        -3.6110647993         0.9789305646 
        2.1800000000        -0.2000000000         1.0780042567        -3.5446654025         0.9629171865 
        2.1850000000        -0.2000000000         1.0882000626        -3.2790678150         0.9437011329 
        2.1900000000        -0.2000000000         1.0780042567        -3.5446654025         0.9180797281 
        2.1950000000        -0.2000000000         1.0882000626        -3.2790678150         0.9148770525 
        2.2000000000        -0.2000000000         1.0627105477        -3.9430617837         0.8860529720 
        2.2050000000        -0.2000000000         1.0932979656        -3.1462690213         0.8732422696 
        2.2100012000        -0.2000000000         1.0780042567        -3.5446654025         0.8604315672 
        2.2150000000        -0.2000000000         1.0805532081        -3.4782660056         0.8252021356 
        2.2200000000        -0.2000000000         1.0754553052        -3.6110647993         0.8091887576 
        2.2250000000        -0.2000000000         1.0780042567        -3.5446654025         0.7899727039 
        2.2300000000        -0.2000000000         1.0754553052        -3.6110647993         0.7835673527 
        2.2350000000        -0.2000000000         1.0856511111        -3.3454672119         0.7643512991 
        2.2400000000        -0.2000000000         1.0780042567        -3.5446654025         0.7483379211 
        2.2450000000        -0.2000000000         1.0805532081        -3.4782660056         0.7323245431 
        2.2500000000        -0.2000000000         1.0780042567        -3.5446654025         0.7131084894 
        2.2550053000        -0.2000000000         1.0780042567        -3.5446654025         0.7002977870 
        2.2600000000        -0.2000000000         1.0831021596        -3.4118666087         0.6746763822 
        2.2650000000        -0.2000000000         1.0882000626        -3.2790678150         0.6618656798 
        2.2700000000        -0.2000000000         1.0729063537        -3.6774641962         0.6490549774 
        2.2750000000        -0.2000000000         1.0805532081        -3.4782660056         0.6234335725 
        2.2800000000        -0.2000000000         1.0729063537        -3.6774641962         0.6074201945 
        2.2850000000        -0.2000000000         1.0907490141        -3.2126684181         0.6010148433 
        2.2900000000        -0.2000000000         1.0627105477        -3.9430617837         0.5689880873 
        2.2950000000        -0.2000000000         1.0703574022        -3.7438635931         0.5497720336 
        2.3000000000        -0.2000000000         1.0729063537        -3.6774641962         0.5433666824 
        2.3050000000        -0.2000000000         1.0729063537        -3.6774641962         0.5241506288 
        2.3100000000        -0.2000000000         1.0780042567        -3.5446654025         0.5081372508 
        2.3150000000        -0.2000000000         1.0856511111        -3.3454672119         0.4985292240 
        2.3200000000        -0.2000000000         1.0882000626        -3.2790678150         0.4697051435 
        2.3250000000        -0.2000000000         1.0805532081        -3.4782660056         0.4408810631 
        2.3300000000        -0.2000000000         1.0780042567        -3.5446654025         0.4408810631 
        2.3350000000        -0.2000000000         1.0907490141        -3.2126684181         0.4248676851 
        2.3400000000        -0.2000000000         1.0805532081        -3.4782660056         0.4088543071 
        2.3450000000        -0.2000000000         1.0831021596        -3.4118666087         0.3832329022 
        2.3500000000        -0.2000000000         1.0703574022        -3.7438635931         0.3672195242 
        2.3550000000        -0.2000000000         1.0907490141        -3.2126684181         0.3512061462 
        2.3600000000        -0.2000000000         1.0780042567        -3.5446654025         0.3415981194 
        2.3650000000        -0.2000000000         1.0831021596        -3.4118666087         0.3223820658 
        2.3700000000        -0.2000000000         1.0805532081        -3.4782660056         0.3127740390 
        2.3750000000        -0.2000000000         1.0754553052        -3.6110647993         0.2871526341 
        2.3800000000        -0.2000000000         1.0805532081        -3.4782660056         0.2903553097 
        2.3850009000        -0.2000000000         1.0932979656        -3.1462690213         0.2711392561 
        2.3900000000        -0.2000000000         1.0831021596        -3.4118666087         0.2423151757 
        2.3950000000        -0.2000000000         1.0932979656        -3.1462690213         0.2423151757 
        2.4000000000        -0.2000000000         1.0703574022        -3.7438635931         0.2134910952 
        2.4050000000        -0.2000000000         1.0780042567        -3.5446654025         0.1878696904 
        2.4100000000        -0.2000000000         1.0729063537        -3.6774641962         0.1718563124 
        2.4150000000        -0.2000000000         1.0805532081        -3.4782660056         0.1622482856 
        2.4200054000        -0.2000000000         1.0703574022        -3.7438635931         0.1494375832 
        2.4250000000        -0.2000000000         1.0907490141        -3.2126684181         0.1366268808 
        2.4300000000        -0.2000000000         1.0703574022        -3.7438635931         0.1110054759 
        2.4350000000        -0.2000000000         1.1009448200        -2.9470708307         0.1046001247 
        2.4400000000        -0.2000000000         1.0729063537        -3.6774641962         0.0853840711 
        2.4450000000        -0.2000000000         1.0907490141        -3.2126684181         0.0693706931 
        2.4500000000        -0.2000000000         1.0754553052        -3.6110647993         0.0533573151 
        2.4550000000        -0.2000000000         1.0856511111        -3.3454672119         0.0277359102 
        2.4600000000        -0.2000000000         1.0882000626        -3.2790678150         0.0213305590 
        2.4650000000        -0.2000000000         1.0780042567        -3.5446654025        -0.0010881702 
        2.4700000000        -0.2000000000         1.0703574022        -3.7438635931        -0.0267095750 
        2.4750000000        -0.2000000000         1.0754553052        -3.6110647993        -0.0459256287 
        2.4800000000        -0.2000000000         1.0703574022        -3.7438635931        -0.0619390067 
        2.4850000000        -0.2000000000         1.0729063537        -3.6774641962        -0.0715470335 
        2.4900000000        -0.2000000000         1.0780042567        -3.5446654025        -0.0779523847 
        2.4950000000        -0.2000000000         1.0780042567        -3.5446654025        -0.1035737895 
        2.5000000000        -0.2000000000         1.0729063537        -3.6774641962        -0.1195871676 
        2.5050000000        -0.2000000000         1.0805532081        -3.4782660056        -0.1356005456 
        2.5100000000        -0.2000000000         1.0652594992        -3.8766623868        -0.1548165992 
        2.5150000000        -0.2000000000         1.0907490141        -3.2126684181        -0.1708299772 
        2.5200000000        -0.2000000000         1.0703574022        -3.7438635931        -0.1868433552 
        2.5250000000        -0.2000000000         1.0907490141        -3.2126684181        -0.1964513820 
        2.5300632000        -0.2000000000         1.0703574022        -3.7438635931        -0.2220727869 
        2.5350000000        -0.2000000000         1.0780042567        -3.5446654025        -0.2412888405 
        2.5400000000        -0.2000000000         1.0805532081        -3.4782660056        -0.2476941917 
        2.5450000000        -0.2000000000         1.0780042567        -3.5446654025        -0.2861262990 
        2.5500000000        -0.2000000000         1.0729063537        -3.6774641962        -0.2829236234 
        2.5550000000        -0.2000000000         1.0780042567        -3.5446654025        -0.3149503794 
        2.5600000000        -0.2000000000         1.0805532081        -3.4782660056        -0.3149503794 
        2.5650000000        -0.2000000000         1.0780042567        -3.5446654025        -0.3533824866 
        2.5700000000        -0.2000000000         1.0831021596        -3.4118666087        -0.3533824866 
        2.5750000000        -0.2000000000         1.0780042567        -3.5446654025        -0.3693958647 
        2.5800000000        -0.2000000000         1.0754553052        -3.6110647993        -0.3854092427 
        2.5850000000        -0.2000000000         1.0703574022        -3.7438635931        -0.4110306475 
        2.5900000000        -0.2000000000         1.0780042567        -3.5446654025        -0.4366520523 
        2.5950000000        -0.2000000000         1.0627105477        -3.9430617837        -0.4462600791 
        2.6000000000        -0.2000000000         1.0831021596        -3.4118666087        -0.4622734572 
        2.6050000000        -0.2000000000         1.0601615963        -4.0094611806        -0.4782868352 
        2.6100000000        -0.2000000000         1.0856511111        -3.3454672119        -0.4975028888 
        2.6150000000        -0.2000000000         1.0601615963        -4.0094611806        -0.5167189424 
        2.6200000000        -0.2000000000         1.0703574022        -3.7438635931        -0.5423403473 
        2.6250000000        -0.2000000000         1.0652594992        -3.8766623868        -0.5583537253 
        2.6300023000        -0.2000000000         1.0678084507        -3.8102629900        -0.5711644277 
        2.6350000000        -0.2000000000         1.0703574022        -3.7438635931        -0.5871778057 
        2.6400000000        -0.2000000000         1.0780042567        -3.5446654025        -0.6063938593 
        2.6450000000        -0.2000000000         1.0754553052        -3.6110647993        -0.6256099130 
        2.6500000000        -0.2000000000         1.0703574022        -3.7438635931        -0.6416232910 
        2.6550000000        -0.2000000000         1.0729063537        -3.6774641962        -0.6608393446 
        2.6600000000        -0.2000000000         1.0703574022        -3.7438635931        -0.6672446958 
        2.6650000000        -0.2000000000         1.0856511111        -3.3454672119        -0.6896634250 
        2.6700000000        -0.2000000000         1.0652594992        -3.8766623868        -0.7120821543 
        2.6750000000        -0.2000000000         1.0780042567        -3.5446654025        -0.7280955323 
        2.6800000000        -0.2000000000         1.0652594992        -3.8766623868        -0.7441089103 
        2.6850000000        -0.2000000000         1.0780042567        -3.5446654025        -0.7601222883 
        2.6900000000        -0.2000000000         1.0780042567        -3.5446654025        -0.7697303151 
        2.6950000000        -0.2000000000         1.0703574022        -3.7438635931        -0.7857436932 
        2.7000000000        -0.2000000000         1.0703574022        -3.7438635931        -0.8241758004 
        2.7050000000        -0.2000000000         1.0754553052        -3.6110647993        -0.8273784760 
        2.7100000000        -0.2000000000         1.0703574022        -3.7438635931        -0.8497972052 
        2.7150000000        -0.2000000000         1.0652594992        -3.8766623868        -0.8754186101 
        2.7200000000        -0.2000000000         1.0729063537        -3.6774641962        -0.8818239613 
        2.7250000000        -0.2000000000         1.0780042567        -3.5446654025        -0.9010400149 
        2.7300000000        -0.2000000000         1.0754553052        -3.6110647993        -0.9202560685 
        2.7350000000        -0.2000000000         1.0729063537        -3.6774641962        -0.9330667709 
        2.7400007000        -0.2000000000         1.0856511111        -3.3454672119        -0.9522828245 
        2.7450000000        -0.2000000000         1.0678084507        -3.8102629900        -0.9779042294 
        2.7500000000        -0.2000000000         1.0703574022        -3.7438635931        -0.9939176074 
        2.7550000000        -0.2000000000         1.0652594992        -3.8766623868        -1.0035256342 
        2.7600000000        -0.2000000000         1.0729063537        -3.6774641962        -1.0291470390 
        2.7650000000        -0.2000000000         1.0601615963        -4.0094611806        -1.0419577415 
        2.7700000000        -0.2000000000         1.0780042567        -3.5446654025        -1.0579711195 
        2.7750000000        -0.2000000000         1.0601615963        -4.0094611806        -1.0803898487 
        2.7800000000        -0.2000000000         1.0780042567        -3.5446654025        -1.0964032267 
        2.7850000000        -0.2000000000         1.0678084507        -3.8102629900        -1.1060112535 
        2.7900000000        -0.2000000000         1.0754553052        -3.6110647993        -1.1316326584 
        2.7950000000        -0.2000000000         1.0678084507        -3.8102629900        -1.1380380096 
        2.8000000000        -0.2000000000         1.0831021596        -3.4118666087        -1.1572540632 
        2.8050000000        -0.2000000000         1.0652594992        -3.8766623868        -1.1668620900 
        2.8100000000        -0.2000000000         1.0754553052        -3.6110647993        -1.1988888460 
        2.8150000000        -0.2000000000         1.0703574022        -3.7438635931        -1.2116995485 
        2.8200000000        -0.2000000000         1.0754553052        -3.6110647993        -1.2373209533 
        2.8250000000        -0.2000000000         1.0627105477        -3.9430617837        -1.2565370069 
        2.8300000000        -0.2000000000         1.0805532081        -3.4782660056        -1.2629423581 
        2.8350000000        -0.2000000000         1.0678084507        -3.8102629900        -1.2885637630 
        2.8400000000        -0.2000000000         1.0703574022        -3.7438635931        -1.3013744654 
        2.8450000000        -0.2000000000         1.0729063537        -3.6774641962        -1.3141851678 
        2.8500000000        -0.2000000000         1.0754553052        -3.6110647993        -1.3269958702 
        2.8550000000        -0.2000000000         1.0678084507        -3.8102629900        -1.3590226262 
        2.8600000000        -0.2000000000         1.0627105477        -3.9430617837        -1.3782386799 
        2.8650000000        -0.2000000000         1.0703574022        -3.7438635931        -1.3878467067 
        2.8700000000        -0.2000000000         1.0678084507        -3.8102629900        -1.3942520579 
        2.8750000000        -0.2000000000         1.0754553052        -3.6110647993        -1.4262788139 
        2.8800000000        -0.2000000000         1.0678084507        -3.8102629900        -1.4486975431 
        2.8850000000        -0.2000000000         1.0780042567        -3.5446654025        -1.4679135968 
        2.8900000000        -0.2000000000         1.0703574022        -3.7438635931        -1.4775216236 
        2.8950000000        -0.2000000000         1.0652594992        -3.8766623868        -1.5031430284 
        2.9000000000        -0.2000000000         1.0729063537        -3.6774641962        -1.5063457040 
        2.9050000000        -0.2000000000         1.0780042567        -3.5446654025        -1.5319671088 
        2.9100000000        -0.2000000000         1.0703574022        -3.7438635931        -1.5543858381 
        2.9150000000        -0.2000000000         1.0780042567        -3.5446654025        -1.5768045673 
        2.9200000000        -0.2000000000         1.0780042567        -3.5446654025        -1.5864125941 
        2.9250000000        -0.2000000000         1.0729063537        -3.6774641962        -1.6056286477 
        2.9300000000        -0.2000000000         1.0856511111        -3.3454672119        -1.6184393501 
        2.9350000000        -0.2000000000         1.0601615963        -4.0094611806        -1.6376554038 
        2.9400000000        -0.2000000000         1.0932979656        -3.1462690213        -1.6536687818 
        2.9450000000        -0.2000000000         1.0780042567        -3.5446654025        -1.6600741330 
        2.9500000000        -0.2000000000         1.0780042567        -3.5446654025        -1.6953035646 
        2.9550000000        -0.2000000000         1.0780042567        -3.5446654025        -1.6953035646 
        2.9600000000        -0.2000000000         1.0856511111        -3.3454672119        -1.7177222939 
        2.9650000000        -0.2000000000         1.0678084507        -3.8102629900        -1.7465463743 
        2.9711759000        -0.2000000000         1.0780042567        -3.5446654025        -1.7593570767 
        2.9750000000        -0.2000000000         1.0780042567        -3.5446654025        -1.7753704547 
        2.9800000000        -0.2000000000         1.0729063537        -3.6774641962        -1.7849784815 
        2.9850000000        -0.2000000000         1.0856511111        -3.3454672119        -1.8009918596 
        2.9900000000        -0.2000000000         1.0703574022        -3.7438635931        -1.8202079132 
        2.9950004000        -0.2000000000         1.0754553052        -3.6110647993        -1.8490319936 
        3.0000000000        -0.2000000000         1.0805532081        -3.4782660056        -1.8522346692 
        3.0050000000        -0.2000000000         1.0780042567        -3.5446654025        -1.8778560741 
        3.0100000000        -0.2000000000         1.0703574022        -3.7438635931        -1.9002748033 
        3.0150000000        -0.2000000000         1.0678084507        -3.8102629900        -1.9258962081 
        3.0200000000        -0.2000000000         1.0780042567        -3.5446654025        -1.9323015593 
        3.0250000000        -0.2000000000         1.0703574022        -3.7438635931        -1.9483149373 
        3.0300000000        -0.2000000000         1.0729063537        -3.6774641962        -1.9643283154 
        3.0350000000        -0.2000000000         1.0703574022        -3.7438635931        -1.9931523958 
        3.0400000000        -0.2000000000         1.0703574022        -3.7438635931        -2.0059630982 
        3.0450000000        -0.2000000000         1.0754553052        -3.6110647993        -2.0283818274 
        3.0500000000        -0.2000000000         1.0678084507        -3.8102629900        -2.0475978811 
        3.0550000000        -0.2000000000         1.0882000626        -3.2790678150        -2.0604085835 
        3.0600000000        -0.2000000000         1.0652594992        -3.8766623868        -2.0796246371 
        3.0650000000        -0.2000000000         1.0627105477        -3.9430617837        -2.0988406907 
        3.0700000000        -0.2000000000         1.0703574022        -3.7438635931        -2.1148540687 
        3.0750000000        -0.2000000000         1.0703574022        -3.7438635931        -2.1436781492 
        3.0800000000        -0.2000000000         1.0703574022        -3.7438635931        -2.1436781492 
        3.0850000000        -0.2000000000         1.0703574022        -3.7438635931        -2.1692995540 
        3.0900000000        -0.2000000000         1.0703574022        -3.7438635931        -2.1885156076 
        3.0950000000        -0.2000000000         1.0678084507        -3.8102629900        -2.2077316612 
        3.1000000000        -0.2000000000         1.0652594992        -3.8766623868        -2.2333530661 
        3.1050000000        -0.2000000000         1.0729063537        -3.6774641962        -2.2333530661 
        3.1100000000        -0.2000000000         1.0754553052        -3.6110647993        -2.2525691197 
        3.1150000000        -0.2000000000         1.0729063537        -3.6774641962        -2.2749878489 
        3.1200000000        -0.2000000000         1.0703574022        -3.7438635931        -2.3006092538 
        3.1250000000        -0.2000000000         1.0627105477        -3.9430617837        -2.3262306586 
        3.1300000000        -0.2000000000         1.0805532081        -3.4782660056        -2.3262306586 
        3.1350000000        -0.2000000000         1.0652594992        -3.8766623868        -2.3550547390 
        3.1400000000        -0.2000000000         1.0754553052        -3.6110647993        -2.3742707926 
        3.1450000000        -0.2000000000         1.0627105477        -3.9430617837        -2.3934868463 
        3.1500000000        -0.2000000000         1.0729063537        -3.6774641962        -2.4127028999 
        3.1550000000        -0.2000000000         1.0601615963        -4.0094611806        -2.4287162779 
        3.1600000000        -0.2000000000         1.0729063537        -3.6774641962        -2.4511350071 
        3.1650000000        -0.2000000000         1.0627105477        -3.9430617837        -2.4607430339 
        3.1700000000        -0.2000000000         1.0805532081        -3.4782660056        -2.4799590876 
        3.1750000000        -0.2000000000         1.0601615963        -4.0094611806        -2.5055804924 
        3.1800000000        -0.2000000000         1.0703574022        -3.7438635931        -2.5312018972 
        3.1850000000        -0.2000000000         1.0601615963        -4.0094611806        -2.5408099240 
        3.1900000000        -0.2000000000         1.0703574022        -3.7438635931        -2.5632286533 
        3.1950000000        -0.2000000000         1.0652594992        -3.8766623868        -2.5888500581 
        3.2000000000        -0.2000000000         1.0652594992        -3.8766623868        -2.6080661117 
        3.2050000000        -0.2000000000         1.0601615963        -4.0094611806        -2.6176741385 
        3.2100000000        -0.2000000000         1.0780042567        -3.5446654025        -2.6432955434 
        3.2150000000        -0.2000000000         1.0601615963        -4.0094611806        -2.6561062458 
        3.2200000000        -0.2000000000         1.0678084507        -3.8102629900        -2.6913356774 
        3.2250000000        -0.2000000000         1.0448678873        -4.4078575618        -2.7105517310 
        3.2300000000        -0.2000000000         1.0729063537        -3.6774641962        -2.7233624335 
        3.2350000000        -0.2000000000         1.0550636933        -4.1422599743        -2.7489838383 
        3.2400000000        -0.2000000000         1.0678084507        -3.8102629900        -2.7521865139 
        3.2450000000        -0.2000000000         1.0601615963        -4.0094611806        -2.7746052431 
        3.2500000000        -0.2000000000         1.0729063537        -3.6774641962        -2.7938212967 
        3.2550000000        -0.2000000000         1.0576126448        -4.0758605774        -2.8226453772 
        3.2600000000        -0.2000000000         1.0627105477        -3.9430617837        -2.8450641064 
        3.2650000000        -0.2000000000         1.0525147418        -4.2086593712        -2.8738881868 
        3.2700000000        -0.2000000000         1.0550636933        -4.1422599743        -2.8899015649 
        3.2750000000        -0.2000000000         1.0652594992        -3.8766623868        -2.8866988893 
        3.2800000000        -0.2000000000         1.0652594992        -3.8766623868        -2.9123202941 
        3.2850000000        -0.2000000000         1.0703574022        -3.7438635931        -2.9475497257 
        3.2900000000        -0.2000000000         1.0678084507        -3.8102629900        -2.9731711306 
        3.2950000000        -0.2000000000         1.0601615963        -4.0094611806        -2.9827791574 
        3.3000000000        -0.2000000000         1.0678084507        -3.8102629900        -3.0051978866 
        3.3050000000        -0.2000000000         1.0627105477        -3.9430617837        -3.0244139402 
        3.3100005000        -0.2000000000         1.0703574022        -3.7438635931        -3.0404273182 
        3.3150000000        -0.2000000000         1.0550636933        -4.1422599743        -3.0692513987 
        3.3200000000        -0.2000000000         1.0550636933        -4.1422599743        -3.0820621011 
        3.3250000000        -0.2000000000         1.0652594992        -3.8766623868        -3.1076835059 
        3.3300000000        -0.2000000000         1.0703574022        -3.7438635931        -3.1172915327 
        3.3350000000        -0.2000000000         1.0627105477        -3.9430617837        -3.1365075864 
        3.3400000000        -0.2000000000         1.0627105477        -3.9430617837        -3.1397102620 
        3.3452286000        -0.2000000000         1.0703574022        -3.7438635931        -3.1397102620 
        3.3500000000        -0.2000000000         1.0601615963        -4.0094611806        -3.1525209644 
        3.3550000000        -0.2000000000         1.0703574022        -3.7438635931        -3.1397102620 
        3.3600000000        -0.2000000000         1.0652594992        -3.8766623868        -3.1365075864 
        3.3650000000        -0.2000000000         1.0601615963        -4.0094611806        -3.1397102620 
        3.3700000000        -0.2000000000         1.0703574022        -3.7438635931        -3.1301022351 
        3.3750000000        -0.2000000000         1.0678084507        -3.8102629900        -3.1301022351 
        3.3800000000        -0.2000000000         1.0652594992        -3.8766623868        -1.7657624279 
        3.3850036000        -0.2000000000         1.0703574022        -3.7438635931        -1.7497490499 
        3.3900000000        -0.2000000000         1.0703574022        -3.7438635931        -1.7625597523 
        3.3950000000        -0.2000000000         1.0652594992        -3.8766623868        -1.7689651035 
        3.4000000000        -0.2000000000         1.0499657903        -4.2750587680         3.1311285703 
        3.4050000000        -0.2000000000         1.0601615963        -4.0094611806         3.1407365971 
        3.4100000000        -0.2000000000         1.0627105477        -3.9430617837         3.1407365971 
        3.4150000000        -0.2000000000         1.0678084507        -3.8102629900         3.1471419483 
        3.4200000000        -0.2000000000         1.0601615963        -4.0094611806         3.1407365971 
        3.4250000000        -0.2000000000         1.0652594992        -3.8766623868         3.1439392727 
        3.4300000000        -0.2000000000         1.0499657903        -4.2750587680         3.1343312459 
        3.4350000000        -0.2000000000         1.0627105477        -3.9430617837         3.1343312459 
        3.4400000000        -0.2000000000         1.0499657903        -4.2750587680         3.1151151923 
        3.4450000000        -0.2000000000         1.0525147418        -4.2086593712         3.0894937875 
        3.4500000000        -0.2000000000         1.0627105477        -3.9430617837         3.0702777339 
        3.4550000000        -0.2000000000         1.0601615963        -4.0094611806         3.0542643558 
        3.4600000000        -0.2000000000         1.0499657903        -4.2750587680         3.0222375998 
        3.4650000000        -0.2000000000         1.0550636933        -4.1422599743         3.0094268974 
        3.4700000000        -0.2000000000         1.0678084507        -3.8102629900         2.9966161950 
        3.4750000000        -0.2000000000         1.0703574022        -3.7438635931         2.9677921145 
        3.4800000000        -0.2000000000         1.0576126448        -4.0758605774         2.9613867633 
        3.4850000000        -0.2000000000         1.0627105477        -3.9430617837         2.9197519805 
        3.4900000000        -0.2000000000         1.0499657903        -4.2750587680         2.9165493049 
        3.4950000000        -0.2000000000         1.0601615963        -4.0094611806         2.8845225488 
        3.5001233000        -0.2000000000         1.0601615963        -4.0094611806         2.8653064952 
        3.5050000000        -0.2000000000         1.0525147418        -4.2086593712         2.8364824148 
        3.5100000000        -0.2000000000         1.0499657903        -4.2750587680         2.8172663611 
        3.5150000000        -0.2000000000         1.0601615963        -4.0094611806         2.8140636855 
        3.5200006000        -0.2000000000         1.0525147418        -4.2086593712         2.7852396051 
        3.5250000000        -0.2000000000         1.0525147418        -4.2086593712         2.7628208759 
        3.5300000000        -0.2000000000         1.0448678873        -4.4078575618         2.7339967954 
        3.5350000000        -0.2000000000         1.0576126448        -4.0758605774         2.7211860930 
        3.5400000000        -0.2000000000         1.0525147418        -4.2086593712         2.7083753906 
        3.5450000000        -0.2000000000         1.0627105477        -3.9430617837         2.6859566614 
        3.5500000000        -0.2000000000         1.0525147418        -4.2086593712         2.6507272298 
        3.5550000000        -0.2000000000         1.0576126448        -4.0758605774         2.6475245541 
        3.5600000000        -0.2000000000         1.0627105477        -3.9430617837         2.6283085005 
        3.5650000000        -0.2000000000         1.0499657903        -4.2750587680         2.5866737177 
        3.5700000000        -0.2000000000         1.0550636933        -4.1422599743         2.5738630153 
        3.5750000000        -0.2000000000         1.0499657903        -4.2750587680         2.5450389348 
        3.5800000000        -0.2000000000         1.0397699844        -4.5406563555         2.5322282324 
        3.5850000000        -0.2000000000         1.0576126448        -4.0758605774         2.5034041520 
        3.5900000000        -0.2000000000         1.0474168388        -4.3414581649         2.4905934496 
        3.5950000000        -0.2000000000         1.0601615963        -4.0094611806         2.4809854227 
        3.6000000000        -0.2000000000         1.0372210329        -4.6070557524         2.4489586667 
        3.6050000000        -0.2000000000         1.0499657903        -4.2750587680         2.4169319107 
        3.6100000000        -0.2000000000         1.0601615963        -4.0094611806         2.4073238839 
        3.6150000000        -0.2000000000         1.0474168388        -4.3414581649         2.3817024790 
        3.6200000000        -0.2000000000         1.0474168388        -4.3414581649         2.3656891010 
        3.6250000000        -0.2000000000         1.0576126448        -4.0758605774         2.3528783986 
        3.6300000000        -0.2000000000         1.0474168388        -4.3414581649         2.3144462913 
        3.6350000000        -0.2000000000         1.0601615963        -4.0094611806         2.3112436157 
        3.6400000000        -0.2000000000         1.0499657903        -4.2750587680         2.2792168597 
        3.6450000000        -0.2000000000         1.0499657903        -4.2750587680         2.2600008061 
        3.6500000000        -0.2000000000         1.0601615963        -4.0094611806         2.2407847525 
        3.6550000000        -0.2000000000         1.0474168388        -4.3414581649         2.2119606720 
        3.6600000000        -0.2000000000         1.0550636933        -4.1422599743         2.1959472940 
        3.6650000000        -0.2000000000         1.0474168388        -4.3414581649         2.1767312404 
        3.6700000000        -0.2000000000         1.0601615963        -4.0094611806         2.1575151868 
        3.6750000000        -0.2000000000         1.0576126448        -4.0758605774         2.1479071600 
        3.6800000000        -0.2000000000         1.0448678873        -4.4078575618         2.1094750527 
        3.6850000000        -0.2000000000         1.0448678873        -4.4078575618         2.0966643503 
        3.6900000000        -0.2000000000         1.0474168388        -4.3414581649         2.0742456211 
        3.6950000000        -0.2000000000         1.0627105477        -3.9430617837         2.0646375943 
        3.7000000000        -0.2000000000         1.0525147418        -4.2086593712         2.0422188650 
        3.7050000000        -0.2000000000         1.0550636933        -4.1422599743         2.0133947846 
        3.7100000000        -0.2000000000         1.0295741784        -4.8062539430         1.9813680286 
        3.7150000000        -0.2000000000         1.0474168388        -4.3414581649         1.9621519749 
        3.7200000000        -0.2000000000         1.0423189359        -4.4742569586         1.9429359213 
        3.7250000000        -0.2000000000         1.0550636933        -4.1422599743         1.9237198677 
        3.7300000000        -0.2000000000         1.0576126448        -4.0758605774         1.9045038141 
        3.7350000000        -0.2000000000         1.0499657903        -4.2750587680         1.8884904360 
        3.7400000000        -0.2000000000         1.0576126448        -4.0758605774         1.8692743824 
        3.7450000000        -0.2000000000         1.0601615963        -4.0094611806         1.8468556532 
        3.7500000000        -0.2000000000         1.0576126448        -4.0758605774         1.8276395996 
        3.7550000000        -0.2000000000         1.0423189359        -4.4742569586         1.8020181947 
        3.7600000000        -0.2000000000         1.0601615963        -4.0094611806         1.7892074923 
        3.7650000000        -0.2000000000         1.0652594992        -3.8766623868         1.7667887631 
        3.7700013000        -0.2000000000         1.0474168388        -4.3414581649         1.7411673583 
        3.7750000000        -0.2000000000         1.0448678873        -4.4078575618         1.7219513046 
        3.7800000000        -0.2000000000         1.0474168388        -4.3414581649         1.6899245486 
        3.7850000000        -0.2000000000         1.0474168388        -4.3414581649         1.6739111706 
        3.7900000000        -0.2000000000         1.0678084507        -3.8102629900         1.6675058194 
        3.7950000000        -0.2000000000         1.0499657903        -4.2750587680         1.6386817389 
        3.8000000000        -0.2000000000         1.0499657903        -4.2750587680         1.6226683609 
        3.8050000000        -0.2000000000         1.0678084507        -3.8102629900         1.6098576585 
        3.8100010000        -0.2000000000         1.0550636933        -4.1422599743         1.5810335781 
        3.8150000000        -0.2000000000         1.0703574022        -3.7438635931         1.5714255513 
        3.8200000000        -0.2000000000         1.0627105477        -3.9430617837         1.5458041464 
        3.8250000000        -0.2000000000         1.0601615963        -4.0094611806         1.5201827416 
        3.8300000000        -0.2000000000         1.0678084507        -3.8102629900         1.5137773904 
        3.8350000000        -0.2000000000         1.0729063537        -3.6774641962         1.4977640124 
        3.8400000000        -0.2000000000         1.0678084507        -3.8102629900         1.4689399319 
        3.8450000000        -0.2000000000         1.0652594992        -3.8766623868         1.4529265539 
        3.8500000000        -0.2000000000         1.0499657903        -4.2750587680         1.4305078247 
        3.8550000000        -0.2000000000         1.0678084507        -3.8102629900         1.4112917711 
        3.8600000000        -0.2000000000         1.0652594992        -3.8766623868         1.4016837443 
        3.8650000000        -0.2000000000         1.0729063537        -3.6774641962         1.3792650150 
        3.8700000000        -0.2000000000         1.0499657903        -4.2750587680         1.3440355834 
        3.8750000000        -0.2000000000         1.0780042567        -3.5446654025         1.3472382590 
        3.8800000000        -0.2000000000         1.0601615963        -4.0094611806         1.3152115030 
        3.8850000000        -0.2000000000         1.0678084507        -3.8102629900         1.2991981249 
        3.8900000000        -0.2000000000         1.0601615963        -4.0094611806         1.2767793957 
        3.8950000000        -0.2000000000         1.0678084507        -3.8102629900         1.2543606665 
        3.9000000000        -0.2000000000         1.0525147418        -4.2086593712         1.2351446129 
        3.9050000000        -0.2000000000         1.0703574022        -3.7438635931         1.2159285592 
        3.9100000000        -0.2000000000         1.0678084507        -3.8102629900         1.2095232080 
        3.9150000000        -0.2000000000         1.0678084507        -3.8102629900         1.1774964520 
        3.9200000000        -0.2000000000         1.0678084507        -3.8102629900         1.1678884252 
        3.9250000000        -0.2000000000         1.0627105477        -3.9430617837         1.1422670204 
        3.9300000000        -0.2000000000         1.0576126448        -4.0758605774         1.1230509667 
        3.9350000000        -0.2000000000         1.0703574022        -3.7438635931         1.1070375887 
        3.9400000000        -0.2000000000         1.0678084507        -3.8102629900         1.0942268863 
        3.9450000000        -0.2000000000         1.0652594992        -3.8766623868         1.0750108327 
        3.9500000000        -0.2000000000         1.0652594992        -3.8766623868         1.0493894278 
        3.9550000000        -0.2000000000         1.0703574022        -3.7438635931         1.0461867522 
        3.9600000000        -0.2000000000         1.0601615963        -4.0094611806         1.0141599962 
        3.9650000000        -0.2000000000         1.0652594992        -3.8766623868         0.9949439426 
        3.9700000000        -0.2000000000         1.0525147418        -4.2086593712         0.9757278890 
        3.9750000000        -0.2000000000         1.0627105477        -3.9430617837         0.9693225377 
        3.9800000000        -0.2000000000         1.0678084507        -3.8102629900         0.9437011329 
        3.9850000000        -0.2000000000         1.0652594992        -3.8766623868         0.9308904305 
        3.9900000000        -0.2000000000         1.0703574022        -3.7438635931         0.8956609989 
        3.9950000000        -0.2000000000         1.0729063537        -3.6774641962         0.8956609989 
