           Time[sec]           V_{cmd}[V]          V_{gyro}[V]          \theta[deg] \omega_{gyro}[deg/sec] 
        0.0000000000        -1.0800000000         1.2130986854        23.4123270924        -0.7380546094 
        0.0050000000        -1.0800000000         1.2181965884        24.3298260686         6.8707557963 
        0.0100000000        -1.0800000000         1.1952560250        23.7793266828       -27.3688910292 
        0.0150000000        -1.0800000000         1.0091825665        22.6783279114      -305.0904708357 
        0.0200000000        -1.0800000000         1.0015357121        21.3938293446      -316.5036864442 
        0.0250000000        -1.0800000000         1.0066336150        20.2928305731      -308.8948760385 
        0.0300000000        -1.0800000000         0.9276161190        17.9073332349      -426.8314373262 
        0.0350000000        -1.0800000000         0.8842839437        15.5218358967      -491.5063257743 
        0.0400000000        -1.0800000000         0.9046755556        13.6868379442      -461.0710841517 
        0.0450000000        -1.0800000000         0.8511475744        10.0168420392      -540.9635934111 
        0.0500000000        -1.0800000000         0.8256580595         7.6313447010      -579.0076454394 
        0.0550000000        -1.0800000000         0.8333049140         4.8788477723      -567.5944298309 
        0.0600000000        -1.0800000000         0.8027174962         2.1263508435      -613.2472922649 
        0.0650000000        -1.0800000000         0.7746790298        -0.4426462900      -655.0957494960 
        0.0700000000        -1.0800000000         0.7823258843         0.1078530958      -643.6825338875 
        0.0750000000        -1.0800000000         0.7746790298         0.4748526863      -655.0957494960 
        0.0800000000        -1.0800000000         0.7440916120        79.1962648479      -700.7486119299 
        0.0850000000        -1.0800000000         0.7542874179       359.9509515781      -685.5309911186 
        0.0900000000        -1.0800000000         0.7338958061       359.5839519876      -715.9662327413 
        0.0950000000        -1.0800000000         0.7109552427       359.0334526019      -750.2058795667 
        0.1000000000        -1.0800000000         0.7186020971       356.4644554684      -738.7926639582 
        0.1050000000        -1.0800000000         0.7084062912       351.8769605872      -754.0102847695 
        0.1100000000        -1.0800000000         0.6931125823       348.2069646822      -776.8367159865 
        0.1150000000        -1.0800000000         0.6880146793       343.9864693915      -784.4455263922 
        0.1200000000        -1.0800000000         0.6829167763       339.5824743055      -792.0543367978 
        0.1250000000        -1.0800000000         0.6701720189       335.3619790148      -811.0763628120 
        0.1300000000        -1.0800000000         0.6599762130       331.1414837241      -826.2939836233 
        0.1350000000        -1.0800000000         0.6625251645       328.0219872049      -822.4895784205 
        0.1400000000        -1.0800000000         0.6497804070       322.8839929379      -841.5116044346 
        0.1450000000        -1.0800000000         0.6472314555       319.2139970329      -845.3160096374 
        0.1500000000        -1.0800000000         0.6421335526       314.8100019470      -852.9248200431 
        0.1550000000        -1.0800000000         0.6344866981       310.4060068610      -864.3380356516 
        0.1600000000        -1.0800000000         0.6395846011       306.7360109560      -856.7292252459 
        0.1650000000        -1.0800000000         0.6293887951       301.7815164843      -871.9468460573 
        0.1700000000        -1.0800000000         0.6217419407       297.3775213984      -883.3600616657 
        0.1750000000        -1.0800000000         0.6140950862       292.7900265172      -894.7732772742 
        0.1800001000        -1.0800000000         0.6115461347       288.3860314312      -898.5776824771 
        0.1850000000        -1.0800000000         0.6089971832       284.5325357310      -902.3820876799 
        0.1900000000        -1.0800000000         0.6115461347       279.9450408498      -898.5776824771 
        0.1950000000        -1.0800000000         0.6115461347       275.3575459686      -898.5776824771 
        0.2000000000        -1.0800000000         0.6013503288       270.7700510873      -913.7953032884 
        0.2050000000        -1.0800000000         0.5886055714       265.9990564109      -932.8173293025 
        0.2100000000        -1.0800000000         0.5937034743       261.7785611202      -925.2085188969 
        0.2150000000        -1.0800000000         0.5886055714       256.6405668532      -932.8173293025 
        0.2200000000        -1.0800000000         0.5860566199       252.0530719720      -936.6217345053 
        0.2250000000        -1.0800000000         0.5886055714       247.8325766813      -932.8173293025 
        0.2300000000        -1.0800000000         0.5784097654       242.6945824143      -948.0349501138 
        0.2350000000        -1.0800000000         0.5733118624       237.7400879426      -955.6437605195 
        0.2400001000        -1.0800000000         0.5631160565       232.6020936757      -970.8613813308 
        0.2450000000        -1.0800000000         0.5682139595       228.5650981802      -963.2525709252 
        0.2500000000        -1.0800000000         0.5784097654       224.3446028895      -948.0349501138 
        0.2550000000        -1.0800000000         0.5682139595       219.2066086225      -963.2525709252 
        0.2600000000        -1.0800000000         0.5631160565       214.6191137413      -970.8613813308 
        0.2650000000        -1.0800000000         0.5554692020       209.1141198838      -982.2745969393 
        0.2700000000        -1.0800000000         0.5529202506       204.8936245931      -986.0790021421 
        0.2750000000        -1.0800000000         0.5478223476       199.5721305309      -993.6878125478 
        0.2800000000        -1.0800000000         0.5580181535       195.5351350355      -978.4701917365 
        0.2850000000        -1.0800000000         0.5554692020       190.9476401542      -982.2745969393 
        0.2900000000        -1.0800000000         0.5529202506       186.1766454778      -986.0790021421 
        0.2950000000        -1.0800000000         0.5401754931       180.4881518251     -1005.1010281563 
        0.3000000000        -1.0800000000         0.5376265416       175.3501575581     -1008.9054333591 
        0.3050000000        -1.0800000000         0.5401754931       170.9461624722     -1005.1010281563 
        0.3100000000        -1.0800000000         0.5478223476       166.5421673862      -993.6878125478 
        0.3150000000        -1.0800000000         0.5376265416       161.2206733240     -1008.9054333591 
        0.3200000000        -1.0800000000         0.5376265416       156.0826790570     -1008.9054333591 
        0.3250000000        -1.0800000000         0.5274307357       150.9446847901     -1024.1230541704 
        0.3300000000        -1.0800000000         0.5376265416       146.1736901136     -1008.9054333591 
        0.3350000000        -1.0800000000         0.5223328327       140.8521960514     -1031.7318645761 
        0.3400000000        -1.0800000000         0.5401754931       136.9987003512     -1005.1010281563 
        0.3450000000        -1.0800000000         0.5197838812       131.3102066985     -1035.5362697789 
        0.3500001000        -1.0800000000         0.5274307357       126.3557122268     -1024.1230541704 
        0.3550001000        -1.0800000000         0.5299796872       121.9517171408     -1020.3186489676 
        0.3600000000        -1.0800000000         0.5223328327       116.4467232833     -1031.7318645761 
        0.3650000000        -1.0800000000         0.5223328327       111.4922288116     -1031.7318645761 
        0.3700000000        -1.0800000000         0.5197838812       106.1707347494     -1035.5362697789 
        0.3750000000        -1.0800000000         0.5172349298       101.2162402777     -1039.3406749817 
        0.3800000000        -1.0800000000         0.5274307357        96.9957449870     -1024.1230541704 
        0.3850000000        -1.0800000000         0.5197838812        91.4907511295     -1035.5362697789 
        0.3900000000        -1.0800000000         0.5223328327        86.5362566578     -1031.7318645761 
        0.3950000000        -1.0800000000         0.5197838812        81.9487617766     -1035.5362697789 
        0.4000000000        -1.0800000000         0.5197838812        76.8107675097     -1035.5362697789 
        0.4050012000        -1.0800000000         0.5248817842        72.0397728332     -1027.9274593732 
        0.4100000000        -1.0800000000         0.5172349298        66.5347789758     -1039.3406749817 
        0.4150000000        -1.0800000000         0.5095880753        60.8462853230     -1050.7538905902 
        0.4200001000        -1.0800000000         0.5070391238        55.8917908513     -1054.5582957931 
        0.4250000000        -1.0800000000         0.5070391238        51.1207961749     -1054.5582957931 
        0.4300000000        -1.0800000000         0.5146859783        45.7993021127     -1043.1450801846 
        0.4350000000        -1.0800000000         0.5146859783        41.0283074362     -1043.1450801846 
        0.4400000000        -1.0800000000         0.5070391238        35.8903131692     -1054.5582957931 
        0.4450000000        -1.0800000000         0.5172349298        30.3853193118     -1039.3406749817 
        0.4500000000        -1.0800000000         0.5095880753        24.5133258638     -1050.7538905902 
        0.4550000000        -1.0800000000         0.5095880753        19.5588313921     -1050.7538905902 
        0.4600003000        -1.0800000000         0.4993922694        13.8703377394     -1065.9715114015 
        0.4650000000        -1.0800000000         0.5070391238         8.7323434725     -1054.5582957931 
        0.4700000000        -1.0800000000         0.5070391238         2.6768502293     -1054.5582957931 
        0.4750001000        -1.0800000000         0.4891964634        -0.0756466995     -1081.1891322129 
        0.4800001000        -1.0800000000         0.4891964634         0.1078530958     -1081.1891322129 
        0.4850000000        -1.0800000000         0.4968433179       356.8314550589     -1069.7759166044 
        0.4900000000        -1.0800000000         0.5070391238       360.5014509639     -1054.5582957931 
        0.4950000000        -1.0800000000         0.4993922694       358.1159536256     -1065.9715114015 
        0.5000000000        -1.0800000000         0.4993922694       352.6109597682     -1065.9715114015 
        0.5050000000        -1.0800000000         0.4891964634       346.5554665250     -1081.1891322129 
        0.5100000000        -1.0800000000         0.4968433179       341.9679716438     -1069.7759166044 
        0.5150000000        -1.0800000000         0.4968433179       335.9124784006     -1069.7759166044 
        0.5200000000        -1.0800000000         0.4866475119       330.2239847479     -1084.9935374157 
        0.5250000000        -1.0800000000         0.4942943664       324.9024906856     -1073.5803218072 
        0.5300000000        -1.0800000000         0.4968433179       319.5809966234     -1069.7759166044 
        0.5350000000        -1.0800000000         0.4891964634       314.6265021517     -1081.1891322129 
        0.5400000000        -1.0800000000         0.4866475119       308.5710089085     -1084.9935374157 
        0.5450000000        -1.0800000000         0.4866475119       303.0660150511     -1084.9935374157 
        0.5500000000        -1.0800000000         0.4942943664       298.1115205794     -1073.5803218072 
        0.5550000000        -1.0800000000         0.4942943664       292.7900265172     -1073.5803218072 
        0.5600000000        -1.0800000000         0.4866475119       286.9180330692     -1084.9935374157 
        0.5650000000        -1.0800000000         0.4968433179       281.7800388023     -1069.7759166044 
        0.5700001000        -1.0800000000         0.4891964634       276.2750449448     -1081.1891322129 
        0.5750000000        -1.0800000000         0.4891964634       270.7700510873     -1081.1891322129 
        0.5800001000        -1.0800000000         0.4840985604       264.8980576394     -1088.7979426185 
        0.5850000000        -1.0800000000         0.4917454149       260.4940625534     -1077.3847270100 
        0.5900000000        -1.0800000000         0.4790006575       254.6220691055     -1096.4067530242 
        0.5950000000        -1.0800000000         0.4840985604       249.3005750433     -1088.7979426185 
        0.6000000000        -1.0800000000         0.4866475119       244.5295803668     -1084.9935374157 
        0.6050000000        -1.0800000000         0.4866475119       238.2905873284     -1084.9935374157 
        0.6100000000        -1.0800000000         0.4891964634       233.7030924471     -1081.1891322129 
        0.6150000000        -1.0800000000         0.4764517060       227.2805996134     -1100.2111582270 
        0.6200000000        -1.0800000000         0.4764517060       221.9591055512     -1100.2111582270 
        0.6250000000        -1.0800000000         0.4764517060       217.1881108748     -1100.2111582270 
        0.6300000000        -1.0800000000         0.4815496090       211.8666168126     -1092.6023478213 
        0.6350000000        -1.0800000000         0.4764517060       206.1781231599     -1100.2111582270 
        0.6400000000        -1.0800000000         0.4866475119       201.2236286882     -1084.9935374157 
        0.6450000000        -1.0800000000         0.4815496090       196.4526340117     -1092.6023478213 
        0.6500000000        -1.0800000000         0.4866475119       190.3971407685     -1084.9935374157 
        0.6550000000        -1.0800000000         0.4815496090       185.4426462968     -1092.6023478213 
        0.6600000000        -1.0800000000         0.4790006575       179.7541526441     -1096.4067530242 
        0.6650000000        -1.0800000000         0.4764517060       174.4326585819     -1100.2111582270 
        0.6700000000        -1.0800000000         0.4840985604       169.1111645197     -1088.7979426185 
        0.6750000000        -1.0800000000         0.4866475119       164.1566700480     -1084.9935374157 
        0.6800000000        -1.0800000000         0.4790006575       158.2846766000     -1096.4067530242 
        0.6850000000        -1.0800000000         0.4866475119       153.3301821283     -1084.9935374157 
        0.6900000000        -1.0800000000         0.4790006575       147.4581886803     -1096.4067530242 
        0.6950001000        -1.0800000000         0.4790006575       142.8706937991     -1096.4067530242 
        0.7000000000        -1.0800000000         0.4713538030       136.9987003512     -1107.8199686327 
        0.7050001000        -1.0800000000         0.4764517060       131.4937064937     -1100.2111582270 
        0.7100000000        -1.0800000000         0.4764517060       126.1722124315     -1100.2111582270 
        0.7150000000        -1.0800000000         0.4739027545       120.6672185741     -1104.0155634298 
        0.7200000000        -1.0800000000         0.4688048515       114.7952251261     -1111.6243738355 
        0.7250000000        -1.0800000000         0.4840985604       110.0242304496     -1088.7979426185 
        0.7300000000        -1.0800000000         0.4815496090       105.2532357732     -1092.6023478213 
        0.7350000000        -1.0800000000         0.4688048515        99.5647421205     -1111.6243738355 
        0.7400000000        -1.0800000000         0.4764517060        94.0597482630     -1100.2111582270 
        0.7450000000        -1.0800000000         0.4739027545        88.3712546103     -1104.0155634298 
        0.7500000000        -1.0800000000         0.4739027545        83.0497605481     -1104.0155634298 
        0.7550000000        -1.0800000000         0.4815496090        78.2787658717     -1092.6023478213 
        0.7600000000        -1.0800000000         0.4688048515        72.4067724237     -1111.6243738355 
        0.7650000000        -1.0800000000         0.4790006575        67.4522779520     -1096.4067530242 
        0.7700000000        -1.0800000000         0.4790006575        62.4977834803     -1096.4067530242 
        0.7750000000        -1.0800000000         0.4764517060        56.6257900323     -1100.2111582270 
        0.7800000000        -1.0800000000         0.4790006575        51.8547953559     -1096.4067530242 
        0.7850000000        -1.0800000000         0.4662559000        45.0653029317     -1115.4287790383 
        0.7900110000        -1.0800000000         0.4713538030        40.1108084600     -1107.8199686327 
        0.7950000000        -1.0800000000         0.4739027545        34.6058146025     -1104.0155634298 
        0.8000000000        -1.0800000000         0.4790006575        29.2843205403     -1096.4067530242 
        0.8050000000        -1.0800000000         0.4688048515        23.7793266828     -1111.6243738355 
        0.8100000000        -1.0800000000         0.4790006575        18.0908330301     -1096.4067530242 
        0.8150000000        -1.0800000000         0.4790006575        12.5858391727     -1096.4067530242 
        0.8200001000        -1.0800000000         0.4739027545         6.5303459295     -1104.0155634298 
        0.8250000000        -1.0800000000         0.4764517060         1.7593512530     -1100.2111582270 
        0.8300001000        -1.0800000000         0.4790006575         0.1078530958     -1096.4067530242 
        0.8350000000        -1.0800000000         0.4662559000        79.0127650526     -1115.4287790383 
        0.8400000000        -1.0800000000         0.4739027545       359.7674517829     -1104.0155634298 
        0.8450000000        -1.0800000000         0.4637069486       359.9509515781     -1119.2331842412 
        0.8500000000        -1.0800000000         0.4637069486       355.1799569017     -1119.2331842412 
        0.8550000000        -1.0800000000         0.4688048515       348.9409638632     -1111.6243738355 
        0.8600000000        -1.0800000000         0.4662559000       343.4359700057     -1115.4287790383 
        0.8650000000        -1.0800000000         0.4611579971       337.5639765578     -1123.0375894440 
        0.8700000000        -1.0800000000         0.4713538030       332.4259822908     -1107.8199686327 
        0.8750000000        -1.0800000000         0.4662559000       326.3704890476     -1115.4287790383 
        0.8800000000        -1.0800000000         0.4739027545       321.0489949854     -1104.0155634298 
        0.8850000000        -1.0800000000         0.4688048515       315.3605013327     -1111.6243738355 
        0.8900000000        -1.0800000000         0.4662559000       309.4885078848     -1115.4287790383 
        0.8950000000        -1.0800000000         0.4586090456       303.4330146416     -1126.8419946468 
        0.9000000000        -1.0800000000         0.4637069486       298.2950203746     -1119.2331842412 
        0.9050000000        -1.0800000000         0.4637069486       292.4230269267     -1119.2331842412 
        0.9100000000        -1.0800000000         0.4662559000       286.9180330692     -1115.4287790383 
        0.9150000000        -1.0800000000         0.4713538030       281.9635385975     -1107.8199686327 
        0.9200000000        -1.0800000000         0.4662559000       276.2750449448     -1115.4287790383 
        0.9250000000        -1.0800000000         0.4586090456       270.0360519063     -1126.8419946468 
        0.9300000000        -1.0800000000         0.4662559000       264.8980576394     -1115.4287790383 
        0.9350000000        -1.0800000000         0.4662559000       259.3930637819     -1115.4287790383 
        0.9400000000        -1.0800000000         0.4662559000       254.2550695150     -1115.4287790383 
        0.9450001000        -1.0800000000         0.4713538030       248.9335754528     -1107.8199686327 
        0.9500000000        -1.0800000000         0.4662559000       242.8780822096     -1115.4287790383 
        0.9550001000        -1.0800000000         0.4662559000       237.1895885569     -1115.4287790383 
        0.9600000000        -1.0800000000         0.4586090456       231.5010949042     -1126.8419946468 
        0.9650000000        -1.0800000000         0.4586090456       225.9961010467     -1126.8419946468 
        0.9700000000        -1.0800000000         0.4662559000       221.4086061655     -1115.4287790383 
        0.9750000000        -1.0800000000         0.4586090456       215.1696131270     -1126.8419946468 
        0.9800000000        -1.0800000000         0.4586090456       210.7656180411     -1126.8419946468 
        0.9850000000        -1.0800000000         0.4535111426       204.1596254121     -1134.4508050525 
        0.9900000000        -1.0800000000         0.4586090456       199.0216311452     -1126.8419946468 
        0.9950000000        -1.0800000000         0.4688048515       194.0671366735     -1111.6243738355 
        1.0000000000        -1.0800000000         0.4611579971       188.1951432255     -1123.0375894440 
        1.0050000000        -1.0800000000         0.4586090456       181.9561501871     -1126.8419946468 
        1.0100001000        -1.0800000000         0.4713538030       177.7356548963     -1107.8199686327 
        1.0150000000        -1.0800000000         0.4637069486       171.6801616531     -1119.2331842412 
        1.0200001000        -1.0800000000         0.4535111426       165.6246684099     -1134.4508050525 
        1.0250000000        -1.0800000000         0.4560600941       160.1196745525     -1130.6463998496 
        1.0300000000        -1.0800000000         0.4560600941       154.7981804903     -1130.6463998496 
        1.0350000000        -1.0800000000         0.4611579971       149.6601862233     -1123.0375894440 
        1.0400000000        -1.0800000000         0.4586090456       144.1551923659     -1126.8419946468 
        1.0450000000        -1.0800000000         0.4458642882       138.4666987132     -1145.8640206610 
        1.0500000000        -1.0800000000         0.4586090456       132.5947052652     -1126.8419946468 
        1.0550000000        -1.0800000000         0.4611579971       127.2732112030     -1123.0375894440 
        1.0600000000        -1.0800000000         0.4662559000       122.1352169360     -1115.4287790383 
        1.0650000000        -1.0800000000         0.4560600941       116.4467232833     -1130.6463998496 
        1.0700000000        -1.0800000000         0.4560600941       110.7582296306     -1130.6463998496 
        1.0750000000        -1.0800000000         0.4662559000       106.1707347494     -1115.4287790383 
        1.0800000000        -1.0800000000         0.4662559000       101.0327404825     -1115.4287790383 
        1.0850000000        -1.0800000000         0.4662559000        94.9772472393     -1115.4287790383 
        1.0900000000        -1.0800000000         0.4560600941        89.2887535866     -1130.6463998496 
        1.0950000000        -1.0800000000         0.4713538030        84.8847585006     -1107.8199686327 
        1.1000000000        -1.0800000000         0.4586090456        78.4622656669     -1126.8419946468 
        1.1050000000        -1.0800000000         0.4688048515        73.8747707857     -1111.6243738355 
        1.1100000000        -1.0800000000         0.4637069486        68.1862771330     -1119.2331842412 
        1.1150000000        -1.0800000000         0.4484132396        62.1307838898     -1142.0596154581 
        1.1200000000        -1.0800000000         0.4586090456        56.9927896228     -1126.8419946468 
        1.1250000000        -1.0800000000         0.4586090456        52.0382951511     -1126.8419946468 
        1.1300000000        -1.0800000000         0.4586090456        45.6158023174     -1126.8419946468 
        1.1350001000        -1.0800000000         0.4586090456        40.1108084600     -1126.8419946468 
        1.1400000000        -1.0800000000         0.4586090456        34.9728141930     -1126.8419946468 
        1.1450001000        -1.0800000000         0.4688048515        29.2843205403     -1111.6243738355 
        1.1500000000        -1.0800000000         0.4586090456        23.2288272971     -1126.8419946468 
        1.1550000000        -1.0800000000         0.4586090456        17.5403336444     -1126.8419946468 
        1.1600000000        -1.0800000000         0.4611579971        11.4848404012     -1123.0375894440 
        1.1650000000        -1.0800000000         0.4611579971         6.1633463390     -1123.0375894440 
        1.1700000000        -1.0800000000         0.4560600941         0.1078530958     -1130.6463998496 
        1.1750000000        -1.0800000000         0.4586090456        -0.2591464947     -1126.8419946468 
        1.1800000000        -1.0800000000         0.4662559000        79.9302640289     -1115.4287790383 
        1.1850000000        -1.0800000000         0.4484132396       359.9509515781     -1142.0596154581 
        1.1900000000        -1.0800000000         0.4560600941       360.1344513734     -1130.6463998496 
        1.1950000000        -1.0800000000         0.4586090456       354.4459577207     -1126.8419946468 
        1.2000000000        -1.0800000000         0.4586090456       348.0234648870     -1126.8419946468 
        1.2050000000        -1.0800000000         0.4560600941       342.3349712343     -1130.6463998496 
        1.2100000000        -1.0800000000         0.4611579971       336.2794779911     -1123.0375894440 
        1.2150000000        -1.0800000000         0.4484132396       330.5909843384     -1142.0596154581 
        1.2200000000        -1.0800000000         0.4509621911       324.9024906856     -1138.2552102553 
        1.2250000000        -1.0800000000         0.4535111426       318.4799978520     -1134.4508050525 
        1.2300000000        -1.0800000000         0.4535111426       312.7915041992     -1134.4508050525 
        1.2350000000        -1.0800000000         0.4662559000       308.2040093180     -1115.4287790383 
        1.2400000000        -1.0800000000         0.4535111426       301.4145168938     -1134.4508050525 
        1.2450000000        -1.0800000000         0.4560600941       296.4600224221     -1130.6463998496 
        1.2500000000        -1.0800000000         0.4611579971       291.1385283599     -1123.0375894440 
        1.2550000000        -1.0800000000         0.4535111426       285.0830351167     -1134.4508050525 
        1.2600001000        -1.0800000000         0.4535111426       279.5780412593     -1134.4508050525 
        1.2650000000        -1.0800000000         0.4484132396       273.7060478113     -1142.0596154581 
        1.2700001000        -1.0800000000         0.4509621911       267.6505545681     -1138.2552102553 
        1.2750000000        -1.0800000000         0.4560600941       262.5125603012     -1130.6463998496 
        1.2800000000        -1.0800000000         0.4662559000       257.5580658294     -1115.4287790383 
        1.2850000000        -1.0800000000         0.4535111426       251.5025725862     -1134.4508050525 
        1.2900000000        -1.0800000000         0.4509621911       245.8140789335     -1138.2552102553 
        1.2950000000        -1.0800000000         0.4484132396       240.1255852808     -1142.0596154581 
        1.3000000000        -1.0800000000         0.4535111426       234.4370916281     -1134.4508050525 
        1.3050000000        -1.0800000000         0.4484132396       228.3815983849     -1142.0596154581 
        1.3100000000        -1.0800000000         0.4484132396       223.0601043227     -1142.0596154581 
        1.3150000000        -1.0800000000         0.4535111426       217.7386102605     -1134.4508050525 
        1.3200617000        -1.0800000000         0.4611579971       212.7841157888     -1123.0375894440 
        1.3250000000        -1.0800000000         0.4560600941       206.9121223409     -1130.6463998496 
        1.3300000000        -1.0800000000         0.4560600941       201.4071284834     -1130.6463998496 
        1.3350000000        -1.0800000000         0.4560600941       195.9021346259     -1130.6463998496 
        1.3400000000        -1.0800000000         0.4560600941       190.5806405637     -1130.6463998496 
        1.3450000000        -1.0800000000         0.4509621911       184.8921469110     -1138.2552102553 
        1.3500000000        -1.0800000000         0.4560600941       179.3871530536     -1130.6463998496 
        1.3550000000        -1.0800000000         0.4611579971       173.5151596056     -1123.0375894440 
        1.3600051000        -1.0800000000         0.4535111426       168.5606651339     -1134.4508050525 
        1.3650000000        -1.0800000000         0.4611579971       162.5051718907     -1123.0375894440 
        1.3700000000        -1.0800000000         0.4509621911       156.8166782380     -1138.2552102553 
        1.3750000000        -1.0800000000         0.4535111426       151.4951841758     -1134.4508050525 
        1.3800000000        -1.0800000000         0.4458642882       145.4396909326     -1145.8640206610 
        1.3850001000        -1.0800000000         0.4509621911       140.4851964609     -1138.2552102553 
        1.3900000000        -1.0800000000         0.4535111426       134.7967028082     -1134.4508050525 
        1.3950191000        -1.0800000000         0.4586090456       129.8422083365     -1126.8419946468 
        1.4000023000        -1.0800000000         0.4509621911       123.6032152980     -1138.2552102553 
        1.4050000000        -1.0800000000         0.4535111426       118.2817212358     -1134.4508050525 
        1.4100000000        -1.0800000000         0.4484132396       112.7767273784     -1142.0596154581 
        1.4150000000        -1.0800000000         0.4484132396       107.0882337257     -1142.0596154581 
        1.4200000000        -1.0800000000         0.4484132396       101.7667396635     -1142.0596154581 
        1.4250000000        -1.0800000000         0.4560600941        96.2617458060     -1130.6463998496 
        1.4300000000        -1.0800000000         0.4560600941        90.9402517438     -1130.6463998496 
        1.4350000000        -1.0800000000         0.4535111426        85.4352578863     -1134.4508050525 
        1.4400000000        -1.0800000000         0.4535111426        79.7467642336     -1134.4508050525 
        1.4450041000        -1.0800000000         0.4458642882        73.8747707857     -1145.8640206610 
        1.4500000000        -1.0800000000         0.4484132396        68.3697769282     -1142.0596154581 
        1.4550000000        -1.0800000000         0.4586090456        63.7822820470     -1126.8419946468 
        1.4600000000        -1.0800000000         0.4586090456        58.0937883943     -1126.8419946468 
        1.4650000000        -1.0800000000         0.4586090456        52.5887945369     -1126.8419946468 
        1.4700000000        -1.0800000000         0.4509621911        46.3498014984     -1138.2552102553 
        1.4750000000        -1.0800000000         0.4484132396        40.2943082552     -1142.0596154581 
        1.4800000000        -1.0800000000         0.4509621911        35.1563139883     -1138.2552102553 
        1.4850000000        -1.0800000000         0.4535111426        29.2843205403     -1134.4508050525 
        1.4900000000        -1.0800000000         0.4509621911        23.2288272971     -1138.2552102553 
        1.4950000000        -1.0800000000         0.4509621911        17.3568338492     -1138.2552102553 
        1.5000000000        -1.0800000000         0.4509621911        11.6683401964     -1138.2552102553 
        1.5050000000        -1.0800000000         0.4535111426         6.5303459295     -1134.4508050525 
        1.5100001000        -1.0800000000         0.4535111426         0.8418522768     -1134.4508050525 
        1.5150000000        -1.0800000000         0.4356684822         0.1078530958     -1161.0816414723 
        1.5200001000        -1.0800000000         0.4509621911        80.4807634146     -1138.2552102553 
        1.5250000000        -1.0800000000         0.4458642882       359.7674517829     -1145.8640206610 
        1.5300000000        -1.0800000000         0.4509621911       359.7674517829     -1138.2552102553 
        1.5350000000        -1.0800000000         0.4560600941       353.7119585397     -1130.6463998496 
        1.5400000000        -1.0800000000         0.4356684822       347.2894657060     -1161.0816414723 
        1.5450000000        -1.0800000000         0.4458642882       341.9679716438     -1145.8640206610 
        1.5500000000        -1.0800000000         0.4509621911       335.3619790148     -1138.2552102553 
        1.5550000000        -1.0800000000         0.4509621911       330.0404849526     -1138.2552102553 
        1.5600000000        -1.0800000000         0.4509621911       324.1684915047     -1138.2552102553 
        1.5650000000        -1.0800000000         0.4484132396       318.4799978520     -1142.0596154581 
        1.5700000000        -1.0800000000         0.4458642882       312.9750039945     -1145.8640206610 
        1.5750000000        -1.0800000000         0.4382174337       306.9195107513     -1157.2772362694 
        1.5800000000        -1.0800000000         0.4407663852       301.4145168938     -1153.4728310666 
        1.5850000000        -1.0800000000         0.4535111426       296.4600224221     -1134.4508050525 
        1.5900000000        -1.0800000000         0.4484132396       289.8540297932     -1142.0596154581 
        1.5950000000        -1.0800000000         0.4484132396       284.1655361405     -1142.0596154581 
        1.6000000000        -1.0800000000         0.4560600941       279.3945414640     -1130.6463998496 
        1.6050000000        -1.0800000000         0.4458642882       272.6050490398     -1145.8640206610 
        1.6100000000        -1.0800000000         0.4586090456       267.8340543634     -1126.8419946468 
        1.6150000000        -1.0800000000         0.4407663852       261.2280617344     -1153.4728310666 
        1.6200000000        -1.0800000000         0.4458642882       255.7230678770     -1145.8640206610 
        1.6250000000        -1.0800000000         0.4458642882       250.4015738148     -1145.8640206610 
        1.6300000000        -1.0800000000         0.4509621911       245.0800797525     -1138.2552102553 
        1.6350001000        -1.0800000000         0.4458642882       239.5750858951     -1145.8640206610 
        1.6400000000        -1.0800000000         0.4535111426       233.8865922424     -1134.4508050525 
        1.6450001000        -1.0800000000         0.4535111426       228.1980985897     -1134.4508050525 
        1.6500000000        -1.0800000000         0.4458642882       222.1426053465     -1145.8640206610 
        1.6550000000        -1.0800000000         0.4433153367       216.0871121033     -1149.6684258638 
        1.6600000000        -1.0800000000         0.4433153367       210.5821182458     -1149.6684258638 
        1.6650000000        -1.0800000000         0.4586090456       205.9946233646     -1126.8419946468 
        1.6700000000        -1.0800000000         0.4484132396       199.3886307357     -1142.0596154581 
        1.6750000000        -1.0800000000         0.4535111426       194.6176360592     -1134.4508050525 
        1.6800000000        -1.0800000000         0.4560600941       189.2961419970     -1130.6463998496 
        1.6850000000        -1.0800000000         0.4535111426       183.4241485491     -1134.4508050525 
        1.6900000000        -1.0800000000         0.4484132396       177.9191546916     -1142.0596154581 
        1.6950000000        -1.0800000000         0.4458642882       171.6801616531     -1145.8640206610 
        1.7000000000        -1.0800000000         0.4433153367       165.9916680004     -1149.6684258638 
        1.7050000000        -1.0800000000         0.4535111426       161.0371735287     -1134.4508050525 
        1.7100000000        -1.0800000000         0.4484132396       155.3486798760     -1142.0596154581 
        1.7150000000        -1.0800000000         0.4484132396       150.0271858138     -1142.0596154581 
        1.7200000000        -1.0800000000         0.4535111426       144.7056917516     -1134.4508050525 
        1.7250000000        -1.0800000000         0.4382174337       138.0996991227     -1157.2772362694 
        1.7300000000        -1.0800000000         0.4382174337       133.1452046510     -1157.2772362694 
        1.7350000000        -1.0800000000         0.4484132396       128.0072103840     -1142.0596154581 
        1.7400000000        -1.0800000000         0.4407663852       121.4012177551     -1153.4728310666 
        1.7450000000        -1.0800000000         0.4484132396       116.4467232833     -1142.0596154581 
        1.7500000000        -1.0800000000         0.4407663852       110.3912300401     -1153.4728310666 
        1.7550000000        -1.0800000000         0.4484132396       104.8862361827     -1142.0596154581 
        1.7600001000        -1.0800000000         0.4586090456       100.2987413015     -1126.8419946468 
        1.7650000000        -1.0800000000         0.4484132396        93.8762484678     -1142.0596154581 
        1.7700001000        -1.0800000000         0.4535111426        88.7382542008     -1134.4508050525 
        1.7750000000        -1.0800000000         0.4560600941        83.4167601386     -1130.6463998496 
        1.7800000000        -1.0800000000         0.4535111426        78.4622656669     -1134.4508050525 
        1.7850036000        -1.0800000000         0.4356684822        72.0397728332     -1161.0816414723 
        1.7900000000        -1.0800000000         0.4484132396        66.7182787710     -1142.0596154581 
        1.7950000000        -1.0800000000         0.4509621911        61.0297851183     -1138.2552102553 
        1.8000000000        -1.0800000000         0.4484132396        55.5247912608     -1142.0596154581 
        1.8050000000        -1.0800000000         0.4484132396        49.8362976081     -1142.0596154581 
        1.8100000000        -1.0800000000         0.4458642882        44.3313037507     -1145.8640206610 
        1.8150000000        -1.0800000000         0.4484132396        38.4593103027     -1142.0596154581 
        1.8200000000        -1.0800000000         0.4535111426        33.3213160358     -1134.4508050525 
        1.8250000000        -1.0800000000         0.4484132396        27.6328223831     -1142.0596154581 
        1.8300000000        -1.0800000000         0.4484132396        21.3938293446     -1142.0596154581 
        1.8350000000        -1.0800000000         0.4458642882        15.5218358967     -1145.8640206610 
        1.8400000000        -1.0800000000         0.4407663852         9.0993430630     -1153.4728310666 
        1.8450000000        -1.0800000000         0.4509621911         3.9613487960     -1138.2552102553 
        1.8500000000        -1.0800000000         0.4560600941         0.4748526863     -1130.6463998496 
        1.8550000000        -1.0800000000         0.4356684822         0.1078530958     -1161.0816414723 
        1.8600055000        -1.0800000000         0.4407663852       359.4004521924     -1153.4728310666 
        1.8650000000        -1.0800000000         0.4484132396       360.1344513734     -1142.0596154581 
        1.8700000000        -1.0800000000         0.4484132396       357.0149548541     -1142.0596154581 
        1.8750000000        -1.0800000000         0.4407663852       351.1429614062     -1153.4728310666 
        1.8800000000        -1.0800000000         0.4560600941       345.6379675487     -1130.6463998496 
        1.8850001000        -1.0800000000         0.4458642882       339.3989745103     -1145.8640206610 
        1.8900000000        -1.0800000000         0.4407663852       333.1599814718     -1153.4728310666 
        1.8950001000        -1.0800000000         0.4484132396       327.4714878191     -1142.0596154581 
        1.9000000000        -1.0800000000         0.4382174337       321.2324947807     -1157.2772362694 
        1.9050000000        -1.0800000000         0.4433153367       316.0945005137     -1149.6684258638 
        1.9100000000        -1.0800000000         0.4484132396       310.5895066563     -1142.0596154581 
        1.9150000000        -1.0800000000         0.4484132396       305.0845127988     -1142.0596154581 
        1.9200000000        -1.0800000000         0.4535111426       299.3960191461     -1134.4508050525 
        1.9250000000        -1.0800000000         0.4484132396       292.7900265172     -1142.0596154581 
        1.9300000000        -1.0800000000         0.4484132396       287.1015328645     -1142.0596154581 
        1.9350000000        -1.0800000000         0.4560600941       282.1470383927     -1130.6463998496 
        1.9400000000        -1.0800000000         0.4560600941       276.2750449448     -1130.6463998496 
        1.9450000000        -1.0800000000         0.4535111426       270.7700510873     -1134.4508050525 
        1.9500000000        -1.0800000000         0.4433153367       264.7145578441     -1149.6684258638 
        1.9550000000        -1.0800000000         0.4433153367       259.3930637819     -1149.6684258638 
        1.9600000000        -1.0800000000         0.4509621911       253.7045701292     -1138.2552102553 
        1.9650000000        -1.0800000000         0.4407663852       247.0985775003     -1153.4728310666 
        1.9700000000        -1.0800000000         0.4484132396       242.5110826191     -1142.0596154581 
        1.9750000000        -1.0800000000         0.4433153367       236.0885897854     -1149.6684258638 
        1.9800000000        -1.0800000000         0.4407663852       230.7670957232     -1153.4728310666 
        1.9850000000        -1.0800000000         0.4433153367       224.8951022752     -1149.6684258638 
        1.9900000000        -1.0800000000         0.4382174337       218.6561092368     -1157.2772362694 
        1.9950000000        -1.0800000000         0.4458642882       213.7016147651     -1145.8640206610 
        2.0000000000        -1.0800000000         0.4382174337       207.6461215219     -1157.2772362694 
        2.0050000000        -1.0800000000         0.4458642882       202.5081272549     -1145.8640206610 
        2.0100000000        -1.0800000000         0.4382174337       196.4526340117     -1157.2772362694 
        2.0150001000        -1.0800000000         0.4458642882       191.3146397447     -1145.8640206610 
        2.0200001000        -1.0800000000         0.4509621911       185.8096458873     -1138.2552102553 
        2.0250089000        -1.0800000000         0.4458642882       179.9376524393     -1145.8640206610 
        2.0300000000        -1.0800000000         0.4356684822       174.0656589914     -1161.0816414723 
        2.0350001000        -1.0800000000         0.4382174337       168.7441649292     -1157.2772362694 
        2.0400000000        -1.0800000000         0.4407663852       163.0556712765     -1153.4728310666 
        2.0450000000        -1.0800000000         0.4535111426       157.7341772143     -1134.4508050525 
        2.0500000000        -1.0800000000         0.4458642882       152.5961829473     -1145.8640206610 
        2.0550000000        -1.0800000000         0.4458642882       147.0911890898     -1145.8640206610 
        2.0600000000        -1.0800000000         0.4458642882       141.2191956419     -1145.8640206610 
        2.0650000000        -1.0800000000         0.4407663852       135.1637023987     -1153.4728310666 
        2.0700000000        -1.0800000000         0.4509621911       130.0257081317     -1138.2552102553 
        2.0750000000        -1.0800000000         0.4356684822       123.4197155028     -1161.0816414723 
        2.0800000000        -1.0800000000         0.4484132396       118.8322206216     -1142.0596154581 
        2.0850000000        -1.0800000000         0.4484132396       113.3272267641     -1142.0596154581 
        2.0900000000        -1.0800000000         0.4356684822       106.7212341352     -1161.0816414723 
        2.0950000000        -1.0800000000         0.4509621911       101.9502394587     -1138.2552102553 
        2.1000000000        -1.0800000000         0.4356684822        95.7112464203     -1161.0816414723 
        2.1050000000        -1.0800000000         0.4535111426        90.9402517438     -1134.4508050525 
        2.1100000000        -1.0800000000         0.4484132396        85.0682582958     -1142.0596154581 
        2.1150000000        -1.0800000000         0.4509621911        80.1137638241     -1138.2552102553 
        2.1200000000        -1.0800000000         0.4484132396        74.4252701714     -1142.0596154581 
        2.1250000000        -1.0800000000         0.4484132396        68.9202763140     -1142.0596154581 
        2.1300000000        -1.0800000000         0.4382174337        62.1307838898     -1157.2772362694 
        2.1350000000        -1.0800000000         0.4356684822        56.9927896228     -1161.0816414723 
        2.1400001000        -1.0800000000         0.4586090456        52.0382951511     -1126.8419946468 
        2.1450009000        -1.0800000000         0.4509621911        45.6158023174     -1138.2552102553 
        2.1500000000        -1.0800000000         0.4484132396        40.2943082552     -1142.0596154581 
        2.1550000000        -1.0800000000         0.4407663852        34.7893143978     -1153.4728310666 
        2.1600001000        -1.0800000000         0.4356684822        27.9998219736     -1161.0816414723 
        2.1650000000        -1.0800000000         0.4458642882        22.3113283209     -1145.8640206610 
        2.1700000000        -1.0800000000         0.4458642882        16.4393348729     -1145.8640206610 
        2.1750000000        -1.0800000000         0.4586090456        10.7508412202     -1126.8419946468 
        2.1800001000        -1.0800000000         0.4484132396         5.7963467485     -1142.0596154581 
        2.1850000000        -1.0800000000         0.4433153367        -0.0756466995     -1149.6684258638 
        2.1900000000        -1.0800000000         0.4407663852         0.6583524815     -1153.4728310666 
        2.1950000000        -1.0800000000         0.4458642882        79.9302640289     -1145.8640206610 
        2.2000000000        -1.0800000000         0.4458642882       359.9509515781     -1145.8640206610 
        2.2050000000        -1.0800000000         0.4458642882       358.8499528066     -1145.8640206610 
        2.2100000000        -1.0800000000         0.4356684822       352.4274599729     -1161.0816414723 
        2.2150000000        -1.0800000000         0.4458642882       346.1884669345     -1145.8640206610 
        2.2200000000        -1.0800000000         0.4433153367       340.6834730770     -1149.6684258638 
        2.2250000000        -1.0800000000         0.4407663852       334.0774804481     -1153.4728310666 
        2.2300000000        -1.0800000000         0.4407663852       328.5724865906     -1153.4728310666 
        2.2350000000        -1.0800000000         0.4509621911       322.8839929379     -1138.2552102553 
        2.2400000000        -1.0800000000         0.4509621911       317.1954992852     -1138.2552102553 
        2.2450000000        -1.0800000000         0.4433153367       311.5070056325     -1149.6684258638 
        2.2500000000        -1.0800000000         0.4356684822       305.2680125941     -1161.0816414723 
        2.2550000000        -1.0800000000         0.4407663852       300.1300183271     -1153.4728310666 
        2.2600000000        -1.0800000000         0.4356684822       293.8910252887     -1161.0816414723 
        2.2650001000        -1.0800000000         0.4509621911       288.9365308169     -1138.2552102553 
        2.2700000000        -1.0800000000         0.4433153367       282.6975377785     -1149.6684258638 
        2.2750000000        -1.0800000000         0.4382174337       276.4585447400     -1157.2772362694 
        2.2800000000        -1.0800000000         0.4509621911       272.0545496541     -1138.2552102553 
        2.2850001000        -1.0800000000         0.4535111426       266.3660560014     -1134.4508050525 
        2.2900000000        -1.0800000000         0.4484132396       260.4940625534     -1142.0596154581 
        2.2950000000        -1.0800000000         0.4407663852       254.4385693102     -1153.4728310666 
        2.3000000000        -1.0800000000         0.4407663852       248.5665758623     -1153.4728310666 
        2.3050001000        -1.0800000000         0.4331195307       242.3275828238     -1164.8860466751 
        2.3100000000        -1.0800000000         0.4331195307       236.8225889664     -1164.8860466751 
        2.3150000000        -1.0800000000         0.4331195307       231.1340953137     -1164.8860466751 
        2.3200000000        -1.0800000000         0.4407663852       225.9961010467     -1153.4728310666 
        2.3250000000        -1.0800000000         0.4407663852       219.7571080083     -1153.4728310666 
        2.3300000000        -1.0800000000         0.4407663852       214.8026135365     -1153.4728310666 
        2.3350000000        -1.0800000000         0.4382174337       208.7471202933     -1157.2772362694 
        2.3400000000        -1.0800000000         0.4535111426       203.9761256169     -1134.4508050525 
        2.3450000000        -1.0800000000         0.4382174337       197.3701329879     -1157.2772362694 
        2.3500000000        -1.0800000000         0.4484132396       192.7826381067     -1142.0596154581 
        2.3550000000        -1.0800000000         0.4433153367       186.7271448635     -1149.6684258638 
        2.3600000000        -1.0800000000         0.4382174337       181.0386512108     -1157.2772362694 
        2.3650000000        -1.0800000000         0.4382174337       175.3501575581     -1157.2772362694 
        2.3700000000        -1.0800000000         0.4484132396       170.2121632912     -1142.0596154581 
        2.3750000000        -1.0800000000         0.4484132396       164.1566700480     -1142.0596154581 
        2.3800000000        -1.0800000000         0.4484132396       159.0186757810     -1142.0596154581 
        2.3850000000        -1.0800000000         0.4535111426       153.3301821283     -1134.4508050525 
        2.3900001000        -1.0800000000         0.4407663852       146.7241894993     -1153.4728310666 
        2.3950000000        -1.0800000000         0.4356684822       141.4026954371     -1161.0816414723 
        2.4000000000        -1.0800000000         0.4356684822       135.7142017844     -1161.0816414723 
        2.4050000000        -1.0800000000         0.4458642882       130.5762075175     -1145.8640206610 
        2.4100001000        -1.0800000000         0.4407663852       124.7042140695     -1153.4728310666 
        2.4150000000        -1.0800000000         0.4407663852       119.3827200073     -1153.4728310666 
        2.4200000000        -1.0800000000         0.4484132396       114.0612259451     -1142.0596154581 
        2.4250049000        -1.0800000000         0.4433153367       108.0057327019     -1149.6684258638 
        2.4300001000        -1.0800000000         0.4509621911       102.6842386397     -1138.2552102553 
        2.4350000000        -1.0800000000         0.4433153367        97.1792447823     -1149.6684258638 
        2.4400000000        -1.0800000000         0.4509621911        91.4907511295     -1138.2552102553 
        2.4450000000        -1.0800000000         0.4560600941        86.5362566578     -1130.6463998496 
        2.4500000000        -1.0800000000         0.4458642882        80.2972636194     -1145.8640206610 
        2.4550034000        -1.0800000000         0.4484132396        74.9757695572     -1142.0596154581 
        2.4600000000        -1.0800000000         0.4535111426        68.7367765187     -1134.4508050525 
        2.4650000000        -1.0800000000         0.4382174337        63.4152824565     -1157.2772362694 
        2.4700000000        -1.0800000000         0.4407663852        58.8277875753     -1153.4728310666 
        2.4750000000        -1.0800000000         0.4407663852        52.0382951511     -1153.4728310666 
        2.4800000000        -1.0800000000         0.4484132396        46.9003008842     -1142.0596154581 
        2.4850000000        -1.0800000000         0.4407663852        40.8448076410     -1153.4728310666 
        2.4900000000        -1.0800000000         0.4484132396        35.7068133740     -1142.0596154581 
        2.4950039000        -1.0800000000         0.4356684822        29.6513201308     -1161.0816414723 
        2.5000000000        -1.0800000000         0.4382174337        23.4123270924     -1157.2772362694 
        2.5050000000        -1.0800000000         0.4535111426        18.8248322111     -1134.4508050525 
        2.5100000000        -1.0800000000         0.4458642882        12.5858391727     -1145.8640206610 
        2.5150001000        -1.0800000000         0.4535111426         6.8973455200     -1134.4508050525 
        2.5200000000        -1.0800000000         0.4433153367         1.0253520720     -1149.6684258638 
        2.5250000000        -1.0800000000         0.4509621911         0.6583524815     -1138.2552102553 
        2.5300000000        -1.0800000000         0.4484132396        79.7467642336     -1142.0596154581 
        2.5350001000        -1.0800000000         0.4356684822       359.9509515781     -1161.0816414723 
        2.5400000000        -1.0800000000         0.4433153367       360.1344513734     -1149.6684258638 
        2.5450000000        -1.0800000000         0.4458642882       354.0789581302     -1145.8640206610 
        2.5500000000        -1.0800000000         0.4509621911       347.8399650917     -1138.2552102553 
        2.5550001000        -1.0800000000         0.4458642882       341.6009720533     -1145.8640206610 
        2.5600000000        -1.0800000000         0.4382174337       335.3619790148     -1157.2772362694 
        2.5650000000        -1.0800000000         0.4458642882       329.8569851574     -1145.8640206610 
        2.5700000000        -1.0800000000         0.4382174337       323.9849917094     -1157.2772362694 
        2.5750000000        -1.0800000000         0.4331195307       317.7459986710     -1164.8860466751 
        2.5800000000        -1.0800000000         0.4433153367       312.9750039945     -1149.6684258638 
        2.5850000000        -1.0800000000         0.4407663852       306.7360109560     -1153.4728310666 
        2.5900000000        -1.0800000000         0.4407663852       301.4145168938     -1153.4728310666 
        2.5950000000        -1.0800000000         0.4382174337       294.9920240601     -1157.2772362694 
        2.6000000000        -1.0800000000         0.4433153367       289.4870302027     -1149.6684258638 
        2.6050000000        -1.0800000000         0.4407663852       283.6150367547     -1153.4728310666 
        2.6100000000        -1.0800000000         0.4331195307       277.3760437163     -1164.8860466751 
        2.6150000000        -1.0800000000         0.4433153367       272.2380494493     -1149.6684258638 
        2.6200000000        -1.0800000000         0.4484132396       267.1000551824     -1142.0596154581 
        2.6250000000        -1.0800000000         0.4484132396       261.0445619392     -1142.0596154581 
        2.6300000000        -1.0800000000         0.4407663852       255.1725684912     -1153.4728310666 
        2.6350000000        -1.0800000000         0.4484132396       249.8510744290     -1142.0596154581 
        2.6400001000        -1.0800000000         0.4382174337       243.6120813906     -1157.2772362694 
        2.6450000000        -1.0800000000         0.4382174337       238.2905873284     -1157.2772362694 
        2.6500000000        -1.0800000000         0.4407663852       232.4185938804     -1153.4728310666 
        2.6550000000        -1.0800000000         0.4356684822       226.7301002277     -1161.0816414723 
        2.6600001000        -1.0800000000         0.4458642882       221.0416065750     -1145.8640206610 
        2.6650000000        -1.0800000000         0.4356684822       214.9861133318     -1161.0816414723 
        2.6700000000        -1.0800000000         0.4484132396       210.5821182458     -1142.0596154581 
        2.6750000000        -1.0800000000         0.4458642882       204.5266250026     -1145.8640206610 
        2.6800001000        -1.0800000000         0.4433153367       198.6546315547     -1149.6684258638 
        2.6850000000        -1.0800000000         0.4458642882       193.1496376972     -1145.8640206610 
        2.6900000000        -1.0800000000         0.4484132396       188.1951432255     -1142.0596154581 
        2.6950001000        -1.0800000000         0.4407663852       181.7726503918     -1153.4728310666 
        2.7000000000        -1.0800000000         0.4407663852       176.0841567391     -1153.4728310666 
        2.7050000000        -1.0800000000         0.4407663852       170.3956630864     -1153.4728310666 
        2.7100000000        -1.0800000000         0.4407663852       164.8906692290     -1153.4728310666 
        2.7150000000        -1.0800000000         0.4484132396       159.7526749620     -1142.0596154581 
        2.7200000000        -1.0800000000         0.4356684822       153.1466823330     -1161.0816414723 
        2.7250000000        -1.0800000000         0.4407663852       148.0086880661     -1153.4728310666 
        2.7300000000        -1.0800000000         0.4458642882       142.6871940039     -1145.8640206610 
        2.7350000000        -1.0800000000         0.4382174337       136.6317007607     -1157.2772362694 
        2.7400000000        -1.0800000000         0.4433153367       131.4937064937     -1149.6684258638 
        2.7450000000        -1.0800000000         0.4407663852       125.4382132505     -1153.4728310666 
        2.7500000000        -1.0800000000         0.4356684822       119.3827200073     -1161.0816414723 
        2.7550000000        -1.0800000000         0.4382174337       114.2447257404     -1157.2772362694 
        2.7600000000        -1.0800000000         0.4331195307       108.0057327019     -1164.8860466751 
        2.7650001000        -1.0800000000         0.4433153367       103.7852374112     -1149.6684258638 
        2.7700000000        -1.0800000000         0.4433153367        97.5462443727     -1149.6684258638 
        2.7750000000        -1.0800000000         0.4484132396        92.2247503105     -1142.0596154581 
        2.7800000000        -1.0800000000         0.4484132396        87.0867560436     -1142.0596154581 
        2.7850001000        -1.0800000000         0.4535111426        81.5817621861     -1134.4508050525 
        2.7900000000        -1.0800000000         0.4484132396        75.5262689429     -1142.0596154581 
        2.7950000000        -1.0800000000         0.4484132396        70.5717744712     -1142.0596154581 
        2.8000000000        -1.0800000000         0.4356684822        64.5162812280     -1161.0816414723 
        2.8050001000        -1.0800000000         0.4382174337        58.6442877801     -1157.2772362694 
        2.8100000000        -1.0800000000         0.4484132396        53.5062935131     -1142.0596154581 
        2.8150000000        -1.0800000000         0.4484132396        47.6343000652     -1142.0596154581 
        2.8200000000        -1.0800000000         0.4356684822        41.2118072315     -1161.0816414723 
        2.8250000000        -1.0800000000         0.4458642882        35.7068133740     -1145.8640206610 
        2.8300000000        -1.0800000000         0.4458642882        30.5688191070     -1145.8640206610 
        2.8350000000        -1.0800000000         0.4458642882        24.3298260686     -1145.8640206610 
        2.8400000000        -1.0800000000         0.4560600941        18.6413324159     -1130.6463998496 
        2.8450000000        -1.0800000000         0.4560600941        12.7693389679     -1130.6463998496 
        2.8500000000        -1.0800000000         0.4433153367         6.8973455200     -1149.6684258638 
        2.8550000000        -1.0800000000         0.4407663852         1.2088518673     -1153.4728310666 
        2.8600000000        -1.0800000000         0.4407663852         0.6583524815     -1153.4728310666 
        2.8650000000        -1.0800000000         0.4280216278        79.0127650526     -1172.4948570808 
        2.8700000000        -1.0800000000         0.4382174337       360.1344513734     -1157.2772362694 
        2.8750000000        -1.0800000000         0.4484132396       360.3179511686     -1142.0596154581 
        2.8800000000        -1.0800000000         0.4356684822       353.5284587444     -1161.0816414723 
        2.8850000000        -1.0800000000         0.4407663852       347.8399650917     -1153.4728310666 
        2.8900001000        -1.0800000000         0.4433153367       341.9679716438     -1149.6684258638 
        2.8950000000        -1.0800000000         0.4407663852       335.9124784006     -1153.4728310666 
        2.9000000000        -1.0800000000         0.4280216278       329.6734853621     -1172.4948570808 
        2.9050000000        -1.0800000000         0.4331195307       324.7189908904     -1164.8860466751 
        2.9100001000        -1.0800000000         0.4331195307       317.9294984662     -1164.8860466751 
        2.9150000000        -1.0800000000         0.4382174337       312.9750039945     -1157.2772362694 
        2.9200000000        -1.0800000000         0.4484132396       307.2865103418     -1142.0596154581 
        2.9250000000        -1.0800000000         0.4484132396       301.7815164843     -1142.0596154581 
        2.9300001000        -1.0800000000         0.4484132396       295.9095230364     -1142.0596154581 
        2.9350000000        -1.0800000000         0.4407663852       289.6705299979     -1153.4728310666 
        2.9400000000        -1.0800000000         0.4433153367       283.7985365500     -1149.6684258638 
        2.9450000000        -1.0800000000         0.4356684822       277.7430433068     -1161.0816414723 
        2.9500000000        -1.0800000000         0.4484132396       272.9720486303     -1142.0596154581 
        2.9550000000        -1.0800000000         0.4407663852       267.1000551824     -1153.4728310666 
        2.9600000000        -1.0800000000         0.4407663852       261.0445619392     -1153.4728310666 
        2.9650000000        -1.0800000000         0.4484132396       256.0900674675     -1142.0596154581 
        2.9700000000        -1.0800000000         0.4458642882       250.0345742243     -1145.8640206610 
        2.9750000000        -1.0800000000         0.4331195307       243.4285815953     -1164.8860466751 
        2.9800000000        -1.0800000000         0.4458642882       238.6575869189     -1145.8640206610 
        2.9850000000        -1.0800000000         0.4484132396       232.7855934709     -1142.0596154581 
        2.9900000000        -1.0800000000         0.4407663852       226.7301002277     -1153.4728310666 
        2.9950000000        -1.0800000000         0.4458642882       221.5921059607     -1145.8640206610 
        3.0000000000        -1.0800000000         0.4382174337       215.1696131270     -1157.2772362694 
        3.0050000000        -1.0800000000         0.4509621911       210.5821182458     -1138.2552102553 
        3.0100000000        -1.0800000000         0.4484132396       205.2606241836     -1142.0596154581 
        3.0150001000        -1.0800000000         0.4484132396       199.5721305309     -1142.0596154581 
        3.0200000000        -1.0800000000         0.4484132396       193.7001370830     -1142.0596154581 
        3.0250000000        -1.0800000000         0.4331195307       187.0941444540     -1164.8860466751 
        3.0300000000        -1.0800000000         0.4382174337       181.9561501871     -1157.2772362694 
        3.0350001000        -1.0800000000         0.4382174337       175.7171571486     -1157.2772362694 
        3.0400000000        -1.0800000000         0.4433153367       170.7626626769     -1149.6684258638 
        3.0450000000        -1.0800000000         0.4382174337       164.5236696385     -1157.2772362694 
        3.0500000000        -1.0800000000         0.4458642882       159.7526749620     -1145.8640206610 
        3.0550001000        -1.0800000000         0.4509621911       154.4311808998     -1138.2552102553 
        3.0600000000        -1.0800000000         0.4407663852       148.1921878613     -1153.4728310666 
        3.0650000000        -1.0800000000         0.4356684822       142.5036942086     -1161.0816414723 
        3.0700000000        -1.0800000000         0.4280216278       136.8152005559     -1172.4948570808 
        3.0750000000        -1.0800000000         0.4407663852       131.3102066985     -1153.4728310666 
        3.0800000000        -1.0800000000         0.4484132396       126.1722124315     -1142.0596154581 
        3.0850015000        -1.0800000000         0.4356684822       119.5662198026     -1161.0816414723 
        3.0900000000        -1.0800000000         0.4433153367       114.4282255356     -1149.6684258638 
        3.0950000000        -1.0800000000         0.4407663852       108.9232316782     -1153.4728310666 
        3.1000000000        -1.0800000000         0.4407663852       103.2347380255     -1153.4728310666 
        3.1050000000        -1.0800000000         0.4458642882        97.3627445775     -1145.8640206610 
        3.1100000000        -1.0800000000         0.4535111426        92.7752496963     -1134.4508050525 
        3.1150000000        -1.0800000000         0.4356684822        86.5362566578     -1161.0816414723 
        3.1200000000        -1.0800000000         0.4433153367        81.2147625956     -1149.6684258638 
        3.1250000000        -1.0800000000         0.4382174337        75.5262689429     -1157.2772362694 
        3.1300000000        -1.0800000000         0.4407663852        70.0212750855     -1153.4728310666 
        3.1350000000        -1.0800000000         0.4356684822        63.7822820470     -1161.0816414723 
        3.1400001000        -1.0800000000         0.4382174337        59.0112873706     -1157.2772362694 
        3.1450000000        -1.0800000000         0.4458642882        53.3227937179     -1145.8640206610 
        3.1500000000        -1.0800000000         0.4382174337        47.2673004747     -1157.2772362694 
        3.1550000000        -1.0800000000         0.4458642882        41.7623066172     -1145.8640206610 
        3.1600001000        -1.0800000000         0.4433153367        35.8903131692     -1149.6684258638 
        3.1650000000        -1.0800000000         0.4331195307        30.0183197213     -1164.8860466751 
        3.1700000000        -1.0800000000         0.4458642882        24.6968256591     -1145.8640206610 
        3.1750000000        -1.0800000000         0.4458642882        18.8248322111     -1145.8640206610 
        3.1800001000        -1.0800000000         0.4535111426        13.5033381489     -1134.4508050525 
        3.1850000000        -1.0800000000         0.4458642882         7.0808453152     -1145.8640206610 
        3.1900058000        -1.0800000000         0.4356684822         1.0253520720     -1161.0816414723 
        3.1950000000        -1.0800000000         0.4203747733        -0.4426462900     -1183.9080726893 
        3.2000031000        -1.0800000000         0.4331195307        79.9302640289     -1164.8860466751 
        3.2050000000        -1.0800000000         0.4382174337       359.9509515781     -1157.2772362694 
        3.2100000000        -1.0800000000         0.4535111426       359.7674517829     -1134.4508050525 
        3.2150000000        -1.0800000000         0.4484132396       354.2624579254     -1142.0596154581 
        3.2200000000        -1.0800000000         0.4382174337       347.6564652965     -1157.2772362694 
        3.2250000000        -1.0800000000         0.4407663852       342.1514714390     -1153.4728310666 
        3.2300000000        -1.0800000000         0.4331195307       336.4629777863     -1164.8860466751 
        3.2350000000        -1.0800000000         0.4356684822       330.2239847479     -1161.0816414723 
        3.2400000000        -1.0800000000         0.4382174337       324.3519912999     -1157.2772362694 
        3.2450000000        -1.0800000000         0.4382174337       318.6634976472     -1157.2772362694 
        3.2500006000        -1.0800000000         0.4356684822       312.4245046088     -1161.0816414723 
        3.2550000000        -1.0800000000         0.4407663852       307.1030105465     -1153.4728310666 
        3.2600000000        -1.0800000000         0.4382174337       301.5980166891     -1157.2772362694 
        3.2650001000        -1.0800000000         0.4382174337       296.2765226269     -1157.2772362694 
        3.2700000000        -1.0800000000         0.4407663852       290.2210293837     -1153.4728310666 
        3.2750000000        -1.0800000000         0.4407663852       283.9820363452     -1153.4728310666 
        3.2800000000        -1.0800000000         0.4509621911       278.8440420783     -1138.2552102553 
        3.2850001000        -1.0800000000         0.4407663852       272.7885488351     -1153.4728310666 
        3.2900000000        -1.0800000000         0.4407663852       267.1000551824     -1153.4728310666 
        3.2950000000        -1.0800000000         0.4382174337       261.2280617344     -1157.2772362694 
        3.3000000000        -1.0800000000         0.4356684822       255.1725684912     -1161.0816414723 
        3.3050001000        -1.0800000000         0.4356684822       249.3005750433     -1161.0816414723 
        3.3100000000        -1.0800000000         0.4356684822       243.9790809811     -1161.0816414723 
        3.3150000000        -1.0800000000         0.4458642882       238.2905873284     -1145.8640206610 
        3.3200000000        -1.0800000000         0.4407663852       232.7855934709     -1153.4728310666 
        3.3250000000        -1.0800000000         0.4382174337       227.2805996134     -1157.2772362694 
        3.3300000000        -1.0800000000         0.4356684822       220.8581067797     -1161.0816414723 
        3.3350000000        -1.0800000000         0.4382174337       216.0871121033     -1157.2772362694 
        3.3400000000        -1.0800000000         0.4305705792       209.8481190648     -1168.6904518779 
        3.3450000000        -1.0800000000         0.4382174337       204.7101247979     -1157.2772362694 
        3.3500000000        -1.0800000000         0.4382174337       199.0216311452     -1157.2772362694 
        3.3550000000        -1.0800000000         0.4331195307       192.9661379020     -1164.8860466751 
        3.3600000000        -1.0800000000         0.4484132396       188.3786430208     -1142.0596154581 
        3.3650000000        -1.0800000000         0.4484132396       182.5066495728     -1142.0596154581 
        3.3700000000        -1.0800000000         0.4356684822       176.0841567391     -1161.0816414723 
        3.3750000000        -1.0800000000         0.4382174337       170.9461624722     -1157.2772362694 
        3.3800000000        -1.0800000000         0.4484132396       165.8081682052     -1142.0596154581 
        3.3850000000        -1.0800000000         0.4484132396       160.1196745525     -1142.0596154581 
        3.3900001000        -1.0800000000         0.4484132396       154.6146806950     -1142.0596154581 
        3.3950000000        -1.0800000000         0.4458642882       148.7426872471     -1145.8640206610 
        3.4000000000        -1.0800000000         0.4331195307       142.1366946181     -1164.8860466751 
        3.4050000000        -1.0800000000         0.4382174337       136.9987003512     -1157.2772362694 
        3.4100001000        -1.0800000000         0.4382174337       131.3102066985     -1157.2772362694 
        3.4150000000        -1.0800000000         0.4382174337       125.6217130458     -1157.2772362694 
        3.4200031000        -1.0800000000         0.4407663852       120.3002189836     -1153.4728310666 
        3.4250000000        -1.0800000000         0.4458642882       114.9787249214     -1145.8640206610 
        3.4300001000        -1.0800000000         0.4356684822       109.4737310639     -1161.0816414723 
        3.4350034000        -1.0800000000         0.4305705792       102.8677384350     -1168.6904518779 
        3.4400000000        -1.0800000000         0.4484132396        98.0967437585     -1142.0596154581 
        3.4450000000        -1.0800000000         0.4407663852        92.2247503105     -1153.4728310666 
        3.4500000000        -1.0800000000         0.4458642882        86.9032562483     -1145.8640206610 
        3.4550000000        -1.0800000000         0.4458642882        81.3982623909     -1145.8640206610 
        3.4600000000        -1.0800000000         0.4458642882        76.2602681239     -1145.8640206610 
        3.4650000000        -1.0800000000         0.4484132396        70.3882746760     -1142.0596154581 
        3.4700000000        -1.0800000000         0.4356684822        63.9657818423     -1161.0816414723 
        3.4750000000        -1.0800000000         0.4458642882        58.8277875753     -1145.8640206610 
        3.4800000000        -1.0800000000         0.4407663852        53.3227937179     -1153.4728310666 
        3.4850000000        -1.0800000000         0.4433153367        47.4508002699     -1149.6684258638 
        3.4900000000        -1.0800000000         0.4484132396        42.3128060029     -1142.0596154581 
        3.4950000000        -1.0800000000         0.4407663852        35.8903131692     -1153.4728310666 
        3.5000000000        -1.0800000000         0.4535111426        30.7523189023     -1134.4508050525 
        3.5050000000        -1.0800000000         0.4458642882        24.5133258638     -1145.8640206610 
        3.5100000000        -1.0800000000         0.4382174337        19.1918318016     -1157.2772362694 
        3.5150001000        -1.0800000000         0.4382174337        12.7693389679     -1157.2772362694 
        3.5200000000        -1.0800000000         0.4458642882         6.7138457247     -1145.8640206610 
        3.5250000000        -1.0800000000         0.4484132396         0.6583524815     -1142.0596154581 
        3.5300000000        -1.0800000000         0.4407663852         0.1078530958     -1153.4728310666 
        3.5350001000        -1.0800000000         0.4280216278        79.5632644384     -1172.4948570808 
        3.5400000000        -1.0800000000         0.4280216278       359.4004521924     -1172.4948570808 
        3.5450000000        -1.0800000000         0.4356684822       359.4004521924     -1161.0816414723 
        3.5500000000        -1.0800000000         0.4331195307       353.3449589492     -1164.8860466751 
        3.5550001000        -1.0800000000         0.4356684822       347.4729655012     -1161.0816414723 
        3.5600000000        -1.0800000000         0.4280216278       341.6009720533     -1172.4948570808 
        3.5650000000        -1.0800000000         0.4356684822       336.0959781958     -1161.0816414723 
        3.5700000000        -1.0800000000         0.4433153367       330.0404849526     -1149.6684258638 
        3.5750000000        -1.0800000000         0.4509621911       324.7189908904     -1138.2552102553 
        3.5800000000        -1.0800000000         0.4407663852       318.2964980567     -1153.4728310666 
        3.5850000000        -1.0800000000         0.4407663852       312.9750039945     -1153.4728310666 
        3.5900000000        -1.0800000000         0.4382174337       306.9195107513     -1157.2772362694 
        3.5950033000        -1.0800000000         0.4382174337       301.2310170986     -1157.2772362694 
        3.6000000000        -1.0800000000         0.4356684822       295.1755238554     -1161.0816414723 
        3.6050000000        -1.0800000000         0.4305705792       289.6705299979     -1168.6904518779 
        3.6100000000        -1.0800000000         0.4305705792       283.2480371642     -1168.6904518779 
        3.6150000000        -1.0800000000         0.4356684822       277.9265431020     -1161.0816414723 
        3.6200000000        -1.0800000000         0.4382174337       272.2380494493     -1157.2772362694 
        3.6250000000        -1.0800000000         0.4331195307       266.1825562061     -1164.8860466751 
        3.6300000000        -1.0800000000         0.4484132396       261.2280617344     -1142.0596154581 
        3.6350000000        -1.0800000000         0.4433153367       254.8055689007     -1149.6684258638 
        3.6400047000        -1.0800000000         0.4356684822       249.3005750433     -1161.0816414723 
        3.6450000000        -1.0800000000         0.4458642882       243.7955811858     -1145.8640206610 
        3.6500000000        -1.0800000000         0.4407663852       238.4740871236     -1153.4728310666 
        3.6550000000        -1.0800000000         0.4382174337       232.4185938804     -1157.2772362694 
        3.6600001000        -1.0800000000         0.4331195307       226.5466004324     -1164.8860466751 
        3.6650000000        -1.0800000000         0.4280216278       220.4911071892     -1172.4948570808 
        3.6700000000        -1.0800000000         0.4382174337       215.1696131270     -1157.2772362694 
        3.6750000000        -1.0800000000         0.4331195307       209.1141198838     -1164.8860466751 
        3.6800001000        -1.0800000000         0.4382174337       203.9761256169     -1157.2772362694 
        3.6850000000        -1.0800000000         0.4356684822       197.9206323737     -1161.0816414723 
        3.6900000000        -1.0800000000         0.4407663852       192.2321387210     -1153.4728310666 
        3.6950000000        -1.0800000000         0.4484132396       187.6446438398     -1142.0596154581 
        3.7000000000        -1.0800000000         0.4433153367       181.7726503918     -1149.6684258638 
        3.7050042000        -1.0800000000         0.4382174337       175.7171571486     -1157.2772362694 
        3.7100000000        -1.0800000000         0.4356684822       170.2121632912     -1161.0816414723 
        3.7150000000        -1.0800000000         0.4484132396       164.8906692290     -1142.0596154581 
        3.7200000000        -1.0800000000         0.4407663852       158.8351759858     -1153.4728310666 
        3.7250000000        -1.0800000000         0.4407663852       153.1466823330     -1153.4728310666 
        3.7300000000        -1.0800000000         0.4356684822       147.0911890898     -1161.0816414723 
        3.7350000000        -1.0800000000         0.4280216278       141.4026954371     -1172.4948570808 
        3.7400000000        -1.0800000000         0.4305705792       135.5307019892     -1168.6904518779 
        3.7450000000        -1.0800000000         0.4382174337       130.9432071080     -1157.2772362694 
        3.7500000000        -1.0800000000         0.4407663852       125.2547134553     -1153.4728310666 
        3.7550000000        -1.0800000000         0.4356684822       119.3827200073     -1161.0816414723 
        3.7600000000        -1.0800000000         0.4356684822       113.1437269689     -1161.0816414723 
        3.7650001000        -1.0800000000         0.4458642882       108.0057327019     -1145.8640206610 
        3.7700000000        -1.0800000000         0.4407663852       102.3172390492     -1153.4728310666 
        3.7750000000        -1.0800000000         0.4484132396        97.1792447823     -1142.0596154581 
        3.7800000000        -1.0800000000         0.4356684822        90.9402517438     -1161.0816414723 
        3.7850001000        -1.0800000000         0.4382174337        85.8022574768     -1157.2772362694 
        3.7900000000        -1.0800000000         0.4356684822        79.9302640289     -1161.0816414723 
        3.7950000000        -1.0800000000         0.4382174337        74.7922697619     -1157.2772362694 
        3.8000037000        -1.0800000000         0.4382174337        68.9202763140     -1157.2772362694 
        3.8050001000        -1.0800000000         0.4458642882        63.7822820470     -1145.8640206610 
        3.8100000000        -1.0800000000         0.4382174337        57.9102885991     -1157.2772362694 
        3.8150000000        -1.0800000000         0.4407663852        52.0382951511     -1153.4728310666 
        3.8200000000        -1.0800000000         0.4382174337        46.3498014984     -1157.2772362694 
        3.8250000000        -1.0800000000         0.4280216278        40.4778080505     -1172.4948570808 
        3.8300000000        -1.0800000000         0.4356684822        34.9728141930     -1161.0816414723 
        3.8350000000        -1.0800000000         0.4356684822        29.1008207451     -1161.0816414723 
        3.8400000000        -1.0800000000         0.4484132396        23.4123270924     -1142.0596154581 
        3.8450000000        -1.0800000000         0.4509621911        17.5403336444     -1138.2552102553 
        3.8500000000        -1.0800000000         0.4484132396        11.6683401964     -1142.0596154581 
        3.8550000000        -1.0800000000         0.4356684822         5.6128469532     -1161.0816414723 
        3.8600000000        -1.0800000000         0.4433153367         0.8418522768     -1149.6684258638 
        3.8650000000        -1.0800000000         0.4254726763        -0.4426462900     -1176.2992622836 
        3.8700000000        -1.0800000000         0.4407663852        79.7467642336     -1153.4728310666 
        3.8750000000        -1.0800000000         0.4382174337       360.1344513734     -1157.2772362694 
        3.8800000000        -1.0800000000         0.4382174337       358.6664530114     -1157.2772362694 
        3.8850000000        -1.0800000000         0.4356684822       352.7944595634     -1161.0816414723 
        3.8900001000        -1.0800000000         0.4356684822       346.9224661155     -1161.0816414723 
        3.8950000000        -1.0800000000         0.4356684822       340.8669728723     -1161.0816414723 
        3.9000000000        -1.0800000000         0.4407663852       335.1784792196     -1153.4728310666 
        3.9050038000        -1.0800000000         0.4382174337       328.7559863859     -1157.2772362694 
        3.9100001000        -1.0800000000         0.4407663852       322.8839929379     -1153.4728310666 
        3.9150000000        -1.0800000000         0.4356684822       317.0119994900     -1161.0816414723 
        3.9200000000        -1.0800000000         0.4382174337       311.3235058373     -1157.2772362694 
        3.9250000000        -1.0800000000         0.4458642882       306.0020117751     -1145.8640206610 
        3.9300001000        -1.0800000000         0.4407663852       299.9465185319     -1153.4728310666 
        3.9350000000        -1.0800000000         0.4356684822       294.0745250839     -1161.0816414723 
        3.9400000000        -1.0800000000         0.4356684822       288.2025316359     -1161.0816414723 
        3.9450000000        -1.0800000000         0.4458642882       282.8810375737     -1145.8640206610 
        3.9500000000        -1.0800000000         0.4356684822       276.4585447400     -1161.0816414723 
        3.9550024000        -1.0800000000         0.4484132396       271.5040502683     -1142.0596154581 
        3.9600000000        -1.0800000000         0.4407663852       265.2650572299     -1153.4728310666 
        3.9650000000        -1.0800000000         0.4356684822       259.2095639867     -1161.0816414723 
        3.9700001000        -1.0800000000         0.4382174337       254.0715697197     -1157.2772362694 
        3.9750000000        -1.0800000000         0.4356684822       248.1995762718     -1161.0816414723 
        3.9800000000        -1.0800000000         0.4356684822       242.5110826191     -1161.0816414723 
        3.9850000000        -1.0800000000         0.4407663852       237.3730883521     -1153.4728310666 
        3.9900000000        -1.0800000000         0.4305705792       230.4000961327     -1168.6904518779 
        3.9950000000        -1.0800000000         0.4407663852       225.8126012515     -1153.4728310666 
