           Time[sec]           V_{cmd}[V]          V_{gyro}[V] \omega_{gyro}[rad/s]          \theta[rad] 
        0.0000000000         0.5000000000         1.2080007824        -0.1582961621         0.4312730363 
        0.0050000000         0.5000000000         1.2181965884         0.1073014253         0.4408810631 
        0.0100000000         0.5000000000         1.2054518309        -0.2246955590         0.4312730363 
        0.0150000000         0.5000000000         1.2130986854        -0.0254973684         0.4376783875 
        0.0200000000         0.5000000000         1.2513329577         0.9704935846         0.4472864143 
        0.0250000000         0.5000000000         1.4042700468         4.9544573968         0.4504890899 
        0.0300000000         0.5000000000         1.3303504538         3.0288748876         0.4729078192 
        0.0350015000         0.5000000000         1.3303504538         3.0288748876         0.4889211972 
        0.0400000000         0.5000000000         1.4221127072         5.4192531749         0.5177452776 
        0.0450000000         0.5000000000         1.3864273864         4.4896616187         0.5305559800 
        0.0500000000         0.5000000000         1.4093679498         5.0872561905         0.5593800605 
        0.0550000000         0.5000000000         1.3966231924         4.7552592062         0.5785961141 
        0.0600000000         0.5000000000         1.4195637558         5.3528537780         0.5946094921 
        0.0650000000         0.5000000000         1.4068189983         5.0208567937         0.6202308969 
        0.0700000000         0.5000000000         1.4374064162         5.8176495561         0.6618656798 
        0.0750000000         0.5000000000         1.4246616587         5.4856525718         0.6810817334 
        0.0800000000         0.5000000000         1.4450532706         6.0168477467         0.7195138406 
        0.0850000000         0.5000000000         1.4374064162         5.8176495561         0.7291218675 
        0.0900000000         0.5000000000         1.4527001251         6.2160459373         0.7803646771 
        0.0950000000         0.5000000000         1.4501511736         6.1496465405         0.8059860819 
        0.1000000000         0.5000000000         1.4577980281         6.3488447311         0.8412155136 
        0.1050000000         0.5000000000         1.4603469795         6.4152441279         0.8636342428 
        0.1100000000         0.5000000000         1.4501511736         6.1496465405         0.8796476208 
        0.1150000000         0.5000000000         1.4781896399         6.8800399060         0.9308904305 
        0.1200000000         0.5000000000         1.4654448825         6.5480429217         0.9469038085 
        0.1250000000         0.5000000000         1.4756406885         6.8136405091         0.9885385914 
        0.1300000000         0.5000000000         1.4756406885         6.8136405091         1.0205653474 
        0.1350000000         0.5000000000         1.4883854459         7.1456374935         1.0589974547 
        0.1400000000         0.5000000000         1.4934833489         7.2784362872         1.0910242107 
        0.1450000000         0.5000000000         1.4756406885         6.8136405091         1.1230509667 
        0.1500000000         0.5000000000         1.4960323003         7.3448356841         1.1710911008 
        0.1550000000         0.5000000000         1.5011302033         7.4776344778         1.1967125056 
        0.1600000000         0.5000000000         1.4883854459         7.1456374935         1.2383472885 
        0.1650000000         0.5000000000         1.4883854459         7.1456374935         1.2575633421 
        0.1700000000         0.5000000000         1.5011302033         7.4776344778         1.2927927737 
        0.1750000000         0.5000000000         1.4832875429         7.0128386998         1.3280222054 
        0.1800001000         0.5000000000         1.5138749607         7.8096314622         1.3664543126 
        0.1850000000         0.5000000000         1.5087770578         7.6768326684         1.4176971223 
        0.1900000000         0.5000000000         1.4858364944         7.0792380966         1.4529265539 
        0.1950000000         0.5000000000         1.5291686697         8.2080278434         1.5009666880 
        0.2000000000         0.5000000000         1.4934833489         7.2784362872         1.5329934440 
        0.2050000000         0.5000000000         1.5189728637         7.9424302559         1.5682228757 
        0.2100001000         0.5000000000         1.5113260093         7.7432320653         1.5970469561 
        0.2150000000         0.5000000000         1.5189728637         7.9424302559         1.6354790633 
        0.2200000000         0.5000000000         1.5087770578         7.6768326684         1.6707084950 
        0.2250000000         0.5000000000         1.5266197182         8.1416284465         1.7155459534 
        0.2300000000         0.5000000000         1.5164239122         7.8760308591         1.7507753851 
        0.2350000000         0.5000000000         1.5215218152         8.0088296528         1.7795994655 
        0.2400001000         0.5000000000         1.4985812518         7.4112350810         1.8148288972 
        0.2450000000         0.5000000000         1.5164239122         7.8760308591         1.8692743824 
        0.2500000000         0.5000000000         1.5317176211         8.2744272403         1.9013011385 
        0.2550000000         0.5000000000         1.5266197182         8.1416284465         1.9461385969 
        0.2600000000         0.5000000000         1.5164239122         7.8760308591         1.9813680286 
        0.2650000000         0.5000000000         1.5317176211         8.2744272403         2.0230028114 
        0.2700000000         0.5000000000         1.5164239122         7.8760308591         2.0550295674 
        0.2750000000         0.5000000000         1.5240707667         8.0752290497         2.0966643503 
        0.2800000000         0.5000000000         1.5215218152         8.0088296528         2.1575151868 
        0.2850000000         0.5000000000         1.5317176211         8.2744272403         2.1831365916 
        0.2900022000         0.5000000000         1.5317176211         8.2744272403         2.2247713744 
        0.2950000000         0.5000000000         1.5342665726         8.3408266371         2.2664061573 
        0.3000000000         0.5000000000         1.5317176211         8.2744272403         2.3112436157 
        0.3050000000         0.5000000000         1.5419134271         8.5400248278         2.3400676962 
        0.3100000000         0.5000000000         1.5419134271         8.5400248278         2.3977158570 
        0.3150000000         0.5000000000         1.5342665726         8.3408266371         2.4265399375 
        0.3200000000         0.5000000000         1.5368155241         8.4072260340         2.4681747203 
        0.3250028000         0.5000000000         1.5495602815         8.7392230184         2.5162148544 
        0.3300000000         0.5000000000         1.5317176211         8.2744272403         2.5546469616 
        0.3351334000         0.5000000000         1.5368155241         8.4072260340         2.6090924469 
        0.3439584000         0.5000000000         1.5495602815         8.7392230184         2.6731459590 
        0.3455663000         0.5000000000         1.5495602815         8.7392230184         2.6923620126 
        0.3500001000         0.5000000000         1.5393644756         8.4736254309         2.7275914442 
        0.3550001000         0.5000000000         1.5317176211         8.2744272403         2.7628208759 
        0.3600000000         0.5000000000         1.5419134271         8.5400248278         2.8108610099 
        0.3650000000         0.5000000000         1.5470113301         8.6728236215         2.8492931172 
        0.3700000000         0.5000000000         1.5342665726         8.3408266371         2.9037386025 
        0.3750000000         0.5000000000         1.5444623786         8.6064242246         2.9517787365 
        0.3800000000         0.5000000000         1.5495602815         8.7392230184         2.9902108438 
        0.3850000000         0.5000000000         1.5419134271         8.5400248278         3.0318456266 
        0.3900000000         0.5000000000         1.5572071360         8.9384212090         3.0734804095 
        0.3950000000         0.5000000000         1.5393644756         8.4736254309         3.1151151923 
        0.4000000000         0.5000000000         1.5521092330         8.8056224152         3.1407365971 
        0.4050000000         0.5000000000         1.5597560875         9.0048206058         3.1503446239 
        0.4100000000         0.5000000000         1.5495602815         8.7392230184         3.1311285703 
        0.4150001000         0.5000000000         1.5393644756         8.4736254309        -1.7369383475 
        0.4200001000         0.5000000000         1.5699518934         9.2704181933        -1.7337356719 
        0.4250000000         0.5000000000         1.5470113301         8.6728236215        -3.1461156132 
        0.4300000000         0.5000000000         1.5648539905         9.1376193996        -3.1461156132 
        0.4350000000         0.5000000000         1.5495602815         8.7392230184        -3.1333049108 
        0.4400000000         0.5000000000         1.5750497964         9.4032169871        -3.1301022351 
        0.4450000000         0.5000000000         1.5674029419         9.2040187964        -3.0948728035 
        0.4500000000         0.5000000000         1.5495602815         8.7392230184        -3.0596433719 
        0.4550000000         0.5000000000         1.5674029419         9.2040187964        -3.0084005622 
        0.4600000000         0.5000000000         1.5521092330         8.8056224152        -2.9763738062 
        0.4650000000         0.5000000000         1.5674029419         9.2040187964        -2.9283336721 
        0.4700000000         0.5000000000         1.5521092330         8.8056224152        -2.8770908624 
        0.4750001000         0.5000000000         1.5674029419         9.2040187964        -2.8386587552 
        0.4800001000         0.5000000000         1.5470113301         8.6728236215        -2.7938212967 
        0.4850000000         0.5000000000         1.5801476994         9.5360157808        -2.7425784871 
        0.4900000000         0.5000000000         1.5572071360         8.9384212090        -2.6913356774 
        0.4950000000         0.5000000000         1.5725008449         9.3368175902        -2.6432955434 
        0.5000000000         0.5000000000         1.5597560875         9.0048206058        -2.6080661117 
        0.5050000000         0.5000000000         1.5623050390         9.0712200027        -2.5664313289 
        0.5100000000         0.5000000000         1.5699518934         9.2704181933        -2.5151885192 
        0.5150000000         0.5000000000         1.5546581845         8.8720218121        -2.4767564120 
        0.5200000000         0.5000000000         1.5699518934         9.2704181933        -2.4351216291 
        0.5250000000         0.5000000000         1.5572071360         8.9384212090        -2.3870814951 
        0.5300000000         0.5000000000         1.5648539905         9.1376193996        -2.3358386854 
        0.5350133000         0.5000000000         1.5801476994         9.5360157808        -2.2717851733 
        0.5426142000         0.5000000000         1.5597560875         9.0048206058        -2.2301503905 
        0.5450000000         0.5000000000         1.5775987479         9.4696163839        -2.1981236344 
        0.5500000000         0.5000000000         1.5623050390         9.0712200027        -2.1596915272 
        0.5550000000         0.5000000000         1.5674029419         9.2040187964        -2.1116513931 
        0.5600000000         0.5000000000         1.5750497964         9.4032169871        -2.0636112591 
        0.5650000000         0.5000000000         1.5521092330         8.8056224152        -2.0283818274 
        0.5700001000         0.5000000000         1.5928924568         9.8680127651        -1.9675309910 
        0.5750001000         0.5000000000         1.5801476994         9.5360157808        -1.9355042349 
        0.5800001000         0.5000000000         1.5674029419         9.2040187964        -1.8906667765 
        0.5850000000         0.5000000000         1.5801476994         9.5360157808        -1.8426266424 
        0.5900000000         0.5000000000         1.5801476994         9.5360157808        -1.7977891840 
        0.5950000000         0.5000000000         1.5775987479         9.4696163839        -1.7465463743 
        0.6000000000         0.5000000000         1.5877945538         9.7352139714        -1.6921008890 
        0.6050000000         0.5000000000         1.5623050390         9.0712200027        -1.6568714574 
        0.6100000000         0.5000000000         1.5903435053         9.8016133683        -1.6088313233 
        0.6150000000         0.5000000000         1.5801476994         9.5360157808        -1.5575885137 
        0.6200000000         0.5000000000         1.5852456023         9.6688145745        -1.5159537308 
        0.6250000000         0.5000000000         1.5775987479         9.4696163839        -1.4807242992 
        0.6300000000         0.5000000000         1.5877945538         9.7352139714        -1.4198734627 
        0.6350000000         0.5000000000         1.5852456023         9.6688145745        -1.3846440311 
        0.6400000000         0.5000000000         1.5775987479         9.4696163839        -1.3366038970 
        0.6450000000         0.5000000000         1.5750497964         9.4032169871        -1.2885637630 
        0.6500000000         0.5000000000         1.5954414083         9.9344121620        -1.2373209533 
        0.6550000000         0.5000000000         1.5954414083         9.9344121620        -1.1828754680 
        0.6600000000         0.5000000000         1.5775987479         9.4696163839        -1.1412406852 
        0.6650018000         0.5000000000         1.5877945538         9.7352139714        -1.0964032267 
        0.6700000000         0.5000000000         1.5979903598        10.0008115589        -1.0419577415 
        0.6750000000         0.5000000000         1.5801476994         9.5360157808        -1.0035256342 
        0.6800000000         0.5000000000         1.5826966509         9.6024151777        -0.9522828245 
        0.6850000000         0.5000000000         1.6005393113        10.0672109557        -0.9042426905 
        0.6900000000         0.5000000000         1.5852456023         9.6688145745        -0.8529998808 
        0.6950001000         0.5000000000         1.5903435053         9.8016133683        -0.8113650980 
        0.7000001000         0.5000000000         1.5852456023         9.6688145745        -0.7633249639 
        0.7050001000         0.5000000000         1.5648539905         9.1376193996        -0.7312982079 
        0.7100000000         0.5000000000         1.5928924568         9.8680127651        -0.6736500470 
        0.7150000000         0.5000000000         1.5801476994         9.5360157808        -0.6352179398 
        0.7200000000         0.5000000000         1.5903435053         9.8016133683        -0.5807724545 
        0.7250000000         0.5000000000         1.5954414083         9.9344121620        -0.5359349961 
        0.7300000000         0.5000000000         1.5775987479         9.4696163839        -0.5071109156 
        0.7350000000         0.5000000000         1.5801476994         9.5360157808        -0.4558681060 
        0.7400000000         0.5000000000         1.5801476994         9.5360157808        -0.4014226207 
        0.7450003000         0.5000000000         1.5903435053         9.8016133683        -0.3661931891 
        0.7500000000         0.5000000000         1.5826966509         9.6024151777        -0.3085450282 
        0.7550000000         0.5000000000         1.5826966509         9.6024151777        -0.2637075697 
        0.7600000000         0.5000000000         1.5750497964         9.4032169871        -0.2188701113 
        0.7650000000         0.5000000000         1.5852456023         9.6688145745        -0.1708299772 
        0.7700000000         0.5000000000         1.5699518934         9.2704181933        -0.1356005456 
        0.7750000000         0.5000000000         1.5775987479         9.4696163839        -0.0843577359 
        0.7800000000         0.5000000000         1.5877945538         9.7352139714        -0.0299122506 
        0.7850000000         0.5000000000         1.5877945538         9.7352139714         0.0085198566 
        0.7900000000         0.5000000000         1.5597560875         9.0048206058         0.0565599907 
        0.7950000000         0.5000000000         1.5852456023         9.6688145745         0.0949920979 
        0.8000000000         0.5000000000         1.5674029419         9.2040187964         0.1398295564 
        0.8050000000         0.5000000000         1.5801476994         9.5360157808         0.1846670148 
        0.8100000000         0.5000000000         1.5699518934         9.2704181933         0.2295044733 
        0.8150000000         0.5000000000         1.5750497964         9.4032169871         0.2775446073 
        0.8200001000         0.5000000000         1.5750497964         9.4032169871         0.3127740390 
        0.8250001000         0.5000000000         1.5674029419         9.2040187964         0.3768275510 
        0.8300001000         0.5000000000         1.5648539905         9.1376193996         0.4152596583 
        0.8350001000         0.5000000000         1.5674029419         9.2040187964         0.4568944411 
        0.8400000000         0.5000000000         1.5775987479         9.4696163839         0.5017318996 
        0.8450000000         0.5000000000         1.5852456023         9.6688145745         0.5561773849 
        0.8500000000         0.5000000000         1.5725008449         9.3368175902         0.6010148433 
        0.8550000000         0.5000000000         1.5750497964         9.4032169871         0.6362442749 
        0.8600000000         0.5000000000         1.5775987479         9.4696163839         0.6842844090 
        0.8650000000         0.5000000000         1.5521092330         8.8056224152         0.7227165162 
        0.8700000000         0.5000000000         1.5852456023         9.6688145745         0.7835673527 
        0.8750000000         0.5000000000         1.5623050390         9.0712200027         0.8187967844 
        0.8800000000         0.5000000000         1.5699518934         9.2704181933         0.8636342428 
        0.8850026000         0.5000000000         1.5674029419         9.2040187964         0.9020663501 
        0.8900000000         0.5000000000         1.5597560875         9.0048206058         0.9437011329 
        0.8950000000         0.5000000000         1.5775987479         9.4696163839         1.0013492938 
        0.9000000000         0.5000000000         1.5750497964         9.4032169871         1.0429840766 
        0.9050000000         0.5000000000         1.5470113301         8.6728236215         1.0846188595 
        0.9100000000         0.5000000000         1.5801476994         9.5360157808         1.1422670204 
        0.9150000000         0.5000000000         1.5623050390         9.0712200027         1.1678884252 
        0.9200000000         0.5000000000         1.5674029419         9.2040187964         1.2191312348 
        0.9250000000         0.5000000000         1.5699518934         9.2704181933         1.2671713689 
        0.9300000000         0.5000000000         1.5699518934         9.2704181933         1.3152115030 
        0.9350000000         0.5000000000         1.5750497964         9.4032169871         1.3536436102 
        0.9400000000         0.5000000000         1.5699518934         9.2704181933         1.4112917711 
        0.9450001000         0.5000000000         1.5546581845         8.8720218121         1.4369131759 
        0.9500001000         0.5000000000         1.5801476994         9.5360157808         1.4913586612 
        0.9550001000         0.5000000000         1.5521092330         8.8056224152         1.5329934440 
        0.9600001000         0.5000000000         1.5750497964         9.4032169871         1.5810335781 
        0.9650000000         0.5000000000         1.5597560875         9.0048206058         1.6226683609 
        0.9700000000         0.5000000000         1.5699518934         9.2704181933         1.6643031438 
        0.9750000000         0.5000000000         1.5750497964         9.4032169871         1.7187486290 
        0.9800000000         0.5000000000         1.5674029419         9.2040187964         1.7635860875 
        0.9850000000         0.5000000000         1.5623050390         9.0712200027         1.8052208703 
        0.9900000000         0.5000000000         1.5877945538         9.7352139714         1.8500583288 
        0.9950053000         0.5000000000         1.5572071360         8.9384212090         1.8788824092 
        1.0000000000         0.5000000000         1.5623050390         9.0712200027         1.9237198677 
        1.0050000000         0.5000000000         1.5393644756         8.4736254309         1.9685573261 
        1.0100001000         0.5000000000         1.5801476994         9.5360157808         2.0198001358 
        1.0150000000         0.5000000000         1.5495602815         8.7392230184         2.0742456211 
        1.0200001000         0.5000000000         1.5546581845         8.8720218121         2.1190830795 
        1.0250000000         0.5000000000         1.5648539905         9.1376193996         2.1703258892 
        1.0300000000         0.5000000000         1.5801476994         9.5360157808         2.2055553208 
        1.0350000000         0.5000000000         1.5495602815         8.7392230184         2.2535954549 
        1.0400000000         0.5000000000         1.5546581845         8.8720218121         2.2856222109 
        1.0450018000         0.5000000000         1.5674029419         9.2040187964         2.3400676962 
        1.0500000000         0.5000000000         1.5521092330         8.8056224152         2.3784998034 
        1.0550000000         0.5000000000         1.5699518934         9.2704181933         2.4265399375 
        1.0600000000         0.5000000000         1.5368155241         8.4072260340         2.4649720447 
        1.0650000000         0.5000000000         1.5750497964         9.4032169871         2.5290255568 
        1.0700000000         0.5000000000         1.5674029419         9.2040187964         2.5738630153 
        1.0750000000         0.5000000000         1.5674029419         9.2040187964         2.6058897713 
        1.0800000000         0.5000000000         1.5674029419         9.2040187964         2.6635379322 
        1.0850000000         0.5000000000         1.5648539905         9.1376193996         2.7051727150 
        1.0900000000         0.5000000000         1.5597560875         9.0048206058         2.7500101735 
        1.0950000000         0.5000000000         1.5623050390         9.0712200027         2.7916449563 
        1.1000000000         0.5000000000         1.5572071360         8.9384212090         2.8428877660 
        1.1050000000         0.5000000000         1.5623050390         9.0712200027         2.8717118464 
        1.1100000000         0.5000000000         1.5623050390         9.0712200027         2.9293600073 
        1.1150000000         0.5000000000         1.5648539905         9.1376193996         2.9838054925 
        1.1200000000         0.5000000000         1.5674029419         9.2040187964         3.0158322486 
        1.1250000000         0.5000000000         1.5623050390         9.0712200027         3.0638723826 
        1.1300000000         0.5000000000         1.5725008449         9.3368175902         3.1215205435 
        1.1350001000         0.5000000000         1.5597560875         9.0048206058         3.1471419483 
        1.1400000000         0.5000000000         1.5597560875         9.0048206058         3.1407365971 
        1.1450001000         0.5000000000         1.5801476994         9.5360157808         3.1407365971 
        1.1500000000         0.5000000000         1.5444623786         8.6064242246        -1.7529517255 
        1.1550001000         0.5000000000         1.5750497964         9.4032169871        -1.7369383475 
        1.1600000000         0.5000000000         1.5699518934         9.2704181933        -3.1397102620 
        1.1650000000         0.5000000000         1.5623050390         9.0712200027        -3.1397102620 
        1.1700000000         0.5000000000         1.5775987479         9.4696163839        -3.1301022351 
        1.1750000000         0.5000000000         1.5623050390         9.0712200027        -3.1365075864 
        1.1800000000         0.5000000000         1.5674029419         9.2040187964        -3.1012781547 
        1.1850000000         0.5000000000         1.5597560875         9.0048206058        -3.0532380207 
        1.1900000000         0.5000000000         1.5801476994         9.5360157808        -2.9923871842 
        1.1950000000         0.5000000000         1.5750497964         9.4032169871        -2.9507524013 
        1.2000038000         0.5000000000         1.5674029419         9.2040187964        -2.9027122673 
        1.2050000000         0.5000000000         1.5775987479         9.4696163839        -2.8578748088 
        1.2100000000         0.5000000000         1.5597560875         9.0048206058        -2.8194427016 
        1.2150000000         0.5000000000         1.5572071360         8.9384212090        -2.7617945407 
        1.2200000000         0.5000000000         1.5903435053         9.8016133683        -2.7201597579 
        1.2250000000         0.5000000000         1.5674029419         9.2040187964        -2.6721196238 
        1.2300000000         0.5000000000         1.5775987479         9.4696163839        -2.6240794897 
        1.2350000000         0.5000000000         1.5699518934         9.2704181933        -2.5728366801 
        1.2400000000         0.5000000000         1.5877945538         9.7352139714        -2.5215938704 
        1.2450000000         0.5000000000         1.5725008449         9.3368175902        -2.4863644388 
        1.2500000000         0.5000000000         1.5801476994         9.5360157808        -2.4319189535 
        1.2550000000         0.5000000000         1.5750497964         9.4032169871        -2.3902841707 
        1.2600001000         0.5000000000         1.5775987479         9.4696163839        -2.3454467122 
        1.2650000000         0.5000000000         1.5928924568         9.8680127651        -2.2910012269 
        1.2700001000         0.5000000000         1.5750497964         9.4032169871        -2.2621771465 
        1.2750000000         0.5000000000         1.5801476994         9.5360157808        -2.1981236344 
        1.2800001000         0.5000000000         1.6005393113        10.0672109557        -2.1532861760 
        1.2850000000         0.5000000000         1.5699518934         9.2704181933        -2.1148540687 
        1.2900000000         0.5000000000         1.5852456023         9.6688145745        -2.0604085835 
        1.2950000000         0.5000000000         1.5674029419         9.2040187964        -2.0315845030 
        1.3000000000         0.5000000000         1.5877945538         9.7352139714        -1.9771390178 
        1.3050000000         0.5000000000         1.5877945538         9.7352139714        -1.9323015593 
        1.3100000000         0.5000000000         1.5801476994         9.5360157808        -1.8842614253 
        1.3150000000         0.5000000000         1.5852456023         9.6688145745        -1.8394239668 
        1.3200000000         0.5000000000         1.5775987479         9.4696163839        -1.7881811571 
        1.3250000000         0.5000000000         1.5826966509         9.6024151777        -1.7465463743 
        1.3300000000         0.5000000000         1.5852456023         9.6688145745        -1.6953035646 
        1.3350000000         0.5000000000         1.5801476994         9.5360157808        -1.6600741330 
        1.3400000000         0.5000000000         1.5903435053         9.8016133683        -1.6184393501 
        1.3450000000         0.5000000000         1.5877945538         9.7352139714        -1.5575885137 
        1.3500000000         0.5000000000         1.5801476994         9.5360157808        -1.5159537308 
        1.3550000000         0.5000000000         1.5954414083         9.9344121620        -1.4647109212 
        1.3600000000         0.5000000000         1.5801476994         9.5360157808        -1.4134681115 
        1.3650000000         0.5000000000         1.5954414083         9.9344121620        -1.3590226262 
        1.3700000000         0.5000000000         1.5903435053         9.8016133683        -1.3205905190 
        1.3750000000         0.5000000000         1.6005393113        10.0672109557        -1.2661450337 
        1.3800000000         0.5000000000         1.5903435053         9.8016133683        -1.2245102509 
        1.3850001000         0.5000000000         1.6005393113        10.0672109557        -1.1860781436 
        1.3900000000         0.5000000000         1.5903435053         9.8016133683        -1.1188219559 
        1.3950001000         0.5000000000         1.5801476994         9.5360157808        -1.0803898487 
        1.4000000000         0.5000000000         1.5877945538         9.7352139714        -1.0355523902 
        1.4050001000         0.5000000000         1.5928924568         9.8680127651        -1.0003229586 
        1.4100000000         0.5000000000         1.5903435053         9.8016133683        -0.9362694465 
        1.4150000000         0.5000000000         1.6081861657        10.2664091464        -0.8882293125 
        1.4200000000         0.5000000000         1.5979903598        10.0008115589        -0.8401891784 
        1.4250000000         0.5000000000         1.5852456023         9.6688145745        -0.8017570712 
        1.4300000000         0.5000000000         1.5903435053         9.8016133683        -0.7537169371 
        1.4350000000         0.5000000000         1.5954414083         9.9344121620        -0.7088794787 
        1.4400000000         0.5000000000         1.5801476994         9.5360157808        -0.6672446958 
        1.4450000000         0.5000000000         1.6081861657        10.2664091464        -0.6192045618 
        1.4500000000         0.5000000000         1.5826966509         9.6024151777        -0.5743671033 
        1.4550000000         0.5000000000         1.5801476994         9.5360157808        -0.5295296448 
        1.4600000000         0.5000000000         1.5877945538         9.7352139714        -0.4718814840 
        1.4650000000         0.5000000000         1.6005393113        10.0672109557        -0.4238413499 
        1.4700000000         0.5000000000         1.5826966509         9.6024151777        -0.3758012159 
        1.4750000000         0.5000000000         1.6030882627        10.1336103526        -0.3213557306 
        1.4800000000         0.5000000000         1.6005393113        10.0672109557        -0.2861262990 
        1.4850000000         0.5000000000         1.5877945538         9.7352139714        -0.2380861649 
        1.4900000000         0.5000000000         1.5954414083         9.9344121620        -0.1868433552 
        1.4950000000         0.5000000000         1.5801476994         9.5360157808        -0.1484112480 
        1.5000229000         0.5000000000         1.5903435053         9.8016133683        -0.1067764651 
        1.5050000000         0.5000000000         1.5750497964         9.4032169871        -0.0555336555 
        1.5100001000         0.5000000000         1.5826966509         9.6024151777        -0.0042908458 
        1.5150000000         0.5000000000         1.5877945538         9.7352139714         0.0533573151 
        1.5200001000         0.5000000000         1.5877945538         9.7352139714         0.0885867467 
        1.5250000000         0.5000000000         1.5852456023         9.6688145745         0.1270188539 
        1.5300001000         0.5000000000         1.5877945538         9.7352139714         0.1878696904 
        1.5350000000         0.5000000000         1.5877945538         9.7352139714         0.2263017977 
        1.5400001000         0.5000000000         1.5903435053         9.8016133683         0.2775446073 
        1.5450000000         0.5000000000         1.5750497964         9.4032169871         0.3287874170 
        1.5500000000         0.5000000000         1.5801476994         9.5360157808         0.3672195242 
        1.5550000000         0.5000000000         1.5775987479         9.4696163839         0.4056516315 
        1.5600000000         0.5000000000         1.5903435053         9.8016133683         0.4600971167 
        1.5650000000         0.5000000000         1.5801476994         9.5360157808         0.5081372508 
        1.5700029000         0.5000000000         1.5928924568         9.8680127651         0.5529747092 
        1.5750000000         0.5000000000         1.5954414083         9.9344121620         0.6106228701 
        1.5800000000         0.5000000000         1.5699518934         9.2704181933         0.6330415993 
        1.5850000000         0.5000000000         1.5775987479         9.4696163839         0.6906897602 
        1.5900000000         0.5000000000         1.5903435053         9.8016133683         0.7483379211 
        1.5950000000         0.5000000000         1.5775987479         9.4696163839         0.7803646771 
        1.6000000000         0.5000000000         1.5775987479         9.4696163839         0.8252021356 
        1.6050000000         0.5000000000         1.5572071360         8.9384212090         0.8732422696 
        1.6100000000         0.5000000000         1.6030882627        10.1336103526         0.9276877549 
        1.6150000000         0.5000000000         1.5699518934         9.2704181933         0.9597145109 
        1.6200000000         0.5000000000         1.5775987479         9.4696163839         1.0173626718 
        1.6250000000         0.5000000000         1.5775987479         9.4696163839         1.0622001303 
        1.6300000000         0.5000000000         1.5801476994         9.5360157808         1.1070375887 
        1.6350001000         0.5000000000         1.5928924568         9.8680127651         1.1614830740 
        1.6400000000         0.5000000000         1.5699518934         9.2704181933         1.1999151812 
        1.6450001000         0.5000000000         1.5775987479         9.4696163839         1.2479553153 
        1.6500000000         0.5000000000         1.5903435053         9.8016133683         1.2959954493 
        1.6550001000         0.5000000000         1.5597560875         9.0048206058         1.3408329078 
        1.6600000000         0.5000000000         1.5775987479         9.4696163839         1.3792650150 
        1.6650001000         0.5000000000         1.5750497964         9.4032169871         1.4305078247 
        1.6700000000         0.5000000000         1.5801476994         9.5360157808         1.4689399319 
        1.6750000000         0.5000000000         1.5699518934         9.2704181933         1.5169800660 
        1.6800000000         0.5000000000         1.5623050390         9.0712200027         1.5586148488 
        1.6850000000         0.5000000000         1.5801476994         9.5360157808         1.6098576585 
        1.6900000000         0.5000000000         1.5775987479         9.4696163839         1.6482897658 
        1.6950008000         0.5000000000         1.5648539905         9.1376193996         1.7091406022 
        1.7000070000         0.5000000000         1.5775987479         9.4696163839         1.7379646827 
        1.7050000000         0.5000000000         1.5597560875         9.0048206058         1.7924101679 
        1.7100000000         0.5000000000         1.5928924568         9.8680127651         1.8436529776 
        1.7150000000         0.5000000000         1.5623050390         9.0712200027         1.8788824092 
        1.7200000000         0.5000000000         1.5775987479         9.4696163839         1.9269225433 
        1.7250000000         0.5000000000         1.5572071360         8.9384212090         1.9781653529 
        1.7300000000         0.5000000000         1.5725008449         9.3368175902         2.0262054870 
        1.7350000000         0.5000000000         1.5546581845         8.8720218121         2.0710429455 
        1.7400000000         0.5000000000         1.5623050390         9.0712200027         2.1062723771 
        1.7450000000         0.5000000000         1.5674029419         9.2040187964         2.1543125112 
        1.7500000000         0.5000000000         1.5801476994         9.5360157808         2.2087579964 
        1.7550000000         0.5000000000         1.5597560875         9.0048206058         2.2471901037 
        1.7600001000         0.5000000000         1.5699518934         9.2704181933         2.3016355889 
        1.7650000000         0.5000000000         1.5648539905         9.1376193996         2.3272569938 
        1.7700001000         0.5000000000         1.5495602815         8.7392230184         2.3849051546 
        1.7750000000         0.5000000000         1.5750497964         9.4032169871         2.4265399375 
        1.7800001000         0.5000000000         1.5623050390         9.0712200027         2.4745800715 
        1.7850000000         0.5000000000         1.5674029419         9.2040187964         2.5130121788 
        1.7900028000         0.5000000000         1.5674029419         9.2040187964         2.5642549884 
        1.7950000000         0.5000000000         1.5674029419         9.2040187964         2.6090924469 
        1.8000000000         0.5000000000         1.5699518934         9.2704181933         2.6603352566 
        1.8050000000         0.5000000000         1.5674029419         9.2040187964         2.7051727150 
        1.8100000000         0.5000000000         1.5546581845         8.8720218121         2.7500101735 
        1.8150000000         0.5000000000         1.5674029419         9.2040187964         2.7884422807 
        1.8200000000         0.5000000000         1.5546581845         8.8720218121         2.8332797392 
        1.8250000000         0.5000000000         1.5750497964         9.4032169871         2.8909279000 
        1.8300000000         0.5000000000         1.5699518934         9.2704181933         2.9357653585 
        1.8350000000         0.5000000000         1.5750497964         9.4032169871         2.9966161950 
        1.8400000000         0.5000000000         1.5775987479         9.4696163839         3.0222375998 
        1.8450000000         0.5000000000         1.5725008449         9.3368175902         3.0830884363 
        1.8500000000         0.5000000000         1.5495602815         8.7392230184         3.1119125167 
        1.8550000000         0.5000000000         1.5877945538         9.7352139714         3.1407365971 
        1.8600000000         0.5000000000         1.5674029419         9.2040187964         3.1407365971 
        1.8650000000         0.5000000000         1.5826966509         9.6024151777         3.1407365971 
        1.8700000000         0.5000000000         1.5699518934         9.2704181933        -1.7529517255 
        1.8750000000         0.5000000000         1.5826966509         9.6024151777        -1.7433436987 
        1.8800000000         0.5000000000         1.5725008449         9.3368175902        -3.1429129376 
        1.8850001000         0.5000000000         1.5674029419         9.2040187964        -3.1429129376 
        1.8900000000         0.5000000000         1.5775987479         9.4696163839        -3.1301022351 
        1.8950001000         0.5000000000         1.5699518934         9.2704181933        -3.1301022351 
        1.9000000000         0.5000000000         1.5750497964         9.4032169871        -3.0820621011 
        1.9050001000         0.5000000000         1.5775987479         9.4696163839        -3.0276166158 
        1.9100000000         0.5000000000         1.5775987479         9.4696163839        -2.9731711306 
        1.9150001000         0.5000000000         1.5826966509         9.6024151777        -2.9315363477 
        1.9200000000         0.5000000000         1.5725008449         9.3368175902        -2.8802935381 
        1.9250000000         0.5000000000         1.5775987479         9.4696163839        -2.8418614308 
        1.9300000000         0.5000000000         1.5674029419         9.2040187964        -2.7874159455 
        1.9350000000         0.5000000000         1.5903435053         9.8016133683        -2.7361731359 
        1.9400000000         0.5000000000         1.5801476994         9.5360157808        -2.6913356774 
        1.9450000000         0.5000000000         1.5877945538         9.7352139714        -2.6432955434 
        1.9500000000         0.5000000000         1.5826966509         9.6024151777        -2.5984580849 
        1.9550000000         0.5000000000         1.5826966509         9.6024151777        -2.5472152753 
        1.9600000000         0.5000000000         1.5546581845         8.8720218121        -2.5151885192 
        1.9650000000         0.5000000000         1.5903435053         9.8016133683        -2.4543376827 
        1.9700000000         0.5000000000         1.5699518934         9.2704181933        -2.4095002243 
        1.9750000000         0.5000000000         1.5877945538         9.7352139714        -2.3646627658 
        1.9800000000         0.5000000000         1.5903435053         9.8016133683        -2.3038119294 
        1.9850000000         0.5000000000         1.5826966509         9.6024151777        -2.2589744709 
        1.9900000000         0.5000000000         1.5903435053         9.8016133683        -2.2205423637 
        1.9950000000         0.5000000000         1.5674029419         9.2040187964        -2.1853129320 
        2.0000000000         0.5000000000         1.5826966509         9.6024151777        -2.1212594199 
        2.0050000000         0.5000000000         1.5928924568         9.8680127651        -2.0828273127 
        2.0100000000         0.5000000000         1.5725008449         9.3368175902        -2.0379898542 
        2.0150000000         0.5000000000         1.6081861657        10.2664091464        -1.9803416934 
        2.0200001000         0.5000000000         1.5775987479         9.4696163839        -1.9419095861 
        2.0250000000         0.5000000000         1.5928924568         9.8680127651        -1.9002748033 
        2.0300000000         0.5000000000         1.5674029419         9.2040187964        -1.8490319936 
        2.0350001000         0.5000000000         1.5826966509         9.6024151777        -1.7977891840 
        2.0400001000         0.5000000000         1.5903435053         9.8016133683        -1.7529517255 
        2.0450000000         0.5000000000         1.5725008449         9.3368175902        -1.7081142671 
        2.0500000000         0.5000000000         1.5903435053         9.8016133683        -1.6568714574 
        2.0550000000         0.5000000000         1.5979903598        10.0008115589        -1.6184393501 
        2.0601188000         0.5000000000         1.5877945538         9.7352139714        -1.5607911893 
        2.0650000000         0.5000000000         1.5826966509         9.6024151777        -1.5319671088 
        2.0700000000         0.5000000000         1.5826966509         9.6024151777        -1.4743189480 
        2.0750000000         0.5000000000         1.5903435053         9.8016133683        -1.4166707871 
        2.0800000000         0.5000000000         1.5801476994         9.5360157808        -1.3910493823 
        2.0850000000         0.5000000000         1.5801476994         9.5360157808        -1.3398065726 
        2.0900000000         0.5000000000         1.5775987479         9.4696163839        -1.2949691142 
        2.0950000000         0.5000000000         1.5903435053         9.8016133683        -1.2501316557 
        2.1000000000         0.5000000000         1.5826966509         9.6024151777        -1.1892808192 
        2.1050004000         0.5000000000         1.5801476994         9.5360157808        -1.1444433608 
        2.1100000000         0.5000000000         1.5852456023         9.6688145745        -1.0964032267 
        2.1150000000         0.5000000000         1.5954414083         9.9344121620        -1.0515657683 
        2.1200000000         0.5000000000         1.5903435053         9.8016133683        -1.0003229586 
        2.1250015000         0.5000000000         1.5826966509         9.6024151777        -0.9586881758 
        2.1300000000         0.5000000000         1.5954414083         9.9344121620        -0.9138507173 
        2.1350000000         0.5000000000         1.5903435053         9.8016133683        -0.8658105832 
        2.1400000000         0.5000000000         1.5826966509         9.6024151777        -0.8209731248 
        2.1450000000         0.5000000000         1.5903435053         9.8016133683        -0.7633249639 
        2.1500000000         0.5000000000         1.5903435053         9.8016133683        -0.7345008835 
        2.1550000000         0.5000000000         1.5826966509         9.6024151777        -0.6832580738 
        2.1600001000         0.5000000000         1.6005393113        10.0672109557        -0.6320152642 
        2.1650000000         0.5000000000         1.5775987479         9.4696163839        -0.5967858325 
        2.1700000000         0.5000000000         1.5954414083         9.9344121620        -0.5295296448 
        2.1750002000         0.5000000000         1.5852456023         9.6688145745        -0.5007055644 
        2.1800001000         0.5000000000         1.5775987479         9.4696163839        -0.4558681060 
        2.1850000000         0.5000000000         1.5775987479         9.4696163839        -0.3950172695 
        2.1900000000         0.5000000000         1.5979903598        10.0008115589        -0.3437744598 
        2.1950000000         0.5000000000         1.5826966509         9.6024151777        -0.3021396770 
        2.2000000000         0.5000000000         1.6005393113        10.0672109557        -0.2476941917 
        2.2050000000         0.5000000000         1.5699518934         9.2704181933        -0.2156674357 
        2.2100000000         0.5000000000         1.5928924568         9.8680127651        -0.1740326528 
        2.2150000000         0.5000000000         1.5775987479         9.4696163839        -0.1067764651 
        2.2200000000         0.5000000000         1.5852456023         9.6688145745        -0.0715470335 
        2.2250000000         0.5000000000         1.5877945538         9.7352139714        -0.0203042238 
        2.2300000000         0.5000000000         1.5826966509         9.6024151777         0.0053171810 
        2.2350000000         0.5000000000         1.5826966509         9.6024151777         0.0693706931 
        2.2400000000         0.5000000000         1.5826966509         9.6024151777         0.1013974491 
        2.2450000000         0.5000000000         1.5801476994         9.5360157808         0.1590456100 
        2.2500000000         0.5000000000         1.5775987479         9.4696163839         0.2006803928 
        2.2550000000         0.5000000000         1.5674029419         9.2040187964         0.2487205269 
        2.2600000000         0.5000000000         1.5903435053         9.8016133683         0.2935579853 
        2.2650000000         0.5000000000         1.5775987479         9.4696163839         0.3383954438 
        2.2700000000         0.5000000000         1.5954414083         9.9344121620         0.3928409291 
        2.2750000000         0.5000000000         1.5775987479         9.4696163839         0.4312730363 
        2.2800000000         0.5000000000         1.5852456023         9.6688145745         0.4761104948 
        2.2850001000         0.5000000000         1.5699518934         9.2704181933         0.5177452776 
        2.2900000000         0.5000000000         1.5750497964         9.4032169871         0.5721907629 
        2.2950000000         0.5000000000         1.5775987479         9.4696163839         0.6106228701 
        2.3000000000         0.5000000000         1.5954414083         9.9344121620         0.6714737066 
        2.3050001000         0.5000000000         1.5775987479         9.4696163839         0.7067031382 
        2.3100000000         0.5000000000         1.5801476994         9.5360157808         0.7451352455 
        2.3150000000         0.5000000000         1.5801476994         9.5360157808         0.8123914332 
        2.3200000000         0.5000000000         1.6005393113        10.0672109557         0.8572288916 
        2.3250000000         0.5000000000         1.5597560875         9.0048206058         0.8956609989 
        2.3300000000         0.5000000000         1.5699518934         9.2704181933         0.9469038085 
        2.3350000000         0.5000000000         1.5852456023         9.6688145745         0.9917412670 
        2.3400000000         0.5000000000         1.5903435053         9.8016133683         1.0397814010 
        2.3450000000         0.5000000000         1.5750497964         9.4032169871         1.0750108327 
        2.3500000000         0.5000000000         1.5877945538         9.7352139714         1.1166456155 
        2.3550000000         0.5000000000         1.5648539905         9.1376193996         1.1678884252 
        2.3600000000         0.5000000000         1.5979903598        10.0008115589         1.2223339104 
        2.3650000000         0.5000000000         1.5674029419         9.2040187964         1.2671713689 
        2.3700000000         0.5000000000         1.5775987479         9.4696163839         1.3120088274 
        2.3750000000         0.5000000000         1.5801476994         9.5360157808         1.3600489614 
        2.3800000000         0.5000000000         1.5826966509         9.6024151777         1.4080890955 
        2.3850016000         0.5000000000         1.5750497964         9.4032169871         1.4433185271 
        2.3900000000         0.5000000000         1.5775987479         9.4696163839         1.4945613368 
        2.3950007000         0.5000000000         1.5801476994         9.5360157808         1.5426014708 
        2.4000000000         0.5000000000         1.5852456023         9.6688145745         1.5874389293 
        2.4050000000         0.5000000000         1.5674029419         9.2040187964         1.6290737121 
        2.4100001000         0.5000000000         1.5775987479         9.4696163839         1.6739111706 
        2.4150000000         0.5000000000         1.5750497964         9.4032169871         1.7283566558 
        2.4200000000         0.5000000000         1.5979903598        10.0008115589         1.7795994655 
        2.4250000000         0.5000000000         1.5623050390         9.0712200027         1.8244369240 
        2.4300001000         0.5000000000         1.5903435053         9.8016133683         1.8628690312 
        2.4350000000         0.5000000000         1.5903435053         9.8016133683         1.9173145165 
        2.4400000000         0.5000000000         1.5623050390         9.0712200027         1.9589492993 
        2.4450000000         0.5000000000         1.5750497964         9.4032169871         2.0005840822 
        2.4500000000         0.5000000000         1.5725008449         9.3368175902         2.0454215406 
        2.4550000000         0.5000000000         1.5903435053         9.8016133683         2.1094750527 
        2.4600000000         0.5000000000         1.5852456023         9.6688145745         2.1479071600 
        2.4650000000         0.5000000000         1.5750497964         9.4032169871         2.1959472940 
        2.4700000000         0.5000000000         1.5903435053         9.8016133683         2.2407847525 
        2.4750000000         0.5000000000         1.5750497964         9.4032169871         2.2952302377 
        2.4800000000         0.5000000000         1.5699518934         9.2704181933         2.3368650206 
        2.4850000000         0.5000000000         1.5903435053         9.8016133683         2.3913105058 
        2.4900000000         0.5000000000         1.5674029419         9.2040187964         2.4201345863 
        2.4950000000         0.5000000000         1.5979903598        10.0008115589         2.4809854227 
        2.5000000000         0.5000000000         1.5674029419         9.2040187964         2.5194175300 
        2.5050016000         0.5000000000         1.5674029419         9.2040187964         2.5706603397 
        2.5100000000         0.5000000000         1.6005393113        10.0672109557         2.6187004737 
        2.5150000000         0.5000000000         1.5623050390         9.0712200027         2.6635379322 
        2.5200000000         0.5000000000         1.5725008449         9.3368175902         2.7147807418 
        2.5250000000         0.5000000000         1.5725008449         9.3368175902         2.7532128491 
        2.5300000000         0.5000000000         1.5750497964         9.4032169871         2.8140636855 
        2.5350001000         0.5000000000         1.5775987479         9.4696163839         2.8492931172 
        2.5400000000         0.5000000000         1.5674029419         9.2040187964         2.8909279000 
        2.5450000000         0.5000000000         1.5903435053         9.8016133683         2.9613867633 
        2.5500000000         0.5000000000         1.5674029419         9.2040187964         2.9966161950 
        2.5550001000         0.5000000000         1.5826966509         9.6024151777         3.0574670314 
        2.5600000000         0.5000000000         1.5801476994         9.5360157808         3.1055071655 
        2.5650000000         0.5000000000         1.5674029419         9.2040187964         3.1407365971 
        2.5700000000         0.5000000000         1.5877945538         9.7352139714         3.1311285703 
        2.5750000000         0.5000000000         1.5801476994         9.5360157808         3.1471419483 
        2.5800000000         0.5000000000         1.5954414083         9.9344121620        -1.7401410231 
        2.5850000000         0.5000000000         1.5623050390         9.0712200027        -1.7657624279 
        2.5900000000         0.5000000000         1.5928924568         9.8680127651        -3.1397102620 
        2.5950000000         0.5000000000         1.5903435053         9.8016133683        -3.1301022351 
        2.6000000000         0.5000000000         1.5801476994         9.5360157808        -3.1429129376 
        2.6050000000         0.5000000000         1.5903435053         9.8016133683        -3.1301022351 
        2.6100000000         0.5000000000         1.5903435053         9.8016133683        -3.0948728035 
        2.6150000000         0.5000000000         1.5877945538         9.7352139714        -3.0372246426 
        2.6200000000         0.5000000000         1.5928924568         9.8680127651        -2.9891845086 
        2.6250000000         0.5000000000         1.5775987479         9.4696163839        -2.9507524013 
        2.6300005000         0.5000000000         1.5903435053         9.8016133683        -2.8963069161 
        2.6350000000         0.5000000000         1.5903435053         9.8016133683        -2.8450641064 
        2.6400000000         0.5000000000         1.5750497964         9.4032169871        -2.8066319992 
        2.6450000000         0.5000000000         1.5954414083         9.9344121620        -2.7489838383 
        2.6500000000         0.5000000000         1.5725008449         9.3368175902        -2.7105517310 
        2.6550000000         0.5000000000         1.5954414083         9.9344121620        -2.6561062458 
        2.6600001000         0.5000000000         1.5674029419         9.2040187964        -2.6176741385 
        2.6650000000         0.5000000000         1.5928924568         9.8680127651        -2.5600259777 
        2.6700000000         0.5000000000         1.5801476994         9.5360157808        -2.5183911948 
        2.6750000000         0.5000000000         1.5826966509         9.6024151777        -2.4735537364 
        2.6800001000         0.5000000000         1.5903435053         9.8016133683        -2.4095002243 
        2.6850000000         0.5000000000         1.5826966509         9.6024151777        -2.3742707926 
        2.6900000000         0.5000000000         1.5903435053         9.8016133683        -2.3198253074 
        2.6950000000         0.5000000000         1.5877945538         9.7352139714        -2.2781905245 
        2.7000000000         0.5000000000         1.5903435053         9.8016133683        -2.2205423637 
        2.7050000000         0.5000000000         1.6005393113        10.0672109557        -2.1692995540 
        2.7100000000         0.5000000000         1.5801476994         9.5360157808        -2.1308674468 
        2.7150000000         0.5000000000         1.6030882627        10.1336103526        -2.0796246371 
        2.7200000000         0.5000000000         1.5699518934         9.2704181933        -2.0443952055 
        2.7250000000         0.5000000000         1.5903435053         9.8016133683        -1.9995577470 
        2.7300000000         0.5000000000         1.5979903598        10.0008115589        -1.9355042349 
        2.7350000000         0.5000000000         1.5877945538         9.7352139714        -1.8874641009 
        2.7400000000         0.5000000000         1.5750497964         9.4032169871        -1.8554373448 
        2.7450000000         0.5000000000         1.5928924568         9.8680127651        -1.8009918596 
        2.7500000000         0.5000000000         1.5903435053         9.8016133683        -1.7529517255 
        2.7550000000         0.5000000000         1.5903435053         9.8016133683        -1.7081142671 
        2.7600000000         0.5000000000         1.5775987479         9.4696163839        -1.6696821598 
        2.7650000000         0.5000000000         1.6030882627        10.1336103526        -1.6120339989 
        2.7700000000         0.5000000000         1.5725008449         9.3368175902        -1.5800072429 
        2.7750000000         0.5000000000         1.5903435053         9.8016133683        -1.5191564064 
        2.7800000000         0.5000000000         1.5903435053         9.8016133683        -1.4807242992 
        2.7850001000         0.5000000000         1.5954414083         9.9344121620        -1.4262788139 
        2.7900000000         0.5000000000         1.5979903598        10.0008115589        -1.3750360043 
        2.7950000000         0.5000000000         1.5903435053         9.8016133683        -1.3269958702 
        2.8000000000         0.5000000000         1.6030882627        10.1336103526        -1.2789557361 
        2.8050001000         0.5000000000         1.5954414083         9.9344121620        -1.2245102509 
        2.8100000000         0.5000000000         1.5903435053         9.8016133683        -1.1892808192 
        2.8150000000         0.5000000000         1.5903435053         9.8016133683        -1.1348353340 
        2.8200000000         0.5000000000         1.5954414083         9.9344121620        -1.0803898487 
        2.8250000000         0.5000000000         1.6005393113        10.0672109557        -1.0419577415 
        2.8300000000         0.5000000000         1.5928924568         9.8680127651        -0.9939176074 
        2.8350000000         0.5000000000         1.5826966509         9.6024151777        -0.9522828245 
        2.8400000000         0.5000000000         1.5979903598        10.0008115589        -0.9074453661 
        2.8450000000         0.5000000000         1.5750497964         9.4032169871        -0.8658105832 
        2.8500000000         0.5000000000         1.5852456023         9.6688145745        -0.8081624224 
        2.8550000000         0.5000000000         1.5979903598        10.0008115589        -0.7601222883 
        2.8600052000         0.5000000000         1.5979903598        10.0008115589        -0.7152848299 
        2.8650000000         0.5000000000         1.5903435053         9.8016133683        -0.6576366690 
        2.8700000000         0.5000000000         1.6132840687        10.3992079401        -0.6095965349 
        2.8750582000         0.5000000000         1.5852456023         9.6688145745        -0.5679617521 
        2.8800000000         0.5000000000         1.5903435053         9.8016133683        -0.5167189424 
        2.8850000000         0.5000000000         1.5903435053         9.8016133683        -0.4846921864 
        2.8900000000         0.5000000000         1.5877945538         9.7352139714        -0.4366520523 
        2.8950000000         0.5000000000         1.5801476994         9.5360157808        -0.3854092427 
        2.9000000000         0.5000000000         1.5928924568         9.8680127651        -0.3405717842 
        2.9050000000         0.5000000000         1.5954414083         9.9344121620        -0.2797209477 
        2.9100001000         0.5000000000         1.6030882627        10.1336103526        -0.2412888405 
        2.9150000000         0.5000000000         1.5750497964         9.4032169871        -0.1964513820 
        2.9200023000         0.5000000000         1.6132840687        10.3992079401        -0.1452085724 
        2.9250000000         0.5000000000         1.5903435053         9.8016133683        -0.0939657627 
        2.9300001000         0.5000000000         1.5852456023         9.6688145745        -0.0651416823 
        2.9350000000         0.5000000000         1.6005393113        10.0672109557        -0.0010881702 
        2.9400000000         0.5000000000         1.5928924568         9.8680127651         0.0501546394 
        2.9450000000         0.5000000000         1.6005393113        10.0672109557         0.0949920979 
        2.9500000000         0.5000000000         1.5775987479         9.4696163839         0.1270188539 
        2.9550000000         0.5000000000         1.5852456023         9.6688145745         0.1718563124 
        2.9600000000         0.5000000000         1.5826966509         9.6024151777         0.2327071489 
        2.9650000000         0.5000000000         1.6005393113        10.0672109557         0.2711392561 
        2.9700000000         0.5000000000         1.5903435053         9.8016133683         0.3255847414 
        2.9750000000         0.5000000000         1.5852456023         9.6688145745         0.3736248754 
        2.9800000000         0.5000000000         1.5979903598        10.0008115589         0.4088543071 
        2.9850000000         0.5000000000         1.5775987479         9.4696163839         0.4504890899 
        2.9900000000         0.5000000000         1.5623050390         9.0712200027         0.5017318996 
        2.9950000000         0.5000000000         1.5903435053         9.8016133683         0.5433666824 
        3.0000000000         0.5000000000         1.5699518934         9.2704181933         0.5850014653 
        3.0050000000         0.5000000000         1.5826966509         9.6024151777         0.6554603286 
        3.0100000000         0.5000000000         1.5750497964         9.4032169871         0.6778790578 
        3.0150000000         0.5000000000         1.5597560875         9.0048206058         0.7227165162 
        3.0200000000         0.5000000000         1.5826966509         9.6024151777         0.7739593259 
        3.0250020000         0.5000000000         1.5699518934         9.2704181933         0.8284048112 
        3.0300000000         0.5000000000         1.5495602815         8.7392230184         0.8604315672 
        3.0350001000         0.5000000000         1.5852456023         9.6688145745         0.9084717013 
        3.0400000000         0.5000000000         1.5623050390         9.0712200027         0.9501064841 
        3.0450000000         0.5000000000         1.5903435053         9.8016133683         1.0077546450 
        3.0500000000         0.5000000000         1.5597560875         9.0048206058         1.0461867522 
        3.0550001000         0.5000000000         1.5674029419         9.2040187964         1.0910242107 
        3.0600000000         0.5000000000         1.5903435053         9.8016133683         1.1518750472 
        3.0650000000         0.5000000000         1.5572071360         8.9384212090         1.1839018032 
        3.0700000000         0.5000000000         1.5674029419         9.2040187964         1.2255365860 
        3.0750001000         0.5000000000         1.5699518934         9.2704181933         1.2767793957 
        3.0800000000         0.5000000000         1.5852456023         9.6688145745         1.3280222054 
        3.0850000000         0.5000000000         1.5801476994         9.5360157808         1.3824676906 
        3.0900000000         0.5000000000         1.5648539905         9.1376193996         1.4176971223 
        3.0950000000         0.5000000000         1.5903435053         9.8016133683         1.4689399319 
        3.1000000000         0.5000000000         1.5597560875         9.0048206058         1.5073720392 
        3.1050000000         0.5000000000         1.5674029419         9.2040187964         1.5522094976 
        3.1100000000         0.5000000000         1.5801476994         9.5360157808         1.6066549829 
        3.1150000000         0.5000000000         1.5725008449         9.3368175902         1.6450870902 
        3.1200026000         0.5000000000         1.5903435053         9.8016133683         1.6899245486 
        3.1250000000         0.5000000000         1.5623050390         9.0712200027         1.7379646827 
        3.1300000000         0.5000000000         1.5699518934         9.2704181933         1.7828021411 
        3.1350000000         0.5000000000         1.5725008449         9.3368175902         1.8180315728 
        3.1400000000         0.5000000000         1.5572071360         8.9384212090         1.8692743824 
        3.1450000000         0.5000000000         1.5597560875         9.0048206058         1.9077064897 
        3.1500000000         0.5000000000         1.5699518934         9.2704181933         1.9621519749 
        3.1550000000         0.5000000000         1.5623050390         9.0712200027         2.0165974602 
        3.1600001000         0.5000000000         1.5826966509         9.6024151777         2.0550295674 
        3.1650000000         0.5000000000         1.5572071360         8.9384212090         2.1030697015 
        3.1700000000         0.5000000000         1.5674029419         9.2040187964         2.1479071600 
        3.1750000000         0.5000000000         1.5801476994         9.5360157808         2.2023526452 
        3.1800001000         0.5000000000         1.5521092330         8.8056224152         2.2471901037 
        3.1850000000         0.5000000000         1.5546581845         8.8720218121         2.2888248865 
        3.1900000000         0.5000000000         1.5775987479         9.4696163839         2.3272569938 
        3.1950000000         0.5000000000         1.5572071360         8.9384212090         2.3784998034 
        3.2000001000         0.5000000000         1.5826966509         9.6024151777         2.4265399375 
        3.2050000000         0.5000000000         1.5546581845         8.8720218121         2.4585666935 
        3.2100000000         0.5000000000         1.5648539905         9.1376193996         2.4969988008 
        3.2150000000         0.5000000000         1.5572071360         8.9384212090         2.5514442860 
        3.2200000000         0.5000000000         1.5546581845         8.8720218121         2.5930790689 
        3.2250000000         0.5000000000         1.5725008449         9.3368175902         2.6475245541 
        3.2300000000         0.5000000000         1.5775987479         9.4696163839         2.6891593370 
        3.2350000000         0.5000000000         1.5572071360         8.9384212090         2.7339967954 
        3.2400000000         0.5000000000         1.5826966509         9.6024151777         2.7820369295 
        3.2450000000         0.5000000000         1.5572071360         8.9384212090         2.8332797392 
        3.2500000000         0.5000000000         1.5725008449         9.3368175902         2.8685091708 
        3.2550000000         0.5000000000         1.5495602815         8.7392230184         2.9133466293 
        3.2600000000         0.5000000000         1.5725008449         9.3368175902         2.9645894389 
        3.2650000000         0.5000000000         1.5750497964         9.4032169871         3.0254402754 
        3.2700000000         0.5000000000         1.5674029419         9.2040187964         3.0670750582 
        3.2750000000         0.5000000000         1.5674029419         9.2040187964         3.1055071655 
        3.2800000000         0.5000000000         1.5725008449         9.3368175902         3.1407365971 
        3.2850001000         0.5000000000         1.5699518934         9.2704181933         3.1407365971 
        3.2900000000         0.5000000000         1.5852456023         9.6688145745         3.1471419483 
        3.2950000000         0.5000000000         1.5572071360         8.9384212090        -1.7497490499 
        3.3000000000         0.5000000000         1.5903435053         9.8016133683        -1.7433436987 
        3.3050001000         0.5000000000         1.5775987479         9.4696163839        -3.1301022351 
        3.3100000000         0.5000000000         1.5877945538         9.7352139714        -3.1429129376 
        3.3150000000         0.5000000000         1.5750497964         9.4032169871        -3.1397102620 
        3.3200000000         0.5000000000         1.5674029419         9.2040187964        -3.1365075864 
        3.3250001000         0.5000000000         1.6005393113        10.0672109557        -3.0756567499 
        3.3300000000         0.5000000000         1.5699518934         9.2704181933        -3.0372246426 
        3.3350000000         0.5000000000         1.5674029419         9.2040187964        -2.9891845086 
        3.3400000000         0.5000000000         1.5954414083         9.9344121620        -2.9379416989 
        3.3450000000         0.5000000000         1.5725008449         9.3368175902        -2.8995095917 
        3.3500000000         0.5000000000         1.5928924568         9.8680127651        -2.8418614308 
        3.3550000000         0.5000000000         1.5750497964         9.4032169871        -2.7842132699 
        3.3600085000         0.5000000000         1.6005393113        10.0672109557        -2.7329704603 
        3.3650000000         0.5000000000         1.5877945538         9.7352139714        -2.6913356774 
        3.3700000000         0.5000000000         1.5674029419         9.2040187964        -2.6593089214 
        3.3750000000         0.5000000000         1.5775987479         9.4696163839        -2.6144714629 
        3.3800000000         0.5000000000         1.5903435053         9.8016133683        -2.5600259777 
        3.3850000000         0.5000000000         1.5903435053         9.8016133683        -2.5119858436 
        3.3900000000         0.5000000000         1.5826966509         9.6024151777        -2.4639457096 
        3.3950000000         0.5000000000         1.5826966509         9.6024151777        -2.4159055755 
        3.4000000000         0.5000000000         1.5903435053         9.8016133683        -2.3678654414 
        3.4050000000         0.5000000000         1.5826966509         9.6024151777        -2.3102172806 
        3.4100001000         0.5000000000         1.5775987479         9.4696163839        -2.2781905245 
        3.4150000000         0.5000000000         1.5877945538         9.7352139714        -2.2237450393 
        3.4200000000         0.5000000000         1.5826966509         9.6024151777        -2.1853129320 
        3.4250000000         0.5000000000         1.5826966509         9.6024151777        -2.1308674468 
        3.4300001000         0.5000000000         1.5801476994         9.5360157808        -2.0956380151 
        3.4350000000         0.5000000000         1.5750497964         9.4032169871        -2.0475978811 
        3.4400000000         0.5000000000         1.5903435053         9.8016133683        -1.9803416934 
        3.4450000000         0.5000000000         1.5826966509         9.6024151777        -1.9483149373 
        3.4500001000         0.5000000000         1.5954414083         9.9344121620        -1.9002748033 
        3.4550000000         0.5000000000         1.5750497964         9.4032169871        -1.8618426960 
        3.4600000000         0.5000000000         1.5801476994         9.5360157808        -1.8105998864 
        3.4650000000         0.5000000000         1.5877945538         9.7352139714        -1.7625597523 
        3.4700000000         0.5000000000         1.5979903598        10.0008115589        -1.7113169427 
        3.4750000000         0.5000000000         1.5750497964         9.4032169871        -1.6728848354 
        3.4800000000         0.5000000000         1.5852456023         9.6688145745        -1.6184393501 
        3.4850000000         0.5000000000         1.6005393113        10.0672109557        -1.5736018917 
        3.4900000000         0.5000000000         1.5979903598        10.0008115589        -1.5159537308 
        3.4950000000         0.5000000000         1.6056372142        10.2000097495        -1.4679135968 
        3.5000000000         0.5000000000         1.5903435053         9.8016133683        -1.4262788139 
        3.5050000000         0.5000000000         1.5979903598        10.0008115589        -1.3782386799 
        3.5100000000         0.5000000000         1.5954414083         9.9344121620        -1.3301985458 
        3.5150000000         0.5000000000         1.5775987479         9.4696163839        -1.2917664386 
        3.5200000000         0.5000000000         1.5903435053         9.8016133683        -1.2405236289 
        3.5250000000         0.5000000000         1.5979903598        10.0008115589        -1.1956861704 
        3.5300000000         0.5000000000         1.5903435053         9.8016133683        -1.1380380096 
        3.5350001000         0.5000000000         1.5954414083         9.9344121620        -1.0932005511 
        3.5401917000         0.5000000000         1.6107351172        10.3328085432        -1.0323497146 
        3.5450000000         0.5000000000         1.6005393113        10.0672109557        -0.9971202830 
        3.5500000000         0.5000000000         1.5928924568         9.8680127651        -0.9394721221 
        3.5550001000         0.5000000000         1.6030882627        10.1336103526        -0.9042426905 
        3.5600000000         0.5000000000         1.6005393113        10.0672109557        -0.8529998808 
        3.5650000000         0.5000000000         1.5877945538         9.7352139714        -0.8081624224 
        3.5700000000         0.5000000000         1.6081861657        10.2664091464        -0.7569196127 
        3.5750001000         0.5000000000         1.6005393113        10.0672109557        -0.7120821543 
        3.5800000000         0.5000000000         1.6005393113        10.0672109557        -0.6672446958 
        3.5850000000         0.5000000000         1.6030882627        10.1336103526        -0.6063938593 
        3.5900000000         0.5000000000         1.6005393113        10.0672109557        -0.5679617521 
        3.5950000000         0.5000000000         1.6005393113        10.0672109557        -0.5103135912 
        3.6000000000         0.5000000000         1.6030882627        10.1336103526        -0.4750841596 
        3.6050000000         0.5000000000         1.6132840687        10.3992079401        -0.4206386743 
        3.6100000000         0.5000000000         1.5903435053         9.8016133683        -0.3629905134 
        3.6150000000         0.5000000000         1.6183819717        10.5320067338        -0.3117477038 
        3.6200000000         0.5000000000         1.6005393113        10.0672109557        -0.2733155965 
        3.6250000000         0.5000000000         1.5903435053         9.8016133683        -0.2284781381 
        3.6300000000         0.5000000000         1.6005393113        10.0672109557        -0.1900460308 
        3.6350000000         0.5000000000         1.5979903598        10.0008115589        -0.1356005456 
        3.6400000000         0.5000000000         1.6158330202        10.4656073370        -0.0715470335 
        3.6450000000         0.5000000000         1.6030882627        10.1336103526        -0.0267095750 
        3.6500000000         0.5000000000         1.6081861657        10.2664091464         0.0117225322 
        3.6550000000         0.5000000000         1.6030882627        10.1336103526         0.0565599907 
        3.6600001000         0.5000000000         1.5954414083         9.9344121620         0.1078028003 
        3.6650000000         0.5000000000         1.5979903598        10.0008115589         0.1590456100 
        3.6700000000         0.5000000000         1.6081861657        10.2664091464         0.2102884196 
        3.6750000000         0.5000000000         1.6107351172        10.3328085432         0.2615312293 
        3.6800001000         0.5000000000         1.6005393113        10.0672109557         0.2999633365 
        3.6850000000         0.5000000000         1.5979903598        10.0008115589         0.3480034706 
        3.6900000000         0.5000000000         1.5877945538         9.7352139714         0.3864355778 
        3.6950000000         0.5000000000         1.5954414083         9.9344121620         0.4440837387 
        3.7000001000         0.5000000000         1.6081861657        10.2664091464         0.5017318996 
        3.7050000000         0.5000000000         1.5852456023         9.6688145745         0.5337586556 
        3.7100000000         0.5000000000         1.6056372142        10.2000097495         0.5978121677 
        3.7150000000         0.5000000000         1.5954414083         9.9344121620         0.6266362481 
        3.7200000000         0.5000000000         1.5979903598        10.0008115589         0.6810817334 
        3.7250000000         0.5000000000         1.5903435053         9.8016133683         0.7291218675 
        3.7300000000         0.5000000000         1.5903435053         9.8016133683         0.7899727039 
        3.7350000000         0.5000000000         1.5903435053         9.8016133683         0.8219994600 
        3.7400000000         0.5000000000         1.5877945538         9.7352139714         0.8732422696 
        3.7450000000         0.5000000000         1.6107351172        10.3328085432         0.9340931061 
        3.7500009000         0.5000000000         1.6005393113        10.0672109557         0.9885385914 
        3.7550000000         0.5000000000         1.6081861657        10.2664091464         1.0301733742 
        3.7600000000         0.5000000000         1.5979903598        10.0008115589         1.0782135083 
        3.7650000000         0.5000000000         1.5903435053         9.8016133683         1.1166456155 
        3.7700000000         0.5000000000         1.6005393113        10.0672109557         1.1742937764 
        3.7750000000         0.5000000000         1.6005393113        10.0672109557         1.2223339104 
        3.7800000000         0.5000000000         1.5979903598        10.0008115589         1.2575633421 
        3.7850001000         0.5000000000         1.6005393113        10.0672109557         1.3024008005 
        3.7900000000         0.5000000000         1.5826966509         9.6024151777         1.3664543126 
        3.7950000000         0.5000000000         1.6081861657        10.2664091464         1.4144944467 
        3.8000000000         0.5000000000         1.5826966509         9.6024151777         1.4657372563 
        3.8050001000         0.5000000000         1.6030882627        10.1336103526         1.5105747148 
        3.8100000000         0.5000000000         1.5801476994         9.5360157808         1.5490068220 
        3.8150000000         0.5000000000         1.5954414083         9.9344121620         1.5970469561 
        3.8200000000         0.5000000000         1.5801476994         9.5360157808         1.6354790633 
        3.8250001000         0.5000000000         1.5903435053         9.8016133683         1.6867218730 
        3.8300000000         0.5000000000         1.5903435053         9.8016133683         1.7411673583 
        3.8350000000         0.5000000000         1.5903435053         9.8016133683         1.7763967899 
        3.8400000000         0.5000000000         1.5546581845         8.8720218121         1.8244369240 
        3.8450000000         0.5000000000         1.5903435053         9.8016133683         1.8788824092 
        3.8500000000         0.5000000000         1.5750497964         9.4032169871         1.9237198677 
        3.8550027000         0.5000000000         1.5775987479         9.4696163839         1.9685573261 
        3.8600000000         0.5000000000         1.5826966509         9.6024151777         2.0133947846 
        3.8650000000         0.5000000000         1.5623050390         9.0712200027         2.0582322430 
        3.8700000000         0.5000000000         1.5775987479         9.4696163839         2.0998670259 
        3.8750000000         0.5000000000         1.5521092330         8.8056224152         2.1511098356 
        3.8800000000         0.5000000000         1.5852456023         9.6688145745         2.2087579964 
        3.8850000000         0.5000000000         1.5674029419         9.2040187964         2.2375820769 
        3.8900000000         0.5000000000         1.5750497964         9.4032169871         2.2984329133 
        3.8950000000         0.5000000000         1.5826966509         9.6024151777         2.3336623450 
        3.9000000000         0.5000000000         1.5572071360         8.9384212090         2.3784998034 
        3.9050000000         0.5000000000         1.5928924568         9.8680127651         2.4297426131 
        3.9100001000         0.5000000000         1.5750497964         9.4032169871         2.4809854227 
        3.9150000000         0.5000000000         1.5648539905         9.1376193996         2.5194175300 
        3.9200000000         0.5000000000         1.5775987479         9.4696163839         2.5738630153 
        3.9250000000         0.5000000000         1.5826966509         9.6024151777         2.6122951225 
        3.9300001000         0.5000000000         1.5826966509         9.6024151777         2.6603352566 
        3.9350000000         0.5000000000         1.5623050390         9.0712200027         2.6987673638 
        3.9400000000         0.5000000000         1.5699518934         9.2704181933         2.7628208759 
        3.9450000000         0.5000000000         1.5801476994         9.5360157808         2.7980503075 
        3.9500001000         0.5000000000         1.5699518934         9.2704181933         2.8524957928 
        3.9550000000         0.5000000000         1.5928924568         9.8680127651         2.8973332512 
        3.9600000000         0.5000000000         1.5750497964         9.4032169871         2.9549814121 
        3.9650000000         0.5000000000         1.5750497964         9.4032169871         2.9870081682 
        3.9700001000         0.5000000000         1.5903435053         9.8016133683         3.0510616802 
        3.9750000000         0.5000000000         1.5725008449         9.3368175902         3.0926964631 
        3.9800000000         0.5000000000         1.5979903598        10.0008115589         3.1439392727 
        3.9850000000         0.5000000000         1.5648539905         9.1376193996         3.1311285703 
        3.9900000000         0.5000000000         1.5572071360         8.9384212090         3.1343312459 
        3.9950000000         0.5000000000         1.5852456023         9.6688145745         3.0830884363 
