           Time[sec]           V_{cmd}[V]          V_{gyro}[V] \omega_{gyro}[rad/s]          \theta[rad] 
        0.0000000000        -0.3400000000         1.2130986854        -0.0254973684        -2.2397584173 
        0.0050000000        -0.3400000000         1.2207455399         0.1737008222        -2.2301503905 
        0.0100000000        -0.3400000000         1.2105497339        -0.0918967653        -2.2429610929 
        0.0150001000        -0.3400000000         1.2105497339        -0.0918967653        -2.2333530661 
        0.0200001000        -0.3400000000         1.2054518309        -0.2246955590        -2.2461637685 
        0.0250000000        -0.3400000000         1.0983958685        -3.0134702275        -2.2525691197 
        0.0300000000        -0.3400000000         1.0907490141        -3.2126684181        -2.2589744709 
        0.0350000000        -0.3400000000         1.1340811893        -2.0838786713        -2.2685824977 
        0.0400000000        -0.3400000000         1.1111406260        -2.6814732432        -2.2845958757 
        0.0450000000        -0.3400000000         1.0550636933        -4.1422599743        -2.3006092538 
        0.0500001000        -0.3400000000         1.0958469171        -3.0798696244        -2.3038119294 
        0.0550001000        -0.3400000000         1.0703574022        -3.7438635931        -2.3358386854 
        0.0600000000        -0.3400000000         1.0729063537        -3.6774641962        -2.3422440366 
        0.0650000000        -0.3400000000         1.0678084507        -3.8102629900        -2.3678654414 
        0.0700000000        -0.3400000000         1.0576126448        -4.0758605774        -2.3870814951 
        0.0750000000        -0.3400000000         1.0550636933        -4.1422599743        -2.4127028999 
        0.0800001000        -0.3400000000         1.0678084507        -3.8102629900        -2.4223109267 
        0.0850001000        -0.3400000000         1.0448678873        -4.4078575618        -2.4511350071 
        0.0900000000        -0.3400000000         1.0499657903        -4.2750587680        -2.4671483852 
        0.0950000000        -0.3400000000         1.0499657903        -4.2750587680        -2.4863644388 
        0.1000000000        -0.3400000000         1.0346720814        -4.6734551493        -2.5119858436 
        0.1050000000        -0.3400000000         1.0448678873        -4.4078575618        -2.5408099240 
        0.1100009000        -0.3400000000         1.0346720814        -4.6734551493        -2.5632286533 
        0.1150001000        -0.3400000000         1.0372210329        -4.6070557524        -2.5856473825 
        0.1200000000        -0.3400000000         1.0372210329        -4.6070557524        -2.6016607605 
        0.1250000000        -0.3400000000         1.0372210329        -4.6070557524        -2.6240794897 
        0.1300000000        -0.3400000000         1.0321231299        -4.7398545461        -2.6497008946 
        0.1350000000        -0.3400000000         1.0219273240        -5.0054521336        -2.6817276506 
        0.1400001000        -0.3400000000         1.0219273240        -5.0054521336        -2.6977410286 
        0.1450001000        -0.3400000000         1.0270252269        -4.8726533399        -2.7233624335 
        0.1500000000        -0.3400000000         1.0168294210        -5.1382509273        -2.7617945407 
        0.1550000000        -0.3400000000         1.0066336150        -5.4038485148        -2.7842132699 
        0.1600000000        -0.3400000000         1.0244762754        -4.9390527367        -2.8002266480 
        0.1650000000        -0.3400000000         1.0066336150        -5.4038485148        -2.8386587552 
        0.1700000000        -0.3400000000         1.0142804695        -5.2046503242        -2.8610774844 
        0.1750001000        -0.3400000000         0.9989867606        -5.6030467054        -2.8931042405 
        0.1800001000        -0.3400000000         1.0168294210        -5.1382509273        -2.9155229697 
        0.1850000000        -0.3400000000         0.9989867606        -5.6030467054        -2.9603604281 
        0.1900000000        -0.3400000000         1.0117315180        -5.2710497211        -2.9699684550 
        0.1950000000        -0.3400000000         1.0040846636        -5.4702479117        -3.0084005622 
        0.2000000000        -0.3400000000         0.9989867606        -5.6030467054        -3.0372246426 
        0.2050001000        -0.3400000000         0.9964378091        -5.6694461023        -3.0756567499 
        0.2100001000        -0.3400000000         0.9964378091        -5.6694461023        -3.0916701279 
        0.2150000000        -0.3400000000         0.9989867606        -5.6030467054        -3.1204942083 
        0.2200000000        -0.3400000000         0.9989867606        -5.6030467054        -3.1429129376 
        0.2250000000        -0.3400000000         0.9913399061        -5.8022448960        -3.1301022351 
        0.2300000000        -0.3400000000         1.0015357121        -5.5366473086        -3.1301022351 
        0.2350001000        -0.3400000000         0.9989867606        -5.6030467054        -3.1429129376 
        0.2400001000        -0.3400000000         0.9862420032        -5.9350436898        -3.1301022351 
        0.2450459000        -0.3400000000         0.9964378091        -5.6694461023        -3.1301022351 
        0.2500000000        -0.3400000000         0.9913399061        -5.8022448960        -1.7529517255 
        0.2550000000        -0.3400000000         0.9862420032        -5.9350436898        -1.7465463743 
        0.2600000000        -0.3400000000         0.9887909546        -5.8686442929         3.1311285703 
        0.2650001000        -0.3400000000         0.9760461972        -6.2006412772         3.1311285703 
        0.2700001000        -0.3400000000         0.9964378091        -5.6694461023         3.1407365971 
        0.2750000000        -0.3400000000         0.9709482942        -6.3334400710         3.1311285703 
        0.2800000000        -0.3400000000         0.9862420032        -5.9350436898         3.1407365971 
        0.2850000000        -0.3400000000         0.9760461972        -6.2006412772         3.1183178679 
        0.2900001000        -0.3400000000         0.9658503913        -6.4662388647         3.0958991387 
        0.2950000000        -0.3400000000         0.9709482942        -6.3334400710         3.0766830851 
        0.3000001000        -0.3400000000         0.9887909546        -5.8686442929         3.0446563290 
        0.3050001000        -0.3400000000         0.9709482942        -6.3334400710         3.0062242218 
        0.3100000000        -0.3400000000         0.9811441002        -6.0678424835         2.9709947901 
        0.3150000000        -0.3400000000         0.9734972457        -6.2670406741         2.9357653585 
        0.3200000000        -0.3400000000         0.9683993428        -6.3998394679         2.9005359268 
        0.3250000000        -0.3400000000         0.9836930517        -6.0014430866         2.8781171976 
        0.3300001000        -0.3400000000         0.9836930517        -6.0014430866         2.8524957928 
        0.3350001000        -0.3400000000         0.9760461972        -6.2006412772         2.8172663611 
        0.3400000000        -0.3400000000         0.9607524883        -6.5990376585         2.7756315783 
        0.3450000000        -0.3400000000         0.9785951487        -6.1342418804         2.7468074979 
        0.3500001000        -0.3400000000         0.9556545853        -6.7318364522         2.7243887686 
        0.3550001000        -0.3400000000         0.9658503913        -6.4662388647         2.6827539858 
        0.3600001000        -0.3400000000         0.9785951487        -6.1342418804         2.6571325810 
        0.3650001000        -0.3400000000         0.9785951487        -6.1342418804         2.6315111761 
        0.3700000000        -0.3400000000         0.9734972457        -6.2670406741         2.6058897713 
        0.3750000000        -0.3400000000         0.9683993428        -6.3998394679         2.5738630153 
        0.3800000000        -0.3400000000         0.9887909546        -5.8686442929         2.5418362592 
        0.3850000000        -0.3400000000         0.9836930517        -6.0014430866         2.5002014764 
        0.3900001000        -0.3400000000         0.9633014398        -6.5326382616         2.4713773959 
        0.3950001000        -0.3400000000         0.9658503913        -6.4662388647         2.4329452887 
        0.4000000000        -0.3400000000         0.9633014398        -6.5326382616         2.4009185327 
        0.4050000000        -0.3400000000         0.9785951487        -6.1342418804         2.3784998034 
        0.4100000000        -0.3400000000         0.9556545853        -6.7318364522         2.3496757230 
        0.4150001000        -0.3400000000         0.9811441002        -6.0678424835         2.3240543182 
        0.4200001000        -0.3400000000         0.9836930517        -6.0014430866         2.2824195353 
        0.4250001000        -0.3400000000         0.9683993428        -6.3998394679         2.2600008061 
        0.4300001000        -0.3400000000         0.9836930517        -6.0014430866         2.2279740500 
        0.4350000000        -0.3400000000         0.9785951487        -6.1342418804         2.1863392672 
        0.4400000000        -0.3400000000         0.9582035368        -6.6654370553         2.1607178624 
        0.4450000000        -0.3400000000         0.9836930517        -6.0014430866         2.1350964575 
        0.4500000000        -0.3400000000         0.9658503913        -6.4662388647         2.0966643503 
        0.4550001000        -0.3400000000         0.9633014398        -6.5326382616         2.0550295674 
        0.4600001000        -0.3400000000         0.9556545853        -6.7318364522         2.0230028114 
        0.4650000000        -0.3400000000         0.9633014398        -6.5326382616         2.0037867578 
        0.4700000000        -0.3400000000         0.9505566824        -6.8646352459         1.9589492993 
        0.4750001000        -0.3400000000         0.9683993428        -6.3998394679         1.9333278945 
        0.4800001000        -0.3400000000         0.9785951487        -6.1342418804         1.9013011385 
        0.4850001000        -0.3400000000         0.9556545853        -6.7318364522         1.8692743824 
        0.4900001000        -0.3400000000         0.9760461972        -6.2006412772         1.8500583288 
        0.4950000000        -0.3400000000         0.9734972457        -6.2670406741         1.8180315728 
        0.5000000000        -0.3400000000         0.9531056338        -6.7982358491         1.7763967899 
        0.5050000000        -0.3400000000         0.9683993428        -6.3998394679         1.7475727095 
        0.5100000000        -0.3400000000         0.9582035368        -6.6654370553         1.7123432778 
        0.5150001000        -0.3400000000         0.9556545853        -6.7318364522         1.6803165218 
        0.5200001000        -0.3400000000         0.9658503913        -6.4662388647         1.6482897658 
        0.5250000000        -0.3400000000         0.9607524883        -6.5990376585         1.6194656853 
        0.5300000000        -0.3400000000         0.9683993428        -6.3998394679         1.5874389293 
        0.5350000000        -0.3400000000         0.9785951487        -6.1342418804         1.5682228757 
        0.5400000000        -0.3400000000         0.9505566824        -6.8646352459         1.5265880928 
        0.5450000000        -0.3400000000         0.9683993428        -6.3998394679         1.4945613368 
        0.5500001000        -0.3400000000         0.9683993428        -6.3998394679         1.4753452831 
        0.5550001000        -0.3400000000         0.9709482942        -6.3334400710         1.4433185271 
        0.5600000000        -0.3400000000         0.9683993428        -6.3998394679         1.4112917711 
        0.5650000000        -0.3400000000         0.9607524883        -6.5990376585         1.3696569882 
        0.5700001000        -0.3400000000         0.9633014398        -6.5326382616         1.3376302322 
        0.5750001000        -0.3400000000         0.9480077309        -6.9310346428         1.3056034761 
        0.5800001000        -0.3400000000         0.9709482942        -6.3334400710         1.2639686933 
        0.5850001000        -0.3400000000         0.9582035368        -6.6654370553         1.2351446129 
        0.5900000000        -0.3400000000         0.9505566824        -6.8646352459         1.2127258836 
        0.5950000000        -0.3400000000         0.9760461972        -6.2006412772         1.1839018032 
        0.6000000000        -0.3400000000         0.9556545853        -6.7318364522         1.1614830740 
        0.6050000000        -0.3400000000         0.9658503913        -6.4662388647         1.1198482911 
        0.6100001000        -0.3400000000         0.9658503913        -6.4662388647         1.0846188595 
        0.6150001000        -0.3400000000         0.9633014398        -6.5326382616         1.0557947790 
        0.6200000000        -0.3400000000         0.9709482942        -6.3334400710         1.0205653474 
        0.6250000000        -0.3400000000         0.9633014398        -6.5326382616         0.9917412670 
        0.6300000000        -0.3400000000         0.9683993428        -6.3998394679         0.9597145109 
        0.6350000000        -0.3400000000         0.9734972457        -6.2670406741         0.9308904305 
        0.6400001000        -0.3400000000         0.9734972457        -6.2670406741         0.9020663501 
        0.6450001000        -0.3400000000         0.9480077309        -6.9310346428         0.8604315672 
        0.6500000000        -0.3400000000         0.9709482942        -6.3334400710         0.8380128380 
        0.6550000000        -0.3400000000         0.9709482942        -6.3334400710         0.7931753795 
        0.6600000000        -0.3400000000         0.9505566824        -6.8646352459         0.7675539747 
        0.6650000000        -0.3400000000         0.9734972457        -6.2670406741         0.7387298943 
        0.6700000000        -0.3400000000         0.9582035368        -6.6654370553         0.7099058138 
        0.6750001000        -0.3400000000         0.9658503913        -6.4662388647         0.6778790578 
        0.6800001000        -0.3400000000         0.9683993428        -6.3998394679         0.6458523018 
        0.6850000000        -0.3400000000         0.9556545853        -6.7318364522         0.6138255457 
        0.6900000000        -0.3400000000         0.9658503913        -6.4662388647         0.5850014653 
        0.6950001000        -0.3400000000         0.9862420032        -5.9350436898         0.5561773849 
        0.7000001000        -0.3400000000         0.9633014398        -6.5326382616         0.5209479532 
        0.7050001000        -0.3400000000         0.9633014398        -6.5326382616         0.5081372508 
        0.7100001000        -0.3400000000         0.9760461972        -6.2006412772         0.4729078192 
        0.7150032000        -0.3400000000         0.9785951487        -6.1342418804         0.4312730363 
        0.7200000000        -0.3400000000         0.9709482942        -6.3334400710         0.4088543071 
        0.7250000000        -0.3400000000         0.9658503913        -6.4662388647         0.3704221998 
        0.7300000000        -0.3400000000         0.9582035368        -6.6654370553         0.3383954438 
        0.7350001000        -0.3400000000         0.9556545853        -6.7318364522         0.3031660121 
        0.7400001000        -0.3400000000         0.9887909546        -5.8686442929         0.2775446073 
        0.7450000000        -0.3400000000         0.9505566824        -6.8646352459         0.2455178513 
        0.7500000000        -0.3400000000         0.9760461972        -6.2006412772         0.2166937708 
        0.7550000000        -0.3400000000         0.9887909546        -5.8686442929         0.1782616636 
        0.7600000000        -0.3400000000         0.9582035368        -6.6654370553         0.1558429344 
        0.7650001000        -0.3400000000         0.9785951487        -6.1342418804         0.1366268808 
        0.7700001000        -0.3400000000         0.9760461972        -6.2006412772         0.0981947735 
        0.7750000000        -0.3400000000         0.9760461972        -6.2006412772         0.0693706931 
        0.7800000000        -0.3400000000         0.9633014398        -6.5326382616         0.0405466126 
        0.7850000000        -0.3400000000         0.9862420032        -5.9350436898         0.0085198566 
        0.7900000000        -0.3400000000         0.9633014398        -6.5326382616        -0.0299122506 
        0.7950000000        -0.3400000000         0.9683993428        -6.3998394679        -0.0491283043 
        0.8000001000        -0.3400000000         0.9760461972        -6.2006412772        -0.0811550603 
        0.8050001000        -0.3400000000         0.9785951487        -6.1342418804        -0.1099791407 
        0.8100000000        -0.3400000000         0.9734972457        -6.2670406741        -0.1388032212 
        0.8150000000        -0.3400000000         0.9811441002        -6.0678424835        -0.1612219504 
        0.8200001000        -0.3400000000         0.9709482942        -6.3334400710        -0.2092620845 
        0.8250001000        -0.3400000000         0.9658503913        -6.4662388647        -0.2316808137 
        0.8300001000        -0.3400000000         0.9760461972        -6.2006412772        -0.2669102453 
        0.8350001000        -0.3400000000         0.9760461972        -6.2006412772        -0.2925316502 
        0.8400000000        -0.3400000000         0.9709482942        -6.3334400710        -0.3117477038 
        0.8450000000        -0.3400000000         0.9734972457        -6.2670406741        -0.3533824866 
        0.8500000000        -0.3400000000         0.9505566824        -6.8646352459        -0.3918145939 
        0.8550000000        -0.3400000000         0.9785951487        -6.1342418804        -0.4142333231 
        0.8600001000        -0.3400000000         0.9709482942        -6.3334400710        -0.4398547279 
        0.8650001000        -0.3400000000         0.9658503913        -6.4662388647        -0.4750841596 
        0.8700000000        -0.3400000000         0.9734972457        -6.2670406741        -0.4910975376 
        0.8750000000        -0.3400000000         0.9709482942        -6.3334400710        -0.5295296448 
        0.8800000000        -0.3400000000         0.9811441002        -6.0678424835        -0.5647590765 
        0.8850000000        -0.3400000000         0.9709482942        -6.3334400710        -0.5967858325 
        0.8900001000        -0.3400000000         0.9582035368        -6.6654370553        -0.6352179398 
        0.8950001000        -0.3400000000         0.9658503913        -6.4662388647        -0.6704473714 
        0.9000000000        -0.3400000000         0.9709482942        -6.3334400710        -0.6960687762 
        0.9050000000        -0.3400000000         0.9607524883        -6.5990376585        -0.7216901811 
        0.9100000000        -0.3400000000         0.9633014398        -6.5326382616        -0.7537169371 
        0.9150000000        -0.3400000000         0.9734972457        -6.2670406741        -0.7761356663 
        0.9200000000        -0.3400000000         0.9709482942        -6.3334400710        -0.8113650980 
        0.9250001000        -0.3400000000         0.9760461972        -6.2006412772        -0.8337838272 
        0.9300001000        -0.3400000000         0.9658503913        -6.4662388647        -0.8690132589 
        0.9350000000        -0.3400000000         0.9862420032        -5.9350436898        -0.8914319881 
        0.9400000000        -0.3400000000         0.9683993428        -6.3998394679        -0.9234587441 
        0.9450001000        -0.3400000000         0.9836930517        -6.0014430866        -0.9490801489 
        0.9500001000        -0.3400000000         0.9862420032        -5.9350436898        -0.9747015538 
        0.9550001000        -0.3400000000         0.9760461972        -6.2006412772        -1.0099309854 
        0.9600001000        -0.3400000000         0.9785951487        -6.1342418804        -1.0483630927 
        0.9650000000        -0.3400000000         0.9607524883        -6.5990376585        -1.0739844975 
        0.9700000000        -0.3400000000         0.9658503913        -6.4662388647        -1.1060112535 
        0.9750000000        -0.3400000000         0.9785951487        -6.1342418804        -1.1284299828 
        0.9800000000        -0.3400000000         0.9658503913        -6.4662388647        -1.1604567388 
        0.9850001000        -0.3400000000         0.9785951487        -6.1342418804        -1.1828754680 
        0.9900001000        -0.3400000000         0.9785951487        -6.1342418804        -1.2116995485 
        0.9950000000        -0.3400000000         0.9785951487        -6.1342418804        -1.2501316557 
        1.0000000000        -0.3400000000         0.9683993428        -6.3998394679        -1.2853610873 
        1.0050000000        -0.3400000000         0.9683993428        -6.3998394679        -1.3173878434 
        1.0100001000        -0.3400000000         0.9734972457        -6.2670406741        -1.3430092482 
        1.0150001000        -0.3400000000         0.9709482942        -6.3334400710        -1.3782386799 
        1.0200001000        -0.3400000000         0.9760461972        -6.2006412772        -1.3910493823 
        1.0250000000        -0.3400000000         0.9836930517        -6.0014430866        -1.4262788139 
        1.0300000000        -0.3400000000         0.9683993428        -6.3998394679        -1.4647109212 
        1.0350000000        -0.3400000000         0.9709482942        -6.3334400710        -1.4999403528 
        1.0400000000        -0.3400000000         0.9836930517        -6.0014430866        -1.5319671088 
        1.0450000000        -0.3400000000         0.9683993428        -6.3998394679        -1.5639938649 
        1.0500001000        -0.3400000000         0.9709482942        -6.3334400710        -1.5896152697 
        1.0550001000        -0.3400000000         0.9734972457        -6.2670406741        -1.6248447014 
        1.0600067000        -0.3400000000         0.9785951487        -6.1342418804        -1.6408580794 
        1.0650000000        -0.3400000000         0.9658503913        -6.4662388647        -1.6696821598 
        1.0700000000        -0.3400000000         0.9836930517        -6.0014430866        -1.7017089158 
        1.0750000000        -0.3400000000         0.9734972457        -6.2670406741        -1.7369383475 
        1.0800001000        -0.3400000000         0.9811441002        -6.0678424835        -1.7593570767 
        1.0850001000        -0.3400000000         0.9836930517        -6.0014430866        -1.7977891840 
        1.0900000000        -0.3400000000         0.9811441002        -6.0678424835        -1.8170052376 
        1.0950000000        -0.3400000000         0.9709482942        -6.3334400710        -1.8554373448 
        1.1000000000        -0.3400000000         0.9887909546        -5.8686442929        -1.8810587497 
        1.1050000000        -0.3400000000         0.9760461972        -6.2006412772        -1.9098828301 
        1.1100001000        -0.3400000000         0.9811441002        -6.0678424835        -1.9483149373 
        1.1150001000        -0.3400000000         0.9683993428        -6.3998394679        -1.9803416934 
        1.1200000000        -0.3400000000         0.9785951487        -6.1342418804        -2.0059630982 
        1.1250000000        -0.3400000000         0.9785951487        -6.1342418804        -2.0379898542 
        1.1300000000        -0.3400000000         0.9709482942        -6.3334400710        -2.0668139347 
        1.1350001000        -0.3400000000         0.9760461972        -6.2006412772        -2.1020433663 
        1.1400001000        -0.3400000000         0.9785951487        -6.1342418804        -2.1180567443 
        1.1450001000        -0.3400000000         0.9709482942        -6.3334400710        -2.1596915272 
        1.1502145000        -0.3400000000         0.9862420032        -5.9350436898        -2.1821102564 
        1.1550001000        -0.3400000000         0.9658503913        -6.4662388647        -2.2205423637 
        1.1600000000        -0.3400000000         0.9887909546        -5.8686442929        -2.2397584173 
        1.1650000000        -0.3400000000         0.9760461972        -6.2006412772        -2.2717851733 
        1.1700000000        -0.3400000000         0.9862420032        -5.9350436898        -2.3102172806 
        1.1750001000        -0.3400000000         0.9760461972        -6.2006412772        -2.3326360098 
        1.1800001000        -0.3400000000         0.9709482942        -6.3334400710        -2.3742707926 
        1.1850000000        -0.3400000000         0.9760461972        -6.2006412772        -2.3966895219 
        1.1900000000        -0.3400000000         0.9785951487        -6.1342418804        -2.4287162779 
        1.1950000000        -0.3400000000         0.9683993428        -6.3998394679        -2.4575403583 
        1.2000000000        -0.3400000000         0.9811441002        -6.0678424835        -2.4927697900 
        1.2050001000        -0.3400000000         0.9582035368        -6.6654370553        -2.5215938704 
        1.2100001000        -0.3400000000         0.9887909546        -5.8686442929        -2.5536206265 
        1.2150000000        -0.3400000000         0.9607524883        -6.5990376585        -2.5856473825 
        1.2200000000        -0.3400000000         0.9785951487        -6.1342418804        -2.6176741385 
        1.2250000000        -0.3400000000         0.9709482942        -6.3334400710        -2.6593089214 
        1.2300000000        -0.3400000000         0.9683993428        -6.3998394679        -2.6977410286 
        1.2350001000        -0.3400000000         0.9556545853        -6.7318364522        -2.7265651091 
        1.2400001000        -0.3400000000         0.9633014398        -6.5326382616        -2.7553891895 
        1.2450000000        -0.3400000000         0.9683993428        -6.3998394679        -2.7778079187 
        1.2500000000        -0.3400000000         0.9709482942        -6.3334400710        -2.8098346748 
        1.2550000000        -0.3400000000         0.9760461972        -6.2006412772        -2.8418614308 
        1.2600001000        -0.3400000000         0.9633014398        -6.5326382616        -2.8802935381 
        1.2650001000        -0.3400000000         0.9683993428        -6.3998394679        -2.9155229697 
        1.2700001000        -0.3400000000         0.9633014398        -6.5326382616        -2.9507524013 
        1.2750000000        -0.3400000000         0.9658503913        -6.4662388647        -2.9891845086 
        1.2800001000        -0.3400000000         0.9556545853        -6.7318364522        -3.0212112646 
        1.2850000000        -0.3400000000         0.9683993428        -6.3998394679        -3.0532380207 
        1.2900000000        -0.3400000000         0.9658503913        -6.4662388647        -3.0820621011 
        1.2950000000        -0.3400000000         0.9709482942        -6.3334400710        -3.1044808303 
        1.3000001000        -0.3400000000         0.9709482942        -6.3334400710        -3.1301022351 
        1.3050001000        -0.3400000000         0.9582035368        -6.6654370553        -3.1301022351 
        1.3100000000        -0.3400000000         0.9709482942        -6.3334400710        -3.1429129376 
        1.3150000000        -0.3400000000         0.9785951487        -6.1342418804        -3.1333049108 
        1.3200000000        -0.3400000000         0.9658503913        -6.4662388647        -3.1365075864 
        1.3250000000        -0.3400000000         0.9836930517        -6.0014430866        -1.7369383475 
        1.3300001000        -0.3400000000         0.9709482942        -6.3334400710        -1.7657624279 
        1.3350001000        -0.3400000000         0.9683993428        -6.3998394679        -1.7433436987 
        1.3400000000        -0.3400000000         0.9556545853        -6.7318364522         3.1407365971 
        1.3450000000        -0.3400000000         0.9760461972        -6.2006412772         3.1407365971 
        1.3500000000        -0.3400000000         0.9556545853        -6.7318364522         3.1439392727 
        1.3550000000        -0.3400000000         0.9683993428        -6.3998394679         3.1407365971 
        1.3600001000        -0.3400000000         0.9785951487        -6.1342418804         3.1311285703 
        1.3650001000        -0.3400000000         0.9556545853        -6.7318364522         3.0926964631 
        1.3700000000        -0.3400000000         0.9633014398        -6.5326382616         3.0606697070 
        1.3750000000        -0.3400000000         0.9709482942        -6.3334400710         3.0382509778 
        1.3800000000        -0.3400000000         0.9531056338        -6.7982358491         2.9934135194 
        1.3850001000        -0.3400000000         0.9709482942        -6.3334400710         2.9645894389 
        1.3900001000        -0.3400000000         0.9505566824        -6.8646352459         2.9229546561 
        1.3950001000        -0.3400000000         0.9607524883        -6.5990376585         2.8909279000 
        1.4000000000        -0.3400000000         0.9633014398        -6.5326382616         2.8524957928 
        1.4050001000        -0.3400000000         0.9658503913        -6.4662388647         2.8364824148 
        1.4100000000        -0.3400000000         0.9556545853        -6.7318364522         2.7916449563 
        1.4150000000        -0.3400000000         0.9683993428        -6.3998394679         2.7628208759 
        1.4200000000        -0.3400000000         0.9683993428        -6.3998394679         2.7307941198 
        1.4250001000        -0.3400000000         0.9582035368        -6.6654370553         2.6987673638 
        1.4300001000        -0.3400000000         0.9633014398        -6.5326382616         2.6539299054 
        1.4350000000        -0.3400000000         0.9607524883        -6.5990376585         2.6219031493 
        1.4400000000        -0.3400000000         0.9480077309        -6.9310346428         2.5770656909 
        1.4450000000        -0.3400000000         0.9480077309        -6.9310346428         2.5418362592 
        1.4500000000        -0.3400000000         0.9378119249        -7.1966322303         2.5162148544 
        1.4550001000        -0.3400000000         0.9582035368        -6.6654370553         2.4777827471 
        1.4600001000        -0.3400000000         0.9556545853        -6.7318364522         2.4521613423 
        1.4650000000        -0.3400000000         0.9429098279        -7.0638334366         2.4169319107 
        1.4700000000        -0.3400000000         0.9785951487        -6.1342418804         2.3977158570 
        1.4750000000        -0.3400000000         0.9633014398        -6.5326382616         2.3656891010 
        1.4800000000        -0.3400000000         0.9683993428        -6.3998394679         2.3304596694 
        1.4850001000        -0.3400000000         0.9633014398        -6.5326382616         2.2920275621 
        1.4900001000        -0.3400000000         0.9454587794        -6.9974340397         2.2567981305 
        1.4950000000        -0.3400000000         0.9633014398        -6.5326382616         2.2311767256 
        1.5000000000        -0.3400000000         0.9633014398        -6.5326382616         2.1895419428 
        1.5050000000        -0.3400000000         0.9582035368        -6.6654370553         2.1607178624 
        1.5100001000        -0.3400000000         0.9480077309        -6.9310346428         2.1318937819 
        1.5150001000        -0.3400000000         0.8740881378        -8.8566171520         2.0902589991 
        1.5200001000        -0.3400000000         0.9633014398        -6.5326382616         2.0582322430 
        1.5250000000        -0.3400000000         0.9683993428        -6.3998394679         2.0198001358 
        1.5300001000        -0.3400000000         0.9505566824        -6.8646352459         1.9877733798 
        1.5350000000        -0.3400000000         0.9403608764        -7.1302328334         1.9461385969 
        1.5400001000        -0.3400000000         0.9582035368        -6.6654370553         1.9205171921 
        1.5450000000        -0.3400000000         0.9658503913        -6.4662388647         1.8852877604 
        1.5500017000        -0.3400000000         0.9480077309        -6.9310346428         1.8532610044 
        1.5550001000        -0.3400000000         0.9556545853        -6.7318364522         1.8148288972 
        1.5600000000        -0.3400000000         0.9531056338        -6.7982358491         1.7892074923 
        1.5650000000        -0.3400000000         0.9633014398        -6.5326382616         1.7539780607 
        1.5700000000        -0.3400000000         0.9556545853        -6.7318364522         1.7251539802 
        1.5750000000        -0.3400000000         0.9556545853        -6.7318364522         1.6995325754 
        1.5800001000        -0.3400000000         0.9480077309        -6.9310346428         1.6514924414 
        1.5850001000        -0.3400000000         0.9633014398        -6.5326382616         1.6290737121 
        1.5900000000        -0.3400000000         0.9429098279        -7.0638334366         1.5842362537 
        1.5950000000        -0.3400000000         0.9556545853        -6.7318364522         1.5586148488 
        1.6000000000        -0.3400000000         0.9454587794        -6.9974340397         1.5265880928 
        1.6050029000        -0.3400000000         0.9480077309        -6.9310346428         1.5009666880 
        1.6100001000        -0.3400000000         0.9582035368        -6.6654370553         1.4689399319 
        1.6150001000        -0.3400000000         0.9531056338        -6.7982358491         1.4369131759 
        1.6200000000        -0.3400000000         0.9454587794        -6.9974340397         1.4048864199 
        1.6250000000        -0.3400000000         0.9683993428        -6.3998394679         1.3696569882 
        1.6300000000        -0.3400000000         0.9633014398        -6.5326382616         1.3472382590 
        1.6350001000        -0.3400000000         0.9582035368        -6.6654370553         1.3056034761 
        1.6400001000        -0.3400000000         0.9683993428        -6.3998394679         1.2831847469 
        1.6450001000        -0.3400000000         0.9378119249        -7.1966322303         1.2415499641 
        1.6500000000        -0.3400000000         0.9531056338        -6.7982358491         1.2095232080 
        1.6550001000        -0.3400000000         0.9683993428        -6.3998394679         1.1839018032 
        1.6600000000        -0.3400000000         0.9658503913        -6.4662388647         1.1614830740 
        1.6650047000        -0.3400000000         0.9480077309        -6.9310346428         1.1230509667 
        1.6700000000        -0.3400000000         0.9709482942        -6.3334400710         1.0814161839 
        1.6750034000        -0.3400000000         0.9505566824        -6.8646352459         1.0461867522 
        1.6800001000        -0.3400000000         0.9556545853        -6.7318364522         1.0141599962 
        1.6850000000        -0.3400000000         0.9658503913        -6.4662388647         0.9789305646 
        1.6900000000        -0.3400000000         0.9480077309        -6.9310346428         0.9437011329 
        1.6950000000        -0.3400000000         0.9582035368        -6.6654370553         0.9148770525 
        1.7000000000        -0.3400000000         0.9658503913        -6.4662388647         0.8892556476 
        1.7050001000        -0.3400000000         0.9531056338        -6.7982358491         0.8604315672 
        1.7100001000        -0.3400000000         0.9709482942        -6.3334400710         0.8284048112 
        1.7150000000        -0.3400000000         0.9480077309        -6.9310346428         0.7867700283 
        1.7200000000        -0.3400000000         0.9607524883        -6.5990376585         0.7643512991 
        1.7250575000        -0.3400000000         0.9709482942        -6.3334400710         0.7291218675 
        1.7300000000        -0.3400000000         0.9454587794        -6.9974340397         0.6938924358 
        1.7350001000        -0.3400000000         0.9582035368        -6.6654370553         0.6618656798 
        1.7400001000        -0.3400000000         0.9836930517        -6.0014430866         0.6362442749 
        1.7450000000        -0.3400000000         0.9633014398        -6.5326382616         0.5978121677 
        1.7500000000        -0.3400000000         0.9683993428        -6.3998394679         0.5753934385 
        1.7550000000        -0.3400000000         0.9633014398        -6.5326382616         0.5369613312 
        1.7600001000        -0.3400000000         0.9709482942        -6.3334400710         0.5209479532 
        1.7650001000        -0.3400000000         0.9683993428        -6.3998394679         0.4889211972 
        1.7700001000        -0.3400000000         0.9709482942        -6.3334400710         0.4504890899 
        1.7750000000        -0.3400000000         0.9709482942        -6.3334400710         0.4280703607 
        1.7800001000        -0.3400000000         0.9683993428        -6.3998394679         0.3928409291 
        1.7850000000        -0.3400000000         0.9811441002        -6.0678424835         0.3640168486 
        1.7900001000        -0.3400000000         0.9633014398        -6.5326382616         0.3319900926 
        1.7950000000        -0.3400000000         0.9709482942        -6.3334400710         0.2871526341 
        1.8000001000        -0.3400000000         0.9913399061        -5.8022448960         0.2679365805 
        1.8050001000        -0.3400000000         0.9582035368        -6.6654370553         0.2391125001 
        1.8100000000        -0.3400000000         0.9836930517        -6.0014430866         0.2038830684 
        1.8150000000        -0.3400000000         0.9607524883        -6.5990376585         0.1750589880 
        1.8200758000        -0.3400000000         0.9785951487        -6.1342418804         0.1430322320 
        1.8250041000        -0.3400000000         0.9658503913        -6.4662388647         0.1174108271 
        1.8300001000        -0.3400000000         0.9683993428        -6.3998394679         0.0821813955 
        1.8351126000        -0.3400000000         0.9709482942        -6.3334400710         0.0597626663 
        1.8400000000        -0.3400000000         0.9709482942        -6.3334400710         0.0309385858 
        1.8450000000        -0.3400000000         0.9836930517        -6.0014430866        -0.0042908458 
        1.8500000000        -0.3400000000         0.9633014398        -6.5326382616        -0.0427229531 
        1.8550000000        -0.3400000000         0.9633014398        -6.5326382616        -0.0747497091 
        1.8600001000        -0.3400000000         0.9734972457        -6.2670406741        -0.1035737895 
        1.8650001000        -0.3400000000         0.9734972457        -6.2670406741        -0.1195871676 
        1.8700000000        -0.3400000000         0.9734972457        -6.2670406741        -0.1580192748 
        1.8750000000        -0.3400000000         0.9709482942        -6.3334400710        -0.1836406796 
        1.8800000000        -0.3400000000         0.9582035368        -6.6654370553        -0.2220727869 
        1.8850001000        -0.3400000000         0.9836930517        -6.0014430866        -0.2380861649 
        1.8900001000        -0.3400000000         0.9785951487        -6.1342418804        -0.2733155965 
        1.8950001000        -0.3400000000         0.9556545853        -6.7318364522        -0.3117477038 
        1.9000000000        -0.3400000000         0.9887909546        -5.8686442929        -0.3341664330 
        1.9050001000        -0.3400000000         0.9658503913        -6.4662388647        -0.3629905134 
        1.9100000000        -0.3400000000         0.9862420032        -5.9350436898        -0.3918145939 
        1.9150001000        -0.3400000000         0.9683993428        -6.3998394679        -0.4366520523 
        1.9200000000        -0.3400000000         0.9658503913        -6.4662388647        -0.4622734572 
        1.9250001000        -0.3400000000         0.9785951487        -6.1342418804        -0.4846921864 
        1.9300001000        -0.3400000000         0.9683993428        -6.3998394679        -0.5231242936 
        1.9350000000        -0.3400000000         0.9582035368        -6.6654370553        -0.5551510497 
        1.9400000000        -0.3400000000         0.9658503913        -6.4662388647        -0.5935831569 
        1.9450000000        -0.3400000000         0.9582035368        -6.6654370553        -0.6256099130 
        1.9500000000        -0.3400000000         0.9709482942        -6.3334400710        -0.6576366690 
        1.9550001000        -0.3400000000         0.9658503913        -6.4662388647        -0.6832580738 
        1.9600001000        -0.3400000000         0.9811441002        -6.0678424835        -0.7088794787 
        1.9650000000        -0.3400000000         0.9785951487        -6.1342418804        -0.7345008835 
        1.9700000000        -0.3400000000         0.9633014398        -6.5326382616        -0.7633249639 
        1.9750000000        -0.3400000000         0.9785951487        -6.1342418804        -0.7953517200 
        1.9800000000        -0.3400000000         0.9556545853        -6.7318364522        -0.8369865028 
        1.9850001000        -0.3400000000         0.9785951487        -6.1342418804        -0.8529998808 
        1.9900001000        -0.3400000000         0.9709482942        -6.3334400710        -0.8882293125 
        1.9950000000        -0.3400000000         0.9633014398        -6.5326382616        -0.9170533929 
        2.0000000000        -0.3400000000         0.9734972457        -6.2670406741        -0.9490801489 
        2.0050000000        -0.3400000000         0.9785951487        -6.1342418804        -0.9682962026 
        2.0100000000        -0.3400000000         0.9582035368        -6.6654370553        -1.0067283098 
        2.0150001000        -0.3400000000         0.9683993428        -6.3998394679        -1.0419577415 
        2.0200001000        -0.3400000000         0.9709482942        -6.3334400710        -1.0579711195 
        2.0250000000        -0.3400000000         0.9683993428        -6.3998394679        -1.1060112535 
        2.0300000000        -0.3400000000         0.9556545853        -6.7318364522        -1.1348353340 
        2.0350001000        -0.3400000000         0.9709482942        -6.3334400710        -1.1604567388 
        2.0400001000        -0.3400000000         0.9607524883        -6.5990376585        -1.1988888460 
        2.0450000000        -0.3400000000         0.9658503913        -6.4662388647        -1.2181048997 
        2.0500001000        -0.3400000000         0.9607524883        -6.5990376585        -1.2597396825 
        2.0550001000        -0.3400000000         0.9785951487        -6.1342418804        -1.2757530605 
        2.0600000000        -0.3400000000         0.9683993428        -6.3998394679        -1.3237931946 
        2.0650000000        -0.3400000000         0.9683993428        -6.3998394679        -1.3462119238 
        2.0700000000        -0.3400000000         0.9658503913        -6.4662388647        -1.3782386799 
        2.0750000000        -0.3400000000         0.9760461972        -6.2006412772        -1.4006574091 
        2.0800001000        -0.3400000000         0.9862420032        -5.9350436898        -1.4294814895 
        2.0850001000        -0.3400000000         0.9582035368        -6.6654370553        -1.4647109212 
        2.0900000000        -0.3400000000         0.9760461972        -6.2006412772        -1.5031430284 
        2.0950000000        -0.3400000000         0.9785951487        -6.1342418804        -1.5255617576 
        2.1000000000        -0.3400000000         0.9582035368        -6.6654370553        -1.5736018917 
        2.1050000000        -0.3400000000         0.9607524883        -6.5990376585        -1.6056286477 
        2.1100001000        -0.3400000000         0.9709482942        -6.3334400710        -1.6248447014 
        2.1150001000        -0.3400000000         0.9658503913        -6.4662388647        -1.6568714574 
        2.1200000000        -0.3400000000         0.9709482942        -6.3334400710        -1.6856955378 
        2.1250000000        -0.3400000000         0.9633014398        -6.5326382616        -1.7273303207 
        2.1300000000        -0.3400000000         0.9836930517        -6.0014430866        -1.7433436987 
        2.1350000000        -0.3400000000         0.9785951487        -6.1342418804        -1.7721677791 
        2.1400001000        -0.3400000000         0.9760461972        -6.2006412772        -1.7977891840 
        2.1450001000        -0.3400000000         0.9658503913        -6.4662388647        -1.8298159400 
        2.1500000000        -0.3400000000         0.9862420032        -5.9350436898        -1.8650453716 
        2.1550000000        -0.3400000000         0.9683993428        -6.3998394679        -1.9034774789 
        2.1600001000        -0.3400000000         0.9633014398        -6.5326382616        -1.9451122617 
        2.1650000000        -0.3400000000         0.9658503913        -6.4662388647        -1.9739363422 
        2.1700000000        -0.3400000000         0.9683993428        -6.3998394679        -1.9931523958 
        2.1750001000        -0.3400000000         0.9582035368        -6.6654370553        -2.0251791518 
        2.1800001000        -0.3400000000         0.9785951487        -6.1342418804        -2.0572059079 
        2.1850000000        -0.3400000000         0.9683993428        -6.3998394679        -2.0956380151 
        2.1900000000        -0.3400000000         0.9683993428        -6.3998394679        -2.1084487175 
        2.1950000000        -0.3400000000         0.9633014398        -6.5326382616        -2.1564888516 
        2.2000000000        -0.3400000000         0.9505566824        -6.8646352459        -2.1885156076 
        2.2050001000        -0.3400000000         0.9862420032        -5.9350436898        -2.2205423637 
        2.2100001000        -0.3400000000         0.9582035368        -6.6654370553        -2.2493664441 
        2.2150000000        -0.3400000000         0.9633014398        -6.5326382616        -2.2717851733 
        2.2200000000        -0.3400000000         0.9709482942        -6.3334400710        -2.3006092538 
        2.2250000000        -0.3400000000         0.9658503913        -6.4662388647        -2.3390413610 
        2.2300009000        -0.3400000000         0.9760461972        -6.2006412772        -2.3614600902 
        2.2350001000        -0.3400000000         0.9556545853        -6.7318364522        -2.4095002243 
        2.2400001000        -0.3400000000         0.9633014398        -6.5326382616        -2.4383243047 
        2.2450000000        -0.3400000000         0.9709482942        -6.3334400710        -2.4671483852 
        2.2500000000        -0.3400000000         0.9785951487        -6.1342418804        -2.4927697900 
        2.2550000000        -0.3400000000         0.9633014398        -6.5326382616        -2.5215938704 
        2.2600000000        -0.3400000000         0.9683993428        -6.3998394679        -2.5536206265 
        2.2650001000        -0.3400000000         0.9607524883        -6.5990376585        -2.5984580849 
        2.2700060000        -0.3400000000         0.9633014398        -6.5326382616        -2.6304848410 
        2.2750000000        -0.3400000000         0.9607524883        -6.5990376585        -2.6625115970 
        2.2800000000        -0.3400000000         0.9658503913        -6.4662388647        -2.6945383530 
        2.2850001000        -0.3400000000         0.9403608764        -7.1302328334        -2.7265651091 
        2.2900000000        -0.3400000000         0.9683993428        -6.3998394679        -2.7617945407 
        2.2950000000        -0.3400000000         0.9709482942        -6.3334400710        -2.7906186211 
        2.3000001000        -0.3400000000         0.9556545853        -6.7318364522        -2.8258480528 
        2.3050001000        -0.3400000000         0.9734972457        -6.2670406741        -2.8674828356 
        2.3100000000        -0.3400000000         0.9454587794        -6.9974340397        -2.8866988893 
        2.3150000000        -0.3400000000         0.9582035368        -6.6654370553        -2.9347390233 
        2.3200000000        -0.3400000000         0.9658503913        -6.4662388647        -2.9667657794 
        2.3250000000        -0.3400000000         0.9531056338        -6.7982358491        -2.9955898598 
        2.3300001000        -0.3400000000         0.9607524883        -6.5990376585        -3.0340219670 
        2.3350001000        -0.3400000000         0.9582035368        -6.6654370553        -3.0660487231 
        2.3400000000        -0.3400000000         0.9582035368        -6.6654370553        -3.0916701279 
        2.3450000000        -0.3400000000         0.9582035368        -6.6654370553        -3.1301022351 
        2.3500000000        -0.3400000000         0.9633014398        -6.5326382616        -3.1461156132 
        2.3550000000        -0.3400000000         0.9658503913        -6.4662388647        -3.1397102620 
        2.3600001000        -0.3400000000         0.9633014398        -6.5326382616        -3.1397102620 
        2.3650001000        -0.3400000000         0.9709482942        -6.3334400710        -3.1301022351 
        2.3700000000        -0.3400000000         0.9607524883        -6.5990376585        -3.1397102620 
        2.3750000000        -0.3400000000         0.9607524883        -6.5990376585        -1.7785731303 
        2.3800000000        -0.3400000000         0.9760461972        -6.2006412772        -1.7657624279 
        2.3850000000        -0.3400000000         0.9505566824        -6.8646352459         3.1439392727 
        2.3900001000        -0.3400000000         0.9633014398        -6.5326382616         3.1407365971 
        2.3950001000        -0.3400000000         0.9633014398        -6.5326382616         3.1407365971 
        2.4000000000        -0.3400000000         0.9531056338        -6.7982358491         3.1311285703 
        2.4050000000        -0.3400000000         0.9683993428        -6.3998394679         3.1407365971 
        2.4100001000        -0.3400000000         0.9683993428        -6.3998394679         3.1215205435 
        2.4150000000        -0.3400000000         0.9582035368        -6.6654370553         3.0830884363 
        2.4200000000        -0.3400000000         0.9683993428        -6.3998394679         3.0446563290 
        2.4250001000        -0.3400000000         0.9709482942        -6.3334400710         3.0254402754 
        2.4300001000        -0.3400000000         0.9582035368        -6.6654370553         2.9806028169 
        2.4350000000        -0.3400000000         0.9633014398        -6.5326382616         2.9453733853 
        2.4400000000        -0.3400000000         0.9505566824        -6.8646352459         2.9133466293 
        2.4450000000        -0.3400000000         0.9480077309        -6.9310346428         2.8749145220 
        2.4500000000        -0.3400000000         0.9556545853        -6.7318364522         2.8364824148 
        2.4550048000        -0.3400000000         0.9760461972        -6.2006412772         2.8140636855 
        2.4600032000        -0.3400000000         0.9734972457        -6.2670406741         2.7916449563 
        2.4650000000        -0.3400000000         0.9658503913        -6.4662388647         2.7564155247 
        2.4700000000        -0.3400000000         0.9556545853        -6.7318364522         2.7275914442 
        2.4750000000        -0.3400000000         0.9607524883        -6.5990376585         2.6827539858 
        2.4800000000        -0.3400000000         0.9683993428        -6.3998394679         2.6507272298 
        2.4850001000        -0.3400000000         0.9429098279        -7.0638334366         2.6058897713 
        2.4900001000        -0.3400000000         0.9505566824        -6.8646352459         2.5706603397 
        2.4950000000        -0.3400000000         0.9505566824        -6.8646352459         2.5482416104 
        2.5000000000        -0.3400000000         0.9607524883        -6.5990376585         2.5194175300 
        2.5050000000        -0.3400000000         0.9633014398        -6.5326382616         2.4809854227 
        2.5100000000        -0.3400000000         0.9658503913        -6.4662388647         2.4553640179 
        2.5150001000        -0.3400000000         0.9582035368        -6.6654370553         2.4137292351 
        2.5200001000        -0.3400000000         0.9633014398        -6.5326382616         2.3849051546 
        2.5250000000        -0.3400000000         0.9582035368        -6.6654370553         2.3528783986 
        2.5300000000        -0.3400000000         0.9658503913        -6.4662388647         2.3176489670 
        2.5350228000        -0.3400000000         0.9607524883        -6.5990376585         2.2824195353 
        2.5400000000        -0.3400000000         0.9480077309        -6.9310346428         2.2471901037 
        2.5450000000        -0.3400000000         0.9505566824        -6.8646352459         2.2087579964 
        2.5500001000        -0.3400000000         0.9658503913        -6.4662388647         2.1831365916 
        2.5550001000        -0.3400000000         0.9378119249        -7.1966322303         2.1479071600 
        2.5600000000        -0.3400000000         0.9683993428        -6.3998394679         2.1222857551 
        2.5650000000        -0.3400000000         0.9709482942        -6.3334400710         2.0838536479 
        2.5700000000        -0.3400000000         0.9480077309        -6.9310346428         2.0518268918 
        2.5750000000        -0.3400000000         0.9683993428        -6.3998394679         2.0198001358 
        2.5800059000        -0.3400000000         0.9480077309        -6.9310346428         1.9813680286 
        2.5850001000        -0.3400000000         0.9505566824        -6.8646352459         1.9429359213 
        2.5900000000        -0.3400000000         0.9556545853        -6.7318364522         1.9045038141 
        2.5950000000        -0.3400000000         0.9633014398        -6.5326382616         1.8788824092 
        2.6000000000        -0.3400000000         0.9607524883        -6.5990376585         1.8532610044 
        2.6050000000        -0.3400000000         0.9582035368        -6.6654370553         1.8244369240 
        2.6100001000        -0.3400000000         0.9607524883        -6.5990376585         1.7892074923 
        2.6150001000        -0.3400000000         0.9531056338        -6.7982358491         1.7379646827 
        2.6200000000        -0.3400000000         0.9505566824        -6.8646352459         1.7091406022 
        2.6250040000        -0.3400000000         0.9454587794        -6.9974340397         1.6835191974 
        2.6300000000        -0.3400000000         0.9480077309        -6.9310346428         1.6514924414 
        2.6350000000        -0.3400000000         0.9607524883        -6.5990376585         1.6194656853 
        2.6400001000        -0.3400000000         0.9505566824        -6.8646352459         1.5970469561 
        2.6450001000        -0.3400000000         0.9531056338        -6.7982358491         1.5586148488 
        2.6500000000        -0.3400000000         0.9658503913        -6.4662388647         1.5329934440 
        2.6550000000        -0.3400000000         0.9531056338        -6.7982358491         1.4913586612 
        2.6600001000        -0.3400000000         0.9683993428        -6.3998394679         1.4625345807 
        2.6650000000        -0.3400000000         0.9429098279        -7.0638334366         1.4273051491 
        2.6700000000        -0.3400000000         0.9683993428        -6.3998394679         1.3920757174 
        2.6750001000        -0.3400000000         0.9633014398        -6.5326382616         1.3632516370 
        2.6800001000        -0.3400000000         0.9582035368        -6.6654370553         1.3376302322 
        2.6850000000        -0.3400000000         0.9683993428        -6.3998394679         1.2959954493 
        2.6900000000        -0.3400000000         0.9531056338        -6.7982358491         1.2543606665 
        2.6950000000        -0.3400000000         0.9531056338        -6.7982358491         1.2351446129 
        2.7000000000        -0.3400000000         0.9683993428        -6.3998394679         1.1999151812 
        2.7050001000        -0.3400000000         0.9683993428        -6.3998394679         1.1742937764 
        2.7100001000        -0.3400000000         0.9454587794        -6.9974340397         1.1358616691 
        2.7150000000        -0.3400000000         0.9556545853        -6.7318364522         1.0974295619 
        2.7200000000        -0.3400000000         0.9683993428        -6.3998394679         1.0718081571 
        2.7250000000        -0.3400000000         0.9607524883        -6.5990376585         1.0397814010 
        2.7300000000        -0.3400000000         0.9658503913        -6.4662388647         1.0141599962 
        2.7350001000        -0.3400000000         0.9607524883        -6.5990376585         0.9789305646 
        2.7400001000        -0.3400000000         0.9429098279        -7.0638334366         0.9404984573 
        2.7450201000        -0.3400000000         0.9683993428        -6.3998394679         0.9052690257 
        2.7500000000        -0.3400000000         0.9658503913        -6.4662388647         0.8924583233 
        2.7550000000        -0.3400000000         0.9683993428        -6.3998394679         0.8636342428 
        2.7600000000        -0.3400000000         0.9683993428        -6.3998394679         0.8284048112 
        2.7650001000        -0.3400000000         0.9480077309        -6.9310346428         0.7867700283 
        2.7700001000        -0.3400000000         0.9658503913        -6.4662388647         0.7515405967 
        2.7750000000        -0.3400000000         0.9658503913        -6.4662388647         0.7227165162 
        2.7800000000        -0.3400000000         0.9862420032        -5.9350436898         0.6906897602 
        2.7850001000        -0.3400000000         0.9480077309        -6.9310346428         0.6522576530 
        2.7900000000        -0.3400000000         0.9683993428        -6.3998394679         0.6298389237 
        2.7950000000        -0.3400000000         0.9683993428        -6.3998394679         0.5978121677 
        2.8000001000        -0.3400000000         0.9760461972        -6.2006412772         0.5785961141 
        2.8050001000        -0.3400000000         0.9760461972        -6.2006412772         0.5465693580 
        2.8100000000        -0.3400000000         0.9505566824        -6.8646352459         0.5081372508 
        2.8150000000        -0.3400000000         0.9811441002        -6.0678424835         0.4857185216 
        2.8200000000        -0.3400000000         0.9658503913        -6.4662388647         0.4344757119 
        2.8250000000        -0.3400000000         0.9658503913        -6.4662388647         0.4120569827 
        2.8300001000        -0.3400000000         0.9785951487        -6.1342418804         0.3800302266 
        2.8350001000        -0.3400000000         0.9607524883        -6.5990376585         0.3415981194 
        2.8400000000        -0.3400000000         0.9683993428        -6.3998394679         0.3191793902 
        2.8450000000        -0.3400000000         0.9785951487        -6.1342418804         0.2871526341 
        2.8500000000        -0.3400000000         0.9709482942        -6.3334400710         0.2615312293 
        2.8550000000        -0.3400000000         0.9633014398        -6.5326382616         0.2295044733 
        2.8600001000        -0.3400000000         0.9785951487        -6.1342418804         0.2070857440 
        2.8650001000        -0.3400000000         0.9734972457        -6.2670406741         0.1622482856 
        2.8700000000        -0.3400000000         0.9683993428        -6.3998394679         0.1366268808 
        2.8750000000        -0.3400000000         0.9683993428        -6.3998394679         0.1110054759 
        2.8800000000        -0.3400000000         0.9760461972        -6.2006412772         0.0725733687 
        2.8850000000        -0.3400000000         0.9709482942        -6.3334400710         0.0501546394 
        2.8900001000        -0.3400000000         0.9683993428        -6.3998394679         0.0053171810 
        2.8950001000        -0.3400000000         0.9760461972        -6.2006412772        -0.0138988726 
        2.9000000000        -0.3400000000         0.9658503913        -6.4662388647        -0.0427229531 
        2.9050000000        -0.3400000000         0.9734972457        -6.2670406741        -0.0683443579 
        2.9100001000        -0.3400000000         0.9760461972        -6.2006412772        -0.1067764651 
        2.9150000000        -0.3400000000         0.9709482942        -6.3334400710        -0.1259925188 
        2.9200000000        -0.3400000000         0.9785951487        -6.1342418804        -0.1548165992 
        2.9250001000        -0.3400000000         0.9658503913        -6.4662388647        -0.2028567333 
        2.9300001000        -0.3400000000         0.9556545853        -6.7318364522        -0.2348834893 
        2.9350000000        -0.3400000000         0.9683993428        -6.3998394679        -0.2605048941 
        2.9400000000        -0.3400000000         0.9785951487        -6.1342418804        -0.2861262990 
        2.9454413000        -0.3400000000         0.9709482942        -6.3334400710        -0.3117477038 
        2.9500000000        -0.3400000000         0.9862420032        -5.9350436898        -0.3469771354 
        2.9550001000        -0.3400000000         0.9582035368        -6.6654370553        -0.3758012159 
        2.9600001000        -0.3400000000         0.9811441002        -6.0678424835        -0.4046252963 
        2.9650000000        -0.3400000000         0.9862420032        -5.9350436898        -0.4206386743 
        2.9700000000        -0.3400000000         0.9709482942        -6.3334400710        -0.4622734572 
        2.9750000000        -0.3400000000         0.9709482942        -6.3334400710        -0.4943002132 
        2.9800000000        -0.3400000000         0.9836930517        -6.0014430866        -0.5167189424 
        2.9850001000        -0.3400000000         0.9836930517        -6.0014430866        -0.5487456985 
        2.9900001000        -0.3400000000         0.9658503913        -6.4662388647        -0.5935831569 
        2.9950000000        -0.3400000000         0.9760461972        -6.2006412772        -0.6160018861 
        3.0000000000        -0.3400000000         0.9785951487        -6.1342418804        -0.6448259666 
        3.0050000000        -0.3400000000         0.9836930517        -6.0014430866        -0.6704473714 
        3.0100000000        -0.3400000000         0.9887909546        -5.8686442929        -0.6960687762 
        3.0150001000        -0.3400000000         0.9709482942        -6.3334400710        -0.7312982079 
        3.0200001000        -0.3400000000         0.9709482942        -6.3334400710        -0.7665276395 
        3.0250000000        -0.3400000000         0.9862420032        -5.9350436898        -0.7953517200 
        3.0300000000        -0.3400000000         0.9734972457        -6.2670406741        -0.8113650980 
        3.0350001000        -0.3400000000         0.9836930517        -6.0014430866        -0.8497972052 
        3.0400000000        -0.3400000000         0.9862420032        -5.9350436898        -0.8722159345 
        3.0450000000        -0.3400000000         0.9709482942        -6.3334400710        -0.9010400149 
        3.0500001000        -0.3400000000         0.9658503913        -6.4662388647        -0.9490801489 
        3.0550001000        -0.3400000000         0.9683993428        -6.3998394679        -0.9747015538 
        3.0600000000        -0.3400000000         0.9836930517        -6.0014430866        -0.9971202830 
        3.0650000000        -0.3400000000         0.9913399061        -5.8022448960        -1.0163363366 
        3.0700000000        -0.3400000000         0.9760461972        -6.2006412772        -1.0419577415 
        3.0750001000        -0.3400000000         0.9862420032        -5.9350436898        -1.0835925243 
        3.0800001000        -0.3400000000         0.9785951487        -6.1342418804        -1.1060112535 
        3.0850001000        -0.3400000000         0.9887909546        -5.8686442929        -1.1316326584 
        3.0900000000        -0.3400000000         0.9862420032        -5.9350436898        -1.1604567388 
        3.0950000000        -0.3400000000         0.9734972457        -6.2670406741        -1.2020915216 
        3.1000000000        -0.3400000000         0.9683993428        -6.3998394679        -1.2405236289 
        3.1050000000        -0.3400000000         0.9709482942        -6.3334400710        -1.2693477093 
        3.1100001000        -0.3400000000         0.9658503913        -6.4662388647        -1.3013744654 
        3.1150001000        -0.3400000000         0.9836930517        -6.0014430866        -1.3301985458 
        3.1200000000        -0.3400000000         0.9785951487        -6.1342418804        -1.3494145994 
        3.1250000000        -0.3400000000         0.9709482942        -6.3334400710        -1.3814413555 
        3.1300000000        -0.3400000000         0.9760461972        -6.2006412772        -1.4102654359 
        3.1350000000        -0.3400000000         0.9785951487        -6.1342418804        -1.4454948675 
        3.1400001000        -0.3400000000         0.9709482942        -6.3334400710        -1.4775216236 
        3.1450001000        -0.3400000000         0.9683993428        -6.3998394679        -1.5095483796 
        3.1500000000        -0.3400000000         0.9785951487        -6.1342418804        -1.5223590820 
        3.1550000000        -0.3400000000         0.9862420032        -5.9350436898        -1.5543858381 
        3.1600001000        -0.3400000000         0.9836930517        -6.0014430866        -1.5896152697 
        3.1650000000        -0.3400000000         0.9683993428        -6.3998394679        -1.6280473770 
        3.1700000000        -0.3400000000         0.9785951487        -6.1342418804        -1.6568714574 
        3.1750001000        -0.3400000000         0.9709482942        -6.3334400710        -1.6760875110 
        3.1800004000        -0.3400000000         0.9836930517        -6.0014430866        -1.7113169427 
        3.1850000000        -0.3400000000         0.9734972457        -6.2670406741        -1.7369383475 
        3.1900000000        -0.3400000000         0.9709482942        -6.3334400710        -1.7721677791 
        3.1950000000        -0.3400000000         0.9836930517        -6.0014430866        -1.7849784815 
        3.2000001000        -0.3400000000         0.9811441002        -6.0678424835        -1.8170052376 
        3.2050001000        -0.3400000000         0.9709482942        -6.3334400710        -1.8554373448 
        3.2100001000        -0.3400000000         0.9785951487        -6.1342418804        -1.8906667765 
        3.2150000000        -0.3400000000         0.9683993428        -6.3998394679        -1.9162881813 
        3.2200000000        -0.3400000000         0.9683993428        -6.3998394679        -1.9547202885 
        3.2250000000        -0.3400000000         0.9785951487        -6.1342418804        -1.9739363422 
        3.2300000000        -0.3400000000         0.9709482942        -6.3334400710        -2.0123684494 
        3.2350001000        -0.3400000000         0.9836930517        -6.0014430866        -2.0347871786 
        3.2400001000        -0.3400000000         0.9760461972        -6.2006412772        -2.0604085835 
        3.2450026000        -0.3400000000         0.9887909546        -5.8686442929        -2.0828273127 
        3.2500000000        -0.3400000000         0.9785951487        -6.1342418804        -2.1212594199 
        3.2550000000        -0.3400000000         0.9658503913        -6.4662388647        -2.1564888516 
        3.2600000000        -0.3400000000         0.9836930517        -6.0014430866        -2.1821102564 
        3.2650001000        -0.3400000000         0.9760461972        -6.2006412772        -2.2045289856 
        3.2700001000        -0.3400000000         0.9785951487        -6.1342418804        -2.2333530661 
        3.2750000000        -0.3400000000         0.9785951487        -6.1342418804        -2.2717851733 
        3.2800000000        -0.3400000000         0.9785951487        -6.1342418804        -2.2974065782 
        3.2850001000        -0.3400000000         0.9862420032        -5.9350436898        -2.3230279830 
        3.2900000000        -0.3400000000         0.9836930517        -6.0014430866        -2.3550547390 
        3.2950085000        -0.3400000000         0.9760461972        -6.2006412772        -2.3998921975 
        3.3000001000        -0.3400000000         0.9607524883        -6.5990376585        -2.4351216291 
        3.3050001000        -0.3400000000         0.9785951487        -6.1342418804        -2.4671483852 
        3.3100000000        -0.3400000000         0.9683993428        -6.3998394679        -2.4927697900 
        3.3150000000        -0.3400000000         0.9709482942        -6.3334400710        -2.5279992216 
        3.3200031000        -0.3400000000         0.9633014398        -6.5326382616        -2.5600259777 
        3.3250001000        -0.3400000000         0.9683993428        -6.3998394679        -2.5824447069 
        3.3300001000        -0.3400000000         0.9734972457        -6.2670406741        -2.6176741385 
        3.3350001000        -0.3400000000         0.9683993428        -6.3998394679        -2.6368901922 
        3.3400000000        -0.3400000000         0.9709482942        -6.3334400710        -2.6785249750 
        3.3450000000        -0.3400000000         0.9607524883        -6.5990376585        -2.7105517310 
        3.3500000000        -0.3400000000         0.9734972457        -6.2670406741        -2.7425784871 
        3.3550000000        -0.3400000000         0.9633014398        -6.5326382616        -2.7810105943 
        3.3600001000        -0.3400000000         0.9709482942        -6.3334400710        -2.7970239724 
        3.3650001000        -0.3400000000         0.9658503913        -6.4662388647        -2.8386587552 
        3.3700000000        -0.3400000000         0.9683993428        -6.3998394679        -2.8706855112 
        3.3750000000        -0.3400000000         0.9480077309        -6.9310346428        -2.9091176185 
        3.3800000000        -0.3400000000         0.9658503913        -6.4662388647        -2.9475497257 
        3.3850000000        -0.3400000000         0.9709482942        -6.3334400710        -2.9699684550 
        3.3900001000        -0.3400000000         0.9658503913        -6.4662388647        -2.9987925354 
        3.3950001000        -0.3400000000         0.9633014398        -6.5326382616        -3.0436299938 
        3.4000000000        -0.3400000000         0.9760461972        -6.2006412772        -3.0660487231 
        3.4050000000        -0.3400000000         0.9531056338        -6.7982358491        -3.1012781547 
        3.4100001000        -0.3400000000         0.9785951487        -6.1342418804        -3.1268995595 
        3.4150000000        -0.3400000000         0.9633014398        -6.5326382616        -3.1525209644 
        3.4200000000        -0.3400000000         0.9734972457        -6.2670406741        -3.1301022351 
        3.4250006000        -0.3400000000         0.9785951487        -6.1342418804        -3.1365075864 
        3.4300001000        -0.3400000000         0.9607524883        -6.5990376585        -3.1397102620 
        3.4350000000        -0.3400000000         0.9683993428        -6.3998394679        -3.1397102620 
        3.4400000000        -0.3400000000         0.9734972457        -6.2670406741        -1.7657624279 
        3.4450000000        -0.3400000000         0.9658503913        -6.4662388647        -1.7529517255 
        3.4500001000        -0.3400000000         0.9683993428        -6.3998394679         3.1247232191 
        3.4550001000        -0.3400000000         0.9607524883        -6.5990376585         3.1311285703 
        3.4600001000        -0.3400000000         0.9683993428        -6.3998394679         3.1311285703 
        3.4650000000        -0.3400000000         0.9556545853        -6.7318364522         3.1311285703 
        3.4700000000        -0.3400000000         0.9760461972        -6.2006412772         3.1407365971 
        3.4750000000        -0.3400000000         0.9658503913        -6.4662388647         3.1087098411 
        3.4800000000        -0.3400000000         0.9658503913        -6.4662388647         3.0894937875 
        3.4850001000        -0.3400000000         0.9683993428        -6.3998394679         3.0638723826 
        3.4900001000        -0.3400000000         0.9785951487        -6.1342418804         3.0286429510 
        3.4950000000        -0.3400000000         0.9556545853        -6.7318364522         2.9902108438 
        3.5000000000        -0.3400000000         0.9811441002        -6.0678424835         2.9613867633 
        3.5050000000        -0.3400000000         0.9633014398        -6.5326382616         2.9133466293 
        3.5100000000        -0.3400000000         0.9683993428        -6.3998394679         2.8909279000 
        3.5150001000        -0.3400000000         0.9811441002        -6.0678424835         2.8653064952 
        3.5200001000        -0.3400000000         0.9683993428        -6.3998394679         2.8236717124 
        3.5250000000        -0.3400000000         0.9556545853        -6.7318364522         2.7852396051 
        3.5300000000        -0.3400000000         0.9785951487        -6.1342418804         2.7532128491 
        3.5350001000        -0.3400000000         0.9607524883        -6.5990376585         2.7371994711 
        3.5400000000        -0.3400000000         0.9683993428        -6.3998394679         2.6859566614 
        3.5450000000        -0.3400000000         0.9709482942        -6.3334400710         2.6571325810 
        3.5500001000        -0.3400000000         0.9633014398        -6.5326382616         2.6315111761 
        3.5550001000        -0.3400000000         0.9582035368        -6.6654370553         2.5866737177 
        3.5600000000        -0.3400000000         0.9607524883        -6.5990376585         2.5770656909 
        3.5650000000        -0.3400000000         0.9683993428        -6.3998394679         2.5386335836 
        3.5700000000        -0.3400000000         0.9709482942        -6.3334400710         2.5002014764 
        3.5750001000        -0.3400000000         0.9760461972        -6.2006412772         2.4681747203 
        3.5800001000        -0.3400000000         0.9582035368        -6.6654370553         2.4361479643 
        3.5850001000        -0.3400000000         0.9607524883        -6.5990376585         2.4041212083 
        3.5900000000        -0.3400000000         0.9633014398        -6.5326382616         2.3784998034 
        3.5950000000        -0.3400000000         0.9582035368        -6.6654370553         2.3272569938 
        3.6000000000        -0.3400000000         0.9658503913        -6.4662388647         2.3048382645 
        3.6050000000        -0.3400000000         0.9582035368        -6.6654370553         2.2760141841 
        3.6100001000        -0.3400000000         0.9403608764        -7.1302328334         2.2375820769 
        3.6150001000        -0.3400000000         0.9607524883        -6.5990376585         2.1959472940 
        3.6200000000        -0.3400000000         0.9658503913        -6.4662388647         2.1735285648 
        3.6250000000        -0.3400000000         0.9403608764        -7.1302328334         2.1415018087 
        3.6300000000        -0.3400000000         0.9683993428        -6.3998394679         2.1062723771 
        3.6350000000        -0.3400000000         0.9556545853        -6.7318364522         2.0774482967 
        3.6400001000        -0.3400000000         0.9607524883        -6.5990376585         2.0422188650 
        3.6450001000        -0.3400000000         0.9658503913        -6.4662388647         2.0069894334 
        3.6500000000        -0.3400000000         0.9429098279        -7.0638334366         1.9685573261 
        3.6550000000        -0.3400000000         0.9582035368        -6.6654370553         1.9397332457 
        3.6600001000        -0.3400000000         0.9505566824        -6.8646352459         1.9013011385 
        3.6650000000        -0.3400000000         0.9633014398        -6.5326382616         1.8756797336 
        3.6700000000        -0.3400000000         0.9633014398        -6.5326382616         1.8532610044 
        3.6750001000        -0.3400000000         0.9811441002        -6.0678424835         1.8180315728 
        3.6800001000        -0.3400000000         0.9480077309        -6.9310346428         1.7828021411 
        3.6850000000        -0.3400000000         0.9556545853        -6.7318364522         1.7571807363 
        3.6900000000        -0.3400000000         0.9734972457        -6.2670406741         1.7155459534 
        3.6950000000        -0.3400000000         0.9480077309        -6.9310346428         1.6739111706 
        3.7000001000        -0.3400000000         0.9633014398        -6.5326382616         1.6514924414 
        3.7050001000        -0.3400000000         0.9505566824        -6.8646352459         1.6194656853 
        3.7100001000        -0.3400000000         0.9505566824        -6.8646352459         1.5810335781 
        3.7150000000        -0.3400000000         0.9556545853        -6.7318364522         1.5554121732 
        3.7200000000        -0.3400000000         0.9429098279        -7.0638334366         1.5169800660 
        3.7250000000        -0.3400000000         0.9531056338        -6.7982358491         1.4913586612 
        3.7300000000        -0.3400000000         0.9811441002        -6.0678424835         1.4721426075 
        3.7350001000        -0.3400000000         0.9658503913        -6.4662388647         1.4305078247 
        3.7400001000        -0.3400000000         0.9480077309        -6.9310346428         1.3984810687 
        3.7450000000        -0.3400000000         0.9633014398        -6.5326382616         1.3568462858 
        3.7500000000        -0.3400000000         0.9633014398        -6.5326382616         1.3280222054 
        3.7550024000        -0.3400000000         0.9633014398        -6.5326382616         1.3088061517 
        3.7600289000        -0.3400000000         0.9633014398        -6.5326382616         1.2703740445 
        3.7650001000        -0.3400000000         0.9633014398        -6.5326382616         1.2415499641 
        3.7700001000        -0.3400000000         0.9505566824        -6.8646352459         1.2063205324 
        3.7750000000        -0.3400000000         0.9760461972        -6.2006412772         1.1742937764 
        3.7800000000        -0.3400000000         0.9658503913        -6.4662388647         1.1422670204 
        3.7850001000        -0.3400000000         0.9633014398        -6.5326382616         1.1102402643 
        3.7900000000        -0.3400000000         0.9683993428        -6.3998394679         1.0814161839 
        3.7950000000        -0.3400000000         0.9607524883        -6.5990376585         1.0589974547 
        3.8000001000        -0.3400000000         0.9709482942        -6.3334400710         1.0173626718 
        3.8050001000        -0.3400000000         0.9760461972        -6.2006412772         0.9853359158 
        3.8100000000        -0.3400000000         0.9480077309        -6.9310346428         0.9469038085 
        3.8150000000        -0.3400000000         0.9633014398        -6.5326382616         0.9276877549 
        3.8200000000        -0.3400000000         0.9709482942        -6.3334400710         0.8924583233 
        3.8250001000        -0.3400000000         0.9607524883        -6.5990376585         0.8700395940 
        3.8300027000        -0.3400000000         0.9607524883        -6.5990376585         0.8348101624 
        3.8350001000        -0.3400000000         0.9658503913        -6.4662388647         0.7931753795 
        3.8400000000        -0.3400000000         0.9582035368        -6.6654370553         0.7675539747 
        3.8450000000        -0.3400000000         0.9785951487        -6.1342418804         0.7419325699 
        3.8500000000        -0.3400000000         0.9760461972        -6.2006412772         0.7131084894 
        3.8550000000        -0.3400000000         0.9556545853        -6.7318364522         0.6810817334 
        3.8600001000        -0.3400000000         0.9709482942        -6.3334400710         0.6394469506 
        3.8650001000        -0.3400000000         0.9556545853        -6.7318364522         0.6074201945 
        3.8700000000        -0.3400000000         0.9683993428        -6.3998394679         0.5753934385 
        3.8750000000        -0.3400000000         0.9505566824        -6.8646352459         0.5337586556 
        3.8800000000        -0.3400000000         0.9505566824        -6.8646352459         0.5113399264 
        3.8850000000        -0.3400000000         0.9760461972        -6.2006412772         0.4921238728 
        3.8900001000        -0.3400000000         0.9734972457        -6.2670406741         0.4536917655 
        3.8950001000        -0.3400000000         0.9683993428        -6.3998394679         0.4184623339 
        3.9000000000        -0.3400000000         0.9607524883        -6.5990376585         0.3800302266 
        3.9050000000        -0.3400000000         0.9633014398        -6.5326382616         0.3512061462 
        3.9100001000        -0.3400000000         0.9683993428        -6.3998394679         0.3319900926 
        3.9150000000        -0.3400000000         0.9709482942        -6.3334400710         0.2935579853 
        3.9200010000        -0.3400000000         0.9607524883        -6.5990376585         0.2615312293 
        3.9250001000        -0.3400000000         0.9658503913        -6.4662388647         0.2391125001 
        3.9300001000        -0.3400000000         0.9480077309        -6.9310346428         0.1878696904 
        3.9350000000        -0.3400000000         0.9760461972        -6.2006412772         0.1654509612 
        3.9400000000        -0.3400000000         0.9531056338        -6.7982358491         0.1366268808 
        3.9450000000        -0.3400000000         0.9683993428        -6.3998394679         0.1013974491 
        3.9500001000        -0.3400000000         0.9709482942        -6.3334400710         0.0821813955 
        3.9550001000        -0.3400000000         0.9658503913        -6.4662388647         0.0437492882 
        3.9600001000        -0.3400000000         0.9734972457        -6.2670406741         0.0117225322 
        3.9650430000        -0.3400000000         0.9480077309        -6.9310346428        -0.0203042238 
        3.9700001000        -0.3400000000         0.9760461972        -6.2006412772        -0.0459256287 
        3.9750000000        -0.3400000000         0.9505566824        -6.8646352459        -0.0907630871 
        3.9800000000        -0.3400000000         0.9607524883        -6.5990376585        -0.1195871676 
        3.9850001000        -0.3400000000         0.9556545853        -6.7318364522        -0.1548165992 
        3.9900001000        -0.3400000000         0.9531056338        -6.7982358491        -0.1708299772 
        3.9950000000        -0.3400000000         0.9836930517        -6.0014430866        -0.1964513820 
