           Time[sec]           V_{cmd}[V]          V_{gyro}[V]          \theta[deg] \omega_{gyro}[deg/sec] 
        0.0000000000         2.1500000000         1.2105497339         0.6583524815        -3.8652756861 
        0.0050001000         2.1500000000         1.2207455399         0.6583524815        11.3523451252 
        0.0100001000         2.1500000000         1.2130986854        -0.2591464947        -0.0608704832 
        0.0150000000         2.1500000000         1.2080007824         0.1078530958        -7.6696808889 
        0.0200001000         2.1500000000         1.2130986854         0.2913528910        -0.0608704832 
        0.0250006000         2.1500000000         1.2207455399         0.6583524815        11.3523451252 
        0.0300001000         2.1500000000         1.2130986854        -0.0756466995        -0.0608704832 
        0.0350000000         2.1500000000         1.1187874804        -0.4426462900      -140.8238629879 
        0.0400001000         2.1500000000         1.1672175587         0.6583524815       -68.5401641342 
        0.0450001000         2.1500000000         1.1697665101         0.2913528910       -64.7357589313 
        0.0500000000         2.1500000000         1.1366301408        -0.0756466995      -114.1930265681 
        0.0550000000         2.1500000000         1.1519238497        -0.0756466995       -91.3665953511 
        0.0600001000         2.1500000000         1.1442769953        -0.0756466995      -102.7798109596 
        0.0650001000         2.1500000000         1.1417280438        -0.6261460852      -106.5842161625 
        0.0700000000         2.1500000000         1.1417280438         0.2913528910      -106.5842161625 
        0.0750001000         2.1500000000         1.1544728012        -0.0756466995       -87.5621901483 
        0.0800001000         2.1500000000         1.1417280438         0.6583524815      -106.5842161625 
        0.0850000000         2.1500000000         1.1468259468         0.6583524815       -98.9754057568 
        0.0900000000         2.1500000000         1.1468259468         0.6583524815       -98.9754057568 
        0.0950001000         2.1500000000         1.1315322379        79.1962648479      -121.8018369738 
        0.1000001000         2.1500000000         1.1315322379        79.1962648479      -121.8018369738 
        0.1050000000         2.1500000000         1.1289832864        79.9302640289      -125.6062421766 
        0.1100001000         2.1500000000         1.1417280438        79.9302640289      -106.5842161625 
        0.1150001000         2.1500000000         1.1417280438        79.9302640289      -106.5842161625 
        0.1200000000         2.1500000000         1.1264343349        79.1962648479      -129.4106473794 
        0.1250000000         2.1500000000         1.1289832864        78.6457654622      -125.6062421766 
        0.1300001000         2.1500000000         1.1315322379       353.1614591539      -121.8018369738 
        0.1350001000         2.1500000000         1.1264343349       359.0334526019      -129.4106473794 
        0.1400000000         2.1500000000         1.1340811893       360.3179511686      -117.9974317710 
        0.1450001000         2.1500000000         1.1340811893       360.3179511686      -117.9974317710 
        0.1500001000         2.1500000000         1.1315322379       359.9509515781      -121.8018369738 
        0.1550001000         2.1500000000         1.1238853834       359.5839519876      -133.2150525823 
        0.1600000000         2.1500000000         1.1264343349       359.9509515781      -129.4106473794 
        0.1650001000         2.1500000000         1.1289832864       360.1344513734      -125.6062421766 
        0.1700001000         2.1500000000         1.1315322379       359.7674517829      -121.8018369738 
        0.1750000000         2.1500000000         1.1289832864       359.7674517829      -125.6062421766 
        0.1800001000         2.1500000000         1.1213364319       359.4004521924      -137.0194577851 
        0.1850001000         2.1500000000         1.1315322379       360.1344513734      -121.8018369738 
        0.1900001000         2.1500000000         1.1289832864       360.5014509639      -125.6062421766 
        0.1950000000         2.1500000000         1.1162385289       359.4004521924      -144.6282681908 
        0.2000001000         2.1500000000         1.1340811893       360.5014509639      -117.9974317710 
        0.2050001000         2.1500000000         1.1264343349       358.8499528066      -129.4106473794 
        0.2100001000         2.1500000000         1.1213364319       358.1159536256      -137.0194577851 
        0.2150000000         2.1500000000         1.1315322379       358.2994534209      -121.8018369738 
        0.2200001000         2.1500000000         1.1264343349       357.3819544446      -129.4106473794 
        0.2250001000         2.1500000000         1.1213364319       356.6479552636      -137.0194577851 
        0.2300000000         2.1500000000         1.1187874804       356.4644554684      -140.8238629879 
        0.2350001000         2.1500000000         1.1162385289       355.1799569017      -144.6282681908 
        0.2400001000         2.1500000000         1.1213364319       354.6294575159      -137.0194577851 
        0.2450000000         2.1500000000         1.1136895775       354.0789581302      -148.4326733936 
        0.2500000000         2.1500000000         1.1315322379       353.7119585397      -121.8018369738 
        0.2550001000         2.1500000000         1.1187874804       352.9779593587      -140.8238629879 
        0.2600001000         2.1500000000         1.1213364319       351.6934607919      -137.0194577851 
        0.2650000000         2.1500000000         1.1264343349       351.5099609967      -129.4106473794 
        0.2700001000         2.1500000000         1.1264343349       350.7759618157      -129.4106473794 
        0.2750001000         2.1500000000         1.1034937715       349.6749630442      -163.6502942049 
        0.2800001000         2.1500000000         1.1136895775       348.3904644775      -148.4326733936 
        0.2850000000         2.1500000000         1.1213364319       348.7574640680      -137.0194577851 
        0.2900001000         2.1500000000         1.1162385289       346.9224661155      -144.6282681908 
        0.2950001000         2.1500000000         1.1238853834       346.7389663202      -133.2150525823 
        0.3000000000         2.1500000000         1.1111406260       345.8214673440      -152.2370785964 
        0.3050000000         2.1500000000         1.1213364319       345.2709679582      -137.0194577851 
        0.3100001000         2.1500000000         1.1289832864       345.2709679582      -125.6062421766 
        0.3150001000         2.1500000000         1.1136895775       343.9864693915      -148.4326733936 
        0.3200000000         2.1500000000         1.1187874804       343.0689704153      -140.8238629879 
        0.3250001000         2.1500000000         1.1264343349       342.1514714390      -129.4106473794 
        0.3300001000         2.1500000000         1.1162385289       341.6009720533      -144.6282681908 
        0.3350000000         2.1500000000         1.1136895775       341.0504726675      -148.4326733936 
        0.3400000000         2.1500000000         1.1162385289       339.7659741008      -144.6282681908 
        0.3450001000         2.1500000000         1.1187874804       339.5824743055      -140.8238629879 
        0.3500001000         2.1500000000         1.1187874804       339.2154747150      -140.8238629879 
        0.3550001000         2.1500000000         1.1085916745       337.3804767625      -156.0414837992 
        0.3600001000         2.1500000000         1.1085916745       336.8299773768      -156.0414837992 
        0.3650001000         2.1500000000         1.1111406260       337.1969769673      -152.2370785964 
        0.3700000000         2.1500000000         1.1187874804       335.5454788101      -140.8238629879 
        0.3750000000         2.1500000000         1.1136895775       334.9949794243      -148.4326733936 
        0.3800001000         2.1500000000         1.1111406260       334.2609802433      -152.2370785964 
        0.3850001000         2.1500000000         1.1111406260       333.3434812671      -152.2370785964 
        0.3900000000         2.1500000000         1.1162385289       333.1599814718      -144.6282681908 
        0.3950001000         2.1500000000         1.1034937715       331.5084833146      -163.6502942049 
        0.4000001000         2.1500000000         1.1187874804       331.6919831098      -140.8238629879 
        0.4050001000         2.1500000000         1.1136895775       330.4074845431      -148.4326733936 
        0.4100000000         2.1500000000         1.1060427230       329.4899855669      -159.8458890021 
        0.4150001000         2.1500000000         1.1136895775       328.5724865906      -148.4326733936 
        0.4200001000         2.1500000000         1.1111406260       328.5724865906      -152.2370785964 
        0.4250000000         2.1500000000         1.1111406260       326.9209884334      -152.2370785964 
        0.4300000000         2.1500000000         1.1085916745       326.1869892524      -156.0414837992 
        0.4350001000         2.1500000000         1.1187874804       326.5539888429      -140.8238629879 
        0.4400001000         2.1500000000         1.1213364319       325.8199896619      -137.0194577851 
        0.4450000000         2.1500000000         1.1162385289       324.5354910952      -144.6282681908 
        0.4500001000         2.1500000000         1.1085916745       323.2509925284      -156.0414837992 
        0.4550001000         2.1500000000         1.1136895775       322.8839929379      -148.4326733936 
        0.4600000000         2.1500000000         1.1136895775       322.3334935522      -148.4326733936 
        0.4650000000         2.1500000000         1.1264343349       322.1499937569      -129.4106473794 
        0.4700001000         2.1500000000         1.1009448200       320.6819953949      -167.4546994077 
        0.4750001000         2.1500000000         1.1187874804       319.9479962139      -140.8238629879 
        0.4800001000         2.1500000000         1.1213364319       319.7644964187      -137.0194577851 
        0.4850001000         2.1500000000         1.0932979656       318.8469974424      -178.8679150162 
        0.4900001000         2.1500000000         1.1187874804       317.9294984662      -140.8238629879 
        0.4950000000         2.1500000000         1.1060427230       316.8284996947      -159.8458890021 
        0.5000000000         2.1500000000         1.1213364319       316.4615001042      -137.0194577851 
        0.5050001000         2.1500000000         1.1162385289       315.7275009232      -144.6282681908 
        0.5100001000         2.1500000000         1.1187874804       314.4430023565      -140.8238629879 
        0.5150000000         2.1500000000         1.1111406260       314.4430023565      -152.2370785964 
        0.5200001000         2.1500000000         1.1213364319       313.5255033802      -137.0194577851 
        0.5250001000         2.1500000000         1.1238853834       313.3420035850      -133.2150525823 
        0.5300001000         2.1500000000         1.1085916745       312.2410048135      -156.0414837992 
        0.5350000000         2.1500000000         1.1213364319       312.0575050183      -137.0194577851 
        0.5400001000         2.1500000000         1.1111406260       310.2225070658      -152.2370785964 
        0.5450001000         2.1500000000         1.1187874804       310.0390072705      -140.8238629879 
        0.5500000000         2.1500000000         1.1238853834       309.8555074753      -133.2150525823 
        0.5550000000         2.1500000000         1.1213364319       309.3050080895      -137.0194577851 
        0.5600001000         2.1500000000         1.1136895775       308.0205095228      -148.4326733936 
        0.5650001000         2.1500000000         1.1187874804       307.6535099323      -140.8238629879 
        0.5700001000         2.1500000000         1.1136895775       306.5525111608      -148.4326733936 
        0.5750001000         2.1500000000         1.1213364319       306.5525111608      -137.0194577851 
        0.5800001000         2.1500000000         1.1315322379       305.6350121846      -121.8018369738 
        0.5850000000         2.1500000000         1.1213364319       304.5340134131      -137.0194577851 
        0.5900000000         2.1500000000         1.1187874804       303.8000142321      -140.8238629879 
        0.5950001000         2.1500000000         1.1187874804       302.8825152558      -140.8238629879 
        0.6000001000         2.1500000000         1.1136895775       301.7815164843      -148.4326733936 
        0.6050000000         2.1500000000         1.1213364319       301.9650162796      -137.0194577851 
        0.6100001000         2.1500000000         1.1136895775       301.5980166891      -148.4326733936 
        0.6150001000         2.1500000000         1.1315322379       300.8640175081      -121.8018369738 
        0.6200000000         2.1500000000         1.1162385289       299.9465185319      -144.6282681908 
        0.6250000000         2.1500000000         1.1315322379       299.3960191461      -121.8018369738 
        0.6300001000         2.1500000000         1.1213364319       298.6620199651      -137.0194577851 
        0.6350001000         2.1500000000         1.1213364319       297.1940216031      -137.0194577851 
        0.6400000000         2.1500000000         1.1187874804       297.5610211936      -140.8238629879 
        0.6450001000         2.1500000000         1.1136895775       296.2765226269      -148.4326733936 
        0.6500001000         2.1500000000         1.1238853834       295.7260232411      -133.2150525823 
        0.6550001000         2.1500000000         1.1136895775       295.1755238554      -148.4326733936 
        0.6600000000         2.1500000000         1.1111406260       294.4415246744      -152.2370785964 
        0.6650001000         2.1500000000         1.1315322379       294.2580248791      -121.8018369738 
        0.6700001000         2.1500000000         1.1264343349       292.9735263124      -129.4106473794 
        0.6750000000         2.1500000000         1.1213364319       292.9735263124      -137.0194577851 
        0.6800000000         2.1500000000         1.1315322379       292.2395271314      -121.8018369738 
        0.6850001000         2.1500000000         1.1187874804       290.5880289742      -140.8238629879 
        0.6900001000         2.1500000000         1.1238853834       290.5880289742      -133.2150525823 
        0.6950001000         2.1500000000         1.1187874804       289.6705299979      -140.8238629879 
        0.7000001000         2.1500000000         1.1213364319       289.1200306122      -137.0194577851 
        0.7050001000         2.1500000000         1.1136895775       288.0190318407      -148.4326733936 
        0.7100000000         2.1500000000         1.1213364319       287.8355320455      -137.0194577851 
        0.7150000000         2.1500000000         1.1187874804       287.2850326597      -140.8238629879 
        0.7200001000         2.1500000000         1.1213364319       286.9180330692      -137.0194577851 
        0.7250001000         2.1500000000         1.1238853834       285.6335345025      -133.2150525823 
        0.7300000000         2.1500000000         1.1136895775       284.8995353215      -148.4326733936 
        0.7350001000         2.1500000000         1.1264343349       284.3490359357      -129.4106473794 
        0.7400001000         2.1500000000         1.1162385289       283.7985365500      -144.6282681908 
        0.7450000000         2.1500000000         1.1340811893       283.7985365500      -117.9974317710 
        0.7500000000         2.1500000000         1.1162385289       281.9635385975      -144.6282681908 
        0.7550001000         2.1500000000         1.1315322379       282.3305381880      -121.8018369738 
        0.7600001000         2.1500000000         1.1238853834       281.0460396213      -133.2150525823 
        0.7650000000         2.1500000000         1.1187874804       280.3120404403      -140.8238629879 
        0.7700001000         2.1500000000         1.1264343349       280.3120404403      -129.4106473794 
        0.7750001000         2.1500000000         1.1136895775       278.6605422830      -148.4326733936 
        0.7800001000         2.1500000000         1.1136895775       277.9265431020      -148.4326733936 
        0.7850000000         2.1500000000         1.1111406260       278.2935426925      -152.2370785964 
        0.7900001000         2.1500000000         1.1238853834       277.1925439210      -133.2150525823 
        0.7950001000         2.1500000000         1.1111406260       276.2750449448      -152.2370785964 
        0.8000000000         2.1500000000         1.1187874804       275.7245455590      -140.8238629879 
        0.8050000000         2.1500000000         1.1136895775       275.5410457638      -148.4326733936 
        0.8100001000         2.1500000000         1.1289832864       274.8070465828      -125.6062421766 
        0.8150001000         2.1500000000         1.1111406260       273.7060478113      -152.2370785964 
        0.8200001000         2.1500000000         1.1162385289       272.4215492446      -144.6282681908 
        0.8250001000         2.1500000000         1.1136895775       271.8710498588      -148.4326733936 
        0.8300001000         2.1500000000         1.1289832864       271.5040502683      -125.6062421766 
        0.8350001000         2.1500000000         1.1136895775       270.5865512921      -148.4326733936 
        0.8400000000         2.1500000000         1.1136895775       269.8525521111      -148.4326733936 
        0.8450001000         2.1500000000         1.1238853834       270.0360519063      -133.2150525823 
        0.8500001000         2.1500000000         1.1111406260       268.9350531349      -152.2370785964 
        0.8550000000         2.1500000000         1.1187874804       267.6505545681      -140.8238629879 
        0.8600001000         2.1500000000         1.1060427230       267.2835549776      -159.8458890021 
        0.8650001000         2.1500000000         1.1238853834       266.5495557966      -133.2150525823 
        0.8700000000         2.1500000000         1.1162385289       266.3660560014      -144.6282681908 
        0.8750000000         2.1500000000         1.1315322379       265.6320568204      -121.8018369738 
        0.8800001000         2.1500000000         1.1213364319       264.1640584584      -137.0194577851 
        0.8850001000         2.1500000000         1.1111406260       263.2465594822      -152.2370785964 
        0.8900000000         2.1500000000         1.1213364319       263.0630596869      -137.0194577851 
        0.8950001000         2.1500000000         1.1187874804       262.8795598917      -140.8238629879 
        0.9000001000         2.1500000000         1.1238853834       262.1455607107      -133.2150525823 
        0.9050001000         2.1500000000         1.1213364319       261.5950613249      -137.0194577851 
        0.9100000000         2.1500000000         1.0983958685       259.7600633724      -171.2591046106 
        0.9150001000         2.1500000000         1.1162385289       259.5765635772      -144.6282681908 
        0.9200001000         2.1500000000         1.1162385289       259.2095639867      -144.6282681908 
        0.9250000000         2.1500000000         1.1111406260       257.9250654199      -152.2370785964 
        0.9300000000         2.1500000000         1.1111406260       257.1910662390      -152.2370785964 
        0.9350001000         2.1500000000         1.1136895775       256.4570670580      -148.4326733936 
        0.9400001000         2.1500000000         1.0932979656       255.7230678770      -178.8679150162 
        0.9450001000         2.1500000000         1.1111406260       254.4385693102      -152.2370785964 
        0.9500001000         2.1500000000         1.1009448200       253.8880699245      -167.4546994077 
        0.9550001000         2.1500000000         1.1085916745       253.7045701292      -156.0414837992 
        0.9600001000         2.1500000000         1.1111406260       252.7870711530      -152.2370785964 
        0.9650000000         2.1500000000         1.1136895775       252.4200715625      -148.4326733936 
        0.9700001000         2.1500000000         1.1162385289       251.5025725862      -144.6282681908 
        0.9750001000         2.1500000000         1.1085916745       249.8510744290      -156.0414837992 
        0.9800000000         2.1500000000         1.1034937715       248.9335754528      -163.6502942049 
        0.9850001000         2.1500000000         1.1085916745       248.7500756575      -156.0414837992 
        0.9900001000         2.1500000000         1.1111406260       248.5665758623      -152.2370785964 
        0.9950000000         2.1500000000         1.1111406260       247.8325766813      -152.2370785964 
        1.0000000000         2.1500000000         1.1085916745       246.5480781145      -156.0414837992 
        1.0050001000         2.1500000000         1.1136895775       245.9975787288      -148.4326733936 
        1.0100001000         2.1500000000         1.0983958685       244.5295803668      -171.2591046106 
        1.0150000000         2.1500000000         1.1009448200       243.9790809811      -167.4546994077 
        1.0200001000         2.1500000000         1.1111406260       243.9790809811      -152.2370785964 
        1.0250001000         2.1500000000         1.1111406260       243.0615820048      -152.2370785964 
        1.0300001000         2.1500000000         1.1136895775       242.1440830286      -148.4326733936 
        1.0350000000         2.1500000000         1.1009448200       240.4925848713      -167.4546994077 
        1.0400001000         2.1500000000         1.1136895775       240.6760846666      -148.4326733936 
        1.0450001000         2.1500000000         1.1060427230       239.5750858951      -159.8458890021 
        1.0500000000         2.1500000000         1.1009448200       238.8410867141      -167.4546994077 
        1.0550000000         2.1500000000         1.1060427230       237.5565881474      -159.8458890021 
        1.0600001000         2.1500000000         1.0983958685       236.8225889664      -171.2591046106 
        1.0650001000         2.1500000000         1.1060427230       236.2720895806      -159.8458890021 
        1.0700000000         2.1500000000         1.1085916745       235.5380903996      -156.0414837992 
        1.0750001000         2.1500000000         1.1136895775       235.3545906044      -148.4326733936 
        1.0800001000         2.1500000000         1.0932979656       233.3360928566      -178.8679150162 
        1.0850000000         2.1500000000         1.1162385289       233.7030924471      -144.6282681908 
        1.0900000000         2.1500000000         1.0780042567       232.4185938804      -201.6943462332 
        1.0950001000         2.1500000000         1.0983958685       231.1340953137      -171.2591046106 
        1.1000001000         2.1500000000         1.0932979656       230.4000961327      -178.8679150162 
        1.1050000000         2.1500000000         1.1034937715       229.6660969517      -163.6502942049 
        1.1100001000         2.1500000000         1.1009448200       228.7485979754      -167.4546994077 
        1.1150001000         2.1500000000         1.1034937715       228.5650981802      -163.6502942049 
        1.1200000000         2.1500000000         1.1085916745       228.0145987944      -156.0414837992 
        1.1250000000         2.1500000000         1.1060427230       226.7301002277      -159.8458890021 
        1.1300001000         2.1500000000         1.1111406260       226.1796008420      -152.2370785964 
        1.1350001000         2.1500000000         1.0983958685       224.8951022752      -171.2591046106 
        1.1400000000         2.1500000000         1.1060427230       224.3446028895      -159.8458890021 
        1.1450001000         2.1500000000         1.1009448200       223.6106037085      -167.4546994077 
        1.1500001000         2.1500000000         1.1111406260       223.2436041180      -152.2370785964 
        1.1550001000         2.1500000000         1.1111406260       222.5096049370      -152.2370785964 
        1.1600000000         2.1500000000         1.1060427230       220.6746069845      -159.8458890021 
        1.1650001000         2.1500000000         1.1009448200       219.9406078035      -167.4546994077 
        1.1700001000         2.1500000000         1.1034937715       219.5736082130      -163.6502942049 
        1.1750000000         2.1500000000         1.1034937715       219.0231088273      -163.6502942049 
        1.1800000000         2.1500000000         1.1085916745       217.9221100558      -156.0414837992 
        1.1850001000         2.1500000000         1.1034937715       217.1881108748      -163.6502942049 
        1.1900001000         2.1500000000         1.1009448200       216.4541116938      -167.4546994077 
        1.1950000000         2.1500000000         1.1060427230       215.5366127175      -159.8458890021 
        1.2000001000         2.1500000000         1.1085916745       215.5366127175      -156.0414837992 
        1.2050001000         2.1500000000         1.1060427230       214.0686143556      -159.8458890021 
        1.2100000000         2.1500000000         1.0932979656       212.7841157888      -178.8679150162 
        1.2150000000         2.1500000000         1.0958469171       212.0501166078      -175.0635098134 
        1.2200001000         2.1500000000         1.1034937715       211.6831170173      -163.6502942049 
        1.2250001000         2.1500000000         1.1009448200       210.7656180411      -167.4546994077 
        1.2300000000         2.1500000000         1.1009448200       210.3986184506      -167.4546994077 
        1.2350001000         2.1500000000         1.1060427230       209.8481190648      -159.8458890021 
        1.2400001000         2.1500000000         1.1111406260       209.1141198838      -152.2370785964 
        1.2450000000         2.1500000000         1.0932979656       207.6461215219      -178.8679150162 
        1.2500000000         2.1500000000         1.1009448200       206.7286225456      -167.4546994077 
        1.2550001000         2.1500000000         1.0907490141       205.8111235694      -182.6723202191 
        1.2600001000         2.1500000000         1.0907490141       204.8936245931      -182.6723202191 
        1.2650000000         2.1500000000         1.1009448200       204.7101247979      -167.4546994077 
        1.2700001000         2.1500000000         1.1009448200       203.7926258216      -167.4546994077 
        1.2750001000         2.1500000000         1.0932979656       203.2421264359      -178.8679150162 
        1.2800001000         2.1500000000         1.0932979656       201.9576278691      -178.8679150162 
        1.2850000000         2.1500000000         1.0932979656       200.4896295072      -178.8679150162 
        1.2900001000         2.1500000000         1.0958469171       200.1226299167      -175.0635098134 
        1.2950001000         2.1500000000         1.0882000626       198.6546315547      -186.4767254219 
        1.3000000000         2.1500000000         1.0932979656       198.4711317594      -178.8679150162 
        1.3050000000         2.1500000000         1.0856511111       197.3701329879      -190.2811306247 
        1.3100001000         2.1500000000         1.1060427230       197.3701329879      -159.8458890021 
        1.3150001000         2.1500000000         1.0932979656       195.9021346259      -178.8679150162 
        1.3200000000         2.1500000000         1.1009448200       195.1681354450      -167.4546994077 
        1.3250001000         2.1500000000         1.0932979656       194.0671366735      -178.8679150162 
        1.3300001000         2.1500000000         1.0831021596       192.7826381067      -194.0855358275 
        1.3350000000         2.1500000000         1.0882000626       192.2321387210      -186.4767254219 
        1.3400000000         2.1500000000         1.0983958685       191.8651391305      -171.2591046106 
        1.3450001000         2.1500000000         1.0983958685       190.9476401542      -171.2591046106 
        1.3500001000         2.1500000000         1.0958469171       190.2136409732      -175.0635098134 
        1.3550000000         2.1500000000         1.0831021596       188.1951432255      -194.0855358275 
        1.3600001000         2.1500000000         1.0958469171       187.8281436350      -175.0635098134 
        1.3650001000         2.1500000000         1.0882000626       187.0941444540      -186.4767254219 
        1.3700000000         2.1500000000         1.0907490141       185.9931456825      -182.6723202191 
        1.3750000000         2.1500000000         1.0831021596       184.7086471158      -194.0855358275 
        1.3800001000         2.1500000000         1.0958469171       184.7086471158      -175.0635098134 
        1.3850001000         2.1500000000         1.0958469171       183.7911481395      -175.0635098134 
        1.3900000000         2.1500000000         1.0882000626       182.3231497776      -186.4767254219 
        1.3950001000         2.1500000000         1.0907490141       181.5891505966      -182.6723202191 
        1.4000001000         2.1500000000         1.0907490141       181.2221510061      -182.6723202191 
        1.4050001000         2.1500000000         1.0882000626       179.7541526441      -186.4767254219 
        1.4100000000         2.1500000000         1.0932979656       179.0201534631      -178.8679150162 
        1.4150001000         2.1500000000         1.0882000626       177.9191546916      -186.4767254219 
        1.4200001000         2.1500000000         1.0882000626       176.6346561249      -186.4767254219 
        1.4250000000         2.1500000000         1.0780042567       175.3501575581      -201.6943462332 
        1.4300000000         2.1500000000         1.0882000626       174.9831579676      -186.4767254219 
        1.4350001000         2.1500000000         1.0856511111       174.0656589914      -190.2811306247 
        1.4400001000         2.1500000000         1.0856511111       173.3316598104      -190.2811306247 
        1.4450000000         2.1500000000         1.0805532081       172.4141608341      -197.8899410304 
        1.4500001000         2.1500000000         1.0958469171       171.8636614484      -175.0635098134 
        1.4550001000         2.1500000000         1.0882000626       170.9461624722      -186.4767254219 
        1.4600000000         2.1500000000         1.0780042567       169.2946643149      -201.6943462332 
        1.4650000000         2.1500000000         1.0780042567       168.0101657482      -201.6943462332 
        1.4700001000         2.1500000000         1.0780042567       167.0926667719      -201.6943462332 
        1.4750001000         2.1500000000         1.0932979656       166.5421673862      -178.8679150162 
        1.4800000000         2.1500000000         1.0932979656       165.9916680004      -178.8679150162 
        1.4850001000         2.1500000000         1.0882000626       164.7071694337      -186.4767254219 
        1.4900001000         2.1500000000         1.0831021596       163.7896704575      -194.0855358275 
        1.4950000000         2.1500000000         1.0805532081       162.5051718907      -197.8899410304 
        1.5000000000         2.1500000000         1.0882000626       161.4041731192      -186.4767254219 
        1.5050001000         2.1500000000         1.0831021596       160.8536737335      -194.0855358275 
        1.5100001000         2.1500000000         1.0780042567       160.1196745525      -201.6943462332 
        1.5150000000         2.1500000000         1.0907490141       159.5691751667      -182.6723202191 
        1.5200001000         2.1500000000         1.0780042567       158.1011768048      -201.6943462332 
        1.5250001000         2.1500000000         1.0831021596       157.1836778285      -194.0855358275 
        1.5300001000         2.1500000000         1.0882000626       156.8166782380      -186.4767254219 
        1.5350000000         2.1500000000         1.0780042567       155.1651800808      -201.6943462332 
        1.5400001000         2.1500000000         1.0932979656       154.7981804903      -178.8679150162 
        1.5450001000         2.1500000000         1.0856511111       152.9631825378      -190.2811306247 
        1.5500000000         2.1500000000         1.0805532081       152.4126831521      -197.8899410304 
        1.5550000000         2.1500000000         1.0856511111       152.0456835616      -190.2811306247 
        1.5600001000         2.1500000000         1.0856511111       151.1281845853      -190.2811306247 
        1.5650001000         2.1500000000         1.0805532081       149.4766864281      -197.8899410304 
        1.5700000000         2.1500000000         1.0729063537       148.1921878613      -209.3031566389 
        1.5750001000         2.1500000000         1.0780042567       147.4581886803      -201.6943462332 
        1.5800001000         2.1500000000         1.0805532081       146.3571899089      -197.8899410304 
        1.5850000000         2.1500000000         1.0831021596       145.6231907279      -194.0855358275 
        1.5900000000         2.1500000000         1.0805532081       144.5221919564      -197.8899410304 
        1.5950001000         2.1500000000         1.0805532081       144.1551923659      -197.8899410304 
        1.6000001000         2.1500000000         1.0805532081       143.0541935944      -197.8899410304 
        1.6050000000         2.1500000000         1.0907490141       142.1366946181      -182.6723202191 
        1.6100001000         2.1500000000         1.0780042567       141.2191956419      -201.6943462332 
        1.6150001000         2.1500000000         1.0703574022       139.2006978942      -213.1075618417 
        1.6200000000         2.1500000000         1.0882000626       138.6501985084      -186.4767254219 
        1.6250000000         2.1500000000         1.0729063537       137.5491997369      -209.3031566389 
        1.6300001000         2.1500000000         1.0729063537       136.4482009654      -209.3031566389 
        1.6350001000         2.1500000000         1.0805532081       135.5307019892      -197.8899410304 
        1.6400000000         2.1500000000         1.0831021596       134.6132030129      -194.0855358275 
        1.6450001000         2.1500000000         1.0729063537       133.5122042415      -209.3031566389 
        1.6500001000         2.1500000000         1.0831021596       132.7782050605      -194.0855358275 
        1.6550001000         2.1500000000         1.0729063537       131.4937064937      -209.3031566389 
        1.6600000000         2.1500000000         1.0831021596       130.5762075175      -194.0855358275 
        1.6650001000         2.1500000000         1.0780042567       129.6587085412      -201.6943462332 
        1.6700001000         2.1500000000         1.0703574022       128.1907101792      -213.1075618417 
        1.6750000000         2.1500000000         1.0805532081       127.4567109983      -197.8899410304 
        1.6800000000         2.1500000000         1.0882000626       126.9062116125      -186.4767254219 
        1.6850001000         2.1500000000         1.0652594992       125.0712136600      -220.7163722473 
        1.6900001000         2.1500000000         1.0805532081       124.5207142743      -197.8899410304 
        1.6950000000         2.1500000000         1.0780042567       123.2362157075      -201.6943462332 
        1.7000001000         2.1500000000         1.0754553052       123.2362157075      -205.4987514360 
        1.7050001000         2.1500000000         1.0882000626       121.5847175503      -186.4767254219 
        1.7100000000         2.1500000000         1.0729063537       120.3002189836      -209.3031566389 
        1.7150000000         2.1500000000         1.0780042567       119.9332193931      -201.6943462332 
        1.7200001000         2.1500000000         1.0856511111       119.3827200073      -190.2811306247 
        1.7250001000         2.1500000000         1.0729063537       117.3642222596      -209.3031566389 
        1.7300000000         2.1500000000         1.0754553052       116.6302230786      -205.4987514360 
        1.7350001000         2.1500000000         1.0882000626       115.7127241024      -186.4767254219 
        1.7400001000         2.1500000000         1.0805532081       115.3457245119      -197.8899410304 
        1.7450000000         2.1500000000         1.0729063537       113.6942263546      -209.3031566389 
        1.7500000000         2.1500000000         1.0856511111       112.7767273784      -190.2811306247 
        1.7550001000         2.1500000000         1.0703574022       111.8592284021      -213.1075618417 
        1.7600001000         2.1500000000         1.0831021596       111.4922288116      -194.0855358275 
        1.7650000000         2.1500000000         1.0754553052       109.4737310639      -205.4987514360 
        1.7700001000         2.1500000000         1.0729063537       108.9232316782      -209.3031566389 
        1.7750001000         2.1500000000         1.0805532081       108.0057327019      -197.8899410304 
        1.7800001000         2.1500000000         1.0729063537       106.7212341352      -209.3031566389 
        1.7850000000         2.1500000000         1.0780042567       105.9872349542      -201.6943462332 
        1.7900001000         2.1500000000         1.0754553052       104.7027363874      -205.4987514360 
        1.7950001000         2.1500000000         1.0754553052       104.1522370017      -205.4987514360 
        1.8000000000         2.1500000000         1.0856511111       103.2347380255      -190.2811306247 
        1.8050000000         2.1500000000         1.0652594992       101.5832398682      -220.7163722473 
        1.8100001000         2.1500000000         1.0882000626       101.7667396635      -186.4767254219 
        1.8150001000         2.1500000000         1.0729063537       100.4822410967      -209.3031566389 
        1.8200000000         2.1500000000         1.0856511111        99.1977425300      -190.2811306247 
        1.8250001000         2.1500000000         1.0882000626        99.0142427347      -186.4767254219 
        1.8300001000         2.1500000000         1.0780042567        97.3627445775      -201.6943462332 
        1.8350000000         2.1500000000         1.0907490141        96.8122451918      -182.6723202191 
        1.8400000000         2.1500000000         1.0729063537        95.1607470345      -209.3031566389 
        1.8450001000         2.1500000000         1.0882000626        94.9772472393      -186.4767254219 
        1.8500001000         2.1500000000         1.0882000626        94.0597482630      -186.4767254219 
        1.8550000000         2.1500000000         1.0856511111        92.2247503105      -190.2811306247 
        1.8600001000         2.1500000000         1.0754553052        91.8577507200      -205.4987514360 
        1.8650001000         2.1500000000         1.0882000626        90.9402517438      -186.4767254219 
        1.8700000000         2.1500000000         1.0652594992        89.2887535866      -220.7163722473 
        1.8750000000         2.1500000000         1.0907490141        89.4722533818      -182.6723202191 
        1.8800001000         2.1500000000         1.0856511111        88.0042550198      -190.2811306247 
        1.8850001000         2.1500000000         1.0882000626        86.7197564531      -186.4767254219 
        1.8900000000         2.1500000000         1.0805532081        85.8022574768      -197.8899410304 
        1.8950001000         2.1500000000         1.0882000626        85.4352578863      -186.4767254219 
        1.9000001000         2.1500000000         1.0882000626        84.3342591149      -186.4767254219 
        1.9050001000         2.1500000000         1.0882000626        83.6002599339      -186.4767254219 
        1.9100000000         2.1500000000         1.0831021596        82.1322615719      -194.0855358275 
        1.9150001000         2.1500000000         1.0780042567        82.1322615719      -201.6943462332 
        1.9200001000         2.1500000000         1.0831021596        80.4807634146      -194.0855358275 
        1.9250000000         2.1500000000         1.0856511111        79.3797646431      -190.2811306247 
        1.9300000000         2.1500000000         1.0907490141        79.5632644384      -182.6723202191 
        1.9350001000         2.1500000000         1.0882000626        78.2787658717      -186.4767254219 
        1.9400001000         2.1500000000         1.0780042567        77.1777671002      -201.6943462332 
        1.9450000000         2.1500000000         1.0780042567        76.0767683287      -201.6943462332 
        1.9500001000         2.1500000000         1.0882000626        75.7097687382      -186.4767254219 
        1.9550001000         2.1500000000         1.0780042567        73.8747707857      -201.6943462332 
        1.9600000000         2.1500000000         1.0882000626        73.3242713999      -186.4767254219 
        1.9650000000         2.1500000000         1.0882000626        73.3242713999      -186.4767254219 
        1.9700001000         2.1500000000         1.0907490141        72.0397728332      -182.6723202191 
        1.9750012000         2.1500000000         1.0703574022        70.3882746760      -213.1075618417 
        1.9800000000         2.1500000000         1.0882000626        69.6542754950      -186.4767254219 
        1.9850001000         2.1500000000         1.0856511111        69.2872759045      -190.2811306247 
        1.9900001000         2.1500000000         1.0907490141        67.8192775425      -182.6723202191 
        1.9950000000         2.1500000000         1.0780042567        66.5347789758      -201.6943462332 
        2.0000000000         2.1500000000         1.0856511111        65.9842795900      -190.2811306247 
        2.0050001000         2.1500000000         1.0932979656        65.2502804090      -178.8679150162 
        2.0100001000         2.1500000000         1.0780042567        63.7822820470      -201.6943462332 
        2.0150001000         2.1500000000         1.0780042567        63.4152824565      -201.6943462332 
        2.0200001000         2.1500000000         1.0856511111        62.1307838898      -190.2811306247 
        2.0250001000         2.1500000000         1.0882000626        61.3967847088      -186.4767254219 
        2.0300001000         2.1500000000         1.0856511111        60.8462853230      -190.2811306247 
        2.0350001000         2.1500000000         1.0907490141        59.7452865516      -182.6723202191 
        2.0400001000         2.1500000000         1.0729063537        58.2772881896      -209.3031566389 
        2.0450001000         2.1500000000         1.0856511111        57.5432890086      -190.2811306247 
        2.0500000000         2.1500000000         1.0805532081        56.4422902371      -197.8899410304 
        2.0550000000         2.1500000000         1.0856511111        56.0752906466      -190.2811306247 
        2.0600001000         2.1500000000         1.0907490141        54.9742918751      -182.6723202191 
        2.0650001000         2.1500000000         1.0805532081        53.8732931036      -197.8899410304 
        2.0700000000         2.1500000000         1.0932979656        53.1392939226      -178.8679150162 
        2.0750001000         2.1500000000         1.0703574022        51.6712955606      -213.1075618417 
        2.0800001000         2.1500000000         1.0958469171        51.1207961749      -175.0635098134 
        2.0850000000         2.1500000000         1.0831021596        50.5702967891      -194.0855358275 
        2.0900000000         2.1500000000         1.0831021596        48.9187986319      -194.0855358275 
        2.0950001000         2.1500000000         1.0958469171        48.9187986319      -175.0635098134 
        2.1000001000         2.1500000000         1.0831021596        47.6343000652      -194.0855358275 
        2.1050000000         2.1500000000         1.0856511111        46.5333012937      -190.2811306247 
        2.1100001000         2.1500000000         1.1009448200        46.1663017032      -167.4546994077 
        2.1150001000         2.1500000000         1.0882000626        44.8818031364      -186.4767254219 
        2.1200000000         2.1500000000         1.0780042567        43.2303049792      -201.6943462332 
        2.1250000000         2.1500000000         1.0932979656        43.2303049792      -178.8679150162 
        2.1300001000         2.1500000000         1.0907490141        41.7623066172      -182.6723202191 
        2.1350001000         2.1500000000         1.0831021596        40.2943082552      -194.0855358275 
        2.1400001000         2.1500000000         1.1009448200        40.8448076410      -167.4546994077 
        2.1450001000         2.1500000000         1.0958469171        39.3768092790      -175.0635098134 
        2.1500001000         2.1500000000         1.0983958685        38.8263098932      -171.2591046106 
        2.1550001000         2.1500000000         1.0856511111        36.9913119407      -190.2811306247 
        2.1600001000         2.1500000000         1.0907490141        36.4408125550      -182.6723202191 
        2.1650001000         2.1500000000         1.0958469171        36.0738129645      -175.0635098134 
        2.1700001000         2.1500000000         1.1034937715        35.3398137835      -163.6502942049 
        2.1750000000         2.1500000000         1.1009448200        34.0553152168      -167.4546994077 
        2.1800001000         2.1500000000         1.0882000626        33.1378162405      -186.4767254219 
        2.1850001000         2.1500000000         1.0907490141        31.6698178785      -182.6723202191 
        2.1900001000         2.1500000000         1.0932979656        32.0368174690      -178.8679150162 
        2.1950000000         2.1500000000         1.1009448200        30.2018195165      -167.4546994077 
        2.2000001000         2.1500000000         1.0983958685        29.6513201308      -171.2591046106 
        2.2050001000         2.1500000000         1.1009448200        29.1008207451      -167.4546994077 
        2.2100000000         2.1500000000         1.1060427230        27.9998219736      -159.8458890021 
        2.2150000000         2.1500000000         1.1060427230        27.0823229973      -159.8458890021 
        2.2200001000         2.1500000000         1.1009448200        26.3483238163      -167.4546994077 
        2.2250001000         2.1500000000         1.1060427230        25.2473250448      -159.8458890021 
        2.2300000000         2.1500000000         1.1009448200        24.6968256591      -167.4546994077 
        2.2350001000         2.1500000000         1.1009448200        23.9628264781      -167.4546994077 
        2.2400001000         2.1500000000         1.0983958685        22.4948281161      -171.2591046106 
        2.2450000000         2.1500000000         1.1136895775        22.6783279114      -148.4326733936 
        2.2500000000         2.1500000000         1.1009448200        21.3938293446      -167.4546994077 
        2.2550001000         2.1500000000         1.1034937715        20.1093307779      -163.6502942049 
        2.2600001000         2.1500000000         1.1111406260        20.4763303684      -152.2370785964 
        2.2650001000         2.1500000000         1.1034937715        18.6413324159      -163.6502942049 
        2.2700001000         2.1500000000         1.1009448200        18.2743328254      -167.4546994077 
        2.2750001000         2.1500000000         1.1085916745        17.9073332349      -156.0414837992 
        2.2800001000         2.1500000000         1.1034937715        16.4393348729      -163.6502942049 
        2.2850001000         2.1500000000         1.1111406260        16.6228346682      -152.2370785964 
        2.2900001000         2.1500000000         1.0983958685        14.7878367157      -171.2591046106 
        2.2950001000         2.1500000000         1.1162385289        14.9713365109      -144.6282681908 
        2.3000000000         2.1500000000         1.0932979656        12.9528387632      -178.8679150162 
        2.3050001000         2.1500000000         1.1111406260        13.3198383537      -152.2370785964 
        2.3100001000         2.1500000000         1.0932979656        11.3013406059      -178.8679150162 
        2.3150001000         2.1500000000         1.1060427230        10.9343410155      -159.8458890021 
        2.3200000000         2.1500000000         1.1187874804        10.7508412202      -140.8238629879 
        2.3250001000         2.1500000000         1.0983958685         9.2828428582      -171.2591046106 
        2.3300001000         2.1500000000         1.1187874804         9.2828428582      -140.8238629879 
        2.3350000000         2.1500000000         1.1136895775         7.4478449057      -148.4326733936 
        2.3400000000         2.1500000000         1.1238853834         7.9983442915      -133.2150525823 
        2.3450001000         2.1500000000         1.1187874804         6.5303459295      -140.8238629879 
        2.3500001000         2.1500000000         1.1187874804         5.2458473627      -140.8238629879 
        2.3550000000         2.1500000000         1.1213364319         5.7963467485      -137.0194577851 
        2.3600001000         2.1500000000         1.1238853834         4.5118481818      -133.2150525823 
        2.3650001000         2.1500000000         1.1136895775         3.7778490008      -148.4326733936 
        2.3700000000         2.1500000000         1.1162385289         3.4108494103      -144.6282681908 
        2.3750000000         2.1500000000         1.1136895775         2.3098506388      -148.4326733936 
        2.3800001000         2.1500000000         1.1264343349         2.1263508435      -129.4106473794 
        2.3850001000         2.1500000000         1.1238853834         1.3923516625      -133.2150525823 
        2.3900001000         2.1500000000         1.1085916745         0.6583524815      -156.0414837992 
        2.3950001000         2.1500000000         1.1238853834         0.1078530958      -133.2150525823 
        2.4000001000         2.1500000000         1.1315322379         0.6583524815      -121.8018369738 
        2.4050001000         2.1500000000         1.1136895775        -0.0756466995      -148.4326733936 
        2.4100001000         2.1500000000         1.1264343349        -0.0756466995      -129.4106473794 
        2.4150001000         2.1500000000         1.1136895775         0.1078530958      -148.4326733936 
        2.4200001000         2.1500000000         1.1264343349        -0.0756466995      -129.4106473794 
        2.4250000000         2.1500000000         1.1136895775        -0.4426462900      -148.4326733936 
        2.4300001000         2.1500000000         1.1238853834         0.6583524815      -133.2150525823 
        2.4350001000         2.1500000000         1.1213364319         0.2913528910      -137.0194577851 
        2.4400001000         2.1500000000         1.1111406260         0.2913528910      -152.2370785964 
        2.4450000000         2.1500000000         1.1162385289        -0.2591464947      -144.6282681908 
        2.4500001000         2.1500000000         1.1187874804         0.1078530958      -140.8238629879 
        2.4550001000         2.1500000000         1.1187874804         0.1078530958      -140.8238629879 
        2.4600000000         2.1500000000         1.1136895775        79.1962648479      -148.4326733936 
        2.4650000000         2.1500000000         1.1111406260        79.1962648479      -152.2370785964 
        2.4700001000         2.1500000000         1.1187874804        79.7467642336      -140.8238629879 
        2.4750001000         2.1500000000         1.1264343349        80.1137638241      -129.4106473794 
        2.4800000000         2.1500000000         1.1213364319        79.9302640289      -137.0194577851 
        2.4850001000         2.1500000000         1.1289832864        79.9302640289      -125.6062421766 
        2.4900001000         2.1500000000         1.1213364319       357.1984546494      -137.0194577851 
        2.4950000000         2.1500000000         1.1289832864       360.1344513734      -125.6062421766 
        2.5000000000         2.1500000000         1.1417280438       360.1344513734      -106.5842161625 
        2.5050001000         2.1500000000         1.1264343349       359.7674517829      -129.4106473794 
        2.5100001000         2.1500000000         1.1238853834       359.9509515781      -133.2150525823 
        2.5150001000         2.1500000000         1.1187874804       359.7674517829      -140.8238629879 
        2.5200001000         2.1500000000         1.1213364319       359.9509515781      -137.0194577851 
        2.5250001000         2.1500000000         1.1289832864       360.3179511686      -125.6062421766 
        2.5300001000         2.1500000000         1.1238853834       359.9509515781      -133.2150525823 
        2.5350001000         2.1500000000         1.1187874804       360.3179511686      -140.8238629879 
        2.5400001000         2.1500000000         1.1366301408       359.7674517829      -114.1930265681 
        2.5450001000         2.1500000000         1.1187874804       359.9509515781      -140.8238629879 
        2.5500000000         2.1500000000         1.1187874804       359.9509515781      -140.8238629879 
        2.5550001000         2.1500000000         1.1264343349       360.5014509639      -129.4106473794 
        2.5600001000         2.1500000000         1.1264343349       359.5839519876      -129.4106473794 
        2.5650001000         2.1500000000         1.1162385289       358.8499528066      -144.6282681908 
        2.5700000000         2.1500000000         1.1238853834       357.7489540351      -133.2150525823 
        2.5750001000         2.1500000000         1.1289832864       358.1159536256      -125.6062421766 
        2.5800001000         2.1500000000         1.1136895775       356.8314550589      -148.4326733936 
        2.5850000000         2.1500000000         1.1187874804       355.7304562874      -140.8238629879 
        2.5900000000         2.1500000000         1.1111406260       355.3634566969      -152.2370785964 
        2.5950001000         2.1500000000         1.1315322379       354.4459577207      -121.8018369738 
        2.6000001000         2.1500000000         1.1187874804       353.7119585397      -140.8238629879 
        2.6050000000         2.1500000000         1.1136895775       352.7944595634      -148.4326733936 
        2.6100001000         2.1500000000         1.1111406260       352.7944595634      -152.2370785964 
        2.6150001000         2.1500000000         1.1238853834       351.6934607919      -133.2150525823 
        2.6200000000         2.1500000000         1.1060427230       350.5924620204      -159.8458890021 
        2.6250000000         2.1500000000         1.1213364319       350.0419626347      -137.0194577851 
        2.6300001000         2.1500000000         1.1213364319       349.4914632490      -137.0194577851 
        2.6350001000         2.1500000000         1.1213364319       348.3904644775      -137.0194577851 
        2.6400001000         2.1500000000         1.1315322379       348.5739642727      -121.8018369738 
        2.6450001000         2.1500000000         1.1289832864       348.0234648870      -125.6062421766 
        2.6500001000         2.1500000000         1.1187874804       346.1884669345      -140.8238629879 
        2.6550001000         2.1500000000         1.1187874804       345.6379675487      -140.8238629879 
        2.6600001000         2.1500000000         1.1213364319       345.8214673440      -137.0194577851 
        2.6650001000         2.1500000000         1.1136895775       344.7204685725      -148.4326733936 
        2.6700001000         2.1500000000         1.1136895775       343.9864693915      -148.4326733936 
        2.6750000000         2.1500000000         1.1187874804       343.2524702105      -140.8238629879 
        2.6800001000         2.1500000000         1.1289832864       341.9679716438      -125.6062421766 
        2.6850001000         2.1500000000         1.1187874804       341.7844718485      -140.8238629879 
        2.6900001000         2.1500000000         1.1187874804       341.2339724628      -140.8238629879 
        2.6950000000         2.1500000000         1.1187874804       340.4999732818      -140.8238629879 
        2.7000001000         2.1500000000         1.1238853834       339.2154747150      -133.2150525823 
        2.7050001000         2.1500000000         1.1162385289       339.0319749198      -144.6282681908 
        2.7100000000         2.1500000000         1.1187874804       338.2979757388      -140.8238629879 
        2.7150000000         2.1500000000         1.1136895775       337.5639765578      -148.4326733936 
        2.7200001000         2.1500000000         1.1315322379       336.8299773768      -121.8018369738 
        2.7250001000         2.1500000000         1.1085916745       336.2794779911      -156.0414837992 
        2.7300000000         2.1500000000         1.1162385289       335.3619790148      -144.6282681908 
        2.7350001000         2.1500000000         1.1187874804       335.3619790148      -140.8238629879 
        2.7400001000         2.1500000000         1.1187874804       334.2609802433      -140.8238629879 
        2.7450000000         2.1500000000         1.1136895775       333.5269810623      -148.4326733936 
        2.7500000000         2.1500000000         1.1060427230       332.2424824956      -159.8458890021 
        2.7550001000         2.1500000000         1.1162385289       332.0589827003      -144.6282681908 
        2.7600001000         2.1500000000         1.1085916745       330.5909843384      -156.0414837992 
        2.7650001000         2.1500000000         1.1264343349       330.9579839289      -129.4106473794 
        2.7700001000         2.1500000000         1.1009448200       329.3064857716      -167.4546994077 
        2.7750001000         2.1500000000         1.1238853834       329.1229859764      -133.2150525823 
        2.7800001000         2.1500000000         1.1111406260       328.7559863859      -152.2370785964 
        2.7850001000         2.1500000000         1.1187874804       327.6549876144      -140.8238629879 
        2.7900001000         2.1500000000         1.1187874804       326.7374886381      -140.8238629879 
        2.7950001000         2.1500000000         1.1060427230       326.3704890476      -159.8458890021 
        2.8000000000         2.1500000000         1.1187874804       325.6364898666      -140.8238629879 
        2.8050001000         2.1500000000         1.1060427230       324.1684915047      -159.8458890021 
        2.8100001000         2.1500000000         1.1264343349       324.1684915047      -129.4106473794 
        2.8150001000         2.1500000000         1.1187874804       323.4344923237      -140.8238629879 
        2.8200000000         2.1500000000         1.1136895775       322.1499937569      -148.4326733936 
        2.8250001000         2.1500000000         1.1187874804       321.9664939617      -140.8238629879 
        2.8300001000         2.1500000000         1.1111406260       321.5994943712      -152.2370785964 
        2.8350000000         2.1500000000         1.1213364319       320.4984955997      -137.0194577851 
        2.8400000000         2.1500000000         1.1162385289       319.7644964187      -144.6282681908 
        2.8450001000         2.1500000000         1.1187874804       319.0304972377      -140.8238629879 
        2.8500001000         2.1500000000         1.1009448200       318.2964980567      -167.4546994077 
        2.8550000000         2.1500000000         1.1238853834       318.2964980567      -133.2150525823 
        2.8600001000         2.1500000000         1.1136895775       316.8284996947      -148.4326733936 
        2.8650001000         2.1500000000         1.1187874804       315.9110007185      -140.8238629879 
        2.8700000000         2.1500000000         1.1213364319       315.3605013327      -137.0194577851 
        2.8750000000         2.1500000000         1.1238853834       315.3605013327      -133.2150525823 
        2.8800001000         2.1500000000         1.1315322379       314.4430023565      -121.8018369738 
        2.8850001000         2.1500000000         1.1111406260       313.5255033802      -152.2370785964 
        2.8900001000         2.1500000000         1.1238853834       313.1585037897      -133.2150525823 
        2.8950001000         2.1500000000         1.1213364319       312.0575050183      -137.0194577851 
        2.9000001000         2.1500000000         1.1111406260       310.7730064515      -152.2370785964 
        2.9050001000         2.1500000000         1.1289832864       310.5895066563      -125.6062421766 
        2.9100001000         2.1500000000         1.1162385289       309.6720076800      -144.6282681908 
        2.9150001000         2.1500000000         1.1289832864       309.6720076800      -125.6062421766 
        2.9200001000         2.1500000000         1.1162385289       308.2040093180      -144.6282681908 
        2.9250000000         2.1500000000         1.1187874804       307.4700101370      -140.8238629879 
        2.9300001000         2.1500000000         1.1213364319       307.1030105465      -137.0194577851 
        2.9350001000         2.1500000000         1.1289832864       306.9195107513      -125.6062421766 
        2.9400001000         2.1500000000         1.1264343349       306.1855115703      -129.4106473794 
        2.9450000000         2.1500000000         1.1315322379       305.6350121846      -121.8018369738 
        2.9500001000         2.1500000000         1.1238853834       303.9835140273      -133.2150525823 
        2.9550001000         2.1500000000         1.1136895775       303.8000142321      -148.4326733936 
        2.9600000000         2.1500000000         1.1315322379       303.8000142321      -121.8018369738 
        2.9650000000         2.1500000000         1.1136895775       302.1485160748      -148.4326733936 
        2.9700001000         2.1500000000         1.1238853834       301.7815164843      -133.2150525823 
        2.9750001000         2.1500000000         1.1111406260       300.6805177128      -152.2370785964 
        2.9800000000         2.1500000000         1.1238853834       300.4970179176      -133.2150525823 
        2.9850001000         2.1500000000         1.1315322379       300.3135181223      -121.8018369738 
        2.9900001000         2.1500000000         1.1187874804       298.6620199651      -140.8238629879 
        2.9950000000         2.1500000000         1.1187874804       298.1115205794      -140.8238629879 
        3.0000000000         2.1500000000         1.1289832864       298.1115205794      -125.6062421766 
        3.0050001000         2.1500000000         1.1136895775       296.4600224221      -148.4326733936 
        3.0100001000         2.1500000000         1.1187874804       296.2765226269      -140.8238629879 
        3.0150001000         2.1500000000         1.1264343349       295.7260232411      -129.4106473794 
        3.0200001000         2.1500000000         1.1085916745       294.9920240601      -156.0414837992 
        3.0250001000         2.1500000000         1.1340811893       294.2580248791      -117.9974317710 
        3.0300001000         2.1500000000         1.1085916745       292.9735263124      -156.0414837992 
        3.0350001000         2.1500000000         1.1213364319       292.6065267219      -137.0194577851 
        3.0400001000         2.1500000000         1.1187874804       292.7900265172      -140.8238629879 
        3.0450001000         2.1500000000         1.1264343349       292.0560273362      -129.4106473794 
        3.0500000000         2.1500000000         1.1111406260       290.5880289742      -152.2370785964 
        3.0550001000         2.1500000000         1.1264343349       290.2210293837      -129.4106473794 
        3.0600001000         2.1500000000         1.1111406260       288.9365308169      -152.2370785964 
        3.0650001000         2.1500000000         1.1264343349       288.9365308169      -129.4106473794 
        3.0700000000         2.1500000000         1.1289832864       288.5695312264      -125.6062421766 
        3.0750001000         2.1500000000         1.1289832864       286.9180330692      -125.6062421766 
        3.0800001000         2.1500000000         1.1340811893       287.6520322502      -117.9974317710 
        3.0850000000         2.1500000000         1.1060427230       285.8170342977      -159.8458890021 
        3.0900000000         2.1500000000         1.1366301408       285.8170342977      -114.1930265681 
        3.0950001000         2.1500000000         1.1111406260       285.2665349120      -152.2370785964 
        3.1000001000         2.1500000000         1.1238853834       283.7985365500      -133.2150525823 
        3.1050000000         2.1500000000         1.1136895775       283.7985365500      -148.4326733936 
        3.1100001000         2.1500000000         1.1289832864       282.8810375737      -125.6062421766 
        3.1150001000         2.1500000000         1.1238853834       282.5140379832      -133.2150525823 
        3.1200000000         2.1500000000         1.1213364319       281.2295394165      -137.0194577851 
        3.1250000000         2.1500000000         1.1213364319       281.5965390070      -137.0194577851 
        3.1300001000         2.1500000000         1.1289832864       280.6790400308      -125.6062421766 
        3.1350001000         2.1500000000         1.1213364319       279.7615410545      -137.0194577851 
        3.1400001000         2.1500000000         1.1187874804       278.8440420783      -140.8238629879 
        3.1450001000         2.1500000000         1.1187874804       278.1100428973      -140.8238629879 
        3.1500001000         2.1500000000         1.1162385289       277.7430433068      -144.6282681908 
        3.1550001000         2.1500000000         1.1264343349       277.7430433068      -129.4106473794 
        3.1600001000         2.1500000000         1.1289832864       276.8255443305      -125.6062421766 
        3.1650013000         2.1500000000         1.1264343349       275.7245455590      -129.4106473794 
        3.1700001000         2.1500000000         1.1187874804       275.1740461733      -140.8238629879 
        3.1750000000         2.1500000000         1.1162385289       273.8895476066      -144.6282681908 
        3.1800001000         2.1500000000         1.1187874804       273.8895476066      -140.8238629879 
        3.1850001000         2.1500000000         1.1289832864       273.1555484256      -125.6062421766 
        3.1900001000         2.1500000000         1.1136895775       272.0545496541      -148.4326733936 
        3.1950000000         2.1500000000         1.1187874804       271.3205504731      -140.8238629879 
        3.2000001000         2.1500000000         1.1085916745       270.7700510873      -156.0414837992 
        3.2050001000         2.1500000000         1.1315322379       270.9535508826      -121.8018369738 
        3.2100000000         2.1500000000         1.1213364319       270.0360519063      -137.0194577851 
        3.2150000000         2.1500000000         1.1187874804       269.3020527254      -140.8238629879 
        3.2200001000         2.1500000000         1.1289832864       268.9350531349      -125.6062421766 
        3.2250001000         2.1500000000         1.1238853834       267.8340543634      -133.2150525823 
        3.2300000000         2.1500000000         1.1213364319       267.1000551824      -137.0194577851 
        3.2350001000         2.1500000000         1.1289832864       266.3660560014      -125.6062421766 
        3.2400001000         2.1500000000         1.1238853834       265.6320568204      -133.2150525823 
        3.2450000000         2.1500000000         1.1315322379       265.4485570251      -121.8018369738 
        3.2500000000         2.1500000000         1.1315322379       264.5310580489      -121.8018369738 
        3.2550001000         2.1500000000         1.1238853834       263.2465594822      -133.2150525823 
        3.2600001000         2.1500000000         1.1187874804       263.0630596869      -140.8238629879 
        3.2650001000         2.1500000000         1.1289832864       263.0630596869      -125.6062421766 
        3.2700001000         2.1500000000         1.1289832864       261.7785611202      -125.6062421766 
        3.2750001000         2.1500000000         1.1289832864       261.2280617344      -125.6062421766 
        3.2800001000         2.1500000000         1.1136895775       260.3105627582      -148.4326733936 
        3.2850001000         2.1500000000         1.1264343349       259.5765635772      -129.4106473794 
        3.2900001000         2.1500000000         1.1213364319       259.2095639867      -137.0194577851 
        3.2950001000         2.1500000000         1.1111406260       257.9250654199      -152.2370785964 
        3.3000000000         2.1500000000         1.1187874804       257.5580658294      -140.8238629879 
        3.3050001000         2.1500000000         1.1111406260       256.2735672627      -152.2370785964 
        3.3100001000         2.1500000000         1.1085916745       255.7230678770      -156.0414837992 
        3.3150001000         2.1500000000         1.1187874804       255.5395680817      -140.8238629879 
        3.3200000000         2.1500000000         1.1085916745       254.6220691055      -156.0414837992 
        3.3250001000         2.1500000000         1.1213364319       254.2550695150      -137.0194577851 
        3.3300001000         2.1500000000         1.1060427230       252.7870711530      -159.8458890021 
        3.3350000000         2.1500000000         1.1136895775       252.6035713577      -148.4326733936 
        3.3400000000         2.1500000000         1.1187874804       252.2365717672      -140.8238629879 
        3.3450001000         2.1500000000         1.1187874804       250.9520732005      -140.8238629879 
        3.3500001000         2.1500000000         1.1085916745       249.6675746338      -156.0414837992 
        3.3550000000         2.1500000000         1.1264343349       250.0345742243      -129.4106473794 
        3.3600001000         2.1500000000         1.1085916745       248.3830760670      -156.0414837992 
        3.3650001000         2.1500000000         1.1111406260       248.0160764765      -152.2370785964 
        3.3700000000         2.1500000000         1.1136895775       247.2820772955      -148.4326733936 
        3.3750000000         2.1500000000         1.1136895775       246.5480781145      -148.4326733936 
        3.3800001000         2.1500000000         1.1111406260       245.8140789335      -152.2370785964 
        3.3850001000         2.1500000000         1.0932979656       244.7130801621      -178.8679150162 
        3.3900001000         2.1500000000         1.1136895775       244.3460805716      -148.4326733936 
        3.3950001000         2.1500000000         1.1136895775       243.2450818001      -148.4326733936 
        3.4000001000         2.1500000000         1.1213364319       243.4285815953      -137.0194577851 
        3.4050001000         2.1500000000         1.1085916745       241.7770834381      -156.0414837992 
        3.4100001000         2.1500000000         1.1162385289       241.9605832333      -144.6282681908 
        3.4150001000         2.1500000000         1.1085916745       240.6760846666      -156.0414837992 
        3.4200001000         2.1500000000         1.1136895775       240.1255852808      -148.4326733936 
        3.4250000000         2.1500000000         1.1136895775       239.2080863046      -148.4326733936 
        3.4300001000         2.1500000000         1.1136895775       238.4740871236      -148.4326733936 
        3.4350001000         2.1500000000         1.1187874804       237.9235877379      -140.8238629879 
        3.4400001000         2.1500000000         1.1162385289       237.7400879426      -144.6282681908 
        3.4450000000         2.1500000000         1.1136895775       236.8225889664      -148.4326733936 
        3.4500001000         2.1500000000         1.1085916745       235.5380903996      -156.0414837992 
        3.4550001000         2.1500000000         1.1187874804       234.9875910139      -140.8238629879 
        3.4600000000         2.1500000000         1.1034937715       234.0700920376      -163.6502942049 
        3.4650000000         2.1500000000         1.1111406260       233.1525930614      -152.2370785964 
        3.4700001000         2.1500000000         1.1060427230       232.6020936757      -159.8458890021 
        3.4750001000         2.1500000000         1.1111406260       231.8680944947      -152.2370785964 
        3.4800000000         2.1500000000         1.1111406260       231.6845946994      -152.2370785964 
        3.4850001000         2.1500000000         1.1187874804       230.5835959279      -140.8238629879 
        3.4900001000         2.1500000000         1.1136895775       229.8495967469      -148.4326733936 
        3.4950000000         2.1500000000         1.1187874804       228.7485979754      -140.8238629879 
        3.5000000000         2.1500000000         1.1085916745       228.1980985897      -156.0414837992 
        3.5050001000         2.1500000000         1.1085916745       227.0970998182      -156.0414837992 
        3.5100001000         2.1500000000         1.1111406260       226.5466004324      -152.2370785964 
        3.5150001000         2.1500000000         1.1162385289       226.3631006372      -144.6282681908 
        3.5200001000         2.1500000000         1.1009448200       224.5281026847      -167.4546994077 
        3.5250001000         2.1500000000         1.1111406260       224.3446028895      -152.2370785964 
        3.5300001000         2.1500000000         1.1085916745       223.6106037085      -156.0414837992 
        3.5350001000         2.1500000000         1.1136895775       222.6931047322      -148.4326733936 
        3.5400001000         2.1500000000         1.1085916745       221.9591055512      -156.0414837992 
        3.5450001000         2.1500000000         1.1060427230       220.6746069845      -159.8458890021 
        3.5500000000         2.1500000000         1.1238853834       220.8581067797      -133.2150525823 
        3.5550001000         2.1500000000         1.0983958685       219.2066086225      -171.2591046106 
        3.5600001000         2.1500000000         1.1187874804       219.3901084178      -140.8238629879 
        3.5650001000         2.1500000000         1.1034937715       218.1056098510      -163.6502942049 
        3.5700000000         2.1500000000         1.1111406260       217.5551104653      -152.2370785964 
        3.5750001000         2.1500000000         1.1085916745       217.1881108748      -156.0414837992 
        3.5800001000         2.1500000000         1.1136895775       215.9036123080      -148.4326733936 
        3.5850000000         2.1500000000         1.1034937715       215.1696131270      -163.6502942049 
        3.5900000000         2.1500000000         1.1111406260       214.6191137413      -152.2370785964 
        3.5950001000         2.1500000000         1.1009448200       213.3346151746      -167.4546994077 
        3.6000001000         2.1500000000         1.0983958685       212.7841157888      -171.2591046106 
        3.6050000000         2.1500000000         1.1009448200       211.8666168126      -167.4546994077 
        3.6100001000         2.1500000000         1.1238853834       212.0501166078      -133.2150525823 
        3.6150001000         2.1500000000         1.0983958685       210.3986184506      -171.2591046106 
        3.6200000000         2.1500000000         1.1136895775       210.3986184506      -148.4326733936 
        3.6250000000         2.1500000000         1.1136895775       209.4811194743      -148.4326733936 
        3.6300001000         2.1500000000         1.1009448200       208.1966209076      -167.4546994077 
        3.6350001000         2.1500000000         1.1111406260       208.3801207028      -152.2370785964 
        3.6400001000         2.1500000000         1.1085916745       206.9121223409      -156.0414837992 
        3.6450001000         2.1500000000         1.0983958685       205.8111235694      -171.2591046106 
        3.6500001000         2.1500000000         1.1111406260       205.4441239789      -152.2370785964 
        3.6550001000         2.1500000000         1.0907490141       204.1596254121      -182.6723202191 
        3.6600001000         2.1500000000         1.1009448200       203.7926258216      -167.4546994077 
        3.6650001000         2.1500000000         1.1111406260       203.0586266406      -152.2370785964 
        3.6700001000         2.1500000000         1.0932979656       201.7741280739      -178.8679150162 
        3.6750000000         2.1500000000         1.0932979656       201.4071284834      -178.8679150162 
        3.6800001000         2.1500000000         1.0983958685       200.1226299167      -171.2591046106 
        3.6850001000         2.1500000000         1.1034937715       199.9391301214      -163.6502942049 
        3.6900001000         2.1500000000         1.0983958685       198.4711317594      -171.2591046106 
        3.6950000000         2.1500000000         1.0958469171       197.5536327832      -175.0635098134 
        3.7000001000         2.1500000000         1.0983958685       197.3701329879      -171.2591046106 
        3.7050001000         2.1500000000         1.1085916745       196.8196336022      -156.0414837992 
        3.7100000000         2.1500000000         1.0932979656       194.9846356497      -178.8679150162 
        3.7150000000         2.1500000000         1.0983958685       195.1681354450      -171.2591046106 
        3.7200001000         2.1500000000         1.1111406260       194.4341362640      -152.2370785964 
        3.7250001000         2.1500000000         1.0907490141       192.9661379020      -182.6723202191 
        3.7300000000         2.1500000000         1.0983958685       192.2321387210      -171.2591046106 
        3.7350001000         2.1500000000         1.0882000626       190.7641403590      -186.4767254219 
        3.7400001000         2.1500000000         1.1009448200       190.7641403590      -167.4546994077 
        3.7450000000         2.1500000000         1.0932979656       189.6631415875      -178.8679150162 
        3.7500000000         2.1500000000         1.1034937715       189.2961419970      -163.6502942049 
        3.7550001000         2.1500000000         1.0932979656       187.4611440445      -178.8679150162 
        3.7600001000         2.1500000000         1.1009448200       187.6446438398      -167.4546994077 
        3.7650001000         2.1500000000         1.1034937715       186.7271448635      -163.6502942049 
        3.7700001000         2.1500000000         1.1034937715       185.6261460920      -163.6502942049 
        3.7750001000         2.1500000000         1.0831021596       183.9746479348      -194.0855358275 
        3.7800001000         2.1500000000         1.0983958685       183.0571489586      -171.2591046106 
        3.7850001000         2.1500000000         1.0907490141       182.5066495728      -182.6723202191 
        3.7900001000         2.1500000000         1.0907490141       181.7726503918      -182.6723202191 
        3.7950001000         2.1500000000         1.0907490141       181.2221510061      -182.6723202191 
        3.8000000000         2.1500000000         1.0932979656       179.9376524393      -178.8679150162 
        3.8050001000         2.1500000000         1.1009448200       179.3871530536      -167.4546994077 
        3.8100001000         2.1500000000         1.0907490141       177.7356548963      -182.6723202191 
        3.8150001000         2.1500000000         1.0958469171       177.1851555106      -175.0635098134 
        3.8200000000         2.1500000000         1.0983958685       176.8181559201      -171.2591046106 
        3.8250001000         2.1500000000         1.0958469171       175.9006569439      -175.0635098134 
        3.8300001000         2.1500000000         1.0882000626       174.2491587866      -186.4767254219 
        3.8350000000         2.1500000000         1.0932979656       173.6986594009      -178.8679150162 
        3.8400000000         2.1500000000         1.0831021596       173.1481600151      -194.0855358275 
        3.8450001000         2.1500000000         1.0958469171       171.3131620626      -175.0635098134 
        3.8500001000         2.1500000000         1.0856511111       170.5791628817      -190.2811306247 
        3.8550000000         2.1500000000         1.1009448200       170.5791628817      -167.4546994077 
        3.8600001000         2.1500000000         1.0983958685       169.4781641102      -171.2591046106 
        3.8650001000         2.1500000000         1.0882000626       167.8266659529      -186.4767254219 
        3.8700000000         2.1500000000         1.0882000626       167.2761665672      -186.4767254219 
        3.8750000000         2.1500000000         1.0932979656       166.3586675909      -178.8679150162 
        3.8800001000         2.1500000000         1.0754553052       164.8906692290      -205.4987514360 
        3.8850001000         2.1500000000         1.0932979656       165.2576688194      -178.8679150162 
        3.8900001000         2.1500000000         1.0882000626       163.6061706622      -186.4767254219 
        3.8950001000         2.1500000000         1.0882000626       162.6886716860      -186.4767254219 
        3.9000001000         2.1500000000         1.0958469171       162.6886716860      -175.0635098134 
        3.9050001000         2.1500000000         1.0856511111       160.8536737335      -190.2811306247 
        3.9100001000         2.1500000000         1.0958469171       160.3031743477      -175.0635098134 
        3.9150001000         2.1500000000         1.0907490141       159.2021755762      -182.6723202191 
        3.9200001000         2.1500000000         1.0856511111       157.9176770095      -190.2811306247 
        3.9250000000         2.1500000000         1.0907490141       157.5506774190      -182.6723202191 
        3.9300001000         2.1500000000         1.0882000626       155.8991792618      -186.4767254219 
        3.9350001000         2.1500000000         1.0856511111       154.9816802855      -190.2811306247 
        3.9400001000         2.1500000000         1.0831021596       154.4311808998      -194.0855358275 
        3.9450000000         2.1500000000         1.0882000626       153.3301821283      -186.4767254219 
        3.9500001000         2.1500000000         1.0780042567       151.8621837663      -201.6943462332 
        3.9550001000         2.1500000000         1.0703574022       150.9446847901      -213.1075618417 
        3.9600000000         2.1500000000         1.0932979656       150.5776851996      -178.8679150162 
        3.9650000000         2.1500000000         1.0831021596       149.1096868376      -194.0855358275 
        3.9700001000         2.1500000000         1.0882000626       148.9261870423      -186.4767254219 
        3.9750001000         2.1500000000         1.0856511111       147.6416884756      -190.2811306247 
        3.9800000000         2.1500000000         1.0805532081       146.1736901136      -197.8899410304 
        3.9850001000         2.1500000000         1.0729063537       145.2561911374      -209.3031566389 
        3.9900001000         2.1500000000         1.0932979656       145.2561911374      -178.8679150162 
        3.9950018000         2.1500000000         1.0729063537       143.2376933896      -209.3031566389 
