           Time[sec]           V_{cmd}[V]          V_{gyro}[V]          \theta[deg] \omega_{gyro}[deg/sec] 
        0.0000000000         0.7900000000         1.2207455399       228.3815983849        11.3523451252 
        0.0050000000         0.7900000000         1.2258434428       228.7485979754        18.9611555309 
        0.0100001000         0.7900000000         1.2130986854       228.5650981802        -0.0608704832 
        0.0150000000         0.7900000000         0.9887909546       227.4640994087      -334.8485283322 
        0.0200000000         0.7900000000         0.9123224101       225.6291014562      -448.9806844171 
        0.0250000000         0.7900000000         0.9301650705       223.6106037085      -422.3498479973 
        0.0300001000         0.7900000000         0.8001685447       219.9406078035      -616.3745133416 
        0.0350000000         0.7900000000         0.8562454774       218.2891096463      -532.6775988793 
        0.0400000000         0.7900000000         0.7517384665       214.4356139460      -688.6582121953 
        0.0450001000         0.7900000000         0.7542874179       211.3161174268      -684.8538069925 
        0.0500000000         0.7900000000         0.6880146793       207.6461215219      -783.7683422661 
        0.0550000000         0.7900000000         0.7262489516       204.7101247979      -726.7022642236 
        0.0600000000         0.7900000000         0.6778188734       200.1226299167      -798.9859630774 
        0.0650001000         0.7900000000         0.6701720189       196.4526340117      -810.3991786859 
        0.0700000000         0.7900000000         0.6548783100       192.2321387210      -833.2256099029 
        0.0750000000         0.7900000000         0.6319377466       187.4611440445      -867.4652567283 
        0.0800001000         0.7900000000         0.6293887951       183.0571489586      -871.2696619311 
        0.0850000000         0.7900000000         0.6013503288       178.4696540773      -913.1181191623 
        0.0900000000         0.7900000000         0.6013503288       173.8821591961      -913.1181191623 
        0.0950000000         0.7900000000         0.5733118624       169.4781641102      -954.9665763934 
        0.1000001000         0.7900000000         0.5835076684       164.8906692290      -939.7489555821 
        0.1050000000         0.7900000000         0.5682139595       159.5691751667      -962.5753867990 
        0.1100000000         0.7900000000         0.5580181535       154.9816802855      -977.7930076104 
        0.1150071000         0.7900000000         0.5503712991       150.7611849948      -989.2062232189 
        0.1200000000         0.7900000000         0.5376265416       144.5221919564     -1008.2282492330 
        0.1250000000         0.7900000000         0.5478223476       139.7511972799      -993.0106284217 
        0.1300000000         0.7900000000         0.5223328327       134.9802026034     -1031.0546804500 
        0.1350001000         0.7900000000         0.5197838812       129.4752087460     -1034.8590856528 
        0.1400000000         0.7900000000         0.5223328327       125.2547134553     -1031.0546804500 
        0.1450000000         0.7900000000         0.5070391238       119.3827200073     -1053.8811116670 
        0.1500000000         0.7900000000         0.5019412208       113.8777261499     -1061.4899220726 
        0.1550001000         0.7900000000         0.5095880753       109.8407306544     -1050.0767064641 
        0.1600000000         0.7900000000         0.5070391238       103.6017376159     -1053.8811116670 
        0.1650000000         0.7900000000         0.4917454149        99.0142427347     -1076.7075428839 
        0.1700001000         0.7900000000         0.4866475119        93.6927486725     -1084.3163532896 
        0.1750000000         0.7900000000         0.4891964634        88.7382542008     -1080.5119480868 
        0.1800001000         0.7900000000         0.4739027545        83.0497605481     -1103.3383793037 
        0.1850000000         0.7900000000         0.4866475119        77.9117662812     -1084.3163532896 
        0.1900001000         0.7900000000         0.4790006575        73.1407716047     -1095.7295688981 
        0.1950000000         0.7900000000         0.4611579971        66.7182787710     -1122.3604053179 
        0.2000000000         0.7900000000         0.4790006575        61.9472840945     -1095.7295688981 
        0.2050001000         0.7900000000         0.4662559000        55.7082910561     -1114.7515949122 
        0.2100001000         0.7900000000         0.4484132396        50.2032971986     -1141.3824313320 
        0.2150000000         0.7900000000         0.4713538030        45.9828019079     -1107.1427845066 
        0.2200000000         0.7900000000         0.4688048515        39.1933094837     -1110.9471897094 
        0.2250001000         0.7900000000         0.4458642882        34.0553152168     -1145.1868365349 
        0.2300000000         0.7900000000         0.4535111426        28.9173209498     -1133.7736209264 
        0.2350000000         0.7900000000         0.4662559000        22.6783279114     -1114.7515949122 
        0.2400001000         0.7900000000         0.4458642882        16.6228346682     -1145.1868365349 
        0.2450000000         0.7900000000         0.4458642882        10.9343410155     -1145.1868365349 
        0.2500018000         0.7900000000         0.4535111426         5.2458473627     -1133.7736209264 
        0.2550000000         0.7900000000         0.4509621911         0.6583524815     -1137.5780261292 
        0.2600001000         0.7900000000         0.4203747733         0.1078530958     -1183.2308885631 
        0.2650000000         0.7900000000         0.4305705792        79.0127650526     -1168.0132677518 
        0.2700000000         0.7900000000         0.4382174337       359.2169523971     -1156.6000521433 
        0.2750000000         0.7900000000         0.4484132396       358.8499528066     -1141.3824313320 
        0.2800001000         0.7900000000         0.4254726763       352.2439601777     -1175.6220781575 
        0.2850000000         0.7900000000         0.4178258218       345.6379675487     -1187.0352937660 
        0.2900001000         0.7900000000         0.4254726763       340.1329736913     -1175.6220781575 
        0.2950001000         0.7900000000         0.4178258218       334.2609802433     -1187.0352937660 
        0.3000000000         0.7900000000         0.4152768703       328.2054870001     -1190.8396989688 
        0.3050000000         0.7900000000         0.4178258218       321.4159945759     -1187.0352937660 
        0.3100000000         0.7900000000         0.3948852584       315.5440011280     -1221.2749405914 
        0.3150001000         0.7900000000         0.4152768703       310.7730064515     -1190.8396989688 
        0.3200000000         0.7900000000         0.4203747733       303.8000142321     -1183.2308885631 
        0.3250000000         0.7900000000         0.4178258218       297.9280207841     -1187.0352937660 
        0.3300001000         0.7900000000         0.3974342099       292.7900265172     -1217.4705353886 
        0.3350000000         0.7900000000         0.3999831614       285.6335345025     -1213.6661301858 
        0.3400000000         0.7900000000         0.4101789673       280.6790400308     -1198.4485093745 
        0.3450000000         0.7900000000         0.4025321129       274.2565471971     -1209.8617249829 
        0.3500001000         0.7900000000         0.3948852584       267.6505545681     -1221.2749405914 
        0.3550001000         0.7900000000         0.3974342099       261.9620609154     -1217.4705353886 
        0.3600000000         0.7900000000         0.3923363069       256.6405668532     -1225.0793457943 
        0.3650001000         0.7900000000         0.3974342099       250.4015738148     -1217.4705353886 
        0.3700000000         0.7900000000         0.4050810644       243.4285815953     -1206.0573197801 
        0.3750000000         0.7900000000         0.3948852584       238.2905873284     -1221.2749405914 
        0.3800000000         0.7900000000         0.3770425980       231.1340953137     -1247.9057770112 
        0.3850001000         0.7900000000         0.3923363069       225.4456016610     -1225.0793457943 
        0.3900000000         0.7900000000         0.3846894525       219.0231088273     -1236.4925614028 
        0.3950000000         0.7900000000         0.3821405010       213.3346151746     -1240.2969666056 
        0.4000000000         0.7900000000         0.3821405010       206.9121223409     -1240.2969666056 
        0.4050001000         0.7900000000         0.3974342099       201.7741280739     -1217.4705353886 
        0.4100000000         0.7900000000         0.3744936465       194.8011358545     -1251.7101822141 
        0.4150001000         0.7900000000         0.3795915495       188.9291424065     -1244.1013718084 
        0.4200001000         0.7900000000         0.3923363069       182.8736491633     -1225.0793457943 
        0.4250000000         0.7900000000         0.3948852584       177.1851555106     -1221.2749405914 
        0.4300000000         0.7900000000         0.3642978406       170.2121632912     -1266.9278030254 
        0.4350000000         0.7900000000         0.3974342099       164.3401698432     -1217.4705353886 
        0.4400001000         0.7900000000         0.3974342099       158.4681763953     -1217.4705353886 
        0.4450000000         0.7900000000         0.3693957436       151.3116843806     -1259.3189926197 
        0.4500000000         0.7900000000         0.3770425980       145.4396909326     -1247.9057770112 
        0.4550001000         0.7900000000         0.3923363069       139.3841976894     -1225.0793457943 
        0.4600000000         0.7900000000         0.3897873555       133.1452046510     -1228.8837509971 
        0.4650000000         0.7900000000         0.3744936465       127.2732112030     -1251.7101822141 
        0.4700000000         0.7900000000         0.3974342099       121.0342181646     -1217.4705353886 
        0.4750001000         0.7900000000         0.3974342099       114.6117253309     -1217.4705353886 
        0.4800001000         0.7900000000         0.3591999376       108.5562320877     -1274.5366134310 
        0.4850000000         0.7900000000         0.3948852584       102.3172390492     -1221.2749405914 
        0.4900001000         0.7900000000         0.3948852584        96.6287453965     -1221.2749405914 
        0.4950000000         0.7900000000         0.3668467921        90.0227527676     -1263.1233978226 
        0.5000000000         0.7900000000         0.3872384040        84.1507593196     -1232.6881561999 
        0.5050000000         0.7900000000         0.4076300159        79.1962648479     -1202.2529145773 
        0.5100001000         0.7900000000         0.3770425980        72.2232726285     -1247.9057770112 
        0.5150000000         0.7900000000         0.3897873555        65.9842795900     -1228.8837509971 
        0.5200000000         0.7900000000         0.3897873555        60.1122861421     -1228.8837509971 
        0.5250000000         0.7900000000         0.3923363069        54.6072922846     -1225.0793457943 
        0.5300001000         0.7900000000         0.3744936465        47.8177998604     -1251.7101822141 
        0.5350000000         0.7900000000         0.3999831614        42.8633053887     -1213.6661301858 
        0.5400000000         0.7900000000         0.3821405010        35.7068133740     -1240.2969666056 
        0.5450001000         0.7900000000         0.3795915495        30.0183197213     -1244.1013718084 
        0.5500000000         0.7900000000         0.4050810644        23.7793266828     -1206.0573197801 
        0.5550000000         0.7900000000         0.3923363069        17.9073332349     -1225.0793457943 
        0.5600000000         0.7900000000         0.3770425980        11.4848404012     -1247.9057770112 
        0.5650001000         0.7900000000         0.4076300159         5.0623475675     -1202.2529145773 
        0.5700001000         0.7900000000         0.4127279188         0.1078530958     -1194.6441041716 
        0.5750001000         0.7900000000         0.3795915495        -0.0756466995     -1244.1013718084 
        0.5800001000         0.7900000000         0.3974342099        79.7467642336     -1217.4705353886 
        0.5850000000         0.7900000000         0.4101789673       360.1344513734     -1198.4485093745 
        0.5900000000         0.7900000000         0.3744936465       356.6479552636     -1251.7101822141 
        0.5950000000         0.7900000000         0.3999831614       350.5924620204     -1213.6661301858 
        0.6000001000         0.7900000000         0.3974342099       344.7204685725     -1217.4705353886 
        0.6050000000         0.7900000000         0.3617488891       337.3804767625     -1270.7322082282 
        0.6100000000         0.7900000000         0.3974342099       331.6919831098     -1217.4705353886 
        0.6150026000         0.7900000000         0.3974342099       324.7189908904     -1217.4705353886 
        0.6200000000         0.7900000000         0.3846894525       318.6634976472     -1236.4925614028 
        0.6250000000         0.7900000000         0.3719446951       313.1585037897     -1255.5145874169 
        0.6300000000         0.7900000000         0.3923363069       306.3690113656     -1225.0793457943 
        0.6350001000         0.7900000000         0.4050810644       301.2310170986     -1206.0573197801 
        0.6400000000         0.7900000000         0.3668467921       294.0745250839     -1263.1233978226 
        0.6450000000         0.7900000000         0.3948852584       288.7530310217     -1221.2749405914 
        0.6500000000         0.7900000000         0.3846894525       282.1470383927     -1236.4925614028 
        0.6550001000         0.7900000000         0.3541020347       275.7245455590     -1282.1454238367 
        0.6600000000         0.7900000000         0.3923363069       269.6690523158     -1225.0793457943 
        0.6650000000         0.7900000000         0.3897873555       263.4300592774     -1228.8837509971 
        0.6700001000         0.7900000000         0.3668467921       257.5580658294     -1263.1233978226 
        0.6750000000         0.7900000000         0.3693957436       250.7685734053     -1259.3189926197 
        0.6800000000         0.7900000000         0.3846894525       244.8965799573     -1236.4925614028 
        0.6850000000         0.7900000000         0.3770425980       238.8410867141     -1247.9057770112 
        0.6900004000         0.7900000000         0.3668467921       232.6020936757     -1263.1233978226 
        0.6950001000         0.7900000000         0.3846894525       226.9136000229     -1236.4925614028 
        0.7000001000         0.7900000000         0.3744936465       220.3076073940     -1251.7101822141 
        0.7050001000         0.7900000000         0.3693957436       213.7016147651     -1259.3189926197 
        0.7100000000         0.7900000000         0.3872384040       208.3801207028     -1232.6881561999 
        0.7150000000         0.7900000000         0.3744936465       201.9576278691     -1251.7101822141 
        0.7200000000         0.7900000000         0.3668467921       195.5351350355     -1263.1233978226 
        0.7250001000         0.7900000000         0.3821405010       189.8466413827     -1240.2969666056 
        0.7300000000         0.7900000000         0.3821405010       182.6901493681     -1240.2969666056 
        0.7350000000         0.7900000000         0.3693957436       177.3686553058     -1259.3189926197 
        0.7400001000         0.7900000000         0.3591999376       170.0286634959     -1274.5366134310 
        0.7450000000         0.7900000000         0.3770425980       164.3401698432     -1247.9057770112 
        0.7500000000         0.7900000000         0.3872384040       158.4681763953     -1232.6881561999 
        0.7550000000         0.7900000000         0.3642978406       151.1281845853     -1266.9278030254 
        0.7600001000         0.7900000000         0.3744936465       145.2561911374     -1251.7101822141 
        0.7650000000         0.7900000000         0.3719446951       139.0171980989     -1255.5145874169 
        0.7700000000         0.7900000000         0.3693957436       132.7782050605     -1259.3189926197 
        0.7750000000         0.7900000000         0.3821405010       127.0897114078     -1240.2969666056 
        0.7800001000         0.7900000000         0.3846894525       120.3002189836     -1236.4925614028 
        0.7850000000         0.7900000000         0.3541020347       114.0612259451     -1282.1454238367 
        0.7900000000         0.7900000000         0.3770425980       108.0057327019     -1247.9057770112 
        0.7950001000         0.7900000000         0.3897873555       102.3172390492     -1228.8837509971 
        0.8000000000         0.7900000000         0.3744936465        95.8947462155     -1251.7101822141 
        0.8050000000         0.7900000000         0.3719446951        89.8392529723     -1255.5145874169 
        0.8100000000         0.7900000000         0.3770425980        83.6002599339     -1247.9057770112 
        0.8150001000         0.7900000000         0.3770425980        77.7282664859     -1247.9057770112 
        0.8200001000         0.7900000000         0.3872384040        72.2232726285     -1232.6881561999 
        0.8250001000         0.7900000000         0.3668467921        65.2502804090     -1263.1233978226 
        0.8300001000         0.7900000000         0.3642978406        59.3782869611     -1266.9278030254 
        0.8350001000         0.7900000000         0.3795915495        52.9557941274     -1244.1013718084 
        0.8400000000         0.7900000000         0.3846894525        46.9003008842     -1236.4925614028 
        0.8450000000         0.7900000000         0.3923363069        41.2118072315     -1225.0793457943 
        0.8500001000         0.7900000000         0.3439062287        34.2388150120     -1297.3630446480 
        0.8550000000         0.7900000000         0.3948852584        28.7338211546     -1221.2749405914 
        0.8600000000         0.7900000000         0.4025321129        21.7608289351     -1209.8617249829 
        0.8650001000         0.7900000000         0.3923363069        16.0723352824     -1225.0793457943 
        0.8700000000         0.7900000000         0.3770425980         9.4663426535     -1247.9057770112 
        0.8750000000         0.7900000000         0.3770425980         3.2273496150     -1247.9057770112 
        0.8800000000         0.7900000000         0.3897873555         0.1078530958     -1228.8837509971 
        0.8850001000         0.7900000000         0.3846894525        78.8292652574     -1236.4925614028 
        0.8900000000         0.7900000000         0.3795915495       359.9509515781     -1244.1013718084 
        0.8950000000         0.7900000000         0.3770425980       359.9509515781     -1247.9057770112 
        0.9000000000         0.7900000000         0.3846894525       354.2624579254     -1236.4925614028 
        0.9050001000         0.7900000000         0.4076300159       348.5739642727     -1202.2529145773 
        0.9100000000         0.7900000000         0.3821405010       341.7844718485     -1240.2969666056 
        0.9150000000         0.7900000000         0.3821405010       335.5454788101     -1240.2969666056 
        0.9200001000         0.7900000000         0.3897873555       329.1229859764     -1228.8837509971 
        0.9250000000         0.7900000000         0.3795915495       322.8839929379     -1244.1013718084 
        0.9300000000         0.7900000000         0.3846894525       317.1954992852     -1236.4925614028 
        0.9350000000         0.7900000000         0.3872384040       310.0390072705     -1232.6881561999 
        0.9400001000         0.7900000000         0.3668467921       304.1670138226     -1263.1233978226 
        0.9450001000         0.7900000000         0.3795915495       298.1115205794     -1244.1013718084 
        0.9500001000         0.7900000000         0.3846894525       291.6890277457     -1236.4925614028 
        0.9550001000         0.7900000000         0.3744936465       285.2665349120     -1251.7101822141 
        0.9600001000         0.7900000000         0.3719446951       279.5780412593     -1255.5145874169 
        0.9650000000         0.7900000000         0.3744936465       272.6050490398     -1251.7101822141 
        0.9700000000         0.7900000000         0.3821405010       267.4670547729     -1240.2969666056 
        0.9750001000         0.7900000000         0.3744936465       260.6775623487     -1251.7101822141 
        0.9800000000         0.7900000000         0.3821405010       254.9890686960     -1240.2969666056 
        0.9850000000         0.7900000000         0.3770425980       248.3830760670     -1247.9057770112 
        0.9900001000         0.7900000000         0.3770425980       242.5110826191     -1247.9057770112 
        0.9950000000         0.7900000000         0.3744936465       235.5380903996     -1251.7101822141 
        1.0000000000         0.7900000000         0.3872384040       229.6660969517     -1232.6881561999 
        1.0050000000         0.7900000000         0.3668467921       223.7941035037     -1263.1233978226 
        1.0100001000         0.7900000000         0.3744936465       217.5551104653     -1251.7101822141 
        1.0150000000         0.7900000000         0.3770425980       210.5821182458     -1247.9057770112 
        1.0200001000         0.7900000000         0.3693957436       204.5266250026     -1259.3189926197 
        1.0250000000         0.7900000000         0.3591999376       199.0216311452     -1274.5366134310 
        1.0300001000         0.7900000000         0.3719446951       192.2321387210     -1255.5145874169 
        1.0350000000         0.7900000000         0.3719446951       185.6261460920     -1255.5145874169 
        1.0400000000         0.7900000000         0.3591999376       179.5706528488     -1274.5366134310 
        1.0450001000         0.7900000000         0.3744936465       173.5151596056     -1251.7101822141 
        1.0500000000         0.7900000000         0.3795915495       167.6431661577     -1244.1013718084 
        1.0550000000         0.7900000000         0.3642978406       160.8536737335     -1266.9278030254 
        1.0600000000         0.7900000000         0.3821405010       154.7981804903     -1240.2969666056 
        1.0650001000         0.7900000000         0.3770425980       147.8251882708     -1247.9057770112 
        1.0700000000         0.7900000000         0.3617488891       141.5861952324     -1270.7322082282 
        1.0750000000         0.7900000000         0.3617488891       135.5307019892     -1270.7322082282 
        1.0800001000         0.7900000000         0.3719446951       128.7412095650     -1255.5145874169 
        1.0850000000         0.7900000000         0.3821405010       123.4197155028     -1240.2969666056 
        1.0900000000         0.7900000000         0.3591999376       116.8137228738     -1274.5366134310 
        1.0950000000         0.7900000000         0.3719446951       110.3912300401     -1255.5145874169 
        1.1000001000         0.7900000000         0.3744936465       104.8862361827     -1251.7101822141 
        1.1050000000         0.7900000000         0.3668467921        97.7297441680     -1263.1233978226 
        1.1100000000         0.7900000000         0.3872384040        92.4082501058     -1232.6881561999 
        1.1150001000         0.7900000000         0.3693957436        85.9857572721     -1259.3189926197 
        1.1200000000         0.7900000000         0.3591999376        79.3797646431     -1274.5366134310 
        1.1250000000         0.7900000000         0.3872384040        74.6087699667     -1232.6881561999 
        1.1300000000         0.7900000000         0.3744936465        67.4522779520     -1251.7101822141 
        1.1350001000         0.7900000000         0.3668467921        62.3142836850     -1263.1233978226 
        1.1400000000         0.7900000000         0.3744936465        55.5247912608     -1251.7101822141 
        1.1450001000         0.7900000000         0.3795915495        49.1022984271     -1244.1013718084 
        1.1500000000         0.7900000000         0.3770425980        43.0468051839     -1247.9057770112 
        1.1550001000         0.7900000000         0.3719446951        36.4408125550     -1255.5145874169 
        1.1600000000         0.7900000000         0.3923363069        31.3028182880     -1225.0793457943 
        1.1650000000         0.7900000000         0.3719446951        24.1463262733     -1255.5145874169 
        1.1700001000         0.7900000000         0.3846894525        18.0908330301     -1236.4925614028 
        1.1750000000         0.7900000000         0.3821405010        11.6683401964     -1240.2969666056 
        1.1800000000         0.7900000000         0.3668467921         5.0623475675     -1263.1233978226 
        1.1850000000         0.7900000000         0.3642978406         0.1078530958     -1266.9278030254 
        1.1900001000         0.7900000000         0.3923363069        -0.0756466995     -1225.0793457943 
        1.1950000000         0.7900000000         0.3974342099        79.5632644384     -1217.4705353886 
        1.2000000000         0.7900000000         0.3668467921       360.3179511686     -1263.1233978226 
        1.2050001000         0.7900000000         0.3923363069       356.4644554684     -1225.0793457943 
        1.2100000000         0.7900000000         0.3923363069       350.5924620204     -1225.0793457943 
        1.2150000000         0.7900000000         0.3744936465       344.1699691867     -1251.7101822141 
        1.2200000000         0.7900000000         0.3872384040       337.5639765578     -1232.6881561999 
        1.2250001000         0.7900000000         0.3744936465       330.7744841336     -1251.7101822141 
        1.2300000000         0.7900000000         0.3617488891       323.8014919142     -1270.7322082282 
        1.2350000000         0.7900000000         0.3846894525       318.6634976472     -1236.4925614028 
        1.2400001000         0.7900000000         0.3846894525       312.2410048135     -1236.4925614028 
        1.2450000000         0.7900000000         0.3566509861       305.6350121846     -1278.3410186339 
        1.2500000000         0.7900000000         0.3744936465       299.3960191461     -1251.7101822141 
        1.2550000000         0.7900000000         0.3770425980       292.7900265172     -1247.9057770112 
        1.2600001000         0.7900000000         0.3693957436       287.2850326597     -1259.3189926197 
        1.2650000000         0.7900000000         0.3668467921       280.6790400308     -1263.1233978226 
        1.2700001000         0.7900000000         0.3719446951       274.0730474018     -1255.5145874169 
        1.2750000000         0.7900000000         0.3566509861       268.5680535444     -1278.3410186339 
        1.2800001000         0.7900000000         0.3642978406       261.2280617344     -1266.9278030254 
        1.2850016000         0.7900000000         0.3795915495       255.7230678770     -1244.1013718084 
        1.2900000000         0.7900000000         0.3744936465       249.4840748385     -1251.7101822141 
        1.2950001000         0.7900000000         0.3439062287       242.3275828238     -1297.3630446480 
        1.3000000000         0.7900000000         0.3795915495       236.8225889664     -1244.1013718084 
        1.3050000000         0.7900000000         0.3719446951       230.0330965422     -1255.5145874169 
        1.3100000000         0.7900000000         0.3515530832       223.7941035037     -1285.9498290395 
        1.3150001000         0.7900000000         0.3617488891       217.5551104653     -1270.7322082282 
        1.3200000000         0.7900000000         0.3617488891       211.6831170173     -1270.7322082282 
        1.3250000000         0.7900000000         0.3642978406       205.4441239789     -1266.9278030254 
        1.3300001000         0.7900000000         0.3591999376       198.8381313499     -1274.5366134310 
        1.3350000000         0.7900000000         0.3770425980       192.5991383115     -1247.9057770112 
        1.3400000000         0.7900000000         0.3642978406       186.9106446588     -1266.9278030254 
        1.3450000000         0.7900000000         0.3566509861       180.3046520298     -1278.3410186339 
        1.3500001000         0.7900000000         0.3693957436       174.0656589914     -1259.3189926197 
        1.3550000000         0.7900000000         0.3846894525       168.0101657482     -1236.4925614028 
        1.3600000000         0.7900000000         0.3719446951       161.7711727097     -1255.5145874169 
        1.3650001000         0.7900000000         0.3617488891       155.3486798760     -1270.7322082282 
        1.3700000000         0.7900000000         0.3719446951       148.9261870423     -1255.5145874169 
        1.3750000000         0.7900000000         0.3668467921       142.6871940039     -1263.1233978226 
        1.3800000000         0.7900000000         0.3693957436       135.8977015797     -1259.3189926197 
        1.3850001000         0.7900000000         0.3693957436       130.3927077222     -1259.3189926197 
        1.3900000000         0.7900000000         0.3668467921       123.4197155028     -1263.1233978226 
        1.3950001000         0.7900000000         0.3744936465       117.3642222596     -1251.7101822141 
        1.4000000000         0.7900000000         0.3795915495       111.8592284021     -1244.1013718084 
        1.4050001000         0.7900000000         0.3642978406       105.0697359779     -1266.9278030254 
        1.4100000000         0.7900000000         0.3719446951        98.8307429395     -1255.5145874169 
        1.4150000000         0.7900000000         0.3744936465        93.1422492868     -1251.7101822141 
        1.4200001000         0.7900000000         0.3642978406        86.7197564531     -1266.9278030254 
        1.4250000000         0.7900000000         0.3719446951        80.6642632099     -1255.5145874169 
        1.4300000000         0.7900000000         0.3795915495        74.4252701714     -1244.1013718084 
        1.4350000000         0.7900000000         0.3642978406        68.7367765187     -1266.9278030254 
        1.4400001000         0.7900000000         0.3541020347        61.7637842993     -1282.1454238367 
        1.4450000000         0.7900000000         0.3846894525        56.4422902371     -1236.4925614028 
        1.4500000000         0.7900000000         0.3744936465        49.8362976081     -1251.7101822141 
        1.4550001000         0.7900000000         0.3642978406        43.4138047744     -1266.9278030254 
        1.4600000000         0.7900000000         0.3872384040        37.3583115312     -1232.6881561999 
        1.4650000000         0.7900000000         0.3744936465        31.1193184928     -1251.7101822141 
        1.4700000000         0.7900000000         0.3566509861        25.2473250448     -1278.3410186339 
        1.4750001000         0.7900000000         0.3948852584        19.0083320064     -1221.2749405914 
        1.4800000000         0.7900000000         0.3846894525        12.2188395822     -1236.4925614028 
        1.4850000000         0.7900000000         0.3668467921         5.7963467485     -1263.1233978226 
        1.4900001000         0.7900000000         0.3923363069         0.2913528910     -1225.0793457943 
        1.4950000000         0.7900000000         0.3795915495         0.2913528910     -1244.1013718084 
        1.5000000000         0.7900000000         0.3795915495        79.9302640289     -1244.1013718084 
        1.5050000000         0.7900000000         0.3948852584       360.3179511686     -1221.2749405914 
        1.5100001000         0.7900000000         0.3872384040       357.3819544446     -1232.6881561999 
        1.5150000000         0.7900000000         0.3566509861       349.8584628394     -1278.3410186339 
        1.5200001000         0.7900000000         0.3795915495       343.9864693915     -1244.1013718084 
        1.5250000000         0.7900000000         0.3923363069       337.7474763530     -1225.0793457943 
        1.5300001000         0.7900000000         0.3668467921       331.1414837241     -1263.1233978226 
        1.5350000000         0.7900000000         0.3770425980       325.0859904809     -1247.9057770112 
        1.5400001000         0.7900000000         0.3770425980       318.2964980567     -1247.9057770112 
        1.5450001000         0.7900000000         0.3719446951       312.2410048135     -1255.5145874169 
        1.5500000000         0.7900000000         0.3744936465       306.0020117751     -1251.7101822141 
        1.5550000000         0.7900000000         0.3897873555       300.3135181223     -1228.8837509971 
        1.5600000000         0.7900000000         0.3668467921       293.5240256982     -1263.1233978226 
        1.5650001000         0.7900000000         0.3744936465       287.8355320455     -1251.7101822141 
        1.5700000000         0.7900000000         0.3795915495       281.0460396213     -1244.1013718084 
        1.5750000000         0.7900000000         0.3770425980       275.3575459686     -1247.9057770112 
        1.5800001000         0.7900000000         0.3541020347       268.5680535444     -1282.1454238367 
        1.5850000000         0.7900000000         0.3770425980       262.5125603012     -1247.9057770112 
        1.5900000000         0.7900000000         0.3795915495       256.2735672627     -1244.1013718084 
        1.5950000000         0.7900000000         0.3821405010       250.4015738148     -1240.2969666056 
        1.6000001000         0.7900000000         0.3668467921       243.2450818001     -1263.1233978226 
        1.6050000000         0.7900000000         0.3770425980       238.1070875331     -1247.9057770112 
        1.6100000000         0.7900000000         0.3693957436       231.3175951089     -1259.3189926197 
        1.6150001000         0.7900000000         0.3770425980       225.0786020705     -1247.9057770112 
        1.6200000000         0.7900000000         0.3719446951       218.6561092368     -1255.5145874169 
        1.6250000000         0.7900000000         0.3744936465       213.1511153793     -1251.7101822141 
        1.6300000000         0.7900000000         0.3439062287       206.1781231599     -1297.3630446480 
        1.6350001000         0.7900000000         0.3770425980       200.1226299167     -1247.9057770112 
        1.6400000000         0.7900000000         0.3693957436       193.5166372877     -1259.3189926197 
        1.6450001000         0.7900000000         0.3668467921       188.1951432255     -1263.1233978226 
        1.6500000000         0.7900000000         0.3795915495       181.7726503918     -1244.1013718084 
        1.6550001000         0.7900000000         0.3744936465       174.9831579676     -1251.7101822141 
        1.6600000000         0.7900000000         0.3668467921       168.7441649292     -1263.1233978226 
        1.6650001000         0.7900000000         0.3821405010       162.8721714812     -1240.2969666056 
        1.6700001000         0.7900000000         0.3795915495       156.0826790570     -1244.1013718084 
        1.6750000000         0.7900000000         0.3464551802       149.4766864281     -1293.5586394452 
        1.6800000000         0.7900000000         0.3821405010       143.7881927754     -1240.2969666056 
        1.6850000000         0.7900000000         0.3897873555       136.9987003512     -1228.8837509971 
        1.6900001000         0.7900000000         0.3719446951       130.9432071080     -1255.5145874169 
        1.6950000000         0.7900000000         0.3541020347       124.1537146838     -1282.1454238367 
        1.7000027000         0.7900000000         0.3872384040       118.8322206216     -1232.6881561999 
        1.7050001000         0.7900000000         0.3719446951       112.2262279926     -1255.5145874169 
        1.7100058000         0.7900000000         0.3744936465       106.5377343399     -1251.7101822141 
        1.7150000000         0.7900000000         0.3719446951        99.7482419157     -1255.5145874169 
        1.7200000000         0.7900000000         0.3642978406        93.8762484678     -1266.9278030254 
        1.7250001000         0.7900000000         0.3719446951        87.6372554293     -1255.5145874169 
        1.7300000000         0.7900000000         0.3719446951        81.3982623909     -1255.5145874169 
        1.7350000000         0.7900000000         0.3668467921        75.5262689429     -1263.1233978226 
        1.7400001000         0.7900000000         0.3591999376        68.9202763140     -1274.5366134310 
        1.7450000000         0.7900000000         0.3770425980        62.8647830708     -1247.9057770112 
        1.7500000000         0.7900000000         0.3744936465        56.4422902371     -1251.7101822141 
        1.7550000000         0.7900000000         0.3642978406        50.3867969939     -1266.9278030254 
        1.7600001000         0.7900000000         0.3719446951        44.6983033412     -1255.5145874169 
        1.7650005000         0.7900000000         0.3821405010        38.0923107122     -1240.2969666056 
        1.7700004000         0.7900000000         0.3770425980        32.7708166500     -1247.9057770112 
        1.7750000000         0.7900000000         0.3846894525        26.1648240211     -1236.4925614028 
        1.7800001000         0.7900000000         0.3846894525        19.7423311874     -1236.4925614028 
        1.7850000000         0.7900000000         0.3668467921        13.5033381489     -1263.1233978226 
        1.7900001000         0.7900000000         0.3897873555         7.6313447010     -1228.8837509971 
        1.7950001000         0.7900000000         0.3897873555         1.2088518673     -1228.8837509971 
        1.8000000000         0.7900000000         0.3744936465        -0.0756466995     -1251.7101822141 
        1.8050000000         0.7900000000         0.3490041317        79.1962648479     -1289.7542342424 
        1.8100000000         0.7900000000         0.3744936465       359.4004521924     -1251.7101822141 
        1.8150001000         0.7900000000         0.3872384040       357.3819544446     -1232.6881561999 
        1.8200000000         0.7900000000         0.3846894525       351.3264612014     -1236.4925614028 
        1.8250000000         0.7900000000         0.3541020347       344.7204685725     -1282.1454238367 
        1.8300001000         0.7900000000         0.3795915495       338.8484751245     -1244.1013718084 
        1.8350000000         0.7900000000         0.3846894525       332.7929818813     -1236.4925614028 
        1.8400000000         0.7900000000         0.3744936465       325.4529900714     -1251.7101822141 
        1.8450000000         0.7900000000         0.3795915495       320.4984955997     -1244.1013718084 
        1.8500001000         0.7900000000         0.3668467921       313.3420035850     -1263.1233978226 
        1.8550000000         0.7900000000         0.3744936465       307.2865103418     -1251.7101822141 
        1.8600000000         0.7900000000         0.3744936465       300.6805177128     -1251.7101822141 
        1.8650001000         0.7900000000         0.3642978406       294.4415246744     -1266.9278030254 
        1.8700000000         0.7900000000         0.3744936465       288.9365308169     -1251.7101822141 
        1.8750000000         0.7900000000         0.3744936465       282.3305381880     -1251.7101822141 
        1.8800000000         0.7900000000         0.3668467921       276.0915451495     -1263.1233978226 
        1.8850001000         0.7900000000         0.3668467921       270.2195517016     -1263.1233978226 
        1.8900000000         0.7900000000         0.3719446951       263.2465594822     -1255.5145874169 
        1.8950001000         0.7900000000         0.3668467921       257.3745660342     -1263.1233978226 
        1.9000000000         0.7900000000         0.3668467921       251.5025725862     -1263.1233978226 
        1.9050001000         0.7900000000         0.3744936465       243.9790809811     -1251.7101822141 
        1.9100000000         0.7900000000         0.3668467921       238.4740871236     -1263.1233978226 
        1.9150001000         0.7900000000         0.3566509861       232.0515942899     -1278.3410186339 
        1.9200001000         0.7900000000         0.3693957436       225.9961010467     -1259.3189926197 
        1.9250000000         0.7900000000         0.3668467921       220.1241075988     -1263.1233978226 
        1.9300000000         0.7900000000         0.3719446951       213.5181149698     -1255.5145874169 
        1.9350000000         0.7900000000         0.3719446951       207.2791219314     -1255.5145874169 
        1.9400001000         0.7900000000         0.3541020347       200.3061297119     -1282.1454238367 
        1.9450000000         0.7900000000         0.3668467921       194.9846356497     -1263.1233978226 
        1.9500000000         0.7900000000         0.3744936465       188.7456426113     -1251.7101822141 
        1.9550001000         0.7900000000         0.3668467921       181.4056508013     -1263.1233978226 
        1.9600000000         0.7900000000         0.3541020347       175.5336573534     -1282.1454238367 
        1.9650000000         0.7900000000         0.3668467921       169.4781641102     -1263.1233978226 
        1.9700000000         0.7900000000         0.3744936465       162.8721714812     -1251.7101822141 
        1.9750001000         0.7900000000         0.3642978406       156.2661788523     -1266.9278030254 
        1.9800000000         0.7900000000         0.3668467921       150.3941854043     -1263.1233978226 
        1.9850000000         0.7900000000         0.3795915495       143.7881927754     -1244.1013718084 
        1.9900001000         0.7900000000         0.3668467921       137.7326995322     -1263.1233978226 
        1.9950000000         0.7900000000         0.3591999376       131.1267069032     -1274.5366134310 
        2.0000000000         0.7900000000         0.3668467921       124.5207142743     -1263.1233978226 
        2.0050000000         0.7900000000         0.3668467921       118.0982214406     -1263.1233978226 
        2.0100001000         0.7900000000         0.3541020347       112.4097277879     -1282.1454238367 
        2.0150001000         0.7900000000         0.3744936465       106.1707347494     -1251.7101822141 
        2.0200001000         0.7900000000         0.3770425980        99.7482419157     -1247.9057770112 
        2.0250000000         0.7900000000         0.3464551802        93.6927486725     -1293.5586394452 
        2.0300001000         0.7900000000         0.3719446951        88.0042550198     -1255.5145874169 
        2.0350001000         0.7900000000         0.3846894525        82.1322615719     -1236.4925614028 
        2.0400001000         0.7900000000         0.3999831614        75.7097687382     -1213.6661301858 
        2.0450001000         0.7900000000         0.3923363069        70.3882746760     -1225.0793457943 
        2.0500000000         0.7900000000         0.3591999376        63.7822820470     -1274.5366134310 
        2.0550000000         0.7900000000         0.3795915495        57.7267888038     -1244.1013718084 
        2.0600000000         0.7900000000         0.3795915495        51.4877957654     -1244.1013718084 
        2.0650001000         0.7900000000         0.3846894525        45.7993021127     -1236.4925614028 
        2.0700000000         0.7900000000         0.3566509861        39.1933094837     -1278.3410186339 
        2.0750000000         0.7900000000         0.3795915495        32.9543164453     -1244.1013718084 
        2.0800001000         0.7900000000         0.3948852584        27.0823229973     -1221.2749405914 
        2.0850000000         0.7900000000         0.3744936465        19.9258309826     -1251.7101822141 
        2.0900000000         0.7900000000         0.3642978406        14.4208371252     -1266.9278030254 
        2.0950015000         0.7900000000         0.3744936465         7.0808453152     -1251.7101822141 
        2.1000001000         0.7900000000         0.3897873555         1.5758514578     -1228.8837509971 
        2.1050000000         0.7900000000         0.3668467921         0.1078530958     -1263.1233978226 
        2.1100000000         0.7900000000         0.3795915495        79.7467642336     -1244.1013718084 
        2.1150013000         0.7900000000         0.3846894525       359.9509515781     -1236.4925614028 
        2.1200000000         0.7900000000         0.3668467921       358.6664530114     -1263.1233978226 
        2.1250000000         0.7900000000         0.3744936465       351.8769605872     -1251.7101822141 
        2.1300000000         0.7900000000         0.3897873555       345.6379675487     -1228.8837509971 
        2.1350001000         0.7900000000         0.3872384040       339.5824743055     -1232.6881561999 
        2.1400001000         0.7900000000         0.3566509861       332.6094820861     -1278.3410186339 
        2.1450000000         0.7900000000         0.3846894525       326.5539888429     -1236.4925614028 
        2.1500000000         0.7900000000         0.3719446951       319.3974968282     -1255.5145874169 
        2.1550001000         0.7900000000         0.3744936465       314.2595025612     -1251.7101822141 
        2.1600001000         0.7900000000         0.3744936465       307.2865103418     -1251.7101822141 
        2.1650000000         0.7900000000         0.3591999376       301.2310170986     -1274.5366134310 
        2.1700001000         0.7900000000         0.3566509861       294.2580248791     -1278.3410186339 
        2.1750000000         0.7900000000         0.3846894525       288.3860314312     -1236.4925614028 
        2.1800001000         0.7900000000         0.3744936465       281.7800388023     -1251.7101822141 
        2.1850000000         0.7900000000         0.3362593743       275.5410457638     -1308.7762602565 
        2.1900001000         0.7900000000         0.3642978406       269.4855525206     -1266.9278030254 
        2.1950000000         0.7900000000         0.3821405010       263.4300592774     -1240.2969666056 
        2.2000000000         0.7900000000         0.3719446951       257.5580658294     -1255.5145874169 
        2.2050001000         0.7900000000         0.3464551802       250.2180740195     -1293.5586394452 
        2.2100000000         0.7900000000         0.3668467921       244.3460805716     -1263.1233978226 
        2.2150000000         0.7900000000         0.3541020347       237.7400879426     -1282.1454238367 
        2.2200000000         0.7900000000         0.3668467921       231.8680944947     -1263.1233978226 
        2.2250001000         0.7900000000         0.3744936465       225.9961010467     -1251.7101822141 
        2.2300044000         0.7900000000         0.3490041317       219.3901084178     -1289.7542342424 
        2.2350000000         0.7900000000         0.3515530832       212.6006159936     -1285.9498290395 
        2.2400001000         0.7900000000         0.3668467921       206.3616229551     -1263.1233978226 
        2.2450000000         0.7900000000         0.3693957436       200.1226299167     -1259.3189926197 
        2.2500000000         0.7900000000         0.3362593743       193.7001370830     -1308.7762602565 
        2.2550000000         0.7900000000         0.3693957436       188.0116434303     -1259.3189926197 
        2.2600001000         0.7900000000         0.3744936465       181.2221510061     -1251.7101822141 
        2.2650001000         0.7900000000         0.3617488891       175.9006569439     -1270.7322082282 
        2.2700000000         0.7900000000         0.3744936465       169.4781641102     -1251.7101822141 
        2.2750000000         0.7900000000         0.3719446951       163.0556712765     -1255.5145874169 
        2.2800001000         0.7900000000         0.3642978406       156.0826790570     -1266.9278030254 
        2.2850001000         0.7900000000         0.3642978406       149.8436860186     -1266.9278030254 
        2.2900000000         0.7900000000         0.3642978406       143.6046929801     -1266.9278030254 
        2.2950001000         0.7900000000         0.3566509861       136.4482009654     -1278.3410186339 
        2.3000000000         0.7900000000         0.3617488891       130.3927077222     -1270.7322082282 
        2.3050041000         0.7900000000         0.3795915495       124.7042140695     -1244.1013718084 
        2.3100000000         0.7900000000         0.3515530832       117.7312218501     -1285.9498290395 
        2.3150001000         0.7900000000         0.3719446951       112.4097277879     -1255.5145874169 
        2.3200000000         0.7900000000         0.3693957436       105.2532357732     -1259.3189926197 
        2.3250000000         0.7900000000         0.3795915495        99.7482419157     -1244.1013718084 
        2.3300001000         0.7900000000         0.3770425980        94.0597482630     -1247.9057770112 
        2.3350000000         0.7900000000         0.3642978406        87.2702558388     -1266.9278030254 
        2.3400000000         0.7900000000         0.3668467921        81.2147625956     -1263.1233978226 
        2.3450000000         0.7900000000         0.3693957436        75.1592693524     -1259.3189926197 
        2.3500001000         0.7900000000         0.3744936465        68.3697769282     -1251.7101822141 
        2.3550000000         0.7900000000         0.3668467921        62.8647830708     -1263.1233978226 
        2.3600000000         0.7900000000         0.3617488891        56.4422902371     -1270.7322082282 
        2.3650001000         0.7900000000         0.3770425980        50.0197974034     -1247.9057770112 
        2.3700000000         0.7900000000         0.3897873555        44.8818031364     -1228.8837509971 
        2.3750000000         0.7900000000         0.3719446951        38.4593103027     -1255.5145874169 
        2.3800000000         0.7900000000         0.3770425980        32.2203172643     -1247.9057770112 
        2.3850001000         0.7900000000         0.3846894525        26.3483238163     -1236.4925614028 
        2.3900001000         0.7900000000         0.3642978406        19.3753315969     -1266.9278030254 
        2.3950000000         0.7900000000         0.3897873555        13.1363385584     -1228.8837509971 
        2.4000000000         0.7900000000         0.3897873555         6.5303459295     -1228.8837509971 
        2.4050001000         0.7900000000         0.3541020347         0.6583524815     -1282.1454238367 
        2.4100001000         0.7900000000         0.3744936465         0.1078530958     -1251.7101822141 
        2.4150000000         0.7900000000         0.3974342099        79.3797646431     -1217.4705353886 
        2.4200001000         0.7900000000         0.3974342099       360.5014509639     -1217.4705353886 
        2.4250000000         0.7900000000         0.3591999376       357.1984546494     -1274.5366134310 
        2.4300001000         0.7900000000         0.3948852584       351.3264612014     -1221.2749405914 
        2.4350032000         0.7900000000         0.3719446951       344.1699691867     -1255.5145874169 
        2.4400001000         0.7900000000         0.3693957436       338.8484751245     -1259.3189926197 
        2.4450000000         0.7900000000         0.3923363069       332.0589827003     -1225.0793457943 
        2.4500000000         0.7900000000         0.3872384040       326.3704890476     -1232.6881561999 
        2.4550001000         0.7900000000         0.3617488891       319.2139970329     -1270.7322082282 
        2.4600000000         0.7900000000         0.3974342099       313.7090031755     -1217.4705353886 
        2.4650000000         0.7900000000         0.3846894525       307.1030105465     -1236.4925614028 
        2.4700000000         0.7900000000         0.3719446951       301.4145168938     -1255.5145874169 
        2.4750001000         0.7900000000         0.3770425980       294.2580248791     -1247.9057770112 
        2.4800000000         0.7900000000         0.3744936465       287.6520322502     -1251.7101822141 
        2.4850000000         0.7900000000         0.3693957436       282.5140379832     -1259.3189926197 
        2.4900001000         0.7900000000         0.3693957436       275.9080453543     -1259.3189926197 
        2.4950000000         0.7900000000         0.3770425980       269.6690523158     -1247.9057770112 
        2.5000000000         0.7900000000         0.3642978406       263.2465594822     -1266.9278030254 
        2.5050000000         0.7900000000         0.3770425980       257.5580658294     -1247.9057770112 
        2.5100001000         0.7900000000         0.3795915495       250.9520732005     -1244.1013718084 
        2.5150001000         0.7900000000         0.3464551802       244.3460805716     -1293.5586394452 
        2.5200000000         0.7900000000         0.3744936465       238.1070875331     -1251.7101822141 
        2.5250000000         0.7900000000         0.3744936465       231.5010949042     -1251.7101822141 
        2.5300001000         0.7900000000         0.3744936465       226.5466004324     -1251.7101822141 
        2.5350001000         0.7900000000         0.3668467921       219.9406078035     -1263.1233978226 
        2.5400000000         0.7900000000         0.3719446951       213.3346151746     -1255.5145874169 
        2.5450001000         0.7900000000         0.3846894525       207.8296213171     -1236.4925614028 
        2.5500000000         0.7900000000         0.3693957436       201.5906282787     -1259.3189926197 
        2.5550001000         0.7900000000         0.3719446951       194.8011358545     -1255.5145874169 
        2.5600000000         0.7900000000         0.3693957436       188.5621428160     -1259.3189926197 
        2.5650001000         0.7900000000         0.3668467921       182.1396499823     -1263.1233978226 
        2.5700000000         0.7900000000         0.3744936465       175.9006569439     -1251.7101822141 
        2.5750000000         0.7900000000         0.3591999376       169.1111645197     -1274.5366134310 
        2.5800001000         0.7900000000         0.3566509861       163.4226708670     -1278.3410186339 
        2.5850000000         0.7900000000         0.3770425980       156.8166782380     -1247.9057770112 
        2.5900000000         0.7900000000         0.3770425980       150.5776851996     -1247.9057770112 
        2.5950000000         0.7900000000         0.3719446951       144.3386921611     -1255.5145874169 
        2.6000001000         0.7900000000         0.3591999376       137.5491997369     -1274.5366134310 
        2.6050000000         0.7900000000         0.3719446951       131.1267069032     -1255.5145874169 
        2.6100000000         0.7900000000         0.3693957436       125.6217130458     -1259.3189926197 
        2.6150001000         0.7900000000         0.3719446951       118.8322206216     -1255.5145874169 
        2.6200000000         0.7900000000         0.3744936465       112.9602271736     -1251.7101822141 
        2.6250014000         0.7900000000         0.3719446951       107.2717335209     -1255.5145874169 
        2.6300000000         0.7900000000         0.3719446951       100.6657408920     -1255.5145874169 
        2.6350001000         0.7900000000         0.3846894525        94.9772472393     -1236.4925614028 
        2.6400001000         0.7900000000         0.3795915495        88.7382542008     -1244.1013718084 
        2.6450000000         0.7900000000         0.3541020347        82.4992611624     -1282.1454238367 
        2.6500118000         0.7900000000         0.3693957436        75.7097687382     -1259.3189926197 
        2.6550001000         0.7900000000         0.3897873555        70.5717744712     -1228.8837509971 
        2.6600001000         0.7900000000         0.3744936465        64.1492816375     -1251.7101822141 
        2.6650000000         0.7900000000         0.3846894525        57.9102885991     -1236.4925614028 
        2.6700001000         0.7900000000         0.3719446951        51.8547953559     -1255.5145874169 
        2.6750000000         0.7900000000         0.3693957436        45.6158023174     -1259.3189926197 
        2.6800001000         0.7900000000         0.3872384040        39.3768092790     -1232.6881561999 
        2.6850000000         0.7900000000         0.3846894525        33.1378162405     -1236.4925614028 
        2.6900001000         0.7900000000         0.3642978406        27.2658227926     -1266.9278030254 
        2.6950000000         0.7900000000         0.3744936465        20.2928305731     -1251.7101822141 
        2.7000000000         0.7900000000         0.3948852584        14.7878367157     -1221.2749405914 
        2.7050050000         0.7900000000         0.3642978406         7.2643451105     -1266.9278030254 
        2.7100025000         0.7900000000         0.3642978406         1.7593512530     -1266.9278030254 
        2.7150000000         0.7900000000         0.3923363069        -0.0756466995     -1225.0793457943 
        2.7200000000         0.7900000000         0.3846894525        79.9302640289     -1236.4925614028 
        2.7250001000         0.7900000000         0.3668467921       359.9509515781     -1263.1233978226 
        2.7300000000         0.7900000000         0.3846894525       358.6664530114     -1236.4925614028 
        2.7350000000         0.7900000000         0.3795915495       352.2439601777     -1244.1013718084 
        2.7400001000         0.7900000000         0.3591999376       345.8214673440     -1274.5366134310 
        2.7450000000         0.7900000000         0.3846894525       339.7659741008     -1236.4925614028 
        2.7500000000         0.7900000000         0.3821405010       332.6094820861     -1240.2969666056 
        2.7550000000         0.7900000000         0.3591999376       326.7374886381     -1274.5366134310 
        2.7600001000         0.7900000000         0.3693957436       319.9479962139     -1259.3189926197 
        2.7650001000         0.7900000000         0.3872384040       314.8100019470     -1232.6881561999 
        2.7700000000         0.7900000000         0.3668467921       308.0205095228     -1263.1233978226 
        2.7750000000         0.7900000000         0.3668467921       301.5980166891     -1263.1233978226 
        2.7800001000         0.7900000000         0.3846894525       296.0930228316     -1236.4925614028 
        2.7850001000         0.7900000000         0.3642978406       288.9365308169     -1266.9278030254 
        2.7900000000         0.7900000000         0.3719446951       282.8810375737     -1255.5145874169 
        2.7950001000         0.7900000000         0.3744936465       276.4585447400     -1251.7101822141 
        2.8000000000         0.7900000000         0.3541020347       270.4030514968     -1282.1454238367 
        2.8050001000         0.7900000000         0.3693957436       264.7145578441     -1259.3189926197 
        2.8100000000         0.7900000000         0.3821405010       257.9250654199     -1240.2969666056 
        2.8150001000         0.7900000000         0.3719446951       251.6860723815     -1255.5145874169 
        2.8200000000         0.7900000000         0.3388083257       244.8965799573     -1304.9718550537 
        2.8250000000         0.7900000000         0.3821405010       239.5750858951     -1240.2969666056 
        2.8300001000         0.7900000000         0.3541020347       232.4185938804     -1282.1454238367 
        2.8350000000         0.7900000000         0.3591999376       225.9961010467     -1274.5366134310 
        2.8400000000         0.7900000000         0.3617488891       219.9406078035     -1270.7322082282 
        2.8450000000         0.7900000000         0.3719446951       214.4356139460     -1255.5145874169 
        2.8500001000         0.7900000000         0.3515530832       207.2791219314     -1285.9498290395 
        2.8550000000         0.7900000000         0.3719446951       201.0401288929     -1255.5145874169 
        2.8600000000         0.7900000000         0.3744936465       195.1681354450     -1251.7101822141 
        2.8650001000         0.7900000000         0.3515530832       188.5621428160     -1285.9498290395 
        2.8700000000         0.7900000000         0.3642978406       183.0571489586     -1266.9278030254 
        2.8750000000         0.7900000000         0.3617488891       176.4511563296     -1270.7322082282 
        2.8800072000         0.7900000000         0.3770425980       170.3956630864     -1247.9057770112 
        2.8850001000         0.7900000000         0.3541020347       163.6061706622     -1282.1454238367 
        2.8900001000         0.7900000000         0.3719446951       157.1836778285     -1255.5145874169 
        2.8950000000         0.7900000000         0.3566509861       150.9446847901     -1278.3410186339 
        2.9000000000         0.7900000000         0.3591999376       144.3386921611     -1274.5366134310 
        2.9050001000         0.7900000000         0.3668467921       138.2831989179     -1263.1233978226 
        2.9100001000         0.7900000000         0.3693957436       131.3102066985     -1259.3189926197 
        2.9150015000         0.7900000000         0.3362593743       125.0712136600     -1308.7762602565 
        2.9200001000         0.7900000000         0.3719446951       119.1992202121     -1255.5145874169 
        2.9250000000         0.7900000000         0.3897873555       113.5107265594     -1228.8837509971 
        2.9300001000         0.7900000000         0.3770425980       107.4552333162     -1247.9057770112 
        2.9350000000         0.7900000000         0.3617488891       100.6657408920     -1270.7322082282 
        2.9400001000         0.7900000000         0.3668467921        94.0597482630     -1263.1233978226 
        2.9450000000         0.7900000000         0.3744936465        88.5547544056     -1251.7101822141 
        2.9500000000         0.7900000000         0.3846894525        82.8662607529     -1236.4925614028 
        2.9550001000         0.7900000000         0.3744936465        76.4437679192     -1251.7101822141 
        2.9600000000         0.7900000000         0.3642978406        70.7552742665     -1266.9278030254 
        2.9650000000         0.7900000000         0.3693957436        63.9657818423     -1259.3189926197 
        2.9700000000         0.7900000000         0.3744936465        57.9102885991     -1251.7101822141 
        2.9750001000         0.7900000000         0.3515530832        51.1207961749     -1285.9498290395 
        2.9800000000         0.7900000000         0.3693957436        45.9828019079     -1259.3189926197 
        2.9850000000         0.7900000000         0.3744936465        38.6428100980     -1251.7101822141 
        2.9900001000         0.7900000000         0.3795915495        32.9543164453     -1244.1013718084 
        2.9950000000         0.7900000000         0.3439062287        26.1648240211     -1297.3630446480 
        3.0000000000         0.7900000000         0.3744936465        21.0268297541     -1251.7101822141 
        3.0050000000         0.7900000000         0.3872384040        14.0538375347     -1232.6881561999 
        3.0100001000         0.7900000000         0.3541020347         7.0808453152     -1282.1454238367 
        3.0150001000         0.7900000000         0.3897873555         2.1263508435     -1228.8837509971 
        3.0200000000         0.7900000000         0.3897873555        -0.0756466995     -1228.8837509971 
        3.0250000000         0.7900000000         0.3541020347        79.5632644384     -1282.1454238367 
        3.0300001000         0.7900000000         0.3744936465       359.9509515781     -1251.7101822141 
        3.0350001000         0.7900000000         0.3872384040       358.1159536256     -1232.6881561999 
        3.0400000000         0.7900000000         0.3642978406       352.2439601777     -1266.9278030254 
        3.0450001000         0.7900000000         0.3668467921       345.4544677535     -1263.1233978226 
        3.0500000000         0.7900000000         0.3795915495       338.6649753293     -1244.1013718084 
        3.0550001000         0.7900000000         0.3872384040       333.1599814718     -1232.6881561999 
        3.0600000000         0.7900000000         0.3642978406       325.6364898666     -1266.9278030254 
        3.0650001000         0.7900000000         0.3744936465       320.3149958044     -1251.7101822141 
        3.0700000000         0.7900000000         0.3642978406       314.0760027660     -1266.9278030254 
        3.0750001000         0.7900000000         0.3719446951       307.1030105465     -1255.5145874169 
        3.0800001000         0.7900000000         0.3821405010       301.0475173033     -1240.2969666056 
        3.0850000000         0.7900000000         0.3464551802       294.6250244696     -1293.5586394452 
        3.0900000000         0.7900000000         0.3566509861       288.2025316359     -1278.3410186339 
        3.0950000000         0.7900000000         0.3795915495       282.1470383927     -1244.1013718084 
        3.1000001000         0.7900000000         0.3642978406       275.9080453543     -1266.9278030254 
        3.1050000000         0.7900000000         0.3566509861       269.6690523158     -1278.3410186339 
        3.1100000000         0.7900000000         0.3668467921       263.2465594822     -1263.1233978226 
        3.1150043000         0.7900000000         0.3591999376       257.1910662390     -1274.5366134310 
        3.1200000000         0.7900000000         0.3693957436       250.4015738148     -1259.3189926197 
        3.1250000000         0.7900000000         0.3693957436       244.8965799573     -1259.3189926197 
        3.1300000000         0.7900000000         0.3566509861       238.1070875331     -1278.3410186339 
        3.1350001000         0.7900000000         0.3642978406       232.2350940852     -1266.9278030254 
        3.1400001000         0.7900000000         0.3744936465       225.9961010467     -1251.7101822141 
        3.1450016000         0.7900000000         0.3668467921       219.0231088273     -1263.1233978226 
        3.1500000000         0.7900000000         0.3591999376       212.6006159936     -1274.5366134310 
        3.1550001000         0.7900000000         0.3668467921       207.2791219314     -1263.1233978226 
        3.1600001000         0.7900000000         0.3591999376       200.1226299167     -1274.5366134310 
        3.1650000000         0.7900000000         0.3591999376       194.2506364687     -1274.5366134310 
        3.1700001000         0.7900000000         0.3566509861       187.6446438398     -1278.3410186339 
        3.1750000000         0.7900000000         0.3668467921       181.9561501871     -1263.1233978226 
        3.1800001000         0.7900000000         0.3464551802       174.7996581724     -1293.5586394452 
        3.1850000000         0.7900000000         0.3668467921       169.4781641102     -1263.1233978226 
        3.1900001000         0.7900000000         0.3642978406       162.6886716860     -1266.9278030254 
        3.1950000000         0.7900000000         0.3744936465       156.8166782380     -1251.7101822141 
        3.2000001000         0.7900000000         0.3388083257       149.2931866328     -1304.9718550537 
        3.2050001000         0.7900000000         0.3770425980       143.7881927754     -1247.9057770112 
        3.2100000000         0.7900000000         0.3770425980       137.1822001464     -1247.9057770112 
        3.2150000000         0.7900000000         0.3591999376       130.2092079270     -1274.5366134310 
        3.2200000000         0.7900000000         0.3591999376       124.1537146838     -1274.5366134310 
        3.2250001000         0.7900000000         0.3744936465       118.0982214406     -1251.7101822141 
        3.2300000000         0.7900000000         0.3668467921       112.5932275831     -1263.1233978226 
        3.2350000000         0.7900000000         0.3795915495       106.1707347494     -1244.1013718084 
        3.2400001000         0.7900000000         0.3642978406        99.1977425300     -1266.9278030254 
        3.2450000000         0.7900000000         0.3617488891        93.1422492868     -1270.7322082282 
        3.2500000000         0.7900000000         0.3693957436        87.2702558388     -1259.3189926197 
        3.2550000000         0.7900000000         0.3744936465        81.2147625956     -1251.7101822141 
        3.2600001000         0.7900000000         0.3668467921        74.9757695572     -1263.1233978226 
        3.2650001000         0.7900000000         0.3591999376        68.7367765187     -1274.5366134310 
        3.2700000000         0.7900000000         0.3719446951        62.3142836850     -1255.5145874169 
        3.2750000000         0.7900000000         0.3846894525        57.1762894181     -1236.4925614028 
        3.2800001000         0.7900000000         0.3515530832        49.8362976081     -1285.9498290395 
        3.2850032000         0.7900000000         0.3744936465        43.7808043649     -1251.7101822141 
        3.2900000000         0.7900000000         0.3948852584        38.4593103027     -1221.2749405914 
        3.2950001000         0.7900000000         0.3591999376        31.8533176738     -1274.5366134310 
        3.3000000000         0.7900000000         0.3846894525        25.6143246353     -1236.4925614028 
        3.3050001000         0.7900000000         0.3795915495        18.8248322111     -1244.1013718084 
        3.3100000000         0.7900000000         0.3668467921        13.1363385584     -1263.1233978226 
        3.3150001000         0.7900000000         0.3770425980         6.1633463390     -1247.9057770112 
        3.3200000000         0.7900000000         0.3897873555         0.6583524815     -1228.8837509971 
        3.3250001000         0.7900000000         0.3744936465         0.6583524815     -1251.7101822141 
        3.3300016000         0.7900000000         0.3668467921        79.9302640289     -1263.1233978226 
        3.3350000000         0.7900000000         0.4050810644       360.3179511686     -1206.0573197801 
        3.3400000000         0.7900000000         0.3719446951       357.0149548541     -1255.5145874169 
        3.3450000000         0.7900000000         0.3872384040       351.5099609967     -1232.6881561999 
        3.3500001000         0.7900000000         0.3795915495       344.3534689820     -1244.1013718084 
        3.3550000000         0.7900000000         0.3566509861       338.1144759435     -1278.3410186339 
        3.3600000000         0.7900000000         0.3744936465       332.6094820861     -1251.7101822141 
        3.3650001000         0.7900000000         0.3897873555       325.8199896619     -1228.8837509971 
        3.3700000000         0.7900000000         0.3744936465       319.3974968282     -1251.7101822141 
        3.3750000000         0.7900000000         0.3693957436       313.5255033802     -1259.3189926197 
        3.3800000000         0.7900000000         0.3795915495       306.3690113656     -1244.1013718084 
        3.3850001000         0.7900000000         0.3693957436       300.8640175081     -1259.3189926197 
        3.3900001000         0.7900000000         0.3693957436       293.8910252887     -1259.3189926197 
        3.3950000000         0.7900000000         0.3770425980       288.2025316359     -1247.9057770112 
        3.4000000000         0.7900000000         0.3719446951       281.4130392118     -1255.5145874169 
        3.4050001000         0.7900000000         0.3668467921       275.5410457638     -1263.1233978226 
        3.4100001000         0.7900000000         0.3846894525       269.4855525206     -1236.4925614028 
        3.4150000000         0.7900000000         0.3668467921       263.6135590726     -1263.1233978226 
        3.4200001000         0.7900000000         0.3795915495       257.5580658294     -1244.1013718084 
        3.4250000000         0.7900000000         0.3719446951       250.2180740195     -1255.5145874169 
        3.4300001000         0.7900000000         0.3719446951       244.8965799573     -1255.5145874169 
        3.4350000000         0.7900000000         0.3846894525       239.0245865093     -1236.4925614028 
        3.4400001000         0.7900000000         0.3693957436       231.6845946994     -1259.3189926197 
        3.4450000000         0.7900000000         0.3668467921       225.9961010467     -1263.1233978226 
        3.4500001000         0.7900000000         0.3566509861       219.5736082130     -1278.3410186339 
        3.4550001000         0.7900000000         0.3744936465       213.3346151746     -1251.7101822141 
        3.4600000000         0.7900000000         0.3795915495       207.2791219314     -1244.1013718084 
        3.4650000000         0.7900000000         0.3642978406       201.5906282787     -1266.9278030254 
        3.4700000000         0.7900000000         0.3617488891       194.8011358545     -1270.7322082282 
        3.4750001000         0.7900000000         0.3719446951       188.5621428160     -1255.5145874169 
        3.4800000000         0.7900000000         0.3744936465       182.1396499823     -1251.7101822141 
        3.4850000000         0.7900000000         0.3464551802       175.9006569439     -1293.5586394452 
        3.4900001000         0.7900000000         0.3770425980       170.2121632912     -1247.9057770112 
        3.4950000000         0.7900000000         0.3795915495       163.2391710717     -1244.1013718084 
        3.5000000000         0.7900000000         0.3668467921       156.8166782380     -1263.1233978226 
        3.5050000000         0.7900000000         0.3744936465       150.9446847901     -1251.7101822141 
        3.5100001000         0.7900000000         0.3821405010       144.7056917516     -1240.2969666056 
        3.5150001000         0.7900000000         0.3693957436       137.9161993274     -1259.3189926197 
        3.5200000000         0.7900000000         0.3642978406       131.6772062890     -1266.9278030254 
        3.5250000000         0.7900000000         0.3719446951       124.7042140695     -1255.5145874169 
        3.5300001000         0.7900000000         0.3846894525       119.3827200073     -1236.4925614028 
        3.5350001000         0.7900000000         0.3693957436       112.9602271736     -1259.3189926197 
        3.5400000000         0.7900000000         0.3770425980       106.7212341352     -1247.9057770112 
        3.5450001000         0.7900000000         0.3693957436       100.4822410967     -1259.3189926197 
        3.5500000000         0.7900000000         0.3693957436        94.9772472393     -1259.3189926197 
        3.5550001000         0.7900000000         0.3795915495        88.7382542008     -1244.1013718084 
        3.5600000000         0.7900000000         0.3668467921        81.7652619814     -1263.1233978226 
        3.5650001000         0.7900000000         0.3668467921        76.0767683287     -1263.1233978226 
        3.5700000000         0.7900000000         0.3795915495        69.8377752902     -1244.1013718084 
        3.5750001000         0.7900000000         0.3668467921        63.9657818423     -1263.1233978226 
        3.5800001000         0.7900000000         0.3541020347        57.7267888038     -1282.1454238367 
        3.5850000000         0.7900000000         0.3770425980        51.4877957654     -1247.9057770112 
        3.5900000000         0.7900000000         0.3999831614        45.7993021127     -1213.6661301858 
        3.5950000000         0.7900000000         0.3846894525        39.5603090742     -1236.4925614028 
        3.6000001000         0.7900000000         0.3642978406        32.9543164453     -1266.9278030254 
        3.6050000000         0.7900000000         0.3795915495        26.7153234068     -1244.1013718084 
        3.6100000000         0.7900000000         0.3795915495        20.4763303684     -1244.1013718084 
        3.6150001000         0.7900000000         0.3642978406        13.6868379442     -1266.9278030254 
        3.6200000000         0.7900000000         0.3846894525         7.8148444962     -1236.4925614028 
        3.6250040000         0.7900000000         0.3591999376         1.5758514578     -1274.5366134310 
        3.6300000000         0.7900000000         0.3795915495        -0.4426462900     -1244.1013718084 
        3.6350001000         0.7900000000         0.3923363069        79.1962648479     -1225.0793457943 
        3.6400001000         0.7900000000         0.3617488891       359.9509515781     -1270.7322082282 
        3.6450000000         0.7900000000         0.3541020347       358.1159536256     -1282.1454238367 
        3.6500000000         0.7900000000         0.3948852584       352.0604603824     -1221.2749405914 
        3.6550001000         0.7900000000         0.3795915495       345.2709679582     -1244.1013718084 
        3.6600001000         0.7900000000         0.3642978406       339.7659741008     -1266.9278030254 
        3.6650000000         0.7900000000         0.3872384040       333.5269810623     -1232.6881561999 
        3.6700001000         0.7900000000         0.3693957436       326.1869892524     -1259.3189926197 
        3.6750000000         0.7900000000         0.3668467921       320.1314960092     -1263.1233978226 
        3.6800058000         0.7900000000         0.3872384040       314.0760027660     -1232.6881561999 
        3.6850000000         0.7900000000         0.3719446951       307.8370097275     -1255.5145874169 
        3.6900001000         0.7900000000         0.3668467921       301.9650162796     -1263.1233978226 
        3.6950000000         0.7900000000         0.3719446951       294.8085242649     -1255.5145874169 
        3.7000001000         0.7900000000         0.3897873555       288.9365308169     -1228.8837509971 
        3.7050001000         0.7900000000         0.3541020347       282.3305381880     -1282.1454238367 
        3.7100000000         0.7900000000         0.3744936465       276.8255443305     -1251.7101822141 
        3.7150037000         0.7900000000         0.3821405010       270.4030514968     -1240.2969666056 
        3.7200000000         0.7900000000         0.3642978406       264.1640584584     -1266.9278030254 
        3.7250001000         0.7900000000         0.3744936465       257.5580658294     -1251.7101822141 
        3.7300000000         0.7900000000         0.3642978406       250.9520732005     -1266.9278030254 
        3.7350000000         0.7900000000         0.3642978406       245.8140789335     -1266.9278030254 
        3.7400001000         0.7900000000         0.3617488891       238.4740871236     -1270.7322082282 
        3.7450000000         0.7900000000         0.3744936465       232.6020936757     -1251.7101822141 
        3.7500000000         0.7900000000         0.3541020347       225.9961010467     -1282.1454238367 
        3.7550000000         0.7900000000         0.3515530832       220.1241075988     -1285.9498290395 
        3.7600001000         0.7900000000         0.3719446951       214.4356139460     -1255.5145874169 
        3.7650001000         0.7900000000         0.3795915495       207.6461215219     -1244.1013718084 
        3.7700000000         0.7900000000         0.3515530832       201.0401288929     -1285.9498290395 
        3.7750000000         0.7900000000         0.3719446951       195.7186348307     -1255.5145874169 
        3.7800001000         0.7900000000         0.3668467921       188.5621428160     -1263.1233978226 
        3.7850001000         0.7900000000         0.3642978406       182.5066495728     -1266.9278030254 
        3.7900000000         0.7900000000         0.3668467921       176.4511563296     -1263.1233978226 
        3.7950001000         0.7900000000         0.3795915495       170.3956630864     -1244.1013718084 
        3.8000000000         0.7900000000         0.3591999376       163.6061706622     -1274.5366134310 
        3.8050001000         0.7900000000         0.3566509861       157.0001780333     -1278.3410186339 
        3.8100000000         0.7900000000         0.3668467921       150.3941854043     -1263.1233978226 
        3.8150001000         0.7900000000         0.3846894525       144.7056917516     -1236.4925614028 
        3.8200000000         0.7900000000         0.3464551802       137.9161993274     -1293.5586394452 
        3.8250001000         0.7900000000         0.3770425980       132.5947052652     -1247.9057770112 
        3.8300001000         0.7900000000         0.3846894525       125.6217130458     -1236.4925614028 
        3.8350000000         0.7900000000         0.3668467921       119.5662198026     -1263.1233978226 
        3.8400000000         0.7900000000         0.3770425980       113.5107265594     -1247.9057770112 
        3.8450000000         0.7900000000         0.3693957436       106.9047339304     -1259.3189926197 
        3.8500001000         0.7900000000         0.3541020347       101.0327404825     -1282.1454238367 
        3.8550000000         0.7900000000         0.3744936465        94.6102476488     -1251.7101822141 
        3.8600000000         0.7900000000         0.3846894525        88.9217539961     -1236.4925614028 
        3.8650001000         0.7900000000         0.3668467921        82.6827609576     -1263.1233978226 
        3.8700018000         0.7900000000         0.3490041317        75.8932685334     -1289.7542342424 
        3.8750000000         0.7900000000         0.3872384040        70.5717744712     -1232.6881561999 
        3.8800000000         0.7900000000         0.3846894525        64.1492816375     -1236.4925614028 
        3.8850001000         0.7900000000         0.3719446951        57.9102885991     -1255.5145874169 
        3.8900001000         0.7900000000         0.3668467921        51.4877957654     -1263.1233978226 
        3.8950000000         0.7900000000         0.3744936465        46.1663017032     -1251.7101822141 
        3.9000000000         0.7900000000         0.3719446951        39.3768092790     -1255.5145874169 
        3.9050001000         0.7900000000         0.3744936465        32.7708166500     -1251.7101822141 
        3.9100001000         0.7900000000         0.3642978406        26.8988232021     -1266.9278030254 
        3.9150009000         0.7900000000         0.3693957436        21.0268297541     -1259.3189926197 
        3.9200001000         0.7900000000         0.3770425980        13.6868379442     -1247.9057770112 
        3.9250000000         0.7900000000         0.3897873555         7.8148444962     -1228.8837509971 
        3.9300001000         0.7900000000         0.3642978406         1.7593512530     -1266.9278030254 
        3.9350000000         0.7900000000         0.3719446951         0.2913528910     -1255.5145874169 
        3.9400001000         0.7900000000         0.3744936465        79.9302640289     -1251.7101822141 
        3.9450000000         0.7900000000         0.3693957436       359.9509515781     -1259.3189926197 
        3.9500001000         0.7900000000         0.3668467921       358.6664530114     -1263.1233978226 
        3.9550001000         0.7900000000         0.3719446951       352.0604603824     -1255.5145874169 
        3.9600065000         0.7900000000         0.3719446951       345.4544677535     -1255.5145874169 
        3.9650000000         0.7900000000         0.3668467921       338.8484751245     -1263.1233978226 
        3.9700001000         0.7900000000         0.3591999376       332.0589827003     -1274.5366134310 
        3.9750001000         0.7900000000         0.3642978406       326.1869892524     -1266.9278030254 
        3.9800000000         0.7900000000         0.3642978406       319.5809966234     -1266.9278030254 
        3.9850000000         0.7900000000         0.3744936465       313.3420035850     -1251.7101822141 
        3.9900001000         0.7900000000         0.3642978406       307.2865103418     -1266.9278030254 
        3.9950000000         0.7900000000         0.3388083257       300.3135181223     -1304.9718550537 
