           Time[sec]           V_{cmd}[V]          V_{gyro}[V]          \theta[deg] \omega_{gyro}[deg/sec] 
        0.0000000000        -0.1700000000         1.2130986854       164.3401698432         0.6924017469 
        0.0050000000        -0.1700000000         1.2181965884       164.3401698432         8.3012121526 
        0.0100000000        -0.1700000000         1.2156476369       163.7896704575         4.4968069497 
        0.0150000000        -0.1700000000         1.2029028795       163.4226708670       -14.5252190644 
        0.0200000000        -0.1700000000         1.2207455399       164.3401698432        12.1056173554 
        0.0250000000        -0.1700000000         1.2130986854       163.7896704575         0.6924017469 
        0.0300000000        -0.1700000000         1.2105497339       164.3401698432        -3.1120034559 
        0.0350000000        -0.1700000000         1.1187874804       163.7896704575      -140.0705907578 
        0.0400077000        -0.1700000000         1.1544728012       162.5051718907       -86.8089179182 
        0.0450001000        -0.1700000000         1.1723154616       162.5051718907       -60.1780814984 
        0.0500000000        -0.1700000000         1.1340811893       161.5876729145      -117.2441595408 
        0.0550000000        -0.1700000000         1.1315322379       161.2206733240      -121.0485647436 
        0.0600000000        -0.1700000000         1.1621196557       161.2206733240       -75.3957023097 
        0.0650000000        -0.1700000000         1.1417280438       160.6701739382      -105.8309439323 
        0.0700000000        -0.1700000000         1.1366301408       160.4866741430      -113.4397543380 
        0.0750000000        -0.1700000000         1.1519238497       159.7526749620       -90.6133231210 
        0.0800001000        -0.1700000000         1.1213364319       158.2846766000      -136.2661855549 
        0.0850000000        -0.1700000000         1.1315322379       157.9176770095      -121.0485647436 
        0.0900000000        -0.1700000000         1.1289832864       157.0001780333      -124.8529699465 
        0.0950000000        -0.1700000000         1.1213364319       156.8166782380      -136.2661855549 
        0.1000000000        -0.1700000000         1.1264343349       156.0826790570      -128.6573751493 
        0.1050000000        -0.1700000000         1.1264343349       155.8991792618      -128.6573751493 
        0.1100000000        -0.1700000000         1.1264343349       155.3486798760      -128.6573751493 
        0.1150001000        -0.1700000000         1.1264343349       154.4311808998      -128.6573751493 
        0.1200000000        -0.1700000000         1.1213364319       153.5136819235      -136.2661855549 
        0.1250000000        -0.1700000000         1.1264343349       153.3301821283      -128.6573751493 
        0.1300000000        -0.1700000000         1.1187874804       152.2291833568      -140.0705907578 
        0.1350000000        -0.1700000000         1.1136895775       151.1281845853      -147.6794011634 
        0.1400000000        -0.1700000000         1.1187874804       150.5776851996      -140.0705907578 
        0.1450000000        -0.1700000000         1.1085916745       149.4766864281      -155.2882115691 
        0.1500000000        -0.1700000000         1.1187874804       149.1096868376      -140.0705907578 
        0.1550000000        -0.1700000000         1.1085916745       148.0086880661      -155.2882115691 
        0.1600000000        -0.1700000000         1.1009448200       147.6416884756      -166.7014271776 
        0.1650000000        -0.1700000000         1.1085916745       146.9076892946      -155.2882115691 
        0.1700001000        -0.1700000000         1.1060427230       145.9901903184      -159.0926167719 
        0.1750000000        -0.1700000000         1.1111406260       145.6231907279      -151.4838063663 
        0.1800000000        -0.1700000000         1.1111406260       144.7056917516      -151.4838063663 
        0.1850000000        -0.1700000000         1.1162385289       144.5221919564      -143.8749959606 
        0.1900000000        -0.1700000000         1.1111406260       143.7881927754      -151.4838063663 
        0.1950000000        -0.1700000000         1.1085916745       142.5036942086      -155.2882115691 
        0.2000000000        -0.1700000000         1.1111406260       141.7696950276      -151.4838063663 
        0.2050020000        -0.1700000000         1.0932979656       140.3016966657      -178.1146427861 
        0.2100001000        -0.1700000000         1.1162385289       140.4851964609      -143.8749959606 
        0.2150000000        -0.1700000000         1.1085916745       139.3841976894      -155.2882115691 
        0.2200000000        -0.1700000000         1.1034937715       138.6501985084      -162.8970219747 
        0.2250000000        -0.1700000000         1.1085916745       137.5491997369      -155.2882115691 
        0.2300000000        -0.1700000000         1.1034937715       136.8152005559      -162.8970219747 
        0.2350000000        -0.1700000000         1.0983958685       135.5307019892      -170.5058323804 
        0.2400001000        -0.1700000000         1.1009448200       135.3472021939      -166.7014271776 
        0.2450000000        -0.1700000000         1.1009448200       134.2462034225      -166.7014271776 
        0.2500000000        -0.1700000000         1.1085916745       134.0627036272      -155.2882115691 
        0.2550000000        -0.1700000000         1.1034937715       132.9617048557      -162.8970219747 
        0.2600011000        -0.1700000000         1.0983958685       131.8607060842      -170.5058323804 
        0.2650017000        -0.1700000000         1.0983958685       131.1267069032      -170.5058323804 
        0.2700000000        -0.1700000000         1.1009448200       130.0257081317      -166.7014271776 
        0.2750000000        -0.1700000000         1.1009448200       129.8422083365      -166.7014271776 
        0.2800000000        -0.1700000000         1.0932979656       128.0072103840      -178.1146427861 
        0.2850000000        -0.1700000000         1.0983958685       127.4567109983      -170.5058323804 
        0.2900000000        -0.1700000000         1.1060427230       126.7227118173      -159.0926167719 
        0.2950001000        -0.1700000000         1.0882000626       125.9887126363      -185.7234531917 
        0.3000000000        -0.1700000000         1.0983958685       124.5207142743      -170.5058323804 
        0.3050000000        -0.1700000000         1.0983958685       124.3372144790      -170.5058323804 
        0.3100000000        -0.1700000000         1.1009448200       123.7867150933      -166.7014271776 
        0.3150000000        -0.1700000000         1.1034937715       122.8692161170      -162.8970219747 
        0.3200000000        -0.1700000000         1.1034937715       121.5847175503      -162.8970219747 
        0.3250000000        -0.1700000000         1.0882000626       120.3002189836      -185.7234531917 
        0.3300001000        -0.1700000000         1.0882000626       119.7497195978      -185.7234531917 
        0.3350000000        -0.1700000000         1.0907490141       118.6487208263      -181.9190479889 
        0.3400174000        -0.1700000000         1.0907490141       118.6487208263      -181.9190479889 
        0.3450000000        -0.1700000000         1.0856511111       117.1807224643      -189.5278583946 
        0.3500001000        -0.1700000000         1.0932979656       116.4467232833      -178.1146427861 
        0.3550001000        -0.1700000000         1.0932979656       115.8962238976      -178.1146427861 
        0.3600000000        -0.1700000000         1.0882000626       114.4282255356      -185.7234531917 
        0.3650001000        -0.1700000000         1.0907490141       113.6942263546      -181.9190479889 
        0.3700000000        -0.1700000000         1.0932979656       112.7767273784      -178.1146427861 
        0.3750000000        -0.1700000000         1.0831021596       112.0427281974      -193.3322635974 
        0.3800000000        -0.1700000000         1.1034937715       111.3087290164      -162.8970219747 
        0.3850164000        -0.1700000000         1.0882000626       109.8407306544      -185.7234531917 
        0.3900000000        -0.1700000000         1.0882000626       109.8407306544      -185.7234531917 
        0.3950000000        -0.1700000000         1.0932979656       108.3727322924      -178.1146427861 
        0.4000376000        -0.1700000000         1.1034937715       108.0057327019      -162.8970219747 
        0.4050000000        -0.1700000000         1.0932979656       107.0882337257      -178.1146427861 
        0.4100000000        -0.1700000000         1.1009448200       106.3542345447      -166.7014271776 
        0.4150000000        -0.1700000000         1.0882000626       104.8862361827      -185.7234531917 
        0.4200001000        -0.1700000000         1.1009448200       104.5192365922      -166.7014271776 
        0.4250000000        -0.1700000000         1.0780042567       103.0512382302      -200.9410740030 
        0.4300000000        -0.1700000000         1.1009448200       102.6842386397      -166.7014271776 
        0.4350000000        -0.1700000000         1.0882000626       101.0327404825      -185.7234531917 
        0.4400000000        -0.1700000000         1.0932979656       101.0327404825      -178.1146427861 
        0.4450000000        -0.1700000000         1.0932979656        99.5647421205      -178.1146427861 
        0.4500000000        -0.1700000000         1.0754553052        98.4637433490      -204.7454792059 
        0.4550001000        -0.1700000000         1.0856511111        97.3627445775      -189.5278583946 
        0.4600000000        -0.1700000000         1.0780042567        96.2617458060      -200.9410740030 
        0.4650000000        -0.1700000000         1.0856511111        95.7112464203      -189.5278583946 
        0.4700000000        -0.1700000000         1.0831021596        95.1607470345      -193.3322635974 
        0.4750001000        -0.1700000000         1.0856511111        93.6927486725      -189.5278583946 
        0.4800001000        -0.1700000000         1.1034937715        93.8762484678      -162.8970219747 
        0.4850000000        -0.1700000000         1.0856511111        92.0412505153      -189.5278583946 
        0.4900001000        -0.1700000000         1.0856511111        91.4907511295      -189.5278583946 
        0.4950000000        -0.1700000000         1.0932979656        90.7567519486      -178.1146427861 
        0.5000000000        -0.1700000000         1.0780042567        89.8392529723      -200.9410740030 
        0.5050000000        -0.1700000000         1.0882000626        88.9217539961      -185.7234531917 
        0.5100000000        -0.1700000000         1.0856511111        88.0042550198      -189.5278583946 
        0.5150000000        -0.1700000000         1.0958469171        87.4537556341      -174.3102375832 
        0.5200000000        -0.1700000000         1.0780042567        85.6187576816      -200.9410740030 
        0.5250000000        -0.1700000000         1.0907490141        85.6187576816      -181.9190479889 
        0.5300000000        -0.1700000000         1.0907490141        84.3342591149      -181.9190479889 
        0.5350000000        -0.1700000000         1.0729063537        82.8662607529      -208.5498844087 
        0.5400000000        -0.1700000000         1.0831021596        82.1322615719      -193.3322635974 
        0.5450001000        -0.1700000000         1.0907490141        82.1322615719      -181.9190479889 
        0.5500000000        -0.1700000000         1.0958469171        81.3982623909      -174.3102375832 
        0.5550000000        -0.1700000000         1.0780042567        79.3797646431      -200.9410740030 
        0.5600000000        -0.1700000000         1.0831021596        79.0127650526      -193.3322635974 
        0.5650000000        -0.1700000000         1.0856511111        78.4622656669      -189.5278583946 
        0.5700001000        -0.1700000000         1.0831021596        77.5447666907      -193.3322635974 
        0.5750000000        -0.1700000000         1.0882000626        75.7097687382      -185.7234531917 
        0.5800001000        -0.1700000000         1.0805532081        75.1592693524      -197.1366688002 
        0.5850000000        -0.1700000000         1.1009448200        74.9757695572      -166.7014271776 
        0.5900000000        -0.1700000000         1.0856511111        73.1407716047      -189.5278583946 
        0.5950000000        -0.1700000000         1.0907490141        72.5902722190      -181.9190479889 
        0.6000000000        -0.1700000000         1.0932979656        71.6727732427      -178.1146427861 
        0.6050000000        -0.1700000000         1.0754553052        70.3882746760      -204.7454792059 
        0.6100000000        -0.1700000000         1.0856511111        69.4707756997      -189.5278583946 
        0.6150001000        -0.1700000000         1.0805532081        68.7367765187      -197.1366688002 
        0.6200000000        -0.1700000000         1.0882000626        67.4522779520      -185.7234531917 
        0.6250017000        -0.1700000000         1.0831021596        67.6357777472      -193.3322635974 
        0.6300000000        -0.1700000000         1.0983958685        66.7182787710      -170.5058323804 
        0.6350000000        -0.1700000000         1.0856511111        65.2502804090      -189.5278583946 
        0.6400000000        -0.1700000000         1.0856511111        64.8832808185      -189.5278583946 
        0.6450000000        -0.1700000000         1.0780042567        63.4152824565      -200.9410740030 
        0.6500022000        -0.1700000000         1.0780042567        62.1307838898      -200.9410740030 
        0.6550000000        -0.1700000000         1.0856511111        61.3967847088      -189.5278583946 
        0.6600000000        -0.1700000000         1.0805532081        60.2957859373      -197.1366688002 
        0.6650000000        -0.1700000000         1.0780042567        59.0112873706      -200.9410740030 
        0.6700001000        -0.1700000000         1.0703574022        58.6442877801      -212.3542896115 
        0.6750000000        -0.1700000000         1.0831021596        57.7267888038      -193.3322635974 
        0.6800000000        -0.1700000000         1.0882000626        57.1762894181      -185.7234531917 
        0.6850000000        -0.1700000000         1.0729063537        55.5247912608      -208.5498844087 
        0.6900000000        -0.1700000000         1.0703574022        54.0567928989      -212.3542896115 
        0.6950001000        -0.1700000000         1.0856511111        54.0567928989      -189.5278583946 
        0.7000000000        -0.1700000000         1.0805532081        52.7722943321      -197.1366688002 
        0.7050001000        -0.1700000000         1.0703574022        51.1207961749      -212.3542896115 
        0.7100000000        -0.1700000000         1.0882000626        50.7537965844      -185.7234531917 
        0.7150000000        -0.1700000000         1.0780042567        50.2032971986      -200.9410740030 
        0.7200000000        -0.1700000000         1.0856511111        48.7352988366      -189.5278583946 
        0.7250000000        -0.1700000000         1.0729063537        47.4508002699      -208.5498844087 
        0.7300000000        -0.1700000000         1.0780042567        46.9003008842      -200.9410740030 
        0.7350000000        -0.1700000000         1.0856511111        46.1663017032      -189.5278583946 
        0.7400001000        -0.1700000000         1.0831021596        45.4323025222      -193.3322635974 
        0.7450000000        -0.1700000000         1.0754553052        43.9643041602      -204.7454792059 
        0.7500000000        -0.1700000000         1.0805532081        43.0468051839      -197.1366688002 
        0.7550000000        -0.1700000000         1.0780042567        41.7623066172      -200.9410740030 
        0.7600000000        -0.1700000000         1.0754553052        41.3953070267      -204.7454792059 
        0.7650000000        -0.1700000000         1.0932979656        39.7438088695      -178.1146427861 
        0.7700000000        -0.1700000000         1.0601615963        38.2758105075      -227.5719104228 
        0.7750000000        -0.1700000000         1.0754553052        38.2758105075      -204.7454792059 
        0.7800000000        -0.1700000000         1.0780042567        36.8078121455      -200.9410740030 
        0.7850000000        -0.1700000000         1.0703574022        35.3398137835      -212.3542896115 
        0.7900000000        -0.1700000000         1.0780042567        34.9728141930      -200.9410740030 
        0.7950001000        -0.1700000000         1.0907490141        34.4223148073      -181.9190479889 
        0.8000000000        -0.1700000000         1.0780042567        32.9543164453      -200.9410740030 
        0.8050000000        -0.1700000000         1.0805532081        32.2203172643      -197.1366688002 
        0.8100000000        -0.1700000000         1.0678084507        30.5688191070      -216.1586948143 
        0.8150000000        -0.1700000000         1.0831021596        30.0183197213      -193.3322635974 
        0.8200001000        -0.1700000000         1.0703574022        28.5503213593      -212.3542896115 
        0.8250000000        -0.1700000000         1.0831021596        27.9998219736      -193.3322635974 
        0.8300001000        -0.1700000000         1.0805532081        26.7153234068      -197.1366688002 
        0.8350001000        -0.1700000000         1.0678084507        25.7978244306      -216.1586948143 
        0.8400000000        -0.1700000000         1.0983958685        25.6143246353      -170.5058323804 
        0.8450000000        -0.1700000000         1.0703574022        23.5958268876      -212.3542896115 
        0.8500000000        -0.1700000000         1.0932979656        23.4123270924      -178.1146427861 
        0.8550000000        -0.1700000000         1.0856511111        22.1278285256      -189.5278583946 
        0.8600000000        -0.1700000000         1.0856511111        21.7608289351      -189.5278583946 
        0.8650001000        -0.1700000000         1.0882000626        20.8433299589      -185.7234531917 
        0.8700000000        -0.1700000000         1.0907490141        19.5588313921      -181.9190479889 
        0.8750000000        -0.1700000000         1.0856511111        18.2743328254      -189.5278583946 
        0.8800000000        -0.1700000000         1.0703574022        17.3568338492      -212.3542896115 
        0.8850000000        -0.1700000000         1.0932979656        16.2558350777      -178.1146427861 
        0.8900000000        -0.1700000000         1.0907490141        15.1548363062      -181.9190479889 
        0.8950019000        -0.1700000000         1.0882000626        14.6043369204      -185.7234531917 
        0.9000000000        -0.1700000000         1.0856511111        13.1363385584      -189.5278583946 
        0.9050000000        -0.1700000000         1.0882000626        12.5858391727      -185.7234531917 
        0.9100000000        -0.1700000000         1.0882000626        10.9343410155      -185.7234531917 
        0.9150000000        -0.1700000000         1.0831021596        10.7508412202      -193.3322635974 
        0.9200001000        -0.1700000000         1.0882000626         9.4663426535      -185.7234531917 
        0.9250000000        -0.1700000000         1.0754553052         8.1818440867      -204.7454792059 
        0.9300000000        -0.1700000000         1.0958469171         7.9983442915      -174.3102375832 
        0.9350000000        -0.1700000000         1.0907490141         6.8973455200      -181.9190479889 
        0.9400000000        -0.1700000000         1.1034937715         6.1633463390      -162.8970219747 
        0.9450001000        -0.1700000000         1.0907490141         5.7963467485      -181.9190479889 
        0.9500000000        -0.1700000000         1.0958469171         4.8788477723      -174.3102375832 
        0.9550001000        -0.1700000000         1.0856511111         3.2273496150      -189.5278583946 
        0.9600001000        -0.1700000000         1.0932979656         2.1263508435      -178.1146427861 
        0.9650000000        -0.1700000000         1.0983958685         2.1263508435      -170.5058323804 
        0.9700000000        -0.1700000000         1.1009448200         1.3923516625      -166.7014271776 
        0.9750000000        -0.1700000000         1.0831021596         0.8418522768      -193.3322635974 
        0.9800000000        -0.1700000000         1.0983958685         0.1078530958      -170.5058323804 
        0.9850000000        -0.1700000000         1.0882000626        -0.6261460852      -185.7234531917 
        0.9900001000        -0.1700000000         1.0907490141        -0.0756466995      -181.9190479889 
        0.9950000000        -0.1700000000         1.0856511111        -0.2591464947      -189.5278583946 
        1.0000000000        -0.1700000000         1.0882000626        -0.0756466995      -185.7234531917 
        1.0050000000        -0.1700000000         1.0882000626        -0.4426462900      -185.7234531917 
        1.0100001000        -0.1700000000         1.1009448200         0.6583524815      -166.7014271776 
        1.0150000000        -0.1700000000         1.1034937715        -0.6261460852      -162.8970219747 
        1.0200000000        -0.1700000000         1.0983958685         0.1078530958      -170.5058323804 
        1.0250000000        -0.1700000000         1.0907490141        -0.0756466995      -181.9190479889 
        1.0300000000        -0.1700000000         1.1085916745        80.1137638241      -155.2882115691 
        1.0350000000        -0.1700000000         1.0932979656        79.0127650526      -178.1146427861 
        1.0400000000        -0.1700000000         1.0983958685        79.9302640289      -170.5058323804 
        1.0450001000        -0.1700000000         1.0958469171        79.7467642336      -174.3102375832 
        1.0500000000        -0.1700000000         1.1085916745        80.2972636194      -155.2882115691 
        1.0550000000        -0.1700000000         1.1009448200       359.9509515781      -166.7014271776 
        1.0600000000        -0.1700000000         1.1009448200       359.9509515781      -166.7014271776 
        1.0650000000        -0.1700000000         1.1085916745       359.9509515781      -155.2882115691 
        1.0700000000        -0.1700000000         1.1009448200       359.9509515781      -166.7014271776 
        1.0750000000        -0.1700000000         1.0754553052       359.4004521924      -204.7454792059 
        1.0800001000        -0.1700000000         1.0932979656       359.9509515781      -178.1146427861 
        1.0850000000        -0.1700000000         1.0932979656       360.1344513734      -178.1146427861 
        1.0900000000        -0.1700000000         1.1034937715       360.5014509639      -162.8970219747 
        1.0950000000        -0.1700000000         1.1111406260       360.3179511686      -151.4838063663 
        1.1000000000        -0.1700000000         1.0983958685       360.1344513734      -170.5058323804 
        1.1050000000        -0.1700000000         1.0882000626       359.5839519876      -185.7234531917 
        1.1100000000        -0.1700000000         1.1009448200       358.8499528066      -166.7014271776 
        1.1150001000        -0.1700000000         1.0907490141       357.7489540351      -181.9190479889 
        1.1200000000        -0.1700000000         1.1111406260       357.3819544446      -151.4838063663 
        1.1250000000        -0.1700000000         1.1162385289       357.0149548541      -143.8749959606 
        1.1300000000        -0.1700000000         1.0958469171       355.7304562874      -174.3102375832 
        1.1350001000        -0.1700000000         1.1136895775       354.9964571064      -147.6794011634 
        1.1400000000        -0.1700000000         1.1009448200       354.2624579254      -166.7014271776 
        1.1450000000        -0.1700000000         1.1136895775       353.1614591539      -147.6794011634 
        1.1500000000        -0.1700000000         1.0983958685       352.7944595634      -170.5058323804 
        1.1550026000        -0.1700000000         1.1187874804       351.8769605872      -140.0705907578 
        1.1600000000        -0.1700000000         1.1060427230       351.3264612014      -159.0926167719 
        1.1650000000        -0.1700000000         1.1136895775       350.4089622252      -147.6794011634 
        1.1700001000        -0.1700000000         1.1009448200       348.7574640680      -166.7014271776 
        1.1750000000        -0.1700000000         1.1060427230       347.6564652965      -159.0926167719 
        1.1800000000        -0.1700000000         1.1009448200       346.7389663202      -166.7014271776 
        1.1850000000        -0.1700000000         1.1085916745       346.3719667297      -155.2882115691 
        1.1900000000        -0.1700000000         1.1009448200       345.6379675487      -166.7014271776 
        1.1950000000        -0.1700000000         1.0907490141       344.1699691867      -181.9190479889 
        1.2000000000        -0.1700000000         1.1009448200       344.1699691867      -166.7014271776 
        1.2050017000        -0.1700000000         1.1009448200       342.8854706200      -166.7014271776 
        1.2100000000        -0.1700000000         1.1085916745       342.5184710295      -155.2882115691 
        1.2150000000        -0.1700000000         1.1034937715       341.4174722580      -162.8970219747 
        1.2200000000        -0.1700000000         1.0907490141       340.1329736913      -181.9190479889 
        1.2250000000        -0.1700000000         1.1085916745       339.2154747150      -155.2882115691 
        1.2300000000        -0.1700000000         1.1060427230       339.7659741008      -159.0926167719 
        1.2350000000        -0.1700000000         1.1111406260       338.4814755340      -151.4838063663 
        1.2400001000        -0.1700000000         1.1111406260       337.9309761483      -151.4838063663 
        1.2450000000        -0.1700000000         1.0932979656       335.9124784006      -178.1146427861 
        1.2500000000        -0.1700000000         1.1034937715       335.5454788101      -162.8970219747 
        1.2550082000        -0.1700000000         1.1136895775       334.8114796291      -147.6794011634 
        1.2600001000        -0.1700000000         1.1009448200       334.6279798338      -166.7014271776 
        1.2650000000        -0.1700000000         1.1136895775       333.8939806528      -147.6794011634 
        1.2700000000        -0.1700000000         1.1111406260       332.4259822908      -151.4838063663 
        1.2750000000        -0.1700000000         1.0983958685       330.9579839289      -170.5058323804 
        1.2800001000        -0.1700000000         1.1111406260       330.7744841336      -151.4838063663 
        1.2850000000        -0.1700000000         1.0983958685       329.6734853621      -170.5058323804 
        1.2900000000        -0.1700000000         1.1009448200       329.1229859764      -166.7014271776 
        1.2950001000        -0.1700000000         1.1111406260       328.7559863859      -151.4838063663 
        1.3000000000        -0.1700000000         1.0958469171       327.2879880239      -174.3102375832 
        1.3050000000        -0.1700000000         1.1060427230       326.5539888429      -159.0926167719 
        1.3100000000        -0.1700000000         1.1060427230       326.0034894571      -159.0926167719 
        1.3150000000        -0.1700000000         1.1060427230       325.0859904809      -159.0926167719 
        1.3200000000        -0.1700000000         1.1060427230       324.7189908904      -159.0926167719 
        1.3250000000        -0.1700000000         1.1034937715       323.6179921189      -162.8970219747 
        1.3300001000        -0.1700000000         1.1085916745       322.7004931427      -155.2882115691 
        1.3350000000        -0.1700000000         1.0983958685       321.4159945759      -170.5058323804 
        1.3400000000        -0.1700000000         1.1034937715       321.2324947807      -162.8970219747 
        1.3450183000        -0.1700000000         1.1009448200       319.9479962139      -166.7014271776 
        1.3500000000        -0.1700000000         1.1111406260       320.1314960092      -151.4838063663 
        1.3550000000        -0.1700000000         1.1085916745       319.2139970329      -155.2882115691 
        1.3600000000        -0.1700000000         1.1060427230       318.4799978520      -159.0926167719 
        1.3650001000        -0.1700000000         1.1009448200       317.7459986710      -166.7014271776 
        1.3700000000        -0.1700000000         1.1034937715       316.4615001042      -162.8970219747 
        1.3750000000        -0.1700000000         1.1162385289       316.2780003090      -143.8749959606 
        1.3800000000        -0.1700000000         1.1085916745       314.8100019470      -155.2882115691 
        1.3850017000        -0.1700000000         1.0983958685       313.7090031755      -170.5058323804 
        1.3900000000        -0.1700000000         1.1085916745       312.9750039945      -155.2882115691 
        1.3950000000        -0.1700000000         1.0932979656       312.4245046088      -178.1146427861 
        1.4000000000        -0.1700000000         1.1136895775       311.8740052230      -147.6794011634 
        1.4050001000        -0.1700000000         1.0958469171       310.4060068610      -174.3102375832 
        1.4100000000        -0.1700000000         1.1009448200       309.8555074753      -166.7014271776 
        1.4150000000        -0.1700000000         1.1111406260       309.6720076800      -151.4838063663 
        1.4200001000        -0.1700000000         1.1136895775       308.9380084990      -147.6794011634 
        1.4250000000        -0.1700000000         1.1009448200       307.8370097275      -166.7014271776 
        1.4300000000        -0.1700000000         1.1009448200       306.5525111608      -166.7014271776 
        1.4350000000        -0.1700000000         1.1060427230       306.1855115703      -159.0926167719 
        1.4400000000        -0.1700000000         1.1085916745       305.2680125941      -155.2882115691 
        1.4450000000        -0.1700000000         1.1085916745       304.5340134131      -155.2882115691 
        1.4500000000        -0.1700000000         1.1034937715       303.2495148463      -162.8970219747 
        1.4550001000        -0.1700000000         1.1009448200       302.6990154606      -166.7014271776 
        1.4600000000        -0.1700000000         1.1034937715       302.6990154606      -162.8970219747 
        1.4650000000        -0.1700000000         1.1162385289       301.4145168938      -143.8749959606 
        1.4700000000        -0.1700000000         1.1085916745       301.2310170986      -155.2882115691 
        1.4750000000        -0.1700000000         1.1136895775       300.1300183271      -147.6794011634 
        1.4800000000        -0.1700000000         1.1009448200       299.0290195556      -166.7014271776 
        1.4850000000        -0.1700000000         1.1136895775       298.6620199651      -147.6794011634 
        1.4900001000        -0.1700000000         1.1085916745       297.0105218079      -155.2882115691 
        1.4950000000        -0.1700000000         1.1034937715       296.2765226269      -162.8970219747 
        1.5000000000        -0.1700000000         1.1136895775       296.4600224221      -147.6794011634 
        1.5050000000        -0.1700000000         1.1060427230       294.9920240601      -159.0926167719 
        1.5100001000        -0.1700000000         1.1009448200       293.8910252887      -166.7014271776 
        1.5150000000        -0.1700000000         1.1085916745       292.9735263124      -155.2882115691 
        1.5200000000        -0.1700000000         1.1060427230       292.4230269267      -159.0926167719 
        1.5250000000        -0.1700000000         1.1111406260       292.0560273362      -151.4838063663 
        1.5300001000        -0.1700000000         1.1060427230       291.3220281552      -159.0926167719 
        1.5350000000        -0.1700000000         1.1136895775       290.9550285647      -147.6794011634 
        1.5400000000        -0.1700000000         1.0983958685       289.1200306122      -170.5058323804 
        1.5450001000        -0.1700000000         1.1136895775       289.1200306122      -147.6794011634 
        1.5500003000        -0.1700000000         1.1060427230       288.2025316359      -159.0926167719 
        1.5550000000        -0.1700000000         1.1111406260       287.6520322502      -151.4838063663 
        1.5600000000        -0.1700000000         1.1009448200       286.5510334787      -166.7014271776 
        1.5650000000        -0.1700000000         1.0983958685       285.4500347072      -170.5058323804 
        1.5700000000        -0.1700000000         1.1136895775       285.2665349120      -147.6794011634 
        1.5750000000        -0.1700000000         1.0983958685       283.7985365500      -170.5058323804 
        1.5800001000        -0.1700000000         1.1213364319       284.1655361405      -136.2661855549 
        1.5850000000        -0.1700000000         1.0983958685       282.5140379832      -170.5058323804 
        1.5900014000        -0.1700000000         1.1187874804       281.9635385975      -140.0705907578 
        1.5950025000        -0.1700000000         1.1060427230       281.0460396213      -159.0926167719 
        1.6000000000        -0.1700000000         1.1162385289       280.6790400308      -143.8749959606 
        1.6050000000        -0.1700000000         1.0983958685       280.1285406450      -170.5058323804 
        1.6100000000        -0.1700000000         1.1213364319       279.5780412593      -136.2661855549 
        1.6150001000        -0.1700000000         1.1111406260       278.4770424878      -151.4838063663 
        1.6200000000        -0.1700000000         1.1009448200       277.3760437163      -166.7014271776 
        1.6250000000        -0.1700000000         1.1238853834       277.3760437163      -132.4617803521 
        1.6300000000        -0.1700000000         1.1085916745       275.7245455590      -155.2882115691 
        1.6350001000        -0.1700000000         1.1085916745       275.3575459686      -155.2882115691 
        1.6400000000        -0.1700000000         1.1187874804       275.1740461733      -140.0705907578 
        1.6450011000        -0.1700000000         1.1034937715       273.5225480161      -162.8970219747 
        1.6500000000        -0.1700000000         1.1187874804       273.7060478113      -140.0705907578 
        1.6550001000        -0.1700000000         1.1111406260       272.4215492446      -151.4838063663 
        1.6600000000        -0.1700000000         1.1111406260       271.6875500636      -151.4838063663 
        1.6650000000        -0.1700000000         1.1111406260       270.7700510873      -151.4838063663 
        1.6700001000        -0.1700000000         1.1136895775       270.0360519063      -147.6794011634 
        1.6750000000        -0.1700000000         1.1111406260       269.1185529301      -151.4838063663 
        1.6800000000        -0.1700000000         1.1060427230       268.7515533396      -159.0926167719 
        1.6850000000        -0.1700000000         1.1111406260       267.8340543634      -151.4838063663 
        1.6900000000        -0.1700000000         1.1034937715       266.9165553871      -162.8970219747 
        1.6950000000        -0.1700000000         1.1085916745       265.9990564109      -155.2882115691 
        1.7000000000        -0.1700000000         1.1060427230       266.1825562061      -159.0926167719 
        1.7050001000        -0.1700000000         1.1111406260       264.7145578441      -151.4838063663 
        1.7100000000        -0.1700000000         1.1009448200       263.4300592774      -166.7014271776 
        1.7150000000        -0.1700000000         1.1136895775       263.2465594822      -147.6794011634 
        1.7200000000        -0.1700000000         1.0983958685       261.9620609154      -170.5058323804 
        1.7250000000        -0.1700000000         1.1136895775       261.5950613249      -147.6794011634 
        1.7300000000        -0.1700000000         1.1187874804       261.2280617344      -140.0705907578 
        1.7350000000        -0.1700000000         1.1009448200       260.1270629629      -166.7014271776 
        1.7400006000        -0.1700000000         1.1060427230       259.3930637819      -159.0926167719 
        1.7450000000        -0.1700000000         1.1060427230       259.2095639867      -159.0926167719 
        1.7500000000        -0.1700000000         1.1085916745       257.9250654199      -155.2882115691 
        1.7550000000        -0.1700000000         1.1085916745       257.5580658294      -155.2882115691 
        1.7600001000        -0.1700000000         1.1085916745       255.9065676722      -155.2882115691 
        1.7650000000        -0.1700000000         1.1034937715       255.3560682865      -162.8970219747 
        1.7700000000        -0.1700000000         1.1111406260       254.6220691055      -151.4838063663 
        1.7750000000        -0.1700000000         1.1009448200       254.4385693102      -166.7014271776 
        1.7800001000        -0.1700000000         1.1111406260       253.1540707435      -151.4838063663 
        1.7850000000        -0.1700000000         1.0983958685       251.6860723815      -170.5058323804 
        1.7900000000        -0.1700000000         1.0882000626       250.9520732005      -185.7234531917 
        1.7950001000        -0.1700000000         1.1085916745       250.5850736100      -155.2882115691 
        1.8000000000        -0.1700000000         1.0983958685       249.1170752480      -170.5058323804 
        1.8050000000        -0.1700000000         1.1085916745       249.4840748385      -155.2882115691 
        1.8100000000        -0.1700000000         1.0907490141       247.6490768860      -181.9190479889 
        1.8150000000        -0.1700000000         1.1085916745       247.2820772955      -155.2882115691 
        1.8200000000        -0.1700000000         1.1060427230       246.5480781145      -159.0926167719 
        1.8250000000        -0.1700000000         1.0983958685       245.2635795478      -170.5058323804 
        1.8300001000        -0.1700000000         1.0907490141       244.3460805716      -181.9190479889 
        1.8350000000        -0.1700000000         1.1009448200       243.9790809811      -166.7014271776 
        1.8400000000        -0.1700000000         1.1034937715       243.2450818001      -162.8970219747 
        1.8450000000        -0.1700000000         1.0932979656       242.1440830286      -178.1146427861 
        1.8500000000        -0.1700000000         1.0983958685       241.4100838476      -170.5058323804 
        1.8550000000        -0.1700000000         1.1060427230       241.4100838476      -159.0926167719 
        1.8600000000        -0.1700000000         1.1060427230       240.1255852808      -159.0926167719 
        1.8650001000        -0.1700000000         1.0805532081       238.6575869189      -197.1366688002 
        1.8700000000        -0.1700000000         1.0932979656       237.7400879426      -178.1146427861 
        1.8750000000        -0.1700000000         1.0983958685       237.0060887616      -170.5058323804 
        1.8800000000        -0.1700000000         1.0907490141       236.6390891711      -181.9190479889 
        1.8850001000        -0.1700000000         1.1009448200       235.7215901949      -166.7014271776 
        1.8900006000        -0.1700000000         1.1085916745       235.5380903996      -155.2882115691 
        1.8950000000        -0.1700000000         1.1060427230       234.0700920376      -159.0926167719 
        1.9000000000        -0.1700000000         1.0983958685       233.3360928566      -170.5058323804 
        1.9050001000        -0.1700000000         1.0932979656       232.6020936757      -178.1146427861 
        1.9100000000        -0.1700000000         1.0958469171       231.6845946994      -174.3102375832 
        1.9150000000        -0.1700000000         1.0958469171       230.7670957232      -174.3102375832 
        1.9200001000        -0.1700000000         1.0932979656       229.8495967469      -178.1146427861 
        1.9250000000        -0.1700000000         1.0983958685       229.2990973612      -170.5058323804 
        1.9300000000        -0.1700000000         1.0958469171       227.6475992039      -174.3102375832 
        1.9350000000        -0.1700000000         1.0907490141       227.2805996134      -181.9190479889 
        1.9400000000        -0.1700000000         1.1034937715       226.5466004324      -162.8970219747 
        1.9450000000        -0.1700000000         1.0882000626       225.0786020705      -185.7234531917 
        1.9500000000        -0.1700000000         1.0907490141       224.3446028895      -181.9190479889 
        1.9550001000        -0.1700000000         1.0983958685       223.9776032990      -170.5058323804 
        1.9600000000        -0.1700000000         1.0882000626       222.8766045275      -185.7234531917 
        1.9650000000        -0.1700000000         1.1111406260       222.3261051417      -151.4838063663 
        1.9700000000        -0.1700000000         1.0932979656       221.4086061655      -178.1146427861 
        1.9750006000        -0.1700000000         1.0983958685       221.0416065750      -170.5058323804 
        1.9800000000        -0.1700000000         1.1085916745       220.1241075988      -155.2882115691 
        1.9850000000        -0.1700000000         1.0958469171       219.0231088273      -174.3102375832 
        1.9900001000        -0.1700000000         1.1085916745       217.9221100558      -155.2882115691 
        1.9950000000        -0.1700000000         1.0907490141       216.8211112843      -181.9190479889 
        2.0000000000        -0.1700000000         1.0907490141       216.0871121033      -181.9190479889 
        2.0050000000        -0.1700000000         1.0907490141       215.1696131270      -181.9190479889 
        2.0100000000        -0.1700000000         1.0958469171       214.8026135365      -174.3102375832 
        2.0150001000        -0.1700000000         1.0983958685       214.4356139460      -170.5058323804 
        2.0200000000        -0.1700000000         1.0958469171       213.1511153793      -174.3102375832 
        2.0250000000        -0.1700000000         1.0932979656       212.2336164031      -178.1146427861 
        2.0300000000        -0.1700000000         1.0932979656       210.9491178363      -178.1146427861 
        2.0350001000        -0.1700000000         1.0932979656       210.5821182458      -178.1146427861 
        2.0400000000        -0.1700000000         1.0958469171       209.6646192696      -174.3102375832 
        2.0450001000        -0.1700000000         1.1060427230       209.2976196791      -159.0926167719 
        2.0500000000        -0.1700000000         1.0958469171       208.0131211124      -174.3102375832 
        2.0550000000        -0.1700000000         1.1009448200       207.6461215219      -166.7014271776 
        2.0600000000        -0.1700000000         1.0907490141       206.1781231599      -181.9190479889 
        2.0650000000        -0.1700000000         1.0932979656       205.4441239789      -178.1146427861 
        2.0700000000        -0.1700000000         1.0932979656       204.8936245931      -178.1146427861 
        2.0750000000        -0.1700000000         1.0983958685       203.7926258216      -170.5058323804 
        2.0800001000        -0.1700000000         1.1009448200       203.2421264359      -166.7014271776 
        2.0850000000        -0.1700000000         1.0805532081       201.9576278691      -197.1366688002 
        2.0900000000        -0.1700000000         1.1034937715       201.5906282787      -162.8970219747 
        2.0950000000        -0.1700000000         1.0856511111       199.7556303262      -189.5278583946 
        2.1000000000        -0.1700000000         1.0882000626       199.2051309404      -185.7234531917 
        2.1050000000        -0.1700000000         1.0958469171       198.1041321689      -174.3102375832 
        2.1100000000        -0.1700000000         1.0932979656       197.9206323737      -178.1146427861 
        2.1150001000        -0.1700000000         1.0882000626       196.6361338069      -185.7234531917 
        2.1200000000        -0.1700000000         1.0856511111       195.7186348307      -189.5278583946 
        2.1250000000        -0.1700000000         1.0882000626       194.9846356497      -185.7234531917 
        2.1300000000        -0.1700000000         1.0932979656       193.3331374925      -178.1146427861 
        2.1350000000        -0.1700000000         1.0780042567       193.5166372877      -200.9410740030 
        2.1400001000        -0.1700000000         1.0882000626       191.8651391305      -185.7234531917 
        2.1450000000        -0.1700000000         1.0780042567       190.5806405637      -200.9410740030 
        2.1500000000        -0.1700000000         1.0932979656       190.7641403590      -178.1146427861 
        2.1550000000        -0.1700000000         1.0882000626       189.2961419970      -185.7234531917 
        2.1600001000        -0.1700000000         1.0780042567       187.6446438398      -200.9410740030 
        2.1650000000        -0.1700000000         1.0831021596       187.8281436350      -193.3322635974 
        2.1700001000        -0.1700000000         1.0780042567       186.3601452730      -200.9410740030 
        2.1750000000        -0.1700000000         1.0983958685       185.8096458873      -170.5058323804 
        2.1800000000        -0.1700000000         1.0831021596       184.7086471158      -193.3322635974 
        2.1850000000        -0.1700000000         1.0856511111       183.4241485491      -189.5278583946 
        2.1900000000        -0.1700000000         1.0856511111       182.5066495728      -189.5278583946 
        2.1950000000        -0.1700000000         1.0907490141       182.3231497776      -181.9190479889 
        2.2000000000        -0.1700000000         1.0907490141       181.2221510061      -181.9190479889 
        2.2050023000        -0.1700000000         1.0856511111       179.5706528488      -189.5278583946 
        2.2100000000        -0.1700000000         1.0780042567       178.1026544868      -200.9410740030 
        2.2150000000        -0.1700000000         1.0805532081       177.7356548963      -197.1366688002 
        2.2200000000        -0.1700000000         1.0856511111       176.8181559201      -189.5278583946 
        2.2250000000        -0.1700000000         1.0805532081       175.9006569439      -197.1366688002 
        2.2300000000        -0.1700000000         1.0780042567       174.4326585819      -200.9410740030 
        2.2350000000        -0.1700000000         1.0831021596       173.8821591961      -193.3322635974 
        2.2400001000        -0.1700000000         1.0780042567       173.1481600151      -200.9410740030 
        2.2450000000        -0.1700000000         1.0856511111       172.5976606294      -189.5278583946 
        2.2500000000        -0.1700000000         1.0856511111       171.3131620626      -189.5278583946 
        2.2550000000        -0.1700000000         1.0831021596       170.2121632912      -193.3322635974 
        2.2600000000        -0.1700000000         1.0805532081       169.2946643149      -197.1366688002 
        2.2650001000        -0.1700000000         1.0831021596       167.8266659529      -193.3322635974 
        2.2700000000        -0.1700000000         1.0780042567       167.2761665672      -200.9410740030 
        2.2750000000        -0.1700000000         1.0932979656       167.0926667719      -178.1146427861 
        2.2800000000        -0.1700000000         1.0882000626       165.2576688194      -185.7234531917 
        2.2850001000        -0.1700000000         1.0856511111       164.8906692290      -189.5278583946 
        2.2900000000        -0.1700000000         1.0856511111       163.4226708670      -189.5278583946 
        2.2950001000        -0.1700000000         1.0780042567       162.5051718907      -200.9410740030 
        2.3000000000        -0.1700000000         1.0882000626       162.1381723002      -185.7234531917 
        2.3050000000        -0.1700000000         1.0703574022       160.1196745525      -212.3542896115 
        2.3100000000        -0.1700000000         1.0856511111       159.2021755762      -189.5278583946 
        2.3150000000        -0.1700000000         1.0703574022       158.6516761905      -212.3542896115 
        2.3200000000        -0.1700000000         1.0907490141       157.5506774190      -181.9190479889 
        2.3250000000        -0.1700000000         1.0780042567       156.2661788523      -200.9410740030 
        2.3300001000        -0.1700000000         1.0754553052       155.5321796713      -204.7454792059 
        2.3350054000        -0.1700000000         1.0882000626       154.9816802855      -185.7234531917 
        2.3400000000        -0.1700000000         1.0831021596       153.1466823330      -193.3322635974 
        2.3450000000        -0.1700000000         1.0780042567       152.2291833568      -200.9410740030 
        2.3500000000        -0.1700000000         1.0729063537       151.6786839711      -208.5498844087 
        2.3550000000        -0.1700000000         1.0907490141       151.1281845853      -181.9190479889 
        2.3600000000        -0.1700000000         1.0831021596       150.2106856091      -193.3322635974 
        2.3650001000        -0.1700000000         1.0780042567       148.0086880661      -200.9410740030 
        2.3700000000        -0.1700000000         1.0882000626       148.1921878613      -185.7234531917 
        2.3750000000        -0.1700000000         1.0780042567       146.7241894993      -200.9410740030 
        2.3800000000        -0.1700000000         1.0703574022       145.6231907279      -212.3542896115 
        2.3850000000        -0.1700000000         1.0907490141       145.2561911374      -181.9190479889 
        2.3900001000        -0.1700000000         1.0805532081       144.1551923659      -197.1366688002 
        2.3950000000        -0.1700000000         1.0780042567       143.2376933896      -200.9410740030 
        2.4000000000        -0.1700000000         1.0831021596       141.7696950276      -193.3322635974 
        2.4050000000        -0.1700000000         1.0627105477       140.3016966657      -223.7675052200 
        2.4100001000        -0.1700000000         1.0729063537       139.7511972799      -208.5498844087 
        2.4150000000        -0.1700000000         1.0856511111       139.2006978942      -189.5278583946 
        2.4200001000        -0.1700000000         1.0703574022       137.3656999417      -212.3542896115 
        2.4250000000        -0.1700000000         1.0780042567       136.8152005559      -200.9410740030 
        2.4300000000        -0.1700000000         1.0882000626       136.2647011702      -185.7234531917 
        2.4350000000        -0.1700000000         1.0703574022       134.2462034225      -212.3542896115 
        2.4400000000        -0.1700000000         1.0729063537       133.6957040367      -208.5498844087 
        2.4450000000        -0.1700000000         1.0831021596       132.7782050605      -193.3322635974 
        2.4500000000        -0.1700000000         1.0729063537       131.8607060842      -208.5498844087 
        2.4550001000        -0.1700000000         1.0703574022       130.5762075175      -212.3542896115 
        2.4600000000        -0.1700000000         1.0805532081       130.0257081317      -197.1366688002 
        2.4650000000        -0.1700000000         1.0754553052       128.5577097697      -204.7454792059 
        2.4700000000        -0.1700000000         1.0805532081       128.1907101792      -197.1366688002 
        2.4750000000        -0.1700000000         1.0805532081       126.1722124315      -197.1366688002 
        2.4800000000        -0.1700000000         1.0780042567       126.1722124315      -200.9410740030 
        2.4850000000        -0.1700000000         1.0856511111       124.7042140695      -189.5278583946 
        2.4900001000        -0.1700000000         1.0729063537       123.6032152980      -208.5498844087 
        2.4950000000        -0.1700000000         1.0831021596       123.2362157075      -193.3322635974 
        2.5000000000        -0.1700000000         1.0882000626       122.3187167313      -185.7234531917 
        2.5050000000        -0.1700000000         1.0780042567       120.4837187788      -200.9410740030 
        2.5100000000        -0.1700000000         1.0805532081       120.3002189836      -197.1366688002 
        2.5150001000        -0.1700000000         1.0856511111       118.8322206216      -189.5278583946 
        2.5200000000        -0.1700000000         1.0856511111       118.0982214406      -189.5278583946 
        2.5250000000        -0.1700000000         1.0805532081       117.3642222596      -197.1366688002 
        2.5300000000        -0.1700000000         1.0856511111       115.8962238976      -189.5278583946 
        2.5350001000        -0.1700000000         1.0729063537       114.6117253309      -208.5498844087 
        2.5400000000        -0.1700000000         1.0831021596       114.0612259451      -193.3322635974 
        2.5450001000        -0.1700000000         1.0780042567       112.9602271736      -200.9410740030 
        2.5500000000        -0.1700000000         1.0882000626       112.2262279926      -185.7234531917 
        2.5550000000        -0.1700000000         1.0882000626       111.8592284021      -185.7234531917 
        2.5600000000        -0.1700000000         1.0805532081       110.3912300401      -197.1366688002 
        2.5650002000        -0.1700000000         1.0856511111       109.8407306544      -189.5278583946 
        2.5700000000        -0.1700000000         1.0729063537       108.0057327019      -208.5498844087 
        2.5750000000        -0.1700000000         1.0958469171       108.0057327019      -174.3102375832 
        2.5800001000        -0.1700000000         1.0780042567       106.5377343399      -200.9410740030 
        2.5850000000        -0.1700000000         1.0882000626       105.6202353637      -185.7234531917 
        2.5900000000        -0.1700000000         1.0780042567       104.5192365922      -200.9410740030 
        2.5950000000        -0.1700000000         1.0856511111       103.6017376159      -189.5278583946 
        2.6000000000        -0.1700000000         1.0780042567       102.6842386397      -200.9410740030 
        2.6050000000        -0.1700000000         1.0780042567       101.7667396635      -200.9410740030 
        2.6100000000        -0.1700000000         1.0729063537       101.0327404825      -208.5498844087 
        2.6150001000        -0.1700000000         1.0729063537        99.5647421205      -208.5498844087 
        2.6200000000        -0.1700000000         1.0907490141        99.0142427347      -181.9190479889 
        2.6250000000        -0.1700000000         1.1009448200        98.6472431442      -166.7014271776 
        2.6300000000        -0.1700000000         1.0805532081        96.8122451918      -197.1366688002 
        2.6350000000        -0.1700000000         1.0907490141        96.8122451918      -181.9190479889 
        2.6400001000        -0.1700000000         1.0882000626        95.7112464203      -185.7234531917 
        2.6450000000        -0.1700000000         1.0882000626        94.4267478535      -185.7234531917 
        2.6500000000        -0.1700000000         1.0780042567        93.1422492868      -200.9410740030 
        2.6550000000        -0.1700000000         1.0856511111        92.4082501058      -189.5278583946 
        2.6600001000        -0.1700000000         1.0780042567        91.6742509248      -200.9410740030 
        2.6650000000        -0.1700000000         1.0907490141        90.7567519486      -181.9190479889 
        2.6700001000        -0.1700000000         1.0831021596        90.2062525628      -193.3322635974 
        2.6750000000        -0.1700000000         1.0983958685        89.4722533818      -170.5058323804 
        2.6800000000        -0.1700000000         1.0856511111        88.5547544056      -189.5278583946 
        2.6850000000        -0.1700000000         1.0882000626        87.0867560436      -185.7234531917 
        2.6900000000        -0.1700000000         1.0831021596        86.1692570673      -193.3322635974 
        2.6950000000        -0.1700000000         1.0882000626        85.0682582958      -185.7234531917 
        2.7000000000        -0.1700000000         1.0805532081        84.8847585006      -197.1366688002 
        2.7050001000        -0.1700000000         1.0882000626        84.1507593196      -185.7234531917 
        2.7100000000        -0.1700000000         1.0882000626        82.4992611624      -185.7234531917 
        2.7150000000        -0.1700000000         1.0805532081        81.3982623909      -197.1366688002 
        2.7200000000        -0.1700000000         1.0958469171        81.2147625956      -174.3102375832 
        2.7250000000        -0.1700000000         1.0882000626        80.1137638241      -185.7234531917 
        2.7300000000        -0.1700000000         1.0780042567        78.2787658717      -200.9410740030 
        2.7350000000        -0.1700000000         1.0856511111        77.1777671002      -189.5278583946 
        2.7400001000        -0.1700000000         1.0780042567        76.2602681239      -200.9410740030 
        2.7450000000        -0.1700000000         1.0932979656        76.8107675097      -178.1146427861 
        2.7500000000        -0.1700000000         1.0907490141        75.7097687382      -181.9190479889 
        2.7550000000        -0.1700000000         1.0882000626        74.0582705809      -185.7234531917 
        2.7600000000        -0.1700000000         1.0780042567        73.3242713999      -200.9410740030 
        2.7650001000        -0.1700000000         1.0882000626        71.8562730380      -185.7234531917 
        2.7700000000        -0.1700000000         1.0856511111        71.8562730380      -189.5278583946 
        2.7750000000        -0.1700000000         1.0805532081        70.3882746760      -197.1366688002 
        2.7800000000        -0.1700000000         1.0780042567        68.9202763140      -200.9410740030 
        2.7850001000        -0.1700000000         1.0882000626        69.2872759045      -185.7234531917 
        2.7900000000        -0.1700000000         1.0856511111        67.6357777472      -189.5278583946 
        2.7950001000        -0.1700000000         1.0882000626        67.2687781567      -185.7234531917 
        2.8000000000        -0.1700000000         1.0882000626        66.1677793853      -185.7234531917 
        2.8050000000        -0.1700000000         1.0780042567        64.8832808185      -200.9410740030 
        2.8100019000        -0.1700000000         1.0754553052        63.5987822518      -204.7454792059 
        2.8150000000        -0.1700000000         1.0754553052        62.4977834803      -204.7454792059 
        2.8200000000        -0.1700000000         1.0780042567        61.9472840945      -200.9410740030 
        2.8250000000        -0.1700000000         1.0805532081        61.0297851183      -197.1366688002 
        2.8300001000        -0.1700000000         1.0780042567        59.9287863468      -200.9410740030 
        2.8350000000        -0.1700000000         1.0932979656        59.5617867563      -178.1146427861 
        2.8400000000        -0.1700000000         1.0780042567        58.2772881896      -200.9410740030 
        2.8450000000        -0.1700000000         1.0831021596        56.9927896228      -193.3322635974 
        2.8500000000        -0.1700000000         1.0729063537        55.7082910561      -208.5498844087 
        2.8550000000        -0.1700000000         1.0831021596        55.1577916703      -193.3322635974 
        2.8600000000        -0.1700000000         1.0729063537        54.0567928989      -208.5498844087 
        2.8650001000        -0.1700000000         1.0882000626        53.6897933084      -185.7234531917 
        2.8700000000        -0.1700000000         1.0754553052        52.2217949464      -204.7454792059 
        2.8750000000        -0.1700000000         1.0932979656        52.0382951511      -178.1146427861 
        2.8800000000        -0.1700000000         1.0856511111        50.3867969939      -189.5278583946 
        2.8850000000        -0.1700000000         1.0907490141        50.0197974034      -181.9190479889 
        2.8900001000        -0.1700000000         1.0882000626        48.9187986319      -185.7234531917 
        2.8950000000        -0.1700000000         1.0703574022        47.0838006794      -212.3542896115 
        2.9000000000        -0.1700000000         1.0856511111        47.2673004747      -189.5278583946 
        2.9050000000        -0.1700000000         1.0882000626        45.6158023174      -185.7234531917 
        2.9100001000        -0.1700000000         1.0780042567        44.3313037507      -200.9410740030 
        2.9150000000        -0.1700000000         1.0856511111        43.7808043649      -189.5278583946 
        2.9200001000        -0.1700000000         1.0754553052        42.8633053887      -204.7454792059 
        2.9250000000        -0.1700000000         1.0958469171        42.3128060029      -174.3102375832 
        2.9300000000        -0.1700000000         1.0856511111        41.0283074362      -189.5278583946 
        2.9350000000        -0.1700000000         1.0907490141        39.3768092790      -181.9190479889 
        2.9400000000        -0.1700000000         1.0729063537        38.8263098932      -208.5498844087 
        2.9450000000        -0.1700000000         1.0958469171        38.6428100980      -174.3102375832 
        2.9500000000        -0.1700000000         1.0983958685        37.7253111217      -170.5058323804 
        2.9550001000        -0.1700000000         1.0882000626        36.4408125550      -185.7234531917 
        2.9600000000        -0.1700000000         1.0805532081        35.5233135788      -197.1366688002 
        2.9650000000        -0.1700000000         1.0856511111        34.0553152168      -189.5278583946 
        2.9700000000        -0.1700000000         1.0805532081        32.9543164453      -197.1366688002 
        2.9750000000        -0.1700000000         1.0780042567        32.2203172643      -200.9410740030 
        2.9800000000        -0.1700000000         1.0882000626        31.4863180833      -185.7234531917 
        2.9850000000        -0.1700000000         1.0831021596        30.3853193118      -193.3322635974 
        2.9900001000        -0.1700000000         1.0882000626        30.3853193118      -185.7234531917 
        2.9950000000        -0.1700000000         1.0882000626        29.1008207451      -185.7234531917 
        3.0000000000        -0.1700000000         1.0882000626        28.1833217688      -185.7234531917 
        3.0050000000        -0.1700000000         1.0856511111        26.5318236116      -189.5278583946 
        3.0100000000        -0.1700000000         1.0856511111        25.6143246353      -189.5278583946 
        3.0150001000        -0.1700000000         1.0958469171        25.2473250448      -174.3102375832 
        3.0200000000        -0.1700000000         1.0780042567        24.1463262733      -200.9410740030 
        3.0250000000        -0.1700000000         1.0958469171        23.9628264781      -174.3102375832 
        3.0300018000        -0.1700000000         1.1009448200        22.4948281161      -166.7014271776 
        3.0350001000        -0.1700000000         1.0780042567        21.2103295494      -200.9410740030 
        3.0400063000        -0.1700000000         1.0882000626        20.2928305731      -185.7234531917 
        3.0450001000        -0.1700000000         1.0932979656        19.5588313921      -178.1146427861 
        3.0500000000        -0.1700000000         1.1085916745        18.8248322111      -155.2882115691 
        3.0550100000        -0.1700000000         1.1009448200        18.4578326206      -166.7014271776 
        3.0600000000        -0.1700000000         1.1034937715        16.8063344634      -162.8970219747 
        3.0650021000        -0.1700000000         1.0882000626        16.4393348729      -185.7234531917 
        3.0700000000        -0.1700000000         1.0983958685        15.5218358967      -170.5058323804 
        3.0750000000        -0.1700000000         1.1009448200        15.3383361014      -166.7014271776 
        3.0800001000        -0.1700000000         1.1060427230        14.4208371252      -159.0926167719 
        3.0850000000        -0.1700000000         1.0932979656        12.9528387632      -178.1146427861 
        3.0900000000        -0.1700000000         1.0932979656        11.8518399917      -178.1146427861 
        3.0950000000        -0.1700000000         1.1009448200        10.9343410155      -166.7014271776 
        3.1000000000        -0.1700000000         1.0882000626        10.2003418345      -185.7234531917 
        3.1050000000        -0.1700000000         1.0983958685         8.9158432677      -170.5058323804 
        3.1100000000        -0.1700000000         1.0983958685         8.5488436772      -170.5058323804 
        3.1150001000        -0.1700000000         1.0958469171         7.2643451105      -174.3102375832 
        3.1200000000        -0.1700000000         1.0907490141         6.5303459295      -181.9190479889 
        3.1250000000        -0.1700000000         1.0983958685         5.6128469532      -170.5058323804 
        3.1300000000        -0.1700000000         1.0983958685         5.7963467485      -170.5058323804 
        3.1350000000        -0.1700000000         1.1060427230         4.5118481818      -159.0926167719 
        3.1400001000        -0.1700000000         1.0907490141         3.5943492055      -181.9190479889 
        3.1450000000        -0.1700000000         1.0907490141         2.3098506388      -181.9190479889 
        3.1500000000        -0.1700000000         1.0907490141         1.3923516625      -181.9190479889 
        3.1550000000        -0.1700000000         1.1009448200         1.2088518673      -166.7014271776 
        3.1600001000        -0.1700000000         1.0932979656         0.8418522768      -178.1146427861 
        3.1650000000        -0.1700000000         1.0983958685        -0.2591464947      -170.5058323804 
        3.1700001000        -0.1700000000         1.1111406260         0.1078530958      -151.4838063663 
        3.1750000000        -0.1700000000         1.1085916745         0.6583524815      -155.2882115691 
        3.1800000000        -0.1700000000         1.1060427230         0.2913528910      -159.0926167719 
        3.1850000000        -0.1700000000         1.1009448200         0.2913528910      -166.7014271776 
        3.1900000000        -0.1700000000         1.1009448200        -0.4426462900      -166.7014271776 
        3.1950000000        -0.1700000000         1.0983958685         0.6583524815      -170.5058323804 
        3.2000000000        -0.1700000000         1.1111406260         0.4748526863      -151.4838063663 
        3.2050001000        -0.1700000000         1.0932979656        -0.4426462900      -178.1146427861 
        3.2100000000        -0.1700000000         1.0983958685        -0.2591464947      -170.5058323804 
        3.2150000000        -0.1700000000         1.0983958685         0.4748526863      -170.5058323804 
        3.2200000000        -0.1700000000         1.1085916745        79.9302640289      -155.2882115691 
        3.2250000000        -0.1700000000         1.0882000626        79.7467642336      -185.7234531917 
        3.2300000000        -0.1700000000         1.1034937715        80.4807634146      -162.8970219747 
        3.2350000000        -0.1700000000         1.0882000626        79.7467642336      -185.7234531917 
        3.2400001000        -0.1700000000         1.0983958685        79.5632644384      -170.5058323804 
        3.2450000000        -0.1700000000         1.0907490141       359.0334526019      -181.9190479889 
        3.2500000000        -0.1700000000         1.1034937715       359.7674517829      -162.8970219747 
        3.2550000000        -0.1700000000         1.0907490141       359.2169523971      -181.9190479889 
        3.2600000000        -0.1700000000         1.1111406260       360.3179511686      -151.4838063663 
        3.2650001000        -0.1700000000         1.0958469171       359.9509515781      -174.3102375832 
        3.2700000000        -0.1700000000         1.1085916745       360.1344513734      -155.2882115691 
        3.2750000000        -0.1700000000         1.1085916745       360.5014509639      -155.2882115691 
        3.2800000000        -0.1700000000         1.0983958685       359.9509515781      -170.5058323804 
        3.2850001000        -0.1700000000         1.1034937715       359.9509515781      -162.8970219747 
        3.2900000000        -0.1700000000         1.1009448200       360.3179511686      -166.7014271776 
        3.2950149000        -0.1700000000         1.1060427230       359.7674517829      -159.0926167719 
        3.3000000000        -0.1700000000         1.0882000626       358.8499528066      -185.7234531917 
        3.3050000000        -0.1700000000         1.1085916745       358.2994534209      -155.2882115691 
        3.3100000000        -0.1700000000         1.0983958685       357.3819544446      -170.5058323804 
        3.3150000000        -0.1700000000         1.0983958685       356.4644554684      -170.5058323804 
        3.3200000000        -0.1700000000         1.1111406260       355.7304562874      -151.4838063663 
        3.3250000000        -0.1700000000         1.1060427230       355.5469564922      -159.0926167719 
        3.3300001000        -0.1700000000         1.0983958685       353.7119585397      -170.5058323804 
        3.3350000000        -0.1700000000         1.0932979656       352.4274599729      -178.1146427861 
        3.3400000000        -0.1700000000         1.1060427230       352.6109597682      -159.0926167719 
        3.3450000000        -0.1700000000         1.1009448200       351.3264612014      -166.7014271776 
        3.3500000000        -0.1700000000         1.1060427230       350.4089622252      -159.0926167719 
        3.3550000000        -0.1700000000         1.0932979656       349.6749630442      -178.1146427861 
        3.3600000000        -0.1700000000         1.0983958685       348.3904644775      -170.5058323804 
        3.3650001000        -0.1700000000         1.0856511111       347.2894657060      -189.5278583946 
        3.3700000000        -0.1700000000         1.1060427230       347.4729655012      -159.0926167719 
        3.3750000000        -0.1700000000         1.0932979656       345.6379675487      -178.1146427861 
        3.3800000000        -0.1700000000         1.0882000626       344.7204685725      -185.7234531917 
        3.3850000000        -0.1700000000         1.0907490141       343.8029695962      -181.9190479889 
        3.3900001000        -0.1700000000         1.1009448200       343.9864693915      -166.7014271776 
        3.3950000000        -0.1700000000         1.1009448200       342.1514714390      -166.7014271776 
        3.4000000000        -0.1700000000         1.1060427230       342.1514714390      -159.0926167719 
        3.4050000000        -0.1700000000         1.1009448200       340.4999732818      -166.7014271776 
        3.4100001000        -0.1700000000         1.1136895775       339.7659741008      -147.6794011634 
        3.4150000000        -0.1700000000         1.0958469171       339.2154747150      -174.3102375832 
        3.4200001000        -0.1700000000         1.1111406260       338.6649753293      -151.4838063663 
        3.4250000000        -0.1700000000         1.0958469171       337.3804767625      -174.3102375832 
        3.4300000000        -0.1700000000         1.1009448200       336.6464775816      -166.7014271776 
        3.4350000000        -0.1700000000         1.1034937715       335.7289786053      -162.8970219747 
        3.4400000000        -0.1700000000         1.1111406260       335.3619790148      -151.4838063663 
        3.4450000000        -0.1700000000         1.0932979656       333.7104808576      -178.1146427861 
        3.4500000000        -0.1700000000         1.1060427230       333.1599814718      -159.0926167719 
        3.4550001000        -0.1700000000         1.0958469171       331.8754829051      -174.3102375832 
        3.4600000000        -0.1700000000         1.1009448200       331.5084833146      -166.7014271776 
        3.4650000000        -0.1700000000         1.1009448200       330.2239847479      -166.7014271776 
        3.4700000000        -0.1700000000         1.0932979656       330.4074845431      -178.1146427861 
        3.4750000000        -0.1700000000         1.1060427230       328.9394861811      -159.0926167719 
        3.4800000000        -0.1700000000         1.1060427230       328.2054870001      -159.0926167719 
        3.4850000000        -0.1700000000         1.1034937715       327.4714878191      -162.8970219747 
        3.4900001000        -0.1700000000         1.0983958685       326.5539888429      -170.5058323804 
        3.4950000000        -0.1700000000         1.1060427230       325.8199896619      -159.0926167719 
        3.5000000000        -0.1700000000         1.0983958685       324.7189908904      -170.5058323804 
        3.5050000000        -0.1700000000         1.1009448200       323.4344923237      -166.7014271776 
        3.5100000000        -0.1700000000         1.0907490141       323.2509925284      -181.9190479889 
        3.5150001000        -0.1700000000         1.1009448200       321.7829941664      -166.7014271776 
        3.5200000000        -0.1700000000         1.1060427230       321.5994943712      -159.0926167719 
        3.5250000000        -0.1700000000         1.1009448200       320.3149958044      -166.7014271776 
        3.5300000000        -0.1700000000         1.1009448200       319.2139970329      -166.7014271776 
        3.5350001000        -0.1700000000         1.1009448200       318.8469974424      -166.7014271776 
        3.5400000000        -0.1700000000         1.1009448200       318.2964980567      -166.7014271776 
        3.5450001000        -0.1700000000         1.1111406260       317.9294984662      -151.4838063663 
        3.5500000000        -0.1700000000         1.1085916745       317.0119994900      -155.2882115691 
        3.5550000000        -0.1700000000         1.1060427230       316.2780003090      -159.0926167719 
        3.5600000000        -0.1700000000         1.1034937715       314.8100019470      -162.8970219747 
        3.5650000000        -0.1700000000         1.1009448200       314.0760027660      -166.7014271776 
        3.5700000000        -0.1700000000         1.0932979656       312.7915041992      -178.1146427861 
        3.5750012000        -0.1700000000         1.0958469171       312.4245046088      -174.3102375832 
        3.5800001000        -0.1700000000         1.0907490141       311.1400060420      -181.9190479889 
        3.5850000000        -0.1700000000         1.1111406260       311.3235058373      -151.4838063663 
        3.5900000000        -0.1700000000         1.0882000626       310.0390072705      -185.7234531917 
        3.5950000000        -0.1700000000         1.1034937715       308.9380084990      -162.8970219747 
        3.6000000000        -0.1700000000         1.1034937715       308.2040093180      -162.8970219747 
        3.6050000000        -0.1700000000         1.0983958685       306.9195107513      -170.5058323804 
        3.6100000000        -0.1700000000         1.0932979656       306.0020117751      -178.1146427861 
        3.6150001000        -0.1700000000         1.0983958685       305.8185119798      -170.5058323804 
        3.6200000000        -0.1700000000         1.1060427230       305.2680125941      -159.0926167719 
        3.6250000000        -0.1700000000         1.1034937715       304.1670138226      -162.8970219747 
        3.6300004000        -0.1700000000         1.0932979656       303.6165144368      -178.1146427861 
        3.6350000000        -0.1700000000         1.1111406260       302.6990154606      -151.4838063663 
        3.6400001000        -0.1700000000         1.0932979656       301.4145168938      -178.1146427861 
        3.6450000000        -0.1700000000         1.1111406260       301.2310170986      -151.4838063663 
        3.6500000000        -0.1700000000         1.0907490141       299.7630187366      -181.9190479889 
        3.6550000000        -0.1700000000         1.1009448200       299.0290195556      -166.7014271776 
        3.6600001000        -0.1700000000         1.0907490141       297.7445209889      -181.9190479889 
        3.6650000000        -0.1700000000         1.1060427230       297.7445209889      -159.0926167719 
        3.6700001000        -0.1700000000         1.0958469171       295.9095230364      -174.3102375832 
        3.6750000000        -0.1700000000         1.0958469171       295.1755238554      -174.3102375832 
        3.6800000000        -0.1700000000         1.0983958685       294.2580248791      -170.5058323804 
        3.6850031000        -0.1700000000         1.0983958685       293.8910252887      -170.5058323804 
        3.6900000000        -0.1700000000         1.0958469171       293.5240256982      -174.3102375832 
        3.6950000000        -0.1700000000         1.1009448200       292.0560273362      -166.7014271776 
        3.7000000000        -0.1700000000         1.0983958685       291.1385283599      -170.5058323804 
        3.7050001000        -0.1700000000         1.1085916745       290.5880289742      -155.2882115691 
        3.7100000000        -0.1700000000         1.0805532081       289.3035304074      -197.1366688002 
        3.7150000000        -0.1700000000         1.1060427230       288.7530310217      -159.0926167719 
        3.7200000000        -0.1700000000         1.0907490141       288.3860314312      -181.9190479889 
        3.7250000000        -0.1700000000         1.0983958685       286.7345332740      -170.5058323804 
        3.7300000000        -0.1700000000         1.0856511111       286.1840338882      -189.5278583946 
        3.7350000000        -0.1700000000         1.1111406260       285.8170342977      -151.4838063663 
        3.7400001000        -0.1700000000         1.1009448200       285.0830351167      -166.7014271776 
        3.7450000000        -0.1700000000         1.1009448200       283.9820363452      -166.7014271776 
        3.7500000000        -0.1700000000         1.0958469171       283.2480371642      -174.3102375832 
        3.7550000000        -0.1700000000         1.1136895775       282.5140379832      -147.6794011634 
        3.7600000000        -0.1700000000         1.0932979656       281.0460396213      -178.1146427861 
        3.7650001000        -0.1700000000         1.0932979656       279.7615410545      -178.1146427861 
        3.7700000000        -0.1700000000         1.1085916745       279.7615410545      -155.2882115691 
        3.7750000000        -0.1700000000         1.0983958685       278.6605422830      -170.5058323804 
        3.7800000000        -0.1700000000         1.1085916745       278.2935426925      -155.2882115691 
        3.7850001000        -0.1700000000         1.0882000626       276.4585447400      -185.7234531917 
        3.7900000000        -0.1700000000         1.1060427230       276.0915451495      -159.0926167719 
        3.7950001000        -0.1700000000         1.0907490141       275.1740461733      -181.9190479889 
        3.8000000000        -0.1700000000         1.1034937715       274.4400469923      -162.8970219747 
        3.8050000000        -0.1700000000         1.1009448200       273.7060478113      -166.7014271776 
        3.8100000000        -0.1700000000         1.1085916745       273.5225480161      -155.2882115691 
        3.8150000000        -0.1700000000         1.1060427230       271.8710498588      -159.0926167719 
        3.8200000000        -0.1700000000         1.0932979656       270.7700510873      -178.1146427861 
        3.8250000000        -0.1700000000         1.0983958685       270.4030514968      -170.5058323804 
        3.8300001000        -0.1700000000         1.0882000626       269.3020527254      -185.7234531917 
        3.8350000000        -0.1700000000         1.0907490141       268.2010539539      -181.9190479889 
        3.8400000000        -0.1700000000         1.1034937715       267.8340543634      -162.8970219747 
        3.8450000000        -0.1700000000         1.0932979656       267.6505545681      -178.1146427861 
        3.8500000000        -0.1700000000         1.1034937715       266.1825562061      -162.8970219747 
        3.8550000000        -0.1700000000         1.0983958685       265.6320568204      -170.5058323804 
        3.8600000000        -0.1700000000         1.1085916745       264.8980576394      -155.2882115691 
        3.8650001000        -0.1700000000         1.1034937715       263.6135590726      -162.8970219747 
        3.8700000000        -0.1700000000         1.0983958685       262.5125603012      -170.5058323804 
        3.8750000000        -0.1700000000         1.0932979656       261.9620609154      -178.1146427861 
        3.8800000000        -0.1700000000         1.1009448200       261.0445619392      -166.7014271776 
        3.8850000000        -0.1700000000         1.1009448200       260.3105627582      -166.7014271776 
        3.8900001000        -0.1700000000         1.0983958685       259.5765635772      -170.5058323804 
        3.8950080000        -0.1700000000         1.1085916745       258.6590646009      -155.2882115691 
        3.9000000000        -0.1700000000         1.0907490141       257.3745660342      -181.9190479889 
        3.9050000000        -0.1700000000         1.0958469171       257.0075664437      -174.3102375832 
        3.9100001000        -0.1700000000         1.0983958685       256.0900674675      -170.5058323804 
        3.9150000000        -0.1700000000         1.0983958685       255.3560682865      -170.5058323804 
        3.9200001000        -0.1700000000         1.1111406260       254.9890686960      -151.4838063663 
        3.9250000000        -0.1700000000         1.0958469171       253.5210703340      -174.3102375832 
        3.9300000000        -0.1700000000         1.1111406260       253.3375705387      -151.4838063663 
        3.9350000000        -0.1700000000         1.0983958685       252.0530719720      -170.5058323804 
        3.9400000000        -0.1700000000         1.1060427230       251.6860723815      -159.0926167719 
        3.9450000000        -0.1700000000         1.0983958685       250.4015738148      -170.5058323804 
        3.9500000000        -0.1700000000         1.0780042567       249.1170752480      -200.9410740030 
        3.9550001000        -0.1700000000         1.0907490141       248.0160764765      -181.9190479889 
        3.9600000000        -0.1700000000         1.0907490141       247.2820772955      -181.9190479889 
        3.9650000000        -0.1700000000         1.1009448200       247.4655770908      -166.7014271776 
        3.9700000000        -0.1700000000         1.1111406260       246.7315779098      -151.4838063663 
        3.9750000000        -0.1700000000         1.0882000626       245.2635795478      -185.7234531917 
        3.9800000000        -0.1700000000         1.1034937715       243.9790809811      -162.8970219747 
        3.9850000000        -0.1700000000         1.0932979656       243.9790809811      -178.1146427861 
        3.9900001000        -0.1700000000         1.1060427230       243.2450818001      -159.0926167719 
        3.9950000000        -0.1700000000         1.0907490141       241.4100838476      -181.9190479889 
