            V_cmd[V] \omega_{gyro_avg}[deg/s] 
        1.5000000000      -923.5726246596 
        1.5200000000      -912.0167438561 
        1.5400000000      -890.3791892650 
        1.5600000000      -866.3829034481 
        1.5800000000      -844.2793092197 
        1.6000000000      -827.2736179630 
        1.6200000000      -805.4077990598 
        1.6400000000      -792.6249975783 
        1.6600000000      -761.8188264484 
        1.6800000000      -737.6037873323 
        1.7000000000      -720.7883163358 
        1.7200000000      -711.4199685239 
        1.7400000000      -670.7413658926 
        1.7600000000      -649.1418553536 
        1.7800000000      -645.3850052158 
        1.8000000000      -609.3287549059 
        1.8200000000      -589.3461165781 
        1.8400000000      -567.1474122196 
        1.8600000000      -538.6999723154 
        1.8800000000      -504.8217439842 
        1.9000000000      -482.7752158338 
        1.9200000000      -469.6500178841 
        1.9400000000      -456.5153089213 
        1.9600000000      -430.1793139047 
        1.9800000000      -413.9535257147 
        2.0000000000      -392.1162398504 
        2.0200000000      -349.5925006958 
        2.0400000000      -316.6083075873 
        2.0600000000      -299.9545238119 
        2.0800000000      -251.6195557099 
        2.1000000000      -230.0866222619 
        2.1200000000      -204.0835127006 
        2.1400000000      -183.2163501631 
        2.1600000000      -168.2650377159 
        2.1800000000      -134.9669811782 
        2.2000000000       -93.1565679991 
        2.2200000000       -76.3506080156 
        2.2400000000        -1.6035567930 
        2.2600000000        -0.8997418305 
        2.2800000000        -1.0709400646 
        2.7200000000        -1.7367109751 
        2.7400000000        -1.5560017280 
        2.7600000000        -0.3005480110 
        2.7800000000        78.6123269087 
        2.8000000000       102.7417669076 
        2.8200000000       146.6350919352 
        2.8400000000       178.8298709642 
        2.8600000000       200.1820951651 
        2.8800000000       224.0262047738 
        2.9000000000       245.0550545324 
        2.9200000000       295.0544499106 
        2.9400000000       306.6673967923 
        2.9600000000       336.1230040752 
        2.9800000000       368.7648007154 
        3.0000000000       404.6688748171 
        3.0200000000       423.1297510639 
        3.0400000000       443.6640281461 
        3.0600000000       468.2880408214 
        3.0800000000       499.7885159009 
        3.1000000000       521.0075859197 
        3.1200000000       547.6194003134 
        3.1400000000       573.3657125236 
        3.1600000000       603.9531303543 
        3.1800000000       622.7564030693 
        3.2000000000       645.0787505969 
        3.2200000000       673.2313490979 
        3.2400000000       703.0769079141 
        3.2600000000       711.9982381147 
        3.2800000000       745.3818937695 
        3.3000000000       791.2535095026 
        3.3200000000       806.7184166521 
        3.3400000000       820.1289449921 
        3.3600000000       844.6007814593 
        3.3800000000       858.3537062675 
        3.4000000000       873.6949702479 
        3.4200000000       890.1395117372 
        3.4400000000       905.9087713029 
        3.4600000000       929.7528809116 
        3.4800000000       946.3020435439 
        3.5000000000       959.0087569214 
