            V_cmd[V] \omega_{gyro_avg}[deg/s] 
        1.5000000000      -876.1412027934 
        1.5200000000      -855.5879036851 
        1.5400000000      -841.5591594997 
        1.5600000000      -825.9991422201 
        1.5800000000      -810.9336976169 
        1.6000000000      -795.2975922332 
        1.6200000000      -764.9003946626 
        1.6400000000      -752.9926063778 
        1.6600000000      -724.6022325517 
        1.6800000000      -716.3942283266 
        1.7000000000      -688.5840262939 
        1.7200000000      -663.0184233309 
        1.7400000000      -636.6634062883 
        1.7600000000      -620.5993053193 
        1.7800000000      -603.0229532823 
        1.8000000000      -582.2984559398 
        1.8200000000      -548.3251174786 
        1.8400000000      -524.5951400259 
        1.8600000000      -503.6328673583 
        1.8800000000      -486.1040703863 
        1.9000000000      -463.0018197921 
        1.9200000000      -458.7599079910 
        1.9400000000      -421.8286444845 
        1.9600000000      -408.2944729754 
        1.9800000000      -383.2234426888 
        2.0000000000      -359.2556899110 
        2.0200000000      -344.4755756980 
        2.0400000000      -319.8705850487 
        2.0600000000      -268.4445377194 
        2.0800000000      -259.7039167659 
        2.1000000000      -225.5688910836 
        2.1200000000      -205.1582571704 
        2.1400000000      -159.1534872552 
        2.1600000000      -145.9712232274 
        2.1800000000      -124.0768712851 
        2.2000000000       -76.3791410546 
        2.2200000000       -56.1016613235 
        2.2400000000        -1.6130678060 
        2.2600000000        -1.2706713377 
        2.2800000000        -1.4608915979 
        2.7200000000        -1.8698651572 
        2.7400000000        -1.4989356499 
        2.7600000000        -1.5560017280 
        2.7800000000        -1.0899620906 
        2.8000000000        94.4671855914 
        2.8200000000       143.4489025779 
        2.8400000000       174.1028974997 
        2.8600000000       196.6249763004 
        2.8800000000       232.8524248444 
        2.9000000000       250.2100235823 
        2.9200000000       291.2215116688 
        2.9400000000       311.1565949316 
        2.9600000000       344.1407880401 
        2.9800000000       372.5406728792 
        3.0000000000       397.2788177106 
        3.0200000000       434.4288345163 
        3.0400000000       459.2430674517 
        3.0600000000       472.5489746486 
        3.0800000000       501.0915246828 
        3.1000000000       524.8119911225 
        3.1200000000       556.1317569548 
        3.1400000000       576.0383071786 
        3.1600000000       594.2233640481 
        3.1800000000       621.4248612483 
        3.2000000000       646.3722483659 
        3.2200000000       675.0003975172 
        3.2400000000       699.8621855177 
        3.2600000000       727.0446606919 
        3.2800000000       733.0651319254 
        3.3000000000       750.5463738324 
        3.3200000000       764.3944087707 
        3.3400000000       784.5197122936 
        3.3600000000       796.9981613589 
        3.3800000000       816.3245397893 
        3.4000000000       839.8357639428 
        3.4200000000       862.2151775484 
        3.4400000000       879.1638027270 
        3.4600000000       889.2835205665 
        3.4800000000       898.4711591314 
        3.5000000000       912.2050619136 
