              V_c[V] \omega_{gyro_avg}[deg/s] 
        2.0000000000      -368.2283795818 
        2.0200000000      -349.9824522291 
        2.0400000000      -332.4593618648 
        2.0600000000      -289.9261116972 
        2.0800000000      -264.2615941989 
        2.1000000000      -234.5339719440 
        2.1200000000      -212.7803829942 
        2.1400000000      -190.5322213681 
        2.1600000000      -179.2787907781 
        2.1800000000      -157.9284687799 
        2.2000000000      -124.2290474932 
        2.2200000000       -98.2753951995 
        2.2400000000       -80.6990431624 
        2.2600000000       -60.1400374463 
        2.2800000000       -38.6984097232 
        2.3000000000         0.3728317099 
        2.3200000000        -0.6391400741 
        2.3400000000        -0.6163136429 
        2.3600000000        -0.4641374347 
        2.3800000000        -0.4108757619 
        2.4000000000        -0.3956581411 
        2.4200000000        -0.4869638660 
        2.4400000000        -0.3652228995 
        2.4600000000        -0.3271788474 
        2.4800000000         0.2054378810 
        2.5200000000        -0.5173991076 
        2.5400000000        -1.3467594418 
        2.5600000000        -0.1065233457 
        2.5800000000        -0.3576140891 
        2.6000000000        -0.6467488845 
        2.6200000000        -0.1978290705 
        2.6400000000         0.0076088104 
        2.6600000000        -0.4489198139 
        2.6800000000        -0.1445673977 
        2.7000000000        -0.4793550556 
        2.7200000000        54.8138701624 
        2.7400000000        52.8279706465 
        2.7600000000        77.6098661377 
        2.7800000000       107.2766179094 
        2.8000000000       132.7433063371 
        2.8200000000       157.9056423486 
        2.8400000000       191.0267940445 
        2.8600000000       202.0823955639 
        2.8800000000       220.9598541803 
        2.9000000000       232.1524142870 
        2.9200000000       265.0148664291 
        2.9400000000       291.5315706928 
        2.9600000000       316.8460829124 
        2.9800000000       344.8997668781 
        3.0000000000       364.4315831894 
