           Time[sec] \omega_{gyro}[deg/sec] 
        0.0000000000         0.2417515012 
        0.0050001000         7.8505619068 
        0.0100000000        -3.5626537017 
        0.0150000000        -3.5626537017 
        0.0200000000       -14.9758693101 
        0.0250000000       -30.1934901215 
        0.0300001000       -18.7802745130 
        0.0350000000       -18.7802745130 
        0.0400000000        -7.3670589045 
        0.0450001000        11.6549671097 
        0.0500000000        15.4593723125 
        0.0550000000       -14.9758693101 
        0.0600001000       -18.7802745130 
        0.0650000000      -444.8736572298 
        0.0700000000     -1129.6665937391 
        0.0750000000      -992.7080064373 
        0.0800000000      -992.7080064373 
        0.0850001000      -947.0551440033 
        0.0900000000      -928.0331179892 
        0.0950000000      -905.2066867722 
        0.1000001000      -870.9670399467 
        0.1050000000      -836.7273931213 
        0.1100000000      -806.2921514986 
        0.1150001000      -783.4657202816 
        0.1200000000      -791.0745306873 
        0.1250000000      -756.8348838618 
        0.1300001000      -764.4436942675 
        0.1350000000      -916.6199023807 
        0.1400000000     -1023.1432480599 
        0.1450000000     -1000.3168168429 
        0.1500000000     -1000.3168168429 
        0.1550001000      -973.6859804231 
        0.1600000000      -977.4903856259 
        0.1650000000      -977.4903856259 
        0.1700001000     -1000.3168168429 
        0.1750000000     -1007.9256272486 
        0.1800001000     -1019.3388428571 
        0.1850001000     -1007.9256272486 
        0.1900000000     -1023.1432480599 
        0.1950000000     -1042.1652740740 
        0.2000000000     -1053.5784896825 
        0.2050000000     -1026.9476532627 
        0.2100001000     -1034.5564636684 
        0.2150000000     -1053.5784896825 
        0.2200000000     -1038.3608688712 
        0.2250001000     -1030.7520584655 
        0.2300000000     -1030.7520584655 
        0.2350000000     -1061.1873000882 
        0.2400001000     -1072.6005156967 
        0.2450000000     -1095.4269469136 
        0.2500000000     -1084.0137313052 
        0.2550001000     -1068.7961104938 
        0.2600000000     -1080.2093261023 
        0.2650000000     -1091.6225417108 
        0.2700000000     -1110.6445677250 
        0.2750000000     -1103.0357573193 
        0.2800001000     -1084.0137313052 
        0.2850000000     -1091.6225417108 
        0.2900001000     -1110.6445677250 
        0.2950001000     -1114.4489729278 
        0.3000000000     -1114.4489729278 
        0.3050000000     -1129.6665937391 
        0.3100001000     -1122.0577833334 
        0.3150000000     -1122.0577833334 
        0.3200000000     -1118.2533781306 
        0.3250000000     -1110.6445677250 
        0.3300000000     -1125.8621885363 
        0.3350001000     -1122.0577833334 
        0.3400000000     -1125.8621885363 
        0.3450000000     -1144.8842145504 
        0.3500001000     -1141.0798093476 
        0.3550001000     -1129.6665937391 
        0.3600000000     -1133.4709989419 
        0.3650001000     -1125.8621885363 
        0.3700000000     -1129.6665937391 
        0.3750000000     -1133.4709989419 
        0.3800001000     -1152.4930249561 
        0.3850000000     -1160.1018353617 
        0.3900000000     -1171.5150509702 
        0.3950000000     -1163.9062405646 
        0.4000000000     -1152.4930249561 
        0.4050001000     -1152.4930249561 
        0.4100000000     -1144.8842145504 
        0.4150001000     -1156.2974301589 
        0.4200001000     -1167.7106457674 
        0.4250000000     -1163.9062405646 
        0.4300000000     -1171.5150509702 
        0.4350001000     -1163.9062405646 
        0.4400000000     -1171.5150509702 
        0.4450000000     -1167.7106457674 
        0.4500000000     -1179.1238613759 
        0.4550011000     -1160.1018353617 
        0.4600001000     -1160.1018353617 
        0.4650000000     -1171.5150509702 
        0.4700000000     -1182.9282665787 
        0.4750001000     -1182.9282665787 
        0.4800001000     -1171.5150509702 
        0.4850000000     -1175.3194561731 
        0.4900001000     -1171.5150509702 
        0.4950000000     -1179.1238613759 
        0.5000000000     -1186.7326717815 
        0.5050001000     -1175.3194561731 
        0.5100000000     -1179.1238613759 
        0.5150000000     -1194.3414821872 
        0.5200000000     -1179.1238613759 
        0.5250000000     -1175.3194561731 
        0.5300001000     -1186.7326717815 
        0.5350000000     -1186.7326717815 
        0.5400000000     -1163.9062405646 
        0.5450001000     -1156.2974301589 
        0.5500000000     -1160.1018353617 
        0.5550000000     -1175.3194561731 
        0.5600001000     -1163.9062405646 
        0.5650000000     -1152.4930249561 
        0.5700001000     -1144.8842145504 
        0.5750001000     -1148.6886197533 
        0.5800001000     -1171.5150509702 
        0.5850001000     -1194.3414821872 
        0.5900000000     -1175.3194561731 
        0.5950000000     -1171.5150509702 
        0.6000001000     -1171.5150509702 
        0.6050000000     -1186.7326717815 
        0.6100000000     -1179.1238613759 
        0.6150001000     -1182.9282665787 
        0.6200000000     -1163.9062405646 
        0.6250000000     -1175.3194561731 
        0.6300001000     -1182.9282665787 
        0.6350000000     -1198.1458873900 
        0.6400000000     -1198.1458873900 
        0.6450000000     -1186.7326717815 
        0.6500000000     -1175.3194561731 
        0.6550001000     -1201.9502925929 
        0.6600000000     -1194.3414821872 
        0.6650000000     -1198.1458873900 
        0.6700001000     -1186.7326717815 
        0.6750032000     -1182.9282665787 
        0.6800000000     -1182.9282665787 
        0.6850001000     -1175.3194561731 
        0.6900000000     -1171.5150509702 
        0.6950001000     -1175.3194561731 
        0.7000001000     -1182.9282665787 
        0.7050001000     -1194.3414821872 
        0.7100001000     -1194.3414821872 
        0.7150000000     -1205.7546977957 
        0.7200000000     -1182.9282665787 
        0.7250001000     -1175.3194561731 
        0.7300000000     -1182.9282665787 
        0.7350000000     -1194.3414821872 
        0.7400001000     -1186.7326717815 
        0.7450000000     -1186.7326717815 
        0.7500000000     -1198.1458873900 
        0.7550001000     -1201.9502925929 
        0.7600000000     -1186.7326717815 
        0.7650000000     -1201.9502925929 
        0.7700000000     -1194.3414821872 
        0.7750000000     -1182.9282665787 
        0.7800001000     -1175.3194561731 
        0.7850000000     -1186.7326717815 
        0.7900000000     -1190.5370769844 
        0.7950001000     -1201.9502925929 
        0.8000000000     -1201.9502925929 
        0.8050000000     -1194.3414821872 
        0.8100001000     -1175.3194561731 
        0.8150000000     -1194.3414821872 
        0.8200001000     -1186.7326717815 
        0.8250001000     -1186.7326717815 
        0.8300001000     -1182.9282665787 
        0.8350001000     -1190.5370769844 
        0.8400000000     -1198.1458873900 
        0.8450000000     -1190.5370769844 
        0.8500001000     -1182.9282665787 
        0.8550000000     -1167.7106457674 
        0.8600000000     -1175.3194561731 
        0.8650001000     -1205.7546977957 
        0.8700000000     -1186.7326717815 
        0.8750000000     -1186.7326717815 
        0.8800001000     -1190.5370769844 
        0.8850000000     -1186.7326717815 
        0.8900000000     -1167.7106457674 
        0.8950000000     -1171.5150509702 
        0.9000000000     -1171.5150509702 
        0.9050001000     -1186.7326717815 
        0.9100000000     -1179.1238613759 
        0.9150000000     -1190.5370769844 
        0.9200001000     -1190.5370769844 
        0.9250000000     -1186.7326717815 
        0.9300000000     -1190.5370769844 
        0.9350001000     -1186.7326717815 
        0.9400000000     -1194.3414821872 
        0.9450001000     -1194.3414821872 
        0.9500001000     -1175.3194561731 
        0.9550001000     -1182.9282665787 
        0.9600001000     -1186.7326717815 
        0.9650000000     -1186.7326717815 
        0.9700000000     -1205.7546977957 
        0.9750001000     -1213.3635082013 
        0.9800000000     -1198.1458873900 
        0.9850000000     -1175.3194561731 
        0.9900001000     -1167.7106457674 
        0.9950000000     -1163.9062405646 
        1.0000000000     -1186.7326717815 
        1.0050001000     -1190.5370769844 
        1.0100014000     -1205.7546977957 
        1.0150000000     -1186.7326717815 
        1.0200001000     -1179.1238613759 
        1.0250000000     -1179.1238613759 
        1.0300001000     -1198.1458873900 
        1.0350000000     -1205.7546977957 
        1.0400000000     -1205.7546977957 
        1.0450001000     -1205.7546977957 
        1.0500000000     -1201.9502925929 
        1.0550000000     -1194.3414821872 
        1.0600001000     -1190.5370769844 
        1.0650000000     -1194.3414821872 
        1.0700000000     -1201.9502925929 
        1.0750000000     -1209.5591029985 
        1.0800000000     -1198.1458873900 
        1.0850001000     -1201.9502925929 
        1.0900000000     -1201.9502925929 
        1.0950000000     -1205.7546977957 
        1.1000001000     -1205.7546977957 
        1.1050000000     -1194.3414821872 
        1.1100000000     -1201.9502925929 
        1.1150001000     -1201.9502925929 
        1.1200000000     -1205.7546977957 
        1.1250000000     -1201.9502925929 
        1.1300001000     -1186.7326717815 
        1.1350001000     -1198.1458873900 
        1.1400000000     -1205.7546977957 
        1.1450001000     -1205.7546977957 
        1.1500000000     -1190.5370769844 
        1.1550001000     -1194.3414821872 
        1.1600000000     -1179.1238613759 
        1.1650000000     -1182.9282665787 
        1.1700001000     -1201.9502925929 
        1.1750000000     -1201.9502925929 
        1.1800000000     -1190.5370769844 
        1.1850005000     -1194.3414821872 
        1.1900000000     -1194.3414821872 
        1.1950000000     -1209.5591029985 
        1.2000000000     -1209.5591029985 
        1.2050000000     -1194.3414821872 
        1.2100001000     -1182.9282665787 
        1.2150000000     -1163.9062405646 
        1.2200000000     -1163.9062405646 
        1.2250001000     -1198.1458873900 
        1.2300000000     -1209.5591029985 
        1.2350000000     -1198.1458873900 
        1.2400001000     -1194.3414821872 
        1.2450000000     -1198.1458873900 
        1.2500000000     -1190.5370769844 
        1.2550001000     -1205.7546977957 
        1.2600007000     -1198.1458873900 
        1.2650000000     -1198.1458873900 
        1.2700001000     -1190.5370769844 
        1.2750000000     -1190.5370769844 
        1.2800011000     -1198.1458873900 
        1.2850000000     -1201.9502925929 
        1.2900000000     -1213.3635082013 
        1.2950001000     -1194.3414821872 
        1.3000000000     -1186.7326717815 
        1.3050000000     -1186.7326717815 
        1.3100001000     -1201.9502925929 
        1.3150000000     -1205.7546977957 
        1.3200000000     -1190.5370769844 
        1.3250000000     -1190.5370769844 
        1.3300000000     -1194.3414821872 
        1.3350001000     -1182.9282665787 
        1.3400000000     -1201.9502925929 
        1.3450000000     -1205.7546977957 
        1.3500001000     -1217.1679134042 
        1.3550000000     -1201.9502925929 
        1.3600000000     -1201.9502925929 
        1.3650001000     -1190.5370769844 
        1.3700000000     -1205.7546977957 
        1.3750000000     -1209.5591029985 
        1.3800001000     -1213.3635082013 
        1.3850001000     -1201.9502925929 
        1.3900000000     -1201.9502925929 
        1.3950001000     -1220.9723186070 
        1.4000000000     -1201.9502925929 
        1.4050001000     -1201.9502925929 
        1.4100000000     -1194.3414821872 
        1.4150000000     -1190.5370769844 
        1.4200001000     -1198.1458873900 
        1.4250000000     -1213.3635082013 
        1.4300000000     -1201.9502925929 
        1.4350001000     -1201.9502925929 
        1.4400000000     -1217.1679134042 
        1.4450000000     -1213.3635082013 
        1.4500000000     -1201.9502925929 
        1.4550000000     -1194.3414821872 
        1.4600001000     -1201.9502925929 
        1.4650000000     -1198.1458873900 
        1.4700000000     -1217.1679134042 
        1.4750018000     -1217.1679134042 
        1.4800000000     -1205.7546977957 
        1.4850000000     -1186.7326717815 
        1.4900001000     -1194.3414821872 
        1.4950000000     -1186.7326717815 
        1.5000000000     -1201.9502925929 
        1.5050001000     -1209.5591029985 
        1.5100001000     -1186.7326717815 
        1.5150000000     -1182.9282665787 
        1.5200001000     -1190.5370769844 
        1.5250000000     -1179.1238613759 
        1.5300001000     -1175.3194561731 
        1.5350000000     -1179.1238613759 
        1.5400001000     -1190.5370769844 
        1.5450001000     -1209.5591029985 
        1.5500000000     -1198.1458873900 
        1.5550000000     -1205.7546977957 
        1.5600001000     -1182.9282665787 
        1.5650000000     -1186.7326717815 
        1.5700000000     -1198.1458873900 
        1.5750000000     -1186.7326717815 
        1.5800000000     -1186.7326717815 
        1.5850001000     -1186.7326717815 
        1.5900000000     -1213.3635082013 
        1.5950000000     -1201.9502925929 
        1.6000001000     -1190.5370769844 
        1.6050000000     -1209.5591029985 
        1.6100000000     -1194.3414821872 
        1.6150001000     -1201.9502925929 
        1.6200000000     -1190.5370769844 
        1.6250000000     -1201.9502925929 
        1.6300001000     -1201.9502925929 
        1.6350001000     -1201.9502925929 
        1.6400000000     -1190.5370769844 
        1.6450001000     -1198.1458873900 
        1.6500000000     -1190.5370769844 
        1.6550001000     -1190.5370769844 
        1.6600000000     -1201.9502925929 
        1.6650001000     -1198.1458873900 
        1.6700001000     -1201.9502925929 
        1.6750000000     -1220.9723186070 
        1.6800000000     -1217.1679134042 
        1.6850001000     -1217.1679134042 
        1.6900000000     -1209.5591029985 
        1.6950000000     -1201.9502925929 
        1.7000000000     -1205.7546977957 
        1.7050000000     -1224.7767238098 
        1.7100001000     -1220.9723186070 
        1.7150000000     -1201.9502925929 
        1.7200000000     -1213.3635082013 
        1.7250001000     -1194.3414821872 
        1.7300000000     -1201.9502925929 
        1.7350000000     -1224.7767238098 
        1.7400001000     -1213.3635082013 
        1.7450000000     -1190.5370769844 
        1.7500000000     -1205.7546977957 
        1.7550001000     -1220.9723186070 
        1.7600001000     -1217.1679134042 
        1.7650000000     -1209.5591029985 
        1.7700001000     -1205.7546977957 
        1.7750000000     -1194.3414821872 
        1.7800001000     -1198.1458873900 
        1.7850020000     -1205.7546977957 
        1.7900001000     -1205.7546977957 
        1.7950001000     -1194.3414821872 
        1.8000000000     -1213.3635082013 
        1.8050000000     -1213.3635082013 
        1.8100001000     -1201.9502925929 
        1.8150000000     -1198.1458873900 
        1.8200000000     -1201.9502925929 
        1.8250000000     -1205.7546977957 
        1.8300012000     -1179.1238613759 
        1.8350001000     -1186.7326717815 
        1.8400000000     -1201.9502925929 
        1.8450000000     -1186.7326717815 
        1.8500001000     -1190.5370769844 
        1.8550000000     -1171.5150509702 
        1.8600000000     -1163.9062405646 
        1.8650001000     -1186.7326717815 
        1.8700000000     -1201.9502925929 
        1.8750000000     -1201.9502925929 
        1.8800001000     -1198.1458873900 
        1.8850001000     -1201.9502925929 
        1.8900000000     -1201.9502925929 
        1.8950001000     -1190.5370769844 
        1.9000000000     -1198.1458873900 
        1.9050001000     -1209.5591029985 
        1.9100000000     -1201.9502925929 
        1.9150001000     -1198.1458873900 
        1.9200001000     -1190.5370769844 
        1.9250000000     -1209.5591029985 
        1.9300000000     -1205.7546977957 
        1.9350001000     -1217.1679134042 
        1.9400000000     -1217.1679134042 
        1.9450000000     -1205.7546977957 
        1.9500000000     -1198.1458873900 
        1.9550000000     -1201.9502925929 
        1.9600001000     -1201.9502925929 
        1.9650000000     -1201.9502925929 
        1.9700000000     -1186.7326717815 
        1.9750001000     -1194.3414821872 
        1.9800000000     -1205.7546977957 
        1.9850000000     -1217.1679134042 
        1.9900001000     -1220.9723186070 
        1.9950000000     -1217.1679134042 
        2.0000004000     -1220.9723186070 
        2.0050001000     -1213.3635082013 
        2.0100000000     -1198.1458873900 
        2.0150001000     -1201.9502925929 
        2.0200001000     -1201.9502925929 
        2.0250000000     -1217.1679134042 
        2.0300003000     -1217.1679134042 
        2.0350001000     -1217.1679134042 
        2.0400001000     -1209.5591029985 
        2.0450001000     -1198.1458873900 
        2.0500000000     -1220.9723186070 
        2.0550000000     -1228.5811290127 
        2.0600001000     -1217.1679134042 
        2.0650000000     -1198.1458873900 
        2.0700000000     -1220.9723186070 
        2.0750000000     -1220.9723186070 
        2.0800000000     -1213.3635082013 
        2.0850001000     -1201.9502925929 
        2.0900000000     -1213.3635082013 
        2.0950000000     -1201.9502925929 
        2.1000001000     -1213.3635082013 
        2.1050000000     -1217.1679134042 
        2.1100000000     -1198.1458873900 
        2.1150001000     -1194.3414821872 
        2.1200000000     -1224.7767238098 
        2.1250000000     -1217.1679134042 
        2.1300001000     -1198.1458873900 
        2.1350000000     -1209.5591029985 
        2.1400001000     -1220.9723186070 
        2.1450000000     -1213.3635082013 
        2.1500000000     -1201.9502925929 
        2.1550001000     -1217.1679134042 
        2.1600001000     -1209.5591029985 
        2.1650000000     -1186.7326717815 
        2.1700001000     -1182.9282665787 
        2.1750000000     -1182.9282665787 
        2.1800001000     -1182.9282665787 
        2.1850001000     -1213.3635082013 
        2.1900000000     -1220.9723186070 
        2.1950000000     -1205.7546977957 
        2.2000000000     -1190.5370769844 
        2.2050000000     -1201.9502925929 
        2.2100001000     -1201.9502925929 
        2.2150000000     -1213.3635082013 
        2.2200004000     -1217.1679134042 
        2.2250001000     -1209.5591029985 
        2.2300000000     -1194.3414821872 
        2.2350000000     -1186.7326717815 
        2.2400001000     -1198.1458873900 
        2.2450000000     -1198.1458873900 
        2.2500000000     -1201.9502925929 
        2.2550001000     -1205.7546977957 
        2.2600000000     -1213.3635082013 
        2.2650006000     -1213.3635082013 
        2.2700000000     -1217.1679134042 
        2.2750000000     -1205.7546977957 
        2.2800001000     -1217.1679134042 
        2.2850001000     -1220.9723186070 
        2.2900000000     -1209.5591029985 
        2.2950001000     -1190.5370769844 
        2.3000000000     -1190.5370769844 
        2.3050001000     -1205.7546977957 
        2.3100001000     -1217.1679134042 
        2.3150000000     -1232.3855342155 
        2.3200000000     -1205.7546977957 
        2.3250000000     -1201.9502925929 
        2.3300000000     -1201.9502925929 
        2.3350001000     -1220.9723186070 
        2.3400000000     -1220.9723186070 
        2.3450000000     -1205.7546977957 
        2.3500014000     -1217.1679134042 
        2.3550000000     -1217.1679134042 
        2.3600000000     -1224.7767238098 
        2.3650001000     -1194.3414821872 
        2.3700000000     -1217.1679134042 
        2.3750000000     -1228.5811290127 
        2.3800001000     -1217.1679134042 
        2.3850000000     -1213.3635082013 
        2.3900001000     -1232.3855342155 
        2.3950000000     -1224.7767238098 
        2.4000000000     -1213.3635082013 
        2.4050001000     -1217.1679134042 
        2.4100001000     -1224.7767238098 
        2.4150000000     -1220.9723186070 
        2.4200001000     -1213.3635082013 
        2.4250000000     -1205.7546977957 
        2.4300001000     -1220.9723186070 
        2.4350001000     -1220.9723186070 
        2.4400000000     -1209.5591029985 
        2.4450000000     -1217.1679134042 
        2.4500000000     -1220.9723186070 
        2.4550000000     -1209.5591029985 
        2.4600001000     -1194.3414821872 
        2.4650000000     -1213.3635082013 
        2.4700000000     -1224.7767238098 
        2.4750001000     -1190.5370769844 
        2.4800000000     -1201.9502925929 
        2.4850000000     -1201.9502925929 
        2.4900001000     -1186.7326717815 
        2.4950000000     -1190.5370769844 
        2.5000000000     -1213.3635082013 
        2.5050001000     -1217.1679134042 
        2.5100000000     -1205.7546977957 
        2.5150001000     -1213.3635082013 
        2.5200031000     -1201.9502925929 
        2.5250000000     -1194.3414821872 
        2.5300001000     -1201.9502925929 
        2.5350001000     -1201.9502925929 
        2.5400000000     -1194.3414821872 
        2.5450001000     -1209.5591029985 
        2.5500000000     -1198.1458873900 
        2.5550001000     -1205.7546977957 
        2.5600001000     -1220.9723186070 
        2.5650000000     -1205.7546977957 
        2.5700000000     -1198.1458873900 
        2.5750000000     -1201.9502925929 
        2.5800000000     -1201.9502925929 
        2.5850001000     -1201.9502925929 
        2.5900000000     -1213.3635082013 
        2.5950000000     -1217.1679134042 
        2.6000001000     -1213.3635082013 
        2.6050000000     -1198.1458873900 
        2.6100000000     -1198.1458873900 
        2.6150001000     -1213.3635082013 
        2.6200000000     -1217.1679134042 
        2.6250000000     -1201.9502925929 
        2.6300001000     -1220.9723186070 
        2.6350000000     -1232.3855342155 
        2.6400001000     -1217.1679134042 
        2.6450000000     -1201.9502925929 
        2.6500000000     -1213.3635082013 
        2.6550001000     -1224.7767238098 
        2.6600001000     -1205.7546977957 
        2.6650000000     -1217.1679134042 
        2.6700001000     -1232.3855342155 
        2.6750000000     -1228.5811290127 
        2.6800001000     -1224.7767238098 
        2.6850001000     -1224.7767238098 
        2.6900000000     -1201.9502925929 
        2.6950000000     -1209.5591029985 
        2.7000000000     -1228.5811290127 
        2.7050000000     -1232.3855342155 
        2.7100001000     -1232.3855342155 
        2.7150000000     -1220.9723186070 
        2.7200000000     -1217.1679134042 
        2.7250001000     -1217.1679134042 
        2.7300000000     -1201.9502925929 
        2.7350000000     -1213.3635082013 
        2.7400001000     -1198.1458873900 
        2.7450000000     -1224.7767238098 
        2.7500000000     -1224.7767238098 
        2.7550001000     -1194.3414821872 
        2.7600000000     -1220.9723186070 
        2.7650001000     -1201.9502925929 
        2.7700000000     -1213.3635082013 
        2.7750000000     -1213.3635082013 
        2.7800001000     -1186.7326717815 
        2.7850001000     -1217.1679134042 
        2.7900000000     -1201.9502925929 
        2.7950001000     -1194.3414821872 
        2.8000000000     -1194.3414821872 
        2.8050001000     -1186.7326717815 
        2.8100001000     -1171.5150509702 
        2.8150000000     -1194.3414821872 
        2.8200000000     -1201.9502925929 
        2.8250000000     -1198.1458873900 
        2.8300000000     -1205.7546977957 
        2.8350001000     -1217.1679134042 
        2.8400000000     -1194.3414821872 
        2.8450000000     -1194.3414821872 
        2.8500001000     -1205.7546977957 
        2.8550000000     -1209.5591029985 
        2.8600000000     -1201.9502925929 
        2.8650001000     -1205.7546977957 
        2.8700000000     -1220.9723186070 
        2.8750000000     -1205.7546977957 
        2.8800001000     -1201.9502925929 
        2.8850000000     -1205.7546977957 
        2.8900001000     -1217.1679134042 
        2.8950000000     -1217.1679134042 
        2.9000000000     -1205.7546977957 
        2.9050001000     -1213.3635082013 
        2.9100001000     -1190.5370769844 
        2.9150000000     -1217.1679134042 
        2.9200001000     -1217.1679134042 
        2.9250000000     -1205.7546977957 
        2.9300001000     -1201.9502925929 
        2.9350001000     -1201.9502925929 
        2.9400000000     -1190.5370769844 
        2.9450000000     -1209.5591029985 
        2.9500000000     -1232.3855342155 
        2.9550000000     -1220.9723186070 
        2.9600001000     -1201.9502925929 
        2.9650000000     -1201.9502925929 
        2.9700000000     -1201.9502925929 
        2.9750001000     -1213.3635082013 
        2.9800000000     -1228.5811290127 
        2.9850000000     -1217.1679134042 
        2.9900001000     -1201.9502925929 
        2.9950000000     -1217.1679134042 
