           Time[sec] \omega_{gyro}[deg/sec] 
        0.0000000000       -38.3902739095 
        0.0050001000        18.6042240992 
        0.0100001000      -144.7800035258 
        0.0150000000        26.2034905003 
        0.0200000000       -72.5869727148 
        0.0250001000        49.0012897038 
        0.0300001000       -99.1844051188 
        0.0350000000        56.6005561050 
        0.0400003000        90.7972549102 
        0.0450001000       -57.3884399124 
        0.0500001000       -57.3884399124 
        0.0550000000        98.3965213113 
        0.0600001000       -57.3884399124 
        0.0650001000       -15.5924747061 
        0.0700000000       -38.3902739095 
        0.0750001000        -4.1935751043 
        0.0800001000       -34.5906407090 
        0.0850001000       -57.3884399124 
        0.0900000000        41.4020233026 
        0.0950095000       -91.5851387177 
        0.1000001000        67.9994557067 
        0.1050000000       204.7862509276 
        0.1100000000       -91.5851387177 
        0.1150001000        11.0049576980 
        0.1200001000        -7.9932083049 
        0.1250000000        45.2016565032 
        0.1300001000      -205.5741347351 
        0.1350001000       -26.9913743078 
        0.1400000000        90.7972549102 
        0.1450000000       -42.1899071101 
        0.1500001000       162.9902857212 
        0.1550001000       113.5950541137 
        0.1600000000       -76.3866059153 
        0.1650001000       151.5913861195 
        0.1700001000        14.8045908986 
        0.1750001000        37.6023901021 
        0.1800001000       -87.7855055171 
        0.1850001000        18.6042240992 
        0.1900001000        64.1998225061 
        0.1950000000       -53.5888067119 
        0.2000001000       -11.7928415055 
        0.2050001000        79.3983553084 
        0.2100001000        -7.9932083049 
        0.2150000000       -19.3921079066 
        0.2200001000        18.6042240992 
        0.2250001000        11.0049576980 
        0.2300000000       -99.1844051188 
        0.2350000000        22.4038572997 
        0.2400001000        18.6042240992 
        0.2450001000       -95.3847719182 
        0.2500000000         3.4056912968 
        0.2550001000       105.9957877125 
        0.2600001000       -11.7928415055 
        0.2650000000        37.6023901021 
        0.2700000000       -38.3902739095 
        0.2750001000        67.9994557067 
        0.2800001000       -42.1899071101 
        0.2850000000        22.4038572997 
        0.2900001000        52.8009229044 
        0.2950001000       -42.1899071101 
        0.3000001000       128.7935869160 
        0.3050000000       181.9884517241 
        0.3100001000       -80.1862391159 
        0.3150001000       -76.3866059153 
        0.3200000000        22.4038572997 
        0.3250001000        -0.3939419037 
        0.3300001000      -285.3664319472 
        0.3350001000         7.2053244974 
        0.3400000000        45.2016565032 
        0.3450001000         3.4056912968 
        0.3500001000        37.6023901021 
        0.3550001000       105.9957877125 
        0.3600000000      -110.5833047206 
        0.3650001000       -87.7855055171 
        0.3700001000        22.4038572997 
        0.3750000000        75.5987221079 
        0.3800001000      -159.9785363281 
        0.3850001000       117.3946873142 
        0.3900000000        56.6005561050 
        0.3950000000       -23.1917411072 
        0.4000001000        41.4020233026 
        0.4050001000        94.5968881108 
        0.4100000000       -76.3866059153 
        0.4150001000       -19.3921079066 
        0.4200001000       -11.7928415055 
        0.4250001000       -49.7891735113 
        0.4300000000      -163.7781695287 
        0.4350001000        33.8027569015 
        0.4400001000       147.7917529189 
        0.4450000000       -42.1899071101 
        0.4500001000        56.6005561050 
        0.4550001000       105.9957877125 
        0.4600001000       -42.1899071101 
        0.4650000000       -15.5924747061 
        0.4700001000       -42.1899071101 
        0.4750001000       -11.7928415055 
        0.4800001000      -186.5759687321 
        0.4850000000        18.6042240992 
        0.4900001000        33.8027569015 
        0.4950001000       -34.5906407090 
        0.5000000000       -15.5924747061 
        0.5050001000       132.5932201166 
        0.5100001000       -53.5888067119 
        0.5150000000        -7.9932083049 
        0.5200000000       -38.3902739095 
        0.5250001000       -15.5924747061 
        0.5300001000      -175.1770691304 
        0.5350000000         3.4056912968 
        0.5400001000        52.8009229044 
        0.5450001000       -99.1844051188 
        0.5500001000        11.0049576980 
        0.5550000000       109.7954209131 
        0.5600001000       -80.1862391159 
        0.5650001000       -15.5924747061 
        0.5700001000        64.1998225061 
        0.5750159000         3.4056912968 
        0.5800001000       -64.9877063136 
        0.5850001000        14.8045908986 
        0.5900014000        94.5968881108 
        0.5950001000       -23.1917411072 
        0.6000001000       -42.1899071101 
        0.6050000000       105.9957877125 
        0.6100000000       -38.3902739095 
        0.6150001000      -102.9840383194 
        0.6200001000        26.2034905003 
        0.6250000000       -30.7910075084 
        0.6300022000      -137.1807371246 
        0.6350001000       -45.9895403107 
        0.6400000000        52.8009229044 
        0.6450000000       -83.9858723165 
        0.6500001000        22.4038572997 
        0.6550001000       136.3928533171 
        0.6600000000       -38.3902739095 
        0.6650001000        33.8027569015 
        0.6700001000         3.4056912968 
        0.6750001000       -15.5924747061 
        0.6800000000      -118.1825711217 
        0.6850001000      -121.9822043223 
        0.6900022000        79.3983553084 
        0.6950001000        -7.9932083049 
        0.7000001000        41.4020233026 
        0.7050001000        86.9976217096 
        0.7100001000      -110.5833047206 
        0.7150000000       -38.3902739095 
        0.7200001000        56.6005561050 
        0.7250043000       -68.7873395142 
        0.7300000000      -152.3792699269 
        0.7350000000        22.4038572997 
        0.7400001000        56.6005561050 
        0.7450001000         7.2053244974 
        0.7500000000       -23.1917411072 
        0.7550001000       174.3891853229 
        0.7600001000       -99.1844051188 
        0.7650006000       -76.3866059153 
        0.7700000000       -42.1899071101 
        0.7750001000        56.6005561050 
        0.7800001000      -197.9748683339 
        0.7850000000       -11.7928415055 
        0.7900001000         3.4056912968 
        0.7950001000      -106.7836715200 
        0.8000001000       113.5950541137 
        0.8050044000       113.5950541137 
        0.8100001000      -125.7818375229 
        0.8150001000      -106.7836715200 
        0.8200001000        26.2034905003 
        0.8250001000       -15.5924747061 
        0.8300001000      -133.3811039240 
        0.8350001000        33.8027569015 
        0.8400000000        90.7972549102 
        0.8450001000       -64.9877063136 
        0.8500004000       -26.9913743078 
        0.8550000000       178.1888185235 
        0.8600000000       -30.7910075084 
        0.8650001000         3.4056912968 
        0.8700001000       -34.5906407090 
        0.8750000000        64.1998225061 
        0.8800001000      -171.3774359298 
        0.8850001000        71.7990889073 
        0.8900005000        79.3983553084 
        0.8950000000       -42.1899071101 
        0.9000001000        37.6023901021 
        0.9050001000       143.9921197183 
        0.9100000000       -76.3866059153 
        0.9150001000       -61.1880731130 
        0.9200001000         3.4056912968 
        0.9250001000       -34.5906407090 
        0.9300000000      -175.1770691304 
        0.9350001000       -11.7928415055 
        0.9400001000         3.4056912968 
        0.9450001000       -34.5906407090 
        0.9500001000       -87.7855055171 
        0.9550001000       140.1924865177 
        0.9600001000      -178.9767023310 
        0.9650000000        33.8027569015 
        0.9700001000       204.7862509276 
        0.9750001000       -38.3902739095 
        0.9800000000       -91.5851387177 
        0.9850008000       -57.3884399124 
        0.9900001000        98.3965213113 
        0.9950001000       -34.5906407090 
        1.0000014000         3.4056912968 
        1.0050001000        86.9976217096 
        1.0100001000       -99.1844051188 
        1.0150000000      -129.5814707235 
        1.0200001000       -38.3902739095 
        1.0250001000       -26.9913743078 
        1.0300001000      -148.5796367264 
        1.0350000000        22.4038572997 
        1.0400001000        18.6042240992 
        1.0450001000       -99.1844051188 
        1.0500001000       -61.1880731130 
        1.0550000000       124.9939537154 
        1.0600001000       -87.7855055171 
        1.0650001000       -38.3902739095 
        1.0700000000       -23.1917411072 
        1.0750001000        41.4020233026 
        1.0800001000      -171.3774359298 
        1.0850001000       -38.3902739095 
        1.0900000000        -7.9932083049 
        1.0950001000        75.5987221079 
        1.1000001000       -38.3902739095 
        1.1050000000       216.1851505293 
        1.1100000000       -30.7910075084 
        1.1150001000         3.4056912968 
        1.1200004000       -26.9913743078 
        1.1250012000        60.4001893055 
        1.1300001000      -137.1807371246 
        1.1350001000       -42.1899071101 
        1.1400002000        98.3965213113 
        1.1450001000       -15.5924747061 
        1.1500001000        18.6042240992 
        1.1550001000       166.7899189218 
        1.1600000000      -102.9840383194 
        1.1650017000        86.9976217096 
        1.1700001000        22.4038572997 
        1.1750001000        64.1998225061 
        1.1800000000      -148.5796367264 
        1.1850001000       -68.7873395142 
        1.1900001000       159.1906525206 
        1.1950000000       -49.7891735113 
        1.2000001000        79.3983553084 
        1.2050001000       -15.5924747061 
        1.2100028000       -68.7873395142 
        1.2150000000        67.9994557067 
        1.2200020000       -15.5924747061 
        1.2250001000        75.5987221079 
        1.2300000000      -133.3811039240 
        1.2350000000        37.6023901021 
        1.2400001000        67.9994557067 
        1.2450001000       -42.1899071101 
        1.2500000000      -144.7800035258 
        1.2550001000        98.3965213113 
        1.2600001000       -91.5851387177 
        1.2650000000       -80.1862391159 
        1.2700001000       -57.3884399124 
        1.2750001000        37.6023901021 
        1.2800001000      -125.7818375229 
        1.2850000000        49.0012897038 
        1.2900001000       143.9921197183 
        1.2950001000       -95.3847719182 
        1.3000001000        37.6023901021 
        1.3050000000       -26.9913743078 
        1.3100001000       -19.3921079066 
        1.3150001000       -34.5906407090 
        1.3200000000        22.4038572997 
        1.3250001000        67.9994557067 
        1.3300001000       -30.7910075084 
        1.3350001000         7.2053244974 
        1.3400000000        56.6005561050 
        1.3450001000       -53.5888067119 
        1.3500001000        -4.1935751043 
        1.3550000000         7.2053244974 
        1.3600000000       -53.5888067119 
        1.3650001000         3.4056912968 
        1.3700001000       -26.9913743078 
        1.3750000000        14.8045908986 
        1.3800001000       -64.9877063136 
        1.3850001000       140.1924865177 
        1.3900000000       147.7917529189 
        1.3950001000       -38.3902739095 
        1.4000001000       -38.3902739095 
        1.4050001000        64.1998225061 
        1.4100000000       -57.3884399124 
        1.4150001000       -23.1917411072 
        1.4200001000       -15.5924747061 
        1.4250001000       -15.5924747061 
        1.4300043000       -64.9877063136 
        1.4350015000       -45.9895403107 
        1.4400001000        79.3983553084 
        1.4450026000      -114.3829379211 
        1.4500001000       -15.5924747061 
        1.4550001000        22.4038572997 
        1.4600001000       -72.5869727148 
        1.4650000000       -53.5888067119 
        1.4700001000        11.0049576980 
        1.4750001000        67.9994557067 
        1.4800000000       -57.3884399124 
        1.4850000000       -19.3921079066 
        1.4900001000        33.8027569015 
        1.4950001000       -91.5851387177 
        1.5000000000        -7.9932083049 
        1.5050001000       -34.5906407090 
        1.5100001000       -26.9913743078 
        1.5150000000        52.8009229044 
        1.5200026000       -61.1880731130 
        1.5250001000         3.4056912968 
        1.5300001000       -68.7873395142 
        1.5350000000       -38.3902739095 
        1.5400001000        98.3965213113 
        1.5450001000       -49.7891735113 
        1.5500001000       -19.3921079066 
        1.5550000000        -0.3939419037 
        1.5600001000       -30.7910075084 
        1.5650001000        71.7990889073 
        1.5700000000       -15.5924747061 
        1.5750001000        64.1998225061 
        1.5800001000       -61.1880731130 
        1.5850001000       -45.9895403107 
        1.5900000000       113.5950541137 
        1.5950001000       -72.5869727148 
        1.6000009000       -34.5906407090 
        1.6050000000        30.0031237009 
        1.6100000000       -11.7928415055 
        1.6150001000        37.6023901021 
        1.6200001000        30.0031237009 
        1.6250000000        -0.3939419037 
        1.6300001000       -23.1917411072 
        1.6350001000         3.4056912968 
        1.6400000000        52.8009229044 
        1.6450001000       -34.5906407090 
        1.6500001000       -61.1880731130 
        1.6550001000        26.2034905003 
        1.6600000000       -64.9877063136 
        1.6650001000        22.4038572997 
        1.6700001000       -19.3921079066 
        1.6750001000        26.2034905003 
        1.6800000000       -80.1862391159 
        1.6850001000       -30.7910075084 
        1.6900001000       143.9921197183 
        1.6950000000       -23.1917411072 
        1.7000001000         3.4056912968 
        1.7050001000       -23.1917411072 
        1.7100001000         3.4056912968 
        1.7150000000       155.3910193200 
        1.7200001000        52.8009229044 
        1.7250001000        -0.3939419037 
        1.7300000000       -57.3884399124 
        1.7350000000       -23.1917411072 
        1.7400001000         3.4056912968 
        1.7450001000       -64.9877063136 
        1.7500000000         3.4056912968 
        1.7550001000       -23.1917411072 
        1.7600001000       -45.9895403107 
        1.7650000000       -42.1899071101 
        1.7700001000       -42.1899071101 
        1.7750001000        83.1979885090 
        1.7800001000       -53.5888067119 
        1.7850000000        83.1979885090 
        1.7900001000        11.0049576980 
        1.7950001000        -4.1935751043 
        1.8000001000       -34.5906407090 
        1.8050000000        37.6023901021 
        1.8100001000       -57.3884399124 
        1.8150001000       -72.5869727148 
        1.8200000000        75.5987221079 
        1.8250001000        98.3965213113 
        1.8300001000         7.2053244974 
        1.8350001000         3.4056912968 
        1.8400000000       124.9939537154 
        1.8450001000       -87.7855055171 
        1.8500001000      -114.3829379211 
        1.8550000000         7.2053244974 
        1.8600000000        18.6042240992 
        1.8650001000       -42.1899071101 
        1.8700001000       -11.7928415055 
        1.8750000000        22.4038572997 
        1.8800001000       -34.5906407090 
        1.8850001000         3.4056912968 
        1.8900000000        98.3965213113 
        1.8950001000       -57.3884399124 
        1.9000001000       -11.7928415055 
        1.9050001000        49.0012897038 
        1.9100000000       -11.7928415055 
        1.9150001000      -121.9822043223 
        1.9200001000        33.8027569015 
        1.9250001000        22.4038572997 
        1.9300000000       -53.5888067119 
        1.9350001000        37.6023901021 
        1.9400001000       109.7954209131 
        1.9450000000       -11.7928415055 
        1.9500001000       -83.9858723165 
        1.9550001000        -7.9932083049 
        1.9600001000        49.0012897038 
        1.9650000000       -57.3884399124 
        1.9700001000         3.4056912968 
        1.9750001000        64.1998225061 
        1.9800000000       -34.5906407090 
        1.9850000000       -38.3902739095 
        1.9900001000       219.9847837299 
        1.9950001000       -15.5924747061 
        2.0000000000        64.1998225061 
        2.0050001000        -4.1935751043 
        2.0100001000       -30.7910075084 
        2.0150001000        -4.1935751043 
        2.0200001000        22.4038572997 
        2.0250001000       170.5895521224 
        2.0300001000       -72.5869727148 
        2.0350001000        52.8009229044 
        2.0400001000        90.7972549102 
        2.0450001000       -57.3884399124 
        2.0500001000         3.4056912968 
        2.0550000000        14.8045908986 
        2.0600001000      -102.9840383194 
        2.0650001000       -38.3902739095 
        2.0700000000       -38.3902739095 
        2.0750001000        94.5968881108 
        2.0800001000       -38.3902739095 
        2.0850001000       -61.1880731130 
        2.0900046000        41.4020233026 
        2.0950001000       -68.7873395142 
        2.1000001000       -11.7928415055 
        2.1050000000       -26.9913743078 
        2.1100000000        37.6023901021 
        2.1150001000        30.0031237009 
        2.1200001000       -23.1917411072 
        2.1250000000       -19.3921079066 
        2.1300001000       -11.7928415055 
        2.1350001000       -15.5924747061 
        2.1400001000        45.2016565032 
        2.1450000000       -23.1917411072 
        2.1500001000       -23.1917411072 
        2.1550001000        -7.9932083049 
        2.1600001000       -38.3902739095 
        2.1650001000        64.1998225061 
        2.1700001000        -4.1935751043 
        2.1750001000        52.8009229044 
        2.1800001000       -11.7928415055 
        2.1850001000       -80.1862391159 
        2.1900001000       113.5950541137 
        2.1950000000       -68.7873395142 
        2.2000001000      -106.7836715200 
        2.2050001000         3.4056912968 
        2.2100001000       -23.1917411072 
        2.2150000000       -23.1917411072 
        2.2200001000        22.4038572997 
        2.2250001000        98.3965213113 
        2.2300000000       -42.1899071101 
        2.2350000000       170.5895521224 
        2.2400001000        22.4038572997 
        2.2450001000      -129.5814707235 
        2.2500000000       -76.3866059153 
        2.2550001000       -30.7910075084 
        2.2600001000        30.0031237009 
        2.2650001000       -23.1917411072 
        2.2700000000       -72.5869727148 
        2.2750001000        22.4038572997 
        2.2800001000       -87.7855055171 
        2.2850001000         7.2053244974 
        2.2900001000       159.1906525206 
        2.2950001000        14.8045908986 
        2.3000001000        41.4020233026 
        2.3050001000       143.9921197183 
        2.3100001000       -26.9913743078 
        2.3150001000         7.2053244974 
        2.3200000000        -7.9932083049 
        2.3250001000        52.8009229044 
        2.3300001000        33.8027569015 
        2.3350001000        45.2016565032 
        2.3400000000        71.7990889073 
        2.3450001000      -144.7800035258 
        2.3500001000       -42.1899071101 
        2.3550000000        26.2034905003 
        2.3600000000       -30.7910075084 
        2.3650001000        22.4038572997 
        2.3700001000        45.2016565032 
        2.3750055000        67.9994557067 
        2.3800001000       -26.9913743078 
        2.3850001000       117.3946873142 
        2.3900001000        67.9994557067 
        2.3950000000        45.2016565032 
        2.4000001000      -156.1789031275 
        2.4050001000        22.4038572997 
        2.4100001000        71.7990889073 
        2.4150001000        18.6042240992 
        2.4200001000       -53.5888067119 
        2.4250001000        64.1998225061 
        2.4300001000       -38.3902739095 
        2.4350001000       -19.3921079066 
        2.4400001000        79.3983553084 
        2.4450000000       -72.5869727148 
        2.4500001000       -53.5888067119 
        2.4550001000       -42.1899071101 
        2.4600001000       -45.9895403107 
        2.4650000000       -68.7873395142 
        2.4700001000       -11.7928415055 
        2.4750012000        83.1979885090 
        2.4800000000       -80.1862391159 
        2.4850000000        52.8009229044 
        2.4900001000        22.4038572997 
        2.4950001000       -99.1844051188 
        2.5000000000         3.4056912968 
        2.5050001000       -26.9913743078 
        2.5100001000        30.0031237009 
        2.5150001000        22.4038572997 
        2.5200000000        18.6042240992 
        2.5250001000        26.2034905003 
        2.5300001000       -19.3921079066 
        2.5350001000       -45.9895403107 
        2.5400001000        79.3983553084 
        2.5450001000      -110.5833047206 
        2.5500001000        -0.3939419037 
        2.5550001000       -42.1899071101 
        2.5600001000        26.2034905003 
        2.5650001000       -19.3921079066 
        2.5700000000       -57.3884399124 
        2.5750001000       121.1943205148 
        2.5800001000       -11.7928415055 
        2.5850001000       -19.3921079066 
        2.5900000000        64.1998225061 
        2.5950001000      -125.7818375229 
        2.6000001000        -7.9932083049 
        2.6050000000         3.4056912968 
        2.6100000000        14.8045908986 
        2.6150001000        33.8027569015 
        2.6200001000        -7.9932083049 
        2.6250000000        56.6005561050 
        2.6300001000       -11.7928415055 
        2.6350001000       -72.5869727148 
        2.6400001000       162.9902857212 
        2.6450000000       -23.1917411072 
        2.6500001000        67.9994557067 
        2.6550001000        -0.3939419037 
        2.6600001000       -64.9877063136 
        2.6650001000        98.3965213113 
        2.6700001000       -49.7891735113 
        2.6750001000       -34.5906407090 
        2.6800003000       -91.5851387177 
        2.6850001000        52.8009229044 
        2.6900001000       102.1961545119 
        2.6950000000       -99.1844051188 
        2.7000001000       -45.9895403107 
        2.7050001000       -53.5888067119 
        2.7100001000        -4.1935751043 
        2.7150000000       -38.3902739095 
        2.7200001000        45.2016565032 
        2.7250001000        45.2016565032 
        2.7300000000       -49.7891735113 
        2.7350000000       -42.1899071101 
        2.7400001000        56.6005561050 
        2.7450001000      -118.1825711217 
        2.7500000000       -64.9877063136 
        2.7550001000        52.8009229044 
        2.7600001000        22.4038572997 
        2.7650001000       -15.5924747061 
        2.7700017000       -72.5869727148 
        2.7750001000        60.4001893055 
        2.7800001000        22.4038572997 
        2.7850001000       -30.7910075084 
        2.7900001000        22.4038572997 
        2.7950001000       -76.3866059153 
        2.8000001000       -23.1917411072 
        2.8050001000       -34.5906407090 
        2.8100001000       -72.5869727148 
        2.8150001000         3.4056912968 
        2.8200000000       -45.9895403107 
        2.8250001000        75.5987221079 
        2.8300001000       -87.7855055171 
        2.8350001000        11.0049576980 
        2.8400000000       174.3891853229 
        2.8450001000        75.5987221079 
        2.8500001000        45.2016565032 
        2.8550000000        -4.1935751043 
        2.8600000000       -57.3884399124 
        2.8650001000       -57.3884399124 
        2.8700080000       -61.1880731130 
        2.8750000000       121.1943205148 
        2.8800001000       231.3836833316 
        2.8850001000       -64.9877063136 
        2.8900021000        26.2034905003 
        2.8950000000       -76.3866059153 
        2.9000001000        -4.1935751043 
        2.9050001000        11.0049576980 
        2.9100025000       -11.7928415055 
        2.9150001000        -0.3939419037 
        2.9200001000       -38.3902739095 
        2.9250001000        90.7972549102 
        2.9300001000        11.0049576980 
        2.9350001000       -42.1899071101 
        2.9400001000       109.7954209131 
        2.9450008000       -83.9858723165 
        2.9500001000        -4.1935751043 
        2.9550001000        -4.1935751043 
        2.9600001000       -42.1899071101 
        2.9650000000        67.9994557067 
        2.9700001000        22.4038572997 
        2.9750001000        49.0012897038 
        2.9800000000       -15.5924747061 
        2.9850000000        67.9994557067 
        2.9900001000       178.1888185235 
        2.9950001000        18.6042240992 
