           Time[sec] \omega_{gyro}[deg/sec] 
        0.0000000000        37.6023901021 
        0.0050000000        75.5987221079 
        0.0100001000       -80.1862391159 
        0.0150001000       170.5895521224 
        0.0200000000        18.6042240992 
        0.0250001000        94.5968881108 
        0.0300001000       162.9902857212 
        0.0350001000         7.2053244974 
        0.0400000000       178.1888185235 
        0.0450001000        18.6042240992 
        0.0500001000       155.3910193200 
        0.0550000000        -7.9932083049 
        0.0600001000       170.5895521224 
        0.0650001000       227.5840501310 
        0.0700001000        67.9994557067 
        0.0750000000       143.9921197183 
        0.0800001000        56.6005561050 
        0.0850001000        11.0049576980 
        0.0900000000        -7.9932083049 
        0.0950001000       159.1906525206 
        0.1000001000        14.8045908986 
        0.1050001000        56.6005561050 
        0.1100000000        -4.1935751043 
        0.1150001000        71.7990889073 
        0.1200001000        83.1979885090 
        0.1250000000       -23.1917411072 
        0.1300000000         7.2053244974 
        0.1350001000         7.2053244974 
        0.1400001000       -76.3866059153 
        0.1450000000       -15.5924747061 
        0.1500001000       -53.5888067119 
        0.1550001000        98.3965213113 
        0.1600001000       -57.3884399124 
        0.1650000000        18.6042240992 
        0.1700001000         3.4056912968 
        0.1750001000       -68.7873395142 
        0.1800001000        26.2034905003 
        0.1850001000        -0.3939419037 
        0.1900001000         7.2053244974 
        0.1950001000       -61.1880731130 
        0.2000000000        33.8027569015 
        0.2050001000       109.7954209131 
        0.2100001000         3.4056912968 
        0.2150000000        11.0049576980 
        0.2200001000       128.7935869160 
        0.2250001000       -53.5888067119 
        0.2300001000        41.4020233026 
        0.2350000000       -26.9913743078 
        0.2400001000        33.8027569015 
        0.2450001000        98.3965213113 
        0.2500000000        11.0049576980 
        0.2550000000        30.0031237009 
        0.2600001000        22.4038572997 
        0.2650001000        -4.1935751043 
        0.2700000000        79.3983553084 
        0.2750001000       -91.5851387177 
        0.2800001000        94.5968881108 
        0.2850001000       -53.5888067119 
        0.2900001000        22.4038572997 
        0.2950001000       159.1906525206 
        0.3000001000       -34.5906407090 
        0.3050000000       341.5730461484 
        0.3100001000      -118.1825711217 
        0.3150001000       238.9829497328 
        0.3200001000        86.9976217096 
        0.3250000000       197.1869845264 
        0.3300001000       326.3745133461 
        0.3350001000        64.1998225061 
        0.3400000000       292.1778145409 
        0.3450001000       105.9957877125 
        0.3500001000       136.3928533171 
        0.3550001000       170.5895521224 
        0.3600000000        98.3965213113 
        0.3650011000       288.3781813403 
        0.3700023000       231.3836833316 
        0.3750000000       -42.1899071101 
        0.3800000000        79.3983553084 
        0.3850001000       113.5950541137 
        0.3900001000       341.5730461484 
        0.3950000000       246.5822161339 
        0.4000001000        33.8027569015 
        0.4050001000       159.1906525206 
        0.4100001000        30.0031237009 
        0.4150001000        30.0031237009 
        0.4200001000       231.3836833316 
        0.4250001000        49.0012897038 
        0.4300000000        90.7972549102 
        0.4350001000       117.3946873142 
        0.4400001000         7.2053244974 
        0.4450001000       102.1961545119 
        0.4500000000        67.9994557067 
        0.4550001000       166.7899189218 
        0.4600007000        71.7990889073 
        0.4650000000       128.7935869160 
        0.4700001000       307.3763473432 
        0.4750001000        -4.1935751043 
        0.4800001000       117.3946873142 
        0.4850000000        41.4020233026 
        0.4900001000        52.8009229044 
        0.4950001000        -7.9932083049 
        0.5000044000        52.8009229044 
        0.5050000000       197.1869845264 
        0.5100001000        56.6005561050 
        0.5150008000        64.1998225061 
        0.5200000000       216.1851505293 
        0.5250001000       223.7844169305 
        0.5300001000        83.1979885090 
        0.5350001000        90.7972549102 
        0.5400000000       121.1943205148 
        0.5450026000        86.9976217096 
        0.5500001000       102.1961545119 
        0.5550000000       204.7862509276 
        0.5600001000        52.8009229044 
        0.5650001000        18.6042240992 
        0.5700001000       280.7789149392 
        0.5750001000         3.4056912968 
        0.5800001000       109.7954209131 
        0.5850001000        86.9976217096 
        0.5900014000       -26.9913743078 
        0.5950001000        22.4038572997 
        0.6000001000        64.1998225061 
        0.6050001000       371.9701117531 
        0.6100000000        49.0012897038 
        0.6150001000       242.7825829334 
        0.6200001000       174.3891853229 
        0.6250000000        -7.9932083049 
        0.6300009000       250.3818493345 
        0.6350001000        60.4001893055 
        0.6400001000        90.7972549102 
        0.6450000000        71.7990889073 
        0.6500001000        14.8045908986 
        0.6550001000        86.9976217096 
        0.6600001000       246.5822161339 
        0.6650000000       371.9701117531 
        0.6700001000       197.1869845264 
        0.6750001000        18.6042240992 
        0.6800000000       109.7954209131 
        0.6850001000       109.7954209131 
        0.6900001000       -26.9913743078 
        0.6950001000        60.4001893055 
        0.7000001000       102.1961545119 
        0.7050001000       117.3946873142 
        0.7100001000        52.8009229044 
        0.7150000000        33.8027569015 
        0.7200001000       124.9939537154 
        0.7250001000        30.0031237009 
        0.7300001000        83.1979885090 
        0.7350000000        71.7990889073 
        0.7400001000        75.5987221079 
        0.7450001000       -34.5906407090 
        0.7500000000        71.7990889073 
        0.7550000000       136.3928533171 
        0.7600001000        49.0012897038 
        0.7650001000       155.3910193200 
        0.7700000000       166.7899189218 
        0.7750001000        90.7972549102 
        0.7800001000        83.1979885090 
        0.7850001000       102.1961545119 
        0.7900000000       143.9921197183 
        0.7950001000        64.1998225061 
        0.8000001000        83.1979885090 
        0.8050000000        98.3965213113 
        0.8100001000        52.8009229044 
        0.8150001000       136.3928533171 
        0.8200026000       181.9884517241 
        0.8250001000         7.2053244974 
        0.8300001000        41.4020233026 
        0.8350001000        37.6023901021 
        0.8400000000       276.9792817386 
        0.8450001000       136.3928533171 
        0.8500001000       105.9957877125 
        0.8550001000       102.1961545119 
        0.8600000000        37.6023901021 
        0.8650001000       295.9774477415 
        0.8700001000       105.9957877125 
        0.8750000000       102.1961545119 
        0.8800000000       292.1778145409 
        0.8850001000        79.3983553084 
        0.8900001000       159.1906525206 
        0.8950000000       -15.5924747061 
        0.9000001000        49.0012897038 
        0.9050001000       326.3745133461 
        0.9100001000        22.4038572997 
        0.9150000000        64.1998225061 
        0.9200001000       155.3910193200 
        0.9250001000       265.5803821368 
        0.9300000000        86.9976217096 
        0.9350001000        94.5968881108 
        0.9400001000        94.5968881108 
        0.9450001000        30.0031237009 
        0.9500001000        64.1998225061 
        0.9550001000       204.7862509276 
        0.9600001000       121.1943205148 
        0.9650000000        79.3983553084 
        0.9700001000       219.9847837299 
        0.9750001000        83.1979885090 
        0.9800001000        64.1998225061 
        0.9850000000       124.9939537154 
        0.9900001000        45.2016565032 
        0.9950001000        60.4001893055 
        1.0000000000        52.8009229044 
        1.0050000000       128.7935869160 
        1.0100001000        94.5968881108 
        1.0150001000        64.1998225061 
        1.0200001000       128.7935869160 
        1.0250001000        22.4038572997 
        1.0300004000       147.7917529189 
        1.0350001000       121.1943205148 
        1.0400000000        67.9994557067 
        1.0450001000       102.1961545119 
        1.0500001000        18.6042240992 
        1.0550000000       166.7899189218 
        1.0600001000        37.6023901021 
        1.0650001000        49.0012897038 
        1.0700001000       140.1924865177 
        1.0750000000        -4.1935751043 
        1.0800001000        14.8045908986 
        1.0850018000        94.5968881108 
        1.0900000000       -61.1880731130 
        1.0950001000        79.3983553084 
        1.1000001000       109.7954209131 
        1.1050001000        94.5968881108 
        1.1100000000        11.0049576980 
        1.1150001000        52.8009229044 
        1.1200001000        90.7972549102 
        1.1250000000       208.5858841282 
        1.1300000000        52.8009229044 
        1.1350001000       337.7734129479 
        1.1400001000        -0.3939419037 
        1.1450001000       208.5858841282 
        1.1500004000        75.5987221079 
        1.1550001000       136.3928533171 
        1.1600001000        71.7990889073 
        1.1650000000        86.9976217096 
        1.1700001000       178.1888185235 
        1.1750001000        56.6005561050 
        1.1800000000       292.1778145409 
        1.1850001000        22.4038572997 
        1.1900001000       238.9829497328 
        1.1950001000        75.5987221079 
        1.2000000000       109.7954209131 
        1.2050001000        83.1979885090 
        1.2100023000       121.1943205148 
        1.2150000000        52.8009229044 
        1.2200001000       185.7880849247 
        1.2250001000        45.2016565032 
        1.2300001000       170.5895521224 
        1.2350000000       143.9921197183 
        1.2400001000       136.3928533171 
        1.2450001000       140.1924865177 
        1.2500000000       257.9811157357 
        1.2550000000       166.7899189218 
        1.2600001000        52.8009229044 
        1.2650001000       143.9921197183 
        1.2700001000       265.5803821368 
        1.2750001000        52.8009229044 
        1.2800001000        79.3983553084 
        1.2850001000       109.7954209131 
        1.2900000000        64.1998225061 
        1.2950001000       -11.7928415055 
        1.3000001000        41.4020233026 
        1.3050000000       109.7954209131 
        1.3100001000        22.4038572997 
        1.3150001000       113.5950541137 
        1.3200001000       246.5822161339 
        1.3250000000        33.8027569015 
        1.3300001000        79.3983553084 
        1.3350024000        79.3983553084 
        1.3400000000       136.3928533171 
        1.3450001000        56.6005561050 
        1.3500001000        45.2016565032 
        1.3550001000       174.3891853229 
        1.3600000000        79.3983553084 
        1.3650001000        71.7990889073 
        1.3700001000       174.3891853229 
        1.3750000000       -26.9913743078 
        1.3800000000       360.5712121513 
        1.3850001000        49.0012897038 
        1.3900001000        94.5968881108 
        1.3950007000         3.4056912968 
        1.4000001000       314.9756137444 
        1.4050001000       109.7954209131 
        1.4100001000       314.9756137444 
        1.4150000000       -87.7855055171 
        1.4200001000       178.1888185235 
        1.4250001000         3.4056912968 
        1.4300000000        83.1979885090 
        1.4350001000       303.5767141426 
        1.4400001000       -23.1917411072 
        1.4450001000        45.2016565032 
        1.4500000000       288.3781813403 
        1.4550001000       185.7880849247 
        1.4600001000       337.7734129479 
        1.4650000000        64.1998225061 
        1.4700001000       288.3781813403 
        1.4750001000        75.5987221079 
        1.4800001000       121.1943205148 
        1.4850000000       318.7752469450 
        1.4900001000       143.9921197183 
        1.4950001000       227.5840501310 
        1.5000000000       265.5803821368 
        1.5050000000       265.5803821368 
        1.5100001000        14.8045908986 
        1.5150001000       261.7807489363 
        1.5200001000       178.1888185235 
        1.5250001000        60.4001893055 
        1.5300001000       -15.5924747061 
        1.5350001000        71.7990889073 
        1.5400001000        79.3983553084 
        1.5450001000        94.5968881108 
        1.5500001000        98.3965213113 
        1.5550000000       117.3946873142 
        1.5600001000        86.9976217096 
        1.5650001000        60.4001893055 
        1.5700001000       117.3946873142 
        1.5750000000        94.5968881108 
        1.5800001000        98.3965213113 
        1.5850001000        26.2034905003 
        1.5900000000        60.4001893055 
        1.5950001000       128.7935869160 
        1.6000001000        49.0012897038 
        1.6050001000       151.5913861195 
        1.6100000000        -7.9932083049 
        1.6150001000       -30.7910075084 
        1.6200001000       136.3928533171 
        1.6250000000       -26.9913743078 
        1.6300000000       -53.5888067119 
        1.6350001000       246.5822161339 
        1.6400001000         3.4056912968 
        1.6450001000        98.3965213113 
        1.6500001000         3.4056912968 
        1.6550001000       128.7935869160 
        1.6600001000        22.4038572997 
        1.6650001000        56.6005561050 
        1.6700001000       189.5877181253 
        1.6750001000         3.4056912968 
        1.6800000000       105.9957877125 
        1.6850001000        64.1998225061 
        1.6900001000       257.9811157357 
        1.6950001000        45.2016565032 
        1.7000000000        75.5987221079 
        1.7050001000       219.9847837299 
        1.7100001000       -30.7910075084 
        1.7150033000       280.7789149392 
        1.7200001000       185.7880849247 
        1.7250001000       265.5803821368 
        1.7300001000       -34.5906407090 
        1.7350021000       208.5858841282 
        1.7400001000       159.1906525206 
        1.7450001000       -34.5906407090 
        1.7500000000        18.6042240992 
        1.7550000000        79.3983553084 
        1.7600001000         3.4056912968 
        1.7650001000       250.3818493345 
        1.7700001000       200.9866177270 
        1.7750001000       -15.5924747061 
        1.7800001000        52.8009229044 
        1.7850001000        83.1979885090 
        1.7900001000        64.1998225061 
        1.7950001000        83.1979885090 
        1.8000001000        79.3983553084 
        1.8050000000        98.3965213113 
        1.8100001000        45.2016565032 
        1.8150001000        64.1998225061 
        1.8200001000       105.9957877125 
        1.8250000000        52.8009229044 
        1.8300001000       124.9939537154 
        1.8350001000        79.3983553084 
        1.8400000000       136.3928533171 
        1.8450001000        26.2034905003 
        1.8500001000       113.5950541137 
        1.8550001000       128.7935869160 
        1.8600000000         3.4056912968 
        1.8650001000        56.6005561050 
        1.8700001000       257.9811157357 
        1.8750000000        14.8045908986 
        1.8800000000       121.1943205148 
        1.8850001000        52.8009229044 
        1.8900001000        98.3965213113 
        1.8950001000       -72.5869727148 
        1.9000001000        67.9994557067 
        1.9050001000       121.1943205148 
        1.9100001000       -15.5924747061 
        1.9150001000        37.6023901021 
        1.9200001000        45.2016565032 
        1.9250001000        11.0049576980 
        1.9300000000        49.0012897038 
        1.9350001000        75.5987221079 
        1.9400001000       -38.3902739095 
        1.9450001000        49.0012897038 
        1.9500000000       113.5950541137 
        1.9550001000       181.9884517241 
        1.9600001000       295.9774477415 
        1.9650000000        79.3983553084 
        1.9700001000       356.7715789508 
        1.9750001000       -11.7928415055 
        1.9800001000       197.1869845264 
        1.9850000000       113.5950541137 
        1.9900001000        75.5987221079 
        1.9950001000         7.2053244974 
        2.0000000000        22.4038572997 
        2.0050000000       219.9847837299 
        2.0100001000        52.8009229044 
        2.0150001000        33.8027569015 
        2.0200001000       128.7935869160 
        2.0250001000        60.4001893055 
        2.0300001000       140.1924865177 
        2.0350001000        90.7972549102 
        2.0400001000        71.7990889073 
        2.0450001000        45.2016565032 
        2.0500001000        37.6023901021 
        2.0550000000       117.3946873142 
        2.0600001000        22.4038572997 
        2.0650001000        67.9994557067 
        2.0700001000       174.3891853229 
        2.0750000000       -87.7855055171 
        2.0800001000       102.1961545119 
        2.0850001000        90.7972549102 
        2.0900000000        52.8009229044 
        2.0950001000        64.1998225061 
        2.1000001000        52.8009229044 
        2.1050001000       174.3891853229 
        2.1100000000        45.2016565032 
        2.1150001000        45.2016565032 
        2.1200001000       219.9847837299 
        2.1250000000       -23.1917411072 
        2.1300000000       -45.9895403107 
        2.1350001000        79.3983553084 
        2.1400001000        26.2034905003 
        2.1450000000        26.2034905003 
        2.1500001000        98.3965213113 
        2.1550001000       113.5950541137 
        2.1600001000        33.8027569015 
        2.1650000000       311.1759805438 
        2.1700001000       189.5877181253 
        2.1750001000        11.0049576980 
        2.1800001000        45.2016565032 
        2.1850001000        75.5987221079 
        2.1900001000       -23.1917411072 
        2.1950001000        98.3965213113 
        2.2000000000       307.3763473432 
        2.2050001000        33.8027569015 
        2.2100001000       292.1778145409 
        2.2150000000        30.0031237009 
        2.2200026000       390.9682777560 
        2.2250001000       -42.1899071101 
        2.2300001000        41.4020233026 
        2.2350000000       326.3745133461 
        2.2400001000       -23.1917411072 
        2.2450001000       265.5803821368 
        2.2500004000       128.7935869160 
        2.2550000000       284.5785481398 
        2.2600001000        94.5968881108 
        2.2650001000        -0.3939419037 
        2.2700006000       204.7862509276 
        2.2750001000        98.3965213113 
        2.2800001000        52.8009229044 
        2.2850001000        30.0031237009 
        2.2900000000        14.8045908986 
        2.2950001000       102.1961545119 
        2.3000001000       113.5950541137 
        2.3050001000       105.9957877125 
        2.3100001000      -106.7836715200 
        2.3150001000        37.6023901021 
        2.3200001000        98.3965213113 
        2.3250000000       174.3891853229 
        2.3300001000       159.1906525206 
        2.3350001000       102.1961545119 
        2.3400000000        56.6005561050 
        2.3450001000       -53.5888067119 
        2.3500001000       170.5895521224 
        2.3550001000        60.4001893055 
        2.3600000000       -34.5906407090 
        2.3650001000        22.4038572997 
        2.3700001000       155.3910193200 
        2.3750000000        33.8027569015 
        2.3800000000        83.1979885090 
        2.3850001000        83.1979885090 
        2.3900001000         3.4056912968 
        2.3950000000       117.3946873142 
        2.4000001000       151.5913861195 
        2.4050001000       105.9957877125 
        2.4100001000      -118.1825711217 
        2.4150000000       128.7935869160 
        2.4200001000       109.7954209131 
        2.4250001000        52.8009229044 
        2.4300001000       132.5932201166 
        2.4350001000        26.2034905003 
        2.4400001000        30.0031237009 
        2.4450001000       299.7770809421 
        2.4500000000       109.7954209131 
        2.4550001000        83.1979885090 
        2.4600001000      -144.7800035258 
        2.4650000000        75.5987221079 
        2.4700001000       159.1906525206 
        2.4750016000       -42.1899071101 
        2.4800001000       265.5803821368 
        2.4850000000       178.1888185235 
        2.4900001000        11.0049576980 
        2.4950001000        26.2034905003 
        2.5000000000       265.5803821368 
        2.5050000000        26.2034905003 
        2.5100001000        26.2034905003 
        2.5150001000       204.7862509276 
        2.5200000000        45.2016565032 
        2.5250001000       -11.7928415055 
        2.5300001000        22.4038572997 
        2.5350001000       349.1723125496 
        2.5400000000        45.2016565032 
        2.5450001000        52.8009229044 
        2.5500001000       109.7954209131 
        2.5550001000        -7.9932083049 
        2.5600001000      -156.1789031275 
        2.5650001000       113.5950541137 
        2.5700001000        90.7972549102 
        2.5750000000        -7.9932083049 
        2.5800001000        -7.9932083049 
        2.5850001000       166.7899189218 
        2.5900000000         7.2053244974 
        2.5950001000       311.1759805438 
        2.6000001000        49.0012897038 
        2.6050001000       155.3910193200 
        2.6100000000      -129.5814707235 
        2.6150001000        86.9976217096 
        2.6200001000       147.7917529189 
        2.6250000000        79.3983553084 
        2.6300000000       124.9939537154 
        2.6350001000       113.5950541137 
        2.6400001000         3.4056912968 
        2.6450000000        45.2016565032 
        2.6500001000        22.4038572997 
        2.6550001000        67.9994557067 
        2.6600001000       -83.9858723165 
        2.6650000000        22.4038572997 
        2.6700001000       143.9921197183 
        2.6750001000        -4.1935751043 
        2.6800001000       105.9957877125 
        2.6850001000       166.7899189218 
        2.6900001000       -61.1880731130 
        2.6950001000        -7.9932083049 
        2.7000000000        52.8009229044 
        2.7050001000       170.5895521224 
        2.7100026000      -118.1825711217 
        2.7150000000       295.9774477415 
        2.7200001000       174.3891853229 
        2.7250001000       -19.3921079066 
        2.7300001000       -34.5906407090 
        2.7350000000       197.1869845264 
        2.7400001000       166.7899189218 
        2.7450001000       155.3910193200 
        2.7500000000        52.8009229044 
        2.7550000000        52.8009229044 
        2.7600001000      -133.3811039240 
        2.7650001000        22.4038572997 
        2.7700000000       189.5877181253 
        2.7750001000        30.0031237009 
        2.7800001000        11.0049576980 
        2.7850020000       352.9719457502 
        2.7900000000         3.4056912968 
        2.7950001000       246.5822161339 
        2.8000001000       121.1943205148 
        2.8050001000       181.9884517241 
        2.8100001000      -129.5814707235 
        2.8150001000        -7.9932083049 
        2.8200001000       105.9957877125 
        2.8250000000       -57.3884399124 
        2.8300001000         7.2053244974 
        2.8350001000       124.9939537154 
        2.8400000000       -19.3921079066 
        2.8450001000        90.7972549102 
        2.8500001000        52.8009229044 
        2.8550001000        79.3983553084 
        2.8600000000       -83.9858723165 
        2.8650001000       -64.9877063136 
        2.8700001000       269.3800153374 
        2.8750000000        41.4020233026 
        2.8800000000        -7.9932083049 
        2.8850001000       178.1888185235 
        2.8900001000       -64.9877063136 
        2.8950000000       -26.9913743078 
        2.9000001000        64.1998225061 
        2.9050001000       121.1943205148 
        2.9100001000       -49.7891735113 
        2.9150000000        14.8045908986 
        2.9200047000        52.8009229044 
        2.9250001000       -30.7910075084 
        2.9300001000        -7.9932083049 
        2.9350001000       178.1888185235 
        2.9400001000       -42.1899071101 
        2.9450001000       -42.1899071101 
        2.9500000000       219.9847837299 
        2.9550001000        41.4020233026 
        2.9600001000       -99.1844051188 
        2.9650000000       159.1906525206 
        2.9700001000       162.9902857212 
        2.9750001000       -11.7928415055 
        2.9800001000        49.0012897038 
        2.9850000000       136.3928533171 
        2.9900001000       -95.3847719182 
        2.9950001000       257.9811157357 
