           Time[sec] \omega_{gyro}[deg/sec] 
        0.0000000000        24.0259634703 
        0.0050000000         5.0277974674 
        0.0100001000       176.0112914935 
        0.0150000000        12.6270638686 
        0.0200000000        12.6270638686 
        0.0250001000        12.6270638686 
        0.0300000000        -2.5714689337 
        0.0350000000        16.4266970692 
        0.0400001000       -10.1707353349 
        0.0450000000         8.8274306680 
        0.0500000000        12.6270638686 
        0.0550001000        16.4266970692 
        0.0600000000        12.6270638686 
        0.0650000000        -6.3711021343 
        0.0700001000        12.6270638686 
        0.0750000000        -2.5714689337 
        0.0800000000        -6.3711021343 
        0.0850001000         5.0277974674 
        0.0900001000         1.2281642669 
        0.0950000000        12.6270638686 
        0.1000000000         5.0277974674 
        0.1050001000         5.0277974674 
        0.1100000000        -2.5714689337 
        0.1150000000         5.0277974674 
        0.1200001000         5.0277974674 
        0.1250000000        20.2263302698 
        0.1300000000         5.0277974674 
        0.1350001000         5.0277974674 
        0.1400000000         5.0277974674 
        0.1450000000        -6.3711021343 
        0.1500001000       179.8109246941 
        0.1550000000        -2.5714689337 
        0.1600000000        -2.5714689337 
        0.1650001000         5.0277974674 
        0.1700000000        12.6270638686 
        0.1750000000       195.0094574964 
        0.1800001000       -10.1707353349 
        0.1850000000       179.8109246941 
        0.1900000000       -40.5678009395 
        0.1950001000       172.2116582929 
        0.2000000000         5.0277974674 
        0.2050000000       160.8127586912 
        0.2100001000        12.6270638686 
        0.2150001000        -2.5714689337 
        0.2200000000       191.2098242958 
        0.2250000000         5.0277974674 
        0.2300001000       198.8090906970 
        0.2350000000       -25.3692681372 
        0.2400001000       157.0131254906 
        0.2450001000       164.6123918918 
        0.2500000000       214.0076234993 
        0.2550000000       206.4083570982 
        0.2600001000       164.6123918918 
        0.2650000000       153.2134922900 
        0.2700000000       168.4120250924 
        0.2750001000       377.3918511243 
        0.2800000000       168.4120250924 
        0.2850000000       164.6123918918 
        0.2900001000       164.6123918918 
        0.2950000000       164.6123918918 
        0.3000000000       160.8127586912 
        0.3050001000       138.0149594877 
        0.3100000000       153.2134922900 
        0.3150000000       153.2134922900 
        0.3200001000       164.6123918918 
        0.3250000000       138.0149594877 
        0.3300000000       141.8145926883 
        0.3350001000       157.0131254906 
        0.3400001000       176.0112914935 
        0.3450000000       130.4156930866 
        0.3500001000       134.2153262871 
        0.3550001000       149.4138590895 
        0.3600000000       403.9892835283 
        0.3650000000       145.6142258889 
        0.3700001000       157.0131254906 
        0.3750000000       149.4138590895 
        0.3800000000       138.0149594877 
        0.3850001000       138.0149594877 
        0.3900000000       160.8127586912 
        0.3950000000       141.8145926883 
        0.4000001000       145.6142258889 
        0.4050000000       157.0131254906 
        0.4100000000       138.0149594877 
        0.4150001000       426.7870827318 
        0.4200001000       419.1878163306 
        0.4250000000       141.8145926883 
        0.4300001000       145.6142258889 
        0.4350000000       149.4138590895 
        0.4400000000       415.3881831301 
        0.4450001000       130.4156930866 
        0.4500000000       138.0149594877 
        0.4550000000       141.8145926883 
        0.4600001000       153.2134922900 
        0.4650001000       149.4138590895 
        0.4700000000       160.8127586912 
        0.4750001000       141.8145926883 
        0.4800001000       130.4156930866 
        0.4850000000       134.2153262871 
        0.4900000000       134.2153262871 
        0.4950001000       286.2006543103 
        0.5000000000       392.5903839266 
        0.5050000000       115.2171602842 
        0.5100001000       130.4156930866 
        0.5150000000       126.6160598860 
        0.5200000000       126.6160598860 
        0.5250001000       149.4138590895 
        0.5300000000       138.0149594877 
        0.5350000000       126.6160598860 
        0.5400001000       134.2153262871 
        0.5450000000       141.8145926883 
        0.5500000000       141.8145926883 
        0.5550001000       134.2153262871 
        0.5600000000       149.4138590895 
        0.5650000000       134.2153262871 
        0.5700001000       134.2153262871 
        0.5750001000       141.8145926883 
        0.5800001000       145.6142258889 
        0.5850001000       141.8145926883 
        0.5900001000       141.8145926883 
        0.5950000000       286.2006543103 
        0.6000000000       145.6142258889 
        0.6050001000       145.6142258889 
        0.6100000000       157.0131254906 
        0.6150000000       160.8127586912 
        0.6200001000       138.0149594877 
        0.6250000000       145.6142258889 
        0.6300000000       160.8127586912 
        0.6350009000       157.0131254906 
        0.6400000000       134.2153262871 
        0.6450000000       145.6142258889 
        0.6500001000       160.8127586912 
        0.6550000000       153.2134922900 
        0.6600000000       141.8145926883 
        0.6650001000       134.2153262871 
        0.6700000000       145.6142258889 
        0.6750000000       160.8127586912 
        0.6800001000       164.6123918918 
        0.6850000000       157.0131254906 
        0.6900000000       164.6123918918 
        0.6950001000       149.4138590895 
        0.7000001000       153.2134922900 
        0.7050001000       350.7944187202 
        0.7100001000       164.6123918918 
        0.7150001000       164.6123918918 
        0.7200000000       157.0131254906 
        0.7250000000       157.0131254906 
        0.7300001000       157.0131254906 
        0.7350000000       138.0149594877 
        0.7400000000       164.6123918918 
        0.7450001000       168.4120250924 
        0.7500000000       164.6123918918 
        0.7550000000       343.1951523190 
        0.7600001000       141.8145926883 
        0.7650000000       168.4120250924 
        0.7700000000       392.5903839266 
        0.7750001000       157.0131254906 
        0.7800000000       153.2134922900 
        0.7850000000       153.2134922900 
        0.7900001000       138.0149594877 
        0.7950000000       160.8127586912 
        0.8000000000       149.4138590895 
        0.8050001000       358.3936851214 
        0.8100000000       149.4138590895 
        0.8150000000       141.8145926883 
        0.8200001000       149.4138590895 
        0.8250001000       160.8127586912 
        0.8300001000       157.0131254906 
        0.8350001000       164.6123918918 
        0.8400001000       145.6142258889 
        0.8450000000       153.2134922900 
        0.8500000000       164.6123918918 
        0.8550001000       141.8145926883 
        0.8600000000       157.0131254906 
        0.8650000000       168.4120250924 
        0.8700001000       179.8109246941 
        0.8750000000       153.2134922900 
        0.8800000000       157.0131254906 
        0.8850001000       160.8127586912 
        0.8900000000       172.2116582929 
        0.8950000000       153.2134922900 
        0.9000001000       160.8127586912 
        0.9050000000       187.4101910953 
        0.9100000000       168.4120250924 
        0.9150001000       172.2116582929 
        0.9200000000       160.8127586912 
        0.9250000000       172.2116582929 
        0.9300001000       145.6142258889 
        0.9350000000       164.6123918918 
        0.9400000000       168.4120250924 
        0.9450001000       160.8127586912 
        0.9500001000       164.6123918918 
        0.9550001000       179.8109246941 
        0.9600001000       172.2116582929 
        0.9650001000       172.2116582929 
        0.9700000000       160.8127586912 
        0.9750000000       320.3973531156 
        0.9800001000       168.4120250924 
        0.9850000000       157.0131254906 
        0.9900000000       172.2116582929 
        0.9950001000       187.4101910953 
