           Time[sec]           V_{cmd}[V]          V_{gyro}[V]          \theta[deg] \omega_{gyro}[deg/sec] 
        0.0000000000        -0.1400000000         1.2054518309       336.2794779911       -10.6675521887 
        0.0050000000        -0.1400000000         1.2130986854       336.8299773768         0.7456634198 
        0.0100000000        -0.1400000000         1.2105497339       336.8299773768        -3.0587417831 
        0.0150000000        -0.1400000000         1.2130986854       336.8299773768         0.7456634198 
        0.0200000000        -0.1400000000         1.2130986854       336.6464775816         0.7456634198 
        0.0250000000        -0.1400000000         1.2207455399       336.8299773768        12.1588790282 
        0.0300000000        -0.1400000000         1.2105497339       335.9124784006        -3.0587417831 
        0.0350000000        -0.1400000000         1.1264343349       336.8299773768      -128.6041134764 
        0.0400000000        -0.1400000000         1.1570217527       335.3619790148       -82.9512510425 
        0.0450024000        -0.1400000000         1.1544728012       334.6279798338       -86.7556562453 
        0.0500000000        -0.1400000000         1.1417280438       335.1784792196      -105.7776822595 
        0.0550000000        -0.1400000000         1.1391790923       333.7104808576      -109.5820874623 
        0.0600000000        -0.1400000000         1.1493748983       334.2609802433       -94.3644666510 
        0.0650014000        -0.1400000000         1.1391790923       332.6094820861      -109.5820874623 
        0.0700000000        -0.1400000000         1.1442769953       332.6094820861      -101.9732770566 
        0.0750000000        -0.1400000000         1.1366301408       332.2424824956      -113.3864926651 
        0.0800000000        -0.1400000000         1.1391790923       331.3249835193      -109.5820874623 
        0.0850000000        -0.1400000000         1.1468259468       331.5084833146       -98.1688718538 
        0.0900000000        -0.1400000000         1.1315322379       330.0404849526      -120.9953030708 
        0.0950000000        -0.1400000000         1.1187874804       329.6734853621      -140.0173290849 
        0.1000000000        -0.1400000000         1.1442769953       329.8569851574      -101.9732770566 
        0.1050000000        -0.1400000000         1.1264343349       328.0219872049      -128.6041134764 
        0.1100000000        -0.1400000000         1.1315322379       327.8384874096      -120.9953030708 
        0.1150000000        -0.1400000000         1.1315322379       327.2879880239      -120.9953030708 
        0.1200000999        -0.1400000000         1.1264343349       326.7374886381      -128.6041134764 
        0.1250000000        -0.1400000000         1.1238853834       326.0034894571      -132.4085186793 
        0.1300000000        -0.1400000000         1.1289832864       325.4529900714      -124.7997082736 
        0.1350000000        -0.1400000000         1.1187874804       324.9024906856      -140.0173290849 
        0.1400000000        -0.1400000000         1.1162385289       324.7189908904      -143.8217342878 
        0.1450000000        -0.1400000000         1.1136895775       322.8839929379      -147.6261394906 
        0.1500000000        -0.1400000000         1.1187874804       322.1499937569      -140.0173290849 
        0.1550000000        -0.1400000000         1.1162385289       322.1499937569      -143.8217342878 
        0.1600000000        -0.1400000000         1.1340811893       321.9664939617      -117.1908978680 
        0.1650000000        -0.1400000000         1.1162385289       320.3149958044      -143.8217342878 
        0.1700000000        -0.1400000000         1.1289832864       320.8654951902      -124.7997082736 
        0.1750000000        -0.1400000000         1.1238853834       319.3974968282      -132.4085186793 
        0.1800001000        -0.1400000000         1.1264343349       319.0304972377      -128.6041134764 
        0.1850000000        -0.1400000000         1.1289832864       318.2964980567      -124.7997082736 
        0.1900000000        -0.1400000000         1.1238853834       318.1129982615      -132.4085186793 
        0.1950000000        -0.1400000000         1.1136895775       316.4615001042      -147.6261394906 
        0.2000000000        -0.1400000000         1.1264343349       316.2780003090      -128.6041134764 
        0.2050000000        -0.1400000000         1.1238853834       315.7275009232      -132.4085186793 
        0.2100001000        -0.1400000000         1.1162385289       314.6265021517      -143.8217342878 
        0.2150000000        -0.1400000000         1.1187874804       314.4430023565      -140.0173290849 
        0.2200000000        -0.1400000000         1.1187874804       313.7090031755      -140.0173290849 
        0.2250000000        -0.1400000000         1.1213364319       313.1585037897      -136.2129238821 
        0.2300000000        -0.1400000000         1.1264343349       312.7915041992      -128.6041134764 
        0.2350000000        -0.1400000000         1.1111406260       311.5070056325      -151.4305446934 
        0.2400001000        -0.1400000000         1.1238853834       311.3235058373      -132.4085186793 
        0.2450000999        -0.1400000000         1.1060427230       309.6720076800      -159.0393550991 
        0.2500000000        -0.1400000000         1.1085916745       308.9380084990      -155.2349498962 
        0.2550000000        -0.1400000000         1.1136895775       308.7545087038      -147.6261394906 
        0.2600000000        -0.1400000000         1.1111406260       307.2865103418      -151.4305446934 
        0.2650000000        -0.1400000000         1.1111406260       307.2865103418      -151.4305446934 
        0.2700000000        -0.1400000000         1.1111406260       306.5525111608      -151.4305446934 
        0.2750000000        -0.1400000000         1.1060427230       306.0020117751      -159.0393550991 
        0.2800000000        -0.1400000000         1.1111406260       304.9010130036      -151.4305446934 
        0.2850000000        -0.1400000000         1.1034937715       303.9835140273      -162.8437603019 
        0.2900001000        -0.1400000000         1.1162385289       303.2495148463      -143.8217342878 
        0.2950000000        -0.1400000000         1.1009448200       302.1485160748      -166.6481655047 
        0.3000000000        -0.1400000000         1.1111406260       301.7815164843      -151.4305446934 
        0.3050009000        -0.1400000000         1.1111406260       300.8640175081      -151.4305446934 
        0.3100000000        -0.1400000000         1.1136895775       300.6805177128      -147.6261394906 
        0.3150000000        -0.1400000000         1.1136895775       299.9465185319      -147.6261394906 
        0.3200000000        -0.1400000000         1.1009448200       298.4785201699      -166.6481655047 
        0.3250000000        -0.1400000000         1.1136895775       298.6620199651      -147.6261394906 
        0.3300000000        -0.1400000000         1.1009448200       297.0105218079      -166.6481655047 
        0.3350000000        -0.1400000000         1.1111406260       296.4600224221      -151.4305446934 
        0.3400000000        -0.1400000000         1.1111406260       295.5425234459      -151.4305446934 
        0.3450019001        -0.1400000000         1.0958469171       294.2580248791      -174.2569759104 
        0.3500001000        -0.1400000000         1.1111406260       294.0745250839      -151.4305446934 
        0.3550001000        -0.1400000000         1.1034937715       293.3405259029      -162.8437603019 
        0.3600000000        -0.1400000000         1.1060427230       292.2395271314      -159.0393550991 
        0.3650000000        -0.1400000000         1.1034937715       291.5055279504      -162.8437603019 
        0.3700000999        -0.1400000000         1.1085916745       290.7715287694      -155.2349498962 
        0.3750000000        -0.1400000000         1.0932979656       289.1200306122      -178.0613811132 
        0.3800000000        -0.1400000000         1.1162385289       289.1200306122      -143.8217342878 
        0.3850000000        -0.1400000000         1.0882000626       287.4685324550      -185.6701915189 
        0.3900000000        -0.1400000000         1.1009448200       286.9180330692      -166.6481655047 
        0.3950000000        -0.1400000000         1.1060427230       286.9180330692      -159.0393550991 
        0.4000000000        -0.1400000000         1.1009448200       285.4500347072      -166.6481655047 
        0.4050000000        -0.1400000000         1.1034937715       285.0830351167      -162.8437603019 
        0.4100000000        -0.1400000000         1.0882000626       283.7985365500      -185.6701915189 
        0.4150001000        -0.1400000000         1.0932979656       282.8810375737      -178.0613811132 
        0.4200001000        -0.1400000000         1.1060427230       283.0645373690      -159.0393550991 
        0.4250000000        -0.1400000000         1.1009448200       281.0460396213      -166.6481655047 
        0.4300000000        -0.1400000000         1.1009448200       280.6790400308      -166.6481655047 
        0.4350000000        -0.1400000000         1.1085916745       280.1285406450      -155.2349498962 
        0.4400000000        -0.1400000000         1.0907490141       278.8440420783      -181.8657863161 
        0.4450000000        -0.1400000000         1.1009448200       278.2935426925      -166.6481655047 
        0.4500000000        -0.1400000000         1.0983958685       277.7430433068      -170.4525707076 
        0.4550000000        -0.1400000000         1.0983958685       277.0090441258      -170.4525707076 
        0.4600000000        -0.1400000000         1.1136895775       275.9080453543      -147.6261394906 
        0.4650000000        -0.1400000000         1.1009448200       275.1740461733      -166.6481655047 
        0.4700000000        -0.1400000000         1.0958469171       274.2565471971      -174.2569759104 
        0.4750001000        -0.1400000000         1.1187874804       274.4400469923      -140.0173290849 
        0.4800001000        -0.1400000000         1.0907490141       273.1555484256      -181.8657863161 
        0.4850000000        -0.1400000000         1.1009448200       271.8710498588      -166.6481655047 
        0.4900000000        -0.1400000000         1.0856511111       271.1370506778      -189.4745967217 
        0.4950000999        -0.1400000000         1.1009448200       270.7700510873      -166.6481655047 
        0.5000000000        -0.1400000000         1.1009448200       269.8525521111      -166.6481655047 
        0.5050000000        -0.1400000000         1.0958469171       269.4855525206      -174.2569759104 
        0.5100000000        -0.1400000000         1.1009448200       268.3845537491      -166.6481655047 
        0.5150000000        -0.1400000000         1.1009448200       267.8340543634      -166.6481655047 
        0.5200000000        -0.1400000000         1.0983958685       266.1825562061      -170.4525707076 
        0.5250000000        -0.1400000000         1.0932979656       265.9990564109      -178.0613811132 
        0.5300000000        -0.1400000000         1.0882000626       265.0815574346      -185.6701915189 
        0.5350000000        -0.1400000000         1.1111406260       264.5310580489      -151.4305446934 
        0.5400000000        -0.1400000000         1.0983958685       263.4300592774      -170.4525707076 
        0.5450000000        -0.1400000000         1.0882000626       261.9620609154      -185.6701915189 
        0.5500000000        -0.1400000000         1.1060427230       262.3290605059      -159.0393550991 
        0.5550000000        -0.1400000000         1.1009448200       260.4940625534      -166.6481655047 
        0.5600047001        -0.1400000000         1.1009448200       259.7600633724      -166.6481655047 
        0.5650000000        -0.1400000000         1.1085916745       259.2095639867      -155.2349498962 
        0.5700001000        -0.1400000000         1.0907490141       257.7415656247      -181.8657863161 
        0.5750462000        -0.1400000000         1.0983958685       257.1910662390      -170.4525707076 
        0.5800001000        -0.1400000000         1.0958469171       256.2735672627      -174.2569759104 
        0.5850000000        -0.1400000000         1.0983958685       255.9065676722      -170.4525707076 
        0.5900000000        -0.1400000000         1.1162385289       255.5395680817      -143.8217342878 
        0.5950000000        -0.1400000000         1.0932979656       254.2550695150      -178.0613811132 
        0.6000000000        -0.1400000000         1.1085916745       254.0715697197      -155.2349498962 
        0.6050000000        -0.1400000000         1.0882000626       252.2365717672      -185.6701915189 
        0.6100000000        -0.1400000000         1.1060427230       252.0530719720      -159.0393550991 
        0.6150000000        -0.1400000000         1.0983958685       251.6860723815      -170.4525707076 
        0.6200000999        -0.1400000000         1.0907490141       250.0345742243      -181.8657863161 
        0.6250000000        -0.1400000000         1.0983958685       249.4840748385      -170.4525707076 
        0.6300000000        -0.1400000000         1.1009448200       247.8325766813      -166.6481655047 
        0.6350000000        -0.1400000000         1.0958469171       247.8325766813      -174.2569759104 
        0.6400000000        -0.1400000000         1.1034937715       246.7315779098      -162.8437603019 
        0.6450000000        -0.1400000000         1.0932979656       246.1810785240      -178.0613811132 
        0.6500000000        -0.1400000000         1.1034937715       245.2635795478      -162.8437603019 
        0.6550000000        -0.1400000000         1.1009448200       244.5295803668      -166.6481655047 
        0.6600000000        -0.1400000000         1.1009448200       243.0615820048      -166.6481655047 
        0.6650000000        -0.1400000000         1.1060427230       243.4285815953      -159.0393550991 
        0.6700000000        -0.1400000000         1.1060427230       241.5935836428      -159.0393550991 
        0.6750000000        -0.1400000000         1.1162385289       241.5935836428      -143.8217342878 
        0.6800000000        -0.1400000000         1.1111406260       240.4925848713      -151.4305446934 
        0.6850000000        -0.1400000000         1.1060427230       239.9420854856      -159.0393550991 
        0.6900000000        -0.1400000000         1.1085916745       239.0245865093      -155.2349498962 
        0.6950001000        -0.1400000000         1.0983958685       238.1070875331      -170.4525707076 
        0.7000001000        -0.1400000000         1.1060427230       237.5565881474      -159.0393550991 
        0.7050069000        -0.1400000000         1.1085916745       236.6390891711      -155.2349498962 
        0.7100000000        -0.1400000000         1.0958469171       235.3545906044      -174.2569759104 
        0.7150000000        -0.1400000000         1.1162385289       235.5380903996      -143.8217342878 
        0.7200000000        -0.1400000000         1.1034937715       234.2535918329      -162.8437603019 
        0.7250000000        -0.1400000000         1.1060427230       233.5195926519      -159.0393550991 
        0.7300000000        -0.1400000000         1.0983958685       232.2350940852      -170.4525707076 
        0.7350000000        -0.1400000000         1.1085916745       232.0515942899      -155.2349498962 
        0.7400000000        -0.1400000000         1.0983958685       231.1340953137      -170.4525707076 
        0.7450000999        -0.1400000000         1.1085916745       230.4000961327      -155.2349498962 
        0.7500000000        -0.1400000000         1.0932979656       228.9320977707      -178.0613811132 
        0.7550000000        -0.1400000000         1.1009448200       228.9320977707      -166.6481655047 
        0.7600000000        -0.1400000000         1.0932979656       227.8310989992      -178.0613811132 
        0.7650454999        -0.1400000000         1.1034937715       227.2805996134      -162.8437603019 
        0.7700000000        -0.1400000000         1.1085916745       226.9136000229      -155.2349498962 
        0.7750000000        -0.1400000000         1.1009448200       225.8126012515      -166.6481655047 
        0.7800000000        -0.1400000000         1.1060427230       225.2621018657      -159.0393550991 
        0.7850000000        -0.1400000000         1.1034937715       223.9776032990      -162.8437603019 
        0.7900000000        -0.1400000000         1.1238853834       223.4271039132      -132.4085186793 
        0.7950000000        -0.1400000000         1.1034937715       222.3261051417      -162.8437603019 
        0.8000000000        -0.1400000000         1.1111406260       221.5921059607      -151.4305446934 
        0.8050000000        -0.1400000000         1.1187874804       220.8581067797      -140.0173290849 
        0.8100000000        -0.1400000000         1.1085916745       219.9406078035      -155.2349498962 
        0.8150000000        -0.1400000000         1.1187874804       219.9406078035      -140.0173290849 
        0.8200001000        -0.1400000000         1.1111406260       218.4726094415      -151.4305446934 
        0.8250001000        -0.1400000000         1.1136895775       218.4726094415      -147.6261394906 
        0.8300001000        -0.1400000000         1.1009448200       216.4541116938      -166.6481655047 
        0.8350001000        -0.1400000000         1.1060427230       216.0871121033      -159.0393550991 
        0.8400000000        -0.1400000000         1.1034937715       215.1696131270      -162.8437603019 
        0.8450000000        -0.1400000000         1.1136895775       214.8026135365      -147.6261394906 
        0.8500000000        -0.1400000000         1.1009448200       213.8851145603      -166.6481655047 
        0.8550000000        -0.1400000000         1.1187874804       213.7016147651      -140.0173290849 
        0.8600000000        -0.1400000000         1.1085916745       212.6006159936      -155.2349498962 
        0.8650000000        -0.1400000000         1.1009448200       211.4996172221      -166.6481655047 
        0.8700000999        -0.1400000000         1.1136895775       211.1326176316      -147.6261394906 
        0.8750000000        -0.1400000000         1.1060427230       210.2151186553      -159.0393550991 
        0.8800000000        -0.1400000000         1.0983958685       209.2976196791      -170.4525707076 
        0.8850000000        -0.1400000000         1.1111406260       208.3801207028      -151.4305446934 
        0.8900000000        -0.1400000000         1.1060427230       207.8296213171      -159.0393550991 
        0.8950000000        -0.1400000000         1.1162385289       207.8296213171      -143.8217342878 
        0.9000000000        -0.1400000000         1.1060427230       205.9946233646      -159.0393550991 
        0.9050000000        -0.1400000000         1.0983958685       205.2606241836      -170.4525707076 
        0.9100000000        -0.1400000000         1.0983958685       204.3431252074      -170.4525707076 
        0.9150000000        -0.1400000000         1.1085916745       204.3431252074      -155.2349498962 
        0.9200000000        -0.1400000000         1.1111406260       203.4256262311      -151.4305446934 
        0.9250000000        -0.1400000000         1.1136895775       202.6916270501      -147.6261394906 
        0.9300000000        -0.1400000000         1.1136895775       201.7741280739      -147.6261394906 
        0.9350000000        -0.1400000000         1.1111406260       200.8566290977      -151.4305446934 
        0.9400000000        -0.1400000000         1.1060427230       199.9391301214      -159.0393550991 
        0.9450001000        -0.1400000000         1.1136895775       200.3061297119      -147.6261394906 
        0.9500001000        -0.1400000000         1.0983958685       198.6546315547      -170.4525707076 
        0.9550001000        -0.1400000000         1.1136895775       198.4711317594      -147.6261394906 
        0.9600001000        -0.1400000000         1.1111406260       197.1866331927      -151.4305446934 
        0.9650000000        -0.1400000000         1.1111406260       197.3701329879      -151.4305446934 
        0.9700000000        -0.1400000000         1.1213364319       196.2691342164      -136.2129238821 
        0.9750000000        -0.1400000000         1.1136895775       195.5351350355      -147.6261394906 
        0.9800000000        -0.1400000000         1.0932979656       194.0671366735      -178.0613811132 
        0.9850000000        -0.1400000000         1.1111406260       193.5166372877      -151.4305446934 
        0.9900182999        -0.1400000000         1.1034937715       192.9661379020      -162.8437603019 
        0.9950000999        -0.1400000000         1.1111406260       192.2321387210      -151.4305446934 
        1.0000000000        -0.1400000000         1.1060427230       191.3146397447      -159.0393550991 
        1.0050000000        -0.1400000000         1.1111406260       191.6816393352      -151.4305446934 
        1.0100000999        -0.1400000000         1.1060427230       190.0301411780      -159.0393550991 
        1.0150000000        -0.1400000000         1.1060427230       188.9291424065      -159.0393550991 
        1.0200001000        -0.1400000000         1.1009448200       188.5621428160      -166.6481655047 
        1.0250000000        -0.1400000000         1.1136895775       188.1951432255      -147.6261394906 
        1.0300000000        -0.1400000000         1.1060427230       187.0941444540      -159.0393550991 
        1.0350024000        -0.1400000000         1.1009448200       185.9931456825      -166.6481655047 
        1.0400000000        -0.1400000000         1.1111406260       185.8096458873      -151.4305446934 
        1.0450000000        -0.1400000000         1.1060427230       184.1581477300      -159.0393550991 
        1.0500000000        -0.1400000000         1.1136895775       184.3416475253      -147.6261394906 
        1.0550000000        -0.1400000000         1.1111406260       183.4241485491      -151.4305446934 
        1.0600000000        -0.1400000000         1.1162385289       183.0571489586      -143.8217342878 
        1.0650000000        -0.1400000000         1.1136895775       182.5066495728      -147.6261394906 
        1.0700000000        -0.1400000000         1.1187874804       181.7726503918      -140.0173290849 
        1.0750000000        -0.1400000000         1.1060427230       180.3046520298      -159.0393550991 
        1.0800000000        -0.1400000000         1.1136895775       179.7541526441      -147.6261394906 
        1.0850000000        -0.1400000000         1.1085916745       179.3871530536      -155.2349498962 
        1.0900016000        -0.1400000000         1.1085916745       178.2861542821      -155.2349498962 
        1.0950000000        -0.1400000000         1.1034937715       177.3686553058      -162.8437603019 
        1.1000000000        -0.1400000000         1.1187874804       177.0016557154      -140.0173290849 
        1.1050000000        -0.1400000000         1.1111406260       176.6346561249      -151.4305446934 
        1.1100000000        -0.1400000000         1.1136895775       175.9006569439      -147.6261394906 
        1.1150000000        -0.1400000000         1.1060427230       173.8821591961      -159.0393550991 
        1.1200000999        -0.1400000000         1.1034937715       173.6986594009      -162.8437603019 
        1.1250000000        -0.1400000000         1.1085916745       173.1481600151      -155.2349498962 
        1.1300000000        -0.1400000000         1.1009448200       172.0471612436      -166.6481655047 
        1.1350000999        -0.1400000000         1.0932979656       171.3131620626      -178.0613811132 
        1.1400000000        -0.1400000000         1.0983958685       170.0286634959      -170.4525707076 
        1.1450001000        -0.1400000000         1.0932979656       169.2946643149      -178.0613811132 
        1.1500000000        -0.1400000000         1.0882000626       168.3771653387      -185.6701915189 
        1.1550001000        -0.1400000000         1.1009448200       167.8266659529      -166.6481655047 
        1.1600000000        -0.1400000000         1.0958469171       166.9091669767      -174.2569759104 
        1.1650000000        -0.1400000000         1.0932979656       166.5421673862      -178.0613811132 
        1.1700000000        -0.1400000000         1.0932979656       165.0741690242      -178.0613811132 
        1.1750000000        -0.1400000000         1.1009448200       164.7071694337      -166.6481655047 
        1.1800000000        -0.1400000000         1.1060427230       163.6061706622      -159.0393550991 
        1.1850000000        -0.1400000000         1.0907490141       163.0556712765      -181.8657863161 
        1.1900000000        -0.1400000000         1.1009448200       162.1381723002      -166.6481655047 
        1.1950000000        -0.1400000000         1.0983958685       161.5876729145      -170.4525707076 
        1.2000000000        -0.1400000000         1.1009448200       160.6701739382      -166.6481655047 
        1.2050000000        -0.1400000000         1.1060427230       160.3031743477      -159.0393550991 
        1.2100000000        -0.1400000000         1.0932979656       159.2021755762      -178.0613811132 
        1.2150000000        -0.1400000000         1.0983958685       158.1011768048      -170.4525707076 
        1.2200000000        -0.1400000000         1.1034937715       157.5506774190      -162.8437603019 
        1.2250000000        -0.1400000000         1.0882000626       155.8991792618      -185.6701915189 
        1.2300000000        -0.1400000000         1.1085916745       155.3486798760      -155.2349498962 
        1.2350000000        -0.1400000000         1.0907490141       154.6146806950      -181.8657863161 
        1.2400000000        -0.1400000000         1.1009448200       153.8806815140      -166.6481655047 
        1.2450000999        -0.1400000000         1.0856511111       152.7796827425      -189.4745967217 
        1.2500000000        -0.1400000000         1.0958469171       152.4126831521      -174.2569759104 
        1.2550000000        -0.1400000000         1.0958469171       151.4951841758      -174.2569759104 
        1.2600000999        -0.1400000000         1.0983958685       150.2106856091      -170.4525707076 
        1.2650000000        -0.1400000000         1.0983958685       150.3941854043      -170.4525707076 
        1.2700001000        -0.1400000000         1.0907490141       148.3756876566      -181.8657863161 
        1.2750000000        -0.1400000000         1.0907490141       148.5591874518      -181.8657863161 
        1.2800001000        -0.1400000000         1.0983958685       147.2746888851      -170.4525707076 
        1.2850000000        -0.1400000000         1.0983958685       146.1736901136      -170.4525707076 
        1.2900000000        -0.1400000000         1.0932979656       145.9901903184      -178.0613811132 
        1.2950000000        -0.1400000000         1.1009448200       145.2561911374      -166.6481655047 
        1.3000000000        -0.1400000000         1.0983958685       143.6046929801      -170.4525707076 
        1.3050000000        -0.1400000000         1.1009448200       143.0541935944      -166.6481655047 
        1.3100000000        -0.1400000000         1.1009448200       141.7696950276      -166.6481655047 
        1.3150000000        -0.1400000000         1.0958469171       140.8521960514      -174.2569759104 
        1.3200000000        -0.1400000000         1.1009448200       140.3016966657      -166.6481655047 
        1.3250000000        -0.1400000000         1.0882000626       139.2006978942      -185.6701915189 
        1.3300000000        -0.1400000000         1.0932979656       138.0996991227      -178.0613811132 
        1.3350000000        -0.1400000000         1.1009448200       138.2831989179      -166.6481655047 
        1.3400000000        -0.1400000000         1.0958469171       136.9987003512      -174.2569759104 
        1.3450000000        -0.1400000000         1.1009448200       136.8152005559      -166.6481655047 
        1.3500000000        -0.1400000000         1.0856511111       135.5307019892      -189.4745967217 
        1.3550000000        -0.1400000000         1.1034937715       134.9802026034      -162.8437603019 
        1.3600000000        -0.1400000000         1.0907490141       133.5122042415      -181.8657863161 
        1.3650000000        -0.1400000000         1.0932979656       132.7782050605      -178.0613811132 
        1.3700000999        -0.1400000000         1.0983958685       131.6772062890      -170.4525707076 
        1.3750000000        -0.1400000000         1.0907490141       131.1267069032      -181.8657863161 
        1.3800051000        -0.1400000000         1.1034937715       130.7597073127      -162.8437603019 
        1.3850000999        -0.1400000000         1.0882000626       128.5577097697      -185.6701915189 
        1.3900000000        -0.1400000000         1.1009448200       128.7412095650      -166.6481655047 
        1.3950001000        -0.1400000000         1.0932979656       127.6402107935      -178.0613811132 
        1.4000000000        -0.1400000000         1.0805532081       125.9887126363      -197.0834071274 
        1.4050001000        -0.1400000000         1.0882000626       125.4382132505      -185.6701915189 
        1.4100000000        -0.1400000000         1.1034937715       125.2547134553      -162.8437603019 
        1.4150000000        -0.1400000000         1.1085916745       124.7042140695      -155.2349498962 
        1.4200000000        -0.1400000000         1.1009448200       123.4197155028      -166.6481655047 
        1.4250000000        -0.1400000000         1.1034937715       123.0527159123      -162.8437603019 
        1.4300000000        -0.1400000000         1.1009448200       121.4012177551      -166.6481655047 
        1.4350000000        -0.1400000000         1.0983958685       120.8507183693      -170.4525707076 
        1.4400000000        -0.1400000000         1.0958469171       120.1167191883      -174.2569759104 
        1.4450000000        -0.1400000000         1.1085916745       119.5662198026      -155.2349498962 
        1.4500000000        -0.1400000000         1.1111406260       118.8322206216      -151.4305446934 
        1.4550000000        -0.1400000000         1.0932979656       117.7312218501      -178.0613811132 
        1.4600000000        -0.1400000000         1.1009448200       116.8137228738      -166.6481655047 
        1.4650000000        -0.1400000000         1.1009448200       115.8962238976      -166.6481655047 
        1.4700000000        -0.1400000000         1.1009448200       115.8962238976      -166.6481655047 
        1.4750000000        -0.1400000000         1.0983958685       114.9787249214      -170.4525707076 
        1.4800242000        -0.1400000000         1.1034937715       113.3272267641      -162.8437603019 
        1.4850000000        -0.1400000000         1.1060427230       112.7767273784      -159.0393550991 
        1.4900000000        -0.1400000000         1.0907490141       111.4922288116      -181.8657863161 
        1.4950000999        -0.1400000000         1.1060427230       110.9417294259      -159.0393550991 
        1.5000000000        -0.1400000000         1.1009448200       110.0242304496      -166.6481655047 
        1.5050000000        -0.1400000000         1.0958469171       108.7397318829      -174.2569759104 
        1.5100000999        -0.1400000000         1.1060427230       108.9232316782      -159.0393550991 
        1.5150000000        -0.1400000000         1.1034937715       107.0882337257      -162.8437603019 
        1.5200001000        -0.1400000000         1.1085916745       107.0882337257      -155.2349498962 
        1.5250000000        -0.1400000000         1.1060427230       105.9872349542      -159.0393550991 
        1.5300001000        -0.1400000000         1.0983958685       105.2532357732      -170.4525707076 
        1.5350000000        -0.1400000000         1.1187874804       104.5192365922      -140.0173290849 
        1.5400001000        -0.1400000000         1.1034937715       103.4182378207      -162.8437603019 
        1.5450000000        -0.1400000000         1.1111406260       103.4182378207      -151.4305446934 
        1.5500000000        -0.1400000000         1.1060427230       102.1337392540      -159.0393550991 
        1.5550000000        -0.1400000000         1.1111406260       101.7667396635      -151.4305446934 
        1.5600000000        -0.1400000000         1.1009448200       100.1152415062      -166.6481655047 
        1.5650000000        -0.1400000000         1.1009448200        99.5647421205      -166.6481655047 
        1.5700000000        -0.1400000000         1.1136895775        98.8307429395      -147.6261394906 
        1.5750000000        -0.1400000000         1.1060427230        98.2802435537      -159.0393550991 
        1.5800000000        -0.1400000000         1.1162385289        97.9132439632      -143.8217342878 
        1.5850000000        -0.1400000000         1.1034937715        96.0782460108      -162.8437603019 
        1.5900000000        -0.1400000000         1.1085916745        95.3442468298      -155.2349498962 
        1.5950000000        -0.1400000000         1.1060427230        94.7937474440      -159.0393550991 
        1.6000000000        -0.1400000000         1.0983958685        94.0597482630      -170.4525707076 
        1.6050000000        -0.1400000000         1.1162385289        93.6927486725      -143.8217342878 
        1.6100000000        -0.1400000000         1.1111406260        92.7752496963      -151.4305446934 
        1.6150000000        -0.1400000000         1.1111406260        92.2247503105      -151.4305446934 
        1.6200000999        -0.1400000000         1.1111406260        91.3072513343      -151.4305446934 
        1.6250000000        -0.1400000000         1.1060427230        89.8392529723      -159.0393550991 
        1.6300000000        -0.1400000000         1.1060427230        89.2887535866      -159.0393550991 
        1.6350000999        -0.1400000000         1.1060427230        88.0042550198      -159.0393550991 
        1.6400000000        -0.1400000000         1.0983958685        87.6372554293      -170.4525707076 
        1.6450001000        -0.1400000000         1.1111406260        86.9032562483      -151.4305446934 
        1.6500000000        -0.1400000000         1.1034937715        85.9857572721      -162.8437603019 
        1.6550001000        -0.1400000000         1.1034937715        85.4352578863      -162.8437603019 
        1.6600000000        -0.1400000000         1.1060427230        84.8847585006      -159.0393550991 
        1.6650001000        -0.1400000000         1.1136895775        84.5177589101      -147.6261394906 
        1.6700000000        -0.1400000000         1.1187874804        83.9672595244      -140.0173290849 
        1.6750000000        -0.1400000000         1.1009448200        82.6827609576      -166.6481655047 
        1.6800000000        -0.1400000000         1.1111406260        81.5817621861      -151.4305446934 
        1.6850000000        -0.1400000000         1.1060427230        81.3982623909      -159.0393550991 
        1.6900000000        -0.1400000000         1.1060427230        79.9302640289      -159.0393550991 
        1.6950000000        -0.1400000000         1.1009448200        79.3797646431      -166.6481655047 
        1.7000000000        -0.1400000000         1.1111406260        78.6457654622      -151.4305446934 
        1.7050000000        -0.1400000000         1.1111406260        78.4622656669      -151.4305446934 
        1.7100000000        -0.1400000000         1.1009448200        76.9942673049      -166.6481655047 
        1.7150000000        -0.1400000000         1.1034937715        75.7097687382      -162.8437603019 
        1.7200000000        -0.1400000000         1.1060427230        75.8932685334      -159.0393550991 
        1.7250000000        -0.1400000000         1.1187874804        74.6087699667      -140.0173290849 
        1.7300000000        -0.1400000000         1.0983958685        73.6912709904      -170.4525707076 
        1.7350000000        -0.1400000000         1.1009448200        72.5902722190      -166.6481655047 
        1.7400000000        -0.1400000000         1.1085916745        72.5902722190      -155.2349498962 
        1.7450000999        -0.1400000000         1.1085916745        71.4892734475      -155.2349498962 
        1.7500000000        -0.1400000000         1.0932979656        70.5717744712      -178.0613811132 
        1.7550000000        -0.1400000000         1.1187874804        70.3882746760      -140.0173290849 
        1.7600000999        -0.1400000000         1.0907490141        68.5532767235      -181.8657863161 
        1.7650000000        -0.1400000000         1.1009448200        68.1862771330      -166.6481655047 
        1.7700001000        -0.1400000000         1.1009448200        67.4522779520      -166.6481655047 
        1.7750000000        -0.1400000000         1.1136895775        67.2687781567      -147.6261394906 
        1.7800001000        -0.1400000000         1.1085916745        65.9842795900      -155.2349498962 
        1.7850000000        -0.1400000000         1.0983958685        65.0667806138      -170.4525707076 
        1.7900001000        -0.1400000000         1.1034937715        64.3327814328      -162.8437603019 
        1.7950000000        -0.1400000000         1.1111406260        63.7822820470      -151.4305446934 
        1.8000000000        -0.1400000000         1.1009448200        62.4977834803      -166.6481655047 
        1.8050000000        -0.1400000000         1.1060427230        61.9472840945      -159.0393550991 
        1.8100000000        -0.1400000000         1.0907490141        61.0297851183      -181.8657863161 
        1.8150000000        -0.1400000000         1.1009448200        60.4792857325      -166.6481655047 
        1.8200000000        -0.1400000000         1.1111406260        60.1122861421      -151.4305446934 
        1.8250000000        -0.1400000000         1.1085916745        59.3782869611      -155.2349498962 
        1.8300000000        -0.1400000000         1.1060427230        58.6442877801      -159.0393550991 
        1.8350000000        -0.1400000000         1.1009448200        57.1762894181      -166.6481655047 
        1.8400000000        -0.1400000000         1.1111406260        56.8092898276      -151.4305446934 
        1.8450000000        -0.1400000000         1.1009448200        55.1577916703      -166.6481655047 
        1.8500000000        -0.1400000000         1.1034937715        54.4237924893      -162.8437603019 
        1.8550000000        -0.1400000000         1.1034937715        54.0567928989      -162.8437603019 
        1.8600000000        -0.1400000000         1.1009448200        53.3227937179      -166.6481655047 
        1.8650000000        -0.1400000000         1.0983958685        51.8547953559      -170.4525707076 
        1.8700000999        -0.1400000000         1.1034937715        51.6712955606      -162.8437603019 
        1.8750000000        -0.1400000000         1.0907490141        50.2032971986      -181.8657863161 
        1.8800000000        -0.1400000000         1.1111406260        50.5702967891      -151.4305446934 
        1.8850000999        -0.1400000000         1.0983958685        49.1022984271      -170.4525707076 
        1.8900000000        -0.1400000000         1.1060427230        48.1847994509      -159.0393550991 
        1.8950001000        -0.1400000000         1.0983958685        47.6343000652      -170.4525707076 
        1.9000000000        -0.1400000000         1.1009448200        47.2673004747      -166.6481655047 
        1.9050001000        -0.1400000000         1.1009448200        45.7993021127      -166.6481655047 
        1.9100000000        -0.1400000000         1.1060427230        45.4323025222      -159.0393550991 
        1.9150001000        -0.1400000000         1.1034937715        44.1478039554      -162.8437603019 
        1.9200000000        -0.1400000000         1.1009448200        43.5973045697      -166.6481655047 
        1.9250000000        -0.1400000000         1.1060427230        43.0468051839      -159.0393550991 
        1.9300000000        -0.1400000000         1.0958469171        41.3953070267      -174.2569759104 
        1.9350000000        -0.1400000000         1.0907490141        40.2943082552      -181.8657863161 
        1.9400000000        -0.1400000000         1.1111406260        40.2943082552      -151.4305446934 
        1.9450000000        -0.1400000000         1.0983958685        39.1933094837      -170.4525707076 
        1.9500000000        -0.1400000000         1.1034937715        38.4593103027      -162.8437603019 
        1.9550000000        -0.1400000000         1.1034937715        37.5418113265      -162.8437603019 
        1.9600000000        -0.1400000000         1.1085916745        36.6243123502      -155.2349498962 
        1.9650000000        -0.1400000000         1.1009448200        35.8903131692      -166.6481655047 
        1.9700000000        -0.1400000000         1.1136895775        35.5233135788      -147.6261394906 
        1.9750000000        -0.1400000000         1.1060427230        34.4223148073      -159.0393550991 
        1.9800000000        -0.1400000000         1.1060427230        33.3213160358      -159.0393550991 
        1.9850000000        -0.1400000000         1.1009448200        32.9543164453      -166.6481655047 
        1.9900000000        -0.1400000000         1.0983958685        31.4863180833      -170.4525707076 
        1.9950000999        -0.1400000000         1.1060427230        31.1193184928      -159.0393550991 
        2.0000000000        -0.1400000000         1.0983958685        29.6513201308      -170.4525707076 
        2.0050000000        -0.1400000000         1.0983958685        29.1008207451      -170.4525707076 
        2.0100000000        -0.1400000000         1.1034937715        28.5503213593      -162.8437603019 
        2.0150000999        -0.1400000000         1.1009448200        27.2658227926      -166.6481655047 
        2.0200001000        -0.1400000000         1.0958469171        26.8988232021      -174.2569759104 
        2.0250000000        -0.1400000000         1.1060427230        26.1648240211      -159.0393550991 
        2.0300000000        -0.1400000000         1.1009448200        24.8803254543      -166.6481655047 
        2.0350055000        -0.1400000000         1.1009448200        24.3298260686      -166.6481655047 
        2.0400001000        -0.1400000000         1.0983958685        23.7793266828      -170.4525707076 
        2.0450000000        -0.1400000000         1.1060427230        22.8618277066      -159.0393550991 
        2.0500022000        -0.1400000000         1.1111406260        22.4948281161      -151.4305446934 
        2.0550000000        -0.1400000000         1.1060427230        21.7608289351      -159.0393550991 
        2.0600000000        -0.1400000000         1.1060427230        20.4763303684      -159.0393550991 
        2.0650000000        -0.1400000000         1.1034937715        19.7423311874      -162.8437603019 
        2.0700000000        -0.1400000000         1.0932979656        18.2743328254      -178.0613811132 
        2.0750000000        -0.1400000000         1.0983958685        18.0908330301      -170.4525707076 
        2.0800000000        -0.1400000000         1.1111406260        17.1733340539      -151.4305446934 
        2.0850000000        -0.1400000000         1.0932979656        15.8888354872      -178.0613811132 
        2.0900000000        -0.1400000000         1.1009448200        15.5218358967      -166.6481655047 
        2.0950000000        -0.1400000000         1.1136895775        15.1548363062      -147.6261394906 
        2.1000000000        -0.1400000000         1.0907490141        13.8703377394      -181.8657863161 
        2.1050000000        -0.1400000000         1.1009448200        12.2188395822      -166.6481655047 
        2.1100000000        -0.1400000000         1.1060427230        12.7693389679      -159.0393550991 
        2.1150000000        -0.1400000000         1.1034937715        11.1178408107      -162.8437603019 
        2.1200000999        -0.1400000000         1.0983958685        10.3838416297      -170.4525707076 
        2.1250000000        -0.1400000000         1.1034937715         9.8333422440      -162.8437603019 
        2.1300000000        -0.1400000000         1.0907490141         8.7323434725      -181.8657863161 
        2.1350000000        -0.1400000000         1.1034937715         7.6313447010      -162.8437603019 
        2.1400000999        -0.1400000000         1.1009448200         6.7138457247      -166.6481655047 
        2.1450000000        -0.1400000000         1.0882000626         5.6128469532      -185.6701915189 
        2.1500000000        -0.1400000000         1.0958469171         4.5118481818      -174.2569759104 
        2.1550000000        -0.1400000000         1.1009448200         5.0623475675      -166.6481655047 
        2.1600001000        -0.1400000000         1.0983958685         3.5943492055      -170.4525707076 
        2.1650000000        -0.1400000000         1.1060427230         3.2273496150      -159.0393550991 
        2.1700000000        -0.1400000000         1.0983958685         1.3923516625      -170.4525707076 
        2.1750000000        -0.1400000000         1.1085916745         1.5758514578      -155.2349498962 
        2.1800001000        -0.1400000000         1.0932979656         0.2913528910      -178.0613811132 
        2.1850000000        -0.1400000000         1.0983958685         0.1078530958      -170.4525707076 
        2.1900000000        -0.1400000000         1.0932979656        -0.2591464947      -178.0613811132 
        2.1950000000        -0.1400000000         1.0958469171         0.1078530958      -174.2569759104 
        2.2000000000        -0.1400000000         1.1085916745         0.6583524815      -155.2349498962 
        2.2050000000        -0.1400000000         1.0932979656        -0.4426462900      -178.0613811132 
        2.2100000000        -0.1400000000         1.1009448200         0.1078530958      -166.6481655047 
        2.2150000000        -0.1400000000         1.0932979656        -0.0756466995      -178.0613811132 
        2.2200000000        -0.1400000000         1.1034937715         0.6583524815      -162.8437603019 
        2.2250000000        -0.1400000000         1.1034937715        -0.0756466995      -162.8437603019 
        2.2300000000        -0.1400000000         1.0907490141         0.6583524815      -181.8657863161 
        2.2350000000        -0.1400000000         1.0983958685        79.1962648479      -170.4525707076 
        2.2400000000        -0.1400000000         1.0932979656        79.1962648479      -178.0613811132 
        2.2450000999        -0.1400000000         1.1009448200        79.9302640289      -166.6481655047 
        2.2500000000        -0.1400000000         1.0907490141        77.9117662812      -181.8657863161 
        2.2550000000        -0.1400000000         1.0856511111        79.3797646431      -189.4745967217 
        2.2600000000        -0.1400000000         1.0983958685        79.9302640289      -170.4525707076 
        2.2650000999        -0.1400000000         1.0882000626       359.9509515781      -185.6701915189 
        2.2700000000        -0.1400000000         1.1009448200       359.9509515781      -166.6481655047 
        2.2750000000        -0.1400000000         1.0907490141       359.4004521924      -181.8657863161 
        2.2800000000        -0.1400000000         1.0932979656       359.7674517829      -178.0613811132 
        2.2850001000        -0.1400000000         1.0932979656       359.7674517829      -178.0613811132 
        2.2900000000        -0.1400000000         1.0958469171       359.9509515781      -174.2569759104 
        2.2950000000        -0.1400000000         1.0805532081       359.4004521924      -197.0834071274 
        2.3000000000        -0.1400000000         1.1060427230       360.3179511686      -159.0393550991 
        2.3050001000        -0.1400000000         1.0983958685       359.9509515781      -170.4525707076 
        2.3100000000        -0.1400000000         1.0983958685       359.2169523971      -170.4525707076 
        2.3150000000        -0.1400000000         1.0856511111       358.1159536256      -189.4745967217 
        2.3200000000        -0.1400000000         1.0983958685       357.7489540351      -170.4525707076 
        2.3250000000        -0.1400000000         1.0983958685       356.8314550589      -170.4525707076 
        2.3300000000        -0.1400000000         1.0907490141       355.9139560826      -181.8657863161 
        2.3350000000        -0.1400000000         1.0907490141       354.9964571064      -181.8657863161 
        2.3400000000        -0.1400000000         1.0882000626       353.5284587444      -185.6701915189 
        2.3450000000        -0.1400000000         1.0958469171       352.7944595634      -174.2569759104 
        2.3500000000        -0.1400000000         1.0907490141       352.0604603824      -181.8657863161 
        2.3550000000        -0.1400000000         1.0983958685       351.1429614062      -170.4525707076 
        2.3600000000        -0.1400000000         1.1009448200       351.1429614062      -166.6481655047 
        2.3650000000        -0.1400000000         1.0882000626       349.3079634537      -185.6701915189 
        2.3700000999        -0.1400000000         1.0907490141       348.5739642727      -181.8657863161 
        2.3750000000        -0.1400000000         1.0907490141       347.6564652965      -181.8657863161 
        2.3800000000        -0.1400000000         1.0907490141       346.5554665250      -181.8657863161 
        2.3850000000        -0.1400000000         1.0907490141       345.8214673440      -181.8657863161 
        2.3900000999        -0.1400000000         1.0932979656       344.9039683677      -178.0613811132 
        2.3950000000        -0.1400000000         1.0882000626       343.9864693915      -185.6701915189 
        2.4000000000        -0.1400000000         1.0932979656       343.0689704153      -178.0613811132 
        2.4050000000        -0.1400000000         1.0958469171       342.1514714390      -174.2569759104 
        2.4100001000        -0.1400000000         1.0958469171       341.4174722580      -174.2569759104 
        2.4150000000        -0.1400000000         1.0958469171       340.8669728723      -174.2569759104 
        2.4200000000        -0.1400000000         1.0882000626       339.0319749198      -185.6701915189 
        2.4250000000        -0.1400000000         1.0958469171       338.6649753293      -174.2569759104 
        2.4300001000        -0.1400000000         1.0882000626       337.1969769673      -185.6701915189 
        2.4350000000        -0.1400000000         1.0932979656       337.0134771721      -178.0613811132 
        2.4400000000        -0.1400000000         1.0932979656       336.0959781958      -178.0613811132 
        2.4450000000        -0.1400000000         1.0882000626       335.1784792196      -185.6701915189 
        2.4500000000        -0.1400000000         1.1009448200       334.6279798338      -166.6481655047 
        2.4550000000        -0.1400000000         1.0882000626       333.1599814718      -185.6701915189 
        2.4600000000        -0.1400000000         1.0983958685       332.4259822908      -170.4525707076 
        2.4650000000        -0.1400000000         1.0958469171       331.5084833146      -174.2569759104 
        2.4700000000        -0.1400000000         1.0958469171       330.7744841336      -174.2569759104 
        2.4750000000        -0.1400000000         1.0882000626       329.4899855669      -185.6701915189 
        2.4800000000        -0.1400000000         1.0856511111       328.2054870001      -189.4745967217 
        2.4850000000        -0.1400000000         1.0932979656       327.8384874096      -178.0613811132 
        2.4900000000        -0.1400000000         1.0907490141       326.9209884334      -181.8657863161 
        2.4950000999        -0.1400000000         1.1136895775       326.3704890476      -147.6261394906 
        2.5000000000        -0.1400000000         1.1952560250       324.9024906856       -25.8851730001 
        2.5050000000        -0.1400000000         1.0983958685       324.1684915047      -170.4525707076 
        2.5100000000        -0.1400000000         1.0932979656       323.6179921189      -178.0613811132 
        2.5150000999        -0.1400000000         1.1009448200       323.4344923237      -166.6481655047 
        2.5200000000        -0.1400000000         1.1009448200       322.3334935522      -166.6481655047 
        2.5250000000        -0.1400000000         1.0882000626       320.4984955997      -185.6701915189 
        2.5300000000        -0.1400000000         1.0958469171       320.3149958044      -174.2569759104 
        2.5350001000        -0.1400000000         1.0932979656       318.8469974424      -178.0613811132 
        2.5400000000        -0.1400000000         1.0983958685       318.2964980567      -170.4525707076 
        2.5450000000        -0.1400000000         1.1009448200       317.7459986710      -166.6481655047 
        2.5500000000        -0.1400000000         1.0932979656       316.4615001042      -178.0613811132 
        2.5550001000        -0.1400000000         1.0983958685       315.5440011280      -170.4525707076 
        2.5600000000        -0.1400000000         1.0983958685       314.4430023565      -170.4525707076 
        2.5650000000        -0.1400000000         1.0907490141       314.2595025612      -181.8657863161 
        2.5700000000        -0.1400000000         1.1060427230       313.3420035850      -159.0393550991 
        2.5750000000        -0.1400000000         1.0882000626       312.4245046088      -185.6701915189 
        2.5800000000        -0.1400000000         1.0907490141       310.9565062468      -181.8657863161 
        2.5850000000        -0.1400000000         1.0907490141       310.5895066563      -181.8657863161 
        2.5900000000        -0.1400000000         1.0983958685       309.6720076800      -170.4525707076 
        2.5950000000        -0.1400000000         1.0907490141       308.7545087038      -181.8657863161 
        2.6000000000        -0.1400000000         1.0856511111       307.2865103418      -189.4745967217 
        2.6050000000        -0.1400000000         1.1034937715       307.4700101370      -162.8437603019 
        2.6100000000        -0.1400000000         1.0882000626       306.1855115703      -185.6701915189 
        2.6150000000        -0.1400000000         1.0932979656       304.7175132083      -178.0613811132 
        2.6200000999        -0.1400000000         1.0856511111       304.5340134131      -189.4745967217 
        2.6250000000        -0.1400000000         1.0983958685       303.6165144368      -170.4525707076 
        2.6300000000        -0.1400000000         1.0932979656       302.8825152558      -178.0613811132 
        2.6350000000        -0.1400000000         1.0907490141       301.7815164843      -181.8657863161 
        2.6400000999        -0.1400000000         1.0932979656       301.0475173033      -178.0613811132 
        2.6450000000        -0.1400000000         1.0932979656       300.1300183271      -178.0613811132 
        2.6500000000        -0.1400000000         1.0932979656       299.2125193509      -178.0613811132 
        2.6550000000        -0.1400000000         1.0958469171       298.6620199651      -174.2569759104 
        2.6600001000        -0.1400000000         1.1009448200       297.9280207841      -166.6481655047 
        2.6650000000        -0.1400000000         1.0983958685       297.1940216031      -170.4525707076 
        2.6700000000        -0.1400000000         1.1060427230       296.2765226269      -159.0393550991 
        2.6750000000        -0.1400000000         1.0856511111       294.9920240601      -189.4745967217 
        2.6800001000        -0.1400000000         1.1009448200       294.4415246744      -166.6481655047 
        2.6850000000        -0.1400000000         1.0882000626       292.6065267219      -185.6701915189 
        2.6900000000        -0.1400000000         1.0882000626       291.5055279504      -185.6701915189 
        2.6950000000        -0.1400000000         1.0932979656       291.1385283599      -178.0613811132 
        2.7000000000        -0.1400000000         1.0932979656       290.2210293837      -178.0613811132 
        2.7050000000        -0.1400000000         1.1009448200       290.0375295884      -166.6481655047 
        2.7100000000        -0.1400000000         1.0780042567       287.8355320455      -200.8878123302 
        2.7150000000        -0.1400000000         1.1009448200       288.0190318407      -166.6481655047 
        2.7200000000        -0.1400000000         1.0882000626       286.7345332740      -185.6701915189 
        2.7250000000        -0.1400000000         1.0882000626       285.6335345025      -185.6701915189 
        2.7300000000        -0.1400000000         1.1060427230       285.6335345025      -159.0393550991 
        2.7350000000        -0.1400000000         1.1009448200       283.9820363452      -166.6481655047 
        2.7400000000        -0.1400000000         1.0932979656       283.6150367547      -178.0613811132 
        2.7450000999        -0.1400000000         1.0983958685       281.7800388023      -170.4525707076 
        2.7500000000        -0.1400000000         1.0780042567       281.2295394165      -200.8878123302 
        2.7550000000        -0.1400000000         1.0958469171       280.6790400308      -174.2569759104 
        2.7600000000        -0.1400000000         1.1060427230       280.4955402355      -159.0393550991 
        2.7650000999        -0.1400000000         1.0882000626       279.7615410545      -185.6701915189 
        2.7700000000        -0.1400000000         1.0882000626       277.5595435115      -185.6701915189 
        2.7750009000        -0.1400000000         1.0932979656       277.7430433068      -178.0613811132 
        2.7800000000        -0.1400000000         1.0983958685       276.0915451495      -170.4525707076 
        2.7850001000        -0.1400000000         1.0780042567       275.3575459686      -200.8878123302 
        2.7900000000        -0.1400000000         1.0907490141       273.8895476066      -181.8657863161 
        2.7950000000        -0.1400000000         1.0983958685       273.5225480161      -170.4525707076 
        2.8000000000        -0.1400000000         1.0754553052       272.2380494493      -204.6922175330 
        2.8050010999        -0.1400000000         1.1060427230       272.6050490398      -159.0393550991 
        2.8100000000        -0.1400000000         1.0932979656       271.6875500636      -178.0613811132 
        2.8150000000        -0.1400000000         1.0958469171       270.4030514968      -174.2569759104 
        2.8200000000        -0.1400000000         1.0882000626       269.3020527254      -185.6701915189 
        2.8250000000        -0.1400000000         1.0958469171       268.7515533396      -174.2569759104 
        2.8300000000        -0.1400000000         1.0907490141       267.8340543634      -181.8657863161 
        2.8350000000        -0.1400000000         1.0907490141       267.2835549776      -181.8657863161 
        2.8400000000        -0.1400000000         1.1009448200       265.4485570251      -166.6481655047 
        2.8450000000        -0.1400000000         1.0907490141       264.8980576394      -181.8657863161 
        2.8500000000        -0.1400000000         1.0983958685       264.1640584584      -170.4525707076 
        2.8550000000        -0.1400000000         1.0907490141       263.9805586631      -181.8657863161 
        2.8600004001        -0.1400000000         1.0907490141       262.6960600964      -181.8657863161 
        2.8650000000        -0.1400000000         1.1009448200       261.9620609154      -166.6481655047 
        2.8700000999        -0.1400000000         1.0932979656       260.4940625534      -178.0613811132 
        2.8750000000        -0.1400000000         1.0932979656       260.1270629629      -178.0613811132 
        2.8800000000        -0.1400000000         1.0932979656       259.0260641914      -178.0613811132 
        2.8850000000        -0.1400000000         1.0958469171       257.7415656247      -174.2569759104 
        2.8900000999        -0.1400000000         1.1009448200       257.3745660342      -166.6481655047 
        2.8950000000        -0.1400000000         1.0932979656       256.6405668532      -178.0613811132 
        2.9000000000        -0.1400000000         1.0983958685       255.7230678770      -170.4525707076 
        2.9050000000        -0.1400000000         1.0907490141       254.4385693102      -181.8657863161 
        2.9100001000        -0.1400000000         1.0882000626       253.8880699245      -185.6701915189 
        2.9150000000        -0.1400000000         1.0907490141       253.3375705387      -181.8657863161 
        2.9200000000        -0.1400000000         1.0882000626       251.8695721767      -185.6701915189 
        2.9250000000        -0.1400000000         1.0958469171       251.6860723815      -174.2569759104 
        2.9300001000        -0.1400000000         1.0882000626       250.0345742243      -185.6701915189 
        2.9350000000        -0.1400000000         1.1009448200       250.0345742243      -166.6481655047 
        2.9400000000        -0.1400000000         1.1009448200       249.4840748385      -166.6481655047 
        2.9450000000        -0.1400000000         1.0983958685       248.1995762718      -170.4525707076 
        2.9500000000        -0.1400000000         1.1034937715       247.8325766813      -162.8437603019 
        2.9550000000        -0.1400000000         1.1034937715       246.5480781145      -162.8437603019 
        2.9600000000        -0.1400000000         1.0958469171       246.1810785240      -174.2569759104 
        2.9650000000        -0.1400000000         1.1009448200       244.7130801621      -166.6481655047 
        2.9700000000        -0.1400000000         1.0958469171       243.9790809811      -174.2569759104 
        2.9750000000        -0.1400000000         1.0958469171       242.8780822096      -174.2569759104 
        2.9800000000        -0.1400000000         1.0983958685       242.6945824143      -170.4525707076 
        2.9850000000        -0.1400000000         1.0856511111       240.6760846666      -189.4745967217 
        2.9900000000        -0.1400000000         1.1009448200       240.6760846666      -166.6481655047 
        2.9950000999        -0.1400000000         1.0907490141       239.5750858951      -181.8657863161 
        3.0000000000        -0.1400000000         1.1009448200       238.1070875331      -166.6481655047 
        3.0050000000        -0.1400000000         1.1009448200       238.2905873284      -166.6481655047 
        3.0100000000        -0.1400000000         1.0907490141       236.4555893759      -181.8657863161 
        3.0150000999        -0.1400000000         1.0983958685       236.2720895806      -170.4525707076 
        3.0200000000        -0.1400000000         1.0882000626       234.6205914234      -185.6701915189 
        3.0250000000        -0.1400000000         1.1009448200       234.8040912186      -166.6481655047 
        3.0300000000        -0.1400000000         1.0882000626       232.9690932661      -185.6701915189 
        3.0350001000        -0.1400000000         1.1060427230       232.7855934709      -159.0393550991 
        3.0400000000        -0.1400000000         1.0932979656       231.8680944947      -178.0613811132 
        3.0450000000        -0.1400000000         1.0856511111       231.1340953137      -189.4745967217 
        3.0500000000        -0.1400000000         1.0932979656       229.6660969517      -178.0613811132 
        3.0550001000        -0.1400000000         1.1060427230       229.1155975659      -159.0393550991 
        3.0600000000        -0.1400000000         1.0983958685       228.3815983849      -170.4525707076 
        3.0650000000        -0.1400000000         1.1085916745       228.1980985897      -155.2349498962 
        3.0700000000        -0.1400000000         1.1111406260       227.2805996134      -151.4305446934 
        3.0750024000        -0.1400000000         1.1060427230       225.8126012515      -159.0393550991 
        3.0800000000        -0.1400000000         1.1009448200       225.6291014562      -166.6481655047 
        3.0850000000        -0.1400000000         1.0831021596       223.7941035037      -193.2790019245 
        3.0900000000        -0.1400000000         1.1009448200       223.0601043227      -166.6481655047 
        3.0950000000        -0.1400000000         1.1060427230       223.2436041180      -159.0393550991 
        3.1000000000        -0.1400000000         1.0983958685       221.9591055512      -170.4525707076 
        3.1050000000        -0.1400000000         1.1111406260       221.0416065750      -151.4305446934 
        3.1100000000        -0.1400000000         1.0932979656       220.1241075988      -178.0613811132 
        3.1150000000        -0.1400000000         1.1213364319       220.1241075988      -136.2129238821 
        3.1200000999        -0.1400000000         1.1009448200       218.4726094415      -166.6481655047 
        3.1250000000        -0.1400000000         1.1111406260       218.2891096463      -151.4305446934 
        3.1300002999        -0.1400000000         1.0882000626       216.6376114890      -185.6701915189 
        3.1350000000        -0.1400000000         1.1162385289       216.4541116938      -143.8217342878 
        3.1400000999        -0.1400000000         1.1034937715       214.9861133318      -162.8437603019 
        3.1450000000        -0.1400000000         1.1111406260       214.8026135365      -151.4305446934 
        3.1500000000        -0.1400000000         1.1085916745       214.4356139460      -155.2349498962 
        3.1550000000        -0.1400000000         1.1034937715       213.3346151746      -162.8437603019 
        3.1600001000        -0.1400000000         1.1136895775       212.7841157888      -147.6261394906 
        3.1650000000        -0.1400000000         1.0983958685       211.3161174268      -170.4525707076 
        3.1700000000        -0.1400000000         1.1060427230       210.3986184506      -159.0393550991 
        3.1750000000        -0.1400000000         1.1060427230       210.5821182458      -159.0393550991 
        3.1800001000        -0.1400000000         1.1136895775       209.4811194743      -147.6261394906 
        3.1850000000        -0.1400000000         1.1085916745       208.7471202933      -155.2349498962 
        3.1900000000        -0.1400000000         1.1213364319       208.3801207028      -136.2129238821 
        3.1950000000        -0.1400000000         1.1187874804       207.6461215219      -140.0173290849 
        3.2000001000        -0.1400000000         1.1264343349       206.7286225456      -128.6041134764 
        3.2050000000        -0.1400000000         1.1136895775       206.1781231599      -147.6261394906 
        3.2100000000        -0.1400000000         1.1111406260       205.0771243884      -151.4305446934 
        3.2150000000        -0.1400000000         1.1162385289       204.3431252074      -143.8217342878 
        3.2200000000        -0.1400000000         1.1085916745       203.7926258216      -155.2349498962 
        3.2250000000        -0.1400000000         1.1136895775       202.6916270501      -147.6261394906 
        3.2300000000        -0.1400000000         1.1136895775       202.3246274596      -147.6261394906 
        3.2350000000        -0.1400000000         1.1060427230       200.8566290977      -159.0393550991 
        3.2400000000        -0.1400000000         1.1111406260       200.6731293024      -151.4305446934 
        3.2450000999        -0.1400000000         1.1009448200       200.1226299167      -166.6481655047 
        3.2500000000        -0.1400000000         1.0983958685       198.6546315547      -170.4525707076 
        3.2550000000        -0.1400000000         1.1136895775       198.1041321689      -147.6261394906 
        3.2600000000        -0.1400000000         1.1213364319       198.4711317594      -136.2129238821 
        3.2650000999        -0.1400000000         1.1289832864       196.8196336022      -124.7997082736 
        3.2700000000        -0.1400000000         1.1136895775       195.9021346259      -147.6261394906 
        3.2750000000        -0.1400000000         1.1111406260       195.7186348307      -151.4305446934 
        3.2800000000        -0.1400000000         1.1289832864       194.4341362640      -124.7997082736 
        3.2850001000        -0.1400000000         1.1213364319       194.6176360592      -136.2129238821 
        3.2900000000        -0.1400000000         1.1136895775       193.3331374925      -147.6261394906 
        3.2950000000        -0.1400000000         1.1187874804       193.1496376972      -140.0173290849 
        3.3000000000        -0.1400000000         1.1136895775       192.7826381067      -147.6261394906 
        3.3050001000        -0.1400000000         1.1085916745       191.3146397447      -155.2349498962 
        3.3100000000        -0.1400000000         1.1136895775       190.7641403590      -147.6261394906 
        3.3150000000        -0.1400000000         1.1111406260       190.2136409732      -151.4305446934 
        3.3200000000        -0.1400000000         1.1264343349       188.9291424065      -128.6041134764 
        3.3250001000        -0.1400000000         1.1136895775       188.5621428160      -147.6261394906 
        3.3300025001        -0.1400000000         1.1289832864       187.8281436350      -124.7997082736 
        3.3350000000        -0.1400000000         1.1238853834       186.7271448635      -132.4085186793 
        3.3400000000        -0.1400000000         1.1213364319       186.3601452730      -136.2129238821 
        3.3450000000        -0.1400000000         1.1187874804       185.6261460920      -140.0173290849 
        3.3500000000        -0.1400000000         1.1315322379       185.6261460920      -120.9953030708 
        3.3550000000        -0.1400000000         1.1213364319       184.7086471158      -136.2129238821 
        3.3600000000        -0.1400000000         1.1315322379       184.7086471158      -120.9953030708 
        3.3650000000        -0.1400000000         1.1136895775       183.2406487538      -147.6261394906 
        3.3700000999        -0.1400000000         1.1136895775       182.6901493681      -147.6261394906 
        3.3750000000        -0.1400000000         1.1315322379       182.6901493681      -120.9953030708 
        3.3800000000        -0.1400000000         1.1238853834       181.7726503918      -132.4085186793 
        3.3850000000        -0.1400000000         1.1289832864       180.6716516203      -124.7997082736 
        3.3900000999        -0.1400000000         1.1162385289       180.3046520298      -143.8217342878 
        3.3950000000        -0.1400000000         1.1264343349       179.7541526441      -128.6041134764 
        3.4000000000        -0.1400000000         1.1187874804       179.0201534631      -140.0173290849 
        3.4050000000        -0.1400000000         1.1136895775       178.2861542821      -147.6261394906 
        3.4100001000        -0.1400000000         1.1162385289       177.5521551011      -143.8217342878 
        3.4150000000        -0.1400000000         1.1162385289       176.6346561249      -143.8217342878 
        3.4200000000        -0.1400000000         1.1136895775       176.0841567391      -147.6261394906 
        3.4250000000        -0.1400000000         1.1085916745       175.1666577629      -155.2349498962 
        3.4300019000        -0.1400000000         1.1264343349       175.3501575581      -128.6041134764 
        3.4350000000        -0.1400000000         1.1034937715       173.6986594009      -162.8437603019 
        3.4400000000        -0.1400000000         1.1136895775       173.5151596056      -147.6261394906 
        3.4450000000        -0.1400000000         1.1187874804       173.1481600151      -140.0173290849 
        3.4500001000        -0.1400000000         1.1187874804       172.4141608341      -140.0173290849 
        3.4550000000        -0.1400000000         1.1187874804       171.1296622674      -140.0173290849 
        3.4600000000        -0.1400000000         1.1111406260       170.3956630864      -151.4305446934 
        3.4650000000        -0.1400000000         1.1111406260       169.2946643149      -151.4305446934 
        3.4700000000        -0.1400000000         1.1060427230       169.2946643149      -159.0393550991 
        3.4750000000        -0.1400000000         1.1111406260       168.1936655434      -151.4305446934 
        3.4800000000        -0.1400000000         1.1085916745       167.2761665672      -155.2349498962 
        3.4850000000        -0.1400000000         1.1289832864       167.4596663624      -124.7997082736 
        3.4900000000        -0.1400000000         1.1264343349       166.7256671814      -128.6041134764 
        3.4950000999        -0.1400000000         1.1060427230       165.0741690242      -159.0393550991 
        3.5000000000        -0.1400000000         1.1136895775       164.5236696385      -147.6261394906 
        3.5050000000        -0.1400000000         1.1136895775       163.4226708670      -147.6261394906 
        3.5100003999        -0.1400000000         1.1085916745       163.6061706622      -155.2349498962 
        3.5150000999        -0.1400000000         1.1136895775       162.6886716860      -147.6261394906 
        3.5200000000        -0.1400000000         1.1136895775       161.7711727097      -147.6261394906 
        3.5250000000        -0.1400000000         1.0983958685       160.6701739382      -170.4525707076 
        3.5300000000        -0.1400000000         1.1136895775       160.3031743477      -147.6261394906 
        3.5350001000        -0.1400000000         1.1162385289       159.9361747572      -143.8217342878 
        3.5400000000        -0.1400000000         1.1136895775       158.4681763953      -147.6261394906 
        3.5450000000        -0.1400000000         1.1085916745       157.9176770095      -155.2349498962 
        3.5500000000        -0.1400000000         1.1085916745       157.3671776238      -155.2349498962 
        3.5550001000        -0.1400000000         1.1085916745       156.2661788523      -155.2349498962 
        3.5600000000        -0.1400000000         1.1136895775       156.0826790570      -147.6261394906 
        3.5650000000        -0.1400000000         1.0983958685       154.7981804903      -170.4525707076 
        3.5700000000        -0.1400000000         1.1111406260       154.4311808998      -151.4305446934 
        3.5750001000        -0.1400000000         1.1085916745       153.3301821283      -155.2349498962 
        3.5800000000        -0.1400000000         1.1034937715       153.3301821283      -162.8437603019 
        3.5850009000        -0.1400000000         1.1162385289       152.5961829473      -143.8217342878 
        3.5900000000        -0.1400000000         1.1340811893       151.4951841758      -117.1908978680 
        3.5950000000        -0.1400000000         1.0983958685       150.0271858138      -170.4525707076 
        3.6000000000        -0.1400000000         1.1060427230       149.6601862233      -159.0393550991 
        3.6050000000        -0.1400000000         1.1060427230       148.9261870423      -159.0393550991 
        3.6100000000        -0.1400000000         1.1111406260       148.0086880661      -151.4305446934 
        3.6150000000        -0.1400000000         1.1009448200       146.9076892946      -166.6481655047 
        3.6200000999        -0.1400000000         1.1060427230       146.1736901136      -159.0393550991 
        3.6250000000        -0.1400000000         1.0882000626       145.4396909326      -185.6701915189 
        3.6300000000        -0.1400000000         1.1213364319       145.6231907279      -136.2129238821 
        3.6350000000        -0.1400000000         1.1060427230       144.3386921611      -159.0393550991 
        3.6400000999        -0.1400000000         1.1136895775       143.7881927754      -147.6261394906 
        3.6450000000        -0.1400000000         1.1085916745       142.1366946181      -155.2349498962 
        3.6500000000        -0.1400000000         1.1111406260       142.3201944134      -151.4305446934 
        3.6550000000        -0.1400000000         1.1111406260       141.5861952324      -151.4305446934 
        3.6600001000        -0.1400000000         1.1111406260       140.3016966657      -151.4305446934 
        3.6650000000        -0.1400000000         1.1034937715       139.5676974847      -162.8437603019 
        3.6700000000        -0.1400000000         1.1136895775       138.8336983037      -147.6261394906 
        3.6750000000        -0.1400000000         1.1009448200       137.7326995322      -166.6481655047 
        3.6800001000        -0.1400000000         1.0983958685       137.9161993274      -170.4525707076 
        3.6850000000        -0.1400000000         1.1009448200       136.2647011702      -166.6481655047 
        3.6900007000        -0.1400000000         1.1111406260       136.2647011702      -151.4305446934 
        3.6950000000        -0.1400000000         1.1111406260       135.7142017844      -151.4305446934 
        3.7000001000        -0.1400000000         1.1085916745       134.7967028082      -155.2349498962 
        3.7050000000        -0.1400000000         1.1111406260       133.5122042415      -151.4305446934 
        3.7100000000        -0.1400000000         1.0882000626       132.0442058795      -185.6701915189 
        3.7150000000        -0.1400000000         1.1111406260       132.0442058795      -151.4305446934 
        3.7200000000        -0.1400000000         1.0907490141       130.7597073127      -181.8657863161 
        3.7250000000        -0.1400000000         1.1136895775       130.5762075175      -147.6261394906 
        3.7300000000        -0.1400000000         1.1111406260       129.8422083365      -151.4305446934 
        3.7350000000        -0.1400000000         1.0983958685       128.3742099745      -170.4525707076 
        3.7400000000        -0.1400000000         1.1136895775       128.3742099745      -147.6261394906 
        3.7450000999        -0.1400000000         1.1111406260       127.4567109983      -151.4305446934 
        3.7500000000        -0.1400000000         1.1111406260       126.5392120220      -151.4305446934 
        3.7550000000        -0.1400000000         1.0346720814       125.8052128410      -265.5627007783 
        3.7600000000        -0.1400000000         1.1136895775       125.0712136600      -147.6261394906 
        3.7650000999        -0.1400000000         0.9811441002       124.7042140695      -345.4552100377 
        3.7700000000        -0.1400000000         1.1136895775       123.4197155028      -147.6261394906 
        3.7750000000        -0.1400000000         1.1136895775       123.2362157075      -147.6261394906 
        3.7800000000        -0.1400000000         1.1111406260       122.1352169360      -151.4305446934 
        3.7850001000        -0.1400000000         1.1111406260       121.2177179598      -151.4305446934 
        3.7900000000        -0.1400000000         1.2742735211       120.1167191883        92.0513882877 
        3.7950000000        -0.1400000000         1.1111406260       119.9332193931      -151.4305446934 
        3.8000000000        -0.1400000000         1.1085916745       119.7497195978      -155.2349498962 
        3.8050001000        -0.1400000000         1.1111406260       118.6487208263      -151.4305446934 
        3.8100000000        -0.1400000000         1.1085916745       118.0982214406      -155.2349498962 
        3.8150000000        -0.1400000000         1.1111406260       116.4467232833      -151.4305446934 
        3.8200000000        -0.1400000000         1.1060427230       115.7127241024      -159.0393550991 
        3.8250001000        -0.1400000000         1.1111406260       115.3457245119      -151.4305446934 
        3.8300000000        -0.1400000000         1.1111406260       114.7952251261      -151.4305446934 
        3.8350000000        -0.1400000000         1.1060427230       113.8777261499      -159.0393550991 
        3.8400008000        -0.1400000000         1.1085916745       113.5107265594      -155.2349498962 
        3.8450000000        -0.1400000000         1.1060427230       112.2262279926      -159.0393550991 
        3.8500000000        -0.1400000000         1.1136895775       112.0427281974      -147.6261394906 
        3.8550000000        -0.1400000000         1.1060427230       110.7582296306      -159.0393550991 
        3.8600000000        -0.1400000000         1.1111406260       109.8407306544      -151.4305446934 
        3.8650000000        -0.1400000000         1.1009448200       108.9232316782      -166.6481655047 
        3.8700000999        -0.1400000000         1.1136895775       108.5562320877      -147.6261394906 
        3.8750000000        -0.1400000000         1.1085916745       107.6387331114      -155.2349498962 
        3.8800000000        -0.1400000000         1.1136895775       106.9047339304      -147.6261394906 
        3.8850000000        -0.1400000000         1.1136895775       106.1707347494      -147.6261394906 
        3.8900000999        -0.1400000000         1.1111406260       105.8037351589      -151.4305446934 
        3.8950000000        -0.1400000000         1.0983958685       104.1522370017      -170.4525707076 
        3.9000000000        -0.1400000000         1.1187874804       103.9687372064      -140.0173290849 
        3.9050000000        -0.1400000000         1.0983958685       103.0512382302      -170.4525707076 
        3.9100001000        -0.1400000000         1.1162385289       102.6842386397      -143.8217342878 
        3.9150009999        -0.1400000000         1.1162385289       101.9502394587      -143.8217342878 
        3.9200000000        -0.1400000000         1.1213364319       101.0327404825      -136.2129238821 
        3.9250044000        -0.1400000000         1.1060427230       100.4822410967      -159.0393550991 
        3.9300001000        -0.1400000000         1.1136895775       100.1152415062      -147.6261394906 
        3.9350000000        -0.1400000000         1.1009448200        98.2802435537      -166.6481655047 
        3.9400000000        -0.1400000000         1.1187874804        98.4637433490      -140.0173290849 
        3.9450000000        -0.1400000000         1.1111406260        97.5462443727      -151.4305446934 
        3.9500001000        -0.1400000000         1.1060427230        96.0782460108      -159.0393550991 
        3.9550000000        -0.1400000000         1.1187874804        96.4452456013      -140.0173290849 
        3.9600000000        -0.1400000000         1.1162385289        94.9772472393      -143.8217342878 
        3.9650000000        -0.1400000000         1.1085916745        94.7937474440      -155.2349498962 
        3.9700001000        -0.1400000000         1.1162385289        93.5092488773      -143.8217342878 
        3.9750000000        -0.1400000000         1.0983958685        92.2247503105      -170.4525707076 
        3.9800000000        -0.1400000000         1.1060427230        91.6742509248      -159.0393550991 
        3.9850000000        -0.1400000000         1.1009448200        91.3072513343      -166.6481655047 
        3.9900000000        -0.1400000000         1.1136895775        90.3897523581      -147.6261394906 
        3.9950000999        -0.1400000000         1.1111406260        89.6557531771      -151.4305446934 
