           Time[sec]           V_{cmd}[V]          V_{gyro}[V]          \theta[deg] \omega_{gyro}[deg/sec] 
        0.0000000000        -0.7600000000         1.2080007824      -128.8792038251        -7.9518930392 
        0.0050001000        -0.7600000000         1.2181965884      -127.7782050536         7.2657277721 
        0.0100000000        -0.7600000000         1.2130986854      -128.3287044394        -0.3430826335 
        0.0150000000        -0.7600000000         1.2105497339      -128.8792038251        -4.1474878364 
        0.0200001000        -0.7600000000         0.9174203130      -129.4297032109      -441.6540861617 
        0.0250000000        -0.7600000000         1.0270252269      -131.8152005491      -278.0646624401 
        0.0300000000        -0.7600000000         0.9403608764      -133.0996991158      -407.4144393363 
        0.0350001000        -0.7600000000         0.9378119249      -135.3016966588      -411.2188445391 
        0.0400000000        -0.7600000000         0.9327140220      -137.6871939971      -418.8276549447 
        0.0450000000        -0.7600000000         0.8944797497      -139.8891915400      -475.8937329872 
        0.0500001000        -0.7600000000         0.8587944289      -141.9076892878      -529.1554058268 
        0.0550000000        -0.7600000000         0.8842839437      -144.1096868308      -491.1113537985 
        0.0600000000        -0.7600000000         0.8562454774      -147.2291833500      -532.9598110296 
        0.0650001000        -0.7600000000         0.8180112051      -150.1651800740      -590.0258890721 
        0.0700000000        -0.7600000000         0.8409517685      -153.1011767979      -555.7862422466 
        0.0750000000        -0.7600000000         0.7925216902      -156.5876729076      -628.0699411004 
        0.0800001000        -0.7600000000         0.8078153991      -159.5236696316      -605.2435098834 
        0.0850000000        -0.7600000000         0.8103643506      -161.9091669699      -601.4391046805 
        0.0900000000        -0.7600000000         0.7772279813      -165.0286634891      -650.8963723173 
        0.0950010000        -0.7600000000         0.7772279813      -168.3316598036      -650.8963723173 
        0.1000000000        -0.7600000000         0.7670321754      -172.7356548895      -666.1139931286 
        0.1050000000        -0.7600000000         0.7466405635      -175.8551514087      -696.5492347513 
        0.1100000000        -0.7600000000         0.7568363694      -178.2406487470      -681.3316139400 
        0.1150000000        -0.7600000000         0.7746790298      -179.3416475185      -654.7007775202 
        0.1200000000        -0.7600000000         0.7262489516      -179.5251473137      -726.9844763739 
        0.1250000000        -0.7600000000         0.7619342724       -99.8862361759      -673.7228035343 
        0.1300001000        -0.7600000000         0.7237000001      -100.0697359711      -730.7888815767 
        0.1350000000        -0.7600000000         0.7237000001       180.1344513734      -730.7888815767 
        0.1400000000        -0.7600000000         0.7287979031       180.5014509639      -723.1800711711 
        0.1450001000        -0.7600000000         0.7186020971       177.1984546494      -738.3976919824 
        0.1500000000        -0.7600000000         0.7058573397       174.0789581302      -757.4197179965 
        0.1550000000        -0.7600000000         0.7109552427       169.8584628394      -749.8109075909 
        0.1600001000        -0.7600000000         0.6956615338       165.6379675487      -772.6373388079 
        0.1650000000        -0.7600000000         0.6803678249       162.3349712343      -795.4637700248 
        0.1700000000        -0.7600000000         0.7313468546       158.8484751245      -719.3756659683 
        0.1750001000        -0.7600000000         0.6778188734       154.8114796291      -799.2681752277 
        0.1800001000        -0.7600000000         0.6931125823       150.2239847479      -776.4417440107 
        0.1850000000        -0.7600000000         0.6829167763       146.7374886381      -791.6593648220 
        0.1900001000        -0.7600000000         0.6676230674       142.3334935522      -814.4857960390 
        0.1950000000        -0.7600000000         0.7033083882       137.9294984662      -761.2241231994 
        0.2000000000        -0.7600000000         0.6625251645       134.8100019470      -822.0946064446 
        0.2050001000        -0.7600000000         0.6829167763       130.7730064515      -791.6593648220 
        0.2100001000        -0.7600000000         0.6421335526       126.0020117751      -852.5298480673 
        0.2150000000        -0.7600000000         0.6752699219       122.8825152558      -803.0725804305 
        0.2200001000        -0.7600000000         0.6778188734       118.6620199651      -799.2681752277 
        0.2250000000        -0.7600000000         0.6523293585       114.2580248791      -837.3122272560 
        0.2300000000        -0.7600000000         0.6650741159       110.0375295884      -818.2902012418 
        0.2350000000        -0.7600000000         0.6344866981       105.2665349120      -863.9430636758 
        0.2400001000        -0.7600000000         0.6523293585       101.9635385975      -837.3122272560 
        0.2450000000        -0.7600000000         0.6650741159        97.7430433068      -818.2902012418 
        0.2500000000        -0.7600000000         0.6523293585        93.5225480161      -837.3122272560 
        0.2550001000        -0.7600000000         0.6293887951        89.3020527254      -871.5518740814 
        0.2600000000        -0.7600000000         0.6217419407        84.8980576394      -882.9650896899 
        0.2650000000        -0.7600000000         0.6497804070        81.4115615297      -841.1166324588 
        0.2700001000        -0.7600000000         0.6344866981        77.0075664437      -863.9430636758 
        0.2750000000        -0.7600000000         0.6421335526        73.1540707435      -852.5298480673 
        0.2800000000        -0.7600000000         0.6344866981        69.1170752480      -863.9430636758 
        0.2850001000        -0.7600000000         0.6319377466        64.5295803668      -867.7474688786 
        0.2900001000        -0.7600000000         0.6293887951        59.5750858951      -871.5518740814 
        0.2950000000        -0.7600000000         0.6625251645        56.4555893759      -822.0946064446 
        0.3000001000        -0.7600000000         0.6089971832        51.5010949042      -901.9871157041 
        0.3050000000        -0.7600000000         0.6319377466        48.0145987944      -867.7474688786 
        0.3100000000        -0.7600000000         0.6166440377        42.5096049370      -890.5739000956 
        0.3150001000        -0.7600000000         0.6523293585        39.2066086225      -837.3122272560 
        0.3200000000        -0.7600000000         0.6140950862        34.8026135365      -894.3783052984 
        0.3250000000        -0.7600000000         0.6217419407        30.5821182458      -882.9650896899 
        0.3300001000        -0.7600000000         0.6140950862        25.8111235694      -894.3783052984 
        0.3350000000        -0.7600000000         0.6319377466        21.5906282787      -867.7474688786 
        0.3400000000        -0.7600000000         0.6140950862        17.1866331927      -894.3783052984 
        0.3450001000        -0.7600000000         0.6191929892        13.1496376972      -886.7694948927 
        0.3500001000        -0.7600000000         0.6268398436         8.5621428160      -875.3562792843 
        0.3550001000        -0.7600000000         0.5988013773         3.9746479348      -917.2047365154 
        0.3600000000        -0.7600000000         0.6293887951         0.1211522346      -871.5518740814 
        0.3650000000        -0.7600000000         0.6089971832        -4.6498424419      -901.9871157041 
        0.3700000000        -0.7600000000         0.5988013773        -9.0538375278      -917.2047365154 
        0.3750000000        -0.7600000000         0.6191929892       -12.9073332281      -886.7694948927 
        0.3800001000        -0.7600000000         0.6089971832       -17.8618276998      -901.9871157041 
        0.3850000000        -0.7600000000         0.6166440377       -21.8988231952      -890.5739000956 
        0.3900000000        -0.7600000000         0.6038992803       -26.4863180765      -909.5959261097 
        0.3950001000        -0.7600000000         0.6166440377       -30.5233135719      -890.5739000956 
        0.4000000000        -0.7600000000         0.5835076684       -35.6613078389      -940.0311677323 
        0.4050000000        -0.7600000000         0.6115461347       -39.8818031296      -898.1827105012 
        0.4100001000        -0.7600000000         0.5962524258       -44.2857982156      -921.0091417182 
        0.4150001000        -0.7600000000         0.6115461347       -48.3227937110      -898.1827105012 
        0.4200001000        -0.7600000000         0.6089971832       -53.0937883875      -901.9871157041 
        0.4250001000        -0.7600000000         0.5962524258       -57.3142836782      -921.0091417182 
        0.4300000000        -0.7600000000         0.6064482318       -62.0852783547      -905.7915209069 
        0.4350000000        -0.7600000000         0.5988013773       -66.3057736454      -917.2047365154 
        0.4400001000        -0.7600000000         0.5886055714       -71.8107675028      -932.4223573267 
        0.4450000000        -0.7600000000         0.5962524258       -75.1137638173      -921.0091417182 
        0.4500000000        -0.7600000000         0.6191929892       -80.0682582890      -886.7694948927 
        0.4550001000        -0.7600000000         0.5988013773       -84.1052537845      -917.2047365154 
        0.4600000000        -0.7600000000         0.6140950862       -88.5092488705      -894.3783052984 
        0.4650000000        -0.7600000000         0.5682139595       -94.1977425232      -962.8575989493 
        0.4700001000        -0.7600000000         0.6344866981       -97.8677384281      -863.9430636758 
        0.4750001000        -0.7600000000         0.5911545228      -102.6387331046      -928.6179521239 
        0.4800001000        -0.7600000000         0.5962524258      -107.2262279858      -921.0091417182 
        0.4850000000        -0.7600000000         0.6038992803      -111.9972226623      -909.5959261097 
        0.4900000000        -0.7600000000         0.5937034743      -116.0342181577      -924.8135469210 
        0.4950000000        -0.7600000000         0.6089971832      -120.0712136532      -901.9871157041 
        0.5000000000        -0.7600000000         0.5835076684      -124.6587085344      -940.0311677323 
        0.5050001000        -0.7600000000         0.6013503288      -129.7967028014      -913.4003313125 
        0.5100000000        -0.7600000000         0.5886055714      -134.0171980921      -932.4223573267 
        0.5150000000        -0.7600000000         0.6089971832      -138.9716925638      -901.9871157041 
        0.5200001000        -0.7600000000         0.5886055714      -143.5591874450      -932.4223573267 
        0.5250000000        -0.7600000000         0.5962524258      -148.1466823262      -921.0091417182 
        0.5300000000        -0.7600000000         0.5835076684      -152.9176770027      -940.0311677323 
        0.5350001000        -0.7600000000         0.6089971832      -157.3216720886      -901.9871157041 
        0.5400000000        -0.7600000000         0.5733118624      -162.8266659461      -955.2487885437 
        0.5450000000        -0.7600000000         0.6064482318      -166.6801616463      -905.7915209069 
        0.5500001000        -0.7600000000         0.5707629110      -172.0016557085      -959.0531937465 
        0.5550000000        -0.7600000000         0.5988013773      -176.9561501802      -917.2047365154 
        0.5600000000        -0.7600000000         0.5809587169      -179.8921469042      -943.8355729352 
        0.5650001000        -0.7600000000         0.5758608139      -180.2591464947      -951.4443833408 
        0.5700001000        -0.7600000000         0.5988013773      -100.2532357664      -917.2047365154 
        0.5750001000        -0.7600000000         0.5860566199       179.9509515781      -936.2267625295 
        0.5800001000        -0.7600000000         0.5962524258       179.5839519876      -921.0091417182 
        0.5850000000        -0.7600000000         0.5809587169       177.0149548541      -943.8355729352 
        0.5900000000        -0.7600000000         0.5631160565       168.5739642727      -970.4664093550 
        0.5950001000        -0.7600000000         0.5784097654       166.9224661155      -947.6399781380 
        0.6000000000        -0.7600000000         0.6038992803       162.3349712343      -909.5959261097 
        0.6050000000        -0.7600000000         0.5784097654       157.1969769673      -947.6399781380 
        0.6100000000        -0.7600000000         0.5733118624       152.7929818813      -955.2487885437 
        0.6150000000        -0.7600000000         0.5886055714       148.2054870001      -932.4223573267 
        0.6200000000        -0.7600000000         0.5809587169       143.6179921189      -943.8355729352 
        0.6250000000        -0.7600000000         0.5962524258       138.2964980567      -921.0091417182 
        0.6300001000        -0.7600000000         0.5784097654       133.7090031755      -947.6399781380 
        0.6350006000        -0.7600000000         0.5707629110       128.5710089085      -959.0531937465 
        0.6400000000        -0.7600000000         0.5758608139       124.5340134131      -951.4443833408 
        0.6450001000        -0.7600000000         0.5809587169       119.2125193509      -943.8355729352 
        0.6500000000        -0.7600000000         0.5809587169       115.3590236506      -943.8355729352 
        0.6550000000        -0.7600000000         0.5758608139       109.4870302027      -951.4443833408 
        0.6600001000        -0.7600000000         0.5682139595       104.5325357310      -962.8575989493 
        0.6650000000        -0.7600000000         0.5707629110       100.6790400308      -959.0531937465 
        0.6700000000        -0.7600000000         0.5911545228        95.5410457638      -928.6179521239 
        0.6750001000        -0.7600000000         0.5835076684        91.8710498588      -940.0311677323 
        0.6800000000        -0.7600000000         0.5682139595        87.4670547729      -962.8575989493 
        0.6850000000        -0.7600000000         0.5962524258        82.5125603012      -921.0091417182 
        0.6900001000        -0.7600000000         0.5784097654        77.5580658294      -947.6399781380 
        0.6950001000        -0.7600000000         0.5758608139        72.6035713577      -951.4443833408 
        0.7000001000        -0.7600000000         0.5758608139        68.5665758623      -951.4443833408 
        0.7050001000        -0.7600000000         0.5707629110        63.4285815953      -959.0531937465 
        0.7100000000        -0.7600000000         0.5758608139        58.8410867141      -951.4443833408 
        0.7150000000        -0.7600000000         0.5809587169        54.0700920376      -943.8355729352 
        0.7200001000        -0.7600000000         0.5605671050        49.6660969517      -974.2708145578 
        0.7250000000        -0.7600000000         0.5605671050        44.3446028895      -974.2708145578 
        0.7300000000        -0.7600000000         0.5809587169        40.8581067797      -943.8355729352 
        0.7350000000        -0.7600000000         0.5886055714        35.1696131270      -932.4223573267 
        0.7400000000        -0.7600000000         0.5707629110        30.7656180411      -959.0531937465 
        0.7450000000        -0.7600000000         0.5758608139        26.1781231599      -951.4443833408 
        0.7500000000        -0.7600000000         0.5758608139        21.0401288929      -951.4443833408 
        0.7550001000        -0.7600000000         0.5733118624        17.5536327832      -955.2487885437 
        0.7600000000        -0.7600000000         0.5707629110        12.2321387210      -959.0531937465 
        0.7650000000        -0.7600000000         0.5554692020         7.4611440445      -981.8796249635 
        0.7700001000        -0.7600000000         0.5809587169         3.2406487538      -943.8355729352 
        0.7750000000        -0.7600000000         0.5809587169        -1.7138457179      -943.8355729352 
        0.7800000000        -0.7600000000         0.5503712991        -7.0353397801      -989.4884353691 
        0.7850001000        -0.7600000000         0.5605671050       -10.8888354803      -974.2708145578 
        0.7900000000        -0.7600000000         0.5758608139       -15.8433299520      -951.4443833408 
        0.7950000000        -0.7600000000         0.5707629110       -19.8803254475      -959.0531937465 
        0.8000001000        -0.7600000000         0.5605671050       -25.5688191002      -974.2708145578 
        0.8050000000        -0.7600000000         0.5631160565       -29.9728141862      -970.4664093550 
        0.8100000000        -0.7600000000         0.5707629110       -34.5603090674      -959.0531937465 
        0.8150001000        -0.7600000000         0.5503712991       -38.7808043581      -989.4884353691 
        0.8200001000        -0.7600000000         0.5554692020       -43.9187986251      -981.8796249635 
        0.8250001000        -0.7600000000         0.5631160565       -49.2402926873      -970.4664093550 
        0.8300001000        -0.7600000000         0.5835076684       -53.2772881827      -940.0311677323 
        0.8350001000        -0.7600000000         0.5605671050       -57.8647830640      -974.2708145578 
        0.8400000000        -0.7600000000         0.5656650080       -62.6357777404      -966.6620041522 
        0.8450001000        -0.7600000000         0.5631160565       -67.2232726216      -970.4664093550 
        0.8500000000        -0.7600000000         0.5784097654       -71.8107675028      -947.6399781380 
        0.8550000000        -0.7600000000         0.5784097654       -76.9487617698      -947.6399781380 
        0.8600000000        -0.7600000000         0.5503712991       -81.7197564463      -989.4884353691 
        0.8650000000        -0.7600000000         0.5758608139       -86.1237515322      -951.4443833408 
        0.8700000000        -0.7600000000         0.5580181535       -91.4452455944      -978.0752197606 
        0.8750000000        -0.7600000000         0.5835076684       -95.8492406804      -940.0311677323 
        0.8800001000        -0.7600000000         0.5503712991      -100.6202353569      -989.4884353691 
        0.8850000000        -0.7600000000         0.5682139595      -105.3912300333      -962.8575989493 
        0.8900000000        -0.7600000000         0.5656650080      -110.7127240955      -966.6620041522 
        0.8950001000        -0.7600000000         0.5860566199      -114.9332193862      -936.2267625295 
        0.9000000000        -0.7600000000         0.5478223476      -120.2547134484      -993.2928405720 
        0.9050000000        -0.7600000000         0.5631160565      -124.4752087392      -970.4664093550 
        0.9100001000        -0.7600000000         0.5529202506      -129.9802025966      -985.6840301663 
        0.9150000000        -0.7600000000         0.5758608139      -134.3841976826      -951.4443833408 
        0.9200000000        -0.7600000000         0.5682139595      -138.4211931780      -962.8575989493 
        0.9250001000        -0.7600000000         0.5631160565      -143.5591874450      -970.4664093550 
        0.9300000000        -0.7600000000         0.5503712991      -148.1466823262      -989.4884353691 
        0.9350000000        -0.7600000000         0.5758608139      -153.4681763884      -951.4443833408 
        0.9400001000        -0.7600000000         0.5707629110      -158.2391710649      -959.0531937465 
        0.9450001000        -0.7600000000         0.5631160565      -163.1936655366      -970.4664093550 
        0.9500001000        -0.7600000000         0.5554692020      -168.5151595988      -981.8796249635 
        0.9550001000        -0.7600000000         0.5784097654      -172.9191546848      -947.6399781380 
        0.9600001000        -0.7600000000         0.5656650080      -178.2406487470      -966.6620041522 
        0.9650000000        -0.7600000000         0.5733118624      -179.8921469042      -955.2487885437 
        0.9700001000        -0.7600000000         0.5656650080      -179.3416475185      -966.6620041522 
        0.9750000000        -0.7600000000         0.5656650080      -100.0697359711      -966.6620041522 
        0.9800000000        -0.7600000000         0.5988013773       180.1344513734      -917.2047365154 
        0.9850000000        -0.7600000000         0.5554692020       178.6664530114      -981.8796249635 
        0.9900000000        -0.7600000000         0.5478223476       174.0789581302      -993.2928405720 
        0.9950000000        -0.7600000000         0.5707629110       169.8584628394      -959.0531937465 
        1.0000000000        -0.7600000000         0.5758608139       164.5369687772      -951.4443833408 
        1.0050001000        -0.7600000000         0.5733118624       160.1329736913      -955.2487885437 
        1.0100001000        -0.7600000000         0.5529202506       154.0774804481      -985.6840301663 
        1.0150000000        -0.7600000000         0.5478223476       149.4899855669      -993.2928405720 
        1.0200001000        -0.7600000000         0.5784097654       145.0859904809      -947.6399781380 
        1.0250000000        -0.7600000000         0.5682139595       139.9479962139      -962.8575989493 
        1.0300000000        -0.7600000000         0.5503712991       135.1770015375      -989.4884353691 
        1.0350001000        -0.7600000000         0.5631160565       130.5895066563      -970.4664093550 
        1.0400000000        -0.7600000000         0.5631160565       125.0845127988      -970.4664093550 
        1.0450000000        -0.7600000000         0.5809587169       120.6805177128      -943.8355729352 
        1.0500001000        -0.7600000000         0.5452733961       115.9095230364      -997.0972457748 
        1.0550000000        -0.7600000000         0.5605671050       110.2210293837      -974.2708145578 
        1.0600000000        -0.7600000000         0.5733118624       105.8170342977      -955.2487885437 
        1.0650001000        -0.7600000000         0.5631160565       101.4130392118      -970.4664093550 
        1.0700000000        -0.7600000000         0.5707629110        96.6420445353      -959.0531937465 
        1.0750000000        -0.7600000000         0.5554692020        92.6050490398      -981.8796249635 
        1.0800001000        -0.7600000000         0.5682139595        87.1000551824      -962.8575989493 
        1.0850000000        -0.7600000000         0.5835076684        83.2465594822      -940.0311677323 
        1.0900000000        -0.7600000000         0.5452733961        77.3745660342      -997.0972457748 
        1.0950001000        -0.7600000000         0.6013503288        73.5210703340      -913.4003313125 
        1.1000000000        -0.7600000000         0.5707629110        68.3830760670      -959.0531937465 
        1.1050000000        -0.7600000000         0.5605671050        63.9790809811      -974.2708145578 
        1.1100000000        -0.7600000000         0.6013503288        58.6575869189      -913.4003313125 
        1.1150000000        -0.7600000000         0.5733118624        54.6205914234      -955.2487885437 
        1.1200000000        -0.7600000000         0.5682139595        49.8495967469      -962.8575989493 
        1.1250000000        -0.7600000000         0.5605671050        44.1611030942      -974.2708145578 
        1.1300001000        -0.7600000000         0.5631160565        40.1241075988      -970.4664093550 
        1.1350001000        -0.7600000000         0.5554692020        34.4356139460      -981.8796249635 
        1.1400000000        -0.7600000000         0.5580181535        30.5821182458      -978.0752197606 
        1.1450001000        -0.7600000000         0.5707629110        25.4441239789      -959.0531937465 
        1.1500000000        -0.7600000000         0.5580181535        20.4896295072      -978.0752197606 
        1.1550001000        -0.7600000000         0.5478223476        15.3516352402      -993.2928405720 
        1.1600001000        -0.7600000000         0.5707629110        11.1311399495      -959.0531937465 
        1.1650000000        -0.7600000000         0.5733118624         6.9106446588      -955.2487885437 
        1.1700000000        -0.7600000000         0.5274307357         1.4056508013     -1023.7280821946 
        1.1750004000        -0.7600000000         0.5707629110        -2.9983442846      -959.0531937465 
        1.1800000000        -0.7600000000         0.5580181535        -7.7693389611      -978.0752197606 
        1.1850000000        -0.7600000000         0.5580181535       -12.7238334328      -978.0752197606 
        1.1900001000        -0.7600000000         0.5580181535       -17.3113283140      -978.0752197606 
        1.1950000000        -0.7600000000         0.5605671050       -22.0823229905      -974.2708145578 
        1.2000000000        -0.7600000000         0.5478223476       -27.0368174622      -993.2928405720 
        1.2050001000        -0.7600000000         0.5656650080       -32.1748117292      -966.6620041522 
        1.2100000000        -0.7600000000         0.5529202506       -36.5788068151      -985.6840301663 
        1.2150000000        -0.7600000000         0.5376265416       -41.7168010821     -1008.5104613833 
        1.2200001000        -0.7600000000         0.5580181535       -45.9372963728      -978.0752197606 
        1.2250000000        -0.7600000000         0.5682139595       -50.3412914588      -962.8575989493 
        1.2300000000        -0.7600000000         0.5376265416       -56.0297851115     -1008.5104613833 
        1.2350000000        -0.7600000000         0.5529202506       -60.0667806069      -985.6840301663 
        1.2400000000        -0.7600000000         0.5554692020       -64.2872758976      -981.8796249635 
        1.2450000000        -0.7600000000         0.5631160565       -69.7922697551      -970.4664093550 
        1.2500000000        -0.7600000000         0.5580181535       -74.9302640221      -978.0752197606 
        1.2550001000        -0.7600000000         0.5605671050       -78.9672595175      -974.2708145578 
        1.2600001000        -0.7600000000         0.5427244446       -84.8392529655     -1000.9016509776 
        1.2650000000        -0.7600000000         0.5707629110       -88.8762484609      -959.0531937465 
        1.2700001000        -0.7600000000         0.5478223476       -93.6472431374      -993.2928405720 
        1.2750000000        -0.7600000000         0.5452733961       -99.3357367901      -997.0972457748 
        1.2800001000        -0.7600000000         0.5478223476      -103.7397318761      -993.2928405720 
        1.2850001000        -0.7600000000         0.5605671050      -108.6942263478      -974.2708145578 
        1.2900000000        -0.7600000000         0.5631160565      -113.8322206147      -970.4664093550 
        1.2950000000        -0.7600000000         0.5554692020      -117.6857163150      -981.8796249635 
        1.3000001000        -0.7600000000         0.5529202506      -123.5577097629      -985.6840301663 
        1.3050000000        -0.7600000000         0.5503712991      -127.4112054631      -989.4884353691 
        1.3100000000        -0.7600000000         0.5580181535      -133.2831989111      -978.0752197606 
        1.3150001000        -0.7600000000         0.5529202506      -137.6871939971      -985.6840301663 
        1.3200000000        -0.7600000000         0.5554692020      -142.4581886735      -981.8796249635 
        1.3250000000        -0.7600000000         0.5427244446      -148.3301821215     -1000.9016509776 
        1.3300001000        -0.7600000000         0.5503712991      -152.9176770027      -989.4884353691 
        1.3350000000        -0.7600000000         0.5554692020      -157.6886716791      -981.8796249635 
        1.3400000000        -0.7600000000         0.5427244446      -162.8266659461     -1000.9016509776 
        1.3450001000        -0.7600000000         0.5452733961      -167.7811604178      -997.0972457748 
        1.3500000000        -0.7600000000         0.5503712991      -173.1026544800      -989.4884353691 
        1.3550000000        -0.7600000000         0.5529202506      -177.6901493612      -985.6840301663 
        1.3600000000        -0.7600000000         0.5605671050      -180.0756466995      -974.2708145578 
        1.3650000000        -0.7600000000         0.5299796872      -180.4426462900     -1019.9236769918 
        1.3700000000        -0.7600000000         0.5580181535      -100.9872349474      -978.0752197606 
        1.3750000000        -0.7600000000         0.5478223476       179.7674517829      -993.2928405720 
        1.3800001000        -0.7600000000         0.5656650080       179.4004521924      -966.6620041522 
        1.3850001000        -0.7600000000         0.5478223476       173.7119585397      -993.2928405720 
        1.3900000000        -0.7600000000         0.5503712991       168.9409638632      -989.4884353691 
        1.3950001000        -0.7600000000         0.5605671050       164.1699691867      -974.2708145578 
        1.4000000000        -0.7600000000         0.5478223476       158.6649753293      -993.2928405720 
        1.4050001000        -0.7600000000         0.5503712991       154.2609802433      -989.4884353691 
        1.4100001000        -0.7600000000         0.5605671050       148.7559863859      -974.2708145578 
        1.4150000000        -0.7600000000         0.5478223476       143.2509925284      -993.2928405720 
        1.4200000000        -0.7600000000         0.5554692020       138.8469974424      -981.8796249635 
        1.4251172000        -0.7600000000         0.5605671050       134.2595025612      -974.2708145578 
        1.4300000000        -0.7600000000         0.5478223476       128.3875091133      -993.2928405720 
        1.4350000000        -0.7600000000         0.5427244446       123.6165144368     -1000.9016509776 
        1.4400001000        -0.7600000000         0.5733118624       119.3960191461      -955.2487885437 
        1.4450000000        -0.7600000000         0.5605671050       114.9920240601      -974.2708145578 
        1.4500000000        -0.7600000000         0.5605671050       109.4870302027      -974.2708145578 
        1.4550001000        -0.7600000000         0.6038992803       104.5325357310      -909.5959261097 
        1.4600000000        -0.7600000000         0.5605671050        99.7615410545      -974.2708145578 
        1.4650000000        -0.7600000000         0.5656650080        95.5410457638      -966.6620041522 
        1.4700001000        -0.7600000000         0.5605671050        89.8525521111      -974.2708145578 
        1.4750000000        -0.7600000000         0.5529202506        85.4485570251      -985.6840301663 
        1.4800000000        -0.7600000000         0.5707629110        81.2280617344      -959.0531937465 
        1.4850000000        -0.7600000000         0.5376265416        75.9065676722     -1008.5104613833 
        1.4900000000        -0.7600000000         0.5707629110        71.6860723815      -959.0531937465 
        1.4950000000        -0.7600000000         0.5656650080        65.9975787288      -966.6620041522 
        1.5000000000        -0.7600000000         0.5503712991        61.9605832333      -989.4884353691 
        1.5050001000        -0.7600000000         0.5758608139        56.6390891711      -951.4443833408 
        1.5100001000        -0.7600000000         0.5784097654        52.6020936757      -947.6399781380 
        1.5150000000        -0.7600000000         0.5376265416        47.8310989992     -1008.5104613833 
        1.5200001000        -0.7600000000         0.5682139595        42.5096049370      -962.8575989493 
        1.5250000000        -0.7600000000         0.5427244446        37.1881108748     -1000.9016509776 
        1.5300001000        -0.7600000000         0.5631160565        32.2336164031      -970.4664093550 
        1.5350001000        -0.7600000000         0.5427244446        27.4626217266     -1000.9016509776 
        1.5400001000        -0.7600000000         0.5503712991        22.8751268454      -989.4884353691 
        1.5450000000        -0.7600000000         0.5605671050        17.9206323737      -974.2708145578 
        1.5500001000        -0.7600000000         0.5733118624        13.7001370830      -955.2487885437 
        1.5550000000        -0.7600000000         0.5580181535         9.1126422018      -978.0752197606 
        1.5600000000        -0.7600000000         0.5503712991         3.2406487538      -989.4884353691 
        1.5650001000        -0.7600000000         0.5503712991        -1.1633463322      -989.4884353691 
        1.5700000000        -0.7600000000         0.5682139595        -5.2003418276      -962.8575989493 
        1.5750000000        -0.7600000000         0.5427244446       -10.5218358898     -1000.9016509776 
        1.5800001000        -0.7600000000         0.5529202506       -16.2103295425      -985.6840301663 
        1.5850000000        -0.7600000000         0.5503712991       -20.4308248333      -989.4884353691 
        1.5900000000        -0.7600000000         0.5478223476       -25.0183197145      -993.2928405720 
        1.5950001000        -0.7600000000         0.5656650080       -29.9728141862      -966.6620041522 
        1.6000000000        -0.7600000000         0.5503712991       -34.7438088626      -989.4884353691 
        1.6050000000        -0.7600000000         0.5580181535       -39.3313037439      -978.0752197606 
        1.6100000000        -0.7600000000         0.5478223476       -44.4692980108      -993.2928405720 
        1.6150000000        -0.7600000000         0.5605671050       -48.8732930968      -974.2708145578 
        1.6200000000        -0.7600000000         0.5478223476       -53.6442877732      -993.2928405720 
        1.6250000000        -0.7600000000         0.5529202506       -58.2317826544      -985.6840301663 
        1.6300001000        -0.7600000000         0.5631160565       -62.2687781499      -970.4664093550 
        1.6350001000        -0.7600000000         0.5529202506       -67.9572718026      -985.6840301663 
        1.6400000000        -0.7600000000         0.5529202506       -72.9117662743      -985.6840301663 
        1.6450001000        -0.7600000000         0.5554692020       -77.3157613603      -981.8796249635 
        1.6500000000        -0.7600000000         0.5478223476       -82.6372554225      -993.2928405720 
        1.6550001000        -0.7600000000         0.5580181535       -88.1422492800      -978.0752197606 
        1.6600001000        -0.7600000000         0.5427244446       -91.9957449802     -1000.9016509776 
        1.6650001000        -0.7600000000         0.5682139595       -97.3172390424      -962.8575989493 
        1.6700000000        -0.7600000000         0.5427244446      -101.9047339236     -1000.9016509776 
        1.6750001000        -0.7600000000         0.5580181535      -106.8592283953      -978.0752197606 
        1.6800000000        -0.7600000000         0.5478223476      -111.8137228670      -993.2928405720 
        1.6850000000        -0.7600000000         0.5554692020      -116.5847175435      -981.8796249635 
        1.6900001000        -0.7600000000         0.5605671050      -121.3557122199      -974.2708145578 
        1.6950000000        -0.7600000000         0.5503712991      -126.3102066916      -989.4884353691 
        1.7000000000        -0.7600000000         0.5580181535      -130.7142017776      -978.0752197606 
        1.7050001000        -0.7600000000         0.5554692020      -136.2191956351      -981.8796249635 
        1.7100000000        -0.7600000000         0.5401754931      -141.7241894925     -1004.7060561804 
        1.7150000000        -0.7600000000         0.5554692020      -146.4951841690      -981.8796249635 
        1.7200001000        -0.7600000000         0.5376265416      -151.0826790502     -1008.5104613833 
        1.7250000000        -0.7600000000         0.5605671050      -155.8536737267      -974.2708145578 
        1.7300000000        -0.7600000000         0.5350775902      -160.6246684031     -1012.3148665861 
        1.7350000000        -0.7600000000         0.5656650080      -166.1296622606      -966.6620041522 
        1.7400000000        -0.7600000000         0.5427244446      -171.2676565275     -1000.9016509776 
        1.7450000000        -0.7600000000         0.5478223476      -176.5891505897      -993.2928405720 
        1.7500000000        -0.7600000000         0.5682139595      -180.0756466995      -962.8575989493 
        1.7550001000        -0.7600000000         0.5401754931      -179.8921469042     -1004.7060561804 
        1.7600001000        -0.7600000000         0.5631160565      -100.0697359711      -970.4664093550 
        1.7650000000        -0.7600000000         0.5503712991       180.3179511686      -989.4884353691 
        1.7700001000        -0.7600000000         0.5605671050       180.3179511686      -974.2708145578 
        1.7750000000        -0.7600000000         0.5427244446       175.9139560826     -1000.9016509776 
        1.7800001000        -0.7600000000         0.5554692020       170.4089622252      -981.8796249635 
        1.7850001000        -0.7600000000         0.5478223476       165.2709679582      -993.2928405720 
        1.7900001000        -0.7600000000         0.5376265416       160.4999732818     -1008.5104613833 
        1.7950000000        -0.7600000000         0.5682139595       156.0959781958      -962.8575989493 
        1.8000001000        -0.7600000000         0.5503712991       150.7744841336      -989.4884353691 
        1.8050000000        -0.7600000000         0.5350775902       145.0859904809     -1012.3148665861 
        1.8100000000        -0.7600000000         0.5478223476       140.4984955997      -993.2928405720 
        1.8150001000        -0.7600000000         0.5682139595       135.7275009232      -962.8575989493 
        1.8200000000        -0.7600000000         0.5274307357       130.4060068610     -1023.7280821946 
        1.8250000000        -0.7600000000         0.5503712991       125.4515123893      -989.4884353691 
        1.8300001000        -0.7600000000         0.5605671050       121.2310170986      -974.2708145578 
        1.8350000000        -0.7600000000         0.5554692020       116.0930228316      -981.8796249635 
        1.8400000000        -0.7600000000         0.5503712991       110.9550285647      -989.4884353691 
        1.8450001000        -0.7600000000         0.5605671050       106.7345332740      -974.2708145578 
        1.8507996000        -0.7600000000         0.5376265416       100.4955402355     -1008.5104613833 
        1.8550000000        -0.7600000000         0.5554692020        96.4585447400      -981.8796249635 
        1.8600000000        -0.7600000000         0.5631160565        91.5040502683      -970.4664093550 
        1.8650000000        -0.7600000000         0.6548783100        86.9165553871      -833.5078220531 
        1.8700000000        -0.7600000000         0.5554692020        82.5125603012      -981.8796249635 
        1.8750000000        -0.7600000000         0.5707629110        77.5580658294      -959.0531937465 
        1.8800001000        -0.7600000000         0.5376265416        72.4200715625     -1008.5104613833 
        1.8850001000        -0.7600000000         0.5605671050        68.1995762718      -974.2708145578 
        1.8900000000        -0.7600000000         0.5554692020        63.2450818001      -981.8796249635 
        1.8950001000        -0.7600000000         0.5478223476        57.9235877379      -993.2928405720 
        1.9000000000        -0.7600000000         0.5707629110        54.0700920376      -959.0531937465 
        1.9050001000        -0.7600000000         0.5401754931        48.3815983849     -1004.7060561804 
        1.9100001000        -0.7600000000         0.5427244446        43.6106037085     -1000.9016509776 
        1.9150001000        -0.7600000000         0.5503712991        38.8396090320      -989.4884353691 
        1.9200000000        -0.7600000000         0.5809587169        34.0686143556      -943.8355729352 
        1.9250001000        -0.7600000000         0.5401754931        29.4811194743     -1004.7060561804 
        1.9300000000        -0.7600000000         0.5325286387        24.7101247979     -1016.1192717889 
        1.9350000000        -0.7600000000         0.5707629110        19.7556303262      -959.0531937465 
        1.9400001000        -0.7600000000         0.5605671050        14.8011358545      -974.2708145578 
        1.9450000000        -0.7600000000         0.5299796872         9.8466413827     -1019.9236769918 
        1.9500000000        -0.7600000000         0.5605671050         4.8921469110      -974.2708145578 
        1.9550001000        -0.7600000000         0.5376265416         0.4881518251     -1008.5104613833 
        1.9600000000        -0.7600000000         0.5605671050        -3.7323434656      -974.2708145578 
        1.9650000000        -0.7600000000         0.5478223476        -8.5033381421      -993.2928405720 
        1.9701576000        -0.7600000000         0.5503712991       -14.3753315901      -989.4884353691 
        1.9750000000        -0.7600000000         0.5427244446       -18.7793266760     -1000.9016509776 
        1.9800000000        -0.7600000000         0.5401754931       -23.7338211477     -1004.7060561804 
        1.9850000000        -0.7600000000         0.5580181535       -28.5048158242      -978.0752197606 
        1.9900000000        -0.7600000000         0.5401754931       -33.4593102959     -1004.7060561804 
        1.9950000000        -0.7600000000         0.5427244446       -38.4138047676     -1000.9016509776 
        2.0000000000        -0.7600000000         0.5478223476       -43.1847994441      -993.2928405720 
        2.0050001000        -0.7600000000         0.5452733961       -47.5887945300      -997.0972457748 
        2.0100000000        -0.7600000000         0.5605671050       -52.5432890017      -974.2708145578 
        2.0150001000        -0.7600000000         0.5274307357       -57.4977834735     -1023.7280821946 
        2.0200001000        -0.7600000000         0.5554692020       -61.5347789689      -981.8796249635 
        2.0250026000        -0.7600000000         0.5325286387       -67.2232726216     -1016.1192717889 
        2.0300000000        -0.7600000000         0.5605671050       -72.3612668886      -974.2708145578 
        2.0350001000        -0.7600000000         0.5427244446       -76.2147625888     -1000.9016509776 
        2.0400001000        -0.7600000000         0.5503712991       -81.9032562415      -989.4884353691 
        2.0450000000        -0.7600000000         0.5325286387       -86.8577507132     -1016.1192717889 
        2.0500001000        -0.7600000000         0.5580181535       -91.8122451849      -978.0752197606 
        2.0550000000        -0.7600000000         0.5350775902       -96.7667396566     -1012.3148665861 
        2.0600000000        -0.7600000000         0.5682139595      -100.8037351521      -962.8575989493 
        2.0650001000        -0.7600000000         0.5452733961      -105.9417294191      -997.0972457748 
        2.0700000000        -0.7600000000         0.5401754931      -111.8137228670     -1004.7060561804 
        2.0750000000        -0.7600000000         0.5452733961      -116.5847175435      -997.0972457748 
        2.0800001000        -0.7600000000         0.5529202506      -120.8052128342      -985.6840301663 
        2.0850000000        -0.7600000000         0.5299796872      -126.4937064869     -1019.9236769918 
        2.0900000000        -0.7600000000         0.5427244446      -131.2647011634     -1000.9016509776 
        2.0950001000        -0.7600000000         0.5401754931      -135.3016966588     -1004.7060561804 
        2.1000000000        -0.7600000000         0.5580181535      -140.6231907210      -978.0752197606 
        2.1050000000        -0.7600000000         0.5478223476      -145.3941853975      -993.2928405720 
        2.1100000000        -0.7600000000         0.5299796872      -150.7156794597     -1019.9236769918 
        2.1150000000        -0.7600000000         0.5376265416      -156.2206733172     -1008.5104613833 
        2.1200000000        -0.7600000000         0.5478223476      -160.6246684031      -993.2928405720 
        2.1250000000        -0.7600000000         0.5503712991      -165.9461624653      -989.4884353691 
        2.1300001000        -0.7600000000         0.5350775902      -171.8181559133     -1012.3148665861 
        2.1350000000        -0.7600000000         0.5325286387      -176.4056507945     -1016.1192717889 
        2.1400001000        -0.7600000000         0.5478223476      -179.8921469042      -993.2928405720 
        2.1450001000        -0.7600000000         0.5350775902      -180.4426462900     -1012.3148665861 
        2.1500000000        -0.7600000000         0.5427244446      -100.2532357664     -1000.9016509776 
        2.1550000000        -0.7600000000         0.5427244446       179.4004521924     -1000.9016509776 
        2.1600001000        -0.7600000000         0.5401754931       180.3179511686     -1004.7060561804 
        2.1650000000        -0.7600000000         0.5427244446       175.3634566969     -1000.9016509776 
        2.1700000000        -0.7600000000         0.5376265416       170.7759618157     -1008.5104613833 
        2.1750001000        -0.7600000000         0.5452733961       165.0874681630      -997.0972457748 
        2.1800001000        -0.7600000000         0.5605671050       160.8669728723      -974.2708145578 
        2.1850000000        -0.7600000000         0.5299796872       155.5454788101     -1019.9236769918 
        2.1900001000        -0.7600000000         0.5427244446       150.0404849526     -1000.9016509776 
        2.1950000000        -0.7600000000         0.5325286387       144.1684915047     -1016.1192717889 
        2.2000000000        -0.7600000000         0.5580181535       139.9479962139      -978.0752197606 
        2.2050001000        -0.7600000000         0.5478223476       134.4430023565      -993.2928405720 
        2.2100000000        -0.7600000000         0.5350775902       130.0390072705     -1012.3148665861 
        2.2150000000        -0.7600000000         0.5478223476       125.0845127988      -993.2928405720 
        2.2200001000        -0.7600000000         0.5605671050       120.4970179176      -974.2708145578 
        2.2250000000        -0.7600000000         0.5299796872       115.3590236506     -1019.9236769918 
        2.2300000000        -0.7600000000         0.5478223476       109.4870302027      -993.2928405720 
        2.2350000000        -0.7600000000         0.5376265416       105.2665349120     -1008.5104613833 
        2.2400000000        -0.7600000000         0.5529202506       100.1285406450      -985.6840301663 
        2.2450000000        -0.7600000000         0.5503712991        95.3575459686      -989.4884353691 
        2.2500000000        -0.7600000000         0.5376265416        90.4030514968     -1008.5104613833 
        2.2550001000        -0.7600000000         0.5427244446        85.4485570251     -1000.9016509776 
        2.2600000000        -0.7600000000         0.5631160565        81.2280617344      -970.4664093550 
        2.2650001000        -0.7600000000         0.5427244446        76.4570670580     -1000.9016509776 
        2.2700001000        -0.7600000000         0.5580181535        71.5025725862      -978.0752197606 
        2.2750000000        -0.7600000000         0.5427244446        66.5480781145     -1000.9016509776 
        2.2800000000        -0.7600000000         0.5503712991        61.2265840523      -989.4884353691 
        2.2850001000        -0.7600000000         0.5605671050        57.3730883521      -974.2708145578 
        2.2900000000        -0.7600000000         0.6778188734        52.2350940852      -799.2681752277 
        2.2950000000        -0.7600000000         0.5452733961        47.2805996134      -997.0972457748 
        2.3000001000        -0.7600000000         0.5580181535        42.1426053465      -978.0752197606 
        2.3050001000        -0.7600000000         0.5580181535        37.0046110795      -978.0752197606 
        2.3100000000        -0.7600000000         0.5350775902        32.6006159936     -1012.3148665861 
        2.3150001000        -0.7600000000         0.5682139595        28.1966209076      -962.8575989493 
        2.3200000000        -0.7600000000         0.5605671050        23.4256262311      -974.2708145578 
        2.3250000000        -0.7600000000         0.5554692020        18.2876319642      -981.8796249635 
        2.3300001000        -0.7600000000         0.5452733961        12.9661379020      -997.0972457748 
        2.3350000000        -0.7600000000         0.5503712991         8.5621428160      -989.4884353691 
        2.3400000000        -0.7600000000         0.5605671050         3.9746479348      -974.2708145578 
        2.3450001000        -0.7600000000         0.5452733961        -1.5303459227      -997.0972457748 
        2.3500000000        -0.7600000000         0.5427244446        -5.7508412134     -1000.9016509776 
        2.3550000000        -0.7600000000         0.5478223476       -10.5218358898      -993.2928405720 
        2.3600000000        -0.7600000000         0.5503712991       -15.1093307710      -989.4884353691 
        2.3650000000        -0.7600000000         0.5758608139       -19.5133258570      -951.4443833408 
        2.3700000000        -0.7600000000         0.5529202506       -24.4678203287      -985.6840301663 
        2.3750000000        -0.7600000000         0.5478223476       -29.7893143909      -993.2928405720 
        2.3800001000        -0.7600000000         0.5427244446       -34.7438088626     -1000.9016509776 
        2.3850000000        -0.7600000000         0.5631160565       -38.9643041534      -970.4664093550 
        2.3900001000        -0.7600000000         0.5350775902       -44.8362976013     -1012.3148665861 
        2.3950001000        -0.7600000000         0.5554692020       -48.8732930968      -981.8796249635 
        2.4000000000        -0.7600000000         0.5503712991       -53.8277875685      -989.4884353691 
        2.4050000000        -0.7600000000         0.5376265416       -59.1492816307     -1008.5104613833 
        2.4100001000        -0.7600000000         0.5554692020       -63.1862771262      -981.8796249635 
        2.4150000000        -0.7600000000         0.5274307357       -68.3242713931     -1023.7280821946 
        2.4200000000        -0.7600000000         0.5478223476       -73.8292652506      -993.2928405720 
        2.4250001000        -0.7600000000         0.5580181535       -77.8662607460      -978.0752197606 
        2.4300001000        -0.7600000000         0.5427244446       -82.6372554225     -1000.9016509776 
        2.4350000000        -0.7600000000         0.5503712991       -88.1422492800      -989.4884353691 
        2.4400001000        -0.7600000000         0.5299796872       -93.6472431374     -1019.9236769918 
        2.4450000000        -0.7600000000         0.5580181535       -97.6842386329      -978.0752197606 
        2.4500000000        -0.7600000000         0.5452733961      -102.6387331046      -997.0972457748 
        2.4550001000        -0.7600000000         0.5580181535      -107.0427281906      -978.0752197606 
        2.4600000000        -0.7600000000         0.5503712991      -113.4652210242      -989.4884353691 
        2.4650000000        -0.7600000000         0.5478223476      -117.8692161102      -993.2928405720 
        2.4700001000        -0.7600000000         0.5580181535      -121.3557122199      -978.0752197606 
        2.4750000000        -0.7600000000         0.5274307357      -127.4112054631     -1023.7280821946 
        2.4800000000        -0.7600000000         0.5427244446      -132.3656999348     -1000.9016509776 
        2.4850000000        -0.7600000000         0.5503712991      -136.5861952256      -989.4884353691 
        2.4900000000        -0.7600000000         0.5478223476      -141.9076892878      -993.2928405720 
        2.4950000000        -0.7600000000         0.5401754931      -147.2291833500     -1004.7060561804 
        2.5000000000        -0.7600000000         0.5427244446      -151.4496786407     -1000.9016509776 
        2.5050001000        -0.7600000000         0.5554692020      -157.1381722934      -981.8796249635 
        2.5100000000        -0.7600000000         0.5350775902      -161.9091669699     -1012.3148665861 
        2.5150001000        -0.7600000000         0.5631160565      -166.3131620558      -970.4664093550 
        2.5200001000        -0.7600000000         0.5376265416      -172.7356548895     -1008.5104613833 
        2.5250000000        -0.7600000000         0.5503712991      -177.3231497707      -989.4884353691 
        2.5300000000        -0.7600000000         0.5503712991      -180.0756466995      -989.4884353691 
        2.5350001000        -0.7600000000         0.5248817842      -180.2591464947     -1027.5324873974 
        2.5400000000        -0.7600000000         0.5580181535      -100.0697359711      -978.0752197606 
        2.5450000000        -0.7600000000         0.5733118624       179.7674517829      -955.2487885437 
        2.5500001000        -0.7600000000         0.5299796872       179.4004521924     -1019.9236769918 
        2.5550001000        -0.7600000000         0.5554692020       175.1799569017      -981.8796249635 
        2.5600000000        -0.7600000000         0.5376265416       169.4914632490     -1008.5104613833 
        2.5650001000        -0.7600000000         0.5631160565       164.5369687772      -970.4664093550 
        2.5700000000        -0.7600000000         0.5682139595       160.1329736913      -962.8575989493 
        2.5750000000        -0.7600000000         0.5299796872       154.4444800386     -1019.9236769918 
        2.5800001000        -0.7600000000         0.5401754931       148.7559863859     -1004.7060561804 
        2.5850000000        -0.7600000000         0.5554692020       144.3519912999      -981.8796249635 
        2.5900000000        -0.7600000000         0.5682139595       139.3974968282      -962.8575989493 
        2.5950001000        -0.7600000000         0.5478223476       134.9935017422      -993.2928405720 
        2.6000000000        -0.7600000000         0.5503712991       129.6720076800      -989.4884353691 
        2.6050000000        -0.7600000000         0.5350775902       124.5340134131     -1012.3148665861 
        2.6100000000        -0.7600000000         0.5631160565       119.9465185319      -970.4664093550 
        2.6150000000        -0.7600000000         0.5427244446       114.8085242649     -1000.9016509776 
        2.6200000000        -0.7600000000         0.5478223476       109.4870302027      -993.2928405720 
        2.6250000000        -0.7600000000         0.5554692020       104.7160355262      -981.8796249635 
        2.6300001000        -0.7600000000         0.5452733961       100.6790400308      -997.0972457748 
        2.6350000000        -0.7600000000         0.5452733961        94.6235467876      -997.0972457748 
        2.6400001000        -0.7600000000         0.5503712991        90.7700510873      -989.4884353691 
        2.6450001000        -0.7600000000         0.5580181535        86.1825562061      -978.0752197606 
        2.6500000000        -0.7600000000         0.5580181535        80.6775623487      -978.0752197606 
        2.6550000000        -0.7600000000         0.5376265416        76.0900674675     -1008.5104613833 
        2.6600001000        -0.7600000000         0.5707629110        71.6860723815      -959.0531937465 
        2.6650000000        -0.7600000000         0.5682139595        65.9975787288      -962.8575989493 
        2.6700000000        -0.7600000000         0.5605671050        61.7770834381      -974.2708145578 
        2.6750001000        -0.7600000000         0.5299796872        55.9050899901     -1019.9236769918 
        2.6800001000        -0.7600000000         0.5707629110        52.0515942899      -959.0531937465 
        2.6850000000        -0.7600000000         0.5605671050        46.9136000229      -974.2708145578 
        2.6900001000        -0.7600000000         0.5376265416        42.1426053465     -1008.5104613833 
        2.6950000000        -0.7600000000         0.5503712991        37.1881108748      -989.4884353691 
        2.7000000000        -0.7600000000         0.5478223476        32.4171161983      -993.2928405720 
        2.7050001000        -0.7600000000         0.5554692020        26.9121223409      -981.8796249635 
        2.7100000000        -0.7600000000         0.5503712991        23.2421264359      -989.4884353691 
        2.7150000000        -0.7600000000         0.5478223476        17.9206323737      -993.2928405720 
        2.7200001000        -0.7600000000         0.5376265416        12.7826381067     -1008.5104613833 
        2.7250000000        -0.7600000000         0.5631160565         8.7456426113      -970.4664093550 
        2.7300000000        -0.7600000000         0.5554692020         3.4241485491      -981.8796249635 
        2.7350000000        -0.7600000000         0.5427244446        -1.7138457179     -1000.9016509776 
        2.7400000000        -0.7600000000         0.5656650080        -5.3838416229      -966.6620041522 
        2.7450000000        -0.7600000000         0.5376265416       -11.2558350708     -1008.5104613833 
        2.7500000000        -0.7600000000         0.5631160565       -15.8433299520      -970.4664093550 
        2.7550001000        -0.7600000000         0.5401754931       -20.9813242190     -1004.7060561804 
        2.7600000000        -0.7600000000         0.5401754931       -25.5688191002     -1004.7060561804 
        2.7650001000        -0.7600000000         0.5580181535       -29.6058145957      -978.0752197606 
        2.7700001000        -0.7600000000         0.5478223476       -35.4778080436      -993.2928405720 
        2.7750000000        -0.7600000000         0.5478223476       -39.6983033343      -993.2928405720 
        2.7800000000        -0.7600000000         0.5605671050       -44.2857982156      -974.2708145578 
        2.7850001000        -0.7600000000         0.5376265416       -48.6897933015     -1008.5104613833 
        2.7900000000        -0.7600000000         0.5580181535       -54.7452865447      -978.0752197606 
        2.7950000000        -0.7600000000         0.5376265416       -59.1492816307     -1008.5104613833 
        2.8000001000        -0.7600000000         0.5605671050       -63.3697769214      -974.2708145578 
        2.8050001000        -0.7600000000         0.5401754931       -67.9572718026     -1004.7060561804 
        2.8100000000        -0.7600000000         0.5503712991       -73.8292652506      -989.4884353691 
        2.8150001000        -0.7600000000         0.5503712991       -77.8662607460      -989.4884353691 
        2.8200000000        -0.7600000000         0.5605671050       -83.3712546035      -974.2708145578 
        2.8250000000        -0.7600000000         0.5503712991       -88.1422492800      -989.4884353691 
        2.8300001000        -0.7600000000         0.5529202506       -92.9132439564      -985.6840301663 
        2.8350000000        -0.7600000000         0.5503712991       -97.5007388376      -989.4884353691 
        2.8400000000        -0.7600000000         0.5452733961      -102.8222328998      -997.0972457748 
        2.8450001000        -0.7600000000         0.5478223476      -106.8592283953      -993.2928405720 
        2.8500000000        -0.7600000000         0.5554692020      -112.7312218433      -981.8796249635 
        2.8550000000        -0.7600000000         0.5554692020      -116.4012177482      -981.8796249635 
        2.8600000000        -0.7600000000         0.5503712991      -121.9062116057      -989.4884353691 
        2.8650000000        -0.7600000000         0.5401754931      -126.6772062821     -1004.7060561804 
        2.8700000000        -0.7600000000         0.5656650080      -131.2647011634      -966.6620041522 
        2.8750000000        -0.7600000000         0.5350775902      -136.4026954303     -1012.3148665861 
        2.8800001000        -0.7600000000         0.5554692020      -141.5406896973      -981.8796249635 
        2.8850000000        -0.7600000000         0.5478223476      -146.1281845785      -993.2928405720 
        2.8900001000        -0.7600000000         0.5401754931      -152.1836778217     -1004.7060561804 
        2.8950001000        -0.7600000000         0.5580181535      -156.5876729076      -978.0752197606 
        2.9000000000        -0.7600000000         0.5299796872      -162.0926667651     -1019.9236769918 
        2.9050000000        -0.7600000000         0.5631160565      -166.6801616463      -970.4664093550 
        2.9100001000        -0.7600000000         0.5605671050      -171.6346561180      -974.2708145578 
        2.9150000000        -0.7600000000         0.5478223476      -177.1396499755      -993.2928405720 
        2.9200000000        -0.7600000000         0.5656650080      -179.8921469042      -966.6620041522 
        2.9250001000        -0.7600000000         0.5376265416      -179.3416475185     -1008.5104613833 
        2.9300001000        -0.7600000000         0.5656650080      -100.6202353569      -966.6620041522 
        2.9350000000        -0.7600000000         0.5554692020       179.9509515781      -981.8796249635 
        2.9400001000        -0.7600000000         0.5427244446       180.3179511686     -1000.9016509776 
        2.9450000000        -0.7600000000         0.5427244446       174.9964571064     -1000.9016509776 
        2.9500000000        -0.7600000000         0.5554692020       169.8584628394      -981.8796249635 
        2.9550001000        -0.7600000000         0.5376265416       164.7204685725     -1008.5104613833 
        2.9600000000        -0.7600000000         0.5427244446       159.7659741008     -1000.9016509776 
        2.9650000000        -0.7600000000         0.5503712991       154.6279798338      -989.4884353691 
        2.9700001000        -0.7600000000         0.5452733961       149.6734853621      -997.0972457748 
        2.9750000000        -0.7600000000         0.5427244446       144.9024906856     -1000.9016509776 
        2.9800000000        -0.7600000000         0.5605671050       139.9479962139      -974.2708145578 
        2.9850000000        -0.7600000000         0.5452733961       134.8100019470      -997.0972457748 
        2.9900000000        -0.7600000000         0.5529202506       130.2225070658      -985.6840301663 
        2.9950000000        -0.7600000000         0.5580181535       125.0845127988      -978.0752197606 
        3.0000000000        -0.7600000000         0.5554692020       119.9465185319      -981.8796249635 
        3.0050001000        -0.7600000000         0.5401754931       115.5425234459     -1004.7060561804 
        3.0100000000        -0.7600000000         0.5580181535       109.6705299979      -978.0752197606 
        3.0150001000        -0.7600000000         0.5427244446       104.7160355262     -1000.9016509776 
        3.0200001000        -0.7600000000         0.5376265416       100.3120404403     -1008.5104613833 
        3.0250000000        -0.7600000000         0.5478223476        95.1740461733      -993.2928405720 
        3.0300000000        -0.7600000000         0.5758608139        91.5040502683      -951.4443833408 
        3.0350001000        -0.7600000000         0.5376265416        86.1825562061     -1008.5104613833 
        3.0400000000        -0.7600000000         0.5631160565        81.7785611202      -970.4664093550 
        3.0450000000        -0.7600000000         0.5478223476        76.2735672627      -993.2928405720 
        3.0500001000        -0.7600000000         0.5554692020        70.7685734053      -981.8796249635 
        3.0550001000        -0.7600000000         0.5682139595        67.2820772955      -962.8575989493 
        3.0600000000        -0.7600000000         0.5503712991        62.1440830286      -989.4884353691 
        3.0650001000        -0.7600000000         0.5478223476        56.6390891711      -993.2928405720 
        3.0700000000        -0.7600000000         0.5631160565        52.2350940852      -970.4664093550 
        3.0750001000        -0.7600000000         0.5605671050        47.6475992039      -974.2708145578 
        3.0800001000        -0.7600000000         0.5376265416        42.1426053465     -1008.5104613833 
        3.0850000000        -0.7600000000         0.5656650080        37.7386102605      -966.6620041522 
        3.0900000000        -0.7600000000         0.5631160565        33.5181149698      -970.4664093550 
        3.0950001000        -0.7600000000         0.5478223476        27.8296213171      -993.2928405720 
        3.1000000000        -0.7600000000         0.5580181535        23.2421264359      -978.0752197606 
        3.1050000000        -0.7600000000         0.5707629110        19.2051309404      -959.0531937465 
        3.1100000000        -0.7600000000         0.5529202506        13.7001370830      -985.6840301663 
        3.1150000000        -0.7600000000         0.5758608139         9.6631415875      -951.4443833408 
        3.1200000000        -0.7600000000         0.5503712991         4.1581477300      -989.4884353691 
        3.1250000000        -0.7600000000         0.5529202506        -0.0623475607      -985.6840301663 
        3.1300001000        -0.7600000000         0.5554692020        -5.3838416229      -981.8796249635 
        3.1350000000        -0.7600000000         0.5529202506        -9.7878367088      -985.6840301663 
        3.1400001000        -0.7600000000         0.5503712991       -14.1918317948      -989.4884353691 
        3.1450001000        -0.7600000000         0.5478223476       -20.0638252428      -993.2928405720 
        3.1500000000        -0.7600000000         0.5478223476       -23.9173209430      -993.2928405720 
        3.1550000000        -0.7600000000         0.5605671050       -29.4223148004      -974.2708145578 
        3.1600001000        -0.7600000000         0.5452733961       -34.0098096816      -997.0972457748 
        3.1650000000        -0.7600000000         0.5554692020       -38.7808043581      -981.8796249635 
        3.1700000000        -0.7600000000         0.5401754931       -43.5517990346     -1004.7060561804 
        3.1750001000        -0.7600000000         0.5707629110       -47.9557941205      -959.0531937465 
        3.1800001000        -0.7600000000         0.5529202506       -53.0937883875      -985.6840301663 
        3.1850000000        -0.7600000000         0.5376265416       -58.2317826544     -1008.5104613833 
        3.1900001000        -0.7600000000         0.5631160565       -62.0852783547      -970.4664093550 
        3.1950000000        -0.7600000000         0.5580181535       -67.2232726216      -978.0752197606 
        3.2000001000        -0.7600000000         0.5656650080       -72.3612668886      -966.6620041522 
        3.2050001000        -0.7600000000         0.5478223476       -77.3157613603      -993.2928405720 
        3.2100000000        -0.7600000000         0.5605671050       -81.5362566510      -974.2708145578 
        3.2150000000        -0.7600000000         0.5503712991       -87.5917498942      -989.4884353691 
        3.2200001000        -0.7600000000         0.5554692020       -91.9957449802      -981.8796249635 
        3.2250000000        -0.7600000000         0.5605671050       -96.5832398614      -974.2708145578 
        3.2300000000        -0.7600000000         0.5580181535      -101.1707347426      -978.0752197606 
        3.2350000000        -0.7600000000         0.5554692020      -106.1252292143      -981.8796249635 
        3.2400000000        -0.7600000000         0.5605671050      -111.0797236860      -974.2708145578 
        3.2450000000        -0.7600000000         0.5580181535      -115.1167191815      -978.0752197606 
        3.2500000000        -0.7600000000         0.5478223476      -120.9887126294      -993.2928405720 
        3.2550001000        -0.7600000000         0.5605671050      -125.0257081249      -974.2708145578 
        3.2600000000        -0.7600000000         0.5503712991      -130.7142017776      -989.4884353691 
        3.2650001000        -0.7600000000         0.5529202506      -135.3016966588      -985.6840301663 
        3.2700001000        -0.7600000000         0.5478223476      -140.2561911305      -993.2928405720 
        3.2750000000        -0.7600000000         0.5580181535      -145.5776851927      -978.0752197606 
        3.2810935000        -0.7600000000         0.5580181535      -150.7156794597      -978.0752197606 
        3.2850001000        -0.7600000000         0.5605671050      -154.3856753647      -974.2708145578 
        3.2900000000        -0.7600000000         0.5401754931      -160.4411686079     -1004.7060561804 
        3.2950000000        -0.7600000000         0.5682139595      -165.0286634891      -962.8575989493 
        3.3000001000        -0.7600000000         0.5554692020      -169.7996581655      -981.8796249635 
        3.3050001000        -0.7600000000         0.5554692020      -175.1211522277      -981.8796249635 
        3.3100000000        -0.7600000000         0.5605671050      -179.8921469042      -974.2708145578 
        3.3150001000        -0.7600000000         0.5401754931      -179.3416475185     -1004.7060561804 
        3.3200000000        -0.7600000000         0.5529202506      -101.1707347426      -985.6840301663 
        3.3250001000        -0.7600000000         0.5580181535       179.9509515781      -978.0752197606 
        3.3300001000        -0.7600000000         0.5503712991       180.1344513734      -989.4884353691 
        3.3350000000        -0.7600000000         0.5427244446       176.4644554684     -1000.9016509776 
        3.3400000000        -0.7600000000         0.5631160565       172.0604603824      -970.4664093550 
        3.3450001000        -0.7600000000         0.5401754931       166.7389663202     -1004.7060561804 
        3.3500000000        -0.7600000000         0.5554692020       161.4174722580      -981.8796249635 
        3.3550000000        -0.7600000000         0.5631160565       157.0134771721      -970.4664093550 
        3.3600000000        -0.7600000000         0.5580181535       152.4259822908      -978.0752197606 
        3.3650000000        -0.7600000000         0.5580181535       146.9209884334      -978.0752197606 
        3.3700000000        -0.7600000000         0.5605671050       142.3334935522      -974.2708145578 
        3.3750000000        -0.7600000000         0.5478223476       137.0119994900      -993.2928405720 
        3.3800001000        -0.7600000000         0.5529202506       132.4245046088      -985.6840301663 
        3.3850000000        -0.7600000000         0.5503712991       127.2865103418      -989.4884353691 
        3.3900001000        -0.7600000000         0.5503712991       122.1485160748      -989.4884353691 
        3.3950001000        -0.7600000000         0.5529202506       117.5610211936      -985.6840301663 
        3.4000000000        -0.7600000000         0.5580181535       112.6065267219      -978.0752197606 
        3.4050000000        -0.7600000000         0.5452733961       106.9180330692      -997.0972457748 
        3.4100001000        -0.7600000000         0.5478223476       103.0645373690      -993.2928405720 
        3.4150000000        -0.7600000000         0.5427244446        97.3760437163     -1000.9016509776 
        3.4200000000        -0.7600000000         0.5758608139        92.9720486303      -951.4443833408 
        3.4250001000        -0.7600000000         0.5707629110        88.5680535444      -959.0531937465 
        3.4300001000        -0.7600000000         0.5350775902        83.6135590726     -1012.3148665861 
        3.4350000000        -0.7600000000         0.5631160565        79.0260641914      -970.4664093550 
        3.4400001000        -0.7600000000         0.5605671050        74.0715697197      -974.2708145578 
        3.4450000000        -0.7600000000         0.5707629110        69.4840748385      -959.0531937465 
        3.4500001000        -0.7600000000         0.5605671050        64.1625807763      -974.2708145578 
        3.4550001000        -0.7600000000         0.5427244446        59.7585856903     -1000.9016509776 
        3.4600000000        -0.7600000000         0.5835076684        55.1710908091      -940.0311677323 
        3.4650000000        -0.7600000000         0.5503712991        50.4000961327      -989.4884353691 
        3.4700001000        -0.7600000000         0.5605671050        45.6291014562      -974.2708145578 
        3.4750000000        -0.7600000000         0.5580181535        40.3076073940      -978.0752197606 
        3.4800000000        -0.7600000000         0.5682139595        34.8026135365      -962.8575989493 
        3.4850000000        -0.7600000000         0.5580181535        30.7656180411      -978.0752197606 
        3.4900000000        -0.7600000000         0.5503712991        26.3616229551      -989.4884353691 
        3.4950000000        -0.7600000000         0.5682139595        21.2236286882      -962.8575989493 
        3.5000000000        -0.7600000000         0.5529202506        16.6361338069      -985.6840301663 
        3.5050001000        -0.7600000000         0.5682139595        12.0486389257      -962.8575989493 
        3.5100000000        -0.7600000000         0.5580181535         7.4611440445      -978.0752197606 
        3.5150001000        -0.7600000000         0.5478223476         2.5066495728      -993.2928405720 
        3.5200001000        -0.7600000000         0.5478223476        -2.6313446942      -993.2928405720 
        3.5250000000        -0.7600000000         0.5886055714        -6.1178408039      -932.4223573267 
        3.5300000000        -0.7600000000         0.5478223476       -11.9898342518      -993.2928405720 
        3.5350001000        -0.7600000000         0.5478223476       -16.2103295425      -993.2928405720 
        3.5400000000        -0.7600000000         0.5682139595       -22.2658227857      -962.8575989493 
        3.5450000000        -0.7600000000         0.5478223476       -25.5688191002      -993.2928405720 
        3.5500001000        -0.7600000000         0.5733118624       -29.7893143909      -955.2487885437 
        3.5550001000        -0.7600000000         0.5401754931       -35.4778080436     -1004.7060561804 
        3.5600000000        -0.7600000000         0.5656650080       -39.8818031296      -966.6620041522 
        3.5650001000        -0.7600000000         0.5707629110       -44.1022984203      -959.0531937465 
        3.5700000000        -0.7600000000         0.5605671050       -49.9742918683      -974.2708145578 
        3.5750001000        -0.7600000000         0.5682139595       -54.1947871590      -962.8575989493 
        3.5800001000        -0.7600000000         0.5529202506       -58.2317826544      -985.6840301663 
        3.5850000000        -0.7600000000         0.5758608139       -63.3697769214      -951.4443833408 
        3.5900000000        -0.7600000000         0.5631160565       -67.9572718026      -970.4664093550 
        3.5950001000        -0.7600000000         0.5478223476       -73.2787658648      -993.2928405720 
        3.6000000000        -0.7600000000         0.5503712991       -78.4167601318      -989.4884353691 
        3.6050000000        -0.7600000000         0.5529202506       -82.4537556273      -985.6840301663 
        3.6100000000        -0.7600000000         0.5707629110       -87.5917498942      -959.0531937465 
        3.6150000000        -0.7600000000         0.5478223476       -93.0967437517      -993.2928405720 
        3.6200000000        -0.7600000000         0.5682139595       -96.7667396566      -962.8575989493 
        3.6250000000        -0.7600000000         0.5580181535      -101.9047339236      -978.0752197606 
        3.6300001000        -0.7600000000         0.5452733961      -107.4097277810      -997.0972457748 
        3.6350000000        -0.7600000000         0.5707629110      -111.8137228670      -959.0531937465 
        3.6400001000        -0.7600000000         0.5427244446      -116.5847175435     -1000.9016509776 
        3.6450001000        -0.7600000000         0.5554692020      -121.7227118104      -981.8796249635 
        3.6500000000        -0.7600000000         0.5580181535      -125.9432071011      -978.0752197606 
        3.6550000000        -0.7600000000         0.5656650080      -130.8977015729      -966.6620041522 
        3.6600001000        -0.7600000000         0.5401754931      -135.8521960446     -1004.7060561804 
        3.6650000000        -0.7600000000         0.5605671050      -140.2561911305      -974.2708145578 
        3.6700000000        -0.7600000000         0.5529202506      -145.9446847832      -985.6840301663 
        3.6750001000        -0.7600000000         0.5529202506      -150.1651800740      -985.6840301663 
        3.6800001000        -0.7600000000         0.5631160565      -155.8536737267      -970.4664093550 
        3.6850000000        -0.7600000000         0.5376265416      -160.9916679936     -1008.5104613833 
        3.6900001000        -0.7600000000         0.5554692020      -165.9461624653      -981.8796249635 
        3.6950000000        -0.7600000000         0.5529202506      -170.3501575513      -985.6840301663 
        3.7000001000        -0.7600000000         0.5529202506      -176.2221509992      -985.6840301663 
        3.7050001000        -0.7600000000         0.5580181535      -179.8921469042      -978.0752197606 
        3.7100000000        -0.7600000000         0.5376265416      -180.0756466995     -1008.5104613833 
        3.7150000000        -0.7600000000         0.5631160565      -100.6202353569      -970.4664093550 
        3.7200001000        -0.7600000000         0.5580181535       180.1344513734      -978.0752197606 
        3.7250000000        -0.7600000000         0.5631160565       180.5014509639      -970.4664093550 
        3.7300000000        -0.7600000000         0.5554692020       177.0149548541      -981.8796249635 
        3.7350000000        -0.7600000000         0.5605671050       171.5099609967      -974.2708145578 
        3.7400000000        -0.7600000000         0.5580181535       165.6379675487      -978.0752197606 
        3.7450000000        -0.7600000000         0.5478223476       161.4174722580      -993.2928405720 
        3.7500000000        -0.7600000000         0.5605671050       156.0959781958      -974.2708145578 
        3.7550001000        -0.7600000000         0.5325286387       151.3249835193     -1016.1192717889 
        3.7600000000        -0.7600000000         0.5478223476       145.8199896619      -993.2928405720 
        3.7650001000        -0.7600000000         0.5580181535       142.1499937569      -978.0752197606 
        3.7700001000        -0.7600000000         0.5580181535       135.9110007185      -978.0752197606 
        3.7750000000        -0.7600000000         0.5427244446       131.6905054278     -1000.9016509776 
        3.7800015000        -0.7600000000         0.5554692020       126.7360109560      -981.8796249635 
        3.7850001000        -0.7600000000         0.5299796872       121.4145168938     -1019.9236769918 
        3.7900000000        -0.7600000000         0.5656650080       116.4600224221      -966.6620041522 
        3.7950000000        -0.7600000000         0.5580181535       111.6890277457      -978.0752197606 
        3.8000001000        -0.7600000000         0.5503712991       106.9180330692      -989.4884353691 
        3.8050001000        -0.7600000000         0.5478223476       102.1470383927      -993.2928405720 
        3.8100000000        -0.7600000000         0.5631160565        97.5595435115      -970.4664093550 
        3.8150001000        -0.7600000000         0.5605671050        92.4215492446      -974.2708145578 
        3.8200000000        -0.7600000000         0.5401754931        88.2010539539     -1004.7060561804 
        3.8250001000        -0.7600000000         0.5580181535        83.0630596869      -978.0752197606 
        3.8300001000        -0.7600000000         0.5580181535        78.4755648057      -978.0752197606 
        3.8350000000        -0.7600000000         0.5401754931        73.7045701292     -1004.7060561804 
        3.8400000000        -0.7600000000         0.5707629110        68.5665758623      -959.0531937465 
        3.8450001000        -0.7600000000         0.5605671050        64.5295803668      -974.2708145578 
        3.8500000000        -0.7600000000         0.5605671050        59.9420854856      -974.2708145578 
        3.8550000000        -0.7600000000         0.5605671050        53.7030924471      -974.2708145578 
        3.8600000000        -0.7600000000         0.5427244446        49.8495967469     -1000.9016509776 
        3.8650000000        -0.7600000000         0.5427244446        44.3446028895     -1000.9016509776 
        3.8700000000        -0.7600000000         0.5758608139        39.5736082130      -951.4443833408 
        3.8750000000        -0.7600000000         0.5580181535        34.8026135365      -978.0752197606 
        3.8800001000        -0.7600000000         0.5350775902        30.0316188601     -1012.3148665861 
        3.8850000000        -0.7600000000         0.5605671050        25.6276237741      -974.2708145578 
        3.8900001000        -0.7600000000         0.5656650080        20.8566290977      -966.6620041522 
        3.8950025000        -0.7600000000         0.5478223476        16.6361338069      -993.2928405720 
        3.9000000000        -0.7600000000         0.5707629110        12.0486389257      -959.0531937465 
        3.9050000000        -0.7600000000         0.5631160565         6.5436450683      -970.4664093550 
        3.9100001000        -0.7600000000         0.5427244446         1.7726503918     -1000.9016509776 
        3.9150000000        -0.7600000000         0.5860566199        -2.8148444894      -936.2267625295 
        3.9200000000        -0.7600000000         0.5376265416        -8.1363385516     -1008.5104613833 
        3.9250001000        -0.7600000000         0.5631160565       -11.9898342518      -970.4664093550 
        3.9300001000        -0.7600000000         0.5605671050       -17.3113283140      -974.2708145578 
        3.9350000000        -0.7600000000         0.5605671050       -22.0823229905      -974.2708145578 
        3.9400001000        -0.7600000000         0.5554692020       -26.6698178717      -981.8796249635 
        3.9450000000        -0.7600000000         0.5503712991       -31.6243123434      -989.4884353691 
        3.9500001000        -0.7600000000         0.5580181535       -36.3953070199      -978.0752197606 
        3.9550001000        -0.7600000000         0.5580181535       -40.6158023106      -978.0752197606 
        3.9600000000        -0.7600000000         0.5580181535       -45.7537965775      -978.0752197606 
        3.9650000000        -0.7600000000         0.5580181535       -50.5247912540      -978.0752197606 
        3.9700001000        -0.7600000000         0.5503712991       -54.9287863400      -989.4884353691 
        3.9750000000        -0.7600000000         0.5707629110       -59.5162812212      -959.0531937465 
        3.9800000000        -0.7600000000         0.5376265416       -65.2047748739     -1008.5104613833 
        3.9850000000        -0.7600000000         0.5631160565       -69.4252701646      -970.4664093550 
        3.9900000000        -0.7600000000         0.5580181535       -74.0127650458      -978.0752197606 
        3.9950001000         2.5000000000         1.2156476369         1.5891505966      1814.3994580474 
