           Time[sec]           V_{cmd}[V]          V_{gyro}[V]          \theta[deg] \omega_{gyro}[deg/sec] 
        0.0000000000         0.8800000000         1.2130986854        27.4493225878        -0.0913057249 
        0.0050000000         0.8800000000         1.2130986854        27.6328223831        -0.0913057249 
        0.0100000000         0.8800000000         1.2207455399        27.6328223831        11.3219098836 
        0.0150000000         0.8800000000         1.2844693270        28.3668215641       106.4320399543 
        0.0200000000         0.8800000000         1.5393644756        29.4678203356       486.8725602373 
        0.0250000000         0.8800000000         1.4934833489        31.4863180833       418.3932665863 
        0.0300000000         0.8800000000         1.5113260093        33.6883156263       445.0241030061 
        0.0350000000         0.8800000000         1.5495602815        36.0738129645       502.0901810486 
        0.0400000000         0.8800000000         1.5725008449        38.6428100980       536.3298278741 
        0.0450000000         0.8800000000         1.6030882627        41.2118072315       581.9826903080 
        0.0500000000         0.8800000000         1.6311267291        44.6983033412       623.8311475391 
        0.0550000000         0.8800000000         1.6438714865        48.1847994509       642.8531735533 
        0.0600000000         0.8800000000         1.6566162440        50.5702967891       661.8751995674 
        0.0650000000         0.8800000000         1.7024973707        54.9742918751       730.3544932183 
        0.0700000000         0.8800000000         1.6821057588        57.9102885991       699.9192515957 
        0.0750000000         0.8800000000         1.7177910796        61.7637842993       753.1809244353 
        0.0800000000         0.8800000000         1.7075952737        65.6172799995       737.9633036240 
        0.0850000000         0.8800000000         1.7356337400        68.1862771330       779.8117608551 
        0.0900000000         0.8800000000         1.7203400311        72.5902722190       756.9853296382 
        0.0950000000         0.8800000000         1.7534764004        76.2602681239       806.4425972749 
        0.1000000000         0.8800000000         1.7534764004        79.7467642336       806.4425972749 
        0.1050000000         0.8800000000         1.7611232549        84.5177589101       817.8558128834 
        0.1100000000         0.8800000000         1.7738680123        87.6372554293       836.8778388976 
        0.1150000000         0.8800000000         1.7917106727        92.5917499010       863.5086753174 
        0.1200000000         0.8800000000         1.7968085757        96.0782460108       871.1174857230 
        0.1250000000         0.8800000000         1.8044554301       100.6657408920       882.5307013315 
        0.1300000000         0.8800000000         1.7891617212       105.0697359779       859.7042701145 
        0.1350000000         0.8800000000         1.8095533331       108.7397318829       890.1395117372 
        0.1400000000         0.8800000000         1.8273959935       114.0612259451       916.7703481570 
        0.1450000000         0.8800000000         1.8146512361       118.0982214406       897.7483221428 
        0.1500000000         0.8800000000         1.8248470420       122.5022165265       912.9659429541 
        0.1550000000         0.8800000000         1.8350428480       127.4567109983       928.1835637655 
        0.1600000000         0.8800000000         1.8426897024       131.6772062890       939.5967793740 
        0.1650000000         0.8800000000         1.8528855084       136.8152005559       954.8144001853 
        0.1700000000         0.8800000000         1.8554344599       141.2191956419       958.6188053881 
        0.1750000000         0.8800000000         1.8401407509       145.4396909326       935.7923741711 
        0.1800001000         0.8800000000         1.8605323628       151.1281845853       966.2276157938 
        0.1850000000         0.8800000000         1.8656302658       155.1651800808       973.8364261994 
        0.1900000000         0.8800000000         1.8758260717       160.4866741430       989.0540470107 
        0.1950000000         0.8800000000         1.8605323628       165.0741690242       966.2276157938 
        0.2000000000         0.8800000000         1.8911197807       170.7626626769      1011.8804782277 
        0.2050000000         0.8800000000         1.8834729262       174.9831579676      1000.4672626192 
        0.2100000000         0.8800000000         1.8809239747       180.3046520298       996.6628574164 
        0.2150000000         0.8800000000         1.8860218777       185.2591465015      1004.2716678221 
        0.2200000000         0.8800000000         1.8936687321       190.5806405637      1015.6848834305 
        0.2250000000         0.8800000000         1.9013155866       195.5351350355      1027.0980990390 
        0.2300000000         0.8800000000         1.8936687321       200.1226299167      1015.6848834305 
        0.2350000000         0.8800000000         1.9038645381       206.1781231599      1030.9025042418 
        0.2400000000         0.8800000000         1.9115113925       210.5821182458      1042.3157198503 
        0.2450000000         0.8800000000         1.9038645381       215.1696131270      1030.9025042418 
        0.2500000000         0.8800000000         1.9268051015       221.5921059607      1065.1421510673 
        0.2550000000         0.8800000000         1.9013155866       225.6291014562      1027.0980990390 
        0.2600000000         0.8800000000         1.9140603440       231.1340953137      1046.1201250532 
        0.2650000000         0.8800000000         1.9242561500       236.2720895806      1061.3377458645 
        0.2700000000         0.8800000000         1.9166092955       241.0430842571      1049.9245302560 
        0.2750000000         0.8800000000         1.9115113925       246.9150777050      1042.3157198503 
        0.2800000000         0.8800000000         1.9344519559       251.8695721767      1076.5553666758 
        0.2850000000         0.8800000000         1.9319030044       257.0075664437      1072.7509614730 
        0.2900000000         0.8800000000         1.9319030044       263.0630596869      1072.7509614730 
        0.2950000000         0.8800000000         1.9268051015       267.8340543634      1065.1421510673 
        0.3000000000         0.8800000000         1.9573925193       273.7060478113      1110.7950135013 
        0.3050000000         0.8800000000         1.9446477619       278.6605422830      1091.7729874871 
        0.3100000000         0.8800000000         1.9319030044       283.9820363452      1072.7509614730 
        0.3150000000         0.8800000000         1.9344519559       288.9365308169      1076.5553666758 
        0.3200000000         0.8800000000         1.9242561500       293.8910252887      1061.3377458645 
        0.3250000000         0.8800000000         1.9624904223       300.3135181223      1118.4038239069 
        0.3300000000         0.8800000000         1.9293540529       305.0845127988      1068.9465562701 
        0.3350000000         0.8800000000         1.9446477619       310.5895066563      1091.7729874871 
        0.3400000000         0.8800000000         1.9497456648       315.5440011280      1099.3817978928 
        0.3450000000         0.8800000000         1.9446477619       321.4159945759      1091.7729874871 
        0.3500000000         0.8800000000         1.9471967133       326.7374886381      1095.5773926899 
        0.3550000000         0.8800000000         1.9701372767       332.6094820861      1129.8170395154 
        0.3600000000         0.8800000000         1.9446477619       337.7474763530      1091.7729874871 
        0.3650000000         0.8800000000         1.9497456648       343.9864693915      1099.3817978928 
        0.3700000000         0.8800000000         1.9497456648       349.3079634537      1099.3817978928 
        0.3750000000         0.8800000000         1.9573925193       355.1799569017      1110.7950135013 
        0.3800000000         0.8800000000         1.9752351797       360.3179511686      1137.4258499211 
        0.3850000000         0.8800000000         1.9497456648       359.7674517829      1099.3817978928 
        0.3900000000         0.8800000000         1.9446477619        79.7467642336      1091.7729874871 
        0.3950000000         0.8800000000         1.9675883252        -0.0756466995      1126.0126343126 
        0.4000000000         0.8800000000         1.9599414708         1.2088518673      1114.5994187041 
        0.4050000000         0.8800000000         1.9624904223         7.0808453152      1118.4038239069 
        0.4100000000         0.8800000000         1.9573925193        11.4848404012      1110.7950135013 
        0.4150000000         0.8800000000         1.9726862282        17.9073332349      1133.6214447182 
        0.4200000000         0.8800000000         1.9497456648        23.5958268876      1099.3817978928 
        0.4250000000         0.8800000000         1.9573925193        29.2843205403      1110.7950135013 
        0.4300000000         0.8800000000         1.9726862282        35.1563139883      1133.6214447182 
        0.4350000000         0.8800000000         1.9752351797        40.4778080505      1137.4258499211 
        0.4400000000         0.8800000000         1.9650393737        45.7993021127      1122.2082291098 
        0.4450000000         0.8800000000         1.9675883252        52.0382951511      1126.0126343126 
        0.4500000000         0.8800000000         1.9650393737        56.4422902371      1122.2082291098 
        0.4550000000         0.8800000000         1.9573925193        62.3142836850      1110.7950135013 
        0.4600000000         0.8800000000         1.9675883252        68.0027773377      1126.0126343126 
        0.4650000000         0.8800000000         1.9777841312        73.6912709904      1141.2302551239 
        0.4700000000         0.8800000000         1.9828820341        79.1962648479      1148.8390655296 
        0.4750000000         0.8800000000         1.9675883252        84.3342591149      1126.0126343126 
        0.4800000000         0.8800000000         1.9650393737        89.2887535866      1122.2082291098 
        0.4850000000         0.8800000000         1.9803330827        95.8947462155      1145.0346603267 
        0.4900000000         0.8800000000         1.9726862282       100.4822410967      1133.6214447182 
        0.4950000000         0.8800000000         1.9675883252       107.0882337257      1126.0126343126 
        0.5000000000         0.8800000000         1.9803330827       112.4097277879      1145.0346603267 
        0.5050000000         0.8800000000         1.9803330827       116.9972226691      1145.0346603267 
        0.5100000000         0.8800000000         1.9624904223       122.8692161170      1118.4038239069 
        0.5150000000         0.8800000000         1.9573925193       128.3742099745      1110.7950135013 
        0.5200000000         0.8800000000         1.9879799371       134.4297032177      1156.4478759352 
        0.5250000000         0.8800000000         1.9675883252       139.7511972799      1126.0126343126 
        0.5300000000         0.8800000000         1.9777841312       146.1736901136      1141.2302551239 
        0.5350000000         0.8800000000         1.9854309856       151.1281845853      1152.6434707324 
        0.5400000000         0.8800000000         1.9854309856       157.3671776238      1152.6434707324 
        0.5450000000         0.8800000000         1.9675883252       163.2391710717      1126.0126343126 
        0.5500000000         0.8800000000         1.9752351797       168.9276647244      1137.4258499211 
        0.5550000000         0.8800000000         1.9981757431       174.9831579676      1171.6654967465 
        0.5600000000         0.8800000000         1.9752351797       179.9376524393      1137.4258499211 
        0.5650000000         0.8800000000         1.9624904223       185.9931456825      1118.4038239069 
        0.5700001000         0.8800000000         1.9930778401       191.1311399495      1164.0566863409 
        0.5750001000         0.8800000000         2.0007246945       197.9206323737      1175.4699019494 
        0.5800000000         0.8800000000         1.9777841312       203.0586266406      1141.2302551239 
        0.5850000000         0.8800000000         1.9854309856       209.1141198838      1152.6434707324 
        0.5900000000         0.8800000000         2.0032736460       214.9861133318      1179.2743071522 
        0.5950000000         0.8800000000         1.9675883252       219.9406078035      1126.0126343126 
        0.6000000000         0.8800000000         1.9854309856       225.9961010467      1152.6434707324 
        0.6050000000         0.8800000000         1.9981757431       231.6845946994      1171.6654967465 
        0.6100000000         0.8800000000         1.9803330827       236.8225889664      1145.0346603267 
        0.6150000000         0.8800000000         1.9879799371       243.6120813906      1156.4478759352 
        0.6200000000         0.8800000000         2.0007246945       248.5665758623      1175.4699019494 
        0.6250000000         0.8800000000         1.9828820341       254.2550695150      1148.8390655296 
        0.6300000000         0.8800000000         1.9752351797       259.5765635772      1137.4258499211 
        0.6350000000         0.8800000000         1.9854309856       265.4485570251      1152.6434707324 
        0.6400000000         0.8800000000         1.9854309856       271.5040502683      1152.6434707324 
        0.6450000000         0.8800000000         1.9905288886       277.3760437163      1160.2522811380 
        0.6500000000         0.8800000000         1.9905288886       282.5140379832      1160.2522811380 
        0.6550000000         0.8800000000         1.9956267916       288.3860314312      1167.8610915437 
        0.6600000000         0.8800000000         1.9930778401       294.2580248791      1164.0566863409 
        0.6650000000         0.8800000000         1.9752351797       299.3960191461      1137.4258499211 
        0.6700000000         0.8800000000         1.9981757431       305.2680125941      1171.6654967465 
        0.6750000000         0.8800000000         1.9854309856       310.7730064515      1152.6434707324 
        0.6800000000         0.8800000000         2.0007246945       317.5624988757      1175.4699019494 
        0.6850000000         0.8800000000         1.9879799371       322.8839929379      1156.4478759352 
        0.6900000000         0.8800000000         1.9828820341       328.7559863859      1148.8390655296 
        0.6950001000         0.8800000000         2.0032736460       334.0774804481      1179.2743071522 
        0.7000001000         0.8800000000         1.9752351797       339.7659741008      1137.4258499211 
        0.7050000000         0.8800000000         1.9854309856       346.1884669345      1152.6434707324 
        0.7100000000         0.8800000000         1.9879799371       352.6109597682      1156.4478759352 
        0.7150000000         0.8800000000         1.9905288886       358.1159536256      1160.2522811380 
        0.7200000000         0.8800000000         1.9854309856       359.9509515781      1152.6434707324 
        0.7250000000         0.8800000000         1.9905288886        79.5632644384      1160.2522811380 
        0.7300000000         0.8800000000         1.9879799371         0.2913528910      1156.4478759352 
        0.7350000000         0.8800000000         1.9956267916         0.6583524815      1167.8610915437 
        0.7400000000         0.8800000000         1.9854309856         5.0623475675      1152.6434707324 
        0.7450000000         0.8800000000         1.9879799371        10.3838416297      1156.4478759352 
        0.7500000000         0.8800000000         2.0032736460        17.3568338492      1179.2743071522 
        0.7550000000         0.8800000000         1.9981757431        23.2288272971      1171.6654967465 
        0.7600000000         0.8800000000         1.9905288886        28.5503213593      1160.2522811380 
        0.7650000000         0.8800000000         2.0058225975        34.7893143978      1183.0787123550 
        0.7700000000         0.8800000000         1.9854309856        39.7438088695      1152.6434707324 
        0.7750000000         0.8800000000         1.9905288886        45.7993021127      1160.2522811380 
        0.7800000000         0.8800000000         1.9981757431        52.0382951511      1171.6654967465 
        0.7850000000         0.8800000000         1.9879799371        56.8092898276      1156.4478759352 
        0.7900000000         0.8800000000         1.9777841312        63.0482828660      1141.2302551239 
        0.7950000000         0.8800000000         2.0007246945        69.1037761092      1175.4699019494 
        0.8000000000         0.8800000000         2.0058225975        74.4252701714      1183.0787123550 
        0.8050000000         0.8800000000         1.9930778401        80.2972636194      1164.0566863409 
        0.8100000000         0.8800000000         1.9803330827        85.8022574768      1145.0346603267 
        0.8150000000         0.8800000000         2.0058225975        91.6742509248      1183.0787123550 
        0.8200001000         0.8800000000         1.9905288886        96.4452456013      1160.2522811380 
        0.8250001000         0.8800000000         1.9777841312       101.9502394587      1141.2302551239 
        0.8300000000         0.8800000000         1.9828820341       107.8222329067      1148.8390655296 
        0.8350000000         0.8800000000         2.0032736460       113.6942263546      1179.2743071522 
        0.8400000000         0.8800000000         1.9854309856       119.5662198026      1152.6434707324 
        0.8450000000         0.8800000000         1.9930778401       125.2547134553      1164.0566863409 
        0.8500000000         0.8800000000         2.0007246945       130.9432071080      1175.4699019494 
        0.8550000000         0.8800000000         1.9879799371       136.8152005559      1156.4478759352 
        0.8600000000         0.8800000000         1.9905288886       142.5036942086      1160.2522811380 
        0.8650000000         0.8800000000         2.0083715490       148.3756876566      1186.8831175579 
        0.8700000000         0.8800000000         1.9930778401       154.6146806950      1164.0566863409 
        0.8750000000         0.8800000000         1.9828820341       159.7526749620      1148.8390655296 
        0.8800000000         0.8800000000         1.9879799371       165.6246684099      1156.4478759352 
        0.8850000000         0.8800000000         2.0109205005       172.5976606294      1190.6875227607 
        0.8900000000         0.8800000000         1.9981757431       177.7356548963      1171.6654967465 
        0.8950000000         0.8800000000         2.0083715490       184.1581477300      1186.8831175579 
        0.9000000000         0.8800000000         2.0058225975       189.8466413827      1183.0787123550 
        0.9050000000         0.8800000000         1.9905288886       195.3516352402      1160.2522811380 
        0.9100000000         0.8800000000         1.9828820341       200.8566290977      1148.8390655296 
        0.9150000000         0.8800000000         2.0160184035       206.9121223409      1198.2963331663 
        0.9200000000         0.8800000000         2.0032736460       213.3346151746      1179.2743071522 
        0.9250000000         0.8800000000         1.9956267916       218.6561092368      1167.8610915437 
        0.9300000000         0.8800000000         2.0185673549       224.3446028895      1202.1007383692 
        0.9350000000         0.8800000000         1.9981757431       229.8495967469      1171.6654967465 
        0.9400000000         0.8800000000         1.9879799371       235.3545906044      1156.4478759352 
        0.9450001000         0.8800000000         2.0160184035       242.1440830286      1198.2963331663 
        0.9500001000         0.8800000000         2.0032736460       247.4655770908      1179.2743071522 
        0.9550000000         0.8800000000         1.9956267916       253.1540707435      1167.8610915437 
        0.9600000000         0.8800000000         1.9930778401       258.6590646009      1164.0566863409 
        0.9650000000         0.8800000000         2.0083715490       265.4485570251      1186.8831175579 
        0.9700000000         0.8800000000         1.9981757431       270.4030514968      1171.6654967465 
        0.9750000000         0.8800000000         1.9956267916       277.1925439210      1167.8610915437 
        0.9800000000         0.8800000000         1.9854309856       282.5140379832      1152.6434707324 
        0.9850000000         0.8800000000         2.0134694520       288.2025316359      1194.4919279635 
        0.9900000000         0.8800000000         2.0032736460       293.8910252887      1179.2743071522 
        0.9950000000         0.8800000000         1.9981757431       299.7630187366      1171.6654967465 
        1.0000000000         0.8800000000         2.0083715490       306.0020117751      1186.8831175579 
        1.0050000000         0.8800000000         1.9879799371       310.5895066563      1156.4478759352 
        1.0100000000         0.8800000000         2.0058225975       317.5624988757      1183.0787123550 
        1.0150000000         0.8800000000         2.0032736460       322.8839929379      1179.2743071522 
        1.0200001000         0.8800000000         2.0083715490       329.4899855669      1186.8831175579 
        1.0250000000         0.8800000000         1.9981757431       335.3619790148      1171.6654967465 
        1.0300000000         0.8800000000         2.0058225975       340.4999732818      1183.0787123550 
        1.0350000000         0.8800000000         1.9981757431       346.5554665250      1171.6654967465 
        1.0400000000         0.8800000000         2.0032736460       352.2439601777      1179.2743071522 
        1.0450000000         0.8800000000         1.9981757431       358.6664530114      1171.6654967465 
        1.0500000000         0.8800000000         2.0007246945       360.3179511686      1175.4699019494 
        1.0550000000         0.8800000000         1.9981757431        79.3797646431      1171.6654967465 
        1.0600000000         0.8800000000         1.9930778401        -0.2591464947      1164.0566863409 
        1.0650000000         0.8800000000         2.0058225975         1.0253520720      1183.0787123550 
        1.0700000000         0.8800000000         1.9956267916         5.4293471580      1167.8610915437 
        1.0750000000         0.8800000000         2.0032736460        11.6683401964      1179.2743071522 
        1.0800000000         0.8800000000         1.9981757431        18.0908330301      1171.6654967465 
        1.0850000000         0.8800000000         2.0032736460        23.7793266828      1179.2743071522 
        1.0900000000         0.8800000000         2.0160184035        30.3853193118      1198.2963331663 
        1.0950000000         0.8800000000         1.9981757431        35.7068133740      1171.6654967465 
        1.1000000000         0.8800000000         2.0007246945        41.3953070267      1175.4699019494 
        1.1050000000         0.8800000000         2.0211163064        47.2673004747      1205.9051435720 
        1.1100000000         0.8800000000         2.0109205005        53.6897933084      1190.6875227607 
        1.1150000000         0.8800000000         1.9981757431        59.1947871658      1171.6654967465 
        1.1200000000         0.8800000000         1.9905288886        64.8832808185      1160.2522811380 
        1.1250000000         0.8800000000         2.0058225975        70.5717744712      1183.0787123550 
        1.1300000000         0.8800000000         2.0007246945        76.0767683287      1175.4699019494 
        1.1350000000         0.8800000000         2.0134694520        81.7652619814      1194.4919279635 
        1.1400000000         0.8800000000         2.0058225975        87.4537556341      1183.0787123550 
        1.1450001000         0.8800000000         1.9905288886        92.7752496963      1160.2522811380 
        1.1500000000         0.8800000000         1.9930778401        99.0142427347      1164.0566863409 
        1.1550000000         0.8800000000         2.0287631609       104.7027363874      1217.3183591805 
        1.1600000000         0.8800000000         1.9981757431       110.3912300401      1171.6654967465 
        1.1650000000         0.8800000000         1.9854309856       115.7127241024      1152.6434707324 
        1.1700000000         0.8800000000         2.0083715490       122.5022165265      1186.8831175579 
        1.1750000000         0.8800000000         2.0083715490       127.4567109983      1186.8831175579 
        1.1800000000         0.8800000000         2.0109205005       134.2462034225      1190.6875227607 
        1.1850000000         0.8800000000         1.9956267916       139.5676974847      1167.8610915437 
        1.1900000000         0.8800000000         2.0109205005       145.6231907279      1190.6875227607 
        1.1950000000         0.8800000000         2.0083715490       151.8621837663      1186.8831175579 
        1.2000000000         0.8800000000         1.9956267916       156.8166782380      1167.8610915437 
        1.2050000000         0.8800000000         2.0083715490       162.8721714812      1186.8831175579 
        1.2100000000         0.8800000000         2.0185673549       169.6616639054      1202.1007383692 
        1.2150000000         0.8800000000         2.0032736460       174.6161583771      1179.2743071522 
        1.2200000000         0.8800000000         2.0083715490       181.4056508013      1186.8831175579 
        1.2250000000         0.8800000000         2.0262142094       187.0941444540      1213.5139539777 
        1.2300000000         0.8800000000         2.0058225975       193.1496376972      1183.0787123550 
        1.2350000000         0.8800000000         1.9930778401       198.8381313499      1164.0566863409 
        1.2400000000         0.8800000000         2.0109205005       204.7101247979      1190.6875227607 
        1.2450000000         0.8800000000         2.0032736460       210.5821182458      1179.2743071522 
        1.2500000000         0.8800000000         1.9981757431       215.7201125128      1171.6654967465 
        1.2550000000         0.8800000000         2.0160184035       222.3261051417      1198.2963331663 
        1.2600000000         0.8800000000         2.0083715490       228.1980985897      1186.8831175579 
        1.2650000000         0.8800000000         2.0032736460       234.0700920376      1179.2743071522 
        1.2700001000         0.8800000000         2.0211163064       239.2080863046      1205.9051435720 
        1.2750000000         0.8800000000         2.0160184035       245.6305791383      1198.2963331663 
        1.2800000000         0.8800000000         2.0109205005       251.5025725862      1190.6875227607 
        1.2850000000         0.8800000000         2.0134694520       257.5580658294      1194.4919279635 
        1.2900000000         0.8800000000         2.0134694520       263.2465594822      1194.4919279635 
        1.2950000000         0.8800000000         1.9981757431       268.7515533396      1171.6654967465 
        1.3000000000         0.8800000000         2.0109205005       274.9905463781      1190.6875227607 
        1.3050000000         0.8800000000         2.0109205005       280.3120404403      1190.6875227607 
        1.3100000000         0.8800000000         2.0058225975       286.7345332740      1183.0787123550 
        1.3150000000         0.8800000000         2.0109205005       292.6065267219      1190.6875227607 
        1.3200000000         0.8800000000         2.0109205005       298.4785201699      1190.6875227607 
        1.3250000000         0.8800000000         2.0058225975       304.5340134131      1183.0787123550 
        1.3300000000         0.8800000000         1.9956267916       310.2225070658      1167.8610915437 
        1.3350000000         0.8800000000         2.0109205005       316.0945005137      1190.6875227607 
        1.3400000000         0.8800000000         2.0083715490       321.7829941664      1186.8831175579 
        1.3450000000         0.8800000000         2.0185673549       328.3889867954      1202.1007383692 
        1.3500000000         0.8800000000         1.9981757431       333.3434812671      1171.6654967465 
        1.3550000000         0.8800000000         1.9956267916       339.9494738960      1167.8610915437 
        1.3600000000         0.8800000000         2.0236652579       346.0049671392      1209.7095487748 
        1.3650000000         0.8800000000         2.0109205005       352.0604603824      1190.6875227607 
        1.3700000000         0.8800000000         2.0032736460       358.2994534209      1179.2743071522 
        1.3750000000         0.8800000000         2.0058225975       360.3179511686      1183.0787123550 
        1.3800000000         0.8800000000         2.0083715490        79.7467642336      1186.8831175579 
        1.3850000000         0.8800000000         2.0058225975        -0.4426462900      1183.0787123550 
        1.3900000000         0.8800000000         2.0109205005         0.2913528910      1190.6875227607 
        1.3950001000         0.8800000000         2.0083715490         5.0623475675      1186.8831175579 
        1.4000000000         0.8800000000         1.9981757431        11.4848404012      1171.6654967465 
        1.4050000000         0.8800000000         1.9905288886        17.3568338492      1160.2522811380 
        1.4100000000         0.8800000000         2.0262142094        24.1463262733      1213.5139539777 
        1.4150000000         0.8800000000         2.0160184035        29.8348199260      1198.2963331663 
        1.4200000000         0.8800000000         1.9981757431        34.9728141930      1171.6654967465 
        1.4250000000         0.8800000000         2.0083715490        41.2118072315      1186.8831175579 
        1.4300000000         0.8800000000         2.0058225975        47.2673004747      1183.0787123550 
        1.4350000000         0.8800000000         2.0083715490        53.5062935131      1186.8831175579 
        1.4400000000         0.8800000000         2.0058225975        58.6442877801      1183.0787123550 
        1.4450000000         0.8800000000         2.0185673549        64.6997810233      1202.1007383692 
        1.4500000000         0.8800000000         2.0058225975        70.3882746760      1183.0787123550 
        1.4550000000         0.8800000000         1.9905288886        76.0767683287      1160.2522811380 
        1.4600000000         0.8800000000         2.0032736460        81.2147625956      1179.2743071522 
        1.4650000000         0.8800000000         2.0109205005        88.0042550198      1190.6875227607 
        1.4700000000         0.8800000000         2.0058225975        93.1422492868      1183.0787123550 
        1.4750000000         0.8800000000         2.0032736460        99.0142427347      1179.2743071522 
        1.4800000000         0.8800000000         2.0109205005       104.7027363874      1190.6875227607 
        1.4850000000         0.8800000000         1.9981757431       109.8407306544      1171.6654967465 
        1.4900000000         0.8800000000         2.0032736460       116.2632234881      1179.2743071522 
        1.4950000000         0.8800000000         2.0160184035       122.1352169360      1198.2963331663 
        1.5000000000         0.8800000000         1.9981757431       128.0072103840      1171.6654967465 
        1.5050000000         0.8800000000         2.0032736460       133.6957040367      1179.2743071522 
        1.5100000000         0.8800000000         2.0236652579       139.5676974847      1209.7095487748 
        1.5150000000         0.8800000000         2.0058225975       145.8066905231      1183.0787123550 
        1.5200001000         0.8800000000         2.0032736460       151.6786839711      1179.2743071522 
        1.5250000000         0.8800000000         2.0058225975       156.8166782380      1183.0787123550 
        1.5300000000         0.8800000000         2.0236652579       164.3401698432      1209.7095487748 
        1.5350000000         0.8800000000         2.0007246945       169.4781641102      1175.4699019494 
        1.5400000000         0.8800000000         1.9956267916       175.3501575581      1167.8610915437 
        1.5450000000         0.8800000000         1.9981757431       181.0386512108      1171.6654967465 
        1.5500000000         0.8800000000         2.0211163064       187.8281436350      1205.9051435720 
        1.5550000000         0.8800000000         2.0083715490       193.3331374925      1186.8831175579 
        1.5600000000         0.8800000000         2.0211163064       199.0216311452      1205.9051435720 
        1.5650000000         0.8800000000         2.0058225975       204.8936245931      1183.0787123550 
        1.5700000000         0.8800000000         2.0007246945       210.9491178363      1175.4699019494 
        1.5750000000         0.8800000000         2.0160184035       216.2706118985      1198.2963331663 
        1.5800000000         0.8800000000         2.0185673549       223.0601043227      1202.1007383692 
        1.5850000000         0.8800000000         2.0032736460       228.3815983849      1179.2743071522 
        1.5900000000         0.8800000000         2.0007246945       233.8865922424      1175.4699019494 
        1.5950000000         0.8800000000         2.0236652579       240.1255852808      1209.7095487748 
        1.6000000000         0.8800000000         2.0083715490       246.3645783193      1186.8831175579 
        1.6050000000         0.8800000000         2.0185673549       251.8695721767      1202.1007383692 
        1.6100000000         0.8800000000         2.0058225975       258.1085652152      1183.0787123550 
        1.6150000000         0.8800000000         2.0109205005       263.6135590726      1190.6875227607 
        1.6200000000         0.8800000000         2.0032736460       269.3020527254      1179.2743071522 
        1.6250000000         0.8800000000         2.0262142094       275.9080453543      1213.5139539777 
        1.6300000000         0.8800000000         2.0185673549       281.5965390070      1202.1007383692 
        1.6350000000         0.8800000000         2.0058225975       287.1015328645      1183.0787123550 
        1.6400000000         0.8800000000         2.0160184035       293.7075254934      1198.2963331663 
        1.6450001000         0.8800000000         2.0287631609       299.3960191461      1217.3183591805 
        1.6500000000         0.8800000000         2.0058225975       304.5340134131      1183.0787123550 
        1.6550000000         0.8800000000         2.0083715490       310.7730064515      1186.8831175579 
        1.6600000000         0.8800000000         2.0083715490       316.6449998995      1186.8831175579 
        1.6650000000         0.8800000000         2.0083715490       322.5169933474      1186.8831175579 
        1.6700000000         0.8800000000         2.0109205005       329.1229859764      1190.6875227607 
        1.6750000000         0.8800000000         2.0160184035       334.6279798338      1198.2963331663 
        1.6800000000         0.8800000000         2.0160184035       341.2339724628      1198.2963331663 
        1.6850000000         0.8800000000         2.0032736460       346.7389663202      1179.2743071522 
        1.6900000000         0.8800000000         2.0058225975       353.1614591539      1183.0787123550 
        1.6950000000         0.8800000000         2.0109205005       358.1159536256      1190.6875227607 
        1.7000000000         0.8800000000         2.0160184035       360.1344513734      1198.2963331663 
        1.7050000000         0.8800000000         1.9956267916        79.1962648479      1167.8610915437 
        1.7100000000         0.8800000000         2.0058225975         0.4748526863      1183.0787123550 
        1.7150000000         0.8800000000         2.0109205005         0.6583524815      1190.6875227607 
        1.7200000000         0.8800000000         2.0058225975         5.6128469532      1183.0787123550 
        1.7250000000         0.8800000000         2.0109205005        12.2188395822      1190.6875227607 
        1.7300000000         0.8800000000         2.0083715490        18.2743328254      1186.8831175579 
        1.7350000000         0.8800000000         1.9981757431        23.7793266828      1171.6654967465 
        1.7400000000         0.8800000000         2.0058225975        30.2018195165      1183.0787123550 
        1.7450000000         0.8800000000         2.0160184035        36.0738129645      1198.2963331663 
        1.7500000000         0.8800000000         2.0083715490        41.5788068220      1186.8831175579 
        1.7550000000         0.8800000000         2.0032736460        48.1847994509      1179.2743071522 
        1.7600000000         0.8800000000         1.9981757431        53.5062935131      1171.6654967465 
        1.7650000000         0.8800000000         2.0109205005        59.9287863468      1190.6875227607 
        1.7700001000         0.8800000000         2.0032736460        64.8832808185      1179.2743071522 
        1.7750000000         0.8800000000         2.0083715490        71.3057736522      1186.8831175579 
        1.7800000000         0.8800000000         2.0032736460        76.8107675097      1179.2743071522 
        1.7850000000         0.8800000000         2.0109205005        82.8662607529      1190.6875227607 
        1.7900000000         0.8800000000         1.9956267916        87.6372554293      1167.8610915437 
        1.7950000000         0.8800000000         2.0134694520        93.3257490820      1194.4919279635 
        1.8000000000         0.8800000000         2.0083715490        99.5647421205      1186.8831175579 
        1.8050000000         0.8800000000         1.9981757431       105.4367355684      1171.6654967465 
        1.8100000000         0.8800000000         1.9956267916       111.1252292211      1167.8610915437 
        1.8150000000         0.8800000000         2.0160184035       116.9972226691      1198.2963331663 
        1.8200000000         0.8800000000         2.0185673549       123.0527159123      1202.1007383692 
        1.8250000000         0.8800000000         1.9981757431       128.9247093602      1171.6654967465 
        1.8300000000         0.8800000000         2.0058225975       134.7967028082      1183.0787123550 
        1.8350000000         0.8800000000         2.0134694520       140.1181968704      1194.4919279635 
        1.8400000000         0.8800000000         2.0160184035       147.2746888851      1198.2963331663 
        1.8450000000         0.8800000000         2.0032736460       152.5961829473      1179.2743071522 
        1.8500000000         0.8800000000         2.0032736460       158.1011768048      1179.2743071522 
        1.8550000000         0.8800000000         2.0109205005       164.5236696385      1190.6875227607 
        1.8600000000         0.8800000000         2.0160184035       170.9461624722      1198.2963331663 
        1.8650000000         0.8800000000         2.0109205005       175.9006569439      1190.6875227607 
        1.8700000000         0.8800000000         2.0032736460       181.9561501871      1179.2743071522 
        1.8750000000         0.8800000000         1.9930778401       187.8281436350      1164.0566863409 
        1.8800000000         0.8800000000         2.0211163064       194.4341362640      1205.9051435720 
        1.8850000000         0.8800000000         2.0236652579       200.8566290977      1209.7095487748 
        1.8900000000         0.8800000000         2.0007246945       205.9946233646      1175.4699019494 
        1.8950001000         0.8800000000         2.0058225975       212.0501166078      1183.0787123550 
        1.9000000000         0.8800000000         2.0364100154       217.9221100558      1228.7315747890 
        1.9050000000         0.8800000000         2.0007246945       223.0601043227      1175.4699019494 
        1.9100000000         0.8800000000         2.0083715490       229.2990973612      1186.8831175579 
        1.9150000000         0.8800000000         2.0058225975       234.8040912186      1183.0787123550 
        1.9200000000         0.8800000000         2.0236652579       241.0430842571      1209.7095487748 
        1.9250000000         0.8800000000         2.0160184035       247.8325766813      1198.2963331663 
        1.9300000000         0.8800000000         2.0262142094       252.4200715625      1213.5139539777 
        1.9350000000         0.8800000000         2.0236652579       259.3930637819      1209.7095487748 
        1.9400000000         0.8800000000         1.9956267916       264.5310580489      1167.8610915437 
        1.9450000000         0.8800000000         2.0083715490       270.5865512921      1186.8831175579 
        1.9500000000         0.8800000000         2.0236652579       276.8255443305      1209.7095487748 
        1.9550000000         0.8800000000         2.0160184035       282.6975377785      1198.2963331663 
        1.9600000000         0.8800000000         2.0160184035       287.6520322502      1198.2963331663 
        1.9650000000         0.8800000000         2.0109205005       294.8085242649      1190.6875227607 
        1.9700000000         0.8800000000         2.0058225975       299.7630187366      1183.0787123550 
        1.9750000000         0.8800000000         2.0083715490       305.8185119798      1186.8831175579 
        1.9800000000         0.8800000000         2.0185673549       311.6905054278      1202.1007383692 
        1.9850000000         0.8800000000         2.0160184035       317.5624988757      1198.2963331663 
        1.9900000000         0.8800000000         1.9956267916       322.8839929379      1167.8610915437 
        1.9950000000         0.8800000000         2.0007246945       329.3064857716      1175.4699019494 
        2.0000000000         0.8800000000         2.0160184035       334.6279798338      1198.2963331663 
        2.0050000000         0.8800000000         2.0032736460       341.4174722580      1179.2743071522 
        2.0100000000         0.8800000000         1.9956267916       347.1059659107      1167.8610915437 
        2.0150000000         0.8800000000         2.0058225975       352.9779593587      1183.0787123550 
        2.0200001000         0.8800000000         2.0134694520       359.5839519876      1194.4919279635 
        2.0250000000         0.8800000000         2.0160184035       359.9509515781      1198.2963331663 
        2.0300000000         0.8800000000         2.0160184035        79.9302640289      1198.2963331663 
        2.0350001000         0.8800000000         2.0109205005        -0.0756466995      1190.6875227607 
        2.0400000000         0.8800000000         2.0058225975         1.0253520720      1183.0787123550 
        2.0450000000         0.8800000000         1.9956267916         6.7138457247      1167.8610915437 
        2.0500000000         0.8800000000         2.0160184035        12.4023393774      1198.2963331663 
        2.0550000000         0.8800000000         2.0083715490        18.4578326206      1186.8831175579 
        2.0600000000         0.8800000000         1.9981757431        25.2473250448      1171.6654967465 
        2.0650000000         0.8800000000         1.9854309856        30.9358186975      1152.6434707324 
        2.0700000000         0.8800000000         2.0058225975        36.2573127597      1183.0787123550 
        2.0750000000         0.8800000000         2.0058225975        42.4963057982      1183.0787123550 
        2.0800000000         0.8800000000         2.0109205005        48.3682992461      1190.6875227607 
        2.0850000000         0.8800000000         2.0058225975        54.6072922846      1183.0787123550 
        2.0900000000         0.8800000000         2.0007246945        60.1122861421      1175.4699019494 
        2.0950000000         0.8800000000         1.9956267916        65.2502804090      1167.8610915437 
        2.1000000000         0.8800000000         2.0083715490        71.1222738570      1186.8831175579 
        2.1050000000         0.8800000000         2.0211163064        77.9117662812      1205.9051435720 
        2.1100000000         0.8800000000         1.9981757431        82.4992611624      1171.6654967465 
        2.1150000000         0.8800000000         2.0083715490        89.1052537913      1186.8831175579 
        2.1200000000         0.8800000000         2.0236652579        94.9772472393      1209.7095487748 
        2.1250000000         0.8800000000         2.0032736460       100.1152415062      1179.2743071522 
        2.1300000000         0.8800000000         1.9956267916       105.6202353637      1167.8610915437 
        2.1350000000         0.8800000000         2.0083715490       111.4922288116      1186.8831175579 
        2.1400000000         0.8800000000         2.0236652579       117.9147216453      1209.7095487748 
        2.1450000000         0.8800000000         1.9956267916       122.8692161170      1167.8610915437 
        2.1500000000         0.8800000000         1.9905288886       129.1082091555      1160.2522811380 
        2.1550000000         0.8800000000         2.0262142094       134.9802026034      1213.5139539777 
        2.1600001000         0.8800000000         2.0032736460       140.6686962561      1179.2743071522 
        2.1650000000         0.8800000000         1.9981757431       146.9076892946      1171.6654967465 
        2.1700000000         0.8800000000         2.0185673549       152.4126831521      1202.1007383692 
        2.1750000000         0.8800000000         2.0058225975       159.0186757810      1183.0787123550 
        2.1800001000         0.8800000000         2.0032736460       164.8906692290      1179.2743071522 
        2.1850000000         0.8800000000         2.0109205005       171.1296622674      1190.6875227607 
        2.1900000000         0.8800000000         2.0313121124       177.1851555106      1221.1227643833 
        2.1950000000         0.8800000000         1.9956267916       181.9561501871      1167.8610915437 
        2.2000000000         0.8800000000         1.9956267916       188.5621428160      1167.8610915437 
        2.2050000000         0.8800000000         2.0160184035       193.8836368782      1198.2963331663 
        2.2100000000         0.8800000000         2.0083715490       200.6731293024      1186.8831175579 
        2.2150000000         0.8800000000         2.0109205005       205.6276237741      1190.6875227607 
        2.2200000000         0.8800000000         2.0109205005       211.4996172221      1190.6875227607 
        2.2250000000         0.8800000000         2.0058225975       217.7386102605      1183.0787123550 
        2.2300022000         0.8800000000         2.0083715490       223.4271039132      1186.8831175579 
        2.2350000000         0.8800000000         2.0211163064       229.6660969517      1205.9051435720 
        2.2400000000         0.8800000000         2.0211163064       235.7215901949      1205.9051435720 
        2.2450000000         0.8800000000         2.0058225975       240.8595844618      1183.0787123550 
        2.2500000000         0.8800000000         2.0109205005       247.2820772955      1190.6875227607 
        2.2550007000         0.8800000000         2.0058225975       252.7870711530      1183.0787123550 
        2.2600000000         0.8800000000         2.0083715490       258.8425643962      1186.8831175579 
        2.2650000000         0.8800000000         2.0185673549       264.8980576394      1202.1007383692 
        2.2700000000         0.8800000000         2.0160184035       271.1370506778      1198.2963331663 
        2.2750000000         0.8800000000         2.0032736460       276.2750449448      1179.2743071522 
        2.2800000000         0.8800000000         2.0262142094       282.3305381880      1213.5139539777 
        2.2850001000         0.8800000000         2.0185673549       288.5695312264      1202.1007383692 
        2.2900000000         0.8800000000         2.0236652579       294.9920240601      1209.7095487748 
        2.2950000000         0.8800000000         2.0109205005       300.4970179176      1190.6875227607 
        2.3000000000         0.8800000000         2.0032736460       305.8185119798      1179.2743071522 
        2.3050001000         0.8800000000         2.0083715490       312.0575050183      1186.8831175579 
        2.3100000000         0.8800000000         2.0211163064       317.9294984662      1205.9051435720 
        2.3150000000         0.8800000000         2.0287631609       324.3519912999      1217.3183591805 
        2.3200000000         0.8800000000         2.0185673549       330.2239847479      1202.1007383692 
        2.3250000000         0.8800000000         2.0160184035       336.0959781958      1198.2963331663 
        2.3300000000         0.8800000000         2.0032736460       341.7844718485      1179.2743071522 
        2.3350000000         0.8800000000         2.0185673549       348.2069646822      1202.1007383692 
        2.3400000000         0.8800000000         2.0262142094       354.4459577207      1213.5139539777 
        2.3450009000         0.8800000000         2.0109205005       359.9509515781      1190.6875227607 
        2.3500000000         0.8800000000         2.0109205005       359.7674517829      1190.6875227607 
        2.3550000000         0.8800000000         2.0160184035        79.5632644384      1198.2963331663 
        2.3600000000         0.8800000000         2.0262142094         0.6583524815      1213.5139539777 
        2.3650000000         0.8800000000         2.0083715490         1.9428510483      1186.8831175579 
        2.3700000000         0.8800000000         2.0083715490         7.6313447010      1186.8831175579 
        2.3750000000         0.8800000000         2.0262142094        14.2373373299      1213.5139539777 
        2.3800000000         0.8800000000         2.0083715490        20.4763303684      1186.8831175579 
        2.3850000000         0.8800000000         2.0134694520        26.3483238163      1194.4919279635 
        2.3900000000         0.8800000000         2.0109205005        32.2203172643      1190.6875227607 
        2.3950000000         0.8800000000         2.0160184035        38.2758105075      1198.2963331663 
        2.4000000000         0.8800000000         2.0287631609        44.6983033412      1217.3183591805 
        2.4050000000         0.8800000000         2.0160184035        49.6527978129      1198.2963331663 
        2.4100001000         0.8800000000         2.0211163064        56.4422902371      1205.9051435720 
        2.4150000000         0.8800000000         2.0083715490        61.9472840945      1186.8831175579 
        2.4200000000         0.8800000000         2.0109205005        67.2687781567      1190.6875227607 
        2.4250000000         0.8800000000         2.0262142094        73.5077711952      1213.5139539777 
        2.4300001000         0.8800000000         2.0083715490        79.1962648479      1186.8831175579 
        2.4350000000         0.8800000000         2.0109205005        85.6187576816      1190.6875227607 
        2.4400000000         0.8800000000         2.0236652579        90.9402517438      1209.7095487748 
        2.4450000000         0.8800000000         2.0211163064        97.3627445775      1205.9051435720 
        2.4500000000         0.8800000000         2.0109205005       102.5007388445      1190.6875227607 
        2.4550000000         0.8800000000         2.0109205005       107.6387331114      1190.6875227607 
        2.4600000000         0.8800000000         2.0185673549       114.7952251261      1202.1007383692 
        2.4650000000         0.8800000000         2.0083715490       119.9332193931      1186.8831175579 
        2.4700000000         0.8800000000         2.0262142094       126.3557122268      1213.5139539777 
        2.4750000000         0.8800000000         2.0160184035       131.4937064937      1198.2963331663 
        2.4800000000         0.8800000000         2.0058225975       137.3656999417      1183.0787123550 
        2.4850000000         0.8800000000         2.0083715490       144.3386921611      1186.8831175579 
        2.4900000000         0.8800000000         2.0185673549       149.6601862233      1202.1007383692 
        2.4950000000         0.8800000000         2.0109205005       155.3486798760      1190.6875227607 
        2.5000000000         0.8800000000         2.0160184035       161.9546725050      1198.2963331663 
        2.5050000000         0.8800000000         2.0058225975       167.2761665672      1183.0787123550 
        2.5100000000         0.8800000000         2.0160184035       173.8821591961      1198.2963331663 
        2.5150000000         0.8800000000         2.0160184035       179.7541526441      1198.2963331663 
        2.5200000000         0.8800000000         2.0236652579       185.9931456825      1209.7095487748 
        2.5250000000         0.8800000000         2.0083715490       191.3146397447      1186.8831175579 
        2.5300000000         0.8800000000         2.0160184035       198.1041321689      1198.2963331663 
        2.5350001000         0.8800000000         2.0134694520       203.2421264359      1194.4919279635 
        2.5400000000         0.8800000000         2.0262142094       209.4811194743      1213.5139539777 
        2.5450000000         0.8800000000         2.0083715490       214.9861133318      1186.8831175579 
        2.5500000000         0.8800000000         2.0236652579       220.8581067797      1209.7095487748 
        2.5550001000         0.8800000000         2.0109205005       226.7301002277      1190.6875227607 
        2.5600000000         0.8800000000         2.0160184035       233.5195926519      1198.2963331663 
        2.5650030000         0.8800000000         2.0185673549       238.4740871236      1202.1007383692 
        2.5700000000         0.8800000000         2.0160184035       244.3460805716      1198.2963331663 
        2.5750000000         0.8800000000         1.9981757431       250.4015738148      1171.6654967465 
        2.5800000000         0.8800000000         2.0185673549       257.0075664437      1202.1007383692 
        2.5850000000         0.8800000000         2.0185673549       262.6960600964      1202.1007383692 
        2.5900000000         0.8800000000         2.0109205005       268.3845537491      1190.6875227607 
        2.5950000000         0.8800000000         2.0160184035       274.6235467876      1198.2963331663 
        2.6000000000         0.8800000000         2.0236652579       280.1285406450      1209.7095487748 
        2.6050000000         0.8800000000         2.0262142094       286.5510334787      1213.5139539777 
        2.6100000000         0.8800000000         2.0109205005       292.4230269267      1190.6875227607 
        2.6150000000         0.8800000000         2.0160184035       297.7445209889      1198.2963331663 
        2.6200000000         0.8800000000         2.0134694520       303.8000142321      1194.4919279635 
        2.6250000000         0.8800000000         2.0160184035       310.4060068610      1198.2963331663 
        2.6300000000         0.8800000000         2.0083715490       315.7275009232      1186.8831175579 
        2.6350000000         0.8800000000         2.0134694520       322.3334935522      1194.4919279635 
        2.6400000000         0.8800000000         2.0338610639       328.7559863859      1224.9271695861 
        2.6450000000         0.8800000000         2.0109205005       334.2609802433      1190.6875227607 
        2.6500000000         0.8800000000         2.0236652579       340.8669728723      1209.7095487748 
        2.6550000000         0.8800000000         2.0236652579       346.7389663202      1209.7095487748 
        2.6600001000         0.8800000000         2.0287631609       352.9779593587      1217.3183591805 
        2.6650000000         0.8800000000         2.0134694520       358.1159536256      1194.4919279635 
        2.6700000000         0.8800000000         2.0185673549       359.9509515781      1202.1007383692 
        2.6750000000         0.8800000000         2.0134694520        79.1962648479      1194.4919279635 
        2.6800001000         0.8800000000         2.0236652579         0.6583524815      1209.7095487748 
        2.6850000000         0.8800000000         2.0211163064         1.0253520720      1205.9051435720 
        2.6900000000         0.8800000000         2.0389589668         6.7138457247      1232.5359799918 
        2.6950000000         0.8800000000         2.0313121124        13.5033381489      1221.1227643833 
        2.7000000000         0.8800000000         2.0185673549        19.1918318016      1202.1007383692 
        2.7050000000         0.8800000000         2.0211163064        25.6143246353      1205.9051435720 
        2.7100000000         0.8800000000         2.0185673549        31.1193184928      1202.1007383692 
        2.7150000000         0.8800000000         2.0083715490        36.6243123502      1186.8831175579 
        2.7200000000         0.8800000000         2.0236652579        42.4963057982      1209.7095487748 
        2.7250000000         0.8800000000         2.0262142094        48.9187986319      1213.5139539777 
        2.7300000000         0.8800000000         2.0109205005        54.2402926941      1190.6875227607 
        2.7350000000         0.8800000000         2.0236652579        60.6627855278      1209.7095487748 
        2.7400000000         0.8800000000         2.0236652579        66.5347789758      1209.7095487748 
        2.7450000000         0.8800000000         2.0160184035        72.4067724237      1198.2963331663 
        2.7500000000         0.8800000000         2.0185673549        77.7282664859      1202.1007383692 
        2.7550000000         0.8800000000         2.0287631609        83.6002599339      1217.3183591805 
        2.7600000000         0.8800000000         2.0262142094        90.0227527676      1213.5139539777 
        2.7650000000         0.8800000000         2.0109205005        95.8947462155      1190.6875227607 
        2.7700000000         0.8800000000         2.0058225975       101.5832398682      1183.0787123550 
        2.7750000000         0.8800000000         2.0185673549       107.4552333162      1202.1007383692 
        2.7800000000         0.8800000000         2.0236652579       113.1437269689      1209.7095487748 
        2.7850001000         0.8800000000         2.0058225975       118.6487208263      1183.0787123550 
        2.7900000000         0.8800000000         2.0262142094       125.4382132505      1213.5139539777 
        2.7950000000         0.8800000000         2.0160184035       131.3102066985      1198.2963331663 
        2.8000000000         0.8800000000         2.0262142094       137.1822001464      1213.5139539777 
        2.8050001000         0.8800000000         2.0185673549       143.2376933896      1202.1007383692 
        2.8100000000         0.8800000000         2.0109205005       149.6601862233      1190.6875227607 
        2.8150000000         0.8800000000         2.0185673549       155.1651800808      1202.1007383692 
        2.8200000000         0.8800000000         2.0262142094       161.4041731192      1213.5139539777 
        2.8250000000         0.8800000000         2.0313121124       167.6431661577      1221.1227643833 
        2.8300000000         0.8800000000         2.0160184035       173.1481600151      1198.2963331663 
        2.8350000000         0.8800000000         2.0160184035       179.0201534631      1198.2963331663 
        2.8400000000         0.8800000000         2.0389589668       185.8096458873      1232.5359799918 
        2.8450000000         0.8800000000         2.0083715490       190.9476401542      1186.8831175579 
        2.8500000000         0.8800000000         2.0211163064       197.1866331927      1205.9051435720 
        2.8550000000         0.8800000000         2.0262142094       203.7926258216      1213.5139539777 
        2.8600000000         0.8800000000         2.0109205005       208.7471202933      1190.6875227607 
        2.8650000000         0.8800000000         2.0160184035       214.6191137413      1198.2963331663 
        2.8700000000         0.8800000000         2.0364100154       221.2251063702      1228.7315747890 
        2.8750000000         0.8800000000         2.0109205005       226.5466004324      1190.6875227607 
        2.8800000000         0.8800000000         1.9956267916       232.4185938804      1167.8610915437 
        2.8850000000         0.8800000000         2.0313121124       239.3915860998      1221.1227643833 
        2.8900000000         0.8800000000         2.0287631609       245.2635795478      1217.3183591805 
        2.8950000000         0.8800000000         2.0007246945       250.4015738148      1175.4699019494 
        2.9000000000         0.8800000000         2.0160184035       256.2735672627      1198.2963331663 
        2.9050000000         0.8800000000         2.0287631609       262.5125603012      1217.3183591805 
        2.9100001000         0.8800000000         2.0032736460       267.8340543634      1179.2743071522 
        2.9150000000         0.8800000000         2.0160184035       274.0730474018      1198.2963331663 
        2.9200000000         0.8800000000         2.0109205005       279.5780412593      1190.6875227607 
        2.9250000000         0.8800000000         1.9981757431       285.4500347072      1171.6654967465 
        2.9300001000         0.8800000000         2.0134694520       291.5055279504      1194.4919279635 
        2.9350000000         0.8800000000         2.0160184035       297.7445209889      1198.2963331663 
        2.9400000000         0.8800000000         2.0236652579       304.1670138226      1209.7095487748 
        2.9450000000         0.8800000000         2.0032736460       309.4885078848      1179.2743071522 
        2.9500000000         0.8800000000         2.0109205005       315.3605013327      1190.6875227607 
        2.9550000000         0.8800000000         2.0236652579       321.7829941664      1209.7095487748 
        2.9600010000         0.8800000000         2.0109205005       327.1044882286      1190.6875227607 
        2.9650000000         0.8800000000         1.9981757431       332.9764816766      1171.6654967465 
        2.9700000000         0.8800000000         2.0032736460       339.0319749198      1179.2743071522 
        2.9750152000         0.8800000000         2.0160184035       345.2709679582      1198.2963331663 
        2.9800000000         0.8800000000         2.0032736460       350.9594616109      1179.2743071522 
        2.9850000000         0.8800000000         2.0109205005       357.3819544446      1190.6875227607 
        2.9900000000         0.8800000000         2.0185673549       360.3179511686      1202.1007383692 
        2.9950000000         0.8800000000         1.9981757431        79.3797646431      1171.6654967465 
        3.0000000000         0.8800000000         2.0083715490         0.6583524815      1186.8831175579 
        3.0050000000         0.8800000000         2.0134694520         0.1078530958      1194.4919279635 
        3.0100000000         0.8800000000         2.0185673549         5.0623475675      1202.1007383692 
        3.0150000000         0.8800000000         2.0032736460        11.4848404012      1179.2743071522 
        3.0200000000         0.8800000000         2.0058225975        16.8063344634      1183.0787123550 
        3.0250000000         0.8800000000         2.0083715490        23.2288272971      1186.8831175579 
        3.0300000000         0.8800000000         2.0160184035        29.6513201308      1198.2963331663 
        3.0350001000         0.8800000000         2.0160184035        35.1563139883      1198.2963331663 
        3.0400000000         0.8800000000         2.0236652579        41.5788068220      1209.7095487748 
        3.0450000000         0.8800000000         2.0185673549        47.2673004747      1202.1007383692 
        3.0500000000         0.8800000000         1.9981757431        52.2217949464      1171.6654967465 
        3.0550001000         0.8800000000         2.0058225975        58.6442877801      1183.0787123550 
        3.0600000000         0.8800000000         2.0134694520        63.9657818423      1194.4919279635 
        3.0650000000         0.8800000000         2.0058225975        70.3882746760      1183.0787123550 
        3.0700000000         0.8800000000         2.0058225975        75.8932685334      1183.0787123550 
        3.0750001000         0.8800000000         2.0262142094        81.7652619814      1213.5139539777 
        3.0800000000         0.8800000000         2.0083715490        87.4537556341      1186.8831175579 
        3.0850000000         0.8800000000         2.0007246945        93.8762484678      1175.4699019494 
        3.0900000000         0.8800000000         1.9930778401        99.1977425300      1164.0566863409 
        3.0950000000         0.8800000000         2.0160184035       104.7027363874      1198.2963331663 
        3.1000021000         0.8800000000         2.0160184035       110.7582296306      1198.2963331663 
        3.1050000000         0.8800000000         2.0109205005       115.8962238976      1190.6875227607 
        3.1100000000         0.8800000000         2.0185673549       121.9517171408      1202.1007383692 
        3.1150000000         0.8800000000         2.0083715490       128.0072103840      1186.8831175579 
        3.1200000000         0.8800000000         2.0160184035       134.0627036272      1198.2963331663 
        3.1250000000         0.8800000000         2.0083715490       139.3841976894      1186.8831175579 
        3.1300000000         0.8800000000         2.0109205005       145.9901903184      1190.6875227607 
        3.1350000000         0.8800000000         2.0160184035       152.5961829473      1198.2963331663 
        3.1400000000         0.8800000000         2.0185673549       157.7341772143      1202.1007383692 
        3.1450000000         0.8800000000         2.0134694520       163.6061706622      1194.4919279635 
        3.1500000000         0.8800000000         2.0160184035       169.8451637007      1198.2963331663 
        3.1550000000         0.8800000000         2.0160184035       175.5336573534      1198.2963331663 
        3.1600009000         0.8800000000         2.0160184035       181.7726503918      1198.2963331663 
        3.1650000000         0.8800000000         2.0262142094       188.3786430208      1213.5139539777 
        3.1700000000         0.8800000000         2.0160184035       193.3331374925      1198.2963331663 
        3.1750000000         0.8800000000         2.0185673549       200.3061297119      1202.1007383692 
        3.1800001000         0.8800000000         2.0134694520       205.9946233646      1194.4919279635 
        3.1850000000         0.8800000000         2.0109205005       211.6831170173      1190.6875227607 
        3.1900011000         0.8800000000         2.0338610639       217.9221100558      1224.9271695861 
        3.1950000000         0.8800000000         2.0083715490       222.8766045275      1186.8831175579 
        3.2000001000         0.8800000000         2.0160184035       229.2990973612      1198.2963331663 
        3.2050000000         0.8800000000         2.0160184035       235.1710908091      1198.2963331663 
        3.2100000000         0.8800000000         2.0236652579       241.4100838476      1209.7095487748 
        3.2150000000         0.8800000000         2.0109205005       246.3645783193      1190.6875227607 
        3.2200011000         0.8800000000         2.0287631609       253.5210703340      1217.3183591805 
        3.2250013000         0.8800000000         2.0007246945       258.2920650104      1175.4699019494 
        3.2300000000         0.8800000000         2.0058225975       264.5310580489      1183.0787123550 
        3.2350019000         0.8800000000         2.0287631609       270.5865512921      1217.3183591805 
        3.2400000000         0.8800000000         2.0134694520       276.4585447400      1194.4919279635 
        3.2450000000         0.8800000000         2.0058225975       282.3305381880      1183.0787123550 
        3.2500000000         0.8800000000         2.0032736460       288.0190318407      1179.2743071522 
        3.2550000000         0.8800000000         2.0134694520       294.2580248791      1194.4919279635 
        3.2600000000         0.8800000000         2.0185673549       299.3960191461      1202.1007383692 
        3.2650000000         0.8800000000         2.0083715490       306.0020117751      1186.8831175579 
        3.2700010000         0.8800000000         2.0058225975       311.5070056325      1183.0787123550 
        3.2750023000         0.8800000000         2.0083715490       317.0119994900      1186.8831175579 
        3.2800000000         0.8800000000         2.0058225975       323.4344923237      1183.0787123550 
        3.2850001000         0.8800000000         2.0083715490       329.3064857716      1186.8831175579 
        3.2900000000         0.8800000000         2.0160184035       335.3619790148      1198.2963331663 
        3.2950000000         0.8800000000         2.0058225975       341.2339724628      1183.0787123550 
        3.3000000000         0.8800000000         2.0032736460       347.1059659107      1179.2743071522 
        3.3050001000         0.8800000000         2.0083715490       353.3449589492      1186.8831175579 
        3.3100000000         0.8800000000         2.0185673549       358.8499528066      1202.1007383692 
        3.3150000000         0.8800000000         2.0109205005       359.9509515781      1190.6875227607 
        3.3200000000         0.8800000000         2.0058225975        79.9302640289      1183.0787123550 
        3.3250001000         0.8800000000         1.9981757431        -0.4426462900      1171.6654967465 
        3.3300000000         0.8800000000         2.0083715490         1.2088518673      1186.8831175579 
        3.3350000000         0.8800000000         2.0058225975         6.3468461342      1183.0787123550 
        3.3400000000         0.8800000000         2.0109205005        12.9528387632      1190.6875227607 
        3.3450000000         0.8800000000         2.0109205005        19.1918318016      1190.6875227607 
        3.3500000000         0.8800000000         2.0083715490        24.5133258638      1186.8831175579 
        3.3550000000         0.8800000000         2.0032736460        31.1193184928      1179.2743071522 
        3.3600000000         0.8800000000         2.0262142094        36.9913119407      1213.5139539777 
        3.3650000000         0.8800000000         2.0058225975        42.8633053887      1183.0787123550 
        3.3700000000         0.8800000000         2.0058225975        48.9187986319      1183.0787123550 
        3.3750000000         0.8800000000         1.9981757431        54.9742918751      1171.6654967465 
        3.3800000000         0.8800000000         2.0083715490        60.4792857325      1186.8831175579 
        3.3850000000         0.8800000000         2.0236652579        66.7182787710      1209.7095487748 
        3.3900000000         0.8800000000         2.0134694520        71.4892734475      1194.4919279635 
        3.3950000000         0.8800000000         2.0032736460        77.1777671002      1179.2743071522 
        3.4000000000         0.8800000000         1.9930778401        82.8662607529      1164.0566863409 
        3.4050000000         0.8800000000         2.0032736460        88.5547544056      1179.2743071522 
        3.4100001000         0.8800000000         2.0160184035        94.9772472393      1198.2963331663 
        3.4150000000         0.8800000000         2.0109205005       100.6657408920      1190.6875227607 
        3.4200000000         0.8800000000         1.9956267916       106.9047339304      1167.8610915437 
        3.4250000000         0.8800000000         2.0083715490       112.4097277879      1186.8831175579 
        3.4300001000         0.8800000000         2.0185673549       118.4652210311      1202.1007383692 
        3.4350000000         0.8800000000         2.0134694520       124.5207142743      1194.4919279635 
        3.4400000000         0.8800000000         2.0109205005       129.8422083365      1190.6875227607 
        3.4450000000         0.8800000000         2.0160184035       135.8977015797      1198.2963331663 
        3.4500001000         0.8800000000         2.0109205005       141.7696950276      1190.6875227607 
        3.4550000000         0.8800000000         2.0083715490       147.6416884756      1186.8831175579 
        3.4600017000         0.8800000000         2.0160184035       153.3301821283      1198.2963331663 
        3.4650000000         0.8800000000         2.0134694520       159.5691751667      1194.4919279635 
        3.4700000000         0.8800000000         2.0109205005       165.8081682052      1190.6875227607 
        3.4750000000         0.8800000000         2.0287631609       172.4141608341      1217.3183591805 
        3.4800000000         0.8800000000         2.0287631609       177.9191546916      1217.3183591805 
        3.4850000000         0.8800000000         2.0058225975       183.7911481395      1183.0787123550 
        3.4900000000         0.8800000000         2.0185673549       189.8466413827      1202.1007383692 
        3.4950000000         0.8800000000         2.0313121124       195.5351350355      1221.1227643833 
        3.5000000000         0.8800000000         2.0032736460       201.0401288929      1179.2743071522 
        3.5050000000         0.8800000000         2.0160184035       207.4626217266      1198.2963331663 
        3.5100000000         0.8800000000         2.0185673549       212.7841157888      1202.1007383692 
        3.5150000000         0.8800000000         2.0083715490       219.2066086225      1186.8831175579 
        3.5200000000         0.8800000000         2.0083715490       225.2621018657      1186.8831175579 
        3.5250000000         0.8800000000         2.0338610639       231.3175951089      1224.9271695861 
        3.5300000000         0.8800000000         2.0109205005       237.0060887616      1190.6875227607 
        3.5350001000         0.8800000000         1.9956267916       242.3275828238      1167.8610915437 
        3.5400002000         0.8800000000         2.0262142094       248.7500756575      1213.5139539777 
        3.5450000000         0.8800000000         2.0185673549       254.6220691055      1202.1007383692 
        3.5500000000         0.8800000000         2.0160184035       261.0445619392      1198.2963331663 
        3.5550001000         0.8800000000         2.0058225975       266.3660560014      1183.0787123550 
        3.5600000000         0.8800000000         2.0134694520       272.2380494493      1194.4919279635 
        3.5650000000         0.8800000000         2.0185673549       278.6605422830      1202.1007383692 
        3.5700000000         0.8800000000         2.0185673549       284.5325357310      1202.1007383692 
        3.5750001000         0.8800000000         2.0262142094       290.5880289742      1213.5139539777 
        3.5800000000         0.8800000000         2.0083715490       295.3590236506      1186.8831175579 
        3.5850000000         0.8800000000         1.9981757431       301.2310170986      1171.6654967465 
        3.5900000000         0.8800000000         2.0160184035       307.6535099323      1198.2963331663 
        3.5950000000         0.8800000000         2.0160184035       312.9750039945      1198.2963331663 
        3.6000000000         0.8800000000         2.0058225975       319.0304972377      1183.0787123550 
        3.6050000000         0.8800000000         2.0032736460       325.0859904809      1179.2743071522 
        3.6100000000         0.8800000000         2.0185673549       330.9579839289      1202.1007383692 
        3.6150000000         0.8800000000         2.0160184035       336.4629777863      1198.2963331663 
        3.6200000000         0.8800000000         2.0058225975       343.2524702105      1183.0787123550 
        3.6250027000         0.8800000000         2.0083715490       349.3079634537      1186.8831175579 
        3.6300000000         0.8800000000         2.0058225975       354.8129573112      1183.0787123550 
        3.6350000000         0.8800000000         2.0032736460       359.9509515781      1179.2743071522 
        3.6400000000         0.8800000000         2.0236652579       360.3179511686      1209.7095487748 
        3.6450000000         0.8800000000         2.0236652579        79.3797646431      1209.7095487748 
        3.6500000000         0.8800000000         2.0058225975         0.2913528910      1183.0787123550 
        3.6550000000         0.8800000000         1.9981757431         2.4933504340      1171.6654967465 
        3.6600001000         0.8800000000         2.0109205005         9.0993430630      1190.6875227607 
        3.6650000000         0.8800000000         2.0211163064        15.7053356919      1205.9051435720 
        3.6700000000         0.8800000000         2.0185673549        21.7608289351      1202.1007383692 
        3.6750000000         0.8800000000         1.9981757431        27.2658227926      1171.6654967465 
        3.6800001000         0.8800000000         2.0236652579        33.5048158310      1209.7095487748 
        3.6850000000         0.8800000000         2.0160184035        38.8263098932      1198.2963331663 
        3.6900000000         0.8800000000         2.0058225975        44.3313037507      1183.0787123550 
        3.6950000000         0.8800000000         2.0109205005        50.2032971986      1190.6875227607 
        3.7000025000         0.8800000000         1.9981757431        56.6257900323      1171.6654967465 
        3.7050000000         0.8800000000         2.0083715490        62.3142836850      1186.8831175579 
        3.7100000000         0.8800000000         2.0160184035        68.1862771330      1198.2963331663 
        3.7150000000         0.8800000000         2.0236652579        74.0582705809      1209.7095487748 
        3.7200000000         0.8800000000         2.0134694520        80.2972636194      1194.4919279635 
        3.7250000000         0.8800000000         1.9981757431        85.9857572721      1171.6654967465 
        3.7300000000         0.8800000000         2.0185673549        91.8577507200      1202.1007383692 
        3.7350000000         0.8800000000         2.0236652579        97.1792447823      1209.7095487748 
        3.7400000000         0.8800000000         2.0083715490       102.3172390492      1186.8831175579 
        3.7450000000         0.8800000000         2.0058225975       108.5562320877      1183.0787123550 
        3.7500000000         0.8800000000         2.0211163064       114.4282255356      1205.9051435720 
        3.7550000000         0.8800000000         1.9981757431       119.9332193931      1171.6654967465 
        3.7600000000         0.8800000000         1.9981757431       125.6217130458      1171.6654967465 
        3.7650000000         0.8800000000         2.0134694520       131.8607060842      1194.4919279635 
        3.7700000000         0.8800000000         2.0083715490       138.2831989179      1186.8831175579 
        3.7750000000         0.8800000000         2.0236652579       144.1551923659      1209.7095487748 
        3.7800000000         0.8800000000         2.0109205005       149.8436860186      1190.6875227607 
        3.7850001000         0.8800000000         2.0160184035       156.0826790570      1198.2963331663 
        3.7900000000         0.8800000000         2.0083715490       161.7711727097      1186.8831175579 
        3.7950000000         0.8800000000         2.0185673549       168.7441649292      1202.1007383692 
        3.8000000000         0.8800000000         2.0313121124       174.6161583771      1221.1227643833 
        3.8050001000         0.8800000000         2.0211163064       180.8551514156      1205.9051435720 
        3.8100000000         0.8800000000         2.0262142094       186.1766454778      1213.5139539777 
        3.8150000000         0.8800000000         2.0287631609       192.5991383115      1217.3183591805 
        3.8200000000         0.8800000000         2.0160184035       198.2876319642      1198.2963331663 
        3.8250001000         0.8800000000         2.0185673549       204.1596254121      1202.1007383692 
        3.8300000000         0.8800000000         2.0287631609       210.2151186553      1217.3183591805 
        3.8350001000         0.8800000000         2.0134694520       215.3531129223      1194.4919279635 
        3.8400000000         0.8800000000         2.0160184035       221.7756057560      1198.2963331663 
        3.8450000000         0.8800000000         2.0236652579       227.8310989992      1209.7095487748 
        3.8500000000         0.8800000000         2.0109205005       233.1525930614      1190.6875227607 
        3.8550000000         0.8800000000         2.0364100154       240.1255852808      1228.7315747890 
        3.8600000000         0.8800000000         2.0185673549       245.6305791383      1202.1007383692 
        3.8650000000         0.8800000000         2.0185673549       251.6860723815      1202.1007383692 
        3.8700000000         0.8800000000         2.0185673549       258.1085652152      1202.1007383692 
        3.8750000000         0.8800000000         2.0440568698       263.7970588679      1240.1447903975 
        3.8800000000         0.8800000000         2.0185673549       269.3020527254      1202.1007383692 
        3.8850000000         0.8800000000         2.0160184035       275.3575459686      1198.2963331663 
        3.8900000000         0.8800000000         2.0134694520       280.6790400308      1194.4919279635 
        3.8950000000         0.8800000000         2.0185673549       286.7345332740      1202.1007383692 
        3.9000000000         0.8800000000         2.0262142094       292.7900265172      1213.5139539777 
        3.9050000000         0.8800000000         2.0083715490       298.4785201699      1186.8831175579 
        3.9100001000         0.8800000000         2.0058225975       304.5340134131      1183.0787123550 
        3.9150000000         0.8800000000         2.0185673549       310.5895066563      1202.1007383692 
        3.9200000000         0.8800000000         2.0236652579       317.0119994900      1209.7095487748 
        3.9250000000         0.8800000000         2.0287631609       322.5169933474      1217.3183591805 
        3.9300001000         0.8800000000         2.0160184035       328.7559863859      1198.2963331663 
        3.9350000000         0.8800000000         2.0032736460       334.2609802433      1179.2743071522 
        3.9400000000         0.8800000000         2.0058225975       340.3164734865      1183.0787123550 
        3.9450000000         0.8800000000         2.0134694520       346.7389663202      1194.4919279635 
        3.9500001000         0.8800000000         2.0134694520       352.6109597682      1194.4919279635 
        3.9550000000         0.8800000000         2.0083715490       359.4004521924      1186.8831175579 
        3.9600000000         0.8800000000         2.0083715490       360.1344513734      1186.8831175579 
        3.9650000000         0.8800000000         2.0262142094        80.1137638241      1213.5139539777 
        3.9700000000         0.8800000000         2.0262142094         0.6583524815      1213.5139539777 
        3.9750000000         0.8800000000         2.0185673549         1.5758514578      1202.1007383692 
        3.9800000000         0.8800000000         2.0058225975         6.1633463390      1183.0787123550 
        3.9850000000         0.8800000000         2.0160184035        12.9528387632      1198.2963331663 
        3.9900000000         0.8800000000         2.0262142094        19.0083320064      1213.5139539777 
        3.9950000000         0.8800000000         2.0287631609        25.6143246353      1217.3183591805 
