           Time[sec]           V_{cmd}[V]          V_{gyro}[V]          \theta[deg] \omega_{gyro}[deg/sec] 
        0.0000000000         3.3000000000         1.2130986854       333.1599814718        -0.0760881041 
        0.0050000000         3.3000000000         1.2054518309       331.8754829051       -11.4893037125 
        0.0100000000         3.3000000000         1.2130986854       332.6094820861        -0.0760881041 
        0.0150000000         3.3000000000         1.2054518309       332.2424824956       -11.4893037125 
        0.0200000000         3.3000000000         1.2717245696       333.3434812671        87.4252315610 
        0.0250000000         3.3000000000         1.4374064162       334.8114796291       334.7115697449 
        0.0300000000         3.3000000000         1.3532910171       335.3619790148       209.1661980516 
        0.0350000000         3.3000000000         1.3456441627       336.4629777863       197.7529824431 
        0.0400000000         3.3000000000         1.4042700468       337.0134771721       285.2543021081 
        0.0450000000         3.3000000000         1.4144658528       338.6649753293       300.4719229194 
        0.0500000000         3.3000000000         1.4144658528       341.2339724628       300.4719229194 
        0.0550000000         3.3000000000         1.4297595617       342.3349712343       323.2983541364 
        0.0600000000         3.3000000000         1.4195637558       344.1699691867       308.0807333251 
        0.0650000000         3.3000000000         1.4374064162       345.6379675487       334.7115697449 
        0.0700001000         3.3000000000         1.4577980281       347.2894657060       365.1468113675 
        0.0750000000         3.3000000000         1.4425043191       349.3079634537       342.3203801506 
        0.0800000000         3.3000000000         1.4450532706       351.1429614062       346.1247853534 
        0.0850001000         3.3000000000         1.4756406885       352.9779593587       391.7776477874 
        0.0900000000         3.3000000000         1.4628959310       355.7304562874       372.7556217732 
        0.0950000000         3.3000000000         1.4807385914       357.7489540351       399.3864581930 
        0.1000000000         3.3000000000         1.4756406885       359.0334526019       391.7776477874 
        0.1050000000         3.3000000000         1.4832875429       360.1344513734       403.1908633958 
        0.1100000000         3.3000000000         1.4756406885       359.4004521924       391.7776477874 
        0.1150000000         3.3000000000         1.4807385914       360.3179511686       399.3864581930 
        0.1200000000         3.3000000000         1.4858364944       359.9509515781       406.9952685987 
        0.1250000000         3.3000000000         1.5113260093        80.4807634146       445.0393206270 
        0.1300000000         3.3000000000         1.5036791548        79.1962648479       433.6261050185 
        0.1350000000         3.3000000000         1.5011302033         0.6583524815       429.8216998156 
        0.1400000000         3.3000000000         1.5087770578        -0.6261460852       441.2349154241 
        0.1450000000         3.3000000000         1.5164239122         0.6583524815       452.6481310326 
        0.1500000000         3.3000000000         1.5062281063        -0.4426462900       437.4305102213 
        0.1550000000         3.3000000000         1.5138749607         0.6583524815       448.8437258298 
        0.1600000000         3.3000000000         1.5164239122         2.1263508435       452.6481310326 
        0.1650000000         3.3000000000         1.5215218152         5.0623475675       460.2569414383 
        0.1700000000         3.3000000000         1.5291686697         7.2643451105       471.6701570468 
        0.1750000000         3.3000000000         1.5266197182         9.4663426535       467.8657518439 
        0.1800001000         3.3000000000         1.5240707667        12.0353397869       464.0613466411 
        0.1850000000         3.3000000000         1.5521092330        14.6043369204       505.9098038722 
        0.1900000000         3.3000000000         1.5368155241        17.5403336444       483.0833726553 
        0.1950001000         3.3000000000         1.5444623786        19.5588313921       494.4965882637 
        0.2000000000         3.3000000000         1.5317176211        21.7608289351       475.4745622496 
        0.2050000000         3.3000000000         1.5546581845        25.0638252496       509.7142090751 
        0.2100001000         3.3000000000         1.5495602815        26.8988232021       502.1053986694 
        0.2150000000         3.3000000000         1.5572071360        30.0183197213       513.5186142779 
        0.2200000000         3.3000000000         1.5495602815        31.4863180833       502.1053986694 
        0.2250000000         3.3000000000         1.5597560875        34.4223148073       517.3230194807 
        0.2300000000         3.3000000000         1.5521092330        36.9913119407       505.9098038722 
        0.2350000000         3.3000000000         1.5419134271        38.8263098932       490.6921830609 
        0.2400001000         3.3000000000         1.5597560875        41.3953070267       517.3230194807 
        0.2450000000         3.3000000000         1.5572071360        44.3313037507       513.5186142779 
        0.2500000000         3.3000000000         1.5495602815        46.5333012937       502.1053986694 
        0.2550000000         3.3000000000         1.5648539905        49.6527978129       524.9318298864 
        0.2600000000         3.3000000000         1.5623050390        52.4052947416       521.1274246835 
        0.2650000000         3.3000000000         1.5572071360        54.6072922846       513.5186142779 
        0.2700000000         3.3000000000         1.5572071360        56.9927896228       513.5186142779 
        0.2750000000         3.3000000000         1.5699518934        59.7452865516       532.5406402920 
        0.2800000000         3.3000000000         1.5699518934        62.3142836850       532.5406402920 
        0.2850000000         3.3000000000         1.5674029419        64.6997810233       528.7362350892 
        0.2900001000         3.3000000000         1.5699518934        66.9017785662       532.5406402920 
        0.2950000000         3.3000000000         1.5750497964        70.2047748807       540.1494506977 
        0.3000000000         3.3000000000         1.5775987479        72.4067724237       543.9538559005 
        0.3050000000         3.3000000000         1.5699518934        75.1592693524       532.5406402920 
        0.3100000000         3.3000000000         1.5826966509        78.0952660764       551.5626663062 
        0.3150000000         3.3000000000         1.5775987479        80.1137638241       543.9538559005 
        0.3200001000         3.3000000000         1.5826966509        82.8662607529       551.5626663062 
        0.3250000000         3.3000000000         1.5852456023        85.6187576816       555.3670715090 
        0.3300000000         3.3000000000         1.5750497964        87.8207552246       540.1494506977 
        0.3350001000         3.3000000000         1.5852456023        90.3897523581       555.3670715090 
        0.3400000000         3.3000000000         1.5928924568        93.3257490820       566.7802871175 
        0.3450000000         3.3000000000         1.5674029419        95.3442468298       528.7362350892 
        0.3500001000         3.3000000000         1.5801476994        98.0967437585       547.7582611034 
        0.3550001000         3.3000000000         1.6081861657       101.7667396635       589.6067183345 
        0.3600000000         3.3000000000         1.5699518934       103.4182378207       532.5406402920 
        0.3650000000         3.3000000000         1.6005393113       106.5377343399       578.1935027260 
        0.3700000000         3.3000000000         1.5928924568       109.2902312687       566.7802871175 
        0.3750000000         3.3000000000         1.5852456023       111.8592284021       555.3670715090 
        0.3800000000         3.3000000000         1.6005393113       115.1622247166       578.1935027260 
        0.3850000000         3.3000000000         1.5775987479       117.3642222596       543.9538559005 
        0.3900000000         3.3000000000         1.5979903598       119.9332193931       574.3890975232 
        0.3950000000         3.3000000000         1.5903435053       123.2362157075       562.9758819147 
        0.4000000000         3.3000000000         1.6056372142       125.9887126363       585.8023131316 
        0.4050000000         3.3000000000         1.5801476994       127.6402107935       547.7582611034 
        0.4100000000         3.3000000000         1.6030882627       131.1267069032       581.9979079288 
        0.4150001000         3.3000000000         1.5877945538       133.3287044462       559.1714767118 
        0.4200001000         3.3000000000         1.5903435053       135.8977015797       562.9758819147 
        0.4250000000         3.3000000000         1.5852456023       139.7511972799       555.3670715090 
        0.4300000000         3.3000000000         1.6005393113       141.7696950276       578.1935027260 
        0.4350000000         3.3000000000         1.5801476994       144.1551923659       547.7582611034 
        0.4400000000         3.3000000000         1.5877945538       147.2746888851       559.1714767118 
        0.4450021000         3.3000000000         1.5954414083       150.3941854043       570.5846923203 
        0.4500000000         3.3000000000         1.5877945538       152.5961829473       559.1714767118 
        0.4550000000         3.3000000000         1.5674029419       155.5321796713       528.7362350892 
        0.4600001000         3.3000000000         1.5979903598       158.1011768048       574.3890975232 
        0.4650000000         3.3000000000         1.5801476994       161.2206733240       547.7582611034 
        0.4700000000         3.3000000000         1.5877945538       163.6061706622       559.1714767118 
        0.4750001000         3.3000000000         1.5852456023       165.8081682052       555.3670715090 
        0.4800001000         3.3000000000         1.5775987479       169.1111645197       543.9538559005 
        0.4850000000         3.3000000000         1.5801476994       171.6801616531       547.7582611034 
        0.4900000000         3.3000000000         1.5801476994       174.4326585819       547.7582611034 
        0.4950000000         3.3000000000         1.5775987479       176.8181559201       543.9538559005 
        0.5000000000         3.3000000000         1.5775987479       179.7541526441       543.9538559005 
        0.5050000000         3.3000000000         1.5903435053       182.8736491633       562.9758819147 
        0.5100000000         3.3000000000         1.5775987479       185.0756467063       543.9538559005 
        0.5150000000         3.3000000000         1.5826966509       187.8281436350       551.5626663062 
        0.5200000000         3.3000000000         1.5775987479       190.9476401542       543.9538559005 
        0.5250000000         3.3000000000         1.5877945538       193.5166372877       559.1714767118 
        0.5300000000         3.3000000000         1.5597560875       195.1681354450       517.3230194807 
        0.5350000000         3.3000000000         1.5877945538       198.8381313499       559.1714767118 
        0.5400000000         3.3000000000         1.5699518934       200.8566290977       532.5406402920 
        0.5450000000         3.3000000000         1.5648539905       203.0586266406       524.9318298864 
        0.5500000000         3.3000000000         1.5750497964       206.1781231599       540.1494506977 
        0.5550000000         3.3000000000         1.5852456023       209.2976196791       555.3670715090 
        0.5600000000         3.3000000000         1.5674029419       211.3161174268       528.7362350892 
        0.5650000000         3.3000000000         1.5623050390       213.3346151746       521.1274246835 
        0.5700001000         3.3000000000         1.5648539905       216.0871121033       524.9318298864 
        0.5750001000         3.3000000000         1.5903435053       219.7571080083       562.9758819147 
        0.5800001000         3.3000000000         1.5546581845       222.1426053465       509.7142090751 
        0.5850001000         3.3000000000         1.5877945538       224.1611030942       559.1714767118 
        0.5900000000         3.3000000000         1.5699518934       226.7301002277       532.5406402920 
        0.5950000000         3.3000000000         1.5801476994       230.4000961327       547.7582611034 
        0.6000000000         3.3000000000         1.5674029419       231.5010949042       528.7362350892 
        0.6050000000         3.3000000000         1.5801476994       235.1710908091       547.7582611034 
        0.6100000000         3.3000000000         1.5699518934       237.3730883521       532.5406402920 
        0.6150000000         3.3000000000         1.5775987479       240.3090850761       543.9538559005 
        0.6200000000         3.3000000000         1.5699518934       242.6945824143       532.5406402920 
        0.6250000000         3.3000000000         1.5750497964       244.7130801621       540.1494506977 
        0.6300000000         3.3000000000         1.5546581845       247.2820772955       509.7142090751 
        0.6350000000         3.3000000000         1.5826966509       250.4015738148       551.5626663062 
        0.6400000000         3.3000000000         1.5572071360       253.1540707435       513.5186142779 
        0.6450000000         3.3000000000         1.5750497964       255.7230678770       540.1494506977 
        0.6500000000         3.3000000000         1.5750497964       258.2920650104       540.1494506977 
        0.6550000000         3.3000000000         1.5699518934       261.2280617344       532.5406402920 
        0.6600000000         3.3000000000         1.5699518934       263.2465594822       532.5406402920 
        0.6650000000         3.3000000000         1.5750497964       266.5495557966       540.1494506977 
        0.6700000000         3.3000000000         1.5674029419       268.3845537491       528.7362350892 
        0.6750000000         3.3000000000         1.5699518934       272.2380494493       532.5406402920 
        0.6800000000         3.3000000000         1.5674029419       274.8070465828       528.7362350892 
        0.6850000000         3.3000000000         1.5674029419       276.6420445353       528.7362350892 
        0.6900000000         3.3000000000         1.5775987479       279.7615410545       543.9538559005 
        0.6950001000         3.3000000000         1.5648539905       282.1470383927       524.9318298864 
        0.7000001000         3.3000000000         1.5572071360       284.3490359357       513.5186142779 
        0.7050001000         3.3000000000         1.5648539905       286.9180330692       524.9318298864 
        0.7100001000         3.3000000000         1.5674029419       290.0375295884       528.7362350892 
        0.7150000000         3.3000000000         1.5623050390       292.4230269267       521.1274246835 
        0.7200000000         3.3000000000         1.5674029419       295.7260232411       528.7362350892 
        0.7250000000         3.3000000000         1.5699518934       297.7445209889       532.5406402920 
        0.7300000000         3.3000000000         1.5648539905       300.6805177128       524.9318298864 
        0.7350000000         3.3000000000         1.5750497964       303.6165144368       540.1494506977 
        0.7400000000         3.3000000000         1.5597560875       305.8185119798       517.3230194807 
        0.7450000000         3.3000000000         1.5674029419       308.7545087038       528.7362350892 
        0.7500000000         3.3000000000         1.5750497964       311.1400060420       540.1494506977 
        0.7550012000         3.3000000000         1.5648539905       313.7090031755       524.9318298864 
        0.7600000000         3.3000000000         1.5699518934       316.6449998995       532.5406402920 
        0.7650000000         3.3000000000         1.5725008449       319.7644964187       536.3450454949 
        0.7700000000         3.3000000000         1.5750497964       321.5994943712       540.1494506977 
        0.7750000000         3.3000000000         1.5750497964       325.6364898666       540.1494506977 
        0.7800000000         3.3000000000         1.5597560875       327.6549876144       517.3230194807 
        0.7850000000         3.3000000000         1.5877945538       330.4074845431       559.1714767118 
        0.7900000000         3.3000000000         1.5572071360       333.1599814718       513.5186142779 
        0.7950000000         3.3000000000         1.5725008449       335.9124784006       536.3450454949 
        0.8000000000         3.3000000000         1.5750497964       338.8484751245       540.1494506977 
        0.8050000000         3.3000000000         1.5877945538       342.3349712343       559.1714767118 
        0.8100000000         3.3000000000         1.5699518934       344.5369687772       532.5406402920 
        0.8150000000         3.3000000000         1.5954414083       347.6564652965       570.5846923203 
        0.8200001000         3.3000000000         1.5750497964       349.3079634537       540.1494506977 
        0.8250001000         3.3000000000         1.5826966509       353.1614591539       551.5626663062 
        0.8300001000         3.3000000000         1.5546581845       355.5469564922       509.7142090751 
        0.8350001000         3.3000000000         1.5877945538       358.2994534209       559.1714767118 
        0.8400000000         3.3000000000         1.5775987479       359.9509515781       543.9538559005 
        0.8450000000         3.3000000000         1.5877945538       359.9509515781       559.1714767118 
        0.8500000000         3.3000000000         1.5775987479       360.3179511686       543.9538559005 
        0.8550000000         3.3000000000         1.5750497964        79.5632644384       540.1494506977 
        0.8600000000         3.3000000000         1.5903435053        79.7467642336       562.9758819147 
        0.8650000000         3.3000000000         1.5750497964         0.2913528910       540.1494506977 
        0.8700000000         3.3000000000         1.5877945538        -0.0756466995       559.1714767118 
        0.8750000000         3.3000000000         1.5928924568        -0.0756466995       566.7802871175 
        0.8800000000         3.3000000000         1.5903435053         1.9428510483       562.9758819147 
        0.8850000000         3.3000000000         1.5750497964         3.5943492055       540.1494506977 
        0.8900000000         3.3000000000         1.6005393113         6.7138457247       578.1935027260 
        0.8950000000         3.3000000000         1.5877945538        10.0168420392       559.1714767118 
        0.9000000000         3.3000000000         1.5979903598        13.1363385584       574.3890975232 
        0.9050000000         3.3000000000         1.5877945538        15.1548363062       559.1714767118 
        0.9100000000         3.3000000000         1.5954414083        17.9073332349       570.5846923203 
        0.9150000000         3.3000000000         1.5903435053        21.2103295494       562.9758819147 
        0.9200000000         3.3000000000         1.5954414083        23.9628264781       570.5846923203 
        0.9250000000         3.3000000000         1.6005393113        27.0823229973       578.1935027260 
        0.9300000000         3.3000000000         1.5903435053        29.4678203356       562.9758819147 
        0.9350000000         3.3000000000         1.5903435053        32.2203172643       562.9758819147 
        0.9400000000         3.3000000000         1.5877945538        34.4223148073       559.1714767118 
        0.9450001000         3.3000000000         1.5954414083        37.3583115312       570.5846923203 
        0.9500001000         3.3000000000         1.5928924568        40.4778080505       566.7802871175 
        0.9550001000         3.3000000000         1.6081861657        43.9643041602       589.6067183345 
        0.9600001000         3.3000000000         1.5903435053        46.1663017032       562.9758819147 
        0.9650000000         3.3000000000         1.6030882627        49.2857982224       581.9979079288 
        0.9700000000         3.3000000000         1.5979903598        51.6712955606       574.3890975232 
        0.9750000000         3.3000000000         1.5877945538        54.4237924893       559.1714767118 
        0.9800000000         3.3000000000         1.6030882627        57.3597892133       581.9979079288 
        0.9850000000         3.3000000000         1.6081861657        60.6627855278       589.6067183345 
        0.9900000000         3.3000000000         1.6005393113        62.8647830708       578.1935027260 
        0.9950000000         3.3000000000         1.5903435053        65.8007797948       562.9758819147 
        1.0000000000         3.3000000000         1.6107351172        68.3697769282       593.4111235373 
        1.0050000000         3.3000000000         1.5954414083        71.1222738570       570.5846923203 
        1.0100001000         3.3000000000         1.5979903598        74.0582705809       574.3890975232 
        1.0150000000         3.3000000000         1.6005393113        76.2602681239       578.1935027260 
        1.0200001000         3.3000000000         1.6005393113        79.5632644384       578.1935027260 
        1.0250000000         3.3000000000         1.6209309231        82.8662607529       608.6287443486 
        1.0300000000         3.3000000000         1.5979903598        84.8847585006       574.3890975232 
        1.0350000000         3.3000000000         1.6107351172        87.6372554293       593.4111235373 
        1.0400000000         3.3000000000         1.6209309231        90.9402517438       608.6287443486 
        1.0450000000         3.3000000000         1.5903435053        93.3257490820       562.9758819147 
        1.0500000000         3.3000000000         1.6005393113        96.4452456013       578.1935027260 
        1.0550000000         3.3000000000         1.6183819717        99.0142427347       604.8243391458 
        1.0600000000         3.3000000000         1.6107351172       102.3172390492       593.4111235373 
        1.0650000000         3.3000000000         1.6005393113       104.3357367969       578.1935027260 
        1.0700001000         3.3000000000         1.6234798746       107.8222329067       612.4331495514 
        1.0750000000         3.3000000000         1.6005393113       110.2077302449       578.1935027260 
        1.0800000000         3.3000000000         1.5979903598       112.7767273784       574.3890975232 
        1.0850001000         3.3000000000         1.6158330202       115.3457245119       601.0199339430 
        1.0900000000         3.3000000000         1.6107351172       118.4652210311       593.4111235373 
        1.0950000000         3.3000000000         1.6183819717       121.7682173456       604.8243391458 
        1.1000000000         3.3000000000         1.6107351172       123.9702148885       593.4111235373 
        1.1050000000         3.3000000000         1.6107351172       127.6402107935       593.4111235373 
        1.1100000000         3.3000000000         1.6005393113       129.4752087460       578.1935027260 
        1.1150000000         3.3000000000         1.6081861657       132.2277056747       589.6067183345 
        1.1200000000         3.3000000000         1.6132840687       135.7142017844       597.2155287401 
        1.1250000000         3.3000000000         1.6005393113       139.0171980989       578.1935027260 
        1.1300000000         3.3000000000         1.6234798746       141.5861952324       612.4331495514 
        1.1350001000         3.3000000000         1.6107351172       145.0726913421       593.4111235373 
        1.1400000000         3.3000000000         1.6081861657       146.9076892946       589.6067183345 
        1.1450001000         3.3000000000         1.5954414083       150.0271858138       570.5846923203 
        1.1500000000         3.3000000000         1.6107351172       152.4126831521       593.4111235373 
        1.1550001000         3.3000000000         1.5954414083       155.8991792618       570.5846923203 
        1.1600000000         3.3000000000         1.6158330202       158.6516761905       601.0199339430 
        1.1650000000         3.3000000000         1.5979903598       161.7711727097       574.3890975232 
        1.1700000000         3.3000000000         1.6081861657       164.3401698432       589.6067183345 
        1.1750000000         3.3000000000         1.5954414083       166.9091669767       570.5846923203 
        1.1800000000         3.3000000000         1.6005393113       170.5791628817       578.1935027260 
        1.1850000000         3.3000000000         1.5954414083       172.7811604246       570.5846923203 
        1.1900000000         3.3000000000         1.6030882627       175.5336573534       581.9979079288 
        1.1950001000         3.3000000000         1.6081861657       179.0201534631       589.6067183345 
        1.2000000000         3.3000000000         1.6030882627       181.5891505966       581.9979079288 
        1.2050000000         3.3000000000         1.5954414083       184.3416475253       570.5846923203 
        1.2100001000         3.3000000000         1.6030882627       186.5436450683       581.9979079288 
        1.2150000000         3.3000000000         1.5928924568       190.0301411780       566.7802871175 
        1.2200000000         3.3000000000         1.5903435053       192.4156385162       562.9758819147 
        1.2250000000         3.3000000000         1.5954414083       195.1681354450       570.5846923203 
        1.2300000000         3.3000000000         1.5979903598       197.9206323737       574.3890975232 
        1.2350000000         3.3000000000         1.5877945538       200.1226299167       559.1714767118 
        1.2400000000         3.3000000000         1.5826966509       203.2421264359       551.5626663062 
        1.2450000000         3.3000000000         1.5928924568       205.9946233646       566.7802871175 
        1.2500000000         3.3000000000         1.5903435053       208.5636204981       562.9758819147 
        1.2550000000         3.3000000000         1.5674029419       210.9491178363       528.7362350892 
        1.2600001000         3.3000000000         1.6005393113       214.6191137413       578.1935027260 
        1.2650000000         3.3000000000         1.5903435053       217.0046110795       562.9758819147 
        1.2700001000         3.3000000000         1.5801476994       219.5736082130       547.7582611034 
        1.2750000000         3.3000000000         1.5801476994       222.3261051417       547.7582611034 
        1.2800001000         3.3000000000         1.5903435053       225.0786020705       562.9758819147 
        1.2850000000         3.3000000000         1.5750497964       227.0970998182       540.1494506977 
        1.2900000000         3.3000000000         1.5801476994       230.4000961327       547.7582611034 
        1.2950000000         3.3000000000         1.5801476994       232.6020936757       547.7582611034 
        1.3000000000         3.3000000000         1.6005393113       235.5380903996       578.1935027260 
        1.3050000000         3.3000000000         1.5674029419       238.1070875331       528.7362350892 
        1.3100000000         3.3000000000         1.5852456023       241.2265840523       555.3670715090 
        1.3150000000         3.3000000000         1.5750497964       244.1625807763       540.1494506977 
        1.3200001000         3.3000000000         1.5826966509       246.9150777050       551.5626663062 
        1.3250000000         3.3000000000         1.5877945538       249.3005750433       559.1714767118 
        1.3300000000         3.3000000000         1.5852456023       252.2365717672       555.3670715090 
        1.3350001000         3.3000000000         1.5775987479       255.3560682865       543.9538559005 
        1.3400000000         3.3000000000         1.5954414083       257.5580658294       570.5846923203 
        1.3450000000         3.3000000000         1.5775987479       259.9435631677       543.9538559005 
        1.3500000000         3.3000000000         1.5877945538       263.6135590726       559.1714767118 
        1.3550000000         3.3000000000         1.5801476994       265.9990564109       547.7582611034 
        1.3600000000         3.3000000000         1.5903435053       268.7515533396       562.9758819147 
        1.3650000000         3.3000000000         1.5954414083       271.8710498588       570.5846923203 
        1.3700000000         3.3000000000         1.5750497964       274.8070465828       540.1494506977 
        1.3750000000         3.3000000000         1.5928924568       276.6420445353       566.7802871175 
        1.3800000000         3.3000000000         1.5954414083       280.1285406450       570.5846923203 
        1.3850001000         3.3000000000         1.5775987479       282.6975377785       543.9538559005 
        1.3900000000         3.3000000000         1.5801476994       284.7160355262       547.7582611034 
        1.3950001000         3.3000000000         1.5852456023       288.3860314312       555.3670715090 
        1.4000000000         3.3000000000         1.5699518934       290.9550285647       532.5406402920 
        1.4050001000         3.3000000000         1.5877945538       293.1570261077       559.1714767118 
        1.4100000000         3.3000000000         1.5801476994       296.2765226269       547.7582611034 
        1.4150000000         3.3000000000         1.5877945538       299.2125193509       559.1714767118 
        1.4200000000         3.3000000000         1.5750497964       301.5980166891       540.1494506977 
        1.4250000000         3.3000000000         1.5852456023       303.9835140273       555.3670715090 
        1.4300000000         3.3000000000         1.5648539905       306.5525111608       524.9318298864 
        1.4350000000         3.3000000000         1.5750497964       309.4885078848       540.1494506977 
        1.4400000000         3.3000000000         1.5801476994       312.7915041992       547.7582611034 
        1.4450001000         3.3000000000         1.5775987479       314.8100019470       543.9538559005 
        1.4500000000         3.3000000000         1.5674029419       317.7459986710       528.7362350892 
        1.4550000000         3.3000000000         1.5979903598       321.4159945759       574.3890975232 
        1.4600001000         3.3000000000         1.5928924568       324.3519912999       566.7802871175 
        1.4650000000         3.3000000000         1.5775987479       326.1869892524       543.9538559005 
        1.4700000000         3.3000000000         1.5903435053       330.0404849526       562.9758819147 
        1.4750000000         3.3000000000         1.5903435053       332.4259822908       562.9758819147 
        1.4800000000         3.3000000000         1.5775987479       335.1784792196       543.9538559005 
        1.4850000000         3.3000000000         1.5903435053       338.1144759435       562.9758819147 
        1.4900000000         3.3000000000         1.5826966509       340.4999732818       551.5626663062 
        1.4950000000         3.3000000000         1.5750497964       343.6194698010       540.1494506977 
        1.5000000000         3.3000000000         1.6005393113       346.3719667297       578.1935027260 
        1.5050000000         3.3000000000         1.5775987479       349.1244636585       543.9538559005 
        1.5100001000         3.3000000000         1.5775987479       352.0604603824       543.9538559005 
        1.5150000000         3.3000000000         1.6005393113       355.1799569017       578.1935027260 
        1.5200001000         3.3000000000         1.5979903598       359.0334526019       574.3890975232 
        1.5250000000         3.3000000000         1.6005393113       360.5014509639       578.1935027260 
        1.5300001000         3.3000000000         1.5877945538       359.4004521924       559.1714767118 
        1.5350000000         3.3000000000         1.5903435053       359.7674517829       562.9758819147 
        1.5400001000         3.3000000000         1.5928924568        80.8477630051       566.7802871175 
        1.5450000000         3.3000000000         1.5954414083        79.3797646431       570.5846923203 
        1.5500000000         3.3000000000         1.5903435053         0.1078530958       562.9758819147 
        1.5550000000         3.3000000000         1.5928924568        -0.6261460852       566.7802871175 
        1.5600000000         3.3000000000         1.6183819717         0.2913528910       604.8243391458 
        1.5650000000         3.3000000000         1.5826966509         1.7593512530       551.5626663062 
        1.5700001000         3.3000000000         1.6030882627         5.2458473627       581.9979079288 
        1.5750000000         3.3000000000         1.6030882627         7.8148444962       581.9979079288 
        1.5800000000         3.3000000000         1.5826966509        11.1178408107       551.5626663062 
        1.5850001000         3.3000000000         1.6005393113        14.0538375347       578.1935027260 
        1.5900000000         3.3000000000         1.6183819717        16.8063344634       604.8243391458 
        1.5950000000         3.3000000000         1.5903435053        19.1918318016       562.9758819147 
        1.6000000000         3.3000000000         1.6005393113        23.0453275019       578.1935027260 
        1.6050000000         3.3000000000         1.6107351172        25.4308248401       593.4111235373 
        1.6100000000         3.3000000000         1.5954414083        28.5503213593       570.5846923203 
        1.6150000000         3.3000000000         1.6030882627        31.6698178785       581.9979079288 
        1.6200000000         3.3000000000         1.6081861657        33.5048158310       589.6067183345 
        1.6250000000         3.3000000000         1.6081861657        37.3583115312       589.6067183345 
        1.6300000000         3.3000000000         1.6081861657        39.9273086647       589.6067183345 
        1.6350001000         3.3000000000         1.6158330202        43.2303049792       601.0199339430 
        1.6400000000         3.3000000000         1.5954414083        45.2488027269       570.5846923203 
        1.6450001000         3.3000000000         1.5903435053        47.8177998604       562.9758819147 
        1.6500000000         3.3000000000         1.6234798746        51.6712955606       612.4331495514 
        1.6550001000         3.3000000000         1.6056372142        54.0567928989       585.8023131316 
        1.6600000000         3.3000000000         1.5826966509        56.4422902371       551.5626663062 
        1.6650001000         3.3000000000         1.6132840687        59.5617867563       597.2155287401 
        1.6700000000         3.3000000000         1.6081861657        62.4977834803       589.6067183345 
        1.6750000000         3.3000000000         1.6132840687        65.8007797948       597.2155287401 
        1.6800000000         3.3000000000         1.6107351172        68.9202763140       593.4111235373 
        1.6850000000         3.3000000000         1.6107351172        71.3057736522       593.4111235373 
        1.6900000000         3.3000000000         1.6132840687        74.2417703762       597.2155287401 
        1.6950001000         3.3000000000         1.6158330202        77.1777671002       601.0199339430 
        1.7000000000         3.3000000000         1.6234798746        80.1137638241       612.4331495514 
        1.7050000000         3.3000000000         1.6183819717        82.6827609576       604.8243391458 
        1.7100001000         3.3000000000         1.6081861657        85.0682582958       589.6067183345 
        1.7150000000         3.3000000000         1.6183819717        88.9217539961       604.8243391458 
        1.7200000000         3.3000000000         1.6234798746        90.9402517438       612.4331495514 
        1.7250000000         3.3000000000         1.6107351172        93.6927486725       593.4111235373 
        1.7300000000         3.3000000000         1.6158330202        96.4452456013       601.0199339430 
        1.7350000000         3.3000000000         1.6336756806       100.2987413015       627.6507703628 
        1.7400000000         3.3000000000         1.6260288261       103.4182378207       616.2375547543 
        1.7450000000         3.3000000000         1.6030882627       105.0697359779       581.9979079288 
        1.7500000000         3.3000000000         1.6234798746       108.5562320877       612.4331495514 
        1.7550000000         3.3000000000         1.6209309231       111.8592284021       608.6287443486 
        1.7600001000         3.3000000000         1.6387735836       114.7952251261       635.2595807684 
        1.7650000000         3.3000000000         1.6132840687       117.3642222596       597.2155287401 
        1.7700001000         3.3000000000         1.6183819717       119.7497195978       604.8243391458 
        1.7750000000         3.3000000000         1.6311267291       123.6032152980       623.8463651599 
        1.7800001000         3.3000000000         1.6234798746       126.1722124315       612.4331495514 
        1.7850000000         3.3000000000         1.6132840687       128.9247093602       597.2155287401 
        1.7900001000         3.3000000000         1.6311267291       132.0442058795       623.8463651599 
        1.7950000000         3.3000000000         1.6234798746       134.9802026034       612.4331495514 
        1.8000000000         3.3000000000         1.6209309231       138.2831989179       608.6287443486 
        1.8050000000         3.3000000000         1.6209309231       140.1181968704       608.6287443486 
        1.8100000000         3.3000000000         1.6209309231       144.1551923659       608.6287443486 
        1.8150000000         3.3000000000         1.6081861657       147.0911890898       589.6067183345 
        1.8200001000         3.3000000000         1.6183819717       149.1096868376       604.8243391458 
        1.8250000000         3.3000000000         1.6234798746       153.1466823330       612.4331495514 
        1.8300000000         3.3000000000         1.6183819717       155.5321796713       604.8243391458 
        1.8350001000         3.3000000000         1.6209309231       158.4681763953       608.6287443486 
        1.8400000000         3.3000000000         1.6285777776       161.7711727097       620.0419599571 
        1.8450000000         3.3000000000         1.6107351172       164.7071694337       593.4111235373 
        1.8500000000         3.3000000000         1.6209309231       167.6431661577       608.6287443486 
        1.8550000000         3.3000000000         1.6311267291       170.9461624722       623.8463651599 
        1.8600000000         3.3000000000         1.6209309231       173.8821591961       608.6287443486 
        1.8650000000         3.3000000000         1.6413225350       176.6346561249       639.0639859713 
        1.8700000000         3.3000000000         1.6107351172       179.3871530536       593.4111235373 
        1.8750000000         3.3000000000         1.6209309231       182.1396499823       608.6287443486 
        1.8800000000         3.3000000000         1.6260288261       185.2591465015       616.2375547543 
        1.8850001000         3.3000000000         1.6132840687       188.5621428160       597.2155287401 
        1.8900000000         3.3000000000         1.6132840687       191.4981395400       597.2155287401 
        1.8950001000         3.3000000000         1.6285777776       193.5166372877       620.0419599571 
        1.9000000000         3.3000000000         1.6056372142       196.4526340117       585.8023131316 
        1.9050001000         3.3000000000         1.6158330202       199.5721305309       601.0199339430 
        1.9100000000         3.3000000000         1.6311267291       203.4256262311       623.8463651599 
        1.9150001000         3.3000000000         1.5954414083       205.9946233646       570.5846923203 
        1.9200000000         3.3000000000         1.6158330202       208.1966209076       601.0199339430 
        1.9250000000         3.3000000000         1.6107351172       211.6831170173       593.4111235373 
        1.9300000000         3.3000000000         1.6132840687       214.6191137413       597.2155287401 
        1.9350000000         3.3000000000         1.6183819717       217.5551104653       604.8243391458 
        1.9400000000         3.3000000000         1.6183819717       220.3076073940       604.8243391458 
        1.9450001000         3.3000000000         1.6005393113       223.0601043227       578.1935027260 
        1.9500000000         3.3000000000         1.6183819717       226.1796008420       604.8243391458 
        1.9550000000         3.3000000000         1.6056372142       228.5650981802       585.8023131316 
        1.9600001000         3.3000000000         1.6030882627       231.6845946994       581.9979079288 
        1.9650000000         3.3000000000         1.6260288261       235.5380903996       616.2375547543 
        1.9700000000         3.3000000000         1.6030882627       237.9235877379       581.9979079288 
        1.9750000000         3.3000000000         1.6158330202       240.1255852808       601.0199339430 
        1.9800000000         3.3000000000         1.5903435053       243.0615820048       562.9758819147 
        1.9850000000         3.3000000000         1.6158330202       246.7315779098       601.0199339430 
        1.9900000000         3.3000000000         1.6030882627       249.3005750433       581.9979079288 
        1.9950000000         3.3000000000         1.6081861657       252.2365717672       589.6067183345 
        2.0000000000         3.3000000000         1.6030882627       255.1725684912       581.9979079288 
        2.0050000000         3.3000000000         1.6158330202       258.2920650104       601.0199339430 
        2.0100000000         3.3000000000         1.6005393113       260.3105627582       578.1935027260 
        2.0150001000         3.3000000000         1.6081861657       263.2465594822       589.6067183345 
        2.0200001000         3.3000000000         1.5852456023       266.1825562061       555.3670715090 
        2.0250000000         3.3000000000         1.6132840687       269.4855525206       597.2155287401 
        2.0300016000         3.3000000000         1.6081861657       272.2380494493       589.6067183345 
        2.0350001000         3.3000000000         1.6005393113       275.7245455590       578.1935027260 
        2.0400001000         3.3000000000         1.6209309231       278.8440420783       608.6287443486 
        2.0450000000         3.3000000000         1.6030882627       280.6790400308       581.9979079288 
        2.0500000000         3.3000000000         1.6030882627       283.9820363452       581.9979079288 
        2.0550000000         3.3000000000         1.6158330202       286.9180330692       601.0199339430 
        2.0600000000         3.3000000000         1.6005393113       289.8540297932       578.1935027260 
        2.0650000000         3.3000000000         1.6030882627       293.3405259029       581.9979079288 
        2.0700001000         3.3000000000         1.6107351172       295.5425234459       593.4111235373 
        2.0750000000         3.3000000000         1.6132840687       298.8455197604       597.2155287401 
        2.0800000000         3.3000000000         1.6056372142       301.9650162796       585.8023131316 
        2.0850001000         3.3000000000         1.6183819717       304.5340134131       604.8243391458 
        2.0900000000         3.3000000000         1.6107351172       308.7545087038       593.4111235373 
        2.0950000000         3.3000000000         1.6005393113       310.4060068610       578.1935027260 
        2.1000000000         3.3000000000         1.6234798746       313.5255033802       612.4331495514 
        2.1050000000         3.3000000000         1.6056372142       317.5624988757       585.8023131316 
        2.1100000000         3.3000000000         1.5954414083       319.3974968282       570.5846923203 
        2.1150000000         3.3000000000         1.6183819717       322.3334935522       604.8243391458 
        2.1200000000         3.3000000000         1.6030882627       326.3704890476       581.9979079288 
        2.1250000000         3.3000000000         1.6107351172       329.4899855669       593.4111235373 
        2.1300000000         3.3000000000         1.6183819717       331.5084833146       604.8243391458 
        2.1350000000         3.3000000000         1.6107351172       335.1784792196       593.4111235373 
        2.1400001000         3.3000000000         1.6132840687       338.2979757388       597.2155287401 
        2.1450000000         3.3000000000         1.6209309231       341.2339724628       608.6287443486 
        2.1500000000         3.3000000000         1.6056372142       343.9864693915       585.8023131316 
        2.1550000000         3.3000000000         1.6234798746       348.0234648870       612.4331495514 
        2.1600001000         3.3000000000         1.6005393113       350.0419626347       578.1935027260 
        2.1650000000         3.3000000000         1.6234798746       354.4459577207       612.4331495514 
        2.1700000000         3.3000000000         1.6234798746       356.8314550589       612.4331495514 
        2.1750000000         3.3000000000         1.6081861657       360.1344513734       589.6067183345 
        2.1800001000         3.3000000000         1.6234798746       360.3179511686       612.4331495514 
        2.1850000000         3.3000000000         1.6183819717       359.2169523971       604.8243391458 
        2.1900000000         3.3000000000         1.6030882627        79.1962648479       581.9979079288 
        2.1950001000         3.3000000000         1.6158330202        79.7467642336       601.0199339430 
        2.2000000000         3.3000000000         1.6209309231        -0.4426462900       608.6287443486 
        2.2050000000         3.3000000000         1.6107351172         0.2913528910       593.4111235373 
        2.2100001000         3.3000000000         1.6209309231         0.1078530958       608.6287443486 
        2.2150000000         3.3000000000         1.6285777776         2.4933504340       620.0419599571 
        2.2200000000         3.3000000000         1.6081861657         5.0623475675       589.6067183345 
        2.2250000000         3.3000000000         1.6311267291         8.5488436772       623.8463651599 
        2.2300000000         3.3000000000         1.6158330202        10.9343410155       601.0199339430 
        2.2350000000         3.3000000000         1.6030882627        13.8703377394       581.9979079288 
        2.2400000000         3.3000000000         1.6285777776        17.3568338492       620.0419599571 
        2.2450000000         3.3000000000         1.6260288261        20.4763303684       616.2375547543 
        2.2500000000         3.3000000000         1.6209309231        23.9628264781       608.6287443486 
        2.2550000000         3.3000000000         1.6081861657        26.5318236116       589.6067183345 
        2.2600000000         3.3000000000         1.6311267291        29.4678203356       623.8463651599 
        2.2650001000         3.3000000000         1.6107351172        32.9543164453       593.4111235373 
        2.2700000000         3.3000000000         1.6209309231        35.1563139883       608.6287443486 
        2.2750000000         3.3000000000         1.6260288261        38.4593103027       616.2375547543 
        2.2800000000         3.3000000000         1.6311267291        41.3953070267       623.8463651599 
        2.2850001000         3.3000000000         1.6005393113        43.9643041602       578.1935027260 
        2.2900000000         3.3000000000         1.6311267291        47.8177998604       623.8463651599 
        2.2950000000         3.3000000000         1.6234798746        50.5702967891       612.4331495514 
        2.3000000000         3.3000000000         1.6234798746        52.9557941274       612.4331495514 
        2.3050001000         3.3000000000         1.6209309231        56.4422902371       608.6287443486 
        2.3100000000         3.3000000000         1.6209309231        59.3782869611       608.6287443486 
        2.3150000000         3.3000000000         1.6260288261        61.9472840945       616.2375547543 
        2.3200001000         3.3000000000         1.6209309231        65.9842795900       608.6287443486 
        2.3250000000         3.3000000000         1.6260288261        68.1862771330       616.2375547543 
        2.3300000000         3.3000000000         1.6362246321        71.6727732427       631.4551755656 
        2.3350023000         3.3000000000         1.6311267291        74.2417703762       623.8463651599 
        2.3400000000         3.3000000000         1.6183819717        76.4437679192       604.8243391458 
        2.3450000000         3.3000000000         1.6285777776        80.4807634146       620.0419599571 
        2.3500000000         3.3000000000         1.6285777776        82.8662607529       620.0419599571 
        2.3550000000         3.3000000000         1.6362246321        86.3527568626       631.4551755656 
        2.3600000000         3.3000000000         1.6285777776        89.2887535866       620.0419599571 
        2.3650000000         3.3000000000         1.6413225350        91.6742509248       639.0639859713 
        2.3700000000         3.3000000000         1.6362246321        95.1607470345       631.4551755656 
        2.3750000000         3.3000000000         1.6234798746        97.7297441680       612.4331495514 
        2.3800000000         3.3000000000         1.6387735836       100.4822410967       635.2595807684 
        2.3850000000         3.3000000000         1.6260288261       103.4182378207       616.2375547543 
        2.3900001000         3.3000000000         1.6234798746       106.1707347494       612.4331495514 
        2.3950000000         3.3000000000         1.6387735836       109.4737310639       635.2595807684 
        2.4000000000         3.3000000000         1.6183819717       112.2262279926       604.8243391458 
        2.4050000000         3.3000000000         1.6336756806       115.8962238976       627.6507703628 
        2.4100001000         3.3000000000         1.6362246321       118.2817212358       631.4551755656 
        2.4150000000         3.3000000000         1.6183819717       121.2177179598       604.8243391458 
        2.4200000000         3.3000000000         1.6311267291       124.3372144790       623.8463651599 
        2.4250000000         3.3000000000         1.6362246321       127.4567109983       631.4551755656 
        2.4300001000         3.3000000000         1.6285777776       130.3927077222       620.0419599571 
        2.4350000000         3.3000000000         1.6311267291       132.9617048557       623.8463651599 
        2.4400000000         3.3000000000         1.6260288261       136.6317007607       616.2375547543 
        2.4450001000         3.3000000000         1.6285777776       139.5676974847       620.0419599571 
        2.4500000000         3.3000000000         1.6285777776       142.6871940039       620.0419599571 
        2.4550000000         3.3000000000         1.6362246321       145.6231907279       631.4551755656 
        2.4600001000         3.3000000000         1.6234798746       148.1921878613       612.4331495514 
        2.4650000000         3.3000000000         1.6438714865       152.0456835616       642.8683911741 
        2.4700000000         3.3000000000         1.6285777776       154.6146806950       620.0419599571 
        2.4750000000         3.3000000000         1.6311267291       157.7341772143       623.8463651599 
        2.4800000000         3.3000000000         1.6285777776       161.5876729145       620.0419599571 
        2.4850000000         3.3000000000         1.6081861657       163.4226708670       589.6067183345 
        2.4900000000         3.3000000000         1.6387735836       166.7256671814       635.2595807684 
        2.4950000000         3.3000000000         1.6362246321       170.3956630864       631.4551755656 
        2.5000000000         3.3000000000         1.6183819717       172.9646602199       604.8243391458 
        2.5050000000         3.3000000000         1.6413225350       176.0841567391       639.0639859713 
        2.5100000000         3.3000000000         1.6336756806       179.3871530536       627.6507703628 
        2.5150001000         3.3000000000         1.6158330202       181.9561501871       601.0199339430 
        2.5200000000         3.3000000000         1.6387735836       185.2591465015       635.2595807684 
        2.5250000000         3.3000000000         1.6260288261       188.1951432255       616.2375547543 
        2.5300000000         3.3000000000         1.6234798746       190.9476401542       612.4331495514 
        2.5350001000         3.3000000000         1.6362246321       194.2506364687       631.4551755656 
        2.5400000000         3.3000000000         1.6183819717       196.6361338069       604.8243391458 
        2.5450000000         3.3000000000         1.6107351172       200.3061297119       593.4111235373 
        2.5500000000         3.3000000000         1.6260288261       202.6916270501       616.2375547543 
        2.5550001000         3.3000000000         1.6311267291       206.5451227504       623.8463651599 
        2.5600000000         3.3000000000         1.6183819717       209.1141198838       604.8243391458 
        2.5650000000         3.3000000000         1.6234798746       212.0501166078       612.4331495514 
        2.5700001000         3.3000000000         1.6260288261       214.9861133318       616.2375547543 
        2.5750000000         3.3000000000         1.6209309231       217.3716106700       608.6287443486 
        2.5800000000         3.3000000000         1.6209309231       221.4086061655       608.6287443486 
        2.5850001000         3.3000000000         1.6209309231       223.4271039132       608.6287443486 
        2.5900000000         3.3000000000         1.6285777776       227.2805996134       620.0419599571 
        2.5950000000         3.3000000000         1.6311267291       229.4825971564       623.8463651599 
        2.6000000000         3.3000000000         1.6209309231       233.3360928566       608.6287443486 
        2.6050000000         3.3000000000         1.6336756806       235.7215901949       627.6507703628 
        2.6100000000         3.3000000000         1.6234798746       238.6575869189       612.4331495514 
        2.6150000000         3.3000000000         1.6081861657       241.5935836428       589.6067183345 
        2.6200000000         3.3000000000         1.6285777776       244.7130801621       620.0419599571 
        2.6250000000         3.3000000000         1.6132840687       247.8325766813       597.2155287401 
        2.6300000000         3.3000000000         1.6234798746       250.0345742243       612.4331495514 
        2.6350000000         3.3000000000         1.6132840687       253.7045701292       597.2155287401 
        2.6400001000         3.3000000000         1.6209309231       256.6405668532       608.6287443486 
        2.6450000000         3.3000000000         1.6234798746       259.5765635772       612.4331495514 
        2.6500000000         3.3000000000         1.6081861657       261.9620609154       589.6067183345 
        2.6550000000         3.3000000000         1.6158330202       265.4485570251       601.0199339430 
        2.6600001000         3.3000000000         1.6234798746       269.3020527254       612.4331495514 
        2.6650000000         3.3000000000         1.6158330202       271.5040502683       601.0199339430 
        2.6700000000         3.3000000000         1.6158330202       274.9905463781       601.0199339430 
        2.6750000000         3.3000000000         1.6260288261       277.7430433068       616.2375547543 
        2.6800001000         3.3000000000         1.6107351172       280.4955402355       593.4111235373 
        2.6850000000         3.3000000000         1.6107351172       283.6150367547       593.4111235373 
        2.6900000000         3.3000000000         1.6311267291       286.9180330692       623.8463651599 
        2.6950001000         3.3000000000         1.6311267291       290.2210293837       623.8463651599 
        2.7000000000         3.3000000000         1.6005393113       292.0560273362       578.1935027260 
        2.7050000000         3.3000000000         1.6234798746       296.2765226269       612.4331495514 
        2.7100001000         3.3000000000         1.6107351172       298.6620199651       593.4111235373 
        2.7150000000         3.3000000000         1.5928924568       301.2310170986       566.7802871175 
        2.7200000000         3.3000000000         1.6260288261       305.2680125941       616.2375547543 
        2.7250000000         3.3000000000         1.6158330202       307.6535099323       601.0199339430 
        2.7300000000         3.3000000000         1.6158330202       310.5895066563       601.0199339430 
        2.7350000000         3.3000000000         1.6209309231       313.5255033802       608.6287443486 
        2.7400000000         3.3000000000         1.6081861657       316.2780003090       589.6067183345 
        2.7450000000         3.3000000000         1.6209309231       320.3149958044       608.6287443486 
        2.7500000000         3.3000000000         1.6132840687       322.8839929379       597.2155287401 
        2.7550000000         3.3000000000         1.6260288261       325.8199896619       616.2375547543 
        2.7600000000         3.3000000000         1.6081861657       328.5724865906       589.6067183345 
        2.7650001000         3.3000000000         1.6260288261       332.0589827003       616.2375547543 
        2.7700000000         3.3000000000         1.6183819717       335.3619790148       604.8243391458 
        2.7750000000         3.3000000000         1.6183819717       338.2979757388       604.8243391458 
        2.7800000000         3.3000000000         1.6158330202       341.7844718485       601.0199339430 
        2.7850001000         3.3000000000         1.6081861657       343.9864693915       589.6067183345 
        2.7900000000         3.3000000000         1.6438714865       347.6564652965       642.8683911741 
        2.7950000000         3.3000000000         1.6081861657       350.7759618157       589.6067183345 
        2.8000000000         3.3000000000         1.6260288261       353.8954583349       616.2375547543 
        2.8050001000         3.3000000000         1.6081861657       357.3819544446       589.6067183345 
        2.8100000000         3.3000000000         1.6183819717       359.4004521924       604.8243391458 
        2.8150000000         3.3000000000         1.6209309231       359.9509515781       608.6287443486 
        2.8200001000         3.3000000000         1.6209309231       359.9509515781       608.6287443486 
        2.8250000000         3.3000000000         1.6209309231        80.1137638241       608.6287443486 
        2.8300000000         3.3000000000         1.6362246321        79.1962648479       631.4551755656 
        2.8350001000         3.3000000000         1.6183819717         0.1078530958       604.8243391458 
        2.8400000000         3.3000000000         1.6158330202        -0.0756466995       601.0199339430 
        2.8450000000         3.3000000000         1.6285777776         0.1078530958       620.0419599571 
        2.8500000000         3.3000000000         1.6209309231         2.4933504340       608.6287443486 
        2.8550000000         3.3000000000         1.6311267291         5.6128469532       623.8463651599 
        2.8600000000         3.3000000000         1.6285777776         8.9158432677       620.0419599571 
        2.8650000000         3.3000000000         1.6183819717        11.6683401964       604.8243391458 
        2.8700000000         3.3000000000         1.6183819717        14.6043369204       604.8243391458 
        2.8750000000         3.3000000000         1.6311267291        18.4578326206       623.8463651599 
        2.8800000000         3.3000000000         1.6081861657        20.6598301636       589.6067183345 
        2.8850000000         3.3000000000         1.6362246321        24.6968256591       631.4551755656 
        2.8900001000         3.3000000000         1.6285777776        26.8988232021       620.0419599571 
        2.8950000000         3.3000000000         1.6260288261        30.2018195165       616.2375547543 
        2.9000000000         3.3000000000         1.6209309231        33.5048158310       608.6287443486 
        2.9050000000         3.3000000000         1.6285777776        36.4408125550       620.0419599571 
        2.9100001000         3.3000000000         1.6183819717        38.8263098932       604.8243391458 
        2.9150000000         3.3000000000         1.6209309231        42.8633053887       608.6287443486 
        2.9200000000         3.3000000000         1.6311267291        45.6158023174       623.8463651599 
        2.9250000000         3.3000000000         1.6234798746        48.5517990414       612.4331495514 
        2.9300001000         3.3000000000         1.6413225350        52.0382951511       639.0639859713 
        2.9350000000         3.3000000000         1.6209309231        54.0567928989       608.6287443486 
        2.9400000000         3.3000000000         1.6260288261        57.9102885991       616.2375547543 
        2.9450001000         3.3000000000         1.6234798746        60.1122861421       612.4331495514 
        2.9500000000         3.3000000000         1.6387735836        63.5987822518       635.2595807684 
        2.9550000000         3.3000000000         1.6311267291        66.5347789758       623.8463651599 
        2.9600001000         3.3000000000         1.6336756806        69.6542754950       627.6507703628 
        2.9650000000         3.3000000000         1.6362246321        72.2232726285       631.4551755656 
        2.9700000000         3.3000000000         1.6464204380        76.2602681239       646.6727963769 
        2.9750000000         3.3000000000         1.6311267291        79.1962648479       623.8463651599 
        2.9800000000         3.3000000000         1.6336756806        81.3982623909       627.6507703628 
        2.9850000000         3.3000000000         1.6413225350        84.5177589101       639.0639859713 
        2.9900000000         3.3000000000         1.6311267291        87.4537556341       623.8463651599 
        2.9950000000         3.3000000000         1.6362246321        90.3897523581       631.4551755656 
        3.0000000000         3.3000000000         1.6515183410        93.6927486725       654.2816067826 
        3.0050000000         3.3000000000         1.6234798746        96.4452456013       612.4331495514 
        3.0100000000         3.3000000000         1.6311267291        99.5647421205       623.8463651599 
        3.0150001000         3.3000000000         1.6413225350       102.6842386397       639.0639859713 
        3.0200000000         3.3000000000         1.6285777776       105.4367355684       620.0419599571 
        3.0250000000         3.3000000000         1.6387735836       108.0057327019       635.2595807684 
        3.0300000000         3.3000000000         1.6362246321       112.0427281974       631.4551755656 
        3.0350001000         3.3000000000         1.6311267291       114.0612259451       623.8463651599 
        3.0400000000         3.3000000000         1.6387735836       118.0982214406       635.2595807684 
        3.0450000000         3.3000000000         1.6209309231       120.4837187788       608.6287443486 
        3.0500000000         3.3000000000         1.6387735836       123.7867150933       635.2595807684 
        3.0550001000         3.3000000000         1.6362246321       126.7227118173       631.4551755656 
        3.0600000000         3.3000000000         1.6209309231       129.2917089507       608.6287443486 
        3.0650000000         3.3000000000         1.6413225350       132.5947052652       639.0639859713 
        3.0700001000         3.3000000000         1.6413225350       136.2647011702       639.0639859713 
        3.0750001000         3.3000000000         1.6183819717       138.6501985084       604.8243391458 
        3.0800000000         3.3000000000         1.6362246321       141.7696950276       631.4551755656 
        3.0850001000         3.3000000000         1.6311267291       144.7056917516       623.8463651599 
        3.0900000000         3.3000000000         1.6285777776       148.0086880661       620.0419599571 
        3.0950000000         3.3000000000         1.6489693895       151.4951841758       650.4772015797 
        3.1000000000         3.3000000000         1.6311267291       154.0641813093       623.8463651599 
        3.1050000000         3.3000000000         1.6209309231       157.0001780333       608.6287443486 
        3.1100000000         3.3000000000         1.6489693895       160.1196745525       650.4772015797 
        3.1150000000         3.3000000000         1.6260288261       163.2391710717       616.2375547543 
        3.1200000000         3.3000000000         1.6387735836       166.7256671814       635.2595807684 
        3.1250000000         3.3000000000         1.6285777776       168.7441649292       620.0419599571 
        3.1300000000         3.3000000000         1.6413225350       172.9646602199       639.0639859713 
        3.1350000000         3.3000000000         1.6285777776       174.9831579676       620.0419599571 
        3.1400001000         3.3000000000         1.6413225350       179.0201534631       639.0639859713 
        3.1450000000         3.3000000000         1.6183819717       181.2221510061       604.8243391458 
        3.1500000000         3.3000000000         1.6438714865       184.7086471158       642.8683911741 
        3.1550000000         3.3000000000         1.6413225350       187.8281436350       639.0639859713 
        3.1600001000         3.3000000000         1.6081861657       190.2136409732       589.6067183345 
        3.1650000000         3.3000000000         1.6489693895       194.6176360592       650.4772015797 
        3.1700000000         3.3000000000         1.6234798746       196.6361338069       612.4331495514 
        3.1750000000         3.3000000000         1.6209309231       200.3061297119       608.6287443486 
        3.1800001000         3.3000000000         1.6285777776       202.5081272549       620.0419599571 
        3.1850000000         3.3000000000         1.6336756806       205.9946233646       627.6507703628 
        3.1900000000         3.3000000000         1.6107351172       208.3801207028       593.4111235373 
        3.1950001000         3.3000000000         1.6362246321       211.8666168126       631.4551755656 
        3.2000001000         3.3000000000         1.6158330202       214.4356139460       601.0199339430 
        3.2050000000         3.3000000000         1.6234798746       217.7386102605       612.4331495514 
        3.2100001000         3.3000000000         1.6311267291       220.6746069845       623.8463651599 
        3.2150000000         3.3000000000         1.6234798746       223.9776032990       612.4331495514 
        3.2200000000         3.3000000000         1.6336756806       226.7301002277       627.6507703628 
        3.2250000000         3.3000000000         1.6209309231       229.6660969517       608.6287443486 
        3.2300000000         3.3000000000         1.6285777776       233.1525930614       620.0419599571 
        3.2350000000         3.3000000000         1.6336756806       235.3545906044       627.6507703628 
        3.2400000000         3.3000000000         1.6107351172       238.4740871236       593.4111235373 
        3.2450000000         3.3000000000         1.6285777776       241.4100838476       620.0419599571 
        3.2500000000         3.3000000000         1.6362246321       244.8965799573       631.4551755656 
        3.2550000000         3.3000000000         1.6209309231       248.0160764765       608.6287443486 
        3.2600000000         3.3000000000         1.6285777776       250.4015738148       620.0419599571 
        3.2650001000         3.3000000000         1.6285777776       253.5210703340       620.0419599571 
        3.2700000000         3.3000000000         1.5928924568       256.0900674675       566.7802871175 
        3.2750000000         3.3000000000         1.6311267291       259.9435631677       623.8463651599 
        3.2800000000         3.3000000000         1.6209309231       262.3290605059       608.6287443486 
        3.2850001000         3.3000000000         1.6158330202       265.4485570251       601.0199339430 
        3.2900000000         3.3000000000         1.6234798746       268.3845537491       612.4331495514 
        3.2950000000         3.3000000000         1.6336756806       271.5040502683       627.6507703628 
        3.3000000000         3.3000000000         1.5928924568       273.8895476066       566.7802871175 
        3.3050001000         3.3000000000         1.6234798746       277.9265431020       612.4331495514 
        3.3100000000         3.3000000000         1.6183819717       280.3120404403       604.8243391458 
        3.3150000000         3.3000000000         1.5979903598       282.6975377785       574.3890975232 
        3.3200001000         3.3000000000         1.6260288261       286.9180330692       616.2375547543 
        3.3250001000         3.3000000000         1.6107351172       289.3035304074       593.4111235373 
        3.3300000000         3.3000000000         1.6132840687       292.2395271314       597.2155287401 
        3.3350001000         3.3000000000         1.6107351172       295.5425234459       593.4111235373 
        3.3400000000         3.3000000000         1.6158330202       298.2950203746       601.0199339430 
        3.3450000000         3.3000000000         1.6081861657       300.8640175081       589.6067183345 
        3.3500000000         3.3000000000         1.6285777776       304.5340134131       620.0419599571 
        3.3550000000         3.3000000000         1.6005393113       307.1030105465       578.1935027260 
        3.3600000000         3.3000000000         1.6234798746       311.1400060420       612.4331495514 
        3.3650000000         3.3000000000         1.6107351172       312.9750039945       593.4111235373 
        3.3700000000         3.3000000000         1.6183819717       316.4615001042       604.8243391458 
        3.3750000000         3.3000000000         1.6056372142       319.3974968282       585.8023131316 
        3.3800000000         3.3000000000         1.6285777776       323.0674927332       620.0419599571 
        3.3850000000         3.3000000000         1.6107351172       325.4529900714       593.4111235373 
        3.3900001000         3.3000000000         1.6209309231       328.7559863859       608.6287443486 
        3.3950000000         3.3000000000         1.6107351172       332.2424824956       593.4111235373 
        3.4000000000         3.3000000000         1.6107351172       334.6279798338       593.4111235373 
        3.4050000000         3.3000000000         1.6209309231       337.9309761483       608.6287443486 
        3.4100001000         3.3000000000         1.6158330202       341.0504726675       601.0199339430 
        3.4150000000         3.3000000000         1.6209309231       343.9864693915       608.6287443486 
        3.4200000000         3.3000000000         1.6209309231       347.1059659107       608.6287443486 
        3.4250000000         3.3000000000         1.6081861657       350.0419626347       589.6067183345 
        3.4300001000         3.3000000000         1.6158330202       352.9779593587       601.0199339430 
        3.4350000000         3.3000000000         1.6158330202       357.0149548541       601.0199339430 
        3.4400000000         3.3000000000         1.6030882627       358.8499528066       581.9979079288 
        3.4450001000         3.3000000000         1.6234798746       359.9509515781       612.4331495514 
        3.4500001000         3.3000000000         1.6209309231       360.3179511686       608.6287443486 
        3.4550000000         3.3000000000         1.6209309231       359.2169523971       608.6287443486 
        3.4600001000         3.3000000000         1.6107351172        79.1962648479       593.4111235373 
        3.4650000000         3.3000000000         1.6234798746         0.6583524815       612.4331495514 
        3.4700000000         3.3000000000         1.6081861657        -0.0756466995       589.6067183345 
        3.4750000000         3.3000000000         1.6209309231        -0.0756466995       608.6287443486 
        3.4800000000         3.3000000000         1.6158330202         1.9428510483       601.0199339430 
        3.4850000000         3.3000000000         1.6158330202         4.6953479770       601.0199339430 
        3.4900000000         3.3000000000         1.6285777776         7.2643451105       620.0419599571 
        3.4950000000         3.3000000000         1.6081861657        10.9343410155       589.6067183345 
        3.5000000000         3.3000000000         1.6260288261        13.8703377394       616.2375547543 
        3.5050000000         3.3000000000         1.6107351172        16.0723352824       593.4111235373 
        3.5100000000         3.3000000000         1.6260288261        19.9258309826       616.2375547543 
        3.5150001000         3.3000000000         1.6132840687        22.4948281161       597.2155287401 
        3.5200000000         3.3000000000         1.6234798746        26.3483238163       612.4331495514 
        3.5250000000         3.3000000000         1.6081861657        28.5503213593       589.6067183345 
        3.5300000000         3.3000000000         1.6209309231        31.6698178785       608.6287443486 
        3.5350001000         3.3000000000         1.6158330202        34.7893143978       601.0199339430 
        3.5400000000         3.3000000000         1.6081861657        37.1748117360       589.6067183345 
        3.5450000000         3.3000000000         1.6311267291        41.0283074362       623.8463651599 
        3.5500000000         3.3000000000         1.6081861657        42.8633053887       589.6067183345 
        3.5550001000         3.3000000000         1.6285777776        46.9003008842       620.0419599571 
        3.5600000000         3.3000000000         1.6132840687        48.9187986319       597.2155287401 
        3.5650000000         3.3000000000         1.6387735836        52.7722943321       635.2595807684 
        3.5700001000         3.3000000000         1.6056372142        54.7907920798       585.8023131316 
        3.5750001000         3.3000000000         1.6285777776        58.6442877801       620.0419599571 
        3.5800000000         3.3000000000         1.6234798746        60.8462853230       612.4331495514 
        3.5850001000         3.3000000000         1.6183819717        64.3327814328       604.8243391458 
        3.5900000000         3.3000000000         1.6285777776        67.4522779520       620.0419599571 
        3.5950000000         3.3000000000         1.6209309231        69.6542754950       608.6287443486 
        3.6000000000         3.3000000000         1.6183819717        73.1407716047       604.8243391458 
        3.6050000000         3.3000000000         1.6183819717        75.5262689429       604.8243391458 
        3.6100000000         3.3000000000         1.6209309231        78.8292652574       608.6287443486 
        3.6150000000         3.3000000000         1.6234798746        82.1322615719       612.4331495514 
        3.6200000000         3.3000000000         1.6285777776        83.9672595244       620.0419599571 
        3.6250000000         3.3000000000         1.6209309231        88.0042550198       608.6287443486 
        3.6300000000         3.3000000000         1.6285777776        90.2062525628       620.0419599571 
        3.6350000000         3.3000000000         1.6311267291        93.8762484678       623.8463651599 
        3.6400001000         3.3000000000         1.6081861657        95.7112464203       589.6067183345 
        3.6450000000         3.3000000000         1.6311267291        99.5647421205       623.8463651599 
        3.6500000000         3.3000000000         1.6311267291       101.7667396635       623.8463651599 
        3.6550000000         3.3000000000         1.6285777776       105.2532357732       620.0419599571 
        3.6600001000         3.3000000000         1.6234798746       107.6387331114       612.4331495514 
        3.6650000000         3.3000000000         1.6387735836       110.7582296306       635.2595807684 
        3.6700000000         3.3000000000         1.6081861657       113.5107265594       589.6067183345 
        3.6750000000         3.3000000000         1.6183819717       116.0797236928       604.8243391458 
        3.6800001000         3.3000000000         1.6285777776       119.5662198026       620.0419599571 
        3.6850000000         3.3000000000         1.6209309231       122.5022165265       608.6287443486 
        3.6900000000         3.3000000000         1.6285777776       125.0712136600       620.0419599571 
        3.6950001000         3.3000000000         1.6311267291       128.9247093602       623.8463651599 
        3.7000001000         3.3000000000         1.6183819717       131.3102066985       604.8243391458 
        3.7050000000         3.3000000000         1.6311267291       134.9802026034       623.8463651599 
        3.7100001000         3.3000000000         1.6209309231       137.1822001464       608.6287443486 
        3.7150000000         3.3000000000         1.6311267291       140.8521960514       623.8463651599 
        3.7200000000         3.3000000000         1.6413225350       143.7881927754       639.0639859713 
        3.7250000000         3.3000000000         1.6081861657       145.9901903184       589.6067183345 
        3.7300000000         3.3000000000         1.6413225350       149.2931866328       639.0639859713 
        3.7350000000         3.3000000000         1.6056372142       152.2291833568       585.8023131316 
        3.7400000000         3.3000000000         1.6285777776       155.1651800808       620.0419599571 
        3.7450000000         3.3000000000         1.6311267291       158.2846766000       623.8463651599 
        3.7500000000         3.3000000000         1.6260288261       161.4041731192       616.2375547543 
        3.7550000000         3.3000000000         1.6234798746       164.5236696385       612.4331495514 
        3.7600000000         3.3000000000         1.6413225350       168.0101657482       639.0639859713 
        3.7650001000         3.3000000000         1.6183819717       170.2121632912       604.8243391458 
        3.7700000000         3.3000000000         1.6209309231       173.8821591961       608.6287443486 
        3.7750014000         3.3000000000         1.6387735836       176.4511563296       635.2595807684 
        3.7800000000         3.3000000000         1.6158330202       179.3871530536       601.0199339430 
        3.7850001000         3.3000000000         1.6362246321       182.6901493681       631.4551755656 
        3.7900000000         3.3000000000         1.6234798746       185.0756467063       612.4331495514 
        3.7950000000         3.3000000000         1.6285777776       188.5621428160       620.0419599571 
        3.8000000000         3.3000000000         1.6132840687       191.4981395400       597.2155287401 
        3.8050001000         3.3000000000         1.6260288261       194.0671366735       616.2375547543 
        3.8100000000         3.3000000000         1.6234798746       197.9206323737       612.4331495514 
        3.8150000000         3.3000000000         1.6209309231       199.9391301214       608.6287443486 
        3.8200001000         3.3000000000         1.6311267291       203.7926258216       623.8463651599 
        3.8250001000         3.3000000000         1.6158330202       206.1781231599       601.0199339430 
        3.8300000000         3.3000000000         1.6285777776       209.1141198838       620.0419599571 
        3.8350001000         3.3000000000         1.6132840687       212.6006159936       597.2155287401 
        3.8400000000         3.3000000000         1.6158330202       214.9861133318       601.0199339430 
        3.8450000000         3.3000000000         1.6362246321       218.2891096463       631.4551755656 
        3.8500000000         3.3000000000         1.6030882627       220.3076073940       581.9979079288 
        3.8550000000         3.3000000000         1.6311267291       224.3446028895       623.8463651599 
        3.8600000000         3.3000000000         1.6234798746       226.7301002277       612.4331495514 
        3.8650000000         3.3000000000         1.6056372142       229.4825971564       585.8023131316 
        3.8700000000         3.3000000000         1.6132840687       233.1525930614       597.2155287401 
        3.8750000000         3.3000000000         1.6362246321       235.5380903996       631.4551755656 
        3.8800000000         3.3000000000         1.5954414083       237.9235877379       570.5846923203 
        3.8850000000         3.3000000000         1.6311267291       241.9605832333       623.8463651599 
        3.8900001000         3.3000000000         1.6183819717       243.6120813906       604.8243391458 
        3.8950000000         3.3000000000         1.6132840687       247.6490768860       597.2155287401 
        3.9000000000         3.3000000000         1.6132840687       249.8510744290       597.2155287401 
        3.9050000000         3.3000000000         1.6081861657       253.1540707435       589.6067183345 
        3.9100001000         3.3000000000         1.6132840687       256.4570670580       597.2155287401 
        3.9150000000         3.3000000000         1.6081861657       258.4755648057       589.6067183345 
        3.9200000000         3.3000000000         1.6081861657       261.9620609154       589.6067183345 
        3.9250000000         3.3000000000         1.5979903598       264.8980576394       574.3890975232 
        3.9300001000         3.3000000000         1.6183819717       267.4670547729       604.8243391458 
        3.9350000000         3.3000000000         1.6056372142       270.7700510873       585.8023131316 
        3.9400005000         3.3000000000         1.6005393113       273.3390482208       578.1935027260 
        3.9450001000         3.3000000000         1.6234798746       276.6420445353       612.4331495514 
        3.9500001000         3.3000000000         1.6056372142       279.5780412593       585.8023131316 
        3.9550000000         3.3000000000         1.6107351172       282.3305381880       593.4111235373 
        3.9600001000         3.3000000000         1.6005393113       285.2665349120       578.1935027260 
        3.9650000000         3.3000000000         1.6183819717       288.3860314312       604.8243391458 
        3.9700001000         3.3000000000         1.6005393113       291.3220281552       578.1935027260 
        3.9750000000         3.3000000000         1.6209309231       293.8910252887       608.6287443486 
        3.9800000000         3.3000000000         1.6132840687       297.3775213984       597.2155287401 
        3.9850000000         3.3000000000         1.6132840687       300.4970179176       597.2155287401 
        3.9900000000         3.3000000000         1.6158330202       303.0660150511       601.0199339430 
        3.9950000000         3.3000000000         1.6056372142       306.9195107513       585.8023131316 
