           Time[sec]           V_{cmd}[V]          V_{gyro}[V]          \theta[deg] \omega_{gyro}[deg/sec] 
        0.0000000000        -0.7800000000         1.2130986854        60.8462853230         0.4869638660 
        0.0050000000        -0.7800000000         1.2054518309        60.4792857325       -10.9262517425 
        0.0100001000        -0.7800000000         1.2156476369        61.0297851183         4.2913690688 
        0.0150001000        -0.7800000000         1.1825112676        59.5617867563       -45.1658985680 
        0.0200000000        -0.7800000000         0.9225182160        59.1947871658      -433.2152292566 
        0.0250001000        -0.7800000000         1.0295741784        58.4607879848      -273.4302107377 
        0.0300001000        -0.7800000000         1.0270252269        56.9927896228      -277.2346159406 
        0.0350000000        -0.7800000000         0.9301650705        54.2402926941      -421.8020136481 
        0.0400000000        -0.7800000000         0.9250671675        52.5887945369      -429.4108240537 
        0.0450001000        -0.7800000000         0.9250671675        50.3867969939      -429.4108240537 
        0.0500001000        -0.7800000000         0.8740881378        47.6343000652      -505.4989281103 
        0.0550000000        -0.7800000000         0.8664412833        45.2488027269      -516.9121437188 
        0.0600000000        -0.7800000000         0.8740881378        43.2303049792      -505.4989281103 
        0.0650001000        -0.7800000000         0.8384028170        40.2943082552      -558.7606009499 
        0.0700000000        -0.7800000000         0.8536965259        37.7253111217      -535.9341697330 
        0.0750000000        -0.7800000000         0.8613433804        35.8903131692      -524.5209541245 
        0.0800001000        -0.7800000000         0.8256580595        32.2203172643      -577.7826269641 
        0.0850001000        -0.7800000000         0.8129133021        29.4678203356      -596.8046529782 
        0.0900000000        -0.7800000000         0.8103643506        26.7153234068      -600.6090581811 
        0.0950000000        -0.7800000000         0.8052664477        23.9628264781      -608.2178685867 
        0.1000001000        -0.7800000000         0.7823258843        20.8433299589      -642.4575154122 
        0.1050001000        -0.7800000000         0.8052664477        16.8063344634      -608.2178685867 
        0.1100000000        -0.7800000000         0.7746790298        14.2373373299      -653.8707310207 
        0.1150001000        -0.7800000000         0.7721300783        10.3838416297      -657.6751362235 
        0.1200001000        -0.7800000000         0.7721300783         7.0808453152      -657.6751362235 
        0.1250000000        -0.7800000000         0.7466405635         3.5943492055      -695.7191882518 
        0.1300000000        -0.7800000000         0.7440916120         0.2913528910      -699.5235934546 
        0.1350001000        -0.7800000000         0.7466405635        -0.4426462900      -695.7191882518 
        0.1400001000        -0.7800000000         0.7364447575         0.2913528910      -710.9368090631 
        0.1450000000        -0.7800000000         0.7364447575        80.1137638241      -710.9368090631 
        0.1500001000        -0.7800000000         0.7262489516       360.1344513734      -726.1544298744 
        0.1550001000        -0.7800000000         0.7186020971       359.5839519876      -737.5676454829 
        0.1600000000        -0.7800000000         0.7007594367       359.5839519876      -764.1984819027 
        0.1650000000        -0.7800000000         0.7338958061       357.0149548541      -714.7412142659 
        0.1700001000        -0.7800000000         0.6931125823       352.9779593587      -775.6116975112 
        0.1750001000        -0.7800000000         0.7160531457       349.6749630442      -741.3720506857 
        0.1800001000        -0.7800000000         0.7033083882       344.7204685725      -760.3940766999 
        0.1850000000        -0.7800000000         0.6803678249       341.4174722580      -794.6337235254 
        0.1900001000        -0.7800000000         0.6982104853       336.8299773768      -768.0028871055 
        0.1950000000        -0.7800000000         0.6778188734       333.3434812671      -798.4381287282 
        0.2000000000        -0.7800000000         0.6803678249       328.9394861811      -794.6337235254 
        0.2050001000        -0.7800000000         0.6778188734       325.6364898666      -798.4381287282 
        0.2100001000        -0.7800000000         0.6676230674       321.2324947807      -813.6557495395 
        0.2150000000        -0.7800000000         0.6752699219       317.0119994900      -802.2425339310 
        0.2200000000        -0.7800000000         0.6574272615       313.5255033802      -828.8733703508 
        0.2250001000        -0.7800000000         0.6650741159       308.7545087038      -817.4601547423 
        0.2300001000        -0.7800000000         0.6421335526       304.5340134131      -851.6998015678 
        0.2350000000        -0.7800000000         0.6625251645       301.4145168938      -821.2645599452 
        0.2400001000        -0.7800000000         0.6523293585       296.6435222174      -836.4821807565 
        0.2450001000        -0.7800000000         0.6421335526       292.4230269267      -851.6998015678 
        0.2500000000        -0.7800000000         0.6446825041       288.2025316359      -847.8953963650 
        0.2550000000        -0.7800000000         0.6344866981       283.7985365500      -863.1130171763 
        0.2600001000        -0.7800000000         0.6344866981       280.1285406450      -863.1130171763 
        0.2650001000        -0.7800000000         0.6523293585       276.0915451495      -836.4821807565 
        0.2700000000        -0.7800000000         0.6242908922       271.6875500636      -878.3306379876 
        0.2750001000        -0.7800000000         0.6293887951       266.5495557966      -870.7218275819 
        0.2800001000        -0.7800000000         0.6242908922       262.8795598917      -878.3306379876 
        0.2850000000        -0.7800000000         0.6242908922       258.1085652152      -878.3306379876 
        0.2900001000        -0.7800000000         0.6191929892       253.5210703340      -885.9394483933 
        0.2950001000        -0.7800000000         0.6166440377       248.9335754528      -889.7438535961 
        0.3000001000        -0.7800000000         0.6013503288       244.7130801621      -912.5702848131 
        0.3050000000        -0.7800000000         0.6115461347       240.1255852808      -897.3526640017 
        0.3100000000        -0.7800000000         0.6166440377       235.5380903996      -889.7438535961 
        0.3150001000        -0.7800000000         0.6038992803       231.3175951089      -908.7658796102 
        0.3200000000        -0.7800000000         0.5962524258       226.7301002277      -920.1790952187 
        0.3250000000        -0.7800000000         0.5911545228       222.1426053465      -927.7879056244 
        0.3300001000        -0.7800000000         0.5988013773       217.7386102605      -916.3746900159 
        0.3350001000        -0.7800000000         0.5758608139       212.6006159936      -950.6143368413 
        0.3400000000        -0.7800000000         0.5886055714       208.9306200886      -931.5923108272 
        0.3450000000        -0.7800000000         0.5835076684       203.7926258216      -939.2011212329 
        0.3500001000        -0.7800000000         0.5784097654       198.8381313499      -946.8099316385 
        0.3550001000        -0.7800000000         0.5860566199       194.4341362640      -935.3967160300 
        0.3600000000        -0.7800000000         0.5758608139       189.2961419970      -950.6143368413 
        0.3650001000        -0.7800000000         0.5835076684       185.4426462968      -939.2011212329 
        0.3700005000        -0.7800000000         0.5656650080       179.7541526441      -965.8319576527 
        0.3750000000        -0.7800000000         0.5835076684       175.3501575581      -939.2011212329 
        0.3800000000        -0.7800000000         0.5682139595       170.2121632912      -962.0275524498 
        0.3850001000        -0.7800000000         0.5682139595       166.3586675909      -962.0275524498 
        0.3900001000        -0.7800000000         0.5682139595       160.8536737335      -962.0275524498 
        0.3950000000        -0.7800000000         0.5784097654       155.8991792618      -946.8099316385 
        0.4000001000        -0.7800000000         0.5707629110       151.1281845853      -958.2231472470 
        0.4050001000        -0.7800000000         0.5631160565       146.7241894993      -969.6363628555 
        0.4100000000        -0.7800000000         0.5554692020       141.4026954371      -981.0495784640 
        0.4150001000        -0.7800000000         0.5631160565       136.4482009654      -969.6363628555 
        0.4200001000        -0.7800000000         0.5631160565       131.4937064937      -969.6363628555 
        0.4250001000        -0.7800000000         0.5478223476       126.5392120220      -992.4627940725 
        0.4300000000        -0.7800000000         0.5554692020       122.1352169360      -981.0495784640 
        0.4350000000        -0.7800000000         0.5529202506       116.8137228738      -984.8539836668 
        0.4400001000        -0.7800000000         0.5580181535       112.0427281974      -977.2451732612 
        0.4450000000        -0.7800000000         0.5580181535       107.6387331114      -977.2451732612 
        0.4500000000        -0.7800000000         0.5172349298       101.7667396635     -1038.1156565064 
        0.4550001000        -0.7800000000         0.5503712991        97.5462443727      -988.6583888696 
        0.4600001000        -0.7800000000         0.5631160565        92.9587494915      -969.6363628555 
        0.4650000000        -0.7800000000         0.5376265416        87.6372554293     -1007.6804148838 
        0.4700000000        -0.7800000000         0.5325286387        82.8662607529     -1015.2892252894 
        0.4750001000        -0.7800000000         0.5478223476        78.2787658717      -992.4627940725 
        0.4800001000        -0.7800000000         0.5605671050        73.3242713999      -973.4407680583 
        0.4850000000        -0.7800000000         0.5401754931        68.3697769282     -1003.8760096810 
        0.4900001000        -0.7800000000         0.5299796872        63.0482828660     -1019.0936304923 
        0.4950001000        -0.7800000000         0.5452733961        58.0937883943      -996.2671992753 
        0.5000011000        -0.7800000000         0.5580181535        53.8732931036      -977.2451732612 
        0.5050000000        -0.7800000000         0.5325286387        48.7352988366     -1015.2892252894 
        0.5100001000        -0.7800000000         0.5376265416        43.7808043649     -1007.6804148838 
        0.5150001000        -0.7800000000         0.5605671050        39.7438088695      -973.4407680583 
        0.5200114000        -0.7800000000         0.5529202506        34.7893143978      -984.8539836668 
        0.5250001000        -0.7800000000         0.5350775902        29.6513201308     -1011.4848200866 
        0.5300001000        -0.7800000000         0.5427244446        24.3298260686     -1000.0716044781 
        0.5350000000        -0.7800000000         0.5605671050        19.5588313921      -973.4407680583 
        0.5400000000        -0.7800000000         0.5427244446        13.8703377394     -1000.0716044781 
        0.5450001000        -0.7800000000         0.5299796872         9.2828428582     -1019.0936304923 
        0.5500001000        -0.7800000000         0.5350775902         3.7778490008     -1011.4848200866 
        0.5550000000        -0.7800000000         0.5503712991        -0.4426462900      -988.6583888696 
        0.5600000000        -0.7800000000         0.5401754931        -0.4426462900     -1003.8760096810 
        0.5650085000        -0.7800000000         0.5478223476        79.7467642336      -992.4627940725 
        0.5700001000        -0.7800000000         0.5325286387       359.9509515781     -1015.2892252894 
        0.5750001000        -0.7800000000         0.5631160565       360.5014509639      -969.6363628555 
        0.5800001000        -0.7800000000         0.5529202506       356.6479552636      -984.8539836668 
        0.5850001000        -0.7800000000         0.5299796872       351.8769605872     -1019.0936304923 
        0.5900000000        -0.7800000000         0.5401754931       345.6379675487     -1003.8760096810 
        0.5950000000        -0.7800000000         0.5503712991       341.0504726675      -988.6583888696 
        0.6000001000        -0.7800000000         0.5478223476       335.3619790148      -992.4627940725 
        0.6050001000        -0.7800000000         0.5274307357       330.9579839289     -1022.8980356951 
        0.6100000000        -0.7800000000         0.5427244446       325.8199896619     -1000.0716044781 
        0.6150001000        -0.7800000000         0.5376265416       320.1314960092     -1007.6804148838 
        0.6200001000        -0.7800000000         0.5452733961       315.7275009232      -996.2671992753 
        0.6250000000        -0.7800000000         0.5299796872       310.2225070658     -1019.0936304923 
        0.6300000000        -0.7800000000         0.5427244446       305.8185119798     -1000.0716044781 
        0.6350001000        -0.7800000000         0.5427244446       300.6805177128     -1000.0716044781 
        0.6400001000        -0.7800000000         0.5376265416       295.3590236506     -1007.6804148838 
        0.6450000000        -0.7800000000         0.5350775902       290.9550285647     -1011.4848200866 
        0.6500001000        -0.7800000000         0.5350775902       285.6335345025     -1011.4848200866 
        0.6550001000        -0.7800000000         0.5427244446       280.6790400308     -1000.0716044781 
        0.6600000000        -0.7800000000         0.5427244446       275.9080453543     -1000.0716044781 
        0.6650000000        -0.7800000000         0.5197838812       270.5865512921     -1034.3112513036 
        0.6700001000        -0.7800000000         0.5376265416       266.1825562061     -1007.6804148838 
        0.6750001000        -0.7800000000         0.5223328327       259.9435631677     -1030.5068461008 
        0.6800000000        -0.7800000000         0.5478223476       256.0900674675      -992.4627940725 
        0.6850000000        -0.7800000000         0.5299796872       249.8510744290     -1019.0936304923 
        0.6900001000        -0.7800000000         0.5070391238       245.2635795478     -1053.3332773177 
        0.6950001000        -0.7800000000         0.5299796872       240.1255852808     -1019.0936304923 
        0.7000001000        -0.7800000000         0.5427244446       235.5380903996     -1000.0716044781 
        0.7050001000        -0.7800000000         0.5274307357       230.2165963374     -1022.8980356951 
        0.7100001000        -0.7800000000         0.5223328327       225.4456016610     -1030.5068461008 
        0.7150000000        -0.7800000000         0.5299796872       220.3076073940     -1019.0936304923 
        0.7200000000        -0.7800000000         0.5325286387       214.9861133318     -1015.2892252894 
        0.7250001000        -0.7800000000         0.5197838812       210.2151186553     -1034.3112513036 
        0.7300001000        -0.7800000000         0.5095880753       204.3431252074     -1049.5288721149 
        0.7350000000        -0.7800000000         0.5299796872       199.9391301214     -1019.0936304923 
        0.7400001000        -0.7800000000         0.5274307357       194.4341362640     -1022.8980356951 
        0.7450001000        -0.7800000000         0.5197838812       188.7456426113     -1034.3112513036 
        0.7500000000        -0.7800000000         0.5121370268       184.5251473205     -1045.7244669121 
        0.7550000000        -0.7800000000         0.5197838812       178.6531538726     -1034.3112513036 
        0.7600001000        -0.7800000000         0.5248817842       173.6986594009     -1026.7024408979 
        0.7650001000        -0.7800000000         0.5172349298       168.5606651339     -1038.1156565064 
        0.7700000000        -0.7800000000         0.5223328327       163.6061706622     -1030.5068461008 
        0.7750001000        -0.7800000000         0.5197838812       157.9176770095     -1034.3112513036 
        0.7800001000        -0.7800000000         0.5095880753       153.3301821283     -1049.5288721149 
        0.7850000000        -0.7800000000         0.5044901723       147.4581886803     -1057.1376825206 
        0.7900000000        -0.7800000000         0.5146859783       142.5036942086     -1041.9200617093 
        0.7950001000        -0.7800000000         0.5146859783       136.2647011702     -1041.9200617093 
        0.8000001000        -0.7800000000         0.5223328327       132.4112054700     -1030.5068461008 
        0.8050000000        -0.7800000000         0.4968433179       125.6217130458     -1068.5508981291 
        0.8100000000        -0.7800000000         0.5172349298       121.0342181646     -1038.1156565064 
        0.8150001000        -0.7800000000         0.5121370268       115.3457245119     -1045.7244669121 
        0.8200022000        -0.7800000000         0.5248817842       111.1252292211     -1026.7024408979 
        0.8250001000        -0.7800000000         0.4917454149       105.6202353637     -1076.1597085347 
        0.8300001000        -0.7800000000         0.5095880753       100.4822410967     -1049.5288721149 
        0.8350001000        -0.7800000000         0.5172349298        95.3442468298     -1038.1156565064 
        0.8400000000        -0.7800000000         0.5248817842        90.3897523581     -1026.7024408979 
        0.8450000000        -0.7800000000         0.5095880753        85.4352578863     -1049.5288721149 
        0.8500001000        -0.7800000000         0.5223328327        80.8477630051     -1030.5068461008 
        0.8550001000        -0.7800000000         0.5197838812        75.5262689429     -1034.3112513036 
        0.8600000000        -0.7800000000         0.5019412208        69.8377752902     -1060.9420877234 
        0.8650001000        -0.7800000000         0.5197838812        65.6172799995     -1034.3112513036 
        0.8700001000        -0.7800000000         0.5248817842        59.9287863468     -1026.7024408979 
        0.8750000000        -0.7800000000         0.5146859783        54.9742918751     -1041.9200617093 
        0.8800000000        -0.7800000000         0.5095880753        50.3867969939     -1049.5288721149 
        0.8850001000        -0.7800000000         0.5172349298        44.5148035459     -1038.1156565064 
        0.8900001000        -0.7800000000         0.5274307357        40.2943082552     -1022.8980356951 
        0.8950000000        -0.7800000000         0.5044901723        35.1563139883     -1057.1376825206 
        0.9000001000        -0.7800000000         0.5274307357        30.0183197213     -1022.8980356951 
        0.9050008000        -0.7800000000         0.5172349298        24.3298260686     -1038.1156565064 
        0.9100000000        -0.7800000000         0.5376265416        19.9258309826     -1007.6804148838 
        0.9150000000        -0.7800000000         0.5172349298        14.0538375347     -1038.1156565064 
        0.9200001000        -0.7800000000         0.5274307357         8.7323434725     -1022.8980356951 
        0.9250001000        -0.7800000000         0.5376265416         3.7778490008     -1007.6804148838 
        0.9300000000        -0.7800000000         0.5197838812         0.1078530958     -1034.3112513036 
        0.9350000000        -0.7800000000         0.5350775902         0.6583524815     -1011.4848200866 
        0.9400001000        -0.7800000000         0.5223328327        80.2972636194     -1030.5068461008 
        0.9450001000        -0.7800000000         0.5299796872       360.3179511686     -1019.0936304923 
        0.9500001000        -0.7800000000         0.5376265416       359.9509515781     -1007.6804148838 
        0.9550001000        -0.7800000000         0.5197838812       354.6294575159     -1034.3112513036 
        0.9600003000        -0.7800000000         0.5197838812       349.6749630442     -1034.3112513036 
        0.9650008000        -0.7800000000         0.5325286387       344.1699691867     -1015.2892252894 
        0.9700000000        -0.7800000000         0.5427244446       339.7659741008     -1000.0716044781 
        0.9750001000        -0.7800000000         0.5223328327       334.0774804481     -1030.5068461008 
        0.9800001000        -0.7800000000         0.5197838812       328.5724865906     -1034.3112513036 
        0.9850000000        -0.7800000000         0.5427244446       323.6179921189     -1000.0716044781 
        0.9900001000        -0.7800000000         0.5197838812       319.0304972377     -1034.3112513036 
        0.9950001000        -0.7800000000         0.5350775902       313.3420035850     -1011.4848200866 
        1.0000000000        -0.7800000000         0.5248817842       308.3875091133     -1026.7024408979 
        1.0050000000        -0.7800000000         0.5223328327       302.6990154606     -1030.5068461008 
        1.0100001000        -0.7800000000         0.5350775902       298.4785201699     -1011.4848200866 
        1.0150001000        -0.7800000000         0.5197838812       292.2395271314     -1034.3112513036 
        1.0200001000        -0.7800000000         0.5223328327       287.4685324550     -1030.5068461008 
        1.0250001000        -0.7800000000         0.5299796872       283.2480371642     -1019.0936304923 
        1.0300001000        -0.7800000000         0.5197838812       277.7430433068     -1034.3112513036 
        1.0350000000        -0.7800000000         0.5223328327       272.6050490398     -1030.5068461008 
        1.0400000000        -0.7800000000         0.5223328327       267.8340543634     -1030.5068461008 
        1.0450001000        -0.7800000000         0.5146859783       261.9620609154     -1041.9200617093 
        1.0500001000        -0.7800000000         0.5172349298       257.0075664437     -1038.1156565064 
        1.0550000000        -0.7800000000         0.5172349298       252.4200715625     -1038.1156565064 
        1.0600000000        -0.7800000000         0.5146859783       246.5480781145     -1041.9200617093 
        1.0650001000        -0.7800000000         0.5146859783       241.4100838476     -1041.9200617093 
        1.0700000000        -0.7800000000         0.5070391238       236.2720895806     -1053.3332773177 
        1.0750000000        -0.7800000000         0.5095880753       231.1340953137     -1049.5288721149 
        1.0800001000        -0.7800000000         0.5172349298       225.9961010467     -1038.1156565064 
        1.0850001000        -0.7800000000         0.5172349298       220.8581067797     -1038.1156565064 
        1.0900000000        -0.7800000000         0.5121370268       215.7201125128     -1045.7244669121 
        1.0950000000        -0.7800000000         0.4942943664       210.5821182458     -1072.3553033319 
        1.1000001000        -0.7800000000         0.5172349298       205.4441239789     -1038.1156565064 
        1.1050001000        -0.7800000000         0.5121370268       200.3061297119     -1045.7244669121 
        1.1100000000        -0.7800000000         0.5095880753       194.9846356497     -1049.5288721149 
        1.1150001000        -0.7800000000         0.4993922694       189.1126422018     -1064.7464929262 
        1.1200001000        -0.7800000000         0.5121370268       184.1581477300     -1045.7244669121 
        1.1250000000        -0.7800000000         0.5121370268       179.3871530536     -1045.7244669121 
        1.1300000000        -0.7800000000         0.5044901723       173.8821591961     -1057.1376825206 
        1.1350001000        -0.7800000000         0.5146859783       168.5606651339     -1041.9200617093 
        1.1400001000        -0.7800000000         0.5172349298       163.7896704575     -1038.1156565064 
        1.1450001000        -0.7800000000         0.5019412208       157.3671776238     -1060.9420877234 
        1.1500001000        -0.7800000000         0.5019412208       153.3301821283     -1060.9420877234 
        1.1550001000        -0.7800000000         0.4993922694       147.6416884756     -1064.7464929262 
        1.1600000000        -0.7800000000         0.5095880753       141.7696950276     -1049.5288721149 
        1.1650000000        -0.7800000000         0.5172349298       136.2647011702     -1038.1156565064 
        1.1700001000        -0.7800000000         0.5070391238       131.8607060842     -1053.3332773177 
        1.1750001000        -0.7800000000         0.4968433179       125.6217130458     -1068.5508981291 
        1.1800020000        -0.7800000000         0.5019412208       121.2177179598     -1060.9420877234 
        1.1850000000        -0.7800000000         0.4942943664       114.9787249214     -1072.3553033319 
        1.1900001000        -0.7800000000         0.5070391238       110.7582296306     -1053.3332773177 
        1.1950000000        -0.7800000000         0.5095880753       104.8862361827     -1049.5288721149 
        1.2000000000        -0.7800000000         0.5223328327       100.4822410967     -1030.5068461008 
        1.2050001000        -0.7800000000         0.4891964634        94.6102476488     -1079.9641137375 
        1.2100001000        -0.7800000000         0.5019412208        89.6557531771     -1060.9420877234 
        1.2150000000        -0.7800000000         0.5070391238        84.5177589101     -1053.3332773177 
        1.2200000000        -0.7800000000         0.5274307357        79.9302640289     -1022.8980356951 
        1.2250001000        -0.7800000000         0.5095880753        73.8747707857     -1049.5288721149 
        1.2300001000        -0.7800000000         0.4917454149        69.6542754950     -1076.1597085347 
        1.2350000000        -0.7800000000         0.5070391238        64.1492816375     -1053.3332773177 
        1.2400001000        -0.7800000000         0.5223328327        59.3782869611     -1030.5068461008 
        1.2450001000        -0.7800000000         0.4993922694        53.3227937179     -1064.7464929262 
        1.2500000000        -0.7800000000         0.5095880753        48.7352988366     -1049.5288721149 
        1.2550000000        -0.7800000000         0.5146859783        43.2303049792     -1041.9200617093 
        1.2600001000        -0.7800000000         0.5095880753        39.0098096885     -1049.5288721149 
        1.2650001000        -0.7800000000         0.5044901723        33.5048158310     -1057.1376825206 
        1.2700001000        -0.7800000000         0.5248817842        27.6328223831     -1026.7024408979 
        1.2750001000        -0.7800000000         0.5197838812        23.5958268876     -1034.3112513036 
        1.2800001000        -0.7800000000         0.5019412208        17.1733340539     -1060.9420877234 
        1.2850000000        -0.7800000000         0.5070391238        12.5858391727     -1053.3332773177 
        1.2900000000        -0.7800000000         0.5299796872         7.2643451105     -1019.0936304923 
        1.2950001000        -0.7800000000         0.5146859783         2.4933504340     -1041.9200617093 
        1.3000001000        -0.7800000000         0.5172349298        -0.4426462900     -1038.1156565064 
        1.3050000000        -0.7800000000         0.4968433179         0.2913528910     -1068.5508981291 
        1.3100000000        -0.7800000000         0.5325286387       358.6664530114     -1015.2892252894 
        1.3150001000        -0.7800000000         0.5401754931       359.4004521924     -1003.8760096810 
        1.3200000000        -0.7800000000         0.5070391238       358.8499528066     -1053.3332773177 
        1.3250000000        -0.7800000000         0.5197838812       352.2439601777     -1034.3112513036 
        1.3300001000        -0.7800000000         0.5376265416       347.6564652965     -1007.6804148838 
        1.3350001000        -0.7800000000         0.5121370268       341.9679716438     -1045.7244669121 
        1.3400000000        -0.7800000000         0.5248817842       337.0134771721     -1026.7024408979 
        1.3450000000        -0.7800000000         0.5223328327       331.6919831098     -1030.5068461008 
        1.3500001000        -0.7800000000         0.5350775902       326.7374886381     -1011.4848200866 
        1.3550001000        -0.7800000000         0.5223328327       321.5994943712     -1030.5068461008 
        1.3600000000        -0.7800000000         0.5274307357       316.2780003090     -1022.8980356951 
        1.3650001000        -0.7800000000         0.5172349298       311.1400060420     -1038.1156565064 
        1.3700001000        -0.7800000000         0.5299796872       306.0020117751     -1019.0936304923 
        1.3750000000        -0.7800000000         0.5299796872       301.5980166891     -1019.0936304923 
        1.3800000000        -0.7800000000         0.5121370268       295.3590236506     -1045.7244669121 
        1.3850001000        -0.7800000000         0.5274307357       290.5880289742     -1022.8980356951 
        1.3900001000        -0.7800000000         0.5299796872       285.4500347072     -1019.0936304923 
        1.3950001000        -0.7800000000         0.5121370268       280.3120404403     -1045.7244669121 
        1.4000001000        -0.7800000000         0.5172349298       275.1740461733     -1038.1156565064 
        1.4050001000        -0.7800000000         0.5172349298       269.4855525206     -1038.1156565064 
        1.4100000000        -0.7800000000         0.5197838812       264.8980576394     -1034.3112513036 
        1.4150000000        -0.7800000000         0.4993922694       259.7600633724     -1064.7464929262 
        1.4200001000        -0.7800000000         0.5095880753       254.6220691055     -1049.5288721149 
        1.4250001000        -0.7800000000         0.5121370268       249.1170752480     -1045.7244669121 
        1.4300000000        -0.7800000000         0.5121370268       244.1625807763     -1045.7244669121 
        1.4350000000        -0.7800000000         0.5095880753       238.4740871236     -1049.5288721149 
        1.4400001000        -0.7800000000         0.5172349298       234.2535918329     -1038.1156565064 
        1.4450000000        -0.7800000000         0.5070391238       228.1980985897     -1053.3332773177 
        1.4500000000        -0.7800000000         0.5019412208       223.4271039132     -1060.9420877234 
        1.4550001000        -0.7800000000         0.5044901723       218.1056098510     -1057.1376825206 
        1.4600001000        -0.7800000000         0.5070391238       213.3346151746     -1053.3332773177 
        1.4650000000        -0.7800000000         0.5197838812       207.8296213171     -1034.3112513036 
        1.4700000000        -0.7800000000         0.5070391238       202.8751268454     -1053.3332773177 
        1.4750001000        -0.7800000000         0.4993922694       197.3701329879     -1064.7464929262 
        1.4800001000        -0.7800000000         0.4968433179       191.6816393352     -1068.5508981291 
        1.4850000000        -0.7800000000         0.5223328327       187.6446438398     -1030.5068461008 
        1.4900001000        -0.7800000000         0.5172349298       181.7726503918     -1038.1156565064 
        1.4950001000        -0.7800000000         0.4891964634       176.6346561249     -1079.9641137375 
        1.5000000000        -0.7800000000         0.5095880753       171.6801616531     -1049.5288721149 
        1.5050000000        -0.7800000000         0.5095880753       165.2576688194     -1049.5288721149 
        1.5100001000        -0.7800000000         0.5172349298       160.4866741430     -1038.1156565064 
        1.5150001000        -0.7800000000         0.5095880753       155.3486798760     -1049.5288721149 
        1.5200001000        -0.7800000000         0.4968433179       149.4766864281     -1068.5508981291 
        1.5250001000        -0.7800000000         0.5146859783       145.0726913421     -1041.9200617093 
        1.5300001000        -0.7800000000         0.5019412208       139.2006978942     -1060.9420877234 
        1.5350000000        -0.7800000000         0.4968433179       134.0627036272     -1068.5508981291 
        1.5400001000        -0.7800000000         0.4993922694       128.5577097697     -1064.7464929262 
        1.5450001000        -0.7800000000         0.5146859783       122.8692161170     -1041.9200617093 
        1.5500001000        -0.7800000000         0.4968433179       118.4652210311     -1068.5508981291 
        1.5550000000        -0.7800000000         0.4942943664       112.7767273784     -1072.3553033319 
        1.5600000000        -0.7800000000         0.5019412208       107.4552333162     -1060.9420877234 
        1.5650001000        -0.7800000000         0.5172349298       102.3172390492     -1038.1156565064 
        1.5700000000        -0.7800000000         0.5172349298        96.8122451918     -1038.1156565064 
        1.5750000000        -0.7800000000         0.5197838812        92.9587494915     -1034.3112513036 
        1.5800001000        -0.7800000000         0.4942943664        86.9032562483     -1072.3553033319 
        1.5850001000        -0.7800000000         0.5070391238        82.4992611624     -1053.3332773177 
        1.5900000000        -0.7800000000         0.5146859783        76.9942673049     -1041.9200617093 
        1.5950000000        -0.7800000000         0.5223328327        72.0397728332     -1030.5068461008 
        1.6000001000        -0.7800000000         0.5070391238        67.6357777472     -1053.3332773177 
        1.6050001000        -0.7800000000         0.5095880753        61.7637842993     -1049.5288721149 
        1.6100000000        -0.7800000000         0.5146859783        57.1762894181     -1041.9200617093 
        1.6150001000        -0.7800000000         0.5095880753        51.1207961749     -1049.5288721149 
        1.6200001000        -0.7800000000         0.5197838812        46.9003008842     -1034.3112513036 
        1.6250000000        -0.7800000000         0.5019412208        41.2118072315     -1060.9420877234 
        1.6300000000        -0.7800000000         0.5172349298        36.4408125550     -1038.1156565064 
        1.6350001000        -0.7800000000         0.5146859783        30.5688191070     -1041.9200617093 
        1.6400001000        -0.7800000000         0.5095880753        26.1648240211     -1049.5288721149 
        1.6450001000        -0.7800000000         0.5146859783        20.4763303684     -1041.9200617093 
        1.6500001000        -0.7800000000         0.5095880753        15.1548363062     -1049.5288721149 
        1.6550001000        -0.7800000000         0.5248817842         9.6498424487     -1026.7024408979 
        1.6600000000        -0.7800000000         0.5197838812         4.1448485913     -1034.3112513036 
        1.6650001000        -0.7800000000         0.5044901723         0.6583524815     -1057.1376825206 
        1.6700001000        -0.7800000000         0.5248817842         0.2913528910     -1026.7024408979 
        1.6750001000        -0.7800000000         0.5478223476        79.9302640289      -992.4627940725 
        1.6800000000        -0.7800000000         0.5197838812       359.4004521924     -1034.3112513036 
        1.6850000000        -0.7800000000         0.5197838812       360.3179511686     -1034.3112513036 
        1.6900001000        -0.7800000000         0.5248817842       356.0974558779     -1026.7024408979 
        1.6950000000        -0.7800000000         0.5223328327       350.5924620204     -1030.5068461008 
        1.7000000000        -0.7800000000         0.5299796872       345.0874681630     -1019.0936304923 
        1.7050001000        -0.7800000000         0.5070391238       339.9494738960     -1053.3332773177 
        1.7100001000        -0.7800000000         0.5376265416       335.1784792196     -1007.6804148838 
        1.7150000000        -0.7800000000         0.5197838812       329.4899855669     -1034.3112513036 
        1.7200000000        -0.7800000000         0.5248817842       324.1684915047     -1026.7024408979 
        1.7250001000        -0.7800000000         0.5146859783       319.7644964187     -1041.9200617093 
        1.7300001000        -0.7800000000         0.5299796872       314.0760027660     -1019.0936304923 
        1.7350000000        -0.7800000000         0.5325286387       308.7545087038     -1015.2892252894 
        1.7400001000        -0.7800000000         0.5095880753       303.6165144368     -1049.5288721149 
        1.7450001000        -0.7800000000         0.5299796872       299.2125193509     -1019.0936304923 
        1.7500000000        -0.7800000000         0.5223328327       292.7900265172     -1030.5068461008 
        1.7550000000        -0.7800000000         0.5350775902       288.5695312264     -1011.4848200866 
        1.7600001000        -0.7800000000         0.5121370268       282.8810375737     -1045.7244669121 
        1.7650001000        -0.7800000000         0.5070391238       277.9265431020     -1053.3332773177 
        1.7700001000        -0.7800000000         0.5350775902       273.3390482208     -1011.4848200866 
        1.7750001000        -0.7800000000         0.5223328327       267.6505545681     -1030.5068461008 
        1.7800001000        -0.7800000000         0.5146859783       262.8795598917     -1041.9200617093 
        1.7850000000        -0.7800000000         0.5070391238       256.4570670580     -1053.3332773177 
        1.7900001000        -0.7800000000         0.5197838812       251.8695721767     -1034.3112513036 
        1.7950001000        -0.7800000000         0.5095880753       246.9150777050     -1049.5288721149 
        1.8000001000        -0.7800000000         0.5070391238       241.4100838476     -1053.3332773177 
        1.8050000000        -0.7800000000         0.5146859783       236.6390891711     -1041.9200617093 
        1.8100000000        -0.7800000000         0.5121370268       230.9505955184     -1045.7244669121 
        1.8150001000        -0.7800000000         0.5172349298       226.5466004324     -1038.1156565064 
        1.8200000000        -0.7800000000         0.4968433179       220.6746069845     -1068.5508981291 
        1.8250000000        -0.7800000000         0.5070391238       215.3531129223     -1053.3332773177 
        1.8300001000        -0.7800000000         0.5197838812       210.9491178363     -1034.3112513036 
        1.8350001000        -0.7800000000         0.5197838812       205.4441239789     -1034.3112513036 
        1.8400000000        -0.7800000000         0.4993922694       200.1226299167     -1064.7464929262 
        1.8450000000        -0.7800000000         0.5070391238       194.9846356497     -1053.3332773177 
        1.8500001000        -0.7800000000         0.5095880753       189.6631415875     -1049.5288721149 
        1.8550001000        -0.7800000000         0.5019412208       184.3416475253     -1060.9420877234 
        1.8600000000        -0.7800000000         0.5095880753       179.0201534631     -1049.5288721149 
        1.8650001000        -0.7800000000         0.5121370268       174.2491587866     -1045.7244669121 
        1.8700001000        -0.7800000000         0.4993922694       168.0101657482     -1064.7464929262 
        1.8750000000        -0.7800000000         0.4942943664       163.0556712765     -1072.3553033319 
        1.8800000000        -0.7800000000         0.5019412208       157.7341772143     -1060.9420877234 
        1.8850001000        -0.7800000000         0.5019412208       152.0456835616     -1060.9420877234 
        1.8900001000        -0.7800000000         0.5172349298       147.4581886803     -1038.1156565064 
        1.8950001000        -0.7800000000         0.4917454149       141.5861952324     -1076.1597085347 
        1.9000001000        -0.7800000000         0.4942943664       136.4482009654     -1072.3553033319 
        1.9050001000        -0.7800000000         0.5019412208       130.9432071080     -1060.9420877234 
        1.9100000000        -0.7800000000         0.5146859783       126.1722124315     -1041.9200617093 
        1.9150001000        -0.7800000000         0.5146859783       120.3002189836     -1041.9200617093 
        1.9200001000        -0.7800000000         0.4993922694       115.7127241024     -1064.7464929262 
        1.9250001000        -0.7800000000         0.5070391238       110.3912300401     -1053.3332773177 
        1.9300000000        -0.7800000000         0.5019412208       104.8862361827     -1060.9420877234 
        1.9350000000        -0.7800000000         0.4968433179       100.2987413015     -1068.5508981291 
        1.9400001000        -0.7800000000         0.5019412208        93.8762484678     -1060.9420877234 
        1.9450000000        -0.7800000000         0.5223328327        90.0227527676     -1030.5068461008 
        1.9500000000        -0.7800000000         0.4815496090        83.9672595244     -1091.3773293460 
        1.9550001000        -0.7800000000         0.5070391238        79.7467642336     -1053.3332773177 
        1.9600001000        -0.7800000000         0.5146859783        74.0582705809     -1041.9200617093 
        1.9650000000        -0.7800000000         0.5070391238        68.5532767235     -1053.3332773177 
        1.9700000000        -0.7800000000         0.4993922694        64.3327814328     -1064.7464929262 
        1.9750001000        -0.7800000000         0.5070391238        58.4607879848     -1053.3332773177 
        1.9800001000        -0.7800000000         0.5248817842        53.8732931036     -1026.7024408979 
        1.9850000000        -0.7800000000         0.4891964634        48.1847994509     -1079.9641137375 
        1.9900001000        -0.7800000000         0.5070391238        43.0468051839     -1053.3332773177 
        1.9950001000        -0.7800000000         0.5095880753        37.3583115312     -1049.5288721149 
        2.0000000000        -0.7800000000         0.5172349298        32.9543164453     -1038.1156565064 
        2.0050000000        -0.7800000000         0.4942943664        27.6328223831     -1072.3553033319 
        2.0100001000        -0.7800000000         0.5146859783        22.3113283209     -1041.9200617093 
        2.0150001000        -0.7800000000         0.5197838812        17.5403336444     -1034.3112513036 
        2.0200001000        -0.7800000000         0.5274307357        11.6683401964     -1022.8980356951 
        2.0250001000        -0.7800000000         0.5172349298         7.0808453152     -1038.1156565064 
        2.0300001000        -0.7800000000         0.4993922694         1.0253520720     -1064.7464929262 
        2.0350001000        -0.7800000000         0.5325286387        -0.0756466995     -1015.2892252894 
        2.0400001000        -0.7800000000         0.5223328327        79.7467642336     -1030.5068461008 
        2.0450001000        -0.7800000000         0.5070391238       359.4004521924     -1053.3332773177 
        2.0500001000        -0.7800000000         0.5197838812       360.5014509639     -1034.3112513036 
        2.0550000000        -0.7800000000         0.5095880753       357.3819544446     -1049.5288721149 
        2.0600000000        -0.7800000000         0.5146859783       352.9779593587     -1041.9200617093 
        2.0650001000        -0.7800000000         0.5146859783       346.7389663202     -1041.9200617093 
        2.0700000000        -0.7800000000         0.5197838812       341.6009720533     -1034.3112513036 
        2.0750000000        -0.7800000000         0.5299796872       336.2794779911     -1019.0936304923 
        2.0800001000        -0.7800000000         0.5070391238       330.4074845431     -1053.3332773177 
        2.0850001000        -0.7800000000         0.5325286387       326.5539888429     -1015.2892252894 
        2.0900000000        -0.7800000000         0.5223328327       320.8654951902     -1030.5068461008 
        2.0950000000        -0.7800000000         0.5172349298       315.1770015375     -1038.1156565064 
        2.1000001000        -0.7800000000         0.5274307357       310.4060068610     -1022.8980356951 
        2.1050001000        -0.7800000000         0.5095880753       304.9010130036     -1049.5288721149 
        2.1100000000        -0.7800000000         0.5248817842       300.6805177128     -1026.7024408979 
        2.1150001000        -0.7800000000         0.5197838812       294.4415246744     -1034.3112513036 
        2.1200001000        -0.7800000000         0.5172349298       289.6705299979     -1038.1156565064 
        2.1250000000        -0.7800000000         0.5197838812       284.5325357310     -1034.3112513036 
        2.1300000000        -0.7800000000         0.5070391238       279.0275418735     -1053.3332773177 
        2.1350001000        -0.7800000000         0.5274307357       274.9905463781     -1022.8980356951 
        2.1400001000        -0.7800000000         0.5095880753       269.3020527254     -1049.5288721149 
        2.1450000000        -0.7800000000         0.5172349298       263.9805586631     -1038.1156565064 
        2.1500001000        -0.7800000000         0.5248817842       259.3930637819     -1026.7024408979 
        2.1550001000        -0.7800000000         0.5223328327       253.7045701292     -1030.5068461008 
        2.1600001000        -0.7800000000         0.5019412208       248.0160764765     -1060.9420877234 
        2.1650000000        -0.7800000000         0.5070391238       243.0615820048     -1053.3332773177 
        2.1700001000        -0.7800000000         0.5223328327       238.2905873284     -1030.5068461008 
        2.1750001000        -0.7800000000         0.5095880753       232.6020936757     -1049.5288721149 
        2.1800001000        -0.7800000000         0.5146859783       228.1980985897     -1041.9200617093 
        2.1850000000        -0.7800000000         0.5146859783       222.6931047322     -1041.9200617093 
        2.1900001000        -0.7800000000         0.5172349298       217.3716106700     -1038.1156565064 
        2.1950000000        -0.7800000000         0.5121370268       212.9676155841     -1045.7244669121 
        2.2000000000        -0.7800000000         0.4993922694       206.7286225456     -1064.7464929262 
        2.2050001000        -0.7800000000         0.5095880753       201.9576278691     -1049.5288721149 
        2.2100001000        -0.7800000000         0.5172349298       196.6361338069     -1038.1156565064 
        2.2150000000        -0.7800000000         0.5019412208       191.4981395400     -1060.9420877234 
        2.2200000000        -0.7800000000         0.4993922694       186.3601452730     -1064.7464929262 
        2.2250001000        -0.7800000000         0.5070391238       180.8551514156     -1053.3332773177 
        2.2300001000        -0.7800000000         0.5019412208       175.1666577629     -1060.9420877234 
        2.2350000000        -0.7800000000         0.5121370268       170.3956630864     -1045.7244669121 
        2.2400001000        -0.7800000000         0.4917454149       164.8906692290     -1076.1597085347 
        2.2450001000        -0.7800000000         0.5070391238       159.9361747572     -1053.3332773177 
        2.2500000000        -0.7800000000         0.5070391238       153.8806815140     -1053.3332773177 
        2.2550000000        -0.7800000000         0.5070391238       148.9261870423     -1053.3332773177 
        2.2600001000        -0.7800000000         0.4993922694       144.1551923659     -1064.7464929262 
        2.2650001000        -0.7800000000         0.5044901723       138.0996991227     -1057.1376825206 
        2.2700000000        -0.7800000000         0.5146859783       133.3287044462     -1041.9200617093 
        2.2750001000        -0.7800000000         0.4866475119       127.0897114078     -1083.7685189404 
        2.2800001000        -0.7800000000         0.5070391238       122.6857163218     -1053.3332773177 
        2.2850001000        -0.7800000000         0.5044901723       116.4467232833     -1057.1376825206 
        2.2900000000        -0.7800000000         0.5019412208       111.8592284021     -1060.9420877234 
        2.2950001000        -0.7800000000         0.4993922694       107.0882337257     -1064.7464929262 
        2.3000001000        -0.7800000000         0.4968433179       101.2162402777     -1068.5508981291 
        2.3050001000        -0.7800000000         0.5070391238        96.2617458060     -1053.3332773177 
        2.3100000000        -0.7800000000         0.5070391238        91.3072513343     -1053.3332773177 
        2.3150001000        -0.7800000000         0.4840985604        85.2517580911     -1087.5729241432 
        2.3200000000        -0.7800000000         0.5019412208        80.8477630051     -1060.9420877234 
        2.3250000000        -0.7800000000         0.5019412208        75.5262689429     -1060.9420877234 
        2.3300001000        -0.7800000000         0.5044901723        69.8377752902     -1057.1376825206 
        2.3350001000        -0.7800000000         0.4968433179        65.4337802043     -1068.5508981291 
        2.3400000000        -0.7800000000         0.5044901723        59.9287863468     -1057.1376825206 
        2.3450000000        -0.7800000000         0.5095880753        55.1577916703     -1049.5288721149 
        2.3500001000        -0.7800000000         0.4942943664        50.0197974034     -1072.3553033319 
        2.3550001000        -0.7800000000         0.4866475119        43.4138047744     -1083.7685189404 
        2.3600000000        -0.7800000000         0.5121370268        39.3768092790     -1045.7244669121 
        2.3650001000        -0.7800000000         0.5095880753        34.0553152168     -1049.5288721149 
        2.3700001000        -0.7800000000         0.4891964634        28.1833217688     -1079.9641137375 
        2.3750000000        -0.7800000000         0.4866475119        23.0453275019     -1083.7685189404 
        2.3800000000        -0.7800000000         0.5044901723        17.5403336444     -1057.1376825206 
        2.3850001000        -0.7800000000         0.5121370268        11.4848404012     -1045.7244669121 
        2.3900001000        -0.7800000000         0.5070391238         7.2643451105     -1053.3332773177 
        2.3950000000        -0.7800000000         0.4968433179         1.3923516625     -1068.5508981291 
        2.4000001000        -0.7800000000         0.4993922694        -0.4426462900     -1064.7464929262 
        2.4050001000        -0.7800000000         0.4917454149        79.5632644384     -1076.1597085347 
        2.4100001000        -0.7800000000         0.4993922694       359.7674517829     -1064.7464929262 
        2.4150000000        -0.7800000000         0.5044901723       359.4004521924     -1057.1376825206 
        2.4200001000        -0.7800000000         0.5095880753       357.5654542399     -1049.5288721149 
        2.4250001000        -0.7800000000         0.4942943664       351.5099609967     -1072.3553033319 
        2.4300001000        -0.7800000000         0.4891964634       346.3719667297     -1079.9641137375 
        2.4350000000        -0.7800000000         0.5070391238       340.3164734865     -1053.3332773177 
        2.4400001000        -0.7800000000         0.5044901723       334.8114796291     -1057.1376825206 
        2.4450000000        -0.7800000000         0.4968433179       330.5909843384     -1068.5508981291 
        2.4500000000        -0.7800000000         0.4891964634       324.3519912999     -1079.9641137375 
        2.4550001000        -0.7800000000         0.4968433179       319.2139970329     -1068.5508981291 
        2.4600001000        -0.7800000000         0.4917454149       313.5255033802     -1076.1597085347 
        2.4650000000        -0.7800000000         0.4917454149       308.0205095228     -1076.1597085347 
        2.4700000000        -0.7800000000         0.4968433179       303.2495148463     -1068.5508981291 
        2.4750001000        -0.7800000000         0.4942943664       297.7445209889     -1072.3553033319 
        2.4800001000        -0.7800000000         0.4790006575       291.8725275409     -1095.1817345489 
        2.4850000000        -0.7800000000         0.4993922694       287.4685324550     -1064.7464929262 
        2.4900001000        -0.7800000000         0.4917454149       281.2295394165     -1076.1597085347 
        2.4950001000        -0.7800000000         0.4968433179       276.2750449448     -1068.5508981291 
        2.5000000000        -0.7800000000         0.4815496090       270.5865512921     -1091.3773293460 
        2.5050000000        -0.7800000000         0.4942943664       266.1825562061     -1072.3553033319 
        2.5100001000        -0.7800000000         0.4891964634       259.5765635772     -1079.9641137375 
        2.5150001000        -0.7800000000         0.4917454149       254.4385693102     -1076.1597085347 
        2.5200000000        -0.7800000000         0.4942943664       250.0345742243     -1072.3553033319 
        2.5250001000        -0.7800000000         0.4917454149       243.9790809811     -1076.1597085347 
        2.5300001000        -0.7800000000         0.4891964634       238.2905873284     -1079.9641137375 
        2.5350001000        -0.7800000000         0.4790006575       233.1525930614     -1095.1817345489 
        2.5400000000        -0.7800000000         0.4790006575       227.4640994087     -1095.1817345489 
        2.5450001000        -0.7800000000         0.4917454149       222.6931047322     -1076.1597085347 
        2.5500001000        -0.7800000000         0.4942943664       217.3716106700     -1072.3553033319 
        2.5550001000        -0.7800000000         0.4790006575       211.6831170173     -1095.1817345489 
        2.5600000000        -0.7800000000         0.4866475119       207.2791219314     -1083.7685189404 
        2.5650001000        -0.7800000000         0.4840985604       201.4071284834     -1087.5729241432 
        2.5700000000        -0.7800000000         0.4866475119       195.9021346259     -1083.7685189404 
        2.5750000000        -0.7800000000         0.4790006575       190.3971407685     -1095.1817345489 
        2.5800001000        -0.7800000000         0.4840985604       185.6261460920     -1087.5729241432 
        2.5850001000        -0.7800000000         0.4942943664       179.3871530536     -1072.3553033319 
        2.5900000000        -0.7800000000         0.4891964634       174.0656589914     -1079.9641137375 
        2.5950000000        -0.7800000000         0.4790006575       168.7441649292     -1095.1817345489 
        2.6000001000        -0.7800000000         0.4917454149       163.6061706622     -1076.1597085347 
        2.6050001000        -0.7800000000         0.4891964634       157.7341772143     -1079.9641137375 
        2.6100000000        -0.7800000000         0.4917454149       152.4126831521     -1076.1597085347 
        2.6150001000        -0.7800000000         0.4713538030       146.7241894993     -1106.5949501574 
        2.6200001000        -0.7800000000         0.4790006575       141.4026954371     -1095.1817345489 
        2.6250000000        -0.7800000000         0.4866475119       135.5307019892     -1083.7685189404 
        2.6300000000        -0.7800000000         0.4917454149       130.0257081317     -1076.1597085347 
        2.6350001000        -0.7800000000         0.4840985604       125.2547134553     -1087.5729241432 
        2.6400001000        -0.7800000000         0.4993922694       120.1167191883     -1064.7464929262 
        2.6450000000        -0.7800000000         0.4866475119       113.6942263546     -1083.7685189404 
        2.6500001000        -0.7800000000         0.4790006575       108.5562320877     -1095.1817345489 
        2.6550001000        -0.7800000000         0.4968433179       103.4182378207     -1068.5508981291 
        2.6600001000        -0.7800000000         0.4866475119        98.4637433490     -1083.7685189404 
        2.6650000000        -0.7800000000         0.4790006575        92.7752496963     -1095.1817345489 
        2.6700001000        -0.7800000000         0.4891964634        88.3712546103     -1079.9641137375 
        2.6750001000        -0.7800000000         0.4891964634        82.3157613671     -1079.9641137375 
        2.6800001000        -0.7800000000         0.4942943664        77.5447666907     -1072.3553033319 
        2.6850000000        -0.7800000000         0.4815496090        72.4067724237     -1091.3773293460 
        2.6900001000        -0.7800000000         0.4739027545        66.5347789758     -1102.7905449545 
        2.6950000000        -0.7800000000         0.5044901723        62.1307838898     -1057.1376825206 
        2.7000000000        -0.7800000000         0.4968433179        56.4422902371     -1068.5508981291 
        2.7050001000        -0.7800000000         0.4713538030        51.1207961749     -1106.5949501574 
        2.7100001000        -0.7800000000         0.4993922694        46.1663017032     -1064.7464929262 
        2.7150000000        -0.7800000000         0.5070391238        40.6613078457     -1053.3332773177 
        2.7200000000        -0.7800000000         0.5095880753        35.5233135788     -1049.5288721149 
        2.7250001000        -0.7800000000         0.4866475119        29.8348199260     -1083.7685189404 
        2.7300001000        -0.7800000000         0.5019412208        24.1463262733     -1060.9420877234 
        2.7350000000        -0.7800000000         0.5172349298        19.5588313921     -1038.1156565064 
        2.7400001000        -0.7800000000         0.4968433179        13.8703377394     -1068.5508981291 
        2.7450001000        -0.7800000000         0.4993922694         9.0993430630     -1064.7464929262 
        2.7500000000        -0.7800000000         0.5121370268         2.8603500245     -1045.7244669121 
        2.7550000000        -0.7800000000         0.5172349298         0.1078530958     -1038.1156565064 
        2.7600001000        -0.7800000000         0.4891964634         0.1078530958     -1079.9641137375 
        2.7650001000        -0.7800000000         0.5146859783        79.5632644384     -1041.9200617093 
        2.7700000000        -0.7800000000         0.5146859783       360.5014509639     -1041.9200617093 
        2.7750001000        -0.7800000000         0.5019412208       358.4829532161     -1060.9420877234 
        2.7800001000        -0.7800000000         0.5070391238       353.5284587444     -1053.3332773177 
        2.7850001000        -0.7800000000         0.5095880753       348.2069646822     -1049.5288721149 
        2.7900000000        -0.7800000000         0.4968433179       342.3349712343     -1068.5508981291 
        2.7950001000        -0.7800000000         0.5121370268       337.7474763530     -1045.7244669121 
        2.8000001000        -0.7800000000         0.4942943664       332.0589827003     -1072.3553033319 
        2.8050001000        -0.7800000000         0.5172349298       326.5539888429     -1038.1156565064 
        2.8100000000        -0.7800000000         0.5095880753       322.1499937569     -1049.5288721149 
        2.8150001000        -0.7800000000         0.4993922694       315.7275009232     -1064.7464929262 
        2.8200000000        -0.7800000000         0.4891964634       310.7730064515     -1079.9641137375 
        2.8250000000        -0.7800000000         0.5146859783       305.8185119798     -1041.9200617093 
        2.8300001000        -0.7800000000         0.5146859783       300.6805177128     -1041.9200617093 
        2.8350001000        -0.7800000000         0.4968433179       295.7260232411     -1068.5508981291 
        2.8400000000        -0.7800000000         0.4993922694       290.0375295884     -1064.7464929262 
        2.8450000000        -0.7800000000         0.5172349298       284.7160355262     -1038.1156565064 
        2.8500001000        -0.7800000000         0.5121370268       279.9450408498     -1045.7244669121 
        2.8550001000        -0.7800000000         0.4993922694       274.2565471971     -1064.7464929262 
        2.8600000000        -0.7800000000         0.5019412208       268.9350531349     -1060.9420877234 
        2.8650001000        -0.7800000000         0.4968433179       263.2465594822     -1068.5508981291 
        2.8700001000        -0.7800000000         0.4993922694       258.4755648057     -1064.7464929262 
        2.8750000000        -0.7800000000         0.4993922694       253.1540707435     -1064.7464929262 
        2.8800000000        -0.7800000000         0.5070391238       247.8325766813     -1053.3332773177 
        2.8850001000        -0.7800000000         0.5121370268       243.2450818001     -1045.7244669121 
        2.8900001000        -0.7800000000         0.4993922694       236.6390891711     -1064.7464929262 
        2.8950000000        -0.7800000000         0.5019412208       232.6020936757     -1060.9420877234 
        2.9000001000        -0.7800000000         0.4993922694       226.7301002277     -1064.7464929262 
        2.9050001000        -0.7800000000         0.4968433179       221.0416065750     -1068.5508981291 
        2.9100001000        -0.7800000000         0.5070391238       216.8211112843     -1053.3332773177 
        2.9150000000        -0.7800000000         0.4891964634       210.9491178363     -1079.9641137375 
        2.9200001000        -0.7800000000         0.5095880753       205.8111235694     -1049.5288721149 
        2.9250001000        -0.7800000000         0.4891964634       200.3061297119     -1079.9641137375 
        2.9300001000        -0.7800000000         0.4968433179       194.9846356497     -1068.5508981291 
        2.9350000000        -0.7800000000         0.5070391238       190.0301411780     -1053.3332773177 
        2.9400001000        -0.7800000000         0.4993922694       184.3416475253     -1064.7464929262 
        2.9450000000        -0.7800000000         0.4891964634       179.0201534631     -1079.9641137375 
        2.9500000000        -0.7800000000         0.4891964634       173.5151596056     -1079.9641137375 
        2.9550001000        -0.7800000000         0.4968433179       168.7441649292     -1068.5508981291 
        2.9600001000        -0.7800000000         0.5070391238       163.4226708670     -1053.3332773177 
        2.9650000000        -0.7800000000         0.4993922694       157.3671776238     -1064.7464929262 
        2.9700000000        -0.7800000000         0.4611579971       151.8621837663     -1121.8125709687 
        2.9750001000        -0.7800000000         0.4993922694       146.9076892946     -1064.7464929262 
        2.9800001000        -0.7800000000         0.4993922694       141.0356958466     -1064.7464929262 
        2.9850000000        -0.7800000000         0.5019412208       136.2647011702     -1060.9420877234 
        2.9900001000        -0.7800000000         0.4866475119       130.0257081317     -1083.7685189404 
        2.9950001000        -0.7800000000         0.4942943664       125.0712136600     -1072.3553033319 
        3.0000000000        -0.7800000000         0.4815496090       119.3827200073     -1091.3773293460 
        3.0050000000        -0.7800000000         0.4891964634       114.2447257404     -1079.9641137375 
        3.0100001000        -0.7800000000         0.4917454149       108.9232316782     -1076.1597085347 
        3.0150001000        -0.7800000000         0.5070391238       104.1522370017     -1053.3332773177 
        3.0200000000        -0.7800000000         0.4993922694        98.0967437585     -1064.7464929262 
        3.0250001000        -0.7800000000         0.4790006575        93.1422492868     -1095.1817345489 
        3.0300001000        -0.7800000000         0.4866475119        88.0042550198     -1083.7685189404 
        3.0350001000        -0.7800000000         0.4917454149        82.4992611624     -1076.1597085347 
        3.0400000000        -0.7800000000         0.5070391238        78.0952660764     -1053.3332773177 
        3.0450001000        -0.7800000000         0.4891964634        71.8562730380     -1079.9641137375 
        3.0500001000        -0.7800000000         0.4866475119        67.6357777472     -1083.7685189404 
        3.0550001000        -0.7800000000         0.4968433179        62.1307838898     -1068.5508981291 
        3.0600000000        -0.7800000000         0.4942943664        56.6257900323     -1072.3553033319 
        3.0650001000        -0.7800000000         0.4993922694        51.3042959701     -1064.7464929262 
        3.0700000000        -0.7800000000         0.5121370268        46.1663017032     -1045.7244669121 
        3.0750001000        -0.7800000000         0.4866475119        41.0283074362     -1083.7685189404 
        3.0800001000        -0.7800000000         0.4942943664        35.7068133740     -1072.3553033319 
        3.0850001000        -0.7800000000         0.4968433179        30.0183197213     -1068.5508981291 
        3.0900000000        -0.7800000000         0.5146859783        25.6143246353     -1041.9200617093 
        3.0950000000        -0.7800000000         0.4993922694        19.7423311874     -1064.7464929262 
        3.1000001000        -0.7800000000         0.4891964634        14.2373373299     -1079.9641137375 
        3.1050001000        -0.7800000000         0.5172349298         9.4663426535     -1038.1156565064 
        3.1100000000        -0.7800000000         0.4968433179         3.0438498198     -1068.5508981291 
        3.1150001000        -0.7800000000         0.5121370268         0.4748526863     -1045.7244669121 
        3.1200001000        -0.7800000000         0.5146859783        -0.0756466995     -1041.9200617093 
        3.1250000000        -0.7800000000         0.5223328327        80.1137638241     -1030.5068461008 
        3.1300000000        -0.7800000000         0.4993922694       360.1344513734     -1064.7464929262 
        3.1350001000        -0.7800000000         0.5223328327       359.4004521924     -1030.5068461008 
        3.1400001000        -0.7800000000         0.5095880753       354.4459577207     -1049.5288721149 
        3.1450000000        -0.7800000000         0.5197838812       348.5739642727     -1034.3112513036 
        3.1500001000        -0.7800000000         0.5172349298       343.4359700057     -1038.1156565064 
        3.1550001000        -0.7800000000         0.4968433179       337.9309761483     -1068.5508981291 
        3.1600001000        -0.7800000000         0.5146859783       332.2424824956     -1041.9200617093 
        3.1650000000        -0.7800000000         0.5044901723       327.2879880239     -1057.1376825206 
        3.1700001000        -0.7800000000         0.5044901723       322.1499937569     -1057.1376825206 
        3.1750001000        -0.7800000000         0.5146859783       317.0119994900     -1041.9200617093 
        3.1800001000        -0.7800000000         0.5121370268       311.3235058373     -1045.7244669121 
        3.1850000000        -0.7800000000         0.4968433179       306.0020117751     -1068.5508981291 
        3.1900001000        -0.7800000000         0.5070391238       301.4145168938     -1053.3332773177 
        3.1950000000        -0.7800000000         0.4993922694       295.5425234459     -1064.7464929262 
        3.2000001000        -0.7800000000         0.5248817842       291.1385283599     -1026.7024408979 
        3.2050001000        -0.7800000000         0.5019412208       285.4500347072     -1060.9420877234 
        3.2100001000        -0.7800000000         0.5019412208       280.4955402355     -1060.9420877234 
        3.2150000000        -0.7800000000         0.5044901723       275.1740461733     -1057.1376825206 
        3.2200000000        -0.7800000000         0.5197838812       270.4030514968     -1034.3112513036 
        3.2250001000        -0.7800000000         0.5044901723       264.7145578441     -1057.1376825206 
        3.2300001000        -0.7800000000         0.5070391238       259.7600633724     -1053.3332773177 
        3.2350000000        -0.7800000000         0.5121370268       254.8055689007     -1045.7244669121 
        3.2400001000        -0.7800000000         0.5095880753       248.3830760670     -1049.5288721149 
        3.2450001000        -0.7800000000         0.4891964634       243.0615820048     -1079.9641137375 
        3.2500000000        -0.7800000000         0.5095880753       238.2905873284     -1049.5288721149 
        3.2550000000        -0.7800000000         0.5121370268       233.7030924471     -1045.7244669121 
        3.2600001000        -0.7800000000         0.5019412208       227.4640994087     -1060.9420877234 
        3.2650001000        -0.7800000000         0.4917454149       222.3261051417     -1076.1597085347 
        3.2700000000        -0.7800000000         0.4866475119       217.7386102605     -1083.7685189404 
        3.2750001000        -0.7800000000         0.5019412208       212.0501166078     -1060.9420877234 
        3.2800001000        -0.7800000000         0.5121370268       206.9121223409     -1045.7244669121 
        3.2850001000        -0.7800000000         0.4840985604       201.5906282787     -1087.5729241432 
        3.2900000000        -0.7800000000         0.4840985604       195.7186348307     -1087.5729241432 
        3.2950001000        -0.7800000000         0.5019412208       190.9476401542     -1060.9420877234 
        3.3000001000        -0.7800000000         0.4993922694       185.0756467063     -1064.7464929262 
        3.3050001000        -0.7800000000         0.5095880753       180.6716516203     -1049.5288721149 
        3.3100000000        -0.7800000000         0.4815496090       175.3501575581     -1091.3773293460 
        3.3150001000        -0.7800000000         0.4942943664       169.1111645197     -1072.3553033319 
        3.3200000000        -0.7800000000         0.5019412208       163.9731702527     -1060.9420877234 
        3.3250001000        -0.7800000000         0.5070391238       158.4681763953     -1053.3332773177 
        3.3300001000        -0.7800000000         0.4866475119       152.9631825378     -1083.7685189404 
        3.3350001000        -0.7800000000         0.4993922694       148.7426872471     -1064.7464929262 
        3.3400000000        -0.7800000000         0.4968433179       142.6871940039     -1068.5508981291 
        3.3450000000        -0.7800000000         0.4993922694       137.7326995322     -1064.7464929262 
        3.3500001000        -0.7800000000         0.4993922694       131.3102066985     -1064.7464929262 
        3.3550001000        -0.7800000000         0.5019412208       126.3557122268     -1060.9420877234 
        3.3600000000        -0.7800000000         0.5019412208       121.5847175503     -1060.9420877234 
        3.3650001000        -0.7800000000         0.4917454149       116.2632234881     -1076.1597085347 
        3.3700001000        -0.7800000000         0.4993922694       110.3912300401     -1064.7464929262 
        3.3750000000        -0.7800000000         0.5070391238       105.0697359779     -1053.3332773177 
        3.3800000000        -0.7800000000         0.4917454149        99.5647421205     -1076.1597085347 
        3.3850001000        -0.7800000000         0.4942943664        95.1607470345     -1072.3553033319 
        3.3900001000        -0.7800000000         0.4891964634        89.1052537913     -1079.9641137375 
        3.3950000000        -0.7800000000         0.5044901723        85.0682582958     -1057.1376825206 
        3.4000001000        -0.7800000000         0.4891964634        78.8292652574     -1079.9641137375 
        3.4050001000        -0.7800000000         0.5044901723        74.0582705809     -1057.1376825206 
        3.4100001000        -0.7800000000         0.5070391238        68.7367765187     -1053.3332773177 
        3.4150000000        -0.7800000000         0.5019412208        63.5987822518     -1060.9420877234 
        3.4200001000        -0.7800000000         0.4840985604        59.0112873706     -1087.5729241432 
        3.4250001000        -0.7800000000         0.5044901723        53.1392939226     -1057.1376825206 
        3.4300001000        -0.7800000000         0.5146859783        48.0012996557     -1041.9200617093 
        3.4350000000        -0.7800000000         0.4840985604        42.6798055934     -1087.5729241432 
        3.4400001000        -0.7800000000         0.4866475119        36.9913119407     -1083.7685189404 
        3.4450000000        -0.7800000000         0.5172349298        32.7708166500     -1038.1156565064 
        3.4500001000        -0.7800000000         0.4968433179        26.8988232021     -1068.5508981291 
        3.4550001000        -0.7800000000         0.5070391238        21.7608289351     -1053.3332773177 
        3.4600001000        -0.7800000000         0.5095880753        16.8063344634     -1049.5288721149 
        3.4650000000        -0.7800000000         0.5044901723        10.5673414250     -1057.1376825206 
        3.4700000000        -0.7800000000         0.5095880753         5.9798465437     -1049.5288721149 
        3.4750001000        -0.7800000000         0.4968433179         0.2913528910     -1068.5508981291 
        3.4800001000        -0.7800000000         0.5172349298        -0.0756466995     -1038.1156565064 
        3.4850000000        -0.7800000000         0.5095880753        79.7467642336     -1049.5288721149 
        3.4900001000        -0.7800000000         0.4942943664       359.4004521924     -1072.3553033319 
        3.4950001000        -0.7800000000         0.5070391238       360.5014509639     -1053.3332773177 
        3.5000000000        -0.7800000000         0.5172349298       356.6479552636     -1038.1156565064 
        3.5050000000        -0.7800000000         0.5095880753       350.5924620204     -1049.5288721149 
        3.5100001000        -0.7800000000         0.5095880753       345.2709679582     -1049.5288721149 
        3.5150001000        -0.7800000000         0.5044901723       340.4999732818     -1057.1376825206 
        3.5200000000        -0.7800000000         0.5223328327       334.9949794243     -1030.5068461008 
        3.5250001000        -0.7800000000         0.5070391238       329.3064857716     -1053.3332773177 
        3.5300001000        -0.7800000000         0.5095880753       324.1684915047     -1049.5288721149 
        3.5350001000        -0.7800000000         0.5019412208       318.2964980567     -1060.9420877234 
        3.5400000000        -0.7800000000         0.5223328327       313.5255033802     -1030.5068461008 
        3.5450001000        -0.7800000000         0.4993922694       308.0205095228     -1064.7464929262 
        3.5500001000        -0.7800000000         0.5070391238       303.2495148463     -1053.3332773177 
        3.5550001000        -0.7800000000         0.5197838812       298.4785201699     -1034.3112513036 
        3.5600000000        -0.7800000000         0.5121370268       291.8725275409     -1045.7244669121 
        3.5650001000        -0.7800000000         0.5070391238       287.2850326597     -1053.3332773177 
        3.5700000000        -0.7800000000         0.5044901723       282.8810375737     -1057.1376825206 
        3.5750001000        -0.7800000000         0.5095880753       277.1925439210     -1049.5288721149 
        3.5800001000        -0.7800000000         0.5146859783       271.5040502683     -1041.9200617093 
        3.5850001000        -0.7800000000         0.5095880753       266.7330555919     -1049.5288721149 
        3.5900000000        -0.7800000000         0.4993922694       261.9620609154     -1064.7464929262 
        3.5950000000        -0.7800000000         0.5121370268       256.2735672627     -1045.7244669121 
        3.6000001000        -0.7800000000         0.5197838812       251.6860723815     -1034.3112513036 
        3.6050001000        -0.7800000000         0.4840985604       245.0800797525     -1087.5729241432 
        3.6100000000        -0.7800000000         0.4968433179       239.9420854856     -1068.5508981291 
        3.6150001000        -0.7800000000         0.5172349298       235.7215901949     -1038.1156565064 
        3.6200001000        -0.7800000000         0.5121370268       229.8495967469     -1045.7244669121 
        3.6250000000        -0.7800000000         0.4968433179       224.5281026847     -1068.5508981291 
        3.6300000000        -0.7800000000         0.4993922694       219.9406078035     -1064.7464929262 
        3.6350001000        -0.7800000000         0.5070391238       214.0686143556     -1053.3332773177 
        3.6400001000        -0.7800000000         0.5095880753       209.1141198838     -1049.5288721149 
        3.6450000000        -0.7800000000         0.5019412208       203.7926258216     -1060.9420877234 
        3.6500001000        -0.7800000000         0.4866475119       198.1041321689     -1083.7685189404 
        3.6550001000        -0.7800000000         0.5095880753       193.1496376972     -1049.5288721149 
        3.6600001000        -0.7800000000         0.5019412208       187.8281436350     -1060.9420877234 
        3.6650000000        -0.7800000000         0.4891964634       182.3231497776     -1079.9641137375 
        3.6700001000        -0.7800000000         0.4891964634       176.6346561249     -1079.9641137375 
        3.6750001000        -0.7800000000         0.5121370268       172.0471612436     -1045.7244669121 
        3.6800001000        -0.7800000000         0.4968433179       167.0926667719     -1068.5508981291 
        3.6850000000        -0.7800000000         0.4866475119       160.4866741430     -1083.7685189404 
        3.6900001000        -0.7800000000         0.4968433179       155.7156794665     -1068.5508981291 
        3.6950000000        -0.7800000000         0.5044901723       150.7611849948     -1057.1376825206 
        3.7000001000        -0.7800000000         0.5019412208       145.0726913421     -1060.9420877234 
        3.7050001000        -0.7800000000         0.4917454149       139.3841976894     -1076.1597085347 
        3.7100001000        -0.7800000000         0.5044901723       134.6132030129     -1057.1376825206 
        3.7150000000        -0.7800000000         0.4917454149       128.1907101792     -1076.1597085347 
        3.7200000000        -0.7800000000         0.4968433179       123.4197155028     -1068.5508981291 
        3.7250001000        -0.7800000000         0.5044901723       118.6487208263     -1057.1376825206 
        3.7300001000        -0.7800000000         0.5019412208       112.7767273784     -1060.9420877234 
        3.7350000000        -0.7800000000         0.5044901723       108.0057327019     -1057.1376825206 
        3.7400001000        -0.7800000000         0.4790006575       102.8677384350     -1095.1817345489 
        3.7450001000        -0.7800000000         0.4840985604        96.8122451918     -1087.5729241432 
        3.7500016000        -0.7800000000         0.4993922694        91.6742509248     -1064.7464929262 
        3.7550000000        -0.7800000000         0.5070391238        86.5362566578     -1053.3332773177 
        3.7600001000        -0.7800000000         0.5095880753        82.1322615719     -1049.5288721149 
        3.7650001000        -0.7800000000         0.4993922694        76.0767683287     -1064.7464929262 
        3.7700000000        -0.7800000000         0.4790006575        70.9387740617     -1095.1817345489 
        3.7750001000        -0.7800000000         0.4942943664        65.9842795900     -1072.3553033319 
        3.7800001000        -0.7800000000         0.4993922694        60.6627855278     -1064.7464929262 
        3.7850001000        -0.7800000000         0.5070391238        55.5247912608     -1053.3332773177 
        3.7900000000        -0.7800000000         0.4739027545        50.3867969939     -1102.7905449545 
        3.7950001000        -0.7800000000         0.4942943664        44.5148035459     -1072.3553033319 
        3.8000001000        -0.7800000000         0.5070391238        39.9273086647     -1053.3332773177 
        3.8050001000        -0.7800000000         0.5019412208        34.6058146025     -1060.9420877234 
        3.8100000000        -0.7800000000         0.4993922694        29.1008207451     -1064.7464929262 
        3.8150001000        -0.7800000000         0.4968433179        23.9628264781     -1068.5508981291 
        3.8200000000        -0.7800000000         0.5121370268        18.6413324159     -1045.7244669121 
        3.8250001000        -0.7800000000         0.5095880753        13.6868379442     -1049.5288721149 
        3.8300001000        -0.7800000000         0.4917454149         7.8148444962     -1076.1597085347 
        3.8350001000        -0.7800000000         0.5019412208         2.4933504340     -1060.9420877234 
        3.8400000000        -0.7800000000         0.5172349298        -0.0756466995     -1038.1156565064 
        3.8450000000        -0.7800000000         0.4942943664         0.1078530958     -1072.3553033319 
        3.8500001000        -0.7800000000         0.5121370268        79.5632644384     -1045.7244669121 
        3.8550001000        -0.7800000000         0.5095880753       360.3179511686     -1049.5288721149 
        3.8600000000        -0.7800000000         0.5070391238       357.9324538304     -1053.3332773177 
        3.8650001000        -0.7800000000         0.5070391238       352.9779593587     -1053.3332773177 
        3.8700001000        -0.7800000000         0.5044901723       347.4729655012     -1057.1376825206 
        3.8750000000        -0.7800000000         0.5223328327       341.9679716438     -1030.5068461008 
        3.8800000000        -0.7800000000         0.5121370268       337.3804767625     -1045.7244669121 
        3.8850001000        -0.7800000000         0.5044901723       331.5084833146     -1057.1376825206 
        3.8900001000        -0.7800000000         0.5044901723       325.6364898666     -1057.1376825206 
        3.8950000000        -0.7800000000         0.5121370268       321.0489949854     -1045.7244669121 
        3.9000001000        -0.7800000000         0.5070391238       315.7275009232     -1053.3332773177 
        3.9050001000        -0.7800000000         0.5172349298       310.5895066563     -1038.1156565064 
        3.9100001000        -0.7800000000         0.4942943664       305.4515123893     -1072.3553033319 
        3.9150000000        -0.7800000000         0.5197838812       300.1300183271     -1034.3112513036 
        3.9200001000        -0.7800000000         0.5146859783       295.5425234459     -1041.9200617093 
        3.9250001000        -0.7800000000         0.5095880753       289.6705299979     -1049.5288721149 
        3.9300001000        -0.7800000000         0.5197838812       285.0830351167     -1034.3112513036 
        3.9350000000        -0.7800000000         0.5070391238       279.3945414640     -1053.3332773177 
        3.9400001000        -0.7800000000         0.5172349298       274.6235467876     -1038.1156565064 
        3.9450000000        -0.7800000000         0.4993922694       269.1185529301     -1064.7464929262 
        3.9500001000        -0.7800000000         0.5044901723       263.6135590726     -1057.1376825206 
        3.9550001000        -0.7800000000         0.5121370268       258.2920650104     -1045.7244669121 
        3.9600001000        -0.7800000000         0.5070391238       253.1540707435     -1053.3332773177 
        3.9650000000        -0.7800000000         0.4993922694       247.8325766813     -1064.7464929262 
        3.9700001000        -0.7800000000         0.4968433179       242.5110826191     -1068.5508981291 
        3.9750001000        -0.7800000000         0.5070391238       237.0060887616     -1053.3332773177 
        3.9800001000        -0.7800000000         0.5095880753       232.2350940852     -1049.5288721149 
        3.9850000000        -0.7800000000         0.4917454149       226.5466004324     -1076.1597085347 
        3.9900001000        -0.7800000000         0.5070391238       222.3261051417     -1053.3332773177 
        3.9950001000        -0.7800000000         0.5146859783       216.4541116938     -1041.9200617093 
