           Time[sec]           V_{cmd}[V]          V_{gyro}[V]          \theta[deg] \omega_{gyro}[deg/sec] 
        0.0000000000         2.0300000000         1.2105497339       236.8225889664        -4.0250607046 
        0.0050000000         2.0300000000         1.2105497339       236.8225889664        -4.0250607046 
        0.0100000000         2.0300000000         1.2156476369       237.0060887616         3.5837497011 
        0.0150000000         2.0300000000         1.2080007824       236.2720895806        -7.8294659074 
        0.0200014000         2.0300000000         1.2130986854       236.6390891711        -0.2206555018 
        0.0250000000         2.0300000000         1.1927070735       236.2720895806       -30.6558971244 
        0.0300000000         2.0300000000         1.0856511111       236.0885897854      -190.4409156432 
        0.0350000000         2.0300000000         1.1468259468       235.5380903996       -99.1351907753 
        0.0400000000         2.0300000000         1.1111406260       234.8040912186      -152.3968636149 
        0.0450000000         2.0300000000         1.1213364319       234.0700920376      -137.1792428036 
        0.0500000000         2.0300000000         1.1213364319       234.0700920376      -137.1792428036 
        0.0550000000         2.0300000000         1.1009448200       232.7855934709      -167.6144844263 
        0.0600000000         2.0300000000         1.1060427230       232.2350940852      -160.0056740206 
        0.0650000000         2.0300000000         1.1238853834       231.8680944947      -133.3748376008 
        0.0700000000         2.0300000000         1.0932979656       230.4000961327      -179.0277000347 
        0.0750000000         2.0300000000         1.1085916745       229.6660969517      -156.2012688178 
        0.0800000000         2.0300000000         1.1111406260       228.9320977707      -152.3968636149 
        0.0850000000         2.0300000000         1.0907490141       227.6475992039      -182.8321052376 
        0.0900000000         2.0300000000         1.1034937715       227.4640994087      -163.8100792234 
        0.0950000000         2.0300000000         1.0780042567       225.9961010467      -201.8541312517 
        0.1000000000         2.0300000000         1.0932979656       224.8951022752      -179.0277000347 
        0.1050000000         2.0300000000         1.0831021596       224.3446028895      -194.2453208461 
        0.1100000000         2.0300000000         1.0831021596       223.2436041180      -194.2453208461 
        0.1150000000         2.0300000000         1.0907490141       222.3261051417      -182.8321052376 
        0.1200000000         2.0300000000         1.0729063537       221.0416065750      -209.4629416574 
        0.1250000000         2.0300000000         1.0856511111       220.8581067797      -190.4409156432 
        0.1300000000         2.0300000000         1.0780042567       219.3901084178      -201.8541312517 
        0.1350000000         2.0300000000         1.0907490141       218.4726094415      -182.8321052376 
        0.1400000000         2.0300000000         1.0678084507       217.0046110795      -217.0717520630 
        0.1450000000         2.0300000000         1.0882000626       217.1881108748      -186.6365104404 
        0.1500000000         2.0300000000         1.0703574022       215.7201125128      -213.2673468602 
        0.1550000000         2.0300000000         1.0805532081       214.8026135365      -198.0497260489 
        0.1600026000         2.0300000000         1.0729063537       213.5181149698      -209.4629416574 
        0.1650000000         2.0300000000         1.0780042567       213.3346151746      -201.8541312517 
        0.1700000000         2.0300000000         1.0601615963       211.6831170173      -228.4849676715 
        0.1750000000         2.0300000000         1.0754553052       210.2151186553      -205.6585364546 
        0.1800000000         2.0300000000         1.0652594992       209.4811194743      -220.8761572659 
        0.1850000000         2.0300000000         1.0729063537       209.1141198838      -209.4629416574 
        0.1900000000         2.0300000000         1.0525147418       207.2791219314      -239.8981832800 
        0.1950000000         2.0300000000         1.0652594992       206.7286225456      -220.8761572659 
        0.2000000000         2.0300000000         1.0703574022       205.0771243884      -213.2673468602 
        0.2050011000         2.0300000000         1.0550636933       204.3431252074      -236.0937780772 
        0.2100001000         2.0300000000         1.0601615963       203.0586266406      -228.4849676715 
        0.2150000000         2.0300000000         1.0499657903       202.3246274596      -243.7025884828 
        0.2200000000         2.0300000000         1.0678084507       201.4071284834      -217.0717520630 
        0.2250000000         2.0300000000         1.0499657903       199.5721305309      -243.7025884828 
        0.2300000000         2.0300000000         1.0525147418       197.9206323737      -239.8981832800 
        0.2350000000         2.0300000000         1.0576126448       197.7371325784      -232.2893728744 
        0.2400001000         2.0300000000         1.0525147418       196.0856344212      -239.8981832800 
        0.2450000000         2.0300000000         1.0703574022       194.8011358545      -213.2673468602 
        0.2500000000         2.0300000000         1.0397699844       194.0671366735      -258.9202092942 
        0.2550000000         2.0300000000         1.0652594992       192.7826381067      -220.8761572659 
        0.2600000000         2.0300000000         1.0397699844       191.3146397447      -258.9202092942 
        0.2650000000         2.0300000000         1.0499657903       190.3971407685      -243.7025884828 
        0.2700000000         2.0300000000         1.0474168388       188.5621428160      -247.5069936857 
        0.2750000000         2.0300000000         1.0601615963       188.5621428160      -228.4849676715 
        0.2800000000         2.0300000000         1.0525147418       187.0941444540      -239.8981832800 
        0.2850000000         2.0300000000         1.0397699844       185.2591465015      -258.9202092942 
        0.2900000000         2.0300000000         1.0423189359       184.1581477300      -255.1158040913 
        0.2950000000         2.0300000000         1.0499657903       183.4241485491      -243.7025884828 
        0.3000012000         2.0300000000         1.0295741784       181.2221510061      -274.1378301055 
        0.3050000000         2.0300000000         1.0372210329       179.9376524393      -262.7246144970 
        0.3100000000         2.0300000000         1.0499657903       179.5706528488      -243.7025884828 
        0.3150000000         2.0300000000         1.0423189359       178.1026544868      -255.1158040913 
        0.3200000000         2.0300000000         1.0499657903       177.3686553058      -243.7025884828 
        0.3250000000         2.0300000000         1.0372210329       175.1666577629      -262.7246144970 
        0.3300000000         2.0300000000         1.0321231299       173.8821591961      -270.3334249027 
        0.3350000000         2.0300000000         1.0397699844       173.3316598104      -258.9202092942 
        0.3400000000         2.0300000000         1.0474168388       172.2306610389      -247.5069936857 
        0.3450000000         2.0300000000         1.0372210329       169.8451637007      -262.7246144970 
        0.3500047000         2.0300000000         1.0448678873       170.0286634959      -251.3113988885 
        0.3550001000         2.0300000000         1.0372210329       168.5606651339      -262.7246144970 
        0.3600000000         2.0300000000         1.0372210329       166.3586675909      -262.7246144970 
        0.3650000000         2.0300000000         1.0295741784       165.4411686147      -274.1378301055 
        0.3700028000         2.0300000000         1.0372210329       164.8906692290      -262.7246144970 
        0.3750001000         2.0300000000         1.0295741784       162.3216720955      -274.1378301055 
        0.3800000000         2.0300000000         1.0372210329       161.9546725050      -262.7246144970 
        0.3850000000         2.0300000000         1.0321231299       160.1196745525      -270.3334249027 
        0.3900000000         2.0300000000         1.0270252269       158.6516761905      -277.9422353083 
        0.3950000000         2.0300000000         1.0372210329       157.9176770095      -262.7246144970 
        0.4000000000         2.0300000000         1.0244762754       155.8991792618      -281.7466405111 
        0.4050000000         2.0300000000         1.0295741784       154.6146806950      -274.1378301055 
        0.4100000000         2.0300000000         1.0193783725       153.3301821283      -289.3554509168 
        0.4150000000         2.0300000000         1.0372210329       151.8621837663      -262.7246144970 
        0.4200001000         2.0300000000         1.0219273240       150.3941854043      -285.5510457140 
        0.4250000000         2.0300000000         1.0270252269       149.8436860186      -277.9422353083 
        0.4300000000         2.0300000000         1.0168294210       147.4581886803      -293.1598561196 
        0.4350000000         2.0300000000         1.0295741784       147.0911890898      -274.1378301055 
        0.4400000000         2.0300000000         1.0219273240       144.8891915469      -285.5510457140 
        0.4450000000         2.0300000000         1.0270252269       143.7881927754      -277.9422353083 
        0.4500000000         2.0300000000         1.0193783725       142.3201944134      -289.3554509168 
        0.4550000000         2.0300000000         1.0219273240       140.6686962561      -285.5510457140 
        0.4600000000         2.0300000000         1.0295741784       140.1181968704      -274.1378301055 
        0.4650000000         2.0300000000         1.0168294210       137.7326995322      -293.1598561196 
        0.4700000000         2.0300000000         1.0270252269       136.8152005559      -277.9422353083 
        0.4750001000         2.0300000000         1.0142804695       134.9802026034      -296.9642613225 
        0.4800001000         2.0300000000         1.0270252269       134.0627036272      -277.9422353083 
        0.4850000000         2.0300000000         1.0244762754       132.7782050605      -281.7466405111 
        0.4900000000         2.0300000000         1.0244762754       130.5762075175      -281.7466405111 
        0.4950000000         2.0300000000         1.0168294210       129.8422083365      -293.1598561196 
        0.5000000000         2.0300000000         1.0270252269       128.3742099745      -277.9422353083 
        0.5050004000         2.0300000000         1.0168294210       126.9062116125      -293.1598561196 
        0.5100000000         2.0300000000         1.0091825665       125.2547134553      -304.5730717281 
        0.5150000000         2.0300000000         1.0168294210       123.9702148885      -293.1598561196 
        0.5200000000         2.0300000000         1.0117315180       122.6857163218      -300.7686665253 
        0.5250000000         2.0300000000         1.0091825665       120.8507183693      -304.5730717281 
        0.5300018000         2.0300000000         1.0295741784       119.9332193931      -274.1378301055 
        0.5350000000         2.0300000000         1.0040846636       117.9147216453      -312.1818821338 
        0.5400000000         2.0300000000         1.0117315180       116.8137228738      -300.7686665253 
        0.5450000000         2.0300000000         1.0168294210       115.7127241024      -293.1598561196 
        0.5500000000         2.0300000000         1.0091825665       114.0612259451      -304.5730717281 
        0.5550000000         2.0300000000         1.0142804695       112.9602271736      -296.9642613225 
        0.5600000000         2.0300000000         1.0091825665       110.7582296306      -304.5730717281 
        0.5650023000         2.0300000000         1.0142804695       110.2077302449      -296.9642613225 
        0.5700001000         2.0300000000         0.9964378091       107.8222329067      -323.5950977423 
        0.5750001000         2.0300000000         1.0091825665       106.7212341352      -304.5730717281 
        0.5800000000         2.0300000000         1.0193783725       105.9872349542      -289.3554509168 
        0.5850000000         2.0300000000         1.0091825665       103.4182378207      -304.5730717281 
        0.5900000000         2.0300000000         1.0091825665       103.0512382302      -304.5730717281 
        0.5950000000         2.0300000000         1.0091825665       101.2162402777      -304.5730717281 
        0.6000000000         2.0300000000         1.0117315180       100.1152415062      -300.7686665253 
        0.6050000000         2.0300000000         1.0066336150        97.7297441680      -308.3774769309 
        0.6100000000         2.0300000000         1.0066336150        96.8122451918      -308.3774769309 
        0.6150000000         2.0300000000         1.0066336150        95.1607470345      -308.3774769309 
        0.6200000000         2.0300000000         1.0015357121        93.3257490820      -315.9862873366 
        0.6250000000         2.0300000000         1.0193783725        92.9587494915      -289.3554509168 
        0.6300000000         2.0300000000         1.0040846636        91.3072513343      -312.1818821338 
        0.6350000000         2.0300000000         0.9989867606        89.2887535866      -319.7906925394 
        0.6400000000         2.0300000000         1.0066336150        88.1877548151      -308.3774769309 
        0.6450000000         2.0300000000         1.0066336150        86.3527568626      -308.3774769309 
        0.6500000000         2.0300000000         0.9938888576        84.3342591149      -327.3995029451 
        0.6550000000         2.0300000000         0.9938888576        82.8662607529      -327.3995029451 
        0.6600000000         2.0300000000         0.9989867606        82.4992611624      -319.7906925394 
        0.6650000000         2.0300000000         0.9964378091        79.9302640289      -323.5950977423 
        0.6700000000         2.0300000000         1.0168294210        79.3797646431      -293.1598561196 
        0.6750000000         2.0300000000         1.0040846636        77.9117662812      -312.1818821338 
        0.6800000000         2.0300000000         1.0040846636        75.8932685334      -312.1818821338 
        0.6850000000         2.0300000000         0.9862420032        73.8747707857      -338.8127185536 
        0.6900000000         2.0300000000         1.0066336150        73.3242713999      -308.3774769309 
        0.6950001000         2.0300000000         0.9964378091        71.1222738570      -323.5950977423 
        0.7000001000         2.0300000000         0.9989867606        69.6542754950      -319.7906925394 
        0.7050000000         2.0300000000         0.9989867606        67.6357777472      -319.7906925394 
        0.7100000000         2.0300000000         1.0066336150        67.2687781567      -308.3774769309 
        0.7150000000         2.0300000000         0.9862420032        64.6997810233      -338.8127185536 
        0.7200000000         2.0300000000         0.9964378091        63.9657818423      -323.5950977423 
        0.7250000000         2.0300000000         1.0040846636        61.5802845040      -312.1818821338 
        0.7300000000         2.0300000000         0.9938888576        60.6627855278      -327.3995029451 
        0.7350000000         2.0300000000         0.9964378091        58.6442877801      -323.5950977423 
        0.7400000000         2.0300000000         0.9938888576        56.9927896228      -327.3995029451 
        0.7450000000         2.0300000000         0.9964378091        55.8917908513      -323.5950977423 
        0.7500000000         2.0300000000         0.9964378091        54.2402926941      -323.5950977423 
        0.7550000000         2.0300000000         0.9989867606        52.4052947416      -319.7906925394 
        0.7600000000         2.0300000000         0.9811441002        50.2032971986      -346.4215289592 
        0.7650000000         2.0300000000         0.9887909546        48.3682992461      -335.0083133507 
        0.7700000000         2.0300000000         0.9913399061        47.4508002699      -331.2039081479 
        0.7750000000         2.0300000000         0.9938888576        46.1663017032      -327.3995029451 
        0.7800000000         2.0300000000         1.0091825665        44.5148035459      -304.5730717281 
        0.7850000000         2.0300000000         0.9811441002        42.1293062077      -346.4215289592 
        0.7900000000         2.0300000000         1.0015357121        41.3953070267      -315.9862873366 
        0.7950000000         2.0300000000         0.9989867606        39.9273086647      -319.7906925394 
        0.8000000000         2.0300000000         0.9811441002        37.1748117360      -346.4215289592 
        0.8050000000         2.0300000000         0.9938888576        35.8903131692      -327.3995029451 
        0.8100000000         2.0300000000         0.9964378091        34.6058146025      -323.5950977423 
        0.8150000000         2.0300000000         0.9938888576        32.9543164453      -327.3995029451 
        0.8200001000         2.0300000000         0.9862420032        31.1193184928      -338.8127185536 
        0.8250001000         2.0300000000         1.0040846636        30.0183197213      -312.1818821338 
        0.8300000000         2.0300000000         0.9913399061        28.1833217688      -331.2039081479 
        0.8350001000         2.0300000000         1.0066336150        26.7153234068      -308.3774769309 
        0.8400000000         2.0300000000         0.9811441002        24.6968256591      -346.4215289592 
        0.8450000000         2.0300000000         0.9964378091        23.2288272971      -323.5950977423 
        0.8500000000         2.0300000000         1.0015357121        21.2103295494      -315.9862873366 
        0.8550000000         2.0300000000         0.9989867606        19.9258309826      -319.7906925394 
        0.8600000000         2.0300000000         0.9862420032        17.7238334396      -338.8127185536 
        0.8650000000         2.0300000000         0.9887909546        16.4393348729      -335.0083133507 
        0.8700000000         2.0300000000         0.9964378091        14.7878367157      -323.5950977423 
        0.8750000000         2.0300000000         0.9964378091        13.1363385584      -323.5950977423 
        0.8800000000         2.0300000000         0.9938888576        11.3013406059      -327.3995029451 
        0.8850000000         2.0300000000         0.9887909546         9.6498424487      -335.0083133507 
        0.8900000000         2.0300000000         0.9964378091         7.4478449057      -323.5950977423 
        0.8950000000         2.0300000000         0.9989867606         6.7138457247      -319.7906925394 
        0.9000000000         2.0300000000         0.9760461972         4.1448485913      -354.0303393649 
        0.9050000000         2.0300000000         0.9862420032         2.4933504340      -338.8127185536 
        0.9100000000         2.0300000000         1.0066336150         2.1263508435      -308.3774769309 
        0.9150008000         2.0300000000         0.9913399061        -0.2591464947      -331.2039081479 
        0.9200000000         2.0300000000         0.9938888576         0.1078530958      -327.3995029451 
        0.9250000000         2.0300000000         0.9862420032         0.2913528910      -338.8127185536 
        0.9300000000         2.0300000000         0.9964378091         0.1078530958      -323.5950977423 
        0.9350032000         2.0300000000         1.0040846636         0.6583524815      -312.1818821338 
        0.9400000000         2.0300000000         0.9913399061         0.1078530958      -331.2039081479 
        0.9450001000         2.0300000000         0.9989867606        80.4807634146      -319.7906925394 
        0.9500001000         2.0300000000         0.9913399061        79.9302640289      -331.2039081479 
        0.9550000000         2.0300000000         0.9887909546       357.7489540351      -335.0083133507 
        0.9600001000         2.0300000000         0.9938888576       359.9509515781      -327.3995029451 
        0.9650000000         2.0300000000         0.9862420032       360.1344513734      -338.8127185536 
        0.9700000000         2.0300000000         0.9964378091       359.9509515781      -323.5950977423 
        0.9750000000         2.0300000000         0.9913399061       360.1344513734      -331.2039081479 
        0.9800000000         2.0300000000         0.9836930517       360.3179511686      -342.6171237564 
        0.9850000000         2.0300000000         0.9964378091       359.0334526019      -323.5950977423 
        0.9900000000         2.0300000000         0.9836930517       357.0149548541      -342.6171237564 
        0.9950000000         2.0300000000         0.9913399061       355.7304562874      -331.2039081479 
        1.0000000000         2.0300000000         0.9862420032       352.9779593587      -338.8127185536 
        1.0050000000         2.0300000000         0.9862420032       351.6934607919      -338.8127185536 
        1.0100000000         2.0300000000         0.9913399061       349.8584628394      -331.2039081479 
        1.0150000000         2.0300000000         0.9964378091       347.8399650917      -323.5950977423 
        1.0200001000         2.0300000000         0.9887909546       346.7389663202      -335.0083133507 
        1.0250000000         2.0300000000         0.9887909546       344.7204685725      -335.0083133507 
        1.0300000000         2.0300000000         0.9913399061       342.8854706200      -331.2039081479 
        1.0350000000         2.0300000000         0.9964378091       341.6009720533      -323.5950977423 
        1.0400000000         2.0300000000         0.9862420032       339.0319749198      -338.8127185536 
        1.0450000000         2.0300000000         0.9887909546       337.5639765578      -335.0083133507 
        1.0500000000         2.0300000000         0.9964378091       336.6464775816      -323.5950977423 
        1.0550000000         2.0300000000         0.9887909546       333.8939806528      -335.0083133507 
        1.0600000000         2.0300000000         0.9887909546       332.6094820861      -335.0083133507 
        1.0650000000         2.0300000000         1.0015357121       330.9579839289      -315.9862873366 
        1.0700000000         2.0300000000         0.9887909546       329.4899855669      -335.0083133507 
        1.0750000000         2.0300000000         0.9913399061       328.0219872049      -331.2039081479 
        1.0800000000         2.0300000000         0.9862420032       325.8199896619      -338.8127185536 
        1.0850000000         2.0300000000         0.9964378091       324.7189908904      -323.5950977423 
        1.0900000000         2.0300000000         1.0015357121       322.3334935522      -315.9862873366 
        1.0950000000         2.0300000000         0.9862420032       321.0489949854      -338.8127185536 
        1.1000000000         2.0300000000         1.0015357121       319.0304972377      -315.9862873366 
        1.1050000000         2.0300000000         0.9811441002       317.5624988757      -346.4215289592 
        1.1100000000         2.0300000000         1.0040846636       316.2780003090      -312.1818821338 
        1.1150000000         2.0300000000         1.0117315180       314.6265021517      -300.7686665253 
        1.1200000000         2.0300000000         0.9811441002       312.9750039945      -346.4215289592 
        1.1250000000         2.0300000000         0.9862420032       310.7730064515      -338.8127185536 
        1.1300000000         2.0300000000         1.0015357121       309.1215082943      -315.9862873366 
        1.1350000000         2.0300000000         0.9964378091       307.4700101370      -323.5950977423 
        1.1400000000         2.0300000000         0.9862420032       305.8185119798      -338.8127185536 
        1.1450001000         2.0300000000         0.9989867606       304.3505136178      -319.7906925394 
        1.1500000000         2.0300000000         0.9913399061       302.1485160748      -331.2039081479 
        1.1550001000         2.0300000000         1.0040846636       301.4145168938      -312.1818821338 
        1.1600000000         2.0300000000         0.9964378091       298.8455197604      -323.5950977423 
        1.1650000000         2.0300000000         0.9964378091       297.7445209889      -323.5950977423 
        1.1700000000         2.0300000000         0.9964378091       295.9095230364      -323.5950977423 
        1.1750000000         2.0300000000         0.9964378091       294.8085242649      -323.5950977423 
        1.1800000000         2.0300000000         1.0015357121       292.7900265172      -315.9862873366 
        1.1850000000         2.0300000000         0.9887909546       291.1385283599      -335.0083133507 
        1.1900000000         2.0300000000         0.9964378091       289.1200306122      -323.5950977423 
        1.1950000000         2.0300000000         1.0117315180       288.2025316359      -300.7686665253 
        1.2000000000         2.0300000000         0.9964378091       286.0005340930      -323.5950977423 
        1.2050022000         2.0300000000         1.0015357121       284.7160355262      -315.9862873366 
        1.2100000000         2.0300000000         0.9964378091       282.6975377785      -323.5950977423 
        1.2150000000         2.0300000000         0.9887909546       280.8625398260      -335.0083133507 
        1.2200000000         2.0300000000         0.9964378091       279.5780412593      -323.5950977423 
        1.2250000000         2.0300000000         0.9862420032       277.7430433068      -338.8127185536 
        1.2300000000         2.0300000000         0.9964378091       276.4585447400      -323.5950977423 
        1.2350000000         2.0300000000         0.9964378091       274.4400469923      -323.5950977423 
        1.2400000000         2.0300000000         0.9887909546       273.1555484256      -335.0083133507 
        1.2450000000         2.0300000000         1.0040846636       272.2380494493      -312.1818821338 
        1.2500000000         2.0300000000         1.0040846636       269.8525521111      -312.1818821338 
        1.2550000000         2.0300000000         0.9913399061       268.0175541586      -331.2039081479 
        1.2600000000         2.0300000000         0.9964378091       266.9165553871      -323.5950977423 
        1.2650000000         2.0300000000         0.9989867606       265.2650572299      -319.7906925394 
        1.2700001000         2.0300000000         1.0040846636       263.9805586631      -312.1818821338 
        1.2750000000         2.0300000000         0.9862420032       261.5950613249      -338.8127185536 
        1.2800001000         2.0300000000         1.0117315180       260.4940625534      -300.7686665253 
        1.2850000000         2.0300000000         0.9964378091       259.0260641914      -323.5950977423 
        1.2900000000         2.0300000000         0.9938888576       257.1910662390      -327.3995029451 
        1.2950000000         2.0300000000         0.9964378091       255.5395680817      -323.5950977423 
        1.3000000000         2.0300000000         1.0040846636       254.6220691055      -312.1818821338 
        1.3050000000         2.0300000000         1.0066336150       252.4200715625      -308.3774769309 
        1.3100000000         2.0300000000         0.9938888576       250.9520732005      -327.3995029451 
        1.3150000000         2.0300000000         1.0066336150       249.1170752480      -308.3774769309 
        1.3200000000         2.0300000000         0.9913399061       247.2820772955      -331.2039081479 
        1.3250000000         2.0300000000         1.0066336150       245.8140789335      -308.3774769309 
        1.3300005000         2.0300000000         0.9836930517       244.3460805716      -342.6171237564 
        1.3350000000         2.0300000000         1.0015357121       242.3275828238      -315.9862873366 
        1.3400000000         2.0300000000         1.0168294210       241.7770834381      -293.1598561196 
        1.3450000000         2.0300000000         0.9938888576       239.9420854856      -327.3995029451 
        1.3500000000         2.0300000000         1.0066336150       238.1070875331      -308.3774769309 
        1.3550000000         2.0300000000         1.0040846636       237.1895885569      -312.1818821338 
        1.3600000000         2.0300000000         0.9938888576       234.8040912186      -327.3995029451 
        1.3650034000         2.0300000000         1.0091825665       233.1525930614      -304.5730717281 
        1.3700000000         2.0300000000         0.9989867606       231.8680944947      -319.7906925394 
        1.3750000000         2.0300000000         0.9887909546       230.4000961327      -335.0083133507 
        1.3800000000         2.0300000000         1.0066336150       228.9320977707      -308.3774769309 
        1.3850000000         2.0300000000         0.9913399061       227.2805996134      -331.2039081479 
        1.3900000000         2.0300000000         1.0091825665       226.3631006372      -304.5730717281 
        1.3950001000         2.0300000000         0.9964378091       224.1611030942      -323.5950977423 
        1.4000000000         2.0300000000         1.0040846636       222.8766045275      -312.1818821338 
        1.4050001000         2.0300000000         0.9964378091       220.8581067797      -323.5950977423 
        1.4100000000         2.0300000000         1.0117315180       219.7571080083      -300.7686665253 
        1.4150000000         2.0300000000         1.0015357121       218.1056098510      -315.9862873366 
        1.4200000000         2.0300000000         0.9913399061       216.0871121033      -331.2039081479 
        1.4250000000         2.0300000000         1.0091825665       215.7201125128      -304.5730717281 
        1.4300000000         2.0300000000         0.9989867606       213.5181149698      -319.7906925394 
        1.4350000000         2.0300000000         1.0066336150       212.0501166078      -308.3774769309 
        1.4400000000         2.0300000000         0.9989867606       210.5821182458      -319.7906925394 
        1.4450000000         2.0300000000         1.0091825665       209.6646192696      -304.5730717281 
        1.4500000000         2.0300000000         0.9964378091       207.2791219314      -323.5950977423 
        1.4550000000         2.0300000000         1.0117315180       206.7286225456      -300.7686665253 
        1.4600000000         2.0300000000         0.9964378091       204.7101247979      -323.5950977423 
        1.4650000000         2.0300000000         1.0066336150       202.8751268454      -308.3774769309 
        1.4700000000         2.0300000000         1.0193783725       202.1411276644      -289.3554509168 
        1.4750000000         2.0300000000         0.9913399061       200.1226299167      -331.2039081479 
        1.4800000000         2.0300000000         1.0066336150       198.6546315547      -308.3774769309 
        1.4850000000         2.0300000000         1.0091825665       197.7371325784      -304.5730717281 
        1.4900000000         2.0300000000         1.0066336150       195.7186348307      -308.3774769309 
        1.4950010000         2.0300000000         1.0168294210       194.0671366735      -293.1598561196 
        1.5000000000         2.0300000000         1.0066336150       192.5991383115      -308.3774769309 
        1.5050000000         2.0300000000         0.9964378091       190.5806405637      -323.5950977423 
        1.5100000000         2.0300000000         1.0168294210       189.8466413827      -293.1598561196 
        1.5150000000         2.0300000000         1.0066336150       187.8281436350      -308.3774769309 
        1.5200001000         2.0300000000         1.0091825665       186.7271448635      -304.5730717281 
        1.5250000000         2.0300000000         1.0117315180       185.4426462968      -300.7686665253 
        1.5300001000         2.0300000000         1.0040846636       183.0571489586      -312.1818821338 
        1.5350000000         2.0300000000         1.0091825665       182.3231497776      -304.5730717281 
        1.5400000000         2.0300000000         1.0066336150       180.1211522346      -308.3774769309 
        1.5450000000         2.0300000000         1.0117315180       179.3871530536      -300.7686665253 
        1.5500000000         2.0300000000         1.0066336150       177.5521551011      -308.3774769309 
        1.5550000000         2.0300000000         0.9964378091       175.7171571486      -323.5950977423 
        1.5600000000         2.0300000000         1.0193783725       174.9831579676      -289.3554509168 
        1.5650000000         2.0300000000         1.0040846636       173.1481600151      -312.1818821338 
        1.5700000000         2.0300000000         1.0066336150       171.4966618579      -308.3774769309 
        1.5750000000         2.0300000000         0.9964378091       169.4781641102      -323.5950977423 
        1.5800000000         2.0300000000         1.0117315180       168.5606651339      -300.7686665253 
        1.5850069000         2.0300000000         1.0066336150       167.0926667719      -308.3774769309 
        1.5900000000         2.0300000000         0.9989867606       165.6246684099      -319.7906925394 
        1.5950000000         2.0300000000         1.0168294210       164.7071694337      -293.1598561196 
        1.6000000000         2.0300000000         1.0091825665       162.1381723002      -304.5730717281 
        1.6050000000         2.0300000000         1.0219273240       161.4041731192      -285.5510457140 
        1.6100000000         2.0300000000         1.0066336150       159.7526749620      -308.3774769309 
        1.6150000000         2.0300000000         1.0091825665       158.1011768048      -304.5730717281 
        1.6200000000         2.0300000000         1.0142804695       157.1836778285      -296.9642613225 
        1.6250000000         2.0300000000         1.0015357121       154.6146806950      -315.9862873366 
        1.6300000000         2.0300000000         1.0091825665       153.5136819235      -304.5730717281 
        1.6350000000         2.0300000000         1.0168294210       152.5961829473      -293.1598561196 
        1.6400000000         2.0300000000         0.9989867606       150.0271858138      -319.7906925394 
        1.6450001000         2.0300000000         1.0117315180       149.1096868376      -300.7686665253 
        1.6500000000         2.0300000000         1.0040846636       147.6416884756      -312.1818821338 
        1.6550001000         2.0300000000         1.0091825665       145.9901903184      -304.5730717281 
        1.6600000000         2.0300000000         1.0066336150       144.5221919564      -308.3774769309 
        1.6650000000         2.0300000000         1.0168294210       143.2376933896      -293.1598561196 
        1.6700000000         2.0300000000         1.0091825665       141.5861952324      -304.5730717281 
        1.6750000000         2.0300000000         1.0040846636       139.7511972799      -312.1818821338 
        1.6800000000         2.0300000000         1.0066336150       138.4666987132      -308.3774769309 
        1.6850000000         2.0300000000         1.0066336150       136.8152005559      -308.3774769309 
        1.6900000000         2.0300000000         1.0091825665       135.8977015797      -304.5730717281 
        1.6950000000         2.0300000000         1.0117315180       133.8792038320      -300.7686665253 
        1.7000000000         2.0300000000         1.0040846636       132.7782050605      -312.1818821338 
        1.7050000000         2.0300000000         1.0117315180       131.1267069032      -300.7686665253 
        1.7100000000         2.0300000000         1.0193783725       130.3927077222      -289.3554509168 
        1.7150000000         2.0300000000         1.0142804695       128.7412095650      -296.9642613225 
        1.7200000000         2.0300000000         0.9989867606       126.3557122268      -319.7906925394 
        1.7250000000         2.0300000000         1.0040846636       125.2547134553      -312.1818821338 
        1.7300000000         2.0300000000         1.0091825665       123.9702148885      -304.5730717281 
        1.7350000000         2.0300000000         1.0117315180       122.5022165265      -300.7686665253 
        1.7400000000         2.0300000000         1.0066336150       120.8507183693      -308.3774769309 
        1.7450000000         2.0300000000         1.0040846636       119.3827200073      -312.1818821338 
        1.7500000000         2.0300000000         1.0066336150       117.9147216453      -308.3774769309 
        1.7550000000         2.0300000000         1.0066336150       116.6302230786      -308.3774769309 
        1.7600000000         2.0300000000         1.0117315180       114.9787249214      -300.7686665253 
        1.7650000000         2.0300000000         1.0015357121       113.3272267641      -315.9862873366 
        1.7700001000         2.0300000000         1.0091825665       112.0427281974      -304.5730717281 
        1.7750000000         2.0300000000         1.0168294210       110.9417294259      -293.1598561196 
        1.7800001000         2.0300000000         1.0091825665       109.2902312687      -304.5730717281 
        1.7850000000         2.0300000000         0.9964378091       106.9047339304      -323.5950977423 
        1.7900000000         2.0300000000         1.0040846636       105.6202353637      -312.1818821338 
        1.7950000000         2.0300000000         1.0015357121       104.3357367969      -315.9862873366 
        1.8000000000         2.0300000000         1.0091825665       103.2347380255      -304.5730717281 
        1.8050000000         2.0300000000         1.0091825665       101.9502394587      -304.5730717281 
        1.8100000000         2.0300000000         0.9913399061        99.7482419157      -331.2039081479 
        1.8150000000         2.0300000000         0.9964378091        98.0967437585      -323.5950977423 
        1.8200000000         2.0300000000         1.0015357121        97.1792447823      -315.9862873366 
        1.8250000000         2.0300000000         0.9964378091        94.7937474440      -323.5950977423 
        1.8300000000         2.0300000000         1.0117315180        94.6102476488      -300.7686665253 
        1.8350000000         2.0300000000         0.9964378091        92.4082501058      -323.5950977423 
        1.8400000000         2.0300000000         0.9913399061        90.3897523581      -331.2039081479 
        1.8450000000         2.0300000000         1.0040846636        89.2887535866      -312.1818821338 
        1.8500000000         2.0300000000         0.9887909546        88.3712546103      -335.0083133507 
        1.8550000000         2.0300000000         0.9964378091        85.9857572721      -323.5950977423 
        1.8600000000         2.0300000000         1.0117315180        85.2517580911      -300.7686665253 
        1.8650000000         2.0300000000         1.0066336150        83.4167601386      -308.3774769309 
        1.8700000000         2.0300000000         0.9913399061        81.5817621861      -331.2039081479 
        1.8750000000         2.0300000000         0.9989867606        80.2972636194      -319.7906925394 
        1.8800000000         2.0300000000         1.0040846636        79.1962648479      -312.1818821338 
        1.8850000000         2.0300000000         0.9989867606        76.9942673049      -319.7906925394 
        1.8900000000         2.0300000000         1.0066336150        76.2602681239      -308.3774769309 
        1.8950001000         2.0300000000         0.9836930517        73.6912709904      -342.6171237564 
        1.9000000000         2.0300000000         0.9989867606        72.4067724237      -319.7906925394 
        1.9050010000         2.0300000000         0.9938888576        70.9387740617      -327.3995029451 
        1.9100000000         2.0300000000         0.9913399061        69.4707756997      -331.2039081479 
        1.9150000000         2.0300000000         0.9913399061        67.4522779520      -331.2039081479 
        1.9200000000         2.0300000000         0.9964378091        66.1677793853      -323.5950977423 
        1.9250000000         2.0300000000         0.9913399061        64.6997810233      -331.2039081479 
        1.9300000000         2.0300000000         0.9938888576        63.0482828660      -327.3995029451 
        1.9350000000         2.0300000000         0.9964378091        61.9472840945      -323.5950977423 
        1.9400000000         2.0300000000         0.9836930517        59.3782869611      -342.6171237564 
        1.9450000000         2.0300000000         0.9938888576        57.9102885991      -327.3995029451 
        1.9500000000         2.0300000000         0.9887909546        56.6257900323      -335.0083133507 
        1.9550000000         2.0300000000         1.0066336150        55.7082910561      -308.3774769309 
        1.9600000000         2.0300000000         0.9938888576        53.5062935131      -327.3995029451 
        1.9650000000         2.0300000000         0.9887909546        51.6712955606      -335.0083133507 
        1.9700000000         2.0300000000         1.0066336150        50.7537965844      -308.3774769309 
        1.9750000000         2.0300000000         0.9938888576        48.9187986319      -327.3995029451 
        1.9800000000         2.0300000000         0.9862420032        46.7168010889      -338.8127185536 
        1.9850000000         2.0300000000         1.0040846636        46.1663017032      -312.1818821338 
        1.9900000000         2.0300000000         0.9964378091        43.5973045697      -323.5950977423 
        1.9950000000         2.0300000000         0.9964378091        42.6798055934      -323.5950977423 
        2.0000000000         2.0300000000         0.9862420032        40.8448076410      -338.8127185536 
        2.0050000000         2.0300000000         0.9964378091        39.1933094837      -323.5950977423 
        2.0100000000         2.0300000000         1.0015357121        37.5418113265      -315.9862873366 
        2.0150001000         2.0300000000         0.9964378091        35.8903131692      -323.5950977423 
        2.0200001000         2.0300000000         0.9913399061        34.4223148073      -331.2039081479 
        2.0250000000         2.0300000000         0.9989867606        32.9543164453      -319.7906925394 
        2.0300000000         2.0300000000         0.9913399061        30.7523189023      -331.2039081479 
        2.0350001000         2.0300000000         0.9887909546        29.6513201308      -335.0083133507 
        2.0400000000         2.0300000000         0.9887909546        27.6328223831      -335.0083133507 
        2.0450000000         2.0300000000         1.0015357121        26.5318236116      -315.9862873366 
        2.0500000000         2.0300000000         0.9913399061        24.6968256591      -331.2039081479 
        2.0550000000         2.0300000000         1.0040846636        23.4123270924      -312.1818821338 
        2.0600000000         2.0300000000         0.9785951487        21.2103295494      -350.2259341621 
        2.0650000000         2.0300000000         1.0015357121        20.1093307779      -315.9862873366 
        2.0700000000         2.0300000000         0.9964378091        17.5403336444      -323.5950977423 
        2.0750000000         2.0300000000         0.9887909546        16.4393348729      -335.0083133507 
        2.0800000000         2.0300000000         0.9862420032        14.0538375347      -338.8127185536 
        2.0850000000         2.0300000000         0.9862420032        12.5858391727      -338.8127185536 
        2.0900000000         2.0300000000         0.9913399061        11.1178408107      -331.2039081479 
        2.0950000000         2.0300000000         0.9887909546         9.6498424487      -335.0083133507 
        2.1000000000         2.0300000000         0.9913399061         8.3653438820      -331.2039081479 
        2.1050000000         2.0300000000         1.0015357121         6.3468461342      -315.9862873366 
        2.1100000000         2.0300000000         0.9887909546         4.6953479770      -335.0083133507 
        2.1150000000         2.0300000000         0.9989867606         3.4108494103      -319.7906925394 
        2.1200000000         2.0300000000         0.9811441002         1.0253520720      -346.4215289592 
        2.1250000000         2.0300000000         0.9964378091         0.2913528910      -323.5950977423 
        2.1300000000         2.0300000000         1.0040846636         0.1078530958      -312.1818821338 
        2.1350000000         2.0300000000         0.9887909546         0.6583524815      -335.0083133507 
        2.1400001000         2.0300000000         0.9964378091         0.6583524815      -323.5950977423 
        2.1450000000         2.0300000000         0.9913399061         0.6583524815      -331.2039081479 
        2.1500000000         2.0300000000         0.9913399061        -0.0756466995      -331.2039081479 
        2.1550000000         2.0300000000         0.9887909546        80.2972636194      -335.0083133507 
        2.1600001000         2.0300000000         0.9938888576        79.0127650526      -327.3995029451 
        2.1650000000         2.0300000000         0.9887909546       358.8499528066      -335.0083133507 
        2.1700000000         2.0300000000         0.9964378091       359.9509515781      -323.5950977423 
        2.1750000000         2.0300000000         0.9887909546       359.4004521924      -335.0083133507 
        2.1800000000         2.0300000000         0.9964378091       359.9509515781      -323.5950977423 
        2.1850000000         2.0300000000         0.9964378091       360.3179511686      -323.5950977423 
        2.1900000000         2.0300000000         0.9938888576       359.9509515781      -327.3995029451 
        2.1950000000         2.0300000000         0.9964378091       358.8499528066      -323.5950977423 
        2.2000000000         2.0300000000         0.9887909546       357.0149548541      -335.0083133507 
        2.2050000000         2.0300000000         0.9913399061       354.6294575159      -331.2039081479 
        2.2100000000         2.0300000000         0.9887909546       352.7944595634      -335.0083133507 
        2.2150000000         2.0300000000         0.9913399061       352.2439601777      -331.2039081479 
        2.2200000000         2.0300000000         0.9913399061       349.8584628394      -331.2039081479 
        2.2250000000         2.0300000000         0.9887909546       348.2069646822      -335.0083133507 
        2.2300000000         2.0300000000         0.9989867606       346.7389663202      -319.7906925394 
        2.2350000000         2.0300000000         0.9989867606       344.1699691867      -319.7906925394 
        2.2400000000         2.0300000000         0.9938888576       343.8029695962      -327.3995029451 
        2.2450069000         2.0300000000         0.9989867606       342.1514714390      -319.7906925394 
        2.2500000000         2.0300000000         1.0066336150       339.3989745103      -308.3774769309 
        2.2550000000         2.0300000000         0.9887909546       338.2979757388      -335.0083133507 
        2.2600000000         2.0300000000         0.9938888576       335.9124784006      -327.3995029451 
        2.2650001000         2.0300000000         0.9887909546       334.9949794243      -335.0083133507 
        2.2700000000         2.0300000000         0.9862420032       332.9764816766      -338.8127185536 
        2.2750000000         2.0300000000         1.0066336150       332.0589827003      -308.3774769309 
        2.2800000000         2.0300000000         0.9785951487       329.4899855669      -350.2259341621 
        2.2850001000         2.0300000000         0.9887909546       327.4714878191      -335.0083133507 
        2.2900000000         2.0300000000         0.9938888576       326.3704890476      -327.3995029451 
        2.2950000000         2.0300000000         1.0040846636       324.3519912999      -312.1818821338 
        2.3000000000         2.0300000000         0.9836930517       323.2509925284      -342.6171237564 
        2.3050000000         2.0300000000         0.9811441002       321.0489949854      -346.4215289592 
        2.3100000000         2.0300000000         1.0040846636       319.9479962139      -312.1818821338 
        2.3150000000         2.0300000000         0.9964378091       317.9294984662      -323.5950977423 
        2.3200000000         2.0300000000         0.9887909546       316.6449998995      -335.0083133507 
        2.3250000000         2.0300000000         0.9887909546       314.4430023565      -335.0083133507 
        2.3300000000         2.0300000000         0.9989867606       313.5255033802      -319.7906925394 
        2.3350000000         2.0300000000         0.9887909546       311.8740052230      -335.0083133507 
        2.3400000000         2.0300000000         1.0040846636       310.4060068610      -312.1818821338 
        2.3450000000         2.0300000000         0.9964378091       308.0205095228      -323.5950977423 
        2.3500000000         2.0300000000         0.9964378091       306.7360109560      -323.5950977423 
        2.3550023000         2.0300000000         0.9862420032       304.7175132083      -338.8127185536 
        2.3600000000         2.0300000000         0.9964378091       303.6165144368      -323.5950977423 
        2.3650000000         2.0300000000         0.9964378091       301.9650162796      -323.5950977423 
        2.3700000000         2.0300000000         0.9887909546       299.9465185319      -335.0083133507 
        2.3750000000         2.0300000000         0.9964378091       298.6620199651      -323.5950977423 
        2.3800000000         2.0300000000         1.0091825665       297.3775213984      -304.5730717281 
        2.3850000000         2.0300000000         0.9785951487       294.8085242649      -350.2259341621 
        2.3900019000         2.0300000000         1.0117315180       294.2580248791      -300.7686665253 
        2.3950000000         2.0300000000         0.9913399061       292.0560273362      -331.2039081479 
        2.4000000000         2.0300000000         0.9938888576       290.2210293837      -327.3995029451 
        2.4050000000         2.0300000000         1.0040846636       289.1200306122      -312.1818821338 
        2.4100001000         2.0300000000         1.0040846636       286.7345332740      -312.1818821338 
        2.4150000000         2.0300000000         0.9964378091       285.6335345025      -323.5950977423 
        2.4200000000         2.0300000000         0.9989867606       283.7985365500      -319.7906925394 
        2.4250000000         2.0300000000         1.0015357121       283.0645373690      -315.9862873366 
        2.4300000000         2.0300000000         0.9989867606       280.8625398260      -319.7906925394 
        2.4350000000         2.0300000000         1.0040846636       278.8440420783      -312.1818821338 
        2.4400000000         2.0300000000         0.9887909546       277.3760437163      -335.0083133507 
        2.4450000000         2.0300000000         0.9964378091       275.3575459686      -323.5950977423 
        2.4500000000         2.0300000000         0.9913399061       274.9905463781      -331.2039081479 
        2.4550000000         2.0300000000         0.9913399061       272.0545496541      -331.2039081479 
        2.4600000000         2.0300000000         1.0040846636       270.9535508826      -312.1818821338 
        2.4650027000         2.0300000000         0.9913399061       269.3020527254      -331.2039081479 
        2.4700000000         2.0300000000         0.9938888576       267.8340543634      -327.3995029451 
        2.4750000000         2.0300000000         1.0066336150       266.5495557966      -308.3774769309 
        2.4800000000         2.0300000000         0.9989867606       264.7145578441      -319.7906925394 
        2.4850000000         2.0300000000         1.0040846636       263.0630596869      -312.1818821338 
        2.4900000000         2.0300000000         0.9938888576       261.5950613249      -327.3995029451 
        2.4950000000         2.0300000000         1.0015357121       259.9435631677      -315.9862873366 
        2.5000000000         2.0300000000         0.9964378091       258.2920650104      -323.5950977423 
        2.5050123000         2.0300000000         0.9964378091       256.6405668532      -323.5950977423 
        2.5100000000         2.0300000000         0.9887909546       254.4385693102      -335.0083133507 
        2.5150001000         2.0300000000         0.9964378091       253.1540707435      -323.5950977423 
        2.5200000000         2.0300000000         1.0117315180       251.6860723815      -300.7686665253 
        2.5250000000         2.0300000000         0.9913399061       250.0345742243      -331.2039081479 
        2.5300000000         2.0300000000         0.9964378091       248.5665758623      -323.5950977423 
        2.5350001000         2.0300000000         0.9938888576       247.0985775003      -327.3995029451 
        2.5400000000         2.0300000000         0.9964378091       245.9975787288      -323.5950977423 
        2.5450016000         2.0300000000         1.0066336150       243.2450818001      -308.3774769309 
        2.5500000000         2.0300000000         0.9887909546       242.1440830286      -335.0083133507 
        2.5550000000         2.0300000000         0.9862420032       239.9420854856      -338.8127185536 
        2.5600000000         2.0300000000         0.9913399061       238.4740871236      -331.2039081479 
        2.5650000000         2.0300000000         0.9964378091       237.5565881474      -323.5950977423 
        2.5700000000         2.0300000000         0.9964378091       235.7215901949      -323.5950977423 
        2.5750000000         2.0300000000         0.9964378091       234.0700920376      -323.5950977423 
        2.5800000000         2.0300000000         0.9964378091       233.1525930614      -323.5950977423 
        2.5850000000         2.0300000000         0.9964378091       230.9505955184      -323.5950977423 
        2.5900000000         2.0300000000         1.0015357121       229.6660969517      -315.9862873366 
        2.5950010000         2.0300000000         0.9964378091       228.1980985897      -323.5950977423 
        2.6000000000         2.0300000000         1.0015357121       226.1796008420      -315.9862873366 
        2.6050000000         2.0300000000         1.0091825665       225.0786020705      -304.5730717281 
        2.6100000000         2.0300000000         0.9913399061       222.8766045275      -331.2039081479 
        2.6150000000         2.0300000000         0.9913399061       220.8581067797      -331.2039081479 
        2.6200000000         2.0300000000         1.0040846636       220.4911071892      -312.1818821338 
        2.6250000000         2.0300000000         0.9938888576       218.2891096463      -327.3995029451 
        2.6300000000         2.0300000000         1.0015357121       217.1881108748      -315.9862873366 
        2.6350000000         2.0300000000         0.9862420032       214.9861133318      -338.8127185536 
        2.6400001000         2.0300000000         0.9964378091       213.7016147651      -323.5950977423 
        2.6450000000         2.0300000000         0.9938888576       211.3161174268      -327.3995029451 
        2.6500000000         2.0300000000         0.9989867606       210.9491178363      -319.7906925394 
        2.6550000000         2.0300000000         0.9989867606       209.2976196791      -319.7906925394 
        2.6600001000         2.0300000000         0.9964378091       207.4626217266      -323.5950977423 
        2.6650000000         2.0300000000         0.9989867606       205.8111235694      -319.7906925394 
        2.6700000000         2.0300000000         0.9964378091       204.5266250026      -323.5950977423 
        2.6750000000         2.0300000000         1.0066336150       202.6916270501      -308.3774769309 
        2.6800000000         2.0300000000         0.9964378091       201.2236286882      -323.5950977423 
        2.6850074000         2.0300000000         1.0091825665       200.1226299167      -304.5730717281 
        2.6900000000         2.0300000000         0.9964378091       197.5536327832      -323.5950977423 
        2.6950000000         2.0300000000         0.9862420032       195.9021346259      -338.8127185536 
        2.7000000000         2.0300000000         1.0117315180       194.9846356497      -300.7686665253 
        2.7050000000         2.0300000000         1.0168294210       193.8836368782      -293.1598561196 
        2.7100000000         2.0300000000         1.0015357121       191.6816393352      -315.9862873366 
        2.7150000000         2.0300000000         0.9887909546       189.8466413827      -335.0083133507 
        2.7200000000         2.0300000000         1.0117315180       189.2961419970      -300.7686665253 
        2.7250000000         2.0300000000         0.9964378091       186.9106446588      -323.5950977423 
        2.7300000000         2.0300000000         1.0193783725       186.1766454778      -289.3554509168 
        2.7350000000         2.0300000000         0.9964378091       183.7911481395      -323.5950977423 
        2.7400000000         2.0300000000         1.0040846636       183.0571489586      -312.1818821338 
        2.7450000000         2.0300000000         1.0015357121       181.2221510061      -315.9862873366 
        2.7500000000         2.0300000000         1.0168294210       179.9376524393      -293.1598561196 
        2.7550000000         2.0300000000         1.0040846636       178.1026544868      -312.1818821338 
        2.7600000000         2.0300000000         1.0040846636       176.8181559201      -312.1818821338 
        2.7650004000         2.0300000000         1.0066336150       175.1666577629      -308.3774769309 
        2.7700000000         2.0300000000         0.9964378091       173.1481600151      -323.5950977423 
        2.7750000000         2.0300000000         1.0091825665       172.7811604246      -304.5730717281 
        2.7800000000         2.0300000000         1.0066336150       170.7626626769      -308.3774769309 
        2.7850001000         2.0300000000         1.0040846636       169.1111645197      -312.1818821338 
        2.7900000000         2.0300000000         1.0117315180       167.8266659529      -300.7686665253 
        2.7950000000         2.0300000000         0.9989867606       166.3586675909      -319.7906925394 
        2.8000000000         2.0300000000         0.9938888576       164.3401698432      -327.3995029451 
        2.8050000000         2.0300000000         1.0066336150       163.0556712765      -308.3774769309 
        2.8100000000         2.0300000000         0.9964378091       161.0371735287      -323.5950977423 
        2.8150000000         2.0300000000         1.0066336150       159.3856753715      -308.3774769309 
        2.8200000000         2.0300000000         0.9964378091       157.9176770095      -323.5950977423 
        2.8250000000         2.0300000000         1.0015357121       157.0001780333      -315.9862873366 
        2.8300000000         2.0300000000         0.9989867606       156.0826790570      -319.7906925394 
        2.8350000000         2.0300000000         1.0040846636       153.5136819235      -312.1818821338 
        2.8400000000         2.0300000000         1.0091825665       151.8621837663      -304.5730717281 
        2.8450000000         2.0300000000         0.9964378091       150.7611849948      -323.5950977423 
        2.8500000000         2.0300000000         1.0040846636       149.2931866328      -312.1818821338 
        2.8550000000         2.0300000000         1.0091825665       147.8251882708      -304.5730717281 
        2.8600000000         2.0300000000         0.9989867606       145.8066905231      -319.7906925394 
        2.8650000000         2.0300000000         0.9989867606       145.2561911374      -319.7906925394 
        2.8700049000         2.0300000000         1.0219273240       143.2376933896      -285.5510457140 
        2.8750000000         2.0300000000         0.9964378091       141.2191956419      -323.5950977423 
        2.8800000000         2.0300000000         1.0193783725       140.6686962561      -289.3554509168 
        2.8850000000         2.0300000000         1.0015357121       138.6501985084      -315.9862873366 
        2.8900001000         2.0300000000         1.0040846636       137.1822001464      -312.1818821338 
        2.8950000000         2.0300000000         1.0066336150       135.7142017844      -308.3774769309 
        2.9000000000         2.0300000000         0.9887909546       133.8792038320      -335.0083133507 
        2.9050000000         2.0300000000         1.0066336150       132.5947052652      -308.3774769309 
        2.9100001000         2.0300000000         0.9887909546       130.9432071080      -335.0083133507 
        2.9150000000         2.0300000000         0.9964378091       129.1082091555      -323.5950977423 
        2.9200000000         2.0300000000         1.0091825665       128.3742099745      -304.5730717281 
        2.9250000000         2.0300000000         1.0142804695       126.7227118173      -296.9642613225 
        2.9300000000         2.0300000000         0.9913399061       124.8877138648      -331.2039081479 
        2.9350000000         2.0300000000         1.0066336150       123.2362157075      -308.3774769309 
        2.9400000000         2.0300000000         1.0091825665       122.3187167313      -304.5730717281 
        2.9450000000         2.0300000000         1.0091825665       120.3002189836      -304.5730717281 
        2.9500000000         2.0300000000         0.9964378091       119.3827200073      -323.5950977423 
        2.9550000000         2.0300000000         0.9989867606       117.3642222596      -319.7906925394 
        2.9600000000         2.0300000000         0.9964378091       115.5292243071      -323.5950977423 
        2.9650000000         2.0300000000         1.0040846636       113.6942263546      -312.1818821338 
        2.9700000000         2.0300000000         0.9989867606       112.5932275831      -319.7906925394 
        2.9750000000         2.0300000000         0.9938888576       110.9417294259      -327.3995029451 
        2.9800000000         2.0300000000         1.0066336150       109.6572308591      -308.3774769309 
        2.9850000000         2.0300000000         0.9887909546       108.1892324972      -335.0083133507 
        2.9900000000         2.0300000000         1.0066336150       106.5377343399      -308.3774769309 
        2.9950000000         2.0300000000         1.0066336150       105.0697359779      -308.3774769309 
        3.0000000000         2.0300000000         0.9913399061       103.6017376159      -331.2039081479 
        3.0050000000         2.0300000000         1.0015357121       101.9502394587      -315.9862873366 
        3.0100000000         2.0300000000         1.0168294210       101.0327404825      -293.1598561196 
        3.0150001000         2.0300000000         0.9836930517        98.6472431442      -342.6171237564 
        3.0200000000         2.0300000000         1.0066336150        98.0967437585      -308.3774769309 
        3.0250000000         2.0300000000         0.9887909546        95.3442468298      -335.0083133507 
        3.0300000000         2.0300000000         1.0066336150        94.9772472393      -308.3774769309 
        3.0350001000         2.0300000000         0.9964378091        92.9587494915      -323.5950977423 
        3.0400000000         2.0300000000         1.0015357121        91.8577507200      -315.9862873366 
        3.0450000000         2.0300000000         0.9887909546        89.2887535866      -335.0083133507 
        3.0500000000         2.0300000000         0.9964378091        88.3712546103      -323.5950977423 
        3.0550000000         2.0300000000         1.0066336150        86.7197564531      -308.3774769309 
        3.0600000000         2.0300000000         0.9913399061        85.2517580911      -331.2039081479 
        3.0650000000         2.0300000000         0.9862420032        83.2332603434      -338.8127185536 
        3.0700000000         2.0300000000         0.9938888576        82.6827609576      -327.3995029451 
        3.0750001000         2.0300000000         0.9913399061        80.6642632099      -331.2039081479 
        3.0800000000         2.0300000000         0.9964378091        78.6457654622      -323.5950977423 
        3.0850000000         2.0300000000         0.9964378091        77.1777671002      -323.5950977423 
        3.0900004000         2.0300000000         0.9913399061        75.7097687382      -331.2039081479 
        3.0950000000         2.0300000000         0.9989867606        74.2417703762      -319.7906925394 
        3.1000000000         2.0300000000         0.9887909546        72.9572718094      -335.0083133507 
        3.1050000000         2.0300000000         0.9938888576        71.1222738570      -327.3995029451 
        3.1100000000         2.0300000000         1.0117315180        69.8377752902      -300.7686665253 
        3.1150000000         2.0300000000         0.9964378091        68.1862771330      -323.5950977423 
        3.1200000000         2.0300000000         0.9989867606        66.9017785662      -319.7906925394 
        3.1250000000         2.0300000000         0.9887909546        65.0667806138      -335.0083133507 
        3.1300000000         2.0300000000         0.9887909546        63.4152824565      -335.0083133507 
        3.1350000000         2.0300000000         1.0040846636        61.9472840945      -312.1818821338 
        3.1400001000         2.0300000000         0.9964378091        60.2957859373      -323.5950977423 
        3.1450000000         2.0300000000         0.9938888576        58.6442877801      -327.3995029451 
        3.1500000000         2.0300000000         0.9913399061        56.9927896228      -331.2039081479 
        3.1550000000         2.0300000000         1.0015357121        54.9742918751      -315.9862873366 
        3.1600001000         2.0300000000         0.9836930517        53.5062935131      -342.6171237564 
        3.1650000000         2.0300000000         0.9938888576        52.0382951511      -327.3995029451 
        3.1700000000         2.0300000000         0.9887909546        50.3867969939      -335.0083133507 
        3.1750000000         2.0300000000         0.9887909546        48.7352988366      -335.0083133507 
        3.1800000000         2.0300000000         1.0040846636        48.1847994509      -312.1818821338 
        3.1850000000         2.0300000000         0.9964378091        46.3498014984      -323.5950977423 
        3.1900000000         2.0300000000         0.9913399061        43.7808043649      -331.2039081479 
        3.1950000000         2.0300000000         0.9989867606        42.8633053887      -319.7906925394 
        3.2000001000         2.0300000000         0.9887909546        41.3953070267      -335.0083133507 
        3.2050000000         2.0300000000         0.9964378091        40.1108084600      -323.5950977423 
        3.2100003000         2.0300000000         1.0015357121        37.9088109170      -315.9862873366 
        3.2150000000         2.0300000000         0.9989867606        36.9913119407      -319.7906925394 
        3.2200231000         2.0300000000         0.9913399061        34.6058146025      -331.2039081479 
        3.2250000000         2.0300000000         0.9887909546        33.1378162405      -335.0083133507 
        3.2300000000         2.0300000000         0.9887909546        31.4863180833      -335.0083133507 
        3.2350000000         2.0300000000         0.9964378091        29.8348199260      -323.5950977423 
        3.2400000000         2.0300000000         0.9964378091        28.7338211546      -323.5950977423 
        3.2450000000         2.0300000000         0.9989867606        27.0823229973      -319.7906925394 
        3.2500000000         2.0300000000         0.9938888576        25.4308248401      -327.3995029451 
        3.2550000000         2.0300000000         0.9862420032        22.8618277066      -338.8127185536 
        3.2600000000         2.0300000000         0.9938888576        22.1278285256      -327.3995029451 
        3.2650001000         2.0300000000         0.9938888576        19.9258309826      -327.3995029451 
        3.2700000000         2.0300000000         0.9887909546        18.4578326206      -335.0083133507 
        3.2750000000         2.0300000000         0.9913399061        16.6228346682      -331.2039081479 
        3.2800000000         2.0300000000         0.9887909546        15.3383361014      -335.0083133507 
        3.2850001000         2.0300000000         0.9862420032        12.9528387632      -338.8127185536 
        3.2900000000         2.0300000000         0.9964378091        11.3013406059      -323.5950977423 
        3.2950000000         2.0300000000         1.0015357121        10.0168420392      -315.9862873366 
        3.3000000000         2.0300000000         0.9862420032         7.4478449057      -338.8127185536 
        3.3050000000         2.0300000000         0.9887909546         6.1633463390      -335.0083133507 
        3.3100000000         2.0300000000         0.9836930517         4.6953479770      -342.6171237564 
        3.3150000000         2.0300000000         0.9989867606         3.4108494103      -319.7906925394 
        3.3200000000         2.0300000000         0.9938888576         1.3923516625      -327.3995029451 
        3.3250001000         2.0300000000         0.9785951487        -0.2591464947      -350.2259341621 
        3.3300000000         2.0300000000         0.9887909546        -0.0756466995      -335.0083133507 
        3.3350000000         2.0300000000         0.9887909546         0.1078530958      -335.0083133507 
        3.3400000000         2.0300000000         0.9785951487        -0.4426462900      -350.2259341621 
        3.3450000000         2.0300000000         0.9683993428        -0.2591464947      -365.4435549734 
        3.3500000000         2.0300000000         0.9989867606        79.7467642336      -319.7906925394 
        3.3550000000         2.0300000000         0.9836930517        79.9302640289      -342.6171237564 
        3.3600000000         2.0300000000         1.0040846636        80.2972636194      -312.1818821338 
        3.3650000000         2.0300000000         0.9964378091       360.3179511686      -323.5950977423 
        3.3700038000         2.0300000000         0.9683993428       359.4004521924      -365.4435549734 
        3.3750000000         2.0300000000         0.9964378091       359.7674517829      -323.5950977423 
        3.3800000000         2.0300000000         0.9862420032       359.4004521924      -338.8127185536 
        3.3850000000         2.0300000000         0.9836930517       359.9509515781      -342.6171237564 
        3.3900001000         2.0300000000         0.9887909546       359.9509515781      -335.0083133507 
        3.3950000000         2.0300000000         0.9913399061       358.1159536256      -331.2039081479 
        3.4000000000         2.0300000000         0.9913399061       356.4644554684      -331.2039081479 
        3.4050000000         2.0300000000         0.9913399061       354.8129573112      -331.2039081479 
        3.4100001000         2.0300000000         0.9913399061       352.7944595634      -331.2039081479 
        3.4150351000         2.0300000000         0.9887909546       350.5924620204      -335.0083133507 
        3.4200000000         2.0300000000         0.9913399061       349.4914632490      -331.2039081479 
        3.4250000000         2.0300000000         0.9887909546       347.6564652965      -335.0083133507 
        3.4300000000         2.0300000000         0.9964378091       346.1884669345      -323.5950977423 
        3.4350000000         2.0300000000         0.9913399061       344.7204685725      -331.2039081479 
        3.4400000000         2.0300000000         1.0015357121       342.8854706200      -315.9862873366 
        3.4450000000         2.0300000000         1.0040846636       341.2339724628      -312.1818821338 
        3.4500001000         2.0300000000         0.9913399061       339.0319749198      -331.2039081479 
        3.4550000000         2.0300000000         1.0040846636       337.9309761483      -312.1818821338 
        3.4600000000         2.0300000000         0.9887909546       335.7289786053      -335.0083133507 
        3.4650000000         2.0300000000         0.9836930517       333.5269810623      -342.6171237564 
        3.4700000000         2.0300000000         0.9887909546       332.7929818813      -335.0083133507 
        3.4750000000         2.0300000000         0.9913399061       330.2239847479      -331.2039081479 
        3.4800000000         2.0300000000         0.9887909546       328.5724865906      -335.0083133507 
        3.4850000000         2.0300000000         0.9913399061       327.8384874096      -331.2039081479 
        3.4900000000         2.0300000000         0.9938888576       325.6364898666      -327.3995029451 
        3.4950000000         2.0300000000         0.9964378091       324.1684915047      -323.5950977423 
        3.5000000000         2.0300000000         0.9989867606       322.1499937569      -319.7906925394 
        3.5050000000         2.0300000000         0.9887909546       320.8654951902      -335.0083133507 
        3.5100000000         2.0300000000         1.0015357121       318.2964980567      -315.9862873366 
        3.5150001000         2.0300000000         0.9938888576       317.5624988757      -327.3995029451 
        3.5200000000         2.0300000000         0.9862420032       315.3605013327      -338.8127185536 
        3.5250000000         2.0300000000         0.9989867606       313.3420035850      -319.7906925394 
        3.5300000000         2.0300000000         0.9887909546       312.6080044040      -335.0083133507 
        3.5350001000         2.0300000000         0.9862420032       310.0390072705      -338.8127185536 
        3.5400000000         2.0300000000         1.0066336150       309.4885078848      -308.3774769309 
        3.5450000000         2.0300000000         0.9989867606       307.2865103418      -319.7906925394 
        3.5500000000         2.0300000000         0.9836930517       304.9010130036      -342.6171237564 
        3.5550000000         2.0300000000         0.9938888576       303.6165144368      -327.3995029451 
        3.5600000000         2.0300000000         0.9964378091       302.3320158701      -323.5950977423 
        3.5650000000         2.0300000000         0.9913399061       300.6805177128      -331.2039081479 
        3.5700000000         2.0300000000         0.9964378091       298.8455197604      -323.5950977423 
        3.5750001000         2.0300000000         0.9938888576       297.1940216031      -327.3995029451 
        3.5800000000         2.0300000000         1.0015357121       295.5425234459      -315.9862873366 
        3.5850000000         2.0300000000         0.9887909546       293.8910252887      -335.0083133507 
        3.5900000000         2.0300000000         1.0040846636       292.2395271314      -312.1818821338 
        3.5950000000         2.0300000000         0.9887909546       290.2210293837      -335.0083133507 
        3.6000000000         2.0300000000         1.0066336150       289.6705299979      -308.3774769309 
        3.6050051000         2.0300000000         1.0066336150       287.4685324550      -308.3774769309 
        3.6100044000         2.0300000000         0.9938888576       286.0005340930      -327.3995029451 
        3.6150000000         2.0300000000         1.0066336150       284.7160355262      -308.3774769309 
        3.6200000000         2.0300000000         0.9938888576       281.9635385975      -327.3995029451 
        3.6250000000         2.0300000000         1.0091825665       281.4130392118      -304.5730717281 
        3.6300000000         2.0300000000         0.9938888576       280.1285406450      -327.3995029451 
        3.6350000000         2.0300000000         0.9989867606       277.9265431020      -319.7906925394 
        3.6400001000         2.0300000000         0.9938888576       275.9080453543      -327.3995029451 
        3.6450000000         2.0300000000         1.0040846636       274.8070465828      -312.1818821338 
        3.6500000000         2.0300000000         0.9989867606       273.7060478113      -319.7906925394 
        3.6550000000         2.0300000000         0.9964378091       271.8710498588      -323.5950977423 
        3.6600001000         2.0300000000         0.9964378091       269.3020527254      -323.5950977423 
        3.6650000000         2.0300000000         1.0066336150       268.3845537491      -308.3774769309 
        3.6700000000         2.0300000000         1.0015357121       266.7330555919      -315.9862873366 
        3.6750000000         2.0300000000         0.9836930517       264.7145578441      -342.6171237564 
        3.6800000000         2.0300000000         1.0040846636       263.4300592774      -312.1818821338 
        3.6850000000         2.0300000000         0.9887909546       261.5950613249      -335.0083133507 
        3.6900000000         2.0300000000         1.0040846636       260.3105627582      -312.1818821338 
        3.6950000000         2.0300000000         0.9938888576       258.8425643962      -327.3995029451 
        3.7000001000         2.0300000000         1.0015357121       257.1910662390      -315.9862873366 
        3.7050000000         2.0300000000         0.9887909546       255.1725684912      -335.0083133507 
        3.7100000000         2.0300000000         1.0066336150       254.4385693102      -308.3774769309 
        3.7150000000         2.0300000000         0.9964378091       252.2365717672      -323.5950977423 
        3.7200000000         2.0300000000         0.9913399061       250.5850736100      -331.2039081479 
        3.7250000000         2.0300000000         1.0015357121       249.1170752480      -315.9862873366 
        3.7300000000         2.0300000000         0.9964378091       247.0985775003      -323.5950977423 
        3.7350000000         2.0300000000         0.9836930517       246.3645783193      -342.6171237564 
        3.7400000000         2.0300000000         0.9913399061       243.7955811858      -331.2039081479 
        3.7450000000         2.0300000000         0.9887909546       242.3275828238      -335.0083133507 
        3.7500000000         2.0300000000         1.0040846636       240.6760846666      -312.1818821338 
        3.7550000000         2.0300000000         0.9938888576       239.5750858951      -327.3995029451 
        3.7600000000         2.0300000000         0.9964378091       237.7400879426      -323.5950977423 
        3.7650001000         2.0300000000         0.9989867606       237.0060887616      -319.7906925394 
        3.7700000000         2.0300000000         0.9989867606       234.2535918329      -319.7906925394 
        3.7750000000         2.0300000000         0.9862420032       233.7030924471      -338.8127185536 
        3.7800000000         2.0300000000         1.0091825665       232.2350940852      -304.5730717281 
        3.7850001000         2.0300000000         1.0142804695       230.5835959279      -296.9642613225 
        3.7900000000         2.0300000000         0.9964378091       228.0145987944      -323.5950977423 
        3.7950015000         2.0300000000         0.9989867606       226.5466004324      -319.7906925394 
        3.8000000000         2.0300000000         0.9887909546       225.0786020705      -335.0083133507 
        3.8050000000         2.0300000000         1.0040846636       223.0601043227      -312.1818821338 
        3.8100000000         2.0300000000         1.0015357121       222.3261051417      -315.9862873366 
        3.8150000000         2.0300000000         0.9964378091       220.8581067797      -323.5950977423 
        3.8200000000         2.0300000000         1.0015357121       219.2066086225      -315.9862873366 
        3.8250001000         2.0300000000         1.0040846636       217.9221100558      -312.1818821338 
        3.8300000000         2.0300000000         0.9862420032       215.3531129223      -338.8127185536 
        3.8350000000         2.0300000000         0.9913399061       214.2521141508      -331.2039081479 
        3.8400000000         2.0300000000         0.9964378091       212.6006159936      -323.5950977423 
        3.8450000000         2.0300000000         0.9913399061       210.5821182458      -331.2039081479 
        3.8500000000         2.0300000000         0.9989867606       209.2976196791      -319.7906925394 
        3.8550000000         2.0300000000         1.0015357121       208.3801207028      -315.9862873366 
        3.8600000000         2.0300000000         0.9964378091       207.0956221361      -323.5950977423 
        3.8650000000         2.0300000000         0.9887909546       204.5266250026      -335.0083133507 
        3.8700000000         2.0300000000         1.0015357121       203.2421264359      -315.9862873366 
        3.8750000000         2.0300000000         0.9964378091       201.7741280739      -323.5950977423 
        3.8800000000         2.0300000000         0.9964378091       200.1226299167      -323.5950977423 
        3.8850000000         2.0300000000         0.9913399061       198.4711317594      -331.2039081479 
        3.8900001000         2.0300000000         0.9989867606       197.3701329879      -319.7906925394 
        3.8950000000         2.0300000000         0.9887909546       194.9846356497      -335.0083133507 
        3.9000000000         2.0300000000         0.9989867606       193.8836368782      -319.7906925394 
        3.9050000000         2.0300000000         0.9989867606       192.4156385162      -319.7906925394 
        3.9100001000         2.0300000000         1.0015357121       191.3146397447      -315.9862873366 
        3.9150000000         2.0300000000         0.9938888576       188.7456426113      -327.3995029451 
        3.9200023000         2.0300000000         0.9989867606       188.1951432255      -319.7906925394 
        3.9250000000         2.0300000000         0.9989867606       185.6261460920      -319.7906925394 
        3.9300000000         2.0300000000         0.9938888576       184.3416475253      -327.3995029451 
        3.9350000000         2.0300000000         1.0040846636       182.6901493681      -312.1818821338 
        3.9400000000         2.0300000000         0.9836930517       181.0386512108      -342.6171237564 
        3.9450000000         2.0300000000         1.0015357121       180.3046520298      -315.9862873366 
        3.9500001000         2.0300000000         1.0066336150       178.4696540773      -308.3774769309 
        3.9550000000         2.0300000000         0.9964378091       176.8181559201      -323.5950977423 
        3.9600000000         2.0300000000         0.9887909546       175.1666577629      -335.0083133507 
        3.9650002000         2.0300000000         1.0117315180       173.8821591961      -300.7686665253 
        3.9700000000         2.0300000000         0.9989867606       172.0471612436      -319.7906925394 
        3.9750000000         2.0300000000         0.9989867606       170.2121632912      -319.7906925394 
        3.9800000000         2.0300000000         0.9989867606       168.7441649292      -319.7906925394 
        3.9850000000         2.0300000000         0.9964378091       167.2761665672      -323.5950977423 
        3.9900000000         2.0300000000         1.0066336150       165.6246684099      -308.3774769309 
        3.9950011000         2.0300000000         1.0040846636       163.7896704575      -312.1818821338 
