           Time[sec]           V_{cmd}[V]          V_{gyro}[V]          \theta[deg] \omega_{gyro}[deg/sec] 
        0.0000000000         2.3500000000         1.2130986854        99.7482419157        -0.0760881041 
        0.0050000000         2.3500000000         1.2029028795        99.1977425300       -15.2937089154 
        0.0100000000         2.3500000000         1.2130986854        99.7482419157        -0.0760881041 
        0.0150000000         2.3500000000         1.2130986854        99.7482419157        -0.0760881041 
        0.0200000000         2.3500000000         1.2080007824        99.1977425300        -7.6848985097 
        0.0250000000         2.3500000000         1.2130986854        99.7482419157        -0.0760881041 
        0.0300000000         2.3500000000         1.2207455399       100.4822410967        11.3371275044 
        0.0350000000         2.3500000000         1.2181965884       100.1152415062         7.5327223016 
        0.0400000000         2.3500000000         1.2130986854        99.7482419157        -0.0760881041 
        0.0450002000         2.3500000000         1.2181965884       100.2987413015         7.5327223016 
        0.0500000000         2.3500000000         1.2130986854        99.7482419157        -0.0760881041 
        0.0550000000         2.3500000000         1.2130986854        99.7482419157        -0.0760881041 
        0.0600000000         2.3500000000         1.2130986854        99.5647421205        -0.0760881041 
        0.0650000000         2.3500000000         1.2130986854        99.7482419157        -0.0760881041 
        0.0700000000         2.3500000000         1.2130986854       100.2987413015        -0.0760881041 
        0.0750000000         2.3500000000         1.2130986854        99.5647421205        -0.0760881041 
        0.0800000000         2.3500000000         1.2156476369       100.1152415062         3.7283170988 
        0.0850000000         2.3500000000         1.2130986854        99.5647421205        -0.0760881041 
        0.0900000000         2.3500000000         1.2080007824        99.7482419157        -7.6848985097 
        0.0950000000         2.3500000000         1.2207455399       100.1152415062        11.3371275044 
        0.1000000000         2.3500000000         1.2080007824        99.0142427347        -7.6848985097 
        0.1050000000         2.3500000000         1.2029028795        99.1977425300       -15.2937089154 
        0.1100000000         2.3500000000         1.2130986854        99.5647421205        -0.0760881041 
        0.1150000000         2.3500000000         1.2105497339        99.5647421205        -3.8804933069 
        0.1200000000         2.3500000000         1.2130986854       100.1152415062        -0.0760881041 
        0.1250000000         2.3500000000         1.2156476369        99.5647421205         3.7283170988 
        0.1300000000         2.3500000000         1.2080007824        99.0142427347        -7.6848985097 
        0.1350000000         2.3500000000         1.2105497339        99.5647421205        -3.8804933069 
        0.1400000000         2.3500000000         1.2054518309        99.1977425300       -11.4893037125 
        0.1450000000         2.3500000000         1.2105497339        99.9317417110        -3.8804933069 
        0.1500000000         2.3500000000         1.2207455399       100.2987413015        11.3371275044 
        0.1550000000         2.3500000000         1.2232944913        99.9317417110        15.1415327073 
        0.1600000000         2.3500000000         1.2207455399       100.1152415062        11.3371275044 
        0.1650000000         2.3500000000         1.2054518309        99.5647421205       -11.4893037125 
        0.1700000000         2.3500000000         1.2105497339        99.0142427347        -3.8804933069 
        0.1750000000         2.3500000000         1.2003539280        99.0142427347       -19.0981141182 
        0.1800000000         2.3500000000         1.2130986854        99.5647421205        -0.0760881041 
        0.1850000000         2.3500000000         1.2130986854        99.5647421205        -0.0760881041 
        0.1900000000         2.3500000000         1.2130986854        99.7482419157        -0.0760881041 
        0.1950000000         2.3500000000         1.2156476369        99.7482419157         3.7283170988 
        0.2000000000         2.3500000000         1.2207455399        99.9317417110        11.3371275044 
        0.2050000000         2.3500000000         1.2130986854        99.5647421205        -0.0760881041 
        0.2100000000         2.3500000000         1.2080007824        99.0142427347        -7.6848985097 
        0.2150000000         2.3500000000         1.2080007824        99.0142427347        -7.6848985097 
        0.2200000000         2.3500000000         1.2181965884       100.1152415062         7.5327223016 
        0.2250000000         2.3500000000         1.2054518309        99.0142427347       -11.4893037125 
        0.2300000000         2.3500000000         1.2181965884       100.1152415062         7.5327223016 
        0.2350000000         2.3500000000         1.2080007824        99.0142427347        -7.6848985097 
        0.2400000000         2.3500000000         1.2130986854        99.5647421205        -0.0760881041 
        0.2450000000         2.3500000000         1.2130986854        99.7482419157        -0.0760881041 
        0.2500000000         2.3500000000         1.2130986854        99.7482419157        -0.0760881041 
        0.2550000000         2.3500000000         1.2080007824        99.0142427347        -7.6848985097 
        0.2600000000         2.3500000000         1.2130986854       100.1152415062        -0.0760881041 
        0.2650000000         2.3500000000         1.2130986854       100.1152415062        -0.0760881041 
        0.2700000000         2.3500000000         1.2130986854        99.5647421205        -0.0760881041 
        0.2750000000         2.3500000000         1.2130986854        99.5647421205        -0.0760881041 
        0.2800000000         2.3500000000         1.2156476369        99.7482419157         3.7283170988 
        0.2850000000         2.3500000000         1.2080007824        99.0142427347        -7.6848985097 
        0.2900000000         2.3500000000         1.2130986854        99.5647421205        -0.0760881041 
        0.2950000000         2.3500000000         1.2130986854        99.5647421205        -0.0760881041 
        0.3000000000         2.3500000000         1.2054518309        99.0142427347       -11.4893037125 
        0.3050000000         2.3500000000         1.2207455399        99.5647421205        11.3371275044 
        0.3100000000         2.3500000000         1.2130986854        99.7482419157        -0.0760881041 
        0.3150000000         2.3500000000         1.2207455399       100.1152415062        11.3371275044 
        0.3200000000         2.3500000000         1.2105497339        99.5647421205        -3.8804933069 
        0.3250000000         2.3500000000         1.2156476369        99.7482419157         3.7283170988 
        0.3300000000         2.3500000000         1.2232944913       100.2987413015        15.1415327073 
        0.3350000000         2.3500000000         1.2105497339        99.7482419157        -3.8804933069 
        0.3400000000         2.3500000000         1.2130986854        99.5647421205        -0.0760881041 
        0.3450000000         2.3500000000         1.2130986854        99.7482419157        -0.0760881041 
        0.3500000000         2.3500000000         1.2080007824        99.0142427347        -7.6848985097 
        0.3550000000         2.3500000000         1.2054518309        99.1977425300       -11.4893037125 
        0.3600000000         2.3500000000         1.2080007824        99.0142427347        -7.6848985097 
        0.3650000000         2.3500000000         1.2130986854        99.7482419157        -0.0760881041 
        0.3700000000         2.3500000000         1.2130986854        99.5647421205        -0.0760881041 
        0.3750017000         2.3500000000         1.2130986854        99.3812423252        -0.0760881041 
        0.3800000000         2.3500000000         1.2080007824        99.1977425300        -7.6848985097 
        0.3850000000         2.3500000000         1.2130986854        99.5647421205        -0.0760881041 
        0.3900000000         2.3500000000         1.2130986854        99.1977425300        -0.0760881041 
        0.3950000000         2.3500000000         1.2130986854        99.7482419157        -0.0760881041 
        0.4000000000         2.3500000000         1.2130986854        99.1977425300        -0.0760881041 
        0.4050000000         2.3500000000         1.2130986854        99.7482419157        -0.0760881041 
        0.4100000000         2.3500000000         1.2130986854        99.7482419157        -0.0760881041 
        0.4150000000         2.3500000000         1.2130986854        99.7482419157        -0.0760881041 
        0.4200001000         2.3500000000         1.2130986854        99.7482419157        -0.0760881041 
        0.4250000000         2.3500000000         1.2130986854        99.5647421205        -0.0760881041 
        0.4300000000         2.3500000000         1.2130986854        99.7482419157        -0.0760881041 
        0.4350000000         2.3500000000         1.2130986854        99.5647421205        -0.0760881041 
        0.4400000000         2.3500000000         1.2130986854        99.7482419157        -0.0760881041 
        0.4450000000         2.3500000000         1.2207455399       100.1152415062        11.3371275044 
        0.4500000000         2.3500000000         1.2130986854        99.5647421205        -0.0760881041 
        0.4550000000         2.3500000000         1.2080007824        99.1977425300        -7.6848985097 
        0.4600000000         2.3500000000         1.2130986854        99.7482419157        -0.0760881041 
        0.4650000000         2.3500000000         1.2130986854        99.7482419157        -0.0760881041 
        0.4700000000         2.3500000000         1.2181965884       100.1152415062         7.5327223016 
        0.4750000000         2.3500000000         1.2105497339        99.7482419157        -3.8804933069 
        0.4800000000         2.3500000000         1.2130986854        99.7482419157        -0.0760881041 
        0.4850000000         2.3500000000         1.2130986854        99.3812423252        -0.0760881041 
        0.4900000000         2.3500000000         1.2130986854       100.1152415062        -0.0760881041 
        0.4950000000         2.3500000000         1.2181965884       100.1152415062         7.5327223016 
        0.5000000000         2.3500000000         1.2080007824        99.3812423252        -7.6848985097 
        0.5050000000         2.3500000000         1.2130986854        99.7482419157        -0.0760881041 
        0.5100000000         2.3500000000         1.2207455399       100.1152415062        11.3371275044 
        0.5150000000         2.3500000000         1.2080007824        99.0142427347        -7.6848985097 
        0.5200000000         2.3500000000         1.2054518309        99.0142427347       -11.4893037125 
        0.5250000000         2.3500000000         1.2207455399       100.4822410967        11.3371275044 
        0.5300000000         2.3500000000         1.2232944913       100.1152415062        15.1415327073 
        0.5350000000         2.3500000000         1.2130986854        99.3812423252        -0.0760881041 
        0.5400000000         2.3500000000         1.2130986854        99.7482419157        -0.0760881041 
        0.5450022000         2.3500000000         1.2080007824        99.1977425300        -7.6848985097 
        0.5500000000         2.3500000000         1.2130986854        99.5647421205        -0.0760881041 
        0.5550000000         2.3500000000         1.2130986854        99.5647421205        -0.0760881041 
        0.5600000000         2.3500000000         1.2054518309        99.1977425300       -11.4893037125 
        0.5650000000         2.3500000000         1.2207455399       100.1152415062        11.3371275044 
        0.5700000000         2.3500000000         1.2130986854        99.7482419157        -0.0760881041 
        0.5750000000         2.3500000000         1.2080007824        99.0142427347        -7.6848985097 
        0.5800000000         2.3500000000         1.2181965884        99.7482419157         7.5327223016 
        0.5850000000         2.3500000000         1.2130986854        99.7482419157        -0.0760881041 
        0.5900000000         2.3500000000         1.2130986854        99.7482419157        -0.0760881041 
        0.5950000000         2.3500000000         1.2207455399        99.5647421205        11.3371275044 
        0.6000000000         2.3500000000         1.2130986854        99.1977425300        -0.0760881041 
        0.6050000000         2.3500000000         1.2130986854        99.5647421205        -0.0760881041 
        0.6100000000         2.3500000000         1.2130986854        99.5647421205        -0.0760881041 
        0.6150000000         2.3500000000         1.2207455399       100.1152415062        11.3371275044 
        0.6200000000         2.3500000000         1.2130986854        99.7482419157        -0.0760881041 
        0.6250000000         2.3500000000         1.2105497339        99.5647421205        -3.8804933069 
        0.6300000000         2.3500000000         1.2029028795        99.1977425300       -15.2937089154 
        0.6350000000         2.3500000000         1.2054518309        99.0142427347       -11.4893037125 
        0.6400000000         2.3500000000         1.2080007824        99.5647421205        -7.6848985097 
        0.6450000000         2.3500000000         1.2156476369        99.7482419157         3.7283170988 
        0.6500000000         2.3500000000         1.2130986854        99.7482419157        -0.0760881041 
        0.6550000000         2.3500000000         1.2130986854        99.7482419157        -0.0760881041 
        0.6600000000         2.3500000000         1.2105497339        99.7482419157        -3.8804933069 
        0.6650000000         2.3500000000         1.2207455399       100.1152415062        11.3371275044 
        0.6700000000         2.3500000000         1.2130986854        99.5647421205        -0.0760881041 
        0.6750000000         2.3500000000         1.2130986854        99.5647421205        -0.0760881041 
        0.6800000000         2.3500000000         1.2105497339        99.7482419157        -3.8804933069 
        0.6850000000         2.3500000000         1.2207455399        99.7482419157        11.3371275044 
        0.6900000000         2.3500000000         1.2130986854        99.5647421205        -0.0760881041 
        0.6950000000         2.3500000000         1.2130986854        99.5647421205        -0.0760881041 
        0.7000000000         2.3500000000         1.2130986854        99.7482419157        -0.0760881041 
        0.7050000000         2.3500000000         1.2232944913       100.2987413015        15.1415327073 
        0.7100000000         2.3500000000         1.2207455399        99.5647421205        11.3371275044 
        0.7150000000         2.3500000000         1.2130986854        99.5647421205        -0.0760881041 
        0.7200000000         2.3500000000         1.2080007824        99.1977425300        -7.6848985097 
        0.7250000000         2.3500000000         1.2080007824        99.5647421205        -7.6848985097 
        0.7300000000         2.3500000000         1.2080007824        99.3812423252        -7.6848985097 
        0.7350000000         2.3500000000         1.2054518309        99.3812423252       -11.4893037125 
        0.7400000000         2.3500000000         1.2130986854        99.5647421205        -0.0760881041 
        0.7450000000         2.3500000000         1.2130986854        99.7482419157        -0.0760881041 
        0.7500000000         2.3500000000         1.2181965884       100.1152415062         7.5327223016 
        0.7550000000         2.3500000000         1.2207455399       100.1152415062        11.3371275044 
        0.7600000000         2.3500000000         1.2130986854        99.7482419157        -0.0760881041 
        0.7650000000         2.3500000000         1.2130986854        99.7482419157        -0.0760881041 
        0.7700000000         2.3500000000         1.2080007824        99.1977425300        -7.6848985097 
        0.7750000000         2.3500000000         1.2054518309        99.1977425300       -11.4893037125 
        0.7800013000         2.3500000000         1.2105497339       100.1152415062        -3.8804933069 
        0.7850000000         2.3500000000         1.2054518309        99.0142427347       -11.4893037125 
        0.7900000000         2.3500000000         1.2105497339        99.9317417110        -3.8804933069 
        0.7950000000         2.3500000000         1.2080007824        99.1977425300        -7.6848985097 
        0.8000000000         2.3500000000         1.2130986854        99.7482419157        -0.0760881041 
        0.8050000000         2.3500000000         1.2130986854        99.5647421205        -0.0760881041 
        0.8100000000         2.3500000000         1.2232944913       100.1152415062        15.1415327073 
        0.8150000000         2.3500000000         1.2181965884       100.1152415062         7.5327223016 
        0.8200000000         2.3500000000         1.2207455399       100.1152415062        11.3371275044 
        0.8250000000         2.3500000000         1.2130986854        99.7482419157        -0.0760881041 
        0.8300000000         2.3500000000         1.2105497339        99.7482419157        -3.8804933069 
        0.8350000000         2.3500000000         1.2080007824        99.0142427347        -7.6848985097 
        0.8400000000         2.3500000000         1.2130986854        99.3812423252        -0.0760881041 
        0.8450000000         2.3500000000         1.2105497339        99.7482419157        -3.8804933069 
        0.8500000000         2.3500000000         1.2080007824        99.1977425300        -7.6848985097 
        0.8550000000         2.3500000000         1.2130986854        99.5647421205        -0.0760881041 
        0.8600000000         2.3500000000         1.2105497339        99.1977425300        -3.8804933069 
        0.8650000000         2.3500000000         1.2207455399        99.5647421205        11.3371275044 
        0.8700000000         2.3500000000         1.2054518309        99.0142427347       -11.4893037125 
        0.8750000000         2.3500000000         1.2080007824        99.1977425300        -7.6848985097 
        0.8800000000         2.3500000000         1.2130986854        99.3812423252        -0.0760881041 
        0.8850000000         2.3500000000         1.2130986854       100.1152415062        -0.0760881041 
        0.8900000000         2.3500000000         1.2054518309        99.0142427347       -11.4893037125 
        0.8950000000         2.3500000000         1.2080007824        98.8307429395        -7.6848985097 
        0.9000023000         2.3500000000         1.2130986854        99.7482419157        -0.0760881041 
        0.9050000000         2.3500000000         1.2130986854        99.7482419157        -0.0760881041 
        0.9100000000         2.3500000000         1.2130986854       100.1152415062        -0.0760881041 
        0.9150000000         2.3500000000         1.2207455399       100.2987413015        11.3371275044 
        0.9200000000         2.3500000000         1.2130986854        99.5647421205        -0.0760881041 
        0.9250000000         2.3500000000         1.2130986854        99.5647421205        -0.0760881041 
        0.9300000000         2.3500000000         1.2054518309        99.1977425300       -11.4893037125 
        0.9350000000         2.3500000000         1.2080007824        99.1977425300        -7.6848985097 
        0.9400000000         2.3500000000         1.2080007824        99.1977425300        -7.6848985097 
        0.9450000000         2.3500000000         1.2130986854        99.5647421205        -0.0760881041 
        0.9500000000         2.3500000000         1.2156476369        99.7482419157         3.7283170988 
        0.9550000000         2.3500000000         1.2181965884        99.5647421205         7.5327223016 
        0.9600000000         2.3500000000         1.2130986854       100.1152415062        -0.0760881041 
        0.9650000000         2.3500000000         1.2156476369        99.7482419157         3.7283170988 
        0.9700000000         2.3500000000         1.2130986854        99.7482419157        -0.0760881041 
        0.9750000000         2.3500000000         1.2054518309        99.1977425300       -11.4893037125 
        0.9800000000         2.3500000000         1.2130986854        99.5647421205        -0.0760881041 
        0.9850000000         2.3500000000         1.2181965884       100.1152415062         7.5327223016 
        0.9900001000         2.3500000000         1.2207455399        99.5647421205        11.3371275044 
        0.9950005000         2.3500000000         1.2130986854        99.7482419157        -0.0760881041 
        1.0000000000         2.3500000000         1.2080007824        99.1977425300        -7.6848985097 
        1.0050000000         2.3500000000         1.2054518309        99.0142427347       -11.4893037125 
        1.0100000000         2.3500000000         1.2130986854        99.5647421205        -0.0760881041 
        1.0150000000         2.3500000000         1.2130986854        99.7482419157        -0.0760881041 
        1.0200000000         2.3500000000         1.2105497339        99.7482419157        -3.8804933069 
        1.0250000000         2.3500000000         1.2080007824        99.7482419157        -7.6848985097 
        1.0300000000         2.3500000000         1.2130986854        99.9317417110        -0.0760881041 
        1.0350000000         2.3500000000         1.2130986854       100.1152415062        -0.0760881041 
        1.0400000000         2.3500000000         1.2130986854        99.7482419157        -0.0760881041 
        1.0450000000         2.3500000000         1.2130986854        99.5647421205        -0.0760881041 
        1.0500000000         2.3500000000         1.2080007824        99.1977425300        -7.6848985097 
        1.0550000000         2.3500000000         1.2130986854        99.1977425300        -0.0760881041 
        1.0600000000         2.3500000000         1.2130986854        99.7482419157        -0.0760881041 
        1.0650000000         2.3500000000         1.2130986854        99.7482419157        -0.0760881041 
        1.0700000000         2.3500000000         1.2054518309        99.1977425300       -11.4893037125 
        1.0750000000         2.3500000000         1.2130986854        99.7482419157        -0.0760881041 
        1.0800000000         2.3500000000         1.2181965884       100.1152415062         7.5327223016 
        1.0850000000         2.3500000000         1.2080007824        99.0142427347        -7.6848985097 
        1.0900000000         2.3500000000         1.2232944913       100.1152415062        15.1415327073 
        1.0950000000         2.3500000000         1.2130986854        99.5647421205        -0.0760881041 
        1.1000000000         2.3500000000         1.2130986854        99.5647421205        -0.0760881041 
        1.1050000000         2.3500000000         1.2080007824        99.0142427347        -7.6848985097 
        1.1100000000         2.3500000000         1.2080007824        99.1977425300        -7.6848985097 
        1.1150000000         2.3500000000         1.2156476369        99.5647421205         3.7283170988 
        1.1200000000         2.3500000000         1.2054518309        99.1977425300       -11.4893037125 
        1.1250000000         2.3500000000         1.2207455399       100.1152415062        11.3371275044 
        1.1300000000         2.3500000000         1.2130986854        99.7482419157        -0.0760881041 
        1.1350000000         2.3500000000         1.2080007824        99.7482419157        -7.6848985097 
        1.1400000000         2.3500000000         1.2130986854       100.1152415062        -0.0760881041 
        1.1450000000         2.3500000000         1.2232944913       100.1152415062        15.1415327073 
        1.1500000000         2.3500000000         1.2130986854        99.5647421205        -0.0760881041 
        1.1550001000         2.3500000000         1.2130986854        99.1977425300        -0.0760881041 
        1.1600000000         2.3500000000         1.2130986854        99.5647421205        -0.0760881041 
        1.1650000000         2.3500000000         1.2258434428       100.2987413015        18.9459379101 
        1.1700000000         2.3500000000         1.2207455399       100.1152415062        11.3371275044 
        1.1750000000         2.3500000000         1.2130986854        99.5647421205        -0.0760881041 
        1.1800000000         2.3500000000         1.2080007824        99.1977425300        -7.6848985097 
        1.1850000000         2.3500000000         1.2080007824        99.0142427347        -7.6848985097 
        1.1900000000         2.3500000000         1.2156476369        99.5647421205         3.7283170988 
        1.1950000000         2.3500000000         1.2130986854        99.7482419157        -0.0760881041 
        1.2000000000         2.3500000000         1.2105497339       100.1152415062        -3.8804933069 
        1.2050000000         2.3500000000         1.2207455399       100.1152415062        11.3371275044 
        1.2100000000         2.3500000000         1.2207455399        99.9317417110        11.3371275044 
        1.2150000000         2.3500000000         1.2130986854        99.7482419157        -0.0760881041 
        1.2200000000         2.3500000000         1.2207455399       100.1152415062        11.3371275044 
        1.2250000000         2.3500000000         1.2054518309        99.1977425300       -11.4893037125 
        1.2300000000         2.3500000000         1.2156476369        99.7482419157         3.7283170988 
        1.2350000000         2.3500000000         1.2130986854        99.7482419157        -0.0760881041 
        1.2400000000         2.3500000000         1.2130986854        99.7482419157        -0.0760881041 
        1.2450000000         2.3500000000         1.2105497339        99.7482419157        -3.8804933069 
        1.2500000000         2.3500000000         1.2207455399       100.1152415062        11.3371275044 
        1.2550000000         2.3500000000         1.2207455399       100.1152415062        11.3371275044 
        1.2600000000         2.3500000000         1.2130986854        99.5647421205        -0.0760881041 
        1.2650000000         2.3500000000         1.2207455399       100.2987413015        11.3371275044 
        1.2700000000         2.3500000000         1.2232944913        99.5647421205        15.1415327073 
        1.2750000000         2.3500000000         1.2207455399       100.1152415062        11.3371275044 
        1.2800001000         2.3500000000         1.2080007824        99.7482419157        -7.6848985097 
        1.2850000000         2.3500000000         1.2130986854        99.7482419157        -0.0760881041 
        1.2900000000         2.3500000000         1.2207455399       100.1152415062        11.3371275044 
        1.2950000000         2.3500000000         1.2080007824        99.1977425300        -7.6848985097 
        1.3000000000         2.3500000000         1.2207455399        99.9317417110        11.3371275044 
        1.3050000000         2.3500000000         1.2080007824        99.1977425300        -7.6848985097 
        1.3100000000         2.3500000000         1.2130986854        99.5647421205        -0.0760881041 
        1.3150000000         2.3500000000         1.2105497339        99.5647421205        -3.8804933069 
        1.3200000000         2.3500000000         1.2156476369       100.1152415062         3.7283170988 
        1.3250000000         2.3500000000         1.2156476369       100.1152415062         3.7283170988 
        1.3300000000         2.3500000000         1.2130986854        99.7482419157        -0.0760881041 
        1.3350000000         2.3500000000         1.2130986854        99.7482419157        -0.0760881041 
        1.3400000000         2.3500000000         1.2054518309        99.5647421205       -11.4893037125 
        1.3450000000         2.3500000000         1.2080007824        99.1977425300        -7.6848985097 
        1.3500000000         2.3500000000         1.2232944913        99.7482419157        15.1415327073 
        1.3550000000         2.3500000000         1.2130986854        99.7482419157        -0.0760881041 
        1.3600000000         2.3500000000         1.2029028795        99.0142427347       -15.2937089154 
        1.3650000000         2.3500000000         1.2181965884       100.1152415062         7.5327223016 
        1.3700000000         2.3500000000         1.2207455399       100.4822410967        11.3371275044 
        1.3750000000         2.3500000000         1.2130986854        99.7482419157        -0.0760881041 
        1.3800000000         2.3500000000         1.2130986854        99.3812423252        -0.0760881041 
        1.3850000000         2.3500000000         1.2181965884       100.1152415062         7.5327223016 
        1.3900000000         2.3500000000         1.2207455399        99.7482419157        11.3371275044 
        1.3950000000         2.3500000000         1.2130986854        99.5647421205        -0.0760881041 
        1.4000000000         2.3500000000         1.2105497339        99.7482419157        -3.8804933069 
        1.4050001000         2.3500000000         1.2130986854        99.7482419157        -0.0760881041 
        1.4100000000         2.3500000000         1.2080007824        99.1977425300        -7.6848985097 
        1.4150015000         2.3500000000         1.2105497339        99.7482419157        -3.8804933069 
        1.4200000000         2.3500000000         1.2080007824        99.0142427347        -7.6848985097 
        1.4250000000         2.3500000000         1.2130986854        99.5647421205        -0.0760881041 
        1.4300000000         2.3500000000         1.2130986854        99.7482419157        -0.0760881041 
        1.4350000000         2.3500000000         1.2130986854        99.7482419157        -0.0760881041 
        1.4400000000         2.3500000000         1.2105497339        99.3812423252        -3.8804933069 
        1.4450000000         2.3500000000         1.2054518309        99.1977425300       -11.4893037125 
        1.4500000000         2.3500000000         1.2130986854        99.5647421205        -0.0760881041 
        1.4550000000         2.3500000000         1.2130986854        99.1977425300        -0.0760881041 
        1.4600000000         2.3500000000         1.2283923943       100.1152415062        22.7503431129 
        1.4650000000         2.3500000000         1.2130986854        99.5647421205        -0.0760881041 
        1.4700000000         2.3500000000         1.2080007824        99.0142427347        -7.6848985097 
        1.4750000000         2.3500000000         1.2130986854        99.7482419157        -0.0760881041 
        1.4800000000         2.3500000000         1.2080007824        99.1977425300        -7.6848985097 
        1.4850000000         2.3500000000         1.2130986854        99.5647421205        -0.0760881041 
        1.4900000000         2.3500000000         1.2130986854       100.1152415062        -0.0760881041 
        1.4950000000         2.3500000000         1.2130986854        99.5647421205        -0.0760881041 
        1.5000016000         2.3500000000         1.2181965884       100.2987413015         7.5327223016 
        1.5050000000         2.3500000000         1.2207455399       100.1152415062        11.3371275044 
        1.5100000000         2.3500000000         1.2130986854        99.7482419157        -0.0760881041 
        1.5150000000         2.3500000000         1.2207455399       100.4822410967        11.3371275044 
        1.5200000000         2.3500000000         1.2029028795        99.0142427347       -15.2937089154 
        1.5250000000         2.3500000000         1.2156476369        99.7482419157         3.7283170988 
        1.5300001000         2.3500000000         1.2080007824        99.7482419157        -7.6848985097 
        1.5350000000         2.3500000000         1.2130986854        99.5647421205        -0.0760881041 
        1.5400000000         2.3500000000         1.2130986854        99.1977425300        -0.0760881041 
        1.5450000000         2.3500000000         1.2080007824        99.0142427347        -7.6848985097 
        1.5500000000         2.3500000000         1.2080007824        99.5647421205        -7.6848985097 
        1.5550000000         2.3500000000         1.2054518309        99.1977425300       -11.4893037125 
        1.5600000000         2.3500000000         1.2130986854       100.2987413015        -0.0760881041 
        1.5650000000         2.3500000000         1.2181965884       100.4822410967         7.5327223016 
        1.5700000000         2.3500000000         1.2080007824        99.0142427347        -7.6848985097 
        1.5750000000         2.3500000000         1.2130986854        99.1977425300        -0.0760881041 
        1.5800000000         2.3500000000         1.2130986854        99.5647421205        -0.0760881041 
        1.5850000000         2.3500000000         1.2080007824        99.0142427347        -7.6848985097 
        1.5900000000         2.3500000000         1.2207455399        99.5647421205        11.3371275044 
        1.5950019000         2.3500000000         1.2105497339        99.5647421205        -3.8804933069 
        1.6000000000         2.3500000000         1.2105497339        99.7482419157        -3.8804933069 
        1.6050000000         2.3500000000         1.2181965884       100.1152415062         7.5327223016 
        1.6100000000         2.3500000000         1.2207455399       100.1152415062        11.3371275044 
        1.6150000000         2.3500000000         1.2105497339        99.3812423252        -3.8804933069 
        1.6200000000         2.3500000000         1.2130986854        99.7482419157        -0.0760881041 
        1.6250000000         2.3500000000         1.2130986854        99.5647421205        -0.0760881041 
        1.6300000000         2.3500000000         1.2130986854        99.5647421205        -0.0760881041 
        1.6350000000         2.3500000000         1.2130986854        99.3812423252        -0.0760881041 
        1.6400000000         2.3500000000         1.2080007824        99.3812423252        -7.6848985097 
        1.6450000000         2.3500000000         1.2054518309        99.1977425300       -11.4893037125 
        1.6500000000         2.3500000000         1.2130986854        99.7482419157        -0.0760881041 
        1.6550001000         2.3500000000         1.2105497339        99.5647421205        -3.8804933069 
        1.6600000000         2.3500000000         1.2207455399       100.1152415062        11.3371275044 
        1.6650000000         2.3500000000         1.2054518309        99.1977425300       -11.4893037125 
        1.6700000000         2.3500000000         1.2156476369        99.7482419157         3.7283170988 
        1.6750000000         2.3500000000         1.2054518309        99.1977425300       -11.4893037125 
        1.6800000000         2.3500000000         1.2029028795        99.0142427347       -15.2937089154 
        1.6850000000         2.3500000000         1.2130986854        99.0142427347        -0.0760881041 
        1.6900000000         2.3500000000         1.2207455399        99.7482419157        11.3371275044 
        1.6950000000         2.3500000000         1.2156476369       100.2987413015         3.7283170988 
        1.7000000000         2.3500000000         1.2080007824        99.0142427347        -7.6848985097 
        1.7050000000         2.3500000000         1.2130986854        99.7482419157        -0.0760881041 
        1.7100000000         2.3500000000         1.2054518309        99.0142427347       -11.4893037125 
        1.7150000000         2.3500000000         1.2080007824        99.1977425300        -7.6848985097 
        1.7200000000         2.3500000000         1.2080007824        99.0142427347        -7.6848985097 
        1.7250000000         2.3500000000         1.2130986854       100.1152415062        -0.0760881041 
        1.7300000000         2.3500000000         1.2207455399        99.9317417110        11.3371275044 
        1.7350000000         2.3500000000         1.2207455399       100.1152415062        11.3371275044 
        1.7400000000         2.3500000000         1.2130986854        99.7482419157        -0.0760881041 
        1.7450000000         2.3500000000         1.2130986854        99.0142427347        -0.0760881041 
        1.7500000000         2.3500000000         1.2080007824        99.5647421205        -7.6848985097 
        1.7550000000         2.3500000000         1.2232944913        99.7482419157        15.1415327073 
        1.7600000000         2.3500000000         1.2130986854        99.1977425300        -0.0760881041 
        1.7650000000         2.3500000000         1.2130986854        99.5647421205        -0.0760881041 
        1.7700000000         2.3500000000         1.2130986854        99.7482419157        -0.0760881041 
        1.7750000000         2.3500000000         1.2207455399       100.1152415062        11.3371275044 
        1.7800001000         2.3500000000         1.2130986854        99.5647421205        -0.0760881041 
        1.7850000000         2.3500000000         1.2130986854        99.5647421205        -0.0760881041 
        1.7900000000         2.3500000000         1.2130986854        99.7482419157        -0.0760881041 
        1.7950000000         2.3500000000         1.2156476369        99.5647421205         3.7283170988 
        1.8000000000         2.3500000000         1.2054518309        99.0142427347       -11.4893037125 
        1.8050000000         2.3500000000         1.2130986854        99.0142427347        -0.0760881041 
        1.8100000000         2.3500000000         1.2130986854        99.3812423252        -0.0760881041 
        1.8150000000         2.3500000000         1.2207455399       100.1152415062        11.3371275044 
        1.8200000000         2.3500000000         1.2130986854        99.7482419157        -0.0760881041 
        1.8250000000         2.3500000000         1.2130986854        99.7482419157        -0.0760881041 
        1.8300000000         2.3500000000         1.2156476369       100.1152415062         3.7283170988 
        1.8350000000         2.3500000000         1.2130986854        99.5647421205        -0.0760881041 
        1.8400000000         2.3500000000         1.2105497339        99.1977425300        -3.8804933069 
        1.8450000000         2.3500000000         1.2054518309        99.7482419157       -11.4893037125 
        1.8500000000         2.3500000000         1.2207455399       100.1152415062        11.3371275044 
        1.8550000000         2.3500000000         1.2181965884        99.7482419157         7.5327223016 
        1.8600000000         2.3500000000         1.2130986854        99.3812423252        -0.0760881041 
        1.8650000000         2.3500000000         1.2080007824        99.1977425300        -7.6848985097 
        1.8700000000         2.3500000000         1.2207455399       100.4822410967        11.3371275044 
        1.8750000000         2.3500000000         1.2130986854        99.7482419157        -0.0760881041 
        1.8800000000         2.3500000000         1.2080007824        99.1977425300        -7.6848985097 
        1.8850000000         2.3500000000         1.2054518309        99.3812423252       -11.4893037125 
        1.8900000000         2.3500000000         1.2207455399       100.2987413015        11.3371275044 
        1.8950000000         2.3500000000         1.2130986854        99.3812423252        -0.0760881041 
        1.9000000000         2.3500000000         1.2156476369        99.5647421205         3.7283170988 
        1.9050001000         2.3500000000         1.2080007824        99.1977425300        -7.6848985097 
        1.9100000000         2.3500000000         1.2054518309        99.5647421205       -11.4893037125 
        1.9150000000         2.3500000000         1.2130986854       100.2987413015        -0.0760881041 
        1.9200000000         2.3500000000         1.2207455399        99.7482419157        11.3371275044 
        1.9250000000         2.3500000000         1.2130986854        99.5647421205        -0.0760881041 
        1.9300000000         2.3500000000         1.2130986854        99.0142427347        -0.0760881041 
        1.9350000000         2.3500000000         1.2080007824        98.8307429395        -7.6848985097 
        1.9400000000         2.3500000000         1.2130986854       100.2987413015        -0.0760881041 
        1.9450000000         2.3500000000         1.2181965884       100.2987413015         7.5327223016 
        1.9500000000         2.3500000000         1.2130986854        99.5647421205        -0.0760881041 
        1.9550000000         2.3500000000         1.2130986854        99.7482419157        -0.0760881041 
        1.9600000000         2.3500000000         1.2130986854        99.0142427347        -0.0760881041 
        1.9650000000         2.3500000000         1.2156476369       100.1152415062         3.7283170988 
        1.9700000000         2.3500000000         1.2130986854        99.7482419157        -0.0760881041 
        1.9750000000         2.3500000000         1.2130986854        99.7482419157        -0.0760881041 
        1.9800000000         2.3500000000         1.2130986854        99.5647421205        -0.0760881041 
        1.9850000000         2.3500000000         1.2130986854        99.7482419157        -0.0760881041 
        1.9900000000         2.3500000000         1.2258434428       100.1152415062        18.9459379101 
        1.9950000000         2.3500000000         1.2207455399       100.2987413015        11.3371275044 
        2.0000000000         2.3500000000         1.2130986854        99.7482419157        -0.0760881041 
        2.0050000000         2.3500000000         1.2156476369        99.7482419157         3.7283170988 
        2.0100000000         2.3500000000         1.2054518309        99.0142427347       -11.4893037125 
        2.0150001000         2.3500000000         1.2054518309        99.1977425300       -11.4893037125 
        2.0200000000         2.3500000000         1.2130986854        99.7482419157        -0.0760881041 
        2.0250000000         2.3500000000         1.2130986854       100.1152415062        -0.0760881041 
        2.0300000000         2.3500000000         1.2130986854        99.7482419157        -0.0760881041 
        2.0350000000         2.3500000000         1.2080007824        99.0142427347        -7.6848985097 
        2.0400000000         2.3500000000         1.2130986854        99.5647421205        -0.0760881041 
        2.0450000000         2.3500000000         1.2130986854        99.5647421205        -0.0760881041 
        2.0500000000         2.3500000000         1.2080007824        99.7482419157        -7.6848985097 
        2.0550000000         2.3500000000         1.2130986854        99.1977425300        -0.0760881041 
        2.0600000000         2.3500000000         1.2232944913       100.1152415062        15.1415327073 
        2.0650000000         2.3500000000         1.2130986854        99.0142427347        -0.0760881041 
        2.0700000000         2.3500000000         1.2130986854        99.3812423252        -0.0760881041 
        2.0750000000         2.3500000000         1.2130986854        99.5647421205        -0.0760881041 
        2.0800000000         2.3500000000         1.2080007824        99.5647421205        -7.6848985097 
        2.0850000000         2.3500000000         1.2080007824        99.7482419157        -7.6848985097 
        2.0900000000         2.3500000000         1.2130986854       100.1152415062        -0.0760881041 
        2.0950000000         2.3500000000         1.2130986854        99.7482419157        -0.0760881041 
        2.1000000000         2.3500000000         1.2130986854        99.1977425300        -0.0760881041 
        2.1050000000         2.3500000000         1.2207455399       100.1152415062        11.3371275044 
        2.1100000000         2.3500000000         1.2130986854       100.1152415062        -0.0760881041 
        2.1150000000         2.3500000000         1.2130986854        99.5647421205        -0.0760881041 
        2.1200000000         2.3500000000         1.2130986854        99.5647421205        -0.0760881041 
        2.1250000000         2.3500000000         1.2207455399       100.1152415062        11.3371275044 
        2.1300000000         2.3500000000         1.2181965884       100.1152415062         7.5327223016 
        2.1350000000         2.3500000000         1.2207455399       100.2987413015        11.3371275044 
        2.1400001000         2.3500000000         1.2130986854        99.5647421205        -0.0760881041 
        2.1450000000         2.3500000000         1.2130986854        99.3812423252        -0.0760881041 
        2.1500000000         2.3500000000         1.2232944913       100.1152415062        15.1415327073 
        2.1550000000         2.3500000000         1.2207455399        99.7482419157        11.3371275044 
        2.1600000000         2.3500000000         1.2105497339        99.5647421205        -3.8804933069 
        2.1650000000         2.3500000000         1.2207455399       100.1152415062        11.3371275044 
        2.1700000000         2.3500000000         1.2130986854        99.5647421205        -0.0760881041 
        2.1750000000         2.3500000000         1.2054518309        99.0142427347       -11.4893037125 
        2.1800000000         2.3500000000         1.2130986854       100.2987413015        -0.0760881041 
        2.1850000000         2.3500000000         1.2130986854        99.5647421205        -0.0760881041 
        2.1900000000         2.3500000000         1.2080007824        99.3812423252        -7.6848985097 
        2.1950000000         2.3500000000         1.2130986854        99.5647421205        -0.0760881041 
        2.2000000000         2.3500000000         1.2105497339        99.5647421205        -3.8804933069 
        2.2050000000         2.3500000000         1.2207455399       100.1152415062        11.3371275044 
        2.2100000000         2.3500000000         1.2181965884       100.2987413015         7.5327223016 
        2.2150000000         2.3500000000         1.2130986854        99.9317417110        -0.0760881041 
        2.2200000000         2.3500000000         1.2130986854        99.7482419157        -0.0760881041 
        2.2250000000         2.3500000000         1.2054518309        99.0142427347       -11.4893037125 
        2.2300000000         2.3500000000         1.2207455399       100.1152415062        11.3371275044 
        2.2350000000         2.3500000000         1.2207455399       100.2987413015        11.3371275044 
        2.2400000000         2.3500000000         1.2181965884       100.1152415062         7.5327223016 
        2.2450000000         2.3500000000         1.2130986854        99.7482419157        -0.0760881041 
        2.2500000000         2.3500000000         1.2054518309        99.0142427347       -11.4893037125 
        2.2550000000         2.3500000000         1.2130986854        99.7482419157        -0.0760881041 
        2.2600000000         2.3500000000         1.2130986854        99.7482419157        -0.0760881041 
        2.2650001000         2.3500000000         1.2130986854        99.5647421205        -0.0760881041 
        2.2700000000         2.3500000000         1.2207455399       100.1152415062        11.3371275044 
        2.2750000000         2.3500000000         1.2207455399       100.1152415062        11.3371275044 
        2.2800000000         2.3500000000         1.2130986854        99.7482419157        -0.0760881041 
        2.2850000000         2.3500000000         1.2207455399        99.7482419157        11.3371275044 
        2.2900000000         2.3500000000         1.2054518309        99.1977425300       -11.4893037125 
        2.2950000000         2.3500000000         1.2080007824        99.0142427347        -7.6848985097 
        2.3000000000         2.3500000000         1.2105497339        99.1977425300        -3.8804933069 
        2.3050000000         2.3500000000         1.2156476369        99.0142427347         3.7283170988 
        2.3100000000         2.3500000000         1.2130986854        99.7482419157        -0.0760881041 
        2.3150000000         2.3500000000         1.2181965884       100.1152415062         7.5327223016 
        2.3200000000         2.3500000000         1.2181965884       100.1152415062         7.5327223016 
        2.3250000000         2.3500000000         1.2207455399       100.2987413015        11.3371275044 
        2.3300000000         2.3500000000         1.2080007824        99.1977425300        -7.6848985097 
        2.3350000000         2.3500000000         1.2130986854        99.7482419157        -0.0760881041 
        2.3400000000         2.3500000000         1.2054518309        99.5647421205       -11.4893037125 
        2.3450000000         2.3500000000         1.2080007824        99.1977425300        -7.6848985097 
        2.3500000000         2.3500000000         1.2130986854        99.1977425300        -0.0760881041 
        2.3550000000         2.3500000000         1.2130986854        99.9317417110        -0.0760881041 
        2.3600000000         2.3500000000         1.2130986854        99.5647421205        -0.0760881041 
        2.3650000000         2.3500000000         1.2080007824        99.1977425300        -7.6848985097 
        2.3700000000         2.3500000000         1.2207455399        99.7482419157        11.3371275044 
        2.3750000000         2.3500000000         1.2130986854        99.7482419157        -0.0760881041 
        2.3800000000         2.3500000000         1.2130986854        99.1977425300        -0.0760881041 
        2.3850000000         2.3500000000         1.2130986854        99.0142427347        -0.0760881041 
        2.3900001000         2.3500000000         1.2080007824        99.1977425300        -7.6848985097 
        2.3950000000         2.3500000000         1.2054518309        99.1977425300       -11.4893037125 
        2.4000000000         2.3500000000         1.2207455399       100.1152415062        11.3371275044 
        2.4050000000         2.3500000000         1.2080007824        99.5647421205        -7.6848985097 
        2.4100000000         2.3500000000         1.2029028795        99.7482419157       -15.2937089154 
        2.4150000000         2.3500000000         1.2181965884        99.5647421205         7.5327223016 
        2.4200000000         2.3500000000         1.2130986854        99.5647421205        -0.0760881041 
        2.4250000000         2.3500000000         1.2080007824        99.1977425300        -7.6848985097 
        2.4300000000         2.3500000000         1.2080007824        99.1977425300        -7.6848985097 
        2.4350000000         2.3500000000         1.2080007824        99.1977425300        -7.6848985097 
        2.4400000000         2.3500000000         1.2080007824        99.7482419157        -7.6848985097 
        2.4450000000         2.3500000000         1.2130986854        99.7482419157        -0.0760881041 
        2.4500000000         2.3500000000         1.2207455399       100.2987413015        11.3371275044 
        2.4550000000         2.3500000000         1.2207455399       100.2987413015        11.3371275044 
        2.4600000000         2.3500000000         1.2130986854        99.5647421205        -0.0760881041 
        2.4650000000         2.3500000000         1.2130986854        99.5647421205        -0.0760881041 
        2.4700000000         2.3500000000         1.2054518309        99.1977425300       -11.4893037125 
        2.4750000000         2.3500000000         1.2105497339        99.0142427347        -3.8804933069 
        2.4800000000         2.3500000000         1.2105497339        99.7482419157        -3.8804933069 
        2.4850000000         2.3500000000         1.2105497339        99.7482419157        -3.8804933069 
        2.4900000000         2.3500000000         1.2232944913       100.2987413015        15.1415327073 
        2.4950000000         2.3500000000         1.2207455399       100.2987413015        11.3371275044 
        2.5000000000         2.3500000000         1.2181965884       100.1152415062         7.5327223016 
        2.5050000000         2.3500000000         1.2130986854        99.7482419157        -0.0760881041 
        2.5100000000         2.3500000000         1.2130986854        99.1977425300        -0.0760881041 
        2.5150001000         2.3500000000         1.2080007824        98.8307429395        -7.6848985097 
        2.5200000000         2.3500000000         1.2105497339        99.0142427347        -3.8804933069 
        2.5250000000         2.3500000000         1.2130986854        99.7482419157        -0.0760881041 
        2.5300000000         2.3500000000         1.2130986854        99.3812423252        -0.0760881041 
        2.5350000000         2.3500000000         1.2207455399       100.1152415062        11.3371275044 
        2.5400000000         2.3500000000         1.2207455399       100.1152415062        11.3371275044 
        2.5450000000         2.3500000000         1.2130986854        99.7482419157        -0.0760881041 
        2.5500000000         2.3500000000         1.2232944913        99.7482419157        15.1415327073 
        2.5550000000         2.3500000000         1.2130986854        99.5647421205        -0.0760881041 
        2.5600000000         2.3500000000         1.2207455399       100.2987413015        11.3371275044 
        2.5650000000         2.3500000000         1.2130986854        99.7482419157        -0.0760881041 
        2.5700000000         2.3500000000         1.2130986854        99.7482419157        -0.0760881041 
        2.5750000000         2.3500000000         1.2130986854        99.0142427347        -0.0760881041 
        2.5800000000         2.3500000000         1.2130986854        99.5647421205        -0.0760881041 
        2.5850000000         2.3500000000         1.2130986854        99.5647421205        -0.0760881041 
        2.5900000000         2.3500000000         1.2207455399       100.1152415062        11.3371275044 
        2.5950000000         2.3500000000         1.2207455399        99.7482419157        11.3371275044 
        2.6000000000         2.3500000000         1.2130986854        99.7482419157        -0.0760881041 
        2.6050000000         2.3500000000         1.2080007824        99.0142427347        -7.6848985097 
        2.6100000000         2.3500000000         1.2105497339        99.7482419157        -3.8804933069 
        2.6150000000         2.3500000000         1.2130986854        99.5647421205        -0.0760881041 
        2.6200000000         2.3500000000         1.2130986854        99.7482419157        -0.0760881041 
        2.6250000000         2.3500000000         1.2105497339        99.5647421205        -3.8804933069 
        2.6300000000         2.3500000000         1.2181965884       100.1152415062         7.5327223016 
        2.6350000000         2.3500000000         1.2232944913       100.1152415062        15.1415327073 
        2.6400001000         2.3500000000         1.2156476369        99.5647421205         3.7283170988 
        2.6450000000         2.3500000000         1.2207455399        99.5647421205        11.3371275044 
        2.6500000000         2.3500000000         1.2080007824        99.5647421205        -7.6848985097 
        2.6550000000         2.3500000000         1.2080007824        99.0142427347        -7.6848985097 
        2.6600000000         2.3500000000         1.2130986854        99.3812423252        -0.0760881041 
        2.6650000000         2.3500000000         1.2130986854        99.7482419157        -0.0760881041 
        2.6700000000         2.3500000000         1.2207455399        99.9317417110        11.3371275044 
        2.6750000000         2.3500000000         1.2181965884        99.9317417110         7.5327223016 
        2.6800000000         2.3500000000         1.2181965884        99.5647421205         7.5327223016 
        2.6850000000         2.3500000000         1.2130986854        99.7482419157        -0.0760881041 
        2.6900000000         2.3500000000         1.2080007824        99.1977425300        -7.6848985097 
        2.6950000000         2.3500000000         1.2130986854        99.5647421205        -0.0760881041 
        2.7000000000         2.3500000000         1.2207455399       100.1152415062        11.3371275044 
        2.7050000000         2.3500000000         1.2054518309        99.0142427347       -11.4893037125 
        2.7100000000         2.3500000000         1.2130986854        99.7482419157        -0.0760881041 
        2.7150000000         2.3500000000         1.2130986854        99.3812423252        -0.0760881041 
        2.7200000000         2.3500000000         1.2232944913       100.1152415062        15.1415327073 
        2.7250000000         2.3500000000         1.2181965884        99.7482419157         7.5327223016 
        2.7300000000         2.3500000000         1.2207455399       100.1152415062        11.3371275044 
        2.7350000000         2.3500000000         1.2207455399       100.2987413015        11.3371275044 
        2.7400000000         2.3500000000         1.2207455399       100.1152415062        11.3371275044 
        2.7450000000         2.3500000000         1.2207455399        99.7482419157        11.3371275044 
        2.7500000000         2.3500000000         1.2207455399        99.9317417110        11.3371275044 
        2.7550000000         2.3500000000         1.2207455399       100.2987413015        11.3371275044 
        2.7600000000         2.3500000000         1.2130986854        99.7482419157        -0.0760881041 
        2.7650001000         2.3500000000         1.2080007824        99.1977425300        -7.6848985097 
        2.7700000000         2.3500000000         1.2156476369        99.7482419157         3.7283170988 
        2.7750000000         2.3500000000         1.2207455399       100.1152415062        11.3371275044 
        2.7800000000         2.3500000000         1.2156476369       100.1152415062         3.7283170988 
        2.7850000000         2.3500000000         1.2181965884       100.1152415062         7.5327223016 
        2.7900000000         2.3500000000         1.2207455399        99.7482419157        11.3371275044 
        2.7950000000         2.3500000000         1.2156476369       100.1152415062         3.7283170988 
        2.8000000000         2.3500000000         1.2181965884       100.1152415062         7.5327223016 
        2.8050000000         2.3500000000         1.2207455399       100.1152415062        11.3371275044 
        2.8100000000         2.3500000000         1.2105497339        99.7482419157        -3.8804933069 
        2.8150000000         2.3500000000         1.2207455399       100.1152415062        11.3371275044 
        2.8200000000         2.3500000000         1.2130986854        99.1977425300        -0.0760881041 
        2.8250000000         2.3500000000         1.2207455399        99.7482419157        11.3371275044 
        2.8300000000         2.3500000000         1.2207455399       100.1152415062        11.3371275044 
        2.8350000000         2.3500000000         1.2130986854        99.0142427347        -0.0760881041 
        2.8400000000         2.3500000000         1.2080007824        99.0142427347        -7.6848985097 
        2.8450000000         2.3500000000         1.2130986854        99.5647421205        -0.0760881041 
        2.8500000000         2.3500000000         1.2130986854        99.7482419157        -0.0760881041 
        2.8550000000         2.3500000000         1.2105497339        99.7482419157        -3.8804933069 
        2.8600000000         2.3500000000         1.2130986854        99.1977425300        -0.0760881041 
        2.8650000000         2.3500000000         1.2130986854        99.7482419157        -0.0760881041 
        2.8700000000         2.3500000000         1.2130986854        99.7482419157        -0.0760881041 
        2.8750000000         2.3500000000         1.2130986854        99.7482419157        -0.0760881041 
        2.8800000000         2.3500000000         1.2029028795        99.1977425300       -15.2937089154 
        2.8850000000         2.3500000000         1.2080007824        99.0142427347        -7.6848985097 
        2.8900001000         2.3500000000         1.2105497339        99.5647421205        -3.8804933069 
        2.8950000000         2.3500000000         1.2130986854        99.7482419157        -0.0760881041 
        2.9000000000         2.3500000000         1.2130986854       100.1152415062        -0.0760881041 
        2.9050000000         2.3500000000         1.2207455399       100.1152415062        11.3371275044 
        2.9100000000         2.3500000000         1.2156476369        99.7482419157         3.7283170988 
        2.9150000000         2.3500000000         1.2181965884        99.0142427347         7.5327223016 
        2.9200000000         2.3500000000         1.2105497339        99.1977425300        -3.8804933069 
        2.9250000000         2.3500000000         1.2003539280        99.7482419157       -19.0981141182 
        2.9300000000         2.3500000000         1.2130986854        99.7482419157        -0.0760881041 
        2.9350000000         2.3500000000         1.2130986854        99.7482419157        -0.0760881041 
        2.9400000000         2.3500000000         1.2105497339        99.7482419157        -3.8804933069 
        2.9450000000         2.3500000000         1.2130986854        99.7482419157        -0.0760881041 
        2.9500000000         2.3500000000         1.2207455399       100.1152415062        11.3371275044 
        2.9550000000         2.3500000000         1.2105497339        99.5647421205        -3.8804933069 
        2.9600000000         2.3500000000         1.2105497339        99.7482419157        -3.8804933069 
        2.9650000000         2.3500000000         1.2054518309        99.7482419157       -11.4893037125 
        2.9700000000         2.3500000000         1.2054518309        99.1977425300       -11.4893037125 
        2.9750000000         2.3500000000         1.2029028795        99.0142427347       -15.2937089154 
        2.9800000000         2.3500000000         1.2130986854        99.1977425300        -0.0760881041 
        2.9850000000         2.3500000000         1.2054518309        99.3812423252       -11.4893037125 
        2.9900000000         2.3500000000         1.2130986854        99.5647421205        -0.0760881041 
        2.9950000000         2.3500000000         1.2130986854        99.9317417110        -0.0760881041 
        3.0000000000         2.3500000000         1.2130986854        99.7482419157        -0.0760881041 
        3.0050000000         2.3500000000         1.2080007824        99.0142427347        -7.6848985097 
        3.0100000000         2.3500000000         1.2080007824        99.9317417110        -7.6848985097 
        3.0150001000         2.3500000000         1.2181965884       100.2987413015         7.5327223016 
        3.0200000000         2.3500000000         1.2181965884       100.1152415062         7.5327223016 
        3.0250000000         2.3500000000         1.2080007824        99.0142427347        -7.6848985097 
        3.0300000000         2.3500000000         1.2130986854        99.7482419157        -0.0760881041 
        3.0350000000         2.3500000000         1.2130986854        99.7482419157        -0.0760881041 
        3.0400000000         2.3500000000         1.2080007824        99.1977425300        -7.6848985097 
        3.0450000000         2.3500000000         1.2130986854       100.1152415062        -0.0760881041 
        3.0500000000         2.3500000000         1.2080007824        99.7482419157        -7.6848985097 
        3.0550009000         2.3500000000         1.2080007824        99.1977425300        -7.6848985097 
        3.0600000000         2.3500000000         1.2130986854        99.5647421205        -0.0760881041 
        3.0650000000         2.3500000000         1.2130986854        99.7482419157        -0.0760881041 
        3.0700000000         2.3500000000         1.2080007824        99.0142427347        -7.6848985097 
        3.0750000000         2.3500000000         1.2130986854        99.7482419157        -0.0760881041 
        3.0800000000         2.3500000000         1.2130986854        99.7482419157        -0.0760881041 
        3.0850000000         2.3500000000         1.2181965884       100.1152415062         7.5327223016 
        3.0900000000         2.3500000000         1.2207455399       100.1152415062        11.3371275044 
        3.0950000000         2.3500000000         1.2207455399       100.1152415062        11.3371275044 
        3.1000000000         2.3500000000         1.2003539280        99.1977425300       -19.0981141182 
        3.1050000000         2.3500000000         1.2130986854        99.3812423252        -0.0760881041 
        3.1100000000         2.3500000000         1.2130986854        99.7482419157        -0.0760881041 
        3.1150000000         2.3500000000         1.2181965884       100.1152415062         7.5327223016 
        3.1200000000         2.3500000000         1.2080007824        99.0142427347        -7.6848985097 
        3.1250000000         2.3500000000         1.2054518309        99.0142427347       -11.4893037125 
        3.1300000000         2.3500000000         1.2130986854        99.7482419157        -0.0760881041 
        3.1350000000         2.3500000000         1.2130986854        99.7482419157        -0.0760881041 
        3.1400001000         2.3500000000         1.2130986854        99.5647421205        -0.0760881041 
        3.1450000000         2.3500000000         1.2207455399       100.2987413015        11.3371275044 
        3.1500000000         2.3500000000         1.2181965884       100.1152415062         7.5327223016 
        3.1550000000         2.3500000000         1.2080007824        99.0142427347        -7.6848985097 
        3.1600000000         2.3500000000         1.2080007824        99.0142427347        -7.6848985097 
        3.1650000000         2.3500000000         1.2207455399       100.1152415062        11.3371275044 
        3.1700000000         2.3500000000         1.2181965884       100.1152415062         7.5327223016 
        3.1750000000         2.3500000000         1.2080007824        99.1977425300        -7.6848985097 
        3.1800000000         2.3500000000         1.2130986854        99.7482419157        -0.0760881041 
        3.1850000000         2.3500000000         1.2130986854       100.2987413015        -0.0760881041 
        3.1900000000         2.3500000000         1.2207455399       100.1152415062        11.3371275044 
        3.1950000000         2.3500000000         1.2080007824        99.0142427347        -7.6848985097 
        3.2000000000         2.3500000000         1.2080007824        99.3812423252        -7.6848985097 
        3.2050000000         2.3500000000         1.2105497339       100.1152415062        -3.8804933069 
        3.2100000000         2.3500000000         1.2130986854        99.1977425300        -0.0760881041 
        3.2150000000         2.3500000000         1.2080007824        99.1977425300        -7.6848985097 
        3.2200000000         2.3500000000         1.2080007824        99.7482419157        -7.6848985097 
        3.2250000000         2.3500000000         1.2130986854        99.5647421205        -0.0760881041 
        3.2300000000         2.3500000000         1.2232944913        99.5647421205        15.1415327073 
        3.2350000000         2.3500000000         1.2130986854        99.7482419157        -0.0760881041 
        3.2400000000         2.3500000000         1.2130986854        99.7482419157        -0.0760881041 
        3.2450000000         2.3500000000         1.2156476369        99.5647421205         3.7283170988 
        3.2500000000         2.3500000000         1.2080007824        99.0142427347        -7.6848985097 
        3.2550000000         2.3500000000         1.2054518309        99.7482419157       -11.4893037125 
        3.2600000000         2.3500000000         1.2130986854        99.5647421205        -0.0760881041 
        3.2650001000         2.3500000000         1.2105497339        99.1977425300        -3.8804933069 
        3.2700000000         2.3500000000         1.2130986854        99.7482419157        -0.0760881041 
        3.2750000000         2.3500000000         1.2156476369       100.1152415062         3.7283170988 
        3.2800000000         2.3500000000         1.2130986854        99.7482419157        -0.0760881041 
        3.2850000000         2.3500000000         1.2054518309        99.1977425300       -11.4893037125 
        3.2900000000         2.3500000000         1.2054518309        99.1977425300       -11.4893037125 
        3.2950000000         2.3500000000         1.2080007824        99.1977425300        -7.6848985097 
        3.3000000000         2.3500000000         1.2130986854        99.5647421205        -0.0760881041 
        3.3050000000         2.3500000000         1.2207455399       100.4822410967        11.3371275044 
        3.3100000000         2.3500000000         1.2156476369        99.5647421205         3.7283170988 
        3.3150000000         2.3500000000         1.2232944913       100.1152415062        15.1415327073 
        3.3200000000         2.3500000000         1.2207455399        99.5647421205        11.3371275044 
        3.3250000000         2.3500000000         1.2130986854        99.7482419157        -0.0760881041 
        3.3300000000         2.3500000000         1.2105497339        99.7482419157        -3.8804933069 
        3.3350000000         2.3500000000         1.2130986854        99.7482419157        -0.0760881041 
        3.3400000000         2.3500000000         1.2080007824        99.0142427347        -7.6848985097 
        3.3450000000         2.3500000000         1.2207455399       100.1152415062        11.3371275044 
        3.3500000000         2.3500000000         1.2207455399       100.1152415062        11.3371275044 
        3.3550000000         2.3500000000         1.2130986854        99.7482419157        -0.0760881041 
        3.3600000000         2.3500000000         1.2130986854        99.1977425300        -0.0760881041 
        3.3650000000         2.3500000000         1.2130986854        99.5647421205        -0.0760881041 
        3.3700000000         2.3500000000         1.2054518309        99.7482419157       -11.4893037125 
        3.3750000000         2.3500000000         1.2130986854        99.7482419157        -0.0760881041 
        3.3800000000         2.3500000000         1.2207455399       100.1152415062        11.3371275044 
        3.3850000000         2.3500000000         1.2130986854        99.7482419157        -0.0760881041 
        3.3900001000         2.3500000000         1.2080007824        99.0142427347        -7.6848985097 
        3.3950000000         2.3500000000         1.2156476369       100.1152415062         3.7283170988 
        3.4000000000         2.3500000000         1.2130986854        99.7482419157        -0.0760881041 
        3.4050000000         2.3500000000         1.2181965884       100.1152415062         7.5327223016 
        3.4100000000         2.3500000000         1.2130986854        99.3812423252        -0.0760881041 
        3.4150000000         2.3500000000         1.2207455399       100.1152415062        11.3371275044 
        3.4200000000         2.3500000000         1.2130986854        99.5647421205        -0.0760881041 
        3.4250000000         2.3500000000         1.2054518309        99.1977425300       -11.4893037125 
        3.4300000000         2.3500000000         1.2130986854        99.7482419157        -0.0760881041 
        3.4350000000         2.3500000000         1.2080007824        99.1977425300        -7.6848985097 
        3.4400000000         2.3500000000         1.2207455399       100.1152415062        11.3371275044 
        3.4450000000         2.3500000000         1.2181965884       100.1152415062         7.5327223016 
        3.4500000000         2.3500000000         1.2181965884        99.7482419157         7.5327223016 
        3.4550000000         2.3500000000         1.2054518309        99.1977425300       -11.4893037125 
        3.4600000000         2.3500000000         1.2181965884        99.7482419157         7.5327223016 
        3.4650000000         2.3500000000         1.2207455399       100.2987413015        11.3371275044 
        3.4700000000         2.3500000000         1.2130986854        99.5647421205        -0.0760881041 
        3.4750000000         2.3500000000         1.2207455399       100.1152415062        11.3371275044 
        3.4800000000         2.3500000000         1.2207455399       100.1152415062        11.3371275044 
        3.4850000000         2.3500000000         1.2130986854        99.7482419157        -0.0760881041 
        3.4900000000         2.3500000000         1.2130986854        99.5647421205        -0.0760881041 
        3.4950000000         2.3500000000         1.2130986854        99.3812423252        -0.0760881041 
        3.5000000000         2.3500000000         1.2054518309        99.0142427347       -11.4893037125 
        3.5050000000         2.3500000000         1.2130986854        99.5647421205        -0.0760881041 
        3.5100000000         2.3500000000         1.2130986854        99.7482419157        -0.0760881041 
        3.5150001000         2.3500000000         1.2130986854        99.5647421205        -0.0760881041 
        3.5200000000         2.3500000000         1.2207455399       100.1152415062        11.3371275044 
        3.5250000000         2.3500000000         1.2080007824        99.1977425300        -7.6848985097 
        3.5300000000         2.3500000000         1.2130986854        99.1977425300        -0.0760881041 
        3.5350000000         2.3500000000         1.2156476369        99.7482419157         3.7283170988 
        3.5400000000         2.3500000000         1.2080007824        99.0142427347        -7.6848985097 
        3.5450000000         2.3500000000         1.2156476369        99.9317417110         3.7283170988 
        3.5500000000         2.3500000000         1.2130986854        99.7482419157        -0.0760881041 
        3.5550000000         2.3500000000         1.2130986854        99.5647421205        -0.0760881041 
        3.5600000000         2.3500000000         1.2105497339        99.7482419157        -3.8804933069 
        3.5650000000         2.3500000000         1.2130986854        99.0142427347        -0.0760881041 
        3.5700000000         2.3500000000         1.2080007824        99.1977425300        -7.6848985097 
        3.5750000000         2.3500000000         1.2080007824        99.1977425300        -7.6848985097 
        3.5800000000         2.3500000000         1.2054518309        99.1977425300       -11.4893037125 
        3.5850000000         2.3500000000         1.2130986854        99.5647421205        -0.0760881041 
        3.5900000000         2.3500000000         1.2207455399       100.2987413015        11.3371275044 
        3.5950000000         2.3500000000         1.2080007824        99.0142427347        -7.6848985097 
        3.6000000000         2.3500000000         1.2080007824        99.9317417110        -7.6848985097 
        3.6050000000         2.3500000000         1.2105497339        99.1977425300        -3.8804933069 
        3.6100000000         2.3500000000         1.2080007824        98.8307429395        -7.6848985097 
        3.6150000000         2.3500000000         1.2130986854        99.3812423252        -0.0760881041 
        3.6200000000         2.3500000000         1.2054518309        99.1977425300       -11.4893037125 
        3.6250000000         2.3500000000         1.2054518309        99.0142427347       -11.4893037125 
        3.6300000000         2.3500000000         1.2054518309        99.1977425300       -11.4893037125 
        3.6350000000         2.3500000000         1.2130986854        99.5647421205        -0.0760881041 
        3.6400001000         2.3500000000         1.2156476369        99.5647421205         3.7283170988 
        3.6450013000         2.3500000000         1.2080007824        99.0142427347        -7.6848985097 
        3.6500000000         2.3500000000         1.2054518309        99.0142427347       -11.4893037125 
        3.6550000000         2.3500000000         1.2080007824        99.1977425300        -7.6848985097 
        3.6600000000         2.3500000000         1.2105497339        99.5647421205        -3.8804933069 
        3.6650000000         2.3500000000         1.2207455399       100.1152415062        11.3371275044 
        3.6700000000         2.3500000000         1.2080007824        99.0142427347        -7.6848985097 
        3.6750000000         2.3500000000         1.2130986854        99.7482419157        -0.0760881041 
        3.6800000000         2.3500000000         1.2105497339        99.1977425300        -3.8804933069 
        3.6850000000         2.3500000000         1.2130986854        99.5647421205        -0.0760881041 
        3.6900000000         2.3500000000         1.2207455399        99.7482419157        11.3371275044 
        3.6950000000         2.3500000000         1.2181965884       100.2987413015         7.5327223016 
        3.7000000000         2.3500000000         1.2130986854        99.7482419157        -0.0760881041 
        3.7050000000         2.3500000000         1.2207455399       100.1152415062        11.3371275044 
        3.7100000000         2.3500000000         1.2130986854        99.7482419157        -0.0760881041 
        3.7150000000         2.3500000000         1.2207455399       100.1152415062        11.3371275044 
        3.7200000000         2.3500000000         1.2130986854       100.1152415062        -0.0760881041 
        3.7250000000         2.3500000000         1.2232944913       100.2987413015        15.1415327073 
        3.7300000000         2.3500000000         1.2207455399       100.1152415062        11.3371275044 
        3.7350000000         2.3500000000         1.2130986854        99.5647421205        -0.0760881041 
        3.7400000000         2.3500000000         1.2054518309        99.0142427347       -11.4893037125 
        3.7450000000         2.3500000000         1.2080007824        99.0142427347        -7.6848985097 
        3.7500000000         2.3500000000         1.2080007824        99.0142427347        -7.6848985097 
        3.7550000000         2.3500000000         1.2105497339        99.0142427347        -3.8804933069 
        3.7600000000         2.3500000000         1.2130986854        99.5647421205        -0.0760881041 
        3.7650001000         2.3500000000         1.2130986854        99.7482419157        -0.0760881041 
        3.7700000000         2.3500000000         1.2080007824        99.0142427347        -7.6848985097 
        3.7750000000         2.3500000000         1.2130986854        99.0142427347        -0.0760881041 
        3.7800000000         2.3500000000         1.2130986854        99.7482419157        -0.0760881041 
        3.7850000000         2.3500000000         1.2207455399       100.2987413015        11.3371275044 
        3.7900000000         2.3500000000         1.2181965884       100.1152415062         7.5327223016 
        3.7950000000         2.3500000000         1.2207455399       100.1152415062        11.3371275044 
        3.8000000000         2.3500000000         1.2207455399       100.2987413015        11.3371275044 
        3.8050000000         2.3500000000         1.2207455399       100.1152415062        11.3371275044 
        3.8100000000         2.3500000000         1.2130986854        99.5647421205        -0.0760881041 
        3.8150000000         2.3500000000         1.2181965884       100.2987413015         7.5327223016 
        3.8200000000         2.3500000000         1.2207455399       100.1152415062        11.3371275044 
        3.8250000000         2.3500000000         1.2130986854        99.5647421205        -0.0760881041 
        3.8300000000         2.3500000000         1.2130986854        99.7482419157        -0.0760881041 
        3.8350000000         2.3500000000         1.2207455399       100.1152415062        11.3371275044 
        3.8400000000         2.3500000000         1.2130986854        99.5647421205        -0.0760881041 
        3.8450000000         2.3500000000         1.2130986854        99.5647421205        -0.0760881041 
        3.8500000000         2.3500000000         1.2054518309        99.1977425300       -11.4893037125 
        3.8550000000         2.3500000000         1.2054518309        99.5647421205       -11.4893037125 
        3.8600000000         2.3500000000         1.2207455399       100.2987413015        11.3371275044 
        3.8650000000         2.3500000000         1.2207455399        99.7482419157        11.3371275044 
        3.8700005000         2.3500000000         1.2130986854        99.5647421205        -0.0760881041 
        3.8750000000         2.3500000000         1.2054518309        99.0142427347       -11.4893037125 
        3.8800000000         2.3500000000         1.2080007824        99.5647421205        -7.6848985097 
        3.8850000000         2.3500000000         1.2130986854        99.5647421205        -0.0760881041 
        3.8900001000         2.3500000000         1.2080007824        99.0142427347        -7.6848985097 
        3.8950000000         2.3500000000         1.2080007824        99.0142427347        -7.6848985097 
        3.9000000000         2.3500000000         1.2232944913       100.2987413015        15.1415327073 
        3.9050000000         2.3500000000         1.2207455399        99.5647421205        11.3371275044 
        3.9100000000         2.3500000000         1.2080007824        99.0142427347        -7.6848985097 
        3.9150000000         2.3500000000         1.2156476369        99.7482419157         3.7283170988 
        3.9200000000         2.3500000000         1.2130986854        99.5647421205        -0.0760881041 
        3.9250000000         2.3500000000         1.2207455399       100.1152415062        11.3371275044 
        3.9300000000         2.3500000000         1.2207455399        99.9317417110        11.3371275044 
        3.9350000000         2.3500000000         1.2207455399       100.2987413015        11.3371275044 
        3.9400000000         2.3500000000         1.2181965884        99.7482419157         7.5327223016 
        3.9450000000         2.3500000000         1.2130986854        99.9317417110        -0.0760881041 
        3.9500000000         2.3500000000         1.2130986854        99.7482419157        -0.0760881041 
        3.9550000000         2.3500000000         1.2130986854        99.7482419157        -0.0760881041 
        3.9600000000         2.3500000000         1.2080007824        99.3812423252        -7.6848985097 
        3.9650000000         2.3500000000         1.2130986854        99.7482419157        -0.0760881041 
        3.9700014000         2.3500000000         1.2080007824        99.0142427347        -7.6848985097 
        3.9750000000         2.3500000000         1.2105497339        99.5647421205        -3.8804933069 
        3.9800000000         2.3500000000         1.2130986854        99.7482419157        -0.0760881041 
        3.9850000000         2.3500000000         1.2207455399       100.1152415062        11.3371275044 
        3.9900000000         2.3500000000         1.2207455399       100.1152415062        11.3371275044 
        3.9950000000         2.3500000000         1.2130986854        99.5647421205        -0.0760881041 
