           Time[sec]           V_{cmd}[V]          V_{gyro}[V]          \theta[deg] \omega_{gyro}[deg/sec] 
        0.0000000000        -0.9400000000         1.2029028795        10.2003418345       -15.3089265362 
        0.0050000000        -0.9400000000         1.2130986854        10.0168420392        -0.0913057249 
        0.0100000000        -0.9400000000         1.2283923943        10.7508412202        22.7351254921 
        0.0150000000        -0.9400000000         1.2258434428        10.9343410155        18.9307202893 
        0.0200000000        -0.9400000000         1.2283923943        10.7508412202        22.7351254921 
        0.0250000000        -0.9400000000         1.2283923943        10.9343410155        22.7351254921 
        0.0300000000        -0.9400000000         1.2309413458        10.9343410155        26.5395306949 
        0.0350000000        -0.9400000000         1.2436861032        12.2188395822        45.5615567091 
        0.0400000000        -0.9400000000         1.2360392488        11.4848404012        34.1483411006 
        0.0450000000        -0.9400000000         1.2360392488        12.0353397869        34.1483411006 
        0.0500000000        -0.9400000000         1.2462350547        12.5858391727        49.3659619119 
        0.0550000000        -0.9400000000         1.2385882003        12.5858391727        37.9527463034 
        0.0600000000        -0.9400000000         1.2513329577        13.5033381489        56.9747723176 
        0.0650000000        -0.9400000000         1.2385882003        13.1363385584        37.9527463034 
        0.0700000000        -0.9400000000         1.2360392488        12.9528387632        34.1483411006 
        0.0750000000        -0.9400000000         1.2487840062        13.8703377394        53.1703671147 
        0.0800000000        -0.9400000000         1.2411371518        13.5033381489        41.7571515062 
        0.0850000000        -0.9400000000         1.2436861032        13.8703377394        45.5615567091 
        0.0900000000        -0.9400000000         1.2538819092        14.7878367157        60.7791775204 
        0.0950000000        -0.9400000000         1.2513329577        14.6043369204        56.9747723176 
        0.1000000000        -0.9400000000         1.2462350547        14.9713365109        49.3659619119 
        0.1050000000        -0.9400000000         1.2436861032        14.6043369204        45.5615567091 
        0.1100000000        -0.9400000000         1.2411371518        14.9713365109        41.7571515062 
        0.1150000000        -0.9400000000         1.2564308607        16.0723352824        64.5835827232 
        0.1200000000        -0.9400000000         1.2538819092        16.4393348729        60.7791775204 
        0.1250000000        -0.9400000000         1.2513329577        16.0723352824        56.9747723176 
        0.1300000000        -0.9400000000         1.2411371518        15.8888354872        41.7571515062 
        0.1350000000        -0.9400000000         1.2564308607        17.1733340539        64.5835827232 
        0.1400000000        -0.9400000000         1.2564308607        17.5403336444        64.5835827232 
        0.1450000000        -0.9400000000         1.2615287636        17.9073332349        72.1923931289 
        0.1500000000        -0.9400000000         1.2538819092        17.5403336444        60.7791775204 
        0.1550000000        -0.9400000000         1.2538819092        17.9073332349        60.7791775204 
        0.1600000000        -0.9400000000         1.2538819092        18.2743328254        60.7791775204 
        0.1650000000        -0.9400000000         1.2487840062        18.0908330301        53.1703671147 
        0.1700000000        -0.9400000000         1.2538819092        18.8248322111        60.7791775204 
        0.1750000000        -0.9400000000         1.2538819092        19.1918318016        60.7791775204 
        0.1800001000        -0.9400000000         1.2666266666        19.9258309826        79.8012035345 
        0.1850000000        -0.9400000000         1.2564308607        19.7423311874        64.5835827232 
        0.1900000000        -0.9400000000         1.2589798122        20.1093307779        68.3879879261 
        0.1950000000        -0.9400000000         1.2589798122        20.4763303684        68.3879879261 
        0.2000000000        -0.9400000000         1.2487840062        20.4763303684        53.1703671147 
        0.2050000000        -0.9400000000         1.2666266666        21.2103295494        79.8012035345 
        0.2100000000        -0.9400000000         1.2691756181        21.5773291399        83.6056087374 
        0.2150008000        -0.9400000000         1.2717245696        21.9443287304        87.4100139402 
        0.2200000000        -0.9400000000         1.2691756181        22.1278285256        83.6056087374 
        0.2250000000        -0.9400000000         1.2742735211        22.6783279114        91.2144191430 
        0.2300000000        -0.9400000000         1.2691756181        23.4123270924        83.6056087374 
        0.2350000000        -0.9400000000         1.2640777151        23.4123270924        75.9967983317 
        0.2400000000        -0.9400000000         1.2564308607        23.4123270924        64.5835827232 
        0.2450000000        -0.9400000000         1.2640777151        23.9628264781        75.9967983317 
        0.2500000000        -0.9400000000         1.2640777151        24.3298260686        75.9967983317 
        0.2550000000        -0.9400000000         1.2666266666        25.2473250448        79.8012035345 
        0.2600000000        -0.9400000000         1.2640777151        25.4308248401        75.9967983317 
        0.2650000000        -0.9400000000         1.2640777151        25.9813242258        75.9967983317 
        0.2700000000        -0.9400000000         1.2589798122        25.6143246353        68.3879879261 
        0.2750000000        -0.9400000000         1.2640777151        26.5318236116        75.9967983317 
        0.2800000000        -0.9400000000         1.2717245696        27.0823229973        87.4100139402 
        0.2850000000        -0.9400000000         1.2717245696        27.8163221783        87.4100139402 
        0.2900000000        -0.9400000000         1.2666266666        27.8163221783        79.8012035345 
        0.2950000000        -0.9400000000         1.2691756181        27.6328223831        83.6056087374 
        0.3000000000        -0.9400000000         1.2615287636        28.3668215641        72.1923931289 
        0.3050000000        -0.9400000000         1.2742735211        29.2843205403        91.2144191430 
        0.3100000000        -0.9400000000         1.2589798122        29.2843205403        68.3879879261 
        0.3150000000        -0.9400000000         1.2564308607        29.2843205403        64.5835827232 
        0.3200000000        -0.9400000000         1.2666266666        30.2018195165        79.8012035345 
        0.3250000000        -0.9400000000         1.2717245696        30.5688191070        87.4100139402 
        0.3300000000        -0.9400000000         1.2564308607        30.5688191070        64.5835827232 
        0.3350000000        -0.9400000000         1.2742735211        31.4863180833        91.2144191430 
        0.3400000000        -0.9400000000         1.2589798122        31.6698178785        68.3879879261 
        0.3450000000        -0.9400000000         1.2666266666        31.8533176738        79.8012035345 
        0.3500000000        -0.9400000000         1.2640777151        32.5873168548        75.9967983317 
        0.3550000000        -0.9400000000         1.2717245696        32.9543164453        87.4100139402 
        0.3600000000        -0.9400000000         1.2742735211        33.6883156263        91.2144191430 
        0.3650000000        -0.9400000000         1.2717245696        34.4223148073        87.4100139402 
        0.3700000000        -0.9400000000         1.2564308607        34.2388150120        64.5835827232 
        0.3750000000        -0.9400000000         1.2640777151        34.4223148073        75.9967983317 
        0.3800000000        -0.9400000000         1.2742735211        35.1563139883        91.2144191430 
        0.3850000000        -0.9400000000         1.2640777151        35.8903131692        75.9967983317 
        0.3900000000        -0.9400000000         1.2666266666        36.0738129645        79.8012035345 
        0.3950000000        -0.9400000000         1.2564308607        36.0738129645        64.5835827232 
        0.4000001000        -0.9400000000         1.2666266666        35.8903131692        79.8012035345 
        0.4050000000        -0.9400000000         1.2691756181        37.1748117360        83.6056087374 
        0.4100000000        -0.9400000000         1.2615287636        36.8078121455        72.1923931289 
        0.4150025000        -0.9400000000         1.2666266666        37.7253111217        79.8012035345 
        0.4200000000        -0.9400000000         1.2742735211        38.6428100980        91.2144191430 
        0.4250000000        -0.9400000000         1.2640777151        37.9088109170        75.9967983317 
        0.4300000000        -0.9400000000         1.2640777151        38.2758105075        75.9967983317 
        0.4350000000        -0.9400000000         1.2717245696        39.3768092790        87.4100139402 
        0.4400000000        -0.9400000000         1.2742735211        40.2943082552        91.2144191430 
        0.4450000000        -0.9400000000         1.2742735211        40.4778080505        91.2144191430 
        0.4500000000        -0.9400000000         1.2768224726        41.0283074362        95.0188243459 
        0.4550000000        -0.9400000000         1.2640777151        40.8448076410        75.9967983317 
        0.4600000000        -0.9400000000         1.2691756181        41.3953070267        83.6056087374 
        0.4650000000        -0.9400000000         1.2691756181        41.2118072315        83.6056087374 
        0.4700000000        -0.9400000000         1.2666266666        41.9458064125        79.8012035345 
        0.4750000000        -0.9400000000         1.2768224726        43.0468051839        95.0188243459 
        0.4800000000        -0.9400000000         1.2742735211        43.4138047744        91.2144191430 
        0.4850000000        -0.9400000000         1.2589798122        43.2303049792        68.3879879261 
        0.4900000000        -0.9400000000         1.2717245696        43.7808043649        87.4100139402 
        0.4950000000        -0.9400000000         1.2666266666        43.7808043649        79.8012035345 
        0.5000000000        -0.9400000000         1.2691756181        44.6983033412        83.6056087374 
        0.5050000000        -0.9400000000         1.2819203755        45.0653029317       102.6276347515 
        0.5100000000        -0.9400000000         1.2844693270        45.9828019079       106.4320399543 
        0.5150000000        -0.9400000000         1.2768224726        46.3498014984        95.0188243459 
        0.5200000000        -0.9400000000         1.2768224726        46.5333012937        95.0188243459 
        0.5250000000        -0.9400000000         1.2640777151        46.5333012937        75.9967983317 
        0.5300000000        -0.9400000000         1.2691756181        47.4508002699        83.6056087374 
        0.5350000000        -0.9400000000         1.2742735211        47.6343000652        91.2144191430 
        0.5400000000        -0.9400000000         1.2742735211        48.5517990414        91.2144191430 
        0.5450000000        -0.9400000000         1.2819203755        49.1022984271       102.6276347515 
        0.5500000000        -0.9400000000         1.2691756181        49.1022984271        83.6056087374 
        0.5550000000        -0.9400000000         1.2742735211        49.6527978129        91.2144191430 
        0.5600000000        -0.9400000000         1.2640777151        49.8362976081        75.9967983317 
        0.5650000000        -0.9400000000         1.2768224726        50.7537965844        95.0188243459 
        0.5700000000        -0.9400000000         1.2717245696        50.3867969939        87.4100139402 
        0.5750000000        -0.9400000000         1.2589798122        50.7537965844        68.3879879261 
        0.5800000000        -0.9400000000         1.2640777151        51.1207961749        75.9967983317 
        0.5850000000        -0.9400000000         1.2640777151        52.0382951511        75.9967983317 
        0.5900000000        -0.9400000000         1.2691756181        52.4052947416        83.6056087374 
        0.5950000000        -0.9400000000         1.2564308607        52.5887945369        64.5835827232 
        0.6000000000        -0.9400000000         1.2589798122        52.9557941274        68.3879879261 
        0.6050000000        -0.9400000000         1.2589798122        53.3227937179        68.3879879261 
        0.6100000000        -0.9400000000         1.2615287636        53.3227937179        72.1923931289 
        0.6150000000        -0.9400000000         1.2538819092        54.0567928989        60.7791775204 
        0.6200000000        -0.9400000000         1.2615287636        54.4237924893        72.1923931289 
        0.6250000000        -0.9400000000         1.2615287636        55.3412914656        72.1923931289 
        0.6300000000        -0.9400000000         1.2564308607        54.9742918751        64.5835827232 
        0.6350000000        -0.9400000000         1.2615287636        55.3412914656        72.1923931289 
        0.6400000000        -0.9400000000         1.2487840062        55.1577916703        53.1703671147 
        0.6450000000        -0.9400000000         1.2564308607        56.0752906466        64.5835827232 
        0.6500000000        -0.9400000000         1.2538819092        56.2587904418        60.7791775204 
        0.6550000000        -0.9400000000         1.2538819092        56.4422902371        60.7791775204 
        0.6600000000        -0.9400000000         1.2538819092        56.9927896228        60.7791775204 
        0.6650000000        -0.9400000000         1.2564308607        57.1762894181        64.5835827232 
        0.6700000000        -0.9400000000         1.2640777151        57.7267888038        75.9967983317 
        0.6750000000        -0.9400000000         1.2589798122        57.9102885991        68.3879879261 
        0.6800000000        -0.9400000000         1.2538819092        58.4607879848        60.7791775204 
        0.6850000000        -0.9400000000         1.2513329577        58.6442877801        56.9747723176 
        0.6900000000        -0.9400000000         1.2640777151        58.4607879848        75.9967983317 
        0.6950047000        -0.9400000000         1.2615287636        59.3782869611        72.1923931289 
        0.7000000000        -0.9400000000         1.2589798122        59.1947871658        68.3879879261 
        0.7050000000        -0.9400000000         1.2640777151        59.9287863468        75.9967983317 
        0.7100000000        -0.9400000000         1.2513329577        59.9287863468        56.9747723176 
        0.7150000000        -0.9400000000         1.2513329577        60.1122861421        56.9747723176 
        0.7200000000        -0.9400000000         1.2513329577        60.6627855278        56.9747723176 
        0.7250000000        -0.9400000000         1.2615287636        61.3967847088        72.1923931289 
        0.7300000000        -0.9400000000         1.2564308607        61.7637842993        64.5835827232 
        0.7350000000        -0.9400000000         1.2615287636        62.1307838898        72.1923931289 
        0.7400062000        -0.9400000000         1.2640777151        62.3142836850        75.9967983317 
        0.7450000000        -0.9400000000         1.2589798122        63.2317826613        68.3879879261 
        0.7500000000        -0.9400000000         1.2640777151        63.2317826613        75.9967983317 
        0.7550000000        -0.9400000000         1.2411371518        63.0482828660        41.7571515062 
        0.7600000000        -0.9400000000         1.2589798122        63.4152824565        68.3879879261 
        0.7650000000        -0.9400000000         1.2640777151        64.3327814328        75.9967983317 
        0.7700000000        -0.9400000000         1.2640777151        64.6997810233        75.9967983317 
        0.7750000000        -0.9400000000         1.2717245696        65.2502804090        87.4100139402 
        0.7800000000        -0.9400000000         1.2742735211        65.9842795900        91.2144191430 
        0.7850000000        -0.9400000000         1.2615287636        65.2502804090        72.1923931289 
        0.7900000000        -0.9400000000         1.2666266666        65.8007797948        79.8012035345 
        0.7950000000        -0.9400000000         1.2640777151        66.5347789758        75.9967983317 
        0.8000000000        -0.9400000000         1.2640777151        66.9017785662        75.9967983317 
        0.8050000000        -0.9400000000         1.2640777151        67.4522779520        75.9967983317 
        0.8100000000        -0.9400000000         1.2538819092        67.0852783615        60.7791775204 
        0.8150000000        -0.9400000000         1.2564308607        67.8192775425        64.5835827232 
        0.8200000000        -0.9400000000         1.2487840062        68.1862771330        53.1703671147 
        0.8250000000        -0.9400000000         1.2640777151        68.7367765187        75.9967983317 
        0.8300000000        -0.9400000000         1.2564308607        68.7367765187        64.5835827232 
        0.8350000000        -0.9400000000         1.2538819092        69.1037761092        60.7791775204 
        0.8400000000        -0.9400000000         1.2538819092        68.9202763140        60.7791775204 
        0.8450000000        -0.9400000000         1.2564308607        69.8377752902        64.5835827232 
        0.8500000000        -0.9400000000         1.2513329577        69.6542754950        56.9747723176 
        0.8550000000        -0.9400000000         1.2640777151        71.1222738570        75.9967983317 
        0.8600000000        -0.9400000000         1.2742735211        71.3057736522        91.2144191430 
        0.8650000000        -0.9400000000         1.2564308607        71.4892734475        64.5835827232 
        0.8700000000        -0.9400000000         1.2691756181        72.0397728332        83.6056087374 
        0.8750000000        -0.9400000000         1.2564308607        71.8562730380        64.5835827232 
        0.8800000000        -0.9400000000         1.2615287636        72.4067724237        72.1923931289 
        0.8850000000        -0.9400000000         1.2513329577        73.1407716047        56.9747723176 
        0.8900000000        -0.9400000000         1.2615287636        73.3242713999        72.1923931289 
        0.8950000000        -0.9400000000         1.2589798122        73.6912709904        68.3879879261 
        0.9000000000        -0.9400000000         1.2462350547        72.9572718094        49.3659619119 
        0.9050000000        -0.9400000000         1.2589798122        74.0582705809        68.3879879261 
        0.9100000000        -0.9400000000         1.2487840062        73.8747707857        53.1703671147 
        0.9150000000        -0.9400000000         1.2436861032        73.8747707857        45.5615567091 
        0.9200000000        -0.9400000000         1.2411371518        74.0582705809        41.7571515062 
        0.9250000000        -0.9400000000         1.2487840062        74.2417703762        53.1703671147 
        0.9300000000        -0.9400000000         1.2487840062        75.1592693524        53.1703671147 
        0.9350000000        -0.9400000000         1.2513329577        75.3427691477        56.9747723176 
        0.9400000000        -0.9400000000         1.2513329577        75.7097687382        56.9747723176 
        0.9450000000        -0.9400000000         1.2513329577        75.8932685334        56.9747723176 
        0.9500000000        -0.9400000000         1.2513329577        76.2602681239        56.9747723176 
        0.9550000000        -0.9400000000         1.2436861032        76.6272677144        45.5615567091 
        0.9600000000        -0.9400000000         1.2538819092        76.9942673049        60.7791775204 
        0.9650000000        -0.9400000000         1.2487840062        76.8107675097        53.1703671147 
        0.9700000000        -0.9400000000         1.2538819092        77.3612668954        60.7791775204 
        0.9750000000        -0.9400000000         1.2513329577        77.1777671002        56.9747723176 
        0.9800000000        -0.9400000000         1.2538819092        77.9117662812        60.7791775204 
        0.9850000000        -0.9400000000         1.2615287636        79.0127650526        72.1923931289 
        0.9900000000        -0.9400000000         1.2513329577        78.6457654622        56.9747723176 
        0.9950000000        -0.9400000000         1.2564308607        78.8292652574        64.5835827232 
        1.0000018000        -0.9400000000         1.2691756181        79.7467642336        83.6056087374 
        1.0050000000        -0.9400000000         1.2462350547        79.0127650526        49.3659619119 
        1.0100000000        -0.9400000000         1.2589798122        80.2972636194        68.3879879261 
        1.0150000000        -0.9400000000         1.2640777151        80.6642632099        75.9967983317 
        1.0200001000        -0.9400000000         1.2640777151        81.0312628004        75.9967983317 
        1.0250000000        -0.9400000000         1.2487840062        80.4807634146        53.1703671147 
        1.0300000000        -0.9400000000         1.2666266666        81.5817621861        79.8012035345 
        1.0350000000        -0.9400000000         1.2487840062        81.2147625956        53.1703671147 
        1.0400000000        -0.9400000000         1.2615287636        81.9487617766        72.1923931289 
        1.0450000000        -0.9400000000         1.2487840062        81.5817621861        53.1703671147 
        1.0500000000        -0.9400000000         1.2615287636        82.4992611624        72.1923931289 
        1.0550000000        -0.9400000000         1.2691756181        83.4167601386        83.6056087374 
        1.0600000000        -0.9400000000         1.2640777151        83.0497605481        75.9967983317 
        1.0650000000        -0.9400000000         1.2589798122        83.6002599339        68.3879879261 
        1.0700000000        -0.9400000000         1.2615287636        83.4167601386        72.1923931289 
        1.0750000000        -0.9400000000         1.2691756181        84.8847585006        83.6056087374 
        1.0800000000        -0.9400000000         1.2640777151        84.1507593196        75.9967983317 
        1.0850000000        -0.9400000000         1.2589798122        84.5177589101        68.3879879261 
        1.0900000000        -0.9400000000         1.2640777151        85.2517580911        75.9967983317 
        1.0950000000        -0.9400000000         1.2666266666        85.6187576816        79.8012035345 
        1.1000000000        -0.9400000000         1.2666266666        86.5362566578        79.8012035345 
        1.1050000000        -0.9400000000         1.2640777151        86.7197564531        75.9967983317 
        1.1100000000        -0.9400000000         1.2640777151        87.2702558388        75.9967983317 
        1.1150000000        -0.9400000000         1.2564308607        87.2702558388        64.5835827232 
        1.1200021000        -0.9400000000         1.2666266666        87.2702558388        79.8012035345 
        1.1250000000        -0.9400000000         1.2615287636        87.8207552246        72.1923931289 
        1.1300000000        -0.9400000000         1.2742735211        88.7382542008        91.2144191430 
        1.1350000000        -0.9400000000         1.2564308607        88.1877548151        64.5835827232 
        1.1400000000        -0.9400000000         1.2691756181        89.1052537913        83.6056087374 
        1.1450001000        -0.9400000000         1.2717245696        90.0227527676        87.4100139402 
        1.1500000000        -0.9400000000         1.2640777151        89.6557531771        75.9967983317 
        1.1550000000        -0.9400000000         1.2691756181        90.2062525628        83.6056087374 
        1.1600000000        -0.9400000000         1.2742735211        90.7567519486        91.2144191430 
        1.1650000000        -0.9400000000         1.2538819092        90.9402517438        60.7791775204 
        1.1700000000        -0.9400000000         1.2589798122        91.3072513343        68.3879879261 
        1.1750035000        -0.9400000000         1.2640777151        91.3072513343        75.9967983317 
        1.1800000000        -0.9400000000         1.2691756181        91.8577507200        83.6056087374 
        1.1850000000        -0.9400000000         1.2717245696        92.9587494915        87.4100139402 
        1.1900000000        -0.9400000000         1.2640777151        92.5917499010        75.9967983317 
        1.1950078000        -0.9400000000         1.2640777151        93.3257490820        75.9967983317 
        1.2000000000        -0.9400000000         1.2691756181        93.8762484678        83.6056087374 
        1.2050007000        -0.9400000000         1.2538819092        93.5092488773        60.7791775204 
        1.2100000000        -0.9400000000         1.2487840062        93.8762484678        53.1703671147 
        1.2150079000        -0.9400000000         1.2487840062        94.2432480583        53.1703671147 
        1.2200000000        -0.9400000000         1.2538819092        94.6102476488        60.7791775204 
        1.2250000000        -0.9400000000         1.2411371518        94.2432480583        41.7571515062 
        1.2300000000        -0.9400000000         1.2436861032        94.6102476488        45.5615567091 
        1.2350000000        -0.9400000000         1.2564308607        95.1607470345        64.5835827232 
        1.2400000000        -0.9400000000         1.2538819092        95.7112464203        60.7791775204 
        1.2450000000        -0.9400000000         1.2538819092        96.0782460108        60.7791775204 
        1.2500000000        -0.9400000000         1.2615287636        96.0782460108        72.1923931289 
        1.2550000000        -0.9400000000         1.2513329577        96.2617458060        56.9747723176 
        1.2600000000        -0.9400000000         1.2564308607        96.9957449870        64.5835827232 
        1.2650072000        -0.9400000000         1.2589798122        97.5462443727        68.3879879261 
        1.2700001000        -0.9400000000         1.2615287636        97.5462443727        72.1923931289 
        1.2750000000        -0.9400000000         1.2691756181        98.2802435537        83.6056087374 
        1.2800000000        -0.9400000000         1.2640777151        98.2802435537        75.9967983317 
        1.2850000000        -0.9400000000         1.2717245696        99.1977425300        87.4100139402 
        1.2900000000        -0.9400000000         1.2691756181        99.7482419157        83.6056087374 
        1.2950000000        -0.9400000000         1.2640777151        99.3812423252        75.9967983317 
        1.3000000000        -0.9400000000         1.2615287636        99.7482419157        72.1923931289 
        1.3050000000        -0.9400000000         1.2615287636       100.1152415062        72.1923931289 
        1.3100000000        -0.9400000000         1.2564308607       100.2987413015        64.5835827232 
        1.3150000000        -0.9400000000         1.2513329577       100.6657408920        56.9747723176 
        1.3200000000        -0.9400000000         1.2589798122       100.6657408920        68.3879879261 
        1.3250000000        -0.9400000000         1.2615287636       101.5832398682        72.1923931289 
        1.3300000000        -0.9400000000         1.2742735211       102.5007388445        91.2144191430 
        1.3350044000        -0.9400000000         1.2666266666       102.3172390492        79.8012035345 
        1.3400000000        -0.9400000000         1.2640777151       102.5007388445        75.9967983317 
        1.3450000000        -0.9400000000         1.2640777151       102.8677384350        75.9967983317 
        1.3500000000        -0.9400000000         1.2742735211       103.7852374112        91.2144191430 
        1.3550000000        -0.9400000000         1.2615287636       103.7852374112        72.1923931289 
        1.3600000000        -0.9400000000         1.2640777151       103.6017376159        75.9967983317 
        1.3650000000        -0.9400000000         1.2666266666       104.5192365922        79.8012035345 
        1.3700000000        -0.9400000000         1.2589798122       104.5192365922        68.3879879261 
        1.3750000000        -0.9400000000         1.2589798122       104.8862361827        68.3879879261 
        1.3800000000        -0.9400000000         1.2615287636       105.4367355684        72.1923931289 
        1.3850000000        -0.9400000000         1.2717245696       106.1707347494        87.4100139402 
        1.3900000000        -0.9400000000         1.2666266666       107.0882337257        79.8012035345 
        1.3950001000        -0.9400000000         1.2640777151       106.9047339304        75.9967983317 
        1.4000000000        -0.9400000000         1.2768224726       107.4552333162        95.0188243459 
        1.4050000000        -0.9400000000         1.2640777151       107.2717335209        75.9967983317 
        1.4100000000        -0.9400000000         1.2717245696       108.0057327019        87.4100139402 
        1.4150000000        -0.9400000000         1.2640777151       108.0057327019        75.9967983317 
        1.4200000000        -0.9400000000         1.2793714240       109.1067314734        98.8232295487 
        1.4250000000        -0.9400000000         1.2717245696       109.2902312687        87.4100139402 
        1.4300000000        -0.9400000000         1.2717245696       110.3912300401        87.4100139402 
        1.4350000000        -0.9400000000         1.2717245696       110.3912300401        87.4100139402 
        1.4400000000        -0.9400000000         1.2742735211       111.3087290164        91.2144191430 
        1.4450000000        -0.9400000000         1.2717245696       111.4922288116        87.4100139402 
        1.4500000000        -0.9400000000         1.2717245696       111.4922288116        87.4100139402 
        1.4550000000        -0.9400000000         1.2691756181       112.0427281974        83.6056087374 
        1.4600000000        -0.9400000000         1.2691756181       112.4097277879        83.6056087374 
        1.4650000000        -0.9400000000         1.2742735211       112.7767273784        91.2144191430 
        1.4700000000        -0.9400000000         1.2768224726       113.6942263546        95.0188243459 
        1.4750000000        -0.9400000000         1.2717245696       113.5107265594        87.4100139402 
        1.4800000000        -0.9400000000         1.2717245696       114.0612259451        87.4100139402 
        1.4850000000        -0.9400000000         1.2742735211       115.1622247166        91.2144191430 
        1.4900000000        -0.9400000000         1.2691756181       115.5292243071        83.6056087374 
        1.4950000000        -0.9400000000         1.2717245696       115.3457245119        87.4100139402 
        1.5000000000        -0.9400000000         1.2717245696       115.8962238976        87.4100139402 
        1.5050000000        -0.9400000000         1.2768224726       116.4467232833        95.0188243459 
        1.5100000000        -0.9400000000         1.2717245696       116.6302230786        87.4100139402 
        1.5150000000        -0.9400000000         1.2819203755       117.3642222596       102.6276347515 
        1.5200001000        -0.9400000000         1.2717245696       117.1807224643        87.4100139402 
        1.5250000000        -0.9400000000         1.2844693270       118.4652210311       106.4320399543 
        1.5300000000        -0.9400000000         1.2691756181       118.4652210311        83.6056087374 
        1.5350000000        -0.9400000000         1.2793714240       119.0157204168        98.8232295487 
        1.5400000000        -0.9400000000         1.2844693270       120.1167191883       106.4320399543 
        1.5450000000        -0.9400000000         1.2717245696       119.9332193931        87.4100139402 
        1.5500000000        -0.9400000000         1.2819203755       120.8507183693       102.6276347515 
        1.5550000000        -0.9400000000         1.2819203755       121.0342181646       102.6276347515 
        1.5600000000        -0.9400000000         1.2742735211       121.4012177551        91.2144191430 
        1.5650000000        -0.9400000000         1.2742735211       121.4012177551        91.2144191430 
        1.5700000000        -0.9400000000         1.2768224726       122.5022165265        95.0188243459 
        1.5750000000        -0.9400000000         1.2870182785       123.4197155028       110.2364451572 
        1.5800061000        -0.9400000000         1.2742735211       123.2362157075        91.2144191430 
        1.5850000000        -0.9400000000         1.2844693270       124.1537146838       106.4320399543 
        1.5900000000        -0.9400000000         1.2819203755       124.7042140695       102.6276347515 
        1.5950000000        -0.9400000000         1.2768224726       124.8877138648        95.0188243459 
        1.6000000000        -0.9400000000         1.2640777151       124.7042140695        75.9967983317 
        1.6050000000        -0.9400000000         1.2640777151       125.2547134553        75.9967983317 
        1.6100000000        -0.9400000000         1.2717245696       126.1722124315        87.4100139402 
        1.6150000000        -0.9400000000         1.2615287636       125.9887126363        72.1923931289 
        1.6200027000        -0.9400000000         1.2768224726       127.4567109983        95.0188243459 
        1.6250000000        -0.9400000000         1.2615287636       126.9062116125        72.1923931289 
        1.6300000000        -0.9400000000         1.2793714240       128.3742099745        98.8232295487 
        1.6350000000        -0.9400000000         1.2819203755       128.9247093602       102.6276347515 
        1.6400000000        -0.9400000000         1.2768224726       129.1082091555        95.0188243459 
        1.6450001000        -0.9400000000         1.2793714240       129.6587085412        98.8232295487 
        1.6500000000        -0.9400000000         1.2793714240       130.0257081317        98.8232295487 
        1.6550000000        -0.9400000000         1.2819203755       130.3927077222       102.6276347515 
        1.6600000000        -0.9400000000         1.2742735211       130.5762075175        91.2144191430 
        1.6650000000        -0.9400000000         1.2691756181       130.9432071080        83.6056087374 
        1.6700000000        -0.9400000000         1.2640777151       131.4937064937        75.9967983317 
        1.6750000000        -0.9400000000         1.2717245696       132.0442058795        87.4100139402 
        1.6800000000        -0.9400000000         1.2691756181       132.4112054700        83.6056087374 
        1.6850000000        -0.9400000000         1.2717245696       132.7782050605        87.4100139402 
        1.6900000000        -0.9400000000         1.2717245696       132.9617048557        87.4100139402 
        1.6950000000        -0.9400000000         1.2691756181       133.1452046510        83.6056087374 
        1.7000000000        -0.9400000000         1.2742735211       134.0627036272        91.2144191430 
        1.7050000000        -0.9400000000         1.2742735211       134.9802026034        91.2144191430 
        1.7100000000        -0.9400000000         1.2793714240       134.9802026034        98.8232295487 
        1.7150000000        -0.9400000000         1.2793714240       135.8977015797        98.8232295487 
        1.7200000000        -0.9400000000         1.2742735211       136.0812013749        91.2144191430 
        1.7250000000        -0.9400000000         1.2717245696       135.7142017844        87.4100139402 
        1.7300000000        -0.9400000000         1.2742735211       136.6317007607        91.2144191430 
        1.7350022000        -0.9400000000         1.2691756181       136.4482009654        83.6056087374 
        1.7400000000        -0.9400000000         1.2717245696       136.9987003512        87.4100139402 
        1.7450000000        -0.9400000000         1.2742735211       137.9161993274        91.2144191430 
        1.7500000000        -0.9400000000         1.2742735211       138.8336983037        91.2144191430 
        1.7550000000        -0.9400000000         1.2793714240       139.2006978942        98.8232295487 
        1.7600000000        -0.9400000000         1.2691756181       138.6501985084        83.6056087374 
        1.7650000000        -0.9400000000         1.2717245696       139.5676974847        87.4100139402 
        1.7700005000        -0.9400000000         1.2717245696       140.1181968704        87.4100139402 
        1.7750000000        -0.9400000000         1.2742735211       140.4851964609        91.2144191430 
        1.7800000000        -0.9400000000         1.2742735211       141.2191956419        91.2144191430 
        1.7850000000        -0.9400000000         1.2819203755       141.9531948229       102.6276347515 
        1.7900000000        -0.9400000000         1.2819203755       142.5036942086       102.6276347515 
        1.7950000000        -0.9400000000         1.2793714240       142.8706937991        98.8232295487 
        1.8000026000        -0.9400000000         1.2717245696       142.3201944134        87.4100139402 
        1.8050000000        -0.9400000000         1.2742735211       143.2376933896        91.2144191430 
        1.8100000000        -0.9400000000         1.2742735211       143.7881927754        91.2144191430 
        1.8150000000        -0.9400000000         1.2691756181       144.7056917516        83.6056087374 
        1.8200000000        -0.9400000000         1.2640777151       144.5221919564        75.9967983317 
        1.8250000000        -0.9400000000         1.2717245696       145.0726913421        87.4100139402 
        1.8300000000        -0.9400000000         1.2564308607       145.6231907279        64.5835827232 
        1.8350026000        -0.9400000000         1.2640777151       145.4396909326        75.9967983317 
        1.8400000000        -0.9400000000         1.2640777151       146.7241894993        75.9967983317 
        1.8450000000        -0.9400000000         1.2717245696       146.7241894993        87.4100139402 
        1.8500000000        -0.9400000000         1.2615287636       146.7241894993        72.1923931289 
        1.8550000000        -0.9400000000         1.2768224726       147.8251882708        95.0188243459 
        1.8600000000        -0.9400000000         1.2768224726       148.3756876566        95.0188243459 
        1.8650000000        -0.9400000000         1.2691756181       148.7426872471        83.6056087374 
        1.8700000000        -0.9400000000         1.2717245696       148.7426872471        87.4100139402 
        1.8750000000        -0.9400000000         1.2691756181       148.9261870423        83.6056087374 
        1.8800050000        -0.9400000000         1.2691756181       149.6601862233        83.6056087374 
        1.8850000000        -0.9400000000         1.2742735211       150.3941854043        91.2144191430 
        1.8900000000        -0.9400000000         1.2615287636       150.2106856091        72.1923931289 
        1.8950001000        -0.9400000000         1.2691756181       151.4951841758        83.6056087374 
        1.9000000000        -0.9400000000         1.2666266666       150.9446847901        79.8012035345 
        1.9050000000        -0.9400000000         1.2691756181       152.0456835616        83.6056087374 
        1.9100000000        -0.9400000000         1.2615287636       151.6786839711        72.1923931289 
        1.9150000000        -0.9400000000         1.2640777151       152.5961829473        75.9967983317 
        1.9200000000        -0.9400000000         1.2640777151       152.9631825378        75.9967983317 
        1.9250000000        -0.9400000000         1.2691756181       153.3301821283        83.6056087374 
        1.9300000000        -0.9400000000         1.2640777151       153.3301821283        75.9967983317 
        1.9350000000        -0.9400000000         1.2666266666       153.8806815140        79.8012035345 
        1.9400000000        -0.9400000000         1.2589798122       153.8806815140        68.3879879261 
        1.9450000000        -0.9400000000         1.2564308607       154.4311808998        64.5835827232 
        1.9500000000        -0.9400000000         1.2691756181       155.1651800808        83.6056087374 
        1.9550028000        -0.9400000000         1.2564308607       154.7981804903        64.5835827232 
        1.9600000000        -0.9400000000         1.2666266666       155.5321796713        79.8012035345 
        1.9650000000        -0.9400000000         1.2589798122       155.8991792618        68.3879879261 
        1.9700000000        -0.9400000000         1.2666266666       156.8166782380        79.8012035345 
        1.9750000000        -0.9400000000         1.2768224726       157.7341772143        95.0188243459 
        1.9800000000        -0.9400000000         1.2589798122       157.3671776238        68.3879879261 
        1.9850000000        -0.9400000000         1.2717245696       158.4681763953        87.4100139402 
        1.9900000000        -0.9400000000         1.2768224726       159.0186757810        95.0188243459 
        1.9950000000        -0.9400000000         1.2717245696       159.0186757810        87.4100139402 
        2.0000077000        -0.9400000000         1.2640777151       159.3856753715        75.9967983317 
        2.0050000000        -0.9400000000         1.2717245696       159.7526749620        87.4100139402 
        2.0100000000        -0.9400000000         1.2462350547       159.7526749620        49.3659619119 
        2.0150000000        -0.9400000000         1.2640777151       160.6701739382        75.9967983317 
        2.0200001000        -0.9400000000         1.2742735211       161.0371735287        91.2144191430 
        2.0250000000        -0.9400000000         1.2819203755       162.1381723002       102.6276347515 
        2.0300000000        -0.9400000000         1.2717245696       161.9546725050        87.4100139402 
        2.0350000000        -0.9400000000         1.2717245696       162.3216720955        87.4100139402 
        2.0400000000        -0.9400000000         1.2793714240       162.8721714812        98.8232295487 
        2.0450000000        -0.9400000000         1.2717245696       163.2391710717        87.4100139402 
        2.0500000000        -0.9400000000         1.2768224726       163.7896704575        95.0188243459 
        2.0550000000        -0.9400000000         1.2691756181       164.3401698432        83.6056087374 
        2.0600000000        -0.9400000000         1.2742735211       164.7071694337        91.2144191430 
        2.0650000000        -0.9400000000         1.2717245696       165.0741690242        87.4100139402 
        2.0700000000        -0.9400000000         1.2819203755       166.1751677957       102.6276347515 
        2.0750000000        -0.9400000000         1.2666266666       165.4411686147        79.8012035345 
        2.0800000000        -0.9400000000         1.2742735211       166.9091669767        91.2144191430 
        2.0850000000        -0.9400000000         1.2742735211       167.4596663624        91.2144191430 
        2.0900000000        -0.9400000000         1.2640777151       166.7256671814        75.9967983317 
        2.0950000000        -0.9400000000         1.2691756181       167.2761665672        83.6056087374 
        2.1000000000        -0.9400000000         1.2768224726       168.1936655434        95.0188243459 
        2.1050000000        -0.9400000000         1.2793714240       169.2946643149        98.8232295487 
        2.1100000000        -0.9400000000         1.2768224726       169.4781641102        95.0188243459 
        2.1150000000        -0.9400000000         1.2819203755       169.8451637007       102.6276347515 
        2.1200025000        -0.9400000000         1.2640777151       169.4781641102        75.9967983317 
        2.1250000000        -0.9400000000         1.2640777151       169.6616639054        75.9967983317 
        2.1300040000        -0.9400000000         1.2691756181       170.7626626769        83.6056087374 
        2.1350000000        -0.9400000000         1.2615287636       170.7626626769        72.1923931289 
        2.1400000000        -0.9400000000         1.2717245696       171.1296622674        87.4100139402 
        2.1450000000        -0.9400000000         1.2666266666       172.0471612436        79.8012035345 
        2.1500000000        -0.9400000000         1.2768224726       172.9646602199        95.0188243459 
        2.1550000000        -0.9400000000         1.2640777151       172.5976606294        75.9967983317 
        2.1600000000        -0.9400000000         1.2691756181       173.6986594009        83.6056087374 
        2.1650041000        -0.9400000000         1.2640777151       173.6986594009        75.9967983317 
        2.1700000000        -0.9400000000         1.2691756181       174.0656589914        83.6056087374 
        2.1750000000        -0.9400000000         1.2589798122       173.8821591961        68.3879879261 
        2.1800051000        -0.9400000000         1.2589798122       174.4326585819        68.3879879261 
        2.1850000000        -0.9400000000         1.2666266666       175.3501575581        79.8012035345 
        2.1900000000        -0.9400000000         1.2691756181       175.7171571486        83.6056087374 
        2.1950024000        -0.9400000000         1.2742735211       176.4511563296        91.2144191430 
        2.2000030000        -0.9400000000         1.2615287636       175.9006569439        72.1923931289 
        2.2050000000        -0.9400000000         1.2538819092       177.3686553058        60.7791775204 
        2.2100000000        -0.9400000000         1.2717245696       177.1851555106        87.4100139402 
        2.2150000000        -0.9400000000         1.2691756181       177.5521551011        83.6056087374 
        2.2200000000        -0.9400000000         1.2819203755       178.6531538726       102.6276347515 
        2.2250000000        -0.9400000000         1.2768224726       179.0201534631        95.0188243459 
        2.2300000000        -0.9400000000         1.2666266666       178.4696540773        79.8012035345 
        2.2350000000        -0.9400000000         1.2717245696       179.3871530536        87.4100139402 
        2.2400000000        -0.9400000000         1.2819203755       180.3046520298       102.6276347515 
        2.2450000000        -0.9400000000         1.2768224726       179.9376524393        95.0188243459 
        2.2500000000        -0.9400000000         1.2742735211       180.6716516203        91.2144191430 
        2.2550000000        -0.9400000000         1.2768224726       180.8551514156        95.0188243459 
        2.2600083000        -0.9400000000         1.2768224726       182.3231497776        95.0188243459 
        2.2650000000        -0.9400000000         1.2717245696       182.3231497776        87.4100139402 
        2.2700000000        -0.9400000000         1.2742735211       182.6901493681        91.2144191430 
        2.2750000000        -0.9400000000         1.2742735211       183.0571489586        91.2144191430 
        2.2800000000        -0.9400000000         1.2742735211       183.6076483443        91.2144191430 
        2.2850042000        -0.9400000000         1.2742735211       184.1581477300        91.2144191430 
        2.2900000000        -0.9400000000         1.2768224726       184.5251473205        95.0188243459 
        2.2950000000        -0.9400000000         1.2819203755       185.6261460920       102.6276347515 
        2.3000000000        -0.9400000000         1.2768224726       185.6261460920        95.0188243459 
        2.3050001000        -0.9400000000         1.2819203755       186.3601452730       102.6276347515 
        2.3100000000        -0.9400000000         1.2793714240       187.0941444540        98.8232295487 
        2.3150000000        -0.9400000000         1.2742735211       186.9106446588        91.2144191430 
        2.3200000000        -0.9400000000         1.2717245696       187.4611440445        87.4100139402 
        2.3250000000        -0.9400000000         1.2768224726       188.1951432255        95.0188243459 
        2.3300000000        -0.9400000000         1.2717245696       188.1951432255        87.4100139402 
        2.3350000000        -0.9400000000         1.2717245696       188.5621428160        87.4100139402 
        2.3400000000        -0.9400000000         1.2819203755       189.6631415875       102.6276347515 
        2.3450000000        -0.9400000000         1.2717245696       189.6631415875        87.4100139402 
        2.3500000000        -0.9400000000         1.2793714240       190.3971407685        98.8232295487 
        2.3550000000        -0.9400000000         1.2640777151       189.8466413827        75.9967983317 
        2.3600000000        -0.9400000000         1.2691756181       190.3971407685        83.6056087374 
        2.3650000000        -0.9400000000         1.2793714240       191.8651391305        98.8232295487 
        2.3700000000        -0.9400000000         1.2768224726       191.8651391305        95.0188243459 
        2.3750000000        -0.9400000000         1.2615287636       192.0486389257        72.1923931289 
        2.3800000000        -0.9400000000         1.2742735211       192.7826381067        91.2144191430 
        2.3850000000        -0.9400000000         1.2691756181       192.5991383115        83.6056087374 
        2.3900000000        -0.9400000000         1.2742735211       193.5166372877        91.2144191430 
        2.3950000000        -0.9400000000         1.2819203755       194.6176360592       102.6276347515 
        2.4000000000        -0.9400000000         1.2691756181       194.2506364687        83.6056087374 
        2.4050000000        -0.9400000000         1.2640777151       194.4341362640        75.9967983317 
        2.4100000000        -0.9400000000         1.2819203755       195.3516352402       102.6276347515 
        2.4150000000        -0.9400000000         1.2742735211       195.9021346259        91.2144191430 
        2.4200000000        -0.9400000000         1.2768224726       196.2691342164        95.0188243459 
        2.4250000000        -0.9400000000         1.2717245696       196.8196336022        87.4100139402 
        2.4300001000        -0.9400000000         1.2717245696       197.3701329879        87.4100139402 
        2.4350000000        -0.9400000000         1.2793714240       197.9206323737        98.8232295487 
        2.4400000000        -0.9400000000         1.2742735211       198.2876319642        91.2144191430 
        2.4450000000        -0.9400000000         1.2768224726       198.8381313499        95.0188243459 
        2.4500000000        -0.9400000000         1.2717245696       198.6546315547        87.4100139402 
        2.4550000000        -0.9400000000         1.2819203755       200.1226299167       102.6276347515 
        2.4600000000        -0.9400000000         1.2793714240       200.1226299167        98.8232295487 
        2.4650000000        -0.9400000000         1.2819203755       200.1226299167       102.6276347515 
        2.4700000000        -0.9400000000         1.2844693270       201.7741280739       106.4320399543 
        2.4750000000        -0.9400000000         1.2768224726       201.5906282787        95.0188243459 
        2.4800000000        -0.9400000000         1.2844693270       202.6916270501       106.4320399543 
        2.4850000000        -0.9400000000         1.2742735211       202.1411276644        91.2144191430 
        2.4900000000        -0.9400000000         1.2717245696       202.6916270501        87.4100139402 
        2.4950000000        -0.9400000000         1.2768224726       203.2421264359        95.0188243459 
        2.5000000000        -0.9400000000         1.2921161815       204.7101247979       117.8452555628 
        2.5050000000        -0.9400000000         1.2819203755       204.7101247979       102.6276347515 
        2.5100000000        -0.9400000000         1.2742735211       205.2606241836        91.2144191430 
        2.5150000000        -0.9400000000         1.2895672300       206.1781231599       114.0408503600 
        2.5200000000        -0.9400000000         1.2870182785       206.3616229551       110.2364451572 
        2.5250000000        -0.9400000000         1.2895672300       206.7286225456       114.0408503600 
        2.5300000000        -0.9400000000         1.2819203755       207.6461215219       102.6276347515 
        2.5350000000        -0.9400000000         1.2768224726       207.6461215219        95.0188243459 
        2.5400000000        -0.9400000000         1.2742735211       208.5636204981        91.2144191430 
        2.5450000000        -0.9400000000         1.2793714240       209.1141198838        98.8232295487 
        2.5500000000        -0.9400000000         1.2768224726       208.9306200886        95.0188243459 
        2.5550001000        -0.9400000000         1.2768224726       209.4811194743        95.0188243459 
        2.5600000000        -0.9400000000         1.2742735211       209.6646192696        91.2144191430 
        2.5650000000        -0.9400000000         1.2691756181       210.2151186553        83.6056087374 
        2.5700000000        -0.9400000000         1.2640777151       210.3986184506        75.9967983317 
        2.5750000000        -0.9400000000         1.2615287636       210.5821182458        72.1923931289 
        2.5800000000        -0.9400000000         1.2666266666       211.4996172221        79.8012035345 
        2.5850000000        -0.9400000000         1.2768224726       212.6006159936        95.0188243459 
        2.5900000000        -0.9400000000         1.2666266666       212.0501166078        79.8012035345 
        2.5950000000        -0.9400000000         1.2615287636       212.2336164031        72.1923931289 
        2.6000000000        -0.9400000000         1.2691756181       213.1511153793        83.6056087374 
        2.6050000000        -0.9400000000         1.2615287636       213.1511153793        72.1923931289 
        2.6100000000        -0.9400000000         1.2640777151       214.0686143556        75.9967983317 
        2.6150000000        -0.9400000000         1.2666266666       213.8851145603        79.8012035345 
        2.6200000000        -0.9400000000         1.2640777151       214.2521141508        75.9967983317 
        2.6250000000        -0.9400000000         1.2768224726       215.7201125128        95.0188243459 
        2.6300000000        -0.9400000000         1.2742735211       216.4541116938        91.2144191430 
        2.6350000000        -0.9400000000         1.2615287636       215.5366127175        72.1923931289 
        2.6400000000        -0.9400000000         1.2742735211       216.4541116938        91.2144191430 
        2.6450000000        -0.9400000000         1.2640777151       216.4541116938        75.9967983317 
        2.6500000000        -0.9400000000         1.2717245696       216.8211112843        87.4100139402 
        2.6550000000        -0.9400000000         1.2742735211       217.9221100558        91.2144191430 
        2.6600000000        -0.9400000000         1.2615287636       218.2891096463        72.1923931289 
        2.6650000000        -0.9400000000         1.2640777151       218.1056098510        75.9967983317 
        2.6700000000        -0.9400000000         1.2615287636       218.4726094415        72.1923931289 
        2.6750000000        -0.9400000000         1.2768224726       220.1241075988        95.0188243459 
        2.6800001000        -0.9400000000         1.2615287636       219.9406078035        72.1923931289 
        2.6850000000        -0.9400000000         1.2768224726       220.6746069845        95.0188243459 
        2.6900000000        -0.9400000000         1.2615287636       220.6746069845        72.1923931289 
        2.6950000000        -0.9400000000         1.2742735211       220.4911071892        91.2144191430 
        2.7000000000        -0.9400000000         1.2691756181       221.5921059607        83.6056087374 
        2.7050000000        -0.9400000000         1.2615287636       221.9591055512        72.1923931289 
        2.7100000000        -0.9400000000         1.2717245696       222.3261051417        87.4100139402 
        2.7150000000        -0.9400000000         1.2768224726       223.0601043227        95.0188243459 
        2.7200000000        -0.9400000000         1.2717245696       223.0601043227        87.4100139402 
        2.7250000000        -0.9400000000         1.2717245696       223.0601043227        87.4100139402 
        2.7300000000        -0.9400000000         1.2691756181       223.9776032990        83.6056087374 
        2.7350000000        -0.9400000000         1.2793714240       225.0786020705        98.8232295487 
        2.7400000000        -0.9400000000         1.2666266666       224.3446028895        79.8012035345 
        2.7450000000        -0.9400000000         1.2742735211       225.2621018657        91.2144191430 
        2.7500000000        -0.9400000000         1.2793714240       226.1796008420        98.8232295487 
        2.7550000000        -0.9400000000         1.2742735211       226.1796008420        91.2144191430 
        2.7600000000        -0.9400000000         1.2793714240       227.2805996134        98.8232295487 
        2.7650000000        -0.9400000000         1.2691756181       226.7301002277        83.6056087374 
        2.7700000000        -0.9400000000         1.2717245696       227.2805996134        87.4100139402 
        2.7750000000        -0.9400000000         1.2666266666       227.4640994087        79.8012035345 
        2.7800000000        -0.9400000000         1.2717245696       228.5650981802        87.4100139402 
        2.7850000000        -0.9400000000         1.2640777151       228.5650981802        75.9967983317 
        2.7900000000        -0.9400000000         1.2742735211       229.6660969517        91.2144191430 
        2.7950000000        -0.9400000000         1.2717245696       229.6660969517        87.4100139402 
        2.8000000000        -0.9400000000         1.2564308607       229.6660969517        64.5835827232 
        2.8050001000        -0.9400000000         1.2691756181       230.7670957232        83.6056087374 
        2.8100000000        -0.9400000000         1.2589798122       230.7670957232        68.3879879261 
        2.8150000000        -0.9400000000         1.2640777151       231.1340953137        75.9967983317 
        2.8200000000        -0.9400000000         1.2615287636       231.3175951089        72.1923931289 
        2.8250000000        -0.9400000000         1.2691756181       231.8680944947        83.6056087374 
        2.8300000000        -0.9400000000         1.2615287636       232.0515942899        72.1923931289 
        2.8350000000        -0.9400000000         1.2691756181       232.7855934709        83.6056087374 
        2.8400000000        -0.9400000000         1.2742735211       234.0700920376        91.2144191430 
        2.8450000000        -0.9400000000         1.2793714240       234.0700920376        98.8232295487 
        2.8500000000        -0.9400000000         1.2615287636       233.7030924471        72.1923931289 
        2.8550000000        -0.9400000000         1.2742735211       235.1710908091        91.2144191430 
        2.8600000000        -0.9400000000         1.2717245696       234.6205914234        87.4100139402 
        2.8650000000        -0.9400000000         1.2691756181       235.3545906044        83.6056087374 
        2.8700000000        -0.9400000000         1.2819203755       235.9050899901       102.6276347515 
        2.8750000000        -0.9400000000         1.2717245696       236.2720895806        87.4100139402 
        2.8800000000        -0.9400000000         1.2819203755       237.0060887616       102.6276347515 
        2.8850000000        -0.9400000000         1.2717245696       237.1895885569        87.4100139402 
        2.8900000000        -0.9400000000         1.2819203755       238.1070875331       102.6276347515 
        2.8950000000        -0.9400000000         1.2691756181       237.5565881474        83.6056087374 
        2.9000000000        -0.9400000000         1.2819203755       239.0245865093       102.6276347515 
        2.9050000000        -0.9400000000         1.2742735211       238.8410867141        91.2144191430 
        2.9100000000        -0.9400000000         1.2793714240       239.9420854856        98.8232295487 
        2.9150000000        -0.9400000000         1.2717245696       239.9420854856        87.4100139402 
        2.9200000000        -0.9400000000         1.2640777151       240.1255852808        75.9967983317 
        2.9250000000        -0.9400000000         1.2768224726       241.2265840523        95.0188243459 
        2.9300001000        -0.9400000000         1.2768224726       241.5935836428        95.0188243459 
        2.9350000000        -0.9400000000         1.2513329577       241.4100838476        56.9747723176 
        2.9400000000        -0.9400000000         1.2640777151       241.9605832333        75.9967983317 
        2.9450000000        -0.9400000000         1.2666266666       242.1440830286        79.8012035345 
        2.9500000000        -0.9400000000         1.2742735211       242.6945824143        91.2144191430 
        2.9550000000        -0.9400000000         1.2640777151       242.6945824143        75.9967983317 
        2.9600000000        -0.9400000000         1.2742735211       243.9790809811        91.2144191430 
        2.9650000000        -0.9400000000         1.2768224726       244.1625807763        95.0188243459 
        2.9700000000        -0.9400000000         1.2640777151       244.1625807763        75.9967983317 
        2.9750000000        -0.9400000000         1.2717245696       244.8965799573        87.4100139402 
        2.9800000000        -0.9400000000         1.2717245696       245.0800797525        87.4100139402 
        2.9850000000        -0.9400000000         1.2640777151       245.6305791383        75.9967983317 
        2.9900000000        -0.9400000000         1.2691756181       246.3645783193        83.6056087374 
        2.9950000000        -0.9400000000         1.2666266666       246.3645783193        79.8012035345 
        3.0000000000        -0.9400000000         1.2742735211       246.9150777050        91.2144191430 
        3.0050000000        -0.9400000000         1.2615287636       247.0985775003        72.1923931289 
        3.0100000000        -0.9400000000         1.2742735211       248.1995762718        91.2144191430 
        3.0150000000        -0.9400000000         1.2742735211       247.8325766813        91.2144191430 
        3.0200000000        -0.9400000000         1.2615287636       248.1995762718        72.1923931289 
        3.0250000000        -0.9400000000         1.2666266666       248.9335754528        79.8012035345 
        3.0300000000        -0.9400000000         1.2640777151       249.4840748385        75.9967983317 
        3.0350000000        -0.9400000000         1.2640777151       249.8510744290        75.9967983317 
        3.0400000000        -0.9400000000         1.2717245696       250.5850736100        87.4100139402 
        3.0450000000        -0.9400000000         1.2640777151       250.9520732005        75.9967983317 
        3.0500000000        -0.9400000000         1.2513329577       250.4015738148        56.9747723176 
        3.0550001000        -0.9400000000         1.2538819092       251.3190727910        60.7791775204 
        3.0600000000        -0.9400000000         1.2513329577       251.6860723815        56.9747723176 
        3.0650000000        -0.9400000000         1.2640777151       252.2365717672        75.9967983317 
        3.0700000000        -0.9400000000         1.2538819092       252.2365717672        60.7791775204 
        3.0750000000        -0.9400000000         1.2564308607       252.4200715625        64.5835827232 
        3.0800000000        -0.9400000000         1.2589798122       253.1540707435        68.3879879261 
        3.0850000000        -0.9400000000         1.2513329577       253.7045701292        56.9747723176 
        3.0900000000        -0.9400000000         1.2640777151       252.9705709482        75.9967983317 
        3.0950000000        -0.9400000000         1.2513329577       253.3375705387        56.9747723176 
        3.1000000000        -0.9400000000         1.2589798122       253.7045701292        68.3879879261 
        3.1050000000        -0.9400000000         1.2589798122       254.6220691055        68.3879879261 
        3.1100000000        -0.9400000000         1.2615287636       254.9890686960        72.1923931289 
        3.1150000000        -0.9400000000         1.2717245696       255.3560682865        87.4100139402 
        3.1200000000        -0.9400000000         1.2691756181       255.7230678770        83.6056087374 
        3.1250000000        -0.9400000000         1.2538819092       256.0900674675        60.7791775204 
        3.1300000000        -0.9400000000         1.2691756181       256.6405668532        83.6056087374 
        3.1350000000        -0.9400000000         1.2742735211       256.8240666485        91.2144191430 
        3.1400000000        -0.9400000000         1.2691756181       257.5580658294        83.6056087374 
        3.1450000000        -0.9400000000         1.2615287636       257.3745660342        72.1923931289 
        3.1500000000        -0.9400000000         1.2717245696       258.2920650104        87.4100139402 
        3.1550000000        -0.9400000000         1.2666266666       258.1085652152        79.8012035345 
        3.1600000000        -0.9400000000         1.2742735211       258.6590646009        91.2144191430 
        3.1650000000        -0.9400000000         1.2717245696       259.5765635772        87.4100139402 
        3.1700000000        -0.9400000000         1.2768224726       259.9435631677        95.0188243459 
        3.1750000000        -0.9400000000         1.2742735211       260.4940625534        91.2144191430 
        3.1800001000        -0.9400000000         1.2691756181       260.6775623487        83.6056087374 
        3.1850000000        -0.9400000000         1.2819203755       261.9620609154       102.6276347515 
        3.1900000000        -0.9400000000         1.2742735211       261.7785611202        91.2144191430 
        3.1950000000        -0.9400000000         1.2717245696       262.1455607107        87.4100139402 
        3.2000000000        -0.9400000000         1.2742735211       262.6960600964        91.2144191430 
        3.2050000000        -0.9400000000         1.2742735211       262.5125603012        91.2144191430 
        3.2100000000        -0.9400000000         1.2717245696       263.4300592774        87.4100139402 
        3.2150000000        -0.9400000000         1.2742735211       264.1640584584        91.2144191430 
        3.2200000000        -0.9400000000         1.2742735211       263.9805586631        91.2144191430 
        3.2250000000        -0.9400000000         1.2742735211       264.8980576394        91.2144191430 
        3.2300000000        -0.9400000000         1.2819203755       266.1825562061       102.6276347515 
        3.2350000000        -0.9400000000         1.2819203755       266.3660560014       102.6276347515 
        3.2400000000        -0.9400000000         1.2691756181       265.8155566156        83.6056087374 
        3.2450000000        -0.9400000000         1.2819203755       266.9165553871       102.6276347515 
        3.2500000000        -0.9400000000         1.2717245696       267.2835549776        87.4100139402 
        3.2550000000        -0.9400000000         1.2717245696       267.2835549776        87.4100139402 
        3.2600000000        -0.9400000000         1.2742735211       268.7515533396        91.2144191430 
        3.2650000000        -0.9400000000         1.2742735211       268.3845537491        91.2144191430 
        3.2700000000        -0.9400000000         1.2640777151       269.4855525206        75.9967983317 
        3.2750000000        -0.9400000000         1.2768224726       269.8525521111        95.0188243459 
        3.2800000000        -0.9400000000         1.2717245696       270.4030514968        87.4100139402 
        3.2850000000        -0.9400000000         1.2691756181       270.4030514968        83.6056087374 
        3.2900000000        -0.9400000000         1.2768224726       271.1370506778        95.0188243459 
        3.2950000000        -0.9400000000         1.2742735211       271.3205504731        91.2144191430 
        3.3000000000        -0.9400000000         1.2615287636       271.1370506778        72.1923931289 
        3.3050001000        -0.9400000000         1.2691756181       271.3205504731        83.6056087374 
        3.3100000000        -0.9400000000         1.2615287636       271.6875500636        72.1923931289 
        3.3150000000        -0.9400000000         1.2691756181       272.9720486303        83.6056087374 
        3.3200000000        -0.9400000000         1.2666266666       272.7885488351        79.8012035345 
        3.3250000000        -0.9400000000         1.2589798122       273.1555484256        68.3879879261 
        3.3300000000        -0.9400000000         1.2742735211       274.0730474018        91.2144191430 
        3.3350000000        -0.9400000000         1.2691756181       274.4400469923        83.6056087374 
        3.3400000000        -0.9400000000         1.2615287636       274.9905463781        72.1923931289 
        3.3450000000        -0.9400000000         1.2666266666       274.9905463781        79.8012035345 
        3.3500000000        -0.9400000000         1.2742735211       275.1740461733        91.2144191430 
        3.3550000000        -0.9400000000         1.2666266666       275.9080453543        79.8012035345 
        3.3600000000        -0.9400000000         1.2742735211       276.6420445353        91.2144191430 
        3.3650000000        -0.9400000000         1.2691756181       276.8255443305        83.6056087374 
        3.3700000000        -0.9400000000         1.2691756181       277.1925439210        83.6056087374 
        3.3750000000        -0.9400000000         1.2819203755       278.6605422830       102.6276347515 
        3.3800000000        -0.9400000000         1.2768224726       278.6605422830        95.0188243459 
        3.3850000000        -0.9400000000         1.2819203755       279.5780412593       102.6276347515 
        3.3900000000        -0.9400000000         1.2717245696       279.0275418735        87.4100139402 
        3.3950000000        -0.9400000000         1.2768224726       279.5780412593        95.0188243459 
        3.4000000000        -0.9400000000         1.2870182785       281.0460396213       110.2364451572 
        3.4050000000        -0.9400000000         1.2768224726       280.3120404403        95.0188243459 
        3.4100000000        -0.9400000000         1.2819203755       281.4130392118       102.6276347515 
        3.4150000000        -0.9400000000         1.2895672300       282.1470383927       114.0408503600 
        3.4200000000        -0.9400000000         1.2691756181       282.5140379832        83.6056087374 
        3.4250000000        -0.9400000000         1.2895672300       283.4315369595       114.0408503600 
        3.4300001000        -0.9400000000         1.2768224726       282.8810375737        95.0188243459 
        3.4350000000        -0.9400000000         1.2921161815       284.5325357310       117.8452555628 
        3.4400000000        -0.9400000000         1.2768224726       284.3490359357        95.0188243459 
        3.4450000000        -0.9400000000         1.2844693270       285.0830351167       106.4320399543 
        3.4500000000        -0.9400000000         1.2870182785       285.4500347072       110.2364451572 
        3.4550000000        -0.9400000000         1.2844693270       286.0005340930       106.4320399543 
        3.4600000000        -0.9400000000         1.2793714240       286.5510334787        98.8232295487 
        3.4650000000        -0.9400000000         1.2742735211       286.5510334787        91.2144191430 
        3.4700000000        -0.9400000000         1.2742735211       287.2850326597        91.2144191430 
        3.4750000000        -0.9400000000         1.2793714240       288.0190318407        98.8232295487 
        3.4800000000        -0.9400000000         1.2768224726       288.2025316359        95.0188243459 
        3.4850000000        -0.9400000000         1.2768224726       288.9365308169        95.0188243459 
        3.4900000000        -0.9400000000         1.2742735211       289.4870302027        91.2144191430 
        3.4950000000        -0.9400000000         1.2717245696       289.3035304074        87.4100139402 
        3.5000000000        -0.9400000000         1.2742735211       289.8540297932        91.2144191430 
        3.5050000000        -0.9400000000         1.2768224726       290.9550285647        95.0188243459 
        3.5100000000        -0.9400000000         1.2819203755       291.8725275409       102.6276347515 
        3.5150000000        -0.9400000000         1.2742735211       291.3220281552        91.2144191430 
        3.5200000000        -0.9400000000         1.2768224726       292.7900265172        95.0188243459 
        3.5250000000        -0.9400000000         1.2793714240       292.7900265172        98.8232295487 
        3.5300000000        -0.9400000000         1.2819203755       293.8910252887       102.6276347515 
        3.5350000000        -0.9400000000         1.2742735211       293.3405259029        91.2144191430 
        3.5400000000        -0.9400000000         1.2742735211       294.4415246744        91.2144191430 
        3.5450000000        -0.9400000000         1.2768224726       294.6250244696        95.0188243459 
        3.5500000000        -0.9400000000         1.2895672300       295.5425234459       114.0408503600 
        3.5550001000        -0.9400000000         1.2819203755       295.5425234459       102.6276347515 
        3.5600000000        -0.9400000000         1.2768224726       296.2765226269        95.0188243459 
        3.5650000000        -0.9400000000         1.2717245696       296.6435222174        87.4100139402 
        3.5700000000        -0.9400000000         1.2819203755       297.1940216031       102.6276347515 
        3.5750000000        -0.9400000000         1.2819203755       297.1940216031       102.6276347515 
        3.5800000000        -0.9400000000         1.2870182785       298.6620199651       110.2364451572 
        3.5850000000        -0.9400000000         1.2819203755       299.3960191461       102.6276347515 
        3.5900000000        -0.9400000000         1.2844693270       299.2125193509       106.4320399543 
        3.5950000000        -0.9400000000         1.2895672300       300.1300183271       114.0408503600 
        3.6000000000        -0.9400000000         1.2844693270       300.4970179176       106.4320399543 
        3.6050000000        -0.9400000000         1.2819203755       300.6805177128       102.6276347515 
        3.6100000000        -0.9400000000         1.2921161815       301.7815164843       117.8452555628 
        3.6150000000        -0.9400000000         1.2819203755       301.4145168938       102.6276347515 
        3.6200000000        -0.9400000000         1.2844693270       302.3320158701       106.4320399543 
        3.6250000000        -0.9400000000         1.2793714240       302.5155156653        98.8232295487 
        3.6300000000        -0.9400000000         1.2819203755       302.8825152558       102.6276347515 
        3.6350000000        -0.9400000000         1.2819203755       303.6165144368       102.6276347515 
        3.6400000000        -0.9400000000         1.2768224726       304.1670138226        95.0188243459 
        3.6450000000        -0.9400000000         1.2768224726       305.0845127988        95.0188243459 
        3.6500000000        -0.9400000000         1.2946651330       305.4515123893       121.6496607657 
        3.6550000000        -0.9400000000         1.2819203755       306.5525111608       102.6276347515 
        3.6600000000        -0.9400000000         1.2895672300       307.1030105465       114.0408503600 
        3.6650000000        -0.9400000000         1.2819203755       306.9195107513       102.6276347515 
        3.6700000000        -0.9400000000         1.2844693270       307.4700101370       106.4320399543 
        3.6750000000        -0.9400000000         1.2844693270       308.0205095228       106.4320399543 
        3.6800001000        -0.9400000000         1.2793714240       308.5710089085        98.8232295487 
        3.6850000000        -0.9400000000         1.2793714240       308.7545087038        98.8232295487 
        3.6900000000        -0.9400000000         1.2742735211       308.9380084990        91.2144191430 
        3.6950000000        -0.9400000000         1.2921161815       310.4060068610       117.8452555628 
        3.7000000000        -0.9400000000         1.2742735211       310.2225070658        91.2144191430 
        3.7050000000        -0.9400000000         1.2921161815       311.6905054278       117.8452555628 
        3.7100000000        -0.9400000000         1.2768224726       311.8740052230        95.0188243459 
        3.7150000000        -0.9400000000         1.2768224726       311.8740052230        95.0188243459 
        3.7200000000        -0.9400000000         1.2793714240       312.6080044040        98.8232295487 
        3.7250000000        -0.9400000000         1.2819203755       312.6080044040       102.6276347515 
        3.7300000000        -0.9400000000         1.2742735211       313.7090031755        91.2144191430 
        3.7350000000        -0.9400000000         1.2793714240       314.0760027660        98.8232295487 
        3.7400000000        -0.9400000000         1.2819203755       314.8100019470       102.6276347515 
        3.7450000000        -0.9400000000         1.2768224726       314.8100019470        95.0188243459 
        3.7500000000        -0.9400000000         1.2793714240       315.9110007185        98.8232295487 
        3.7550000000        -0.9400000000         1.2870182785       316.2780003090       110.2364451572 
        3.7600000000        -0.9400000000         1.2870182785       317.0119994900       110.2364451572 
        3.7650000000        -0.9400000000         1.2870182785       317.7459986710       110.2364451572 
        3.7700000000        -0.9400000000         1.2844693270       318.2964980567       106.4320399543 
        3.7750000000        -0.9400000000         1.2844693270       318.1129982615       106.4320399543 
        3.7800000000        -0.9400000000         1.2895672300       319.0304972377       114.0408503600 
        3.7850000000        -0.9400000000         1.2895672300       319.5809966234       114.0408503600 
        3.7900000000        -0.9400000000         1.2819203755       319.9479962139       102.6276347515 
        3.7950000000        -0.9400000000         1.2895672300       320.6819953949       114.0408503600 
        3.8000000000        -0.9400000000         1.2946651330       321.7829941664       121.6496607657 
        3.8050001000        -0.9400000000         1.2819203755       321.2324947807       102.6276347515 
        3.8100000000        -0.9400000000         1.2921161815       322.1499937569       117.8452555628 
        3.8150000000        -0.9400000000         1.2921161815       323.4344923237       117.8452555628 
        3.8200000000        -0.9400000000         1.2946651330       323.8014919142       121.6496607657 
        3.8250000000        -0.9400000000         1.2921161815       324.5354910952       117.8452555628 
        3.8300000000        -0.9400000000         1.2819203755       324.3519912999       102.6276347515 
        3.8350000000        -0.9400000000         1.2844693270       324.9024906856       106.4320399543 
        3.8400000000        -0.9400000000         1.2819203755       325.8199896619       102.6276347515 
        3.8450000000        -0.9400000000         1.2895672300       326.1869892524       114.0408503600 
        3.8500000000        -0.9400000000         1.2895672300       326.5539888429       114.0408503600 
        3.8550000000        -0.9400000000         1.2895672300       327.2879880239       114.0408503600 
        3.8600000000        -0.9400000000         1.2921161815       328.2054870001       117.8452555628 
        3.8650000000        -0.9400000000         1.2921161815       328.2054870001       117.8452555628 
        3.8700000000        -0.9400000000         1.2819203755       328.7559863859       102.6276347515 
        3.8750000000        -0.9400000000         1.2819203755       329.1229859764       102.6276347515 
        3.8800000000        -0.9400000000         1.2819203755       330.0404849526       102.6276347515 
        3.8850000000        -0.9400000000         1.2793714240       330.5909843384        98.8232295487 
        3.8900000000        -0.9400000000         1.2742735211       330.4074845431        91.2144191430 
        3.8950000000        -0.9400000000         1.2819203755       331.3249835193       102.6276347515 
        3.9000000000        -0.9400000000         1.2793714240       332.0589827003        98.8232295487 
        3.9050000000        -0.9400000000         1.2819203755       332.4259822908       102.6276347515 
        3.9100000000        -0.9400000000         1.2717245696       332.6094820861        87.4100139402 
        3.9150000000        -0.9400000000         1.2742735211       333.1599814718        91.2144191430 
        3.9200000000        -0.9400000000         1.2946651330       334.8114796291       121.6496607657 
        3.9250000000        -0.9400000000         1.2844693270       334.0774804481       106.4320399543 
        3.9300001000        -0.9400000000         1.2844693270       335.3619790148       106.4320399543 
        3.9350000000        -0.9400000000         1.2768224726       335.3619790148        95.0188243459 
        3.9400000000        -0.9400000000         1.2768224726       335.7289786053        95.0188243459 
        3.9450000000        -0.9400000000         1.2844693270       336.8299773768       106.4320399543 
        3.9500000000        -0.9400000000         1.2819203755       337.3804767625       102.6276347515 
        3.9550000000        -0.9400000000         1.2870182785       337.9309761483       110.2364451572 
        3.9600000000        -0.9400000000         1.2844693270       338.4814755340       106.4320399543 
        3.9650000000        -0.9400000000         1.2819203755       338.4814755340       102.6276347515 
        3.9700000000        -0.9400000000         1.2793714240       339.0319749198        98.8232295487 
        3.9750000000        -0.9400000000         1.2921161815       339.9494738960       117.8452555628 
        3.9800000000        -0.9400000000         1.2870182785       340.4999732818       110.2364451572 
        3.9850000000        -0.9400000000         1.2921161815       341.4174722580       117.8452555628 
        3.9900000000        -0.9400000000         1.2946651330       342.3349712343       121.6496607657 
        3.9950000000        -0.9400000000         1.2793714240       341.9679716438        98.8232295487 
