           Time[sec]           V_{cmd}[V]          V_{gyro}[V]          \theta[deg] \omega_{gyro}[deg/sec] 
        0.0000000000         2.8200000000         1.2207455399       231.8680944947        11.5121301438 
        0.0050000000         2.8200000000         1.2080007824       231.3175951089        -7.5098958704 
        0.0100000000         2.8200000000         1.2054518309       230.9505955184       -11.3143010732 
        0.0150000000         2.8200000000         1.2207455399       231.6845946994        11.5121301438 
        0.0200000000         2.8200000000         1.2130986854       231.3175951089         0.0989145353 
        0.0250000000         2.8200000000         1.2207455399       231.8680944947        11.5121301438 
        0.0300000000         2.8200000000         1.2130986854       231.3175951089         0.0989145353 
        0.0350000000         2.8200000000         1.2360392488       230.9505955184        34.3385613607 
        0.0400000000         2.8200000000         1.2997630359       232.4185938804       129.4486914315 
        0.0450000000         2.8200000000         1.2487840062       232.2350940852        53.3605873749 
        0.0500000000         2.8200000000         1.2691756181       233.1525930614        83.7958289975 
        0.0550000000         2.8200000000         1.2691756181       232.7855934709        83.7958289975 
        0.0600000000         2.8200000000         1.2768224726       233.5195926519        95.2090446060 
        0.0650000000         2.8200000000         1.2793714240       234.0700920376        99.0134498088 
        0.0700000000         2.8200000000         1.2819203755       234.2535918329       102.8178550117 
        0.0750000000         2.8200000000         1.2870182785       234.8040912186       110.4266654173 
        0.0800000000         2.8200000000         1.2819203755       235.7215901949       102.8178550117 
        0.0850000000         2.8200000000         1.2793714240       235.9050899901        99.0134498088 
        0.0900000000         2.8200000000         1.2870182785       237.0060887616       110.4266654173 
        0.0950000000         2.8200000000         1.2768224726       236.6390891711        95.2090446060 
        0.1000000000         2.8200000000         1.2819203755       237.5565881474       102.8178550117 
        0.1050000000         2.8200000000         1.2819203755       238.1070875331       102.8178550117 
        0.1100000000         2.8200000000         1.2870182785       238.1070875331       110.4266654173 
        0.1150000000         2.8200000000         1.2793714240       238.4740871236        99.0134498088 
        0.1200000000         2.8200000000         1.2921161815       239.7585856903       118.0354758230 
        0.1250000000         2.8200000000         1.2768224726       240.1255852808        95.2090446060 
        0.1300000000         2.8200000000         1.2895672300       240.6760846666       114.2310706201 
        0.1350000000         2.8200000000         1.2972140844       241.9605832333       125.6442862286 
        0.1400000000         2.8200000000         1.2870182785       241.4100838476       110.4266654173 
        0.1450000000         2.8200000000         1.2844693270       242.5110826191       106.6222602145 
        0.1500000000         2.8200000000         1.2972140844       243.0615820048       125.6442862286 
        0.1550000000         2.8200000000         1.2921161815       243.6120813906       118.0354758230 
        0.1600000000         2.8200000000         1.2946651330       243.6120813906       121.8398810258 
        0.1650000000         2.8200000000         1.2972140844       245.0800797525       125.6442862286 
        0.1700000000         2.8200000000         1.3023119874       245.8140789335       133.2530966343 
        0.1750000000         2.8200000000         1.2921161815       245.6305791383       118.0354758230 
        0.1800001000         2.8200000000         1.2997630359       246.9150777050       129.4486914315 
        0.1850000000         2.8200000000         1.2895672300       246.9150777050       114.2310706201 
        0.1900000000         2.8200000000         1.2997630359       247.8325766813       129.4486914315 
        0.1950000000         2.8200000000         1.2946651330       248.5665758623       121.8398810258 
        0.2000000000         2.8200000000         1.3023119874       249.3005750433       133.2530966343 
        0.2050000000         2.8200000000         1.3023119874       250.4015738148       133.2530966343 
        0.2100001000         2.8200000000         1.3048609389       250.4015738148       137.0575018371 
        0.2150000000         2.8200000000         1.2946651330       251.1355729957       121.8398810258 
        0.2200000000         2.8200000000         1.2972140844       251.6860723815       125.6442862286 
        0.2250000000         2.8200000000         1.2895672300       251.8695721767       114.2310706201 
        0.2300000000         2.8200000000         1.2946651330       253.1540707435       121.8398810258 
        0.2350000000         2.8200000000         1.2895672300       253.1540707435       114.2310706201 
        0.2400001000         2.8200000000         1.2997630359       254.2550695150       129.4486914315 
        0.2450000000         2.8200000000         1.2997630359       254.6220691055       129.4486914315 
        0.2500000000         2.8200000000         1.2921161815       255.3560682865       118.0354758230 
        0.2550000000         2.8200000000         1.3048609389       256.0900674675       137.0575018371 
        0.2600000000         2.8200000000         1.3048609389       256.8240666485       137.0575018371 
        0.2650000000         2.8200000000         1.2972140844       257.7415656247       125.6442862286 
        0.2700000000         2.8200000000         1.3023119874       258.1085652152       133.2530966343 
        0.2750000000         2.8200000000         1.2972140844       259.2095639867       125.6442862286 
        0.2800000000         2.8200000000         1.3048609389       259.5765635772       137.0575018371 
        0.2850000000         2.8200000000         1.3099588419       260.3105627582       144.6663122428 
        0.2900001000         2.8200000000         1.2997630359       261.0445619392       129.4486914315 
        0.2950000000         2.8200000000         1.3074098904       262.1455607107       140.8619070399 
        0.3000000000         2.8200000000         1.2972140844       261.9620609154       125.6442862286 
        0.3050000000         2.8200000000         1.3048609389       263.0630596869       137.0575018371 
        0.3100000000         2.8200000000         1.3074098904       263.7970588679       140.8619070399 
        0.3150000000         2.8200000000         1.2946651330       263.9805586631       121.8398810258 
        0.3200000000         2.8200000000         1.2997630359       265.0815574346       129.4486914315 
        0.3250000000         2.8200000000         1.3074098904       265.4485570251       140.8619070399 
        0.3300000000         2.8200000000         1.2972140844       266.5495557966       125.6442862286 
        0.3350000000         2.8200000000         1.3023119874       266.9165553871       133.2530966343 
        0.3400000000         2.8200000000         1.3023119874       268.0175541586       133.2530966343 
        0.3450000000         2.8200000000         1.3048609389       268.3845537491       137.0575018371 
        0.3500001000         2.8200000000         1.3150567448       269.3020527254       152.2751226484 
        0.3550000000         2.8200000000         1.3074098904       269.6690523158       140.8619070399 
        0.3600000000         2.8200000000         1.3150567448       271.5040502683       152.2751226484 
        0.3650000000         2.8200000000         1.3099588419       271.3205504731       144.6663122428 
        0.3700000000         2.8200000000         1.3099588419       272.4215492446       144.6663122428 
        0.3750000000         2.8200000000         1.2972140844       272.7885488351       125.6442862286 
        0.3800000000         2.8200000000         1.3023119874       273.7060478113       133.2530966343 
        0.3850000000         2.8200000000         1.3227035993       274.4400469923       163.6883382569 
        0.3900000000         2.8200000000         1.3099588419       275.7245455590       144.6663122428 
        0.3950000000         2.8200000000         1.3099588419       275.9080453543       144.6663122428 
        0.4000000000         2.8200000000         1.3125077934       277.1925439210       148.4707174456 
        0.4050000000         2.8200000000         1.3048609389       277.3760437163       137.0575018371 
        0.4100000000         2.8200000000         1.3150567448       277.9265431020       152.2751226484 
        0.4150001000         2.8200000000         1.3048609389       278.4770424878       137.0575018371 
        0.4200001000         2.8200000000         1.3125077934       279.5780412593       148.4707174456 
        0.4250000000         2.8200000000         1.3150567448       280.6790400308       152.2751226484 
        0.4300000000         2.8200000000         1.3023119874       280.3120404403       133.2530966343 
        0.4350000000         2.8200000000         1.3048609389       281.5965390070       137.0575018371 
        0.4400000000         2.8200000000         1.3048609389       281.9635385975       137.0575018371 
        0.4450000000         2.8200000000         1.3074098904       282.3305381880       140.8619070399 
        0.4500000000         2.8200000000         1.3150567448       284.1655361405       152.2751226484 
        0.4550000000         2.8200000000         1.3150567448       284.1655361405       152.2751226484 
        0.4600000000         2.8200000000         1.3099588419       285.0830351167       144.6663122428 
        0.4650000000         2.8200000000         1.3125077934       285.6335345025       148.4707174456 
        0.4700000000         2.8200000000         1.3048609389       286.3675336835       137.0575018371 
        0.4750001000         2.8200000000         1.3125077934       287.6520322502       148.4707174456 
        0.4800000000         2.8200000000         1.3023119874       287.1015328645       133.2530966343 
        0.4850000000         2.8200000000         1.3125077934       289.1200306122       148.4707174456 
        0.4900000000         2.8200000000         1.3099588419       289.3035304074       144.6663122428 
        0.4950000000         2.8200000000         1.3125077934       290.0375295884       148.4707174456 
        0.5000000000         2.8200000000         1.3099588419       291.3220281552       144.6663122428 
        0.5050000000         2.8200000000         1.3099588419       290.7715287694       144.6663122428 
        0.5100000000         2.8200000000         1.3023119874       292.2395271314       133.2530966343 
        0.5150000000         2.8200000000         1.3048609389       292.9735263124       137.0575018371 
        0.5200000000         2.8200000000         1.3048609389       293.7075254934       137.0575018371 
        0.5250013000         2.8200000000         1.3023119874       293.7075254934       133.2530966343 
        0.5300000000         2.8200000000         1.3099588419       294.9920240601       144.6663122428 
        0.5350000000         2.8200000000         1.3150567448       295.7260232411       152.2751226484 
        0.5400000000         2.8200000000         1.2997630359       296.8270220126       129.4486914315 
        0.5450000000         2.8200000000         1.3099588419       297.3775213984       144.6663122428 
        0.5500000000         2.8200000000         1.3125077934       298.1115205794       148.4707174456 
        0.5550000000         2.8200000000         1.3048609389       298.6620199651       137.0575018371 
        0.5600000000         2.8200000000         1.3099588419       299.3960191461       144.6663122428 
        0.5650000000         2.8200000000         1.3125077934       300.3135181223       148.4707174456 
        0.5700001000         2.8200000000         1.3125077934       301.2310170986       148.4707174456 
        0.5750000000         2.8200000000         1.3150567448       302.1485160748       152.2751226484 
        0.5800001000         2.8200000000         1.3074098904       302.3320158701       140.8619070399 
        0.5850000000         2.8200000000         1.3150567448       303.6165144368       152.2751226484 
        0.5900000000         2.8200000000         1.3201546478       304.3505136178       159.8839330541 
        0.5950000000         2.8200000000         1.3099588419       304.3505136178       144.6663122428 
        0.6000000000         2.8200000000         1.3099588419       305.2680125941       144.6663122428 
        0.6050000000         2.8200000000         1.3023119874       306.0020117751       133.2530966343 
        0.6100000000         2.8200000000         1.3074098904       306.3690113656       140.8619070399 
        0.6150000000         2.8200000000         1.3201546478       308.2040093180       159.8839330541 
        0.6200000000         2.8200000000         1.3125077934       308.2040093180       148.4707174456 
        0.6250000000         2.8200000000         1.3125077934       308.9380084990       148.4707174456 
        0.6300000000         2.8200000000         1.3252525508       310.4060068610       167.4927434598 
        0.6350000000         2.8200000000         1.3099588419       310.0390072705       144.6663122428 
        0.6400000000         2.8200000000         1.3150567448       311.3235058373       152.2751226484 
        0.6450000000         2.8200000000         1.3150567448       312.0575050183       152.2751226484 
        0.6500000000         2.8200000000         1.3252525508       313.5255033802       167.4927434598 
        0.6550000000         2.8200000000         1.3227035993       314.0760027660       163.6883382569 
        0.6600000000         2.8200000000         1.3150567448       314.6265021517       152.2751226484 
        0.6650000000         2.8200000000         1.3125077934       314.8100019470       148.4707174456 
        0.6700000000         2.8200000000         1.3278015023       316.4615001042       171.2971486626 
        0.6750000000         2.8200000000         1.3023119874       316.4615001042       133.2530966343 
        0.6800000000         2.8200000000         1.3227035993       318.1129982615       163.6883382569 
        0.6850000000         2.8200000000         1.3099588419       318.1129982615       144.6663122428 
        0.6900000000         2.8200000000         1.3150567448       319.5809966234       152.2751226484 
        0.6950001000         2.8200000000         1.3150567448       319.3974968282       152.2751226484 
        0.7000000000         2.8200000000         1.3099588419       320.6819953949       144.6663122428 
        0.7050001000         2.8200000000         1.3150567448       321.0489949854       152.2751226484 
        0.7100000000         2.8200000000         1.3074098904       322.1499937569       140.8619070399 
        0.7150000000         2.8200000000         1.2972140844       322.5169933474       125.6442862286 
        0.7200000000         2.8200000000         1.3099588419       323.8014919142       144.6663122428 
        0.7250000000         2.8200000000         1.3227035993       324.9024906856       163.6883382569 
        0.7300000000         2.8200000000         1.3099588419       325.4529900714       144.6663122428 
        0.7350000000         2.8200000000         1.3048609389       325.8199896619       137.0575018371 
        0.7400000000         2.8200000000         1.3252525508       326.5539888429       167.4927434598 
        0.7450000000         2.8200000000         1.3201546478       327.8384874096       159.8839330541 
        0.7500000000         2.8200000000         1.3227035993       328.9394861811       163.6883382569 
        0.7550000000         2.8200000000         1.3150567448       329.3064857716       152.2751226484 
        0.7600000000         2.8200000000         1.3125077934       329.8569851574       148.4707174456 
        0.7650000000         2.8200000000         1.3227035993       331.1414837241       163.6883382569 
        0.7700000000         2.8200000000         1.3125077934       330.9579839289       148.4707174456 
        0.7750000000         2.8200000000         1.3125077934       332.7929818813       148.4707174456 
        0.7800000000         2.8200000000         1.3201546478       332.9764816766       159.8839330541 
        0.7850000000         2.8200000000         1.3176056963       334.0774804481       156.0795278513 
        0.7900000000         2.8200000000         1.3150567448       335.3619790148       152.2751226484 
        0.7950000000         2.8200000000         1.3150567448       334.9949794243       152.2751226484 
        0.8000000000         2.8200000000         1.3125077934       335.9124784006       148.4707174456 
        0.8050000000         2.8200000000         1.3048609389       336.6464775816       137.0575018371 
        0.8100000000         2.8200000000         1.3176056963       337.5639765578       156.0795278513 
        0.8150000000         2.8200000000         1.2997630359       338.6649753293       129.4486914315 
        0.8200001000         2.8200000000         1.3125077934       339.5824743055       148.4707174456 
        0.8250000000         2.8200000000         1.3150567448       340.4999732818       152.2751226484 
        0.8300001000         2.8200000000         1.3048609389       341.0504726675       137.0575018371 
        0.8350001000         2.8200000000         1.3074098904       341.2339724628       140.8619070399 
        0.8400000000         2.8200000000         1.3125077934       341.9679716438       148.4707174456 
        0.8450000000         2.8200000000         1.3023119874       342.7019708248       133.2530966343 
        0.8500000000         2.8200000000         1.3074098904       343.6194698010       140.8619070399 
        0.8550000000         2.8200000000         1.3227035993       345.2709679582       163.6883382569 
        0.8600000000         2.8200000000         1.3252525508       345.4544677535       167.4927434598 
        0.8650000000         2.8200000000         1.3227035993       346.9224661155       163.6883382569 
        0.8700000000         2.8200000000         1.3176056963       346.7389663202       156.0795278513 
        0.8750000000         2.8200000000         1.3125077934       348.2069646822       148.4707174456 
        0.8800000000         2.8200000000         1.3150567448       348.3904644775       152.2751226484 
        0.8850000000         2.8200000000         1.3252525508       350.0419626347       167.4927434598 
        0.8900000000         2.8200000000         1.3099588419       349.8584628394       144.6663122428 
        0.8950000000         2.8200000000         1.3150567448       350.9594616109       152.2751226484 
        0.9000000000         2.8200000000         1.3150567448       351.5099609967       152.2751226484 
        0.9050000000         2.8200000000         1.3099588419       352.9779593587       144.6663122428 
        0.9100000000         2.8200000000         1.3099588419       353.5284587444       144.6663122428 
        0.9150000000         2.8200000000         1.3227035993       355.1799569017       163.6883382569 
        0.9200000000         2.8200000000         1.3150567448       355.1799569017       152.2751226484 
        0.9250000000         2.8200000000         1.3201546478       356.0974558779       159.8839330541 
        0.9300000000         2.8200000000         1.3150567448       357.3819544446       152.2751226484 
        0.9350000000         2.8200000000         1.3074098904       357.5654542399       140.8619070399 
        0.9400000000         2.8200000000         1.3176056963       358.1159536256       156.0795278513 
        0.9450001000         2.8200000000         1.3023119874       358.4829532161       133.2530966343 
        0.9500000000         2.8200000000         1.3150567448       359.4004521924       152.2751226484 
        0.9550001000         2.8200000000         1.3227035993       359.9509515781       163.6883382569 
        0.9600001000         2.8200000000         1.3125077934       359.9509515781       148.4707174456 
        0.9650000000         2.8200000000         1.3074098904       359.5839519876       140.8619070399 
        0.9700000000         2.8200000000         1.3227035993       360.3179511686       163.6883382569 
        0.9750000000         2.8200000000         1.3176056963       360.1344513734       156.0795278513 
        0.9800000000         2.8200000000         1.3150567448       360.1344513734       152.2751226484 
        0.9850000000         2.8200000000         1.3176056963       359.7674517829       156.0795278513 
        0.9900000000         2.8200000000         1.3125077934       359.7674517829       148.4707174456 
        0.9950000000         2.8200000000         1.3150567448       359.5839519876       152.2751226484 
        1.0000000000         2.8200000000         1.3252525508       360.5014509639       167.4927434598 
        1.0050000000         2.8200000000         1.3099588419       357.3819544446       144.6663122428 
        1.0100001000         2.8200000000         1.3379973082        80.1137638241       186.5147694739 
        1.0150000000         2.8200000000         1.3176056963        79.9302640289       156.0795278513 
        1.0200000000         2.8200000000         1.3227035993        79.7467642336       163.6883382569 
        1.0250000000         2.8200000000         1.3201546478        79.7467642336       159.8839330541 
        1.0300000000         2.8200000000         1.3201546478        79.7467642336       159.8839330541 
        1.0350000000         2.8200000000         1.3227035993         0.2913528910       163.6883382569 
        1.0400000000         2.8200000000         1.3176056963         0.2913528910       156.0795278513 
        1.0450000000         2.8200000000         1.3201546478         0.1078530958       159.8839330541 
        1.0500000000         2.8200000000         1.3125077934         0.2913528910       148.4707174456 
        1.0550000000         2.8200000000         1.3099588419        -0.6261460852       144.6663122428 
        1.0600000000         2.8200000000         1.3252525508         0.6583524815       167.4927434598 
        1.0650000000         2.8200000000         1.3227035993         0.2913528910       163.6883382569 
        1.0700000000         2.8200000000         1.3176056963         0.1078530958       156.0795278513 
        1.0750000000         2.8200000000         1.3252525508         0.6583524815       167.4927434598 
        1.0800000000         2.8200000000         1.3125077934        -0.4426462900       148.4707174456 
        1.0850000000         2.8200000000         1.3099588419         0.1078530958       144.6663122428 
        1.0900000000         2.8200000000         1.3074098904         0.4748526863       140.8619070399 
        1.0950000000         2.8200000000         1.3176056963         0.6583524815       156.0795278513 
        1.1000000000         2.8200000000         1.3252525508         2.3098506388       167.4927434598 
        1.1050000000         2.8200000000         1.3048609389         2.1263508435       137.0575018371 
        1.1100000000         2.8200000000         1.3252525508         3.7778490008       167.4927434598 
        1.1150000000         2.8200000000         1.3074098904         3.7778490008       140.8619070399 
        1.1200000000         2.8200000000         1.3252525508         4.8788477723       167.4927434598 
        1.1250000000         2.8200000000         1.3176056963         5.7963467485       156.0795278513 
        1.1300000000         2.8200000000         1.3099588419         6.7138457247       144.6663122428 
        1.1350001000         2.8200000000         1.3176056963         7.2643451105       156.0795278513 
        1.1400000000         2.8200000000         1.3150567448         7.9983442915       152.2751226484 
        1.1450000000         2.8200000000         1.3176056963         8.7323434725       156.0795278513 
        1.1500000000         2.8200000000         1.3201546478         9.4663426535       159.8839330541 
        1.1550001000         2.8200000000         1.3303504538        10.9343410155       175.1015538654 
        1.1600000000         2.8200000000         1.3328994052        11.6683401964       178.9059590682 
        1.1650000000         2.8200000000         1.3252525508        12.7693389679       167.4927434598 
        1.1700000000         2.8200000000         1.3227035993        12.9528387632       163.6883382569 
        1.1750000000         2.8200000000         1.3278015023        13.8703377394       171.2971486626 
        1.1800000000         2.8200000000         1.3125077934        14.6043369204       148.4707174456 
        1.1850000000         2.8200000000         1.3227035993        15.3383361014       163.6883382569 
        1.1900000000         2.8200000000         1.3125077934        15.8888354872       148.4707174456 
        1.1950000000         2.8200000000         1.3227035993        16.9898342587       163.6883382569 
        1.2000000000         2.8200000000         1.3252525508        17.9073332349       167.4927434598 
        1.2050000000         2.8200000000         1.3099588419        18.6413324159       144.6663122428 
        1.2100000000         2.8200000000         1.3176056963        19.5588313921       156.0795278513 
        1.2150000000         2.8200000000         1.3227035993        20.4763303684       163.6883382569 
        1.2200000000         2.8200000000         1.3150567448        20.6598301636       152.2751226484 
        1.2250000000         2.8200000000         1.3150567448        21.9443287304       152.2751226484 
        1.2300000000         2.8200000000         1.3303504538        23.2288272971       175.1015538654 
        1.2350000000         2.8200000000         1.3227035993        23.2288272971       163.6883382569 
        1.2400000000         2.8200000000         1.3278015023        24.8803254543       171.2971486626 
        1.2450000000         2.8200000000         1.3201546478        24.6968256591       159.8839330541 
        1.2500000000         2.8200000000         1.3252525508        26.5318236116       167.4927434598 
        1.2550000000         2.8200000000         1.3099588419        26.7153234068       144.6663122428 
        1.2600001000         2.8200000000         1.3252525508        27.9998219736       167.4927434598 
        1.2650000000         2.8200000000         1.3176056963        28.3668215641       156.0795278513 
        1.2700000000         2.8200000000         1.3125077934        28.9173209498       148.4707174456 
        1.2750000000         2.8200000000         1.3099588419        29.2843205403       144.6663122428 
        1.2800001000         2.8200000000         1.3150567448        30.5688191070       152.2751226484 
        1.2850000000         2.8200000000         1.3328994052        32.0368174690       178.9059590682 
        1.2900000000         2.8200000000         1.3099588419        31.8533176738       144.6663122428 
        1.2950000000         2.8200000000         1.3227035993        33.1378162405       163.6883382569 
        1.3000000000         2.8200000000         1.3176056963        33.6883156263       156.0795278513 
        1.3050000000         2.8200000000         1.3176056963        34.0553152168       156.0795278513 
        1.3100000000         2.8200000000         1.3201546478        35.3398137835       159.8839330541 
        1.3150000000         2.8200000000         1.3150567448        36.0738129645       152.2751226484 
        1.3200000000         2.8200000000         1.3176056963        36.9913119407       156.0795278513 
        1.3250000000         2.8200000000         1.3176056963        37.7253111217       156.0795278513 
        1.3300000000         2.8200000000         1.3048609389        38.0923107122       137.0575018371 
        1.3350000000         2.8200000000         1.3252525508        39.3768092790       167.4927434598 
        1.3400000000         2.8200000000         1.3278015023        40.4778080505       171.2971486626 
        1.3450000000         2.8200000000         1.3150567448        40.6613078457       152.2751226484 
        1.3500000000         2.8200000000         1.3150567448        41.5788068220       152.2751226484 
        1.3550000000         2.8200000000         1.3074098904        41.7623066172       140.8619070399 
        1.3600000000         2.8200000000         1.3278015023        43.4138047744       171.2971486626 
        1.3650000000         2.8200000000         1.3048609389        43.2303049792       137.0575018371 
        1.3700000000         2.8200000000         1.3252525508        45.0653029317       167.4927434598 
        1.3750000000         2.8200000000         1.3099588419        44.8818031364       144.6663122428 
        1.3800000000         2.8200000000         1.3227035993        46.3498014984       163.6883382569 
        1.3850001000         2.8200000000         1.3201546478        47.2673004747       159.8839330541 
        1.3900000000         2.8200000000         1.3125077934        47.4508002699       148.4707174456 
        1.3950000000         2.8200000000         1.3227035993        48.3682992461       163.6883382569 
        1.4000000000         2.8200000000         1.3150567448        48.9187986319       152.2751226484 
        1.4050001000         2.8200000000         1.3099588419        49.2857982224       144.6663122428 
        1.4100000000         2.8200000000         1.3150567448        50.3867969939       152.2751226484 
        1.4150000000         2.8200000000         1.3125077934        50.7537965844       148.4707174456 
        1.4200000000         2.8200000000         1.3125077934        52.0382951511       148.4707174456 
        1.4250000000         2.8200000000         1.3176056963        52.7722943321       156.0795278513 
        1.4300000000         2.8200000000         1.3023119874        53.1392939226       133.2530966343 
        1.4350000000         2.8200000000         1.3227035993        54.2402926941       163.6883382569 
        1.4400000000         2.8200000000         1.3150567448        54.7907920798       152.2751226484 
        1.4450000000         2.8200000000         1.3150567448        56.4422902371       152.2751226484 
        1.4500000000         2.8200000000         1.3176056963        56.9927896228       156.0795278513 
        1.4550000000         2.8200000000         1.3125077934        56.9927896228       148.4707174456 
        1.4600000000         2.8200000000         1.3074098904        57.7267888038       140.8619070399 
        1.4650000000         2.8200000000         1.3099588419        58.4607879848       144.6663122428 
        1.4700000000         2.8200000000         1.2997630359        58.8277875753       129.4486914315 
        1.4750000000         2.8200000000         1.3125077934        59.9287863468       148.4707174456 
        1.4800000000         2.8200000000         1.3074098904        60.6627855278       140.8619070399 
        1.4850000000         2.8200000000         1.2997630359        60.8462853230       129.4486914315 
        1.4900000000         2.8200000000         1.3074098904        62.3142836850       140.8619070399 
        1.4950000000         2.8200000000         1.3074098904        62.3142836850       140.8619070399 
        1.5000000000         2.8200000000         1.3150567448        63.7822820470       152.2751226484 
        1.5050000000         2.8200000000         1.3074098904        63.5987822518       140.8619070399 
        1.5100001000         2.8200000000         1.3150567448        65.2502804090       152.2751226484 
        1.5150000000         2.8200000000         1.3176056963        65.4337802043       156.0795278513 
        1.5200000000         2.8200000000         1.2997630359        65.6172799995       129.4486914315 
        1.5250000000         2.8200000000         1.3125077934        66.9017785662       148.4707174456 
        1.5300001000         2.8200000000         1.3048609389        67.6357777472       137.0575018371 
        1.5350000000         2.8200000000         1.3048609389        67.8192775425       137.0575018371 
        1.5400001000         2.8200000000         1.3099588419        69.4707756997       144.6663122428 
        1.5450000000         2.8200000000         1.3048609389        69.6542754950       137.0575018371 
        1.5500000000         2.8200000000         1.2997630359        69.6542754950       129.4486914315 
        1.5550000000         2.8200000000         1.3150567448        71.4892734475       152.2751226484 
        1.5600000000         2.8200000000         1.2997630359        71.6727732427       129.4486914315 
        1.5650000000         2.8200000000         1.3099588419        72.5902722190       144.6663122428 
        1.5700000000         2.8200000000         1.2972140844        72.5902722190       125.6442862286 
        1.5750000000         2.8200000000         1.2997630359        73.5077711952       129.4486914315 
        1.5800000000         2.8200000000         1.2946651330        73.8747707857       121.8398810258 
        1.5850000000         2.8200000000         1.3048609389        74.7922697619       137.0575018371 
        1.5900000000         2.8200000000         1.2997630359        75.5262689429       129.4486914315 
        1.5950000000         2.8200000000         1.3023119874        76.2602681239       133.2530966343 
        1.6000012000         2.8200000000         1.3074098904        76.9942673049       140.8619070399 
        1.6050000000         2.8200000000         1.2946651330        76.9942673049       121.8398810258 
        1.6100000000         2.8200000000         1.3074098904        78.4622656669       140.8619070399 
        1.6150000000         2.8200000000         1.3074098904        79.1962648479       140.8619070399 
        1.6200000000         2.8200000000         1.2921161815        78.8292652574       118.0354758230 
        1.6250000000         2.8200000000         1.3048609389        79.3797646431       137.0575018371 
        1.6300000000         2.8200000000         1.2921161815        80.4807634146       118.0354758230 
        1.6350001000         2.8200000000         1.3023119874        80.8477630051       133.2530966343 
        1.6400000000         2.8200000000         1.3125077934        82.1322615719       148.4707174456 
        1.6450000000         2.8200000000         1.2997630359        82.4992611624       129.4486914315 
        1.6500000000         2.8200000000         1.3074098904        83.6002599339       140.8619070399 
        1.6550001000         2.8200000000         1.3048609389        84.1507593196       137.0575018371 
        1.6600000000         2.8200000000         1.2895672300        83.9672595244       114.2310706201 
        1.6650001000         2.8200000000         1.3048609389        85.2517580911       137.0575018371 
        1.6700000000         2.8200000000         1.3048609389        85.4352578863       137.0575018371 
        1.6750000000         2.8200000000         1.2921161815        85.8022574768       118.0354758230 
        1.6800000000         2.8200000000         1.3074098904        87.2702558388       140.8619070399 
        1.6850000000         2.8200000000         1.2946651330        86.9032562483       121.8398810258 
        1.6900000000         2.8200000000         1.2972140844        88.0042550198       125.6442862286 
        1.6950000000         2.8200000000         1.3048609389        88.5547544056       137.0575018371 
        1.7000000000         2.8200000000         1.2946651330        89.2887535866       121.8398810258 
        1.7050000000         2.8200000000         1.2921161815        89.6557531771       118.0354758230 
        1.7100000000         2.8200000000         1.3023119874        90.3897523581       133.2530966343 
        1.7150000000         2.8200000000         1.2946651330        90.7567519486       121.8398810258 
        1.7200000000         2.8200000000         1.2946651330        91.6742509248       121.8398810258 
        1.7250000000         2.8200000000         1.3023119874        92.4082501058       133.2530966343 
        1.7300000000         2.8200000000         1.2972140844        93.3257490820       125.6442862286 
        1.7350000000         2.8200000000         1.2946651330        93.5092488773       121.8398810258 
        1.7400000000         2.8200000000         1.2972140844        94.6102476488       125.6442862286 
        1.7450000000         2.8200000000         1.2972140844        94.6102476488       125.6442862286 
        1.7500000000         2.8200000000         1.2997630359        95.3442468298       129.4486914315 
        1.7550000000         2.8200000000         1.2972140844        96.4452456013       125.6442862286 
        1.7600001000         2.8200000000         1.2972140844        95.8947462155       125.6442862286 
        1.7650000000         2.8200000000         1.2972140844        97.5462443727       125.6442862286 
        1.7700000000         2.8200000000         1.2946651330        97.7297441680       121.8398810258 
        1.7750000000         2.8200000000         1.2921161815        98.0967437585       118.0354758230 
        1.7800001000         2.8200000000         1.3074098904        99.0142427347       140.8619070399 
        1.7850000000         2.8200000000         1.2946651330        99.3812423252       121.8398810258 
        1.7900001000         2.8200000000         1.2972140844       100.1152415062       125.6442862286 
        1.7950000000         2.8200000000         1.2921161815       100.4822410967       118.0354758230 
        1.8000000000         2.8200000000         1.3023119874       101.2162402777       133.2530966343 
        1.8050000000         2.8200000000         1.2921161815       101.7667396635       118.0354758230 
        1.8100000000         2.8200000000         1.3048609389       102.8677384350       137.0575018371 
        1.8150000000         2.8200000000         1.3048609389       103.4182378207       137.0575018371 
        1.8200000000         2.8200000000         1.2946651330       103.4182378207       121.8398810258 
        1.8250000000         2.8200000000         1.2921161815       104.1522370017       118.0354758230 
        1.8300000000         2.8200000000         1.3048609389       104.7027363874       137.0575018371 
        1.8350000000         2.8200000000         1.3023119874       105.9872349542       133.2530966343 
        1.8400000000         2.8200000000         1.2972140844       105.9872349542       125.6442862286 
        1.8450000000         2.8200000000         1.2946651330       106.5377343399       121.8398810258 
        1.8500000000         2.8200000000         1.3048609389       107.0882337257       137.0575018371 
        1.8550000000         2.8200000000         1.2870182785       107.4552333162       110.4266654173 
        1.8600000000         2.8200000000         1.2972140844       108.5562320877       125.6442862286 
        1.8650000000         2.8200000000         1.2870182785       109.1067314734       110.4266654173 
        1.8700000000         2.8200000000         1.2946651330       109.4737310639       121.8398810258 
        1.8750000000         2.8200000000         1.2819203755       109.8407306544       102.8178550117 
        1.8800000000         2.8200000000         1.2972140844       111.1252292211       125.6442862286 
        1.8850001000         2.8200000000         1.2895672300       111.3087290164       114.2310706201 
        1.8900000000         2.8200000000         1.2921161815       111.8592284021       118.0354758230 
        1.8950000000         2.8200000000         1.2972140844       112.7767273784       125.6442862286 
        1.9000000000         2.8200000000         1.2921161815       112.4097277879       118.0354758230 
        1.9050001000         2.8200000000         1.2946651330       113.5107265594       121.8398810258 
        1.9100000000         2.8200000000         1.2819203755       113.6942263546       102.8178550117 
        1.9150001000         2.8200000000         1.2870182785       114.7952251261       110.4266654173 
        1.9200000000         2.8200000000         1.2844693270       115.1622247166       106.6222602145 
        1.9250000000         2.8200000000         1.2921161815       116.2632234881       118.0354758230 
        1.9300000000         2.8200000000         1.2921161815       116.6302230786       118.0354758230 
        1.9350000000         2.8200000000         1.2997630359       117.3642222596       129.4486914315 
        1.9400000000         2.8200000000         1.2946651330       117.5477220548       121.8398810258 
        1.9450000000         2.8200000000         1.2921161815       117.9147216453       118.0354758230 
        1.9500000000         2.8200000000         1.2972140844       119.1992202121       125.6442862286 
        1.9550000000         2.8200000000         1.2844693270       118.6487208263       106.6222602145 
        1.9600000000         2.8200000000         1.2921161815       119.7497195978       118.0354758230 
        1.9650000000         2.8200000000         1.2870182785       120.3002189836       110.4266654173 
        1.9700000000         2.8200000000         1.2997630359       121.0342181646       129.4486914315 
        1.9750000000         2.8200000000         1.2895672300       121.4012177551       114.2310706201 
        1.9800000000         2.8200000000         1.3048609389       121.9517171408       137.0575018371 
        1.9850000000         2.8200000000         1.2946651330       122.5022165265       121.8398810258 
        1.9900000000         2.8200000000         1.2946651330       123.2362157075       121.8398810258 
        1.9950000000         2.8200000000         1.2972140844       124.1537146838       125.6442862286 
        2.0000000000         2.8200000000         1.3048609389       124.5207142743       137.0575018371 
        2.0050000000         2.8200000000         1.2946651330       124.7042140695       121.8398810258 
        2.0100000000         2.8200000000         1.2946651330       125.8052128410       121.8398810258 
        2.0150001000         2.8200000000         1.2921161815       125.4382132505       118.0354758230 
        2.0200000000         2.8200000000         1.2921161815       126.9062116125       118.0354758230 
        2.0250000000         2.8200000000         1.2844693270       126.9062116125       106.6222602145 
        2.0300000000         2.8200000000         1.3023119874       128.1907101792       133.2530966343 
        2.0350000000         2.8200000000         1.2921161815       128.5577097697       118.0354758230 
        2.0400001000         2.8200000000         1.2844693270       128.7412095650       106.6222602145 
        2.0450000000         2.8200000000         1.2946651330       129.8422083365       121.8398810258 
        2.0500000000         2.8200000000         1.2946651330       130.0257081317       121.8398810258 
        2.0550000000         2.8200000000         1.2946651330       131.1267069032       121.8398810258 
        2.0600000000         2.8200000000         1.2997630359       131.6772062890       129.4486914315 
        2.0650000000         2.8200000000         1.2895672300       132.4112054700       114.2310706201 
        2.0700000000         2.8200000000         1.3023119874       132.7782050605       133.2530966343 
        2.0750000000         2.8200000000         1.3023119874       133.8792038320       133.2530966343 
        2.0800000000         2.8200000000         1.2921161815       133.8792038320       118.0354758230 
        2.0850000000         2.8200000000         1.2921161815       134.6132030129       118.0354758230 
        2.0900000000         2.8200000000         1.2997630359       135.3472021939       129.4486914315 
        2.0950000000         2.8200000000         1.2895672300       135.8977015797       114.2310706201 
        2.1000000000         2.8200000000         1.2895672300       136.0812013749       114.2310706201 
        2.1050000000         2.8200000000         1.3048609389       137.7326995322       137.0575018371 
        2.1100000000         2.8200000000         1.3023119874       138.2831989179       133.2530966343 
        2.1150000000         2.8200000000         1.2895672300       137.9161993274       114.2310706201 
        2.1200000000         2.8200000000         1.3048609389       139.2006978942       137.0575018371 
        2.1250000000         2.8200000000         1.3023119874       139.7511972799       133.2530966343 
        2.1300000000         2.8200000000         1.2972140844       139.9346970752       125.6442862286 
        2.1350000000         2.8200000000         1.2997630359       140.8521960514       129.4486914315 
        2.1400001000         2.8200000000         1.3074098904       141.4026954371       140.8619070399 
        2.1450000000         2.8200000000         1.3074098904       142.1366946181       140.8619070399 
        2.1500000000         2.8200000000         1.3048609389       143.2376933896       137.0575018371 
        2.1550000000         2.8200000000         1.2946651330       143.0541935944       121.8398810258 
        2.1600000000         2.8200000000         1.2997630359       144.1551923659       129.4486914315 
        2.1650000000         2.8200000000         1.2895672300       144.3386921611       114.2310706201 
        2.1700000000         2.8200000000         1.3048609389       145.9901903184       137.0575018371 
        2.1750016000         2.8200000000         1.2921161815       145.9901903184       118.0354758230 
        2.1800001000         2.8200000000         1.2921161815       145.9901903184       118.0354758230 
        2.1850000000         2.8200000000         1.2921161815       147.0911890898       118.0354758230 
        2.1900000000         2.8200000000         1.3048609389       148.1921878613       137.0575018371 
        2.1950000000         2.8200000000         1.2921161815       148.0086880661       118.0354758230 
        2.2000000000         2.8200000000         1.2972140844       148.9261870423       125.6442862286 
        2.2050000000         2.8200000000         1.2921161815       149.1096868376       118.0354758230 
        2.2100000000         2.8200000000         1.2997630359       150.3941854043       129.4486914315 
        2.2150000000         2.8200000000         1.2997630359       151.1281845853       129.4486914315 
        2.2200000000         2.8200000000         1.2972140844       151.4951841758       125.6442862286 
        2.2250000000         2.8200000000         1.2972140844       152.0456835616       125.6442862286 
        2.2300000000         2.8200000000         1.2946651330       152.5961829473       121.8398810258 
        2.2350000000         2.8200000000         1.2895672300       152.9631825378       114.2310706201 
        2.2400000000         2.8200000000         1.2946651330       153.8806815140       121.8398810258 
        2.2450000000         2.8200000000         1.2895672300       153.8806815140       114.2310706201 
        2.2500000000         2.8200000000         1.2972140844       155.1651800808       125.6442862286 
        2.2550000000         2.8200000000         1.2946651330       155.5321796713       121.8398810258 
        2.2600000000         2.8200000000         1.3023119874       156.6331784428       133.2530966343 
        2.2650001000         2.8200000000         1.2844693270       156.2661788523       106.6222602145 
        2.2700000000         2.8200000000         1.2946651330       157.7341772143       121.8398810258 
        2.2750000000         2.8200000000         1.2921161815       157.9176770095       118.0354758230 
        2.2800000000         2.8200000000         1.2946651330       158.6516761905       121.8398810258 
        2.2850000000         2.8200000000         1.3048609389       159.5691751667       137.0575018371 
        2.2900000000         2.8200000000         1.2895672300       159.2021755762       114.2310706201 
        2.2950000000         2.8200000000         1.3048609389       160.6701739382       137.0575018371 
        2.3000000000         2.8200000000         1.2946651330       160.8536737335       121.8398810258 
        2.3050001000         2.8200000000         1.3023119874       162.1381723002       133.2530966343 
        2.3100000000         2.8200000000         1.2921161815       161.7711727097       118.0354758230 
        2.3150000000         2.8200000000         1.3023119874       163.6061706622       133.2530966343 
        2.3200000000         2.8200000000         1.3048609389       163.9731702527       137.0575018371 
        2.3250000000         2.8200000000         1.2946651330       163.9731702527       121.8398810258 
        2.3300000000         2.8200000000         1.3125077934       165.4411686147       148.4707174456 
        2.3350000000         2.8200000000         1.2946651330       165.8081682052       121.8398810258 
        2.3400000000         2.8200000000         1.2997630359       166.1751677957       129.4486914315 
        2.3450000000         2.8200000000         1.2946651330       166.7256671814       121.8398810258 
        2.3500000000         2.8200000000         1.2895672300       166.7256671814       114.2310706201 
        2.3550000000         2.8200000000         1.2997630359       168.5606651339       129.4486914315 
        2.3600000000         2.8200000000         1.2844693270       167.8266659529       106.6222602145 
        2.3650000000         2.8200000000         1.2844693270       169.1111645197       106.6222602145 
        2.3700000000         2.8200000000         1.2972140844       169.6616639054       125.6442862286 
        2.3750000000         2.8200000000         1.2895672300       169.6616639054       114.2310706201 
        2.3800000000         2.8200000000         1.2921161815       170.2121632912       118.0354758230 
        2.3850000000         2.8200000000         1.2921161815       171.6801616531       118.0354758230 
        2.3900001000         2.8200000000         1.2972140844       172.0471612436       125.6442862286 
        2.3950000000         2.8200000000         1.2997630359       172.5976606294       129.4486914315 
        2.4000000000         2.8200000000         1.2946651330       173.5151596056       121.8398810258 
        2.4050000000         2.8200000000         1.2921161815       173.1481600151       118.0354758230 
        2.4100000000         2.8200000000         1.2921161815       174.4326585819       118.0354758230 
        2.4150000000         2.8200000000         1.2895672300       174.6161583771       114.2310706201 
        2.4200000000         2.8200000000         1.2972140844       175.3501575581       125.6442862286 
        2.4250000000         2.8200000000         1.2946651330       176.0841567391       121.8398810258 
        2.4300001000         2.8200000000         1.2895672300       176.0841567391       114.2310706201 
        2.4350000000         2.8200000000         1.2921161815       177.3686553058       118.0354758230 
        2.4400000000         2.8200000000         1.2946651330       177.9191546916       121.8398810258 
        2.4450000000         2.8200000000         1.2895672300       178.2861542821       114.2310706201 
        2.4500000000         2.8200000000         1.3023119874       179.0201534631       133.2530966343 
        2.4550000000         2.8200000000         1.2921161815       179.7541526441       118.0354758230 
        2.4600000000         2.8200000000         1.2972140844       180.3046520298       125.6442862286 
        2.4650000000         2.8200000000         1.2946651330       181.0386512108       121.8398810258 
        2.4700000000         2.8200000000         1.3048609389       181.9561501871       137.0575018371 
        2.4750000000         2.8200000000         1.3099588419       182.6901493681       144.6663122428 
        2.4800000000         2.8200000000         1.2921161815       182.1396499823       118.0354758230 
        2.4850000000         2.8200000000         1.3074098904       183.4241485491       140.8619070399 
        2.4900000000         2.8200000000         1.2895672300       183.9746479348       114.2310706201 
        2.4950000000         2.8200000000         1.2946651330       184.3416475253       121.8398810258 
        2.5000000000         2.8200000000         1.2997630359       185.4426462968       129.4486914315 
        2.5050000000         2.8200000000         1.3023119874       186.3601452730       133.2530966343 
        2.5100000000         2.8200000000         1.3048609389       187.2776442493       137.0575018371 
        2.5150001000         2.8200000000         1.2895672300       186.9106446588       114.2310706201 
        2.5200000000         2.8200000000         1.3074098904       188.5621428160       140.8619070399 
        2.5250000000         2.8200000000         1.2972140844       188.5621428160       125.6442862286 
        2.5300000000         2.8200000000         1.2946651330       188.5621428160       121.8398810258 
        2.5350000000         2.8200000000         1.2870182785       189.1126422018       110.4266654173 
        2.5400000000         2.8200000000         1.2997630359       190.5806405637       129.4486914315 
        2.5450000000         2.8200000000         1.2972140844       191.1311399495       125.6442862286 
        2.5500000000         2.8200000000         1.2946651330       191.3146397447       121.8398810258 
        2.5550001000         2.8200000000         1.2946651330       192.9661379020       121.8398810258 
        2.5600000000         2.8200000000         1.2997630359       192.7826381067       129.4486914315 
        2.5650000000         2.8200000000         1.3048609389       194.0671366735       137.0575018371 
        2.5700000000         2.8200000000         1.2870182785       193.5166372877       110.4266654173 
        2.5750000000         2.8200000000         1.2972140844       194.8011358545       125.6442862286 
        2.5800000000         2.8200000000         1.3074098904       195.9021346259       140.8619070399 
        2.5850000000         2.8200000000         1.2895672300       195.3516352402       114.2310706201 
        2.5900000000         2.8200000000         1.2946651330       196.0856344212       121.8398810258 
        2.5950000000         2.8200000000         1.2946651330       197.0031333974       121.8398810258 
        2.6000000000         2.8200000000         1.2972140844       197.5536327832       125.6442862286 
        2.6050000000         2.8200000000         1.2844693270       197.9206323737       106.6222602145 
        2.6100000000         2.8200000000         1.3099588419       199.3886307357       144.6663122428 
        2.6150000000         2.8200000000         1.2895672300       199.0216311452       114.2310706201 
        2.6200000000         2.8200000000         1.2997630359       200.1226299167       129.4486914315 
        2.6250000000         2.8200000000         1.2946651330       200.8566290977       121.8398810258 
        2.6300000000         2.8200000000         1.2921161815       200.8566290977       118.0354758230 
        2.6350000000         2.8200000000         1.2946651330       201.7741280739       121.8398810258 
        2.6400001000         2.8200000000         1.2895672300       202.3246274596       114.2310706201 
        2.6450000000         2.8200000000         1.2997630359       203.0586266406       129.4486914315 
        2.6500000000         2.8200000000         1.2946651330       203.7926258216       121.8398810258 
        2.6550000000         2.8200000000         1.2972140844       204.5266250026       125.6442862286 
        2.6600000000         2.8200000000         1.2946651330       204.8936245931       121.8398810258 
        2.6650000000         2.8200000000         1.3048609389       205.6276237741       137.0575018371 
        2.6700000000         2.8200000000         1.2972140844       206.1781231599       125.6442862286 
        2.6750000000         2.8200000000         1.2921161815       206.3616229551       118.0354758230 
        2.6800001000         2.8200000000         1.2921161815       207.2791219314       118.0354758230 
        2.6850000000         2.8200000000         1.3023119874       207.6461215219       133.2530966343 
        2.6900000000         2.8200000000         1.3023119874       209.1141198838       133.2530966343 
        2.6950000000         2.8200000000         1.2946651330       209.1141198838       121.8398810258 
        2.7000000000         2.8200000000         1.2895672300       209.4811194743       114.2310706201 
        2.7050000000         2.8200000000         1.2972140844       210.9491178363       125.6442862286 
        2.7100000000         2.8200000000         1.2946651330       211.1326176316       121.8398810258 
        2.7150000000         2.8200000000         1.2972140844       211.6831170173       125.6442862286 
        2.7200000000         2.8200000000         1.2946651330       211.8666168126       121.8398810258 
        2.7250000000         2.8200000000         1.2946651330       212.4171161983       121.8398810258 
        2.7300000000         2.8200000000         1.3048609389       214.0686143556       137.0575018371 
        2.7350000000         2.8200000000         1.2972140844       214.2521141508       125.6442862286 
        2.7400000000         2.8200000000         1.2946651330       214.8026135365       121.8398810258 
        2.7450000000         2.8200000000         1.2946651330       215.7201125128       121.8398810258 
        2.7500000000         2.8200000000         1.3048609389       216.4541116938       137.0575018371 
        2.7550000000         2.8200000000         1.3048609389       216.8211112843       137.0575018371 
        2.7600000000         2.8200000000         1.2972140844       217.1881108748       125.6442862286 
        2.7650001000         2.8200000000         1.2972140844       217.9221100558       125.6442862286 
        2.7700000000         2.8200000000         1.2946651330       218.4726094415       121.8398810258 
        2.7750000000         2.8200000000         1.2972140844       219.0231088273       125.6442862286 
        2.7800000000         2.8200000000         1.2946651330       219.7571080083       121.8398810258 
        2.7850000000         2.8200000000         1.3023119874       220.4911071892       133.2530966343 
        2.7900000000         2.8200000000         1.2972140844       220.8581067797       125.6442862286 
        2.7950000000         2.8200000000         1.2972140844       221.4086061655       125.6442862286 
        2.8000000000         2.8200000000         1.2946651330       221.7756057560       121.8398810258 
        2.8050001000         2.8200000000         1.3150567448       223.2436041180       152.2751226484 
        2.8100000000         2.8200000000         1.2972140844       223.4271039132       125.6442862286 
        2.8150000000         2.8200000000         1.2972140844       223.6106037085       125.6442862286 
        2.8200000000         2.8200000000         1.3150567448       225.2621018657       152.2751226484 
        2.8250000000         2.8200000000         1.2997630359       225.9961010467       129.4486914315 
        2.8300010000         2.8200000000         1.3048609389       225.9961010467       137.0575018371 
        2.8350000000         2.8200000000         1.2946651330       226.1796008420       121.8398810258 
        2.8400000000         2.8200000000         1.3125077934       228.0145987944       148.4707174456 
        2.8450000000         2.8200000000         1.2972140844       228.0145987944       125.6442862286 
        2.8500000000         2.8200000000         1.2946651330       228.1980985897       121.8398810258 
        2.8550000000         2.8200000000         1.3074098904       229.2990973612       140.8619070399 
        2.8600000000         2.8200000000         1.2946651330       229.8495967469       121.8398810258 
        2.8650000000         2.8200000000         1.3074098904       230.4000961327       140.8619070399 
        2.8700000000         2.8200000000         1.3023119874       231.8680944947       133.2530966343 
        2.8750000000         2.8200000000         1.2946651330       231.5010949042       121.8398810258 
        2.8800000000         2.8200000000         1.3150567448       233.1525930614       152.2751226484 
        2.8850000000         2.8200000000         1.3150567448       233.8865922424       152.2751226484 
        2.8900001000         2.8200000000         1.2997630359       234.0700920376       129.4486914315 
        2.8950000000         2.8200000000         1.3048609389       234.8040912186       137.0575018371 
        2.9000000000         2.8200000000         1.3023119874       235.5380903996       133.2530966343 
        2.9050000000         2.8200000000         1.2972140844       235.9050899901       125.6442862286 
        2.9100000000         2.8200000000         1.2972140844       236.6390891711       125.6442862286 
        2.9150000000         2.8200000000         1.3023119874       237.3730883521       133.2530966343 
        2.9200000000         2.8200000000         1.3099588419       238.2905873284       144.6663122428 
        2.9250000000         2.8200000000         1.2972140844       238.1070875331       125.6442862286 
        2.9300001000         2.8200000000         1.3023119874       239.3915860998       133.2530966343 
        2.9350000000         2.8200000000         1.3176056963       240.4925848713       156.0795278513 
        2.9400000000         2.8200000000         1.3048609389       240.6760846666       137.0575018371 
        2.9450000000         2.8200000000         1.3074098904       241.4100838476       140.8619070399 
        2.9500000000         2.8200000000         1.2972140844       241.4100838476       125.6442862286 
        2.9550000000         2.8200000000         1.3048609389       242.6945824143       137.0575018371 
        2.9600000000         2.8200000000         1.2997630359       242.8780822096       129.4486914315 
        2.9650000000         2.8200000000         1.3048609389       243.6120813906       137.0575018371 
        2.9700000000         2.8200000000         1.3125077934       244.5295803668       148.4707174456 
        2.9750000000         2.8200000000         1.3048609389       245.4470793430       137.0575018371 
        2.9800000000         2.8200000000         1.3150567448       246.7315779098       152.2751226484 
        2.9850000000         2.8200000000         1.3074098904       246.7315779098       140.8619070399 
        2.9900000000         2.8200000000         1.3048609389       247.2820772955       137.0575018371 
        2.9950000000         2.8200000000         1.3074098904       247.6490768860       140.8619070399 
        3.0000000000         2.8200000000         1.3099588419       249.4840748385       144.6663122428 
        3.0050000000         2.8200000000         1.3048609389       249.4840748385       137.0575018371 
        3.0100000000         2.8200000000         1.2997630359       249.8510744290       129.4486914315 
        3.0150001000         2.8200000000         1.3023119874       250.7685734053       133.2530966343 
        3.0200000000         2.8200000000         1.3023119874       251.8695721767       133.2530966343 
        3.0250000000         2.8200000000         1.3125077934       252.7870711530       148.4707174456 
        3.0300000000         2.8200000000         1.2972140844       252.4200715625       125.6442862286 
        3.0350000000         2.8200000000         1.3074098904       254.2550695150       140.8619070399 
        3.0400000000         2.8200000000         1.2946651330       253.7045701292       121.8398810258 
        3.0450000000         2.8200000000         1.3099588419       254.9890686960       144.6663122428 
        3.0500000000         2.8200000000         1.2895672300       255.1725684912       114.2310706201 
        3.0550001000         2.8200000000         1.2946651330       255.7230678770       121.8398810258 
        3.0600000000         2.8200000000         1.3125077934       257.3745660342       148.4707174456 
        3.0650000000         2.8200000000         1.2997630359       257.7415656247       129.4486914315 
        3.0700000000         2.8200000000         1.3150567448       258.6590646009       152.2751226484 
        3.0750000000         2.8200000000         1.2997630359       258.4755648057       129.4486914315 
        3.0800000000         2.8200000000         1.3125077934       259.5765635772       148.4707174456 
        3.0850000000         2.8200000000         1.3048609389       259.7600633724       137.0575018371 
        3.0900000000         2.8200000000         1.3074098904       261.2280617344       140.8619070399 
        3.0950000000         2.8200000000         1.3048609389       261.2280617344       137.0575018371 
        3.1000000000         2.8200000000         1.3023119874       262.1455607107       133.2530966343 
        3.1050000000         2.8200000000         1.3048609389       263.4300592774       137.0575018371 
        3.1100000000         2.8200000000         1.3150567448       263.9805586631       152.2751226484 
        3.1150000000         2.8200000000         1.3048609389       264.8980576394       137.0575018371 
        3.1200000000         2.8200000000         1.2972140844       264.5310580489       125.6442862286 
        3.1250000000         2.8200000000         1.3201546478       265.6320568204       159.8839330541 
        3.1300000000         2.8200000000         1.3023119874       266.5495557966       133.2530966343 
        3.1350000000         2.8200000000         1.3150567448       267.6505545681       152.2751226484 
        3.1400001000         2.8200000000         1.3074098904       267.8340543634       140.8619070399 
        3.1450000000         2.8200000000         1.3048609389       268.5680535444       137.0575018371 
        3.1500000000         2.8200000000         1.3048609389       269.3020527254       137.0575018371 
        3.1550000000         2.8200000000         1.3201546478       269.8525521111       159.8839330541 
        3.1600000000         2.8200000000         1.3074098904       270.5865512921       140.8619070399 
        3.1650000000         2.8200000000         1.2997630359       270.7700510873       129.4486914315 
        3.1700000000         2.8200000000         1.3023119874       271.5040502683       133.2530966343 
        3.1750000000         2.8200000000         1.2997630359       272.7885488351       129.4486914315 
        3.1800001000         2.8200000000         1.3125077934       273.3390482208       148.4707174456 
        3.1850000000         2.8200000000         1.3074098904       273.8895476066       140.8619070399 
        3.1900000000         2.8200000000         1.3048609389       275.1740461733       137.0575018371 
        3.1950000000         2.8200000000         1.2997630359       275.1740461733       129.4486914315 
        3.2000000000         2.8200000000         1.3023119874       275.7245455590       133.2530966343 
        3.2050000000         2.8200000000         1.3099588419       277.1925439210       144.6663122428 
        3.2100000000         2.8200000000         1.2997630359       277.3760437163       129.4486914315 
        3.2150000000         2.8200000000         1.3074098904       278.1100428973       140.8619070399 
        3.2200000000         2.8200000000         1.3023119874       278.4770424878       133.2530966343 
        3.2250000000         2.8200000000         1.3099588419       279.5780412593       144.6663122428 
        3.2300000000         2.8200000000         1.3048609389       280.1285406450       137.0575018371 
        3.2350000000         2.8200000000         1.3099588419       280.3120404403       144.6663122428 
        3.2400000000         2.8200000000         1.3023119874       281.4130392118       133.2530966343 
        3.2450000000         2.8200000000         1.3023119874       282.1470383927       133.2530966343 
        3.2500000000         2.8200000000         1.3176056963       282.6975377785       156.0795278513 
        3.2550000000         2.8200000000         1.2972140844       283.6150367547       125.6442862286 
        3.2600000000         2.8200000000         1.3048609389       284.1655361405       137.0575018371 
        3.2650001000         2.8200000000         1.3048609389       284.5325357310       137.0575018371 
        3.2700000000         2.8200000000         1.3176056963       286.0005340930       156.0795278513 
        3.2750000000         2.8200000000         1.2972140844       285.8170342977       125.6442862286 
        3.2800000000         2.8200000000         1.3048609389       286.5510334787       137.0575018371 
        3.2850000000         2.8200000000         1.3048609389       287.8355320455       137.0575018371 
        3.2900000000         2.8200000000         1.3023119874       288.2025316359       133.2530966343 
        3.2950000000         2.8200000000         1.3099588419       288.7530310217       144.6663122428 
        3.3000000000         2.8200000000         1.2946651330       289.4870302027       121.8398810258 
        3.3050001000         2.8200000000         1.3023119874       289.8540297932       133.2530966343 
        3.3100000000         2.8200000000         1.3125077934       291.3220281552       148.4707174456 
        3.3150000000         2.8200000000         1.2997630359       291.6890277457       129.4486914315 
        3.3200000000         2.8200000000         1.3048609389       292.6065267219       137.0575018371 
        3.3250000000         2.8200000000         1.2997630359       292.9735263124       129.4486914315 
        3.3300000000         2.8200000000         1.3099588419       294.6250244696       144.6663122428 
        3.3350000000         2.8200000000         1.3074098904       294.9920240601       140.8619070399 
        3.3400000000         2.8200000000         1.3048609389       294.8085242649       137.0575018371 
        3.3450000000         2.8200000000         1.3048609389       295.9095230364       137.0575018371 
        3.3500000000         2.8200000000         1.3125077934       297.3775213984       148.4707174456 
        3.3550000000         2.8200000000         1.2997630359       297.0105218079       129.4486914315 
        3.3600000000         2.8200000000         1.3150567448       298.4785201699       152.2751226484 
        3.3650000000         2.8200000000         1.3099588419       298.8455197604       144.6663122428 
        3.3700000000         2.8200000000         1.3099588419       299.9465185319       144.6663122428 
        3.3750000000         2.8200000000         1.3125077934       300.4970179176       148.4707174456 
        3.3800000000         2.8200000000         1.3099588419       301.2310170986       144.6663122428 
        3.3850000000         2.8200000000         1.3048609389       301.5980166891       137.0575018371 
        3.3900001000         2.8200000000         1.3099588419       303.0660150511       144.6663122428 
        3.3950000000         2.8200000000         1.3150567448       303.4330146416       152.2751226484 
        3.4000000000         2.8200000000         1.3074098904       304.5340134131       140.8619070399 
        3.4050000000         2.8200000000         1.3099588419       305.0845127988       144.6663122428 
        3.4100000000         2.8200000000         1.3176056963       305.8185119798       156.0795278513 
        3.4150000000         2.8200000000         1.3150567448       306.9195107513       152.2751226484 
        3.4200000000         2.8200000000         1.3227035993       307.4700101370       163.6883382569 
        3.4250000000         2.8200000000         1.3048609389       307.2865103418       137.0575018371 
        3.4300001000         2.8200000000         1.3150567448       308.9380084990       152.2751226484 
        3.4350000000         2.8200000000         1.3074098904       308.7545087038       140.8619070399 
        3.4400000000         2.8200000000         1.3048609389       310.4060068610       137.0575018371 
        3.4450000000         2.8200000000         1.3201546478       311.3235058373       159.8839330541 
        3.4500000000         2.8200000000         1.3099588419       311.5070056325       144.6663122428 
        3.4550000000         2.8200000000         1.3048609389       311.8740052230       137.0575018371 
        3.4600000000         2.8200000000         1.3125077934       312.9750039945       148.4707174456 
        3.4650000000         2.8200000000         1.3099588419       313.7090031755       144.6663122428 
        3.4700000000         2.8200000000         1.2972140844       314.0760027660       125.6442862286 
        3.4750000000         2.8200000000         1.3048609389       315.7275009232       137.0575018371 
        3.4800000000         2.8200000000         1.3023119874       315.3605013327       133.2530966343 
        3.4850000000         2.8200000000         1.3125077934       317.0119994900       148.4707174456 
        3.4900000000         2.8200000000         1.2997630359       317.0119994900       129.4486914315 
        3.4950000000         2.8200000000         1.3150567448       317.9294984662       152.2751226484 
        3.5000000000         2.8200000000         1.3150567448       319.2139970329       152.2751226484 
        3.5050000000         2.8200000000         1.3023119874       319.2139970329       133.2530966343 
        3.5100000000         2.8200000000         1.3150567448       320.1314960092       152.2751226484 
        3.5150001000         2.8200000000         1.3048609389       320.4984955997       137.0575018371 
        3.5200000000         2.8200000000         1.3125077934       321.7829941664       148.4707174456 
        3.5250000000         2.8200000000         1.3099588419       322.3334935522       144.6663122428 
        3.5300000000         2.8200000000         1.3125077934       323.0674927332       148.4707174456 
        3.5350000000         2.8200000000         1.3227035993       324.5354910952       163.6883382569 
        3.5400000000         2.8200000000         1.3023119874       324.1684915047       133.2530966343 
        3.5450000000         2.8200000000         1.3150567448       325.2694902761       152.2751226484 
        3.5500000000         2.8200000000         1.3074098904       326.1869892524       140.8619070399 
        3.5550001000         2.8200000000         1.3074098904       326.3704890476       140.8619070399 
        3.5600000000         2.8200000000         1.3099588419       327.6549876144       144.6663122428 
        3.5650000000         2.8200000000         1.3048609389       328.2054870001       137.0575018371 
        3.5700000000         2.8200000000         1.3048609389       329.1229859764       137.0575018371 
        3.5750000000         2.8200000000         1.3150567448       330.4074845431       152.2751226484 
        3.5800000000         2.8200000000         1.3048609389       330.0404849526       137.0575018371 
        3.5850000000         2.8200000000         1.3125077934       331.1414837241       148.4707174456 
        3.5900000000         2.8200000000         1.3150567448       332.4259822908       152.2751226484 
        3.5950000000         2.8200000000         1.2997630359       332.4259822908       129.4486914315 
        3.6000000000         2.8200000000         1.3201546478       333.7104808576       159.8839330541 
        3.6050000000         2.8200000000         1.3023119874       334.4444800386       133.2530966343 
        3.6100000000         2.8200000000         1.3048609389       334.9949794243       137.0575018371 
        3.6150000000         2.8200000000         1.3099588419       335.7289786053       144.6663122428 
        3.6200000000         2.8200000000         1.3048609389       336.4629777863       137.0575018371 
        3.6250000000         2.8200000000         1.3048609389       337.1969769673       137.0575018371 
        3.6300000000         2.8200000000         1.3023119874       337.3804767625       133.2530966343 
        3.6350000000         2.8200000000         1.2946651330       338.6649753293       121.8398810258 
        3.6400001000         2.8200000000         1.3048609389       338.8484751245       137.0575018371 
        3.6450000000         2.8200000000         1.3074098904       340.4999732818       140.8619070399 
        3.6500000000         2.8200000000         1.3099588419       340.8669728723       144.6663122428 
        3.6550000000         2.8200000000         1.3125077934       341.9679716438       148.4707174456 
        3.6600000000         2.8200000000         1.3048609389       341.7844718485       137.0575018371 
        3.6650000000         2.8200000000         1.2946651330       342.5184710295       121.8398810258 
        3.6700000000         2.8200000000         1.3099588419       343.8029695962       144.6663122428 
        3.6750000000         2.8200000000         1.3074098904       344.9039683677       140.8619070399 
        3.6800001000         2.8200000000         1.3150567448       345.2709679582       152.2751226484 
        3.6850000000         2.8200000000         1.3048609389       346.1884669345       137.0575018371 
        3.6900000000         2.8200000000         1.3201546478       347.2894657060       159.8839330541 
        3.6950000000         2.8200000000         1.3023119874       347.4729655012       133.2530966343 
        3.7000000000         2.8200000000         1.3099588419       348.2069646822       144.6663122428 
        3.7050000000         2.8200000000         1.3099588419       349.1244636585       144.6663122428 
        3.7100000000         2.8200000000         1.3176056963       350.2254624299       156.0795278513 
        3.7150000000         2.8200000000         1.2972140844       349.8584628394       125.6442862286 
        3.7200000000         2.8200000000         1.3099588419       350.5924620204       144.6663122428 
        3.7250000000         2.8200000000         1.3048609389       352.0604603824       137.0575018371 
        3.7300000000         2.8200000000         1.3048609389       352.0604603824       137.0575018371 
        3.7350000000         2.8200000000         1.3125077934       354.0789581302       148.4707174456 
        3.7400000000         2.8200000000         1.3099588419       354.4459577207       144.6663122428 
        3.7450000000         2.8200000000         1.3023119874       355.1799569017       133.2530966343 
        3.7500000000         2.8200000000         1.2997630359       355.3634566969       129.4486914315 
        3.7550000000         2.8200000000         1.3048609389       356.4644554684       137.0575018371 
        3.7600000000         2.8200000000         1.3048609389       357.1984546494       137.0575018371 
        3.7650001000         2.8200000000         1.2972140844       357.3819544446       125.6442862286 
        3.7700000000         2.8200000000         1.3074098904       358.4829532161       140.8619070399 
        3.7750000000         2.8200000000         1.2997630359       358.6664530114       129.4486914315 
        3.7800000000         2.8200000000         1.3099588419       360.3179511686       144.6663122428 
        3.7850000000         2.8200000000         1.3099588419       359.5839519876       144.6663122428 
        3.7900000000         2.8200000000         1.3074098904       360.1344513734       140.8619070399 
        3.7950000000         2.8200000000         1.2997630359       359.9509515781       129.4486914315 
        3.8000000000         2.8200000000         1.3074098904       359.4004521924       140.8619070399 
        3.8050001000         2.8200000000         1.3201546478       360.3179511686       159.8839330541 
        3.8100000000         2.8200000000         1.3023119874       359.4004521924       133.2530966343 
        3.8150000000         2.8200000000         1.3150567448       360.5014509639       152.2751226484 
        3.8200000000         2.8200000000         1.3048609389       359.4004521924       137.0575018371 
        3.8250000000         2.8200000000         1.3176056963       360.3179511686       156.0795278513 
        3.8300000000         2.8200000000         1.3048609389       359.7674517829       137.0575018371 
        3.8350000000         2.8200000000         1.3099588419       359.7674517829       144.6663122428 
        3.8400000000         2.8200000000         1.3099588419        79.9302640289       144.6663122428 
        3.8450000000         2.8200000000         1.3074098904        79.3797646431       140.8619070399 
        3.8500000000         2.8200000000         1.3125077934        79.9302640289       148.4707174456 
        3.8550000000         2.8200000000         1.3023119874        79.9302640289       133.2530966343 
        3.8600000000         2.8200000000         1.3125077934        79.9302640289       148.4707174456 
        3.8650000000         2.8200000000         1.3074098904        79.9302640289       140.8619070399 
        3.8700000000         2.8200000000         1.3176056963        79.7467642336       156.0795278513 
        3.8750000000         2.8200000000         1.3048609389         0.1078530958       137.0575018371 
        3.8800000000         2.8200000000         1.3125077934         0.1078530958       148.4707174456 
        3.8850000000         2.8200000000         1.3099588419         0.6583524815       144.6663122428 
        3.8900001000         2.8200000000         1.3074098904        -0.2591464947       140.8619070399 
        3.8950000000         2.8200000000         1.3023119874        -0.4426462900       133.2530966343 
        3.9000000000         2.8200000000         1.3125077934         0.1078530958       148.4707174456 
        3.9050000000         2.8200000000         1.3125077934         0.6583524815       148.4707174456 
        3.9100000000         2.8200000000         1.3074098904        -0.0756466995       140.8619070399 
        3.9150000000         2.8200000000         1.3048609389         0.6583524815       137.0575018371 
        3.9200000000         2.8200000000         1.3150567448         0.6583524815       152.2751226484 
        3.9250000000         2.8200000000         1.3150567448        -0.0756466995       152.2751226484 
        3.9300001000         2.8200000000         1.3099588419         0.4748526863       144.6663122428 
        3.9350000000         2.8200000000         1.3176056963         1.0253520720       156.0795278513 
        3.9400000000         2.8200000000         1.3099588419         2.1263508435       144.6663122428 
        3.9450000000         2.8200000000         1.3099588419         2.1263508435       144.6663122428 
        3.9500000000         2.8200000000         1.3150567448         2.8603500245       152.2751226484 
        3.9550000000         2.8200000000         1.3048609389         3.2273496150       137.0575018371 
        3.9600000000         2.8200000000         1.3150567448         4.3283483865       152.2751226484 
        3.9650000000         2.8200000000         1.3227035993         5.6128469532       163.6883382569 
        3.9700001000         2.8200000000         1.3201546478         6.3468461342       159.8839330541 
        3.9750000000         2.8200000000         1.3048609389         6.3468461342       137.0575018371 
        3.9800000000         2.8200000000         1.3150567448         7.2643451105       152.2751226484 
        3.9850000000         2.8200000000         1.3227035993         8.7323434725       163.6883382569 
        3.9900000000         2.8200000000         1.3176056963         9.0993430630       156.0795278513 
        3.9950000000         2.8200000000         1.3125077934         9.8333422440       148.4707174456 
