           Time[sec]           V_{cmd}[V]          V_{gyro}[V]          \theta[deg] \omega_{gyro}[deg/sec] 
        0.0000000000        -0.4800000000         1.2207455399       268.5680535444        11.1316896235 
        0.0050000000        -0.4800000000         1.2130986854       268.2010539539        -0.2815259850 
        0.0100000000        -0.4800000000         1.2130986854       268.0175541586        -0.2815259850 
        0.0150000000        -0.4800000000         1.2130986854       268.5680535444        -0.2815259850 
        0.0200000000        -0.4800000000         1.2003539280       268.2010539539       -19.3035519992 
        0.0250000000        -0.4800000000         1.0193783725       267.1000551824      -289.4163214000 
        0.0300000000        -0.4800000000         1.1009448200       266.1825562061      -167.6753549095 
        0.0350000000        -0.4800000000         1.0932979656       264.7145578441      -179.0885705180 
        0.0400000000        -0.4800000000         1.0499657903       264.1640584584      -243.7634589661 
        0.0450000000        -0.4800000000         1.0652594992       263.4300592774      -220.9370277491 
        0.0500000000        -0.4800000000         1.0601615963       262.1455607107      -228.5458381548 
        0.0550000000        -0.4800000000         1.0270252269       260.4940625534      -278.0031057916 
        0.0600000000        -0.4800000000         1.0474168388       259.2095639867      -247.5678641689 
        0.0650000000        -0.4800000000         1.0193783725       257.5580658294      -289.4163214000 
        0.0700000000        -0.4800000000         0.9989867606       256.0900674675      -319.8515630227 
        0.0750000000        -0.4800000000         1.0372210329       255.7230678770      -262.7854849802 
        0.0800000000        -0.4800000000         1.0168294210       254.0715697197      -293.2207266029 
        0.0850000000        -0.4800000000         0.9989867606       251.8695721767      -319.8515630227 
        0.0900000000        -0.4800000000         0.9964378091       250.4015738148      -323.6559682255 
        0.0950000000        -0.4800000000         0.9964378091       248.3830760670      -323.6559682255 
        0.1000000000        -0.4800000000         0.9964378091       247.4655770908      -323.6559682255 
        0.1050000000        -0.4800000000         0.9887909546       245.4470793430      -335.0691838340 
        0.1100000000        -0.4800000000         0.9913399061       243.9790809811      -331.2647786312 
        0.1150000000        -0.4800000000         0.9836930517       242.8780822096      -342.6779942396 
        0.1200000000        -0.4800000000         0.9811441002       240.6760846666      -346.4823994425 
        0.1250000000        -0.4800000000         0.9785951487       238.4740871236      -350.2868046453 
        0.1300000000        -0.4800000000         0.9658503913       236.8225889664      -369.3088306595 
        0.1350000000        -0.4800000000         0.9633014398       235.1710908091      -373.1132358623 
        0.1400000000        -0.4800000000         0.9582035368       233.5195926519      -380.7220462679 
        0.1450000000        -0.4800000000         0.9556545853       231.8680944947      -384.5264514708 
        0.1500000000        -0.4800000000         0.9658503913       230.5835959279      -369.3088306595 
        0.1550000000        -0.4800000000         0.9556545853       228.3815983849      -384.5264514708 
        0.1600000000        -0.4800000000         0.9683993428       226.1796008420      -365.5044254566 
        0.1650000000        -0.4800000000         0.9429098279       224.3446028895      -403.5484774849 
        0.1700000000        -0.4800000000         0.9607524883       222.3261051417      -376.9176410651 
        0.1750000000        -0.4800000000         0.9480077309       220.1241075988      -395.9396670793 
        0.1800001000        -0.4800000000         0.9582035368       219.0231088273      -380.7220462679 
        0.1850000000        -0.4800000000         0.9403608764       217.1881108748      -407.3528826877 
        0.1900000000        -0.4800000000         0.9301650705       214.6191137413      -422.5705034991 
        0.1950000000        -0.4800000000         0.9403608764       212.6006159936      -407.3528826877 
        0.2000000000        -0.4800000000         0.9378119249       211.3161174268      -411.1572878906 
        0.2050000000        -0.4800000000         0.9276161190       208.3801207028      -426.3749087019 
        0.2100001000        -0.4800000000         0.9454587794       206.7286225456      -399.7440722821 
        0.2150000000        -0.4800000000         0.9301650705       205.2606241836      -422.5705034991 
        0.2200000000        -0.4800000000         0.9454587794       202.3246274596      -399.7440722821 
        0.2250000000        -0.4800000000         0.9301650705       200.1226299167      -422.5705034991 
        0.2300000000        -0.4800000000         0.9250671675       199.0216311452      -430.1793139047 
        0.2350000000        -0.4800000000         0.9225182160       196.2691342164      -433.9837191075 
        0.2400001000        -0.4800000000         0.9301650705       194.2506364687      -422.5705034991 
        0.2450033000        -0.4800000000         0.9123224101       191.6816393352      -449.2013399189 
        0.2500000000        -0.4800000000         0.9148713616       190.2136409732      -445.3969347160 
        0.2550000000        -0.4800000000         0.9225182160       187.8281436350      -433.9837191075 
        0.2600000000        -0.4800000000         0.9276161190       185.6261460920      -426.3749087019 
        0.2650000000        -0.4800000000         0.9097734586       183.4241485491      -453.0057451217 
        0.2700000000        -0.4800000000         0.9148713616       181.2221510061      -445.3969347160 
        0.2750000000        -0.4800000000         0.9174203130       179.0201534631      -441.5925295132 
        0.2800000000        -0.4800000000         0.9250671675       177.5521551011      -430.1793139047 
        0.2850000000        -0.4800000000         0.8970287012       174.2491587866      -472.0277711358 
        0.2900000000        -0.4800000000         0.9097734586       172.5976606294      -453.0057451217 
        0.2950000000        -0.4800000000         0.9072245071       170.2121632912      -456.8101503245 
        0.3000000000        -0.4800000000         0.9123224101       168.0101657482      -449.2013399189 
        0.3050000000        -0.4800000000         0.9046755556       166.5421673862      -460.6145555274 
        0.3100000000        -0.4800000000         0.9097734586       163.7896704575      -453.0057451217 
        0.3150000000        -0.4800000000         0.9046755556       161.5876729145      -460.6145555274 
        0.3200000000        -0.4800000000         0.9148713616       159.2021755762      -445.3969347160 
        0.3250000000        -0.4800000000         0.8868328952       156.8166782380      -487.2453919472 
        0.3300000000        -0.4800000000         0.9072245071       154.6146806950      -456.8101503245 
        0.3350000000        -0.4800000000         0.8970287012       152.9631825378      -472.0277711358 
        0.3400000000        -0.4800000000         0.9021266041       150.3941854043      -464.4189607302 
        0.3450000000        -0.4800000000         0.8919307982       147.2746888851      -479.6365815415 
        0.3500015000        -0.4800000000         0.8868328952       144.8891915469      -487.2453919472 
        0.3550000000        -0.4800000000         0.8970287012       143.0541935944      -472.0277711358 
        0.3600000000        -0.4800000000         0.8893818467       140.1181968704      -483.4409867443 
        0.3650000000        -0.4800000000         0.9021266041       138.4666987132      -464.4189607302 
        0.3700026000        -0.4800000000         0.8970287012       136.4482009654      -472.0277711358 
        0.3750000000        -0.4800000000         0.8919307982       133.3287044462      -479.6365815415 
        0.3800000000        -0.4800000000         0.8766370893       131.6772062890      -502.4630127585 
        0.3850030000        -0.4800000000         0.8868328952       128.5577097697      -487.2453919472 
        0.3900000000        -0.4800000000         0.9046755556       126.7227118173      -460.6145555274 
        0.3950000000        -0.4800000000         0.8791860408       123.9702148885      -498.6586075556 
        0.4000000000        -0.4800000000         0.8944797497       122.5022165265      -475.8321763387 
        0.4050000000        -0.4800000000         0.8970287012       119.7497195978      -472.0277711358 
        0.4100000000        -0.4800000000         0.8970287012       117.7312218501      -472.0277711358 
        0.4150000000        -0.4800000000         0.8715391863       114.7952251261      -510.0718231641 
        0.4200001000        -0.4800000000         0.8868328952       112.2262279926      -487.2453919472 
        0.4250055000        -0.4800000000         0.8740881378       109.6572308591      -506.2674179613 
        0.4300000000        -0.4800000000         0.8766370893       107.6387331114      -502.4630127585 
        0.4350020000        -0.4800000000         0.8817349922       105.6202353637      -494.8542023528 
        0.4400000000        -0.4800000000         0.8791860408       102.6842386397      -498.6586075556 
        0.4450000000        -0.4800000000         0.8766370893       100.2987413015      -502.4630127585 
        0.4500000000        -0.4800000000         0.8664412833        97.5462443727      -517.6806335698 
        0.4550000000        -0.4800000000         0.8791860408        95.1607470345      -498.6586075556 
        0.4600000000        -0.4800000000         0.8689902348        93.1422492868      -513.8762283670 
        0.4650000000        -0.4800000000         0.8715391863        90.5732521533      -510.0718231641 
        0.4700000000        -0.4800000000         0.8715391863        87.8207552246      -510.0718231641 
        0.4750001000        -0.4800000000         0.8817349922        86.3527568626      -494.8542023528 
        0.4800000000        -0.4800000000         0.8689902348        84.1507593196      -513.8762283670 
        0.4850000000        -0.4800000000         0.8740881378        81.5817621861      -506.2674179613 
        0.4900000000        -0.4800000000         0.8638923318        78.4622656669      -521.4850387726 
        0.4950000000        -0.4800000000         0.8689902348        75.8932685334      -513.8762283670 
        0.5000000000        -0.4800000000         0.8511475744        73.3242713999      -540.5070647868 
        0.5050000000        -0.4800000000         0.8664412833        71.1222738570      -517.6806335698 
        0.5100000000        -0.4800000000         0.8740881378        68.9202763140      -506.2674179613 
        0.5150000000        -0.4800000000         0.8740881378        66.7182787710      -506.2674179613 
        0.5200000000        -0.4800000000         0.8562454774        63.4152824565      -532.8982543811 
        0.5250000000        -0.4800000000         0.8715391863        61.0297851183      -510.0718231641 
        0.5300000000        -0.4800000000         0.8817349922        59.3782869611      -494.8542023528 
        0.5350000000        -0.4800000000         0.8613433804        55.7082910561      -525.2894439754 
        0.5400015000        -0.4800000000         0.8562454774        53.6897933084      -532.8982543811 
        0.5450000000        -0.4800000000         0.8715391863        51.1207961749      -510.0718231641 
        0.5500000000        -0.4800000000         0.8740881378        49.1022984271      -506.2674179613 
        0.5550000000        -0.4800000000         0.8536965259        45.4323025222      -536.7026595839 
        0.5600000000        -0.4800000000         0.8689902348        43.9643041602      -513.8762283670 
        0.5650000000        -0.4800000000         0.8638923318        40.2943082552      -521.4850387726 
        0.5700001000        -0.4800000000         0.8638923318        38.6428100980      -521.4850387726 
        0.5750000000        -0.4800000000         0.8587944289        35.1563139883      -529.0938491783 
        0.5800000000        -0.4800000000         0.8664412833        33.1378162405      -517.6806335698 
        0.5850000000        -0.4800000000         0.8613433804        30.5688191070      -525.2894439754 
        0.5900000000        -0.4800000000         0.8638923318        27.9998219736      -521.4850387726 
        0.5950000000        -0.4800000000         0.8485986229        24.8803254543      -544.3114699896 
        0.6000000000        -0.4800000000         0.8689902348        22.8618277066      -513.8762283670 
        0.6050000000        -0.4800000000         0.8485986229        19.5588313921      -544.3114699896 
        0.6100000000        -0.4800000000         0.8664412833        17.5403336444      -517.6806335698 
        0.6150000000        -0.4800000000         0.8536965259        14.9713365109      -536.7026595839 
        0.6200000000        -0.4800000000         0.8511475744        10.9343410155      -540.5070647868 
        0.6250000000        -0.4800000000         0.8638923318         8.9158432677      -521.4850387726 
        0.6300000000        -0.4800000000         0.8562454774         6.3468461342      -532.8982543811 
        0.6350000000        -0.4800000000         0.8460496714         3.5943492055      -548.1158751924 
        0.6400000000        -0.4800000000         0.8613433804         1.0253520720      -525.2894439754 
        0.6450000000        -0.4800000000         0.8638923318        -0.2591464947      -521.4850387726 
        0.6500000000        -0.4800000000         0.8460496714         0.2913528910      -548.1158751924 
        0.6550000000        -0.4800000000         0.8562454774         0.6583524815      -532.8982543811 
        0.6600000000        -0.4800000000         0.8613433804        79.3797646431      -525.2894439754 
        0.6650000000        -0.4800000000         0.8689902348        80.1137638241      -513.8762283670 
        0.6700000000        -0.4800000000         0.8435007200       359.9509515781      -551.9202803953 
        0.6750000000        -0.4800000000         0.8664412833       360.3179511686      -517.6806335698 
        0.6800000000        -0.4800000000         0.8638923318       360.1344513734      -521.4850387726 
        0.6850000000        -0.4800000000         0.8587944289       358.8499528066      -529.0938491783 
        0.6900000000        -0.4800000000         0.8536965259       356.2809556731      -536.7026595839 
        0.6950001000        -0.4800000000         0.8536965259       353.1614591539      -536.7026595839 
        0.7000000000        -0.4800000000         0.8715391863       350.7759618157      -510.0718231641 
        0.7050000000        -0.4800000000         0.8587944289       348.3904644775      -529.0938491783 
        0.7100000000        -0.4800000000         0.8587944289       344.7204685725      -529.0938491783 
        0.7150000000        -0.4800000000         0.8562454774       342.7019708248      -532.8982543811 
        0.7200000000        -0.4800000000         0.8613433804       339.3989745103      -525.2894439754 
        0.7250000000        -0.4800000000         0.8562454774       337.1969769673      -532.8982543811 
        0.7300099000        -0.4800000000         0.8358538655       333.1599814718      -563.3334960037 
        0.7350000000        -0.4800000000         0.8638923318       330.5909843384      -521.4850387726 
        0.7400000000        -0.4800000000         0.8664412833       328.0219872049      -517.6806335698 
        0.7450000000        -0.4800000000         0.8333049140       325.2694902761      -567.1379012066 
        0.7500000000        -0.4800000000         0.8485986229       322.1499937569      -544.3114699896 
        0.7550000000        -0.4800000000         0.8613433804       320.3149958044      -525.2894439754 
        0.7600000000        -0.4800000000         0.8460496714       316.6449998995      -548.1158751924 
        0.7650000000        -0.4800000000         0.8435007200       314.0760027660      -551.9202803953 
        0.7700000000        -0.4800000000         0.8587944289       311.5070056325      -529.0938491783 
        0.7750000000        -0.4800000000         0.8664412833       309.1215082943      -517.6806335698 
        0.7800000000        -0.4800000000         0.8485986229       306.3690113656      -544.3114699896 
        0.7850000000        -0.4800000000         0.8587944289       304.1670138226      -529.0938491783 
        0.7900000000        -0.4800000000         0.8435007200       300.8640175081      -551.9202803953 
        0.7950000000        -0.4800000000         0.8562454774       298.2950203746      -532.8982543811 
        0.8000025000        -0.4800000000         0.8613433804       294.8085242649      -525.2894439754 
        0.8050000000        -0.4800000000         0.8435007200       292.0560273362      -551.9202803953 
        0.8100000000        -0.4800000000         0.8485986229       289.4870302027      -544.3114699896 
        0.8150000000        -0.4800000000         0.8562454774       287.1015328645      -532.8982543811 
        0.8200001000        -0.4800000000         0.8536965259       284.5325357310      -536.7026595839 
        0.8250000000        -0.4800000000         0.8460496714       281.7800388023      -548.1158751924 
        0.8300000000        -0.4800000000         0.8485986229       278.2935426925      -544.3114699896 
        0.8350001000        -0.4800000000         0.8613433804       277.1925439210      -525.2894439754 
        0.8400000000        -0.4800000000         0.8435007200       273.7060478113      -551.9202803953 
        0.8450000000        -0.4800000000         0.8587944289       270.7700510873      -529.0938491783 
        0.8500000000        -0.4800000000         0.8638923318       268.3845537491      -521.4850387726 
        0.8550000000        -0.4800000000         0.8409517685       265.6320568204      -555.7246855981 
        0.8600000000        -0.4800000000         0.8689902348       263.4300592774      -513.8762283670 
        0.8650000000        -0.4800000000         0.8485986229       260.3105627582      -544.3114699896 
        0.8700000000        -0.4800000000         0.8511475744       257.5580658294      -540.5070647868 
        0.8750000000        -0.4800000000         0.8562454774       254.8055689007      -532.8982543811 
        0.8800000000        -0.4800000000         0.8689902348       252.9705709482      -513.8762283670 
        0.8850000000        -0.4800000000         0.8536965259       249.4840748385      -536.7026595839 
        0.8900000000        -0.4800000000         0.8536965259       247.0985775003      -536.7026595839 
        0.8950000000        -0.4800000000         0.8613433804       244.3460805716      -525.2894439754 
        0.9000000000        -0.4800000000         0.8536965259       241.4100838476      -536.7026595839 
        0.9050000000        -0.4800000000         0.8536965259       239.5750858951      -536.7026595839 
        0.9100000000        -0.4800000000         0.8511475744       236.0885897854      -540.5070647868 
        0.9150000000        -0.4800000000         0.8562454774       233.7030924471      -532.8982543811 
        0.9200000000        -0.4800000000         0.8460496714       230.7670957232      -548.1158751924 
        0.9250000000        -0.4800000000         0.8740881378       228.9320977707      -506.2674179613 
        0.9300000000        -0.4800000000         0.8562454774       225.9961010467      -532.8982543811 
        0.9350000000        -0.4800000000         0.8562454774       223.4271039132      -532.8982543811 
        0.9400000000        -0.4800000000         0.8485986229       220.3076073940      -544.3114699896 
        0.9450001000        -0.4800000000         0.8562454774       217.7386102605      -532.8982543811 
        0.9500000000        -0.4800000000         0.8435007200       215.1696131270      -551.9202803953 
        0.9550000000        -0.4800000000         0.8562454774       213.3346151746      -532.8982543811 
        0.9600001000        -0.4800000000         0.8638923318       210.5821182458      -521.4850387726 
        0.9650000000        -0.4800000000         0.8562454774       207.6461215219      -532.8982543811 
        0.9700000000        -0.4800000000         0.8460496714       205.4441239789      -548.1158751924 
        0.9750000000        -0.4800000000         0.8638923318       202.8751268454      -521.4850387726 
        0.9800000000        -0.4800000000         0.8689902348       200.6731293024      -513.8762283670 
        0.9850000000        -0.4800000000         0.8562454774       197.5536327832      -532.8982543811 
        0.9900000000        -0.4800000000         0.8384028170       194.6176360592      -559.5290908009 
        0.9950000000        -0.4800000000         0.8613433804       192.0486389257      -525.2894439754 
        1.0000000000        -0.4800000000         0.8842839437       190.5806405637      -491.0497971500 
        1.0050000000        -0.4800000000         0.8485986229       187.8281436350      -544.3114699896 
        1.0100045000        -0.4800000000         0.8587944289       184.3416475253      -529.0938491783 
        1.0150000000        -0.4800000000         0.8536965259       181.5891505966      -536.7026595839 
        1.0200000000        -0.4800000000         0.8613433804       179.5706528488      -525.2894439754 
        1.0250000000        -0.4800000000         0.8689902348       177.3686553058      -513.8762283670 
        1.0300000000        -0.4800000000         0.8536965259       174.9831579676      -536.7026595839 
        1.0350000000        -0.4800000000         0.8766370893       171.6801616531      -502.4630127585 
        1.0400000000        -0.4800000000         0.8664412833       169.2946643149      -517.6806335698 
        1.0450000000        -0.4800000000         0.8435007200       166.3586675909      -551.9202803953 
        1.0500000000        -0.4800000000         0.8664412833       164.3401698432      -517.6806335698 
        1.0550031000        -0.4800000000         0.8562454774       161.2206733240      -532.8982543811 
        1.0600000000        -0.4800000000         0.8740881378       159.2021755762      -506.2674179613 
        1.0650000000        -0.4800000000         0.8485986229       157.0001780333      -544.3114699896 
        1.0700000000        -0.4800000000         0.8664412833       154.4311808998      -517.6806335698 
        1.0750000000        -0.4800000000         0.8587944289       150.7611849948      -529.0938491783 
        1.0800000000        -0.4800000000         0.8511475744       148.1921878613      -540.5070647868 
        1.0850000000        -0.4800000000         0.8562454774       146.1736901136      -532.8982543811 
        1.0900000000        -0.4800000000         0.8638923318       143.6046929801      -521.4850387726 
        1.0950000000        -0.4800000000         0.8664412833       141.4026954371      -517.6806335698 
        1.1000000000        -0.4800000000         0.8715391863       138.8336983037      -510.0718231641 
        1.1050000000        -0.4800000000         0.8358538655       135.3472021939      -563.3334960037 
        1.1100000000        -0.4800000000         0.8766370893       133.8792038320      -502.4630127585 
        1.1150016000        -0.4800000000         0.8511475744       130.0257081317      -540.5070647868 
        1.1200000000        -0.4800000000         0.8435007200       127.4567109983      -551.9202803953 
        1.1250000000        -0.4800000000         0.8664412833       125.2547134553      -517.6806335698 
        1.1300000000        -0.4800000000         0.8460496714       122.6857163218      -548.1158751924 
        1.1350000000        -0.4800000000         0.8485986229       119.5662198026      -544.3114699896 
        1.1400000000        -0.4800000000         0.8638923318       117.3642222596      -521.4850387726 
        1.1450000000        -0.4800000000         0.8435007200       114.9787249214      -551.9202803953 
        1.1500000000        -0.4800000000         0.8587944289       112.0427281974      -529.0938491783 
        1.1550001000        -0.4800000000         0.8689902348       109.2902312687      -513.8762283670 
        1.1600000000        -0.4800000000         0.8307559625       107.0882337257      -570.9423064094 
        1.1650000000        -0.4800000000         0.8587944289       104.5192365922      -529.0938491783 
        1.1700000000        -0.4800000000         0.8613433804       101.3997400730      -525.2894439754 
        1.1750000000        -0.4800000000         0.8613433804        99.9317417110      -525.2894439754 
        1.1800000000        -0.4800000000         0.8409517685        96.2617458060      -555.7246855981 
        1.1850000000        -0.4800000000         0.8511475744        93.6927486725      -540.5070647868 
        1.1900000000        -0.4800000000         0.8740881378        92.2247503105      -506.2674179613 
        1.1950000000        -0.4800000000         0.8511475744        89.1052537913      -540.5070647868 
        1.2000000000        -0.4800000000         0.8333049140        86.5362566578      -567.1379012066 
        1.2050000000        -0.4800000000         0.8511475744        83.9672595244      -540.5070647868 
        1.2100000000        -0.4800000000         0.8562454774        81.3982623909      -532.8982543811 
        1.2150000000        -0.4800000000         0.8460496714        78.2787658717      -548.1158751924 
        1.2200000000        -0.4800000000         0.8562454774        76.9942673049      -532.8982543811 
        1.2250000000        -0.4800000000         0.8562454774        73.8747707857      -532.8982543811 
        1.2300000000        -0.4800000000         0.8562454774        71.4892734475      -532.8982543811 
        1.2350000000        -0.4800000000         0.8613433804        68.7367765187      -525.2894439754 
        1.2400035000        -0.4800000000         0.8435007200        65.4337802043      -551.9202803953 
        1.2450000000        -0.4800000000         0.8358538655        63.7822820470      -563.3334960037 
        1.2500000000        -0.4800000000         0.8562454774        60.6627855278      -532.8982543811 
        1.2550000000        -0.4800000000         0.8536965259        57.9102885991      -536.7026595839 
        1.2600000000        -0.4800000000         0.8409517685        55.3412914656      -555.7246855981 
        1.2650057000        -0.4800000000         0.8613433804        53.3227937179      -525.2894439754 
        1.2700000000        -0.4800000000         0.8511475744        49.8362976081      -540.5070647868 
        1.2750000000        -0.4800000000         0.8460496714        47.4508002699      -548.1158751924 
        1.2800001000        -0.4800000000         0.8460496714        44.6983033412      -548.1158751924 
        1.2850000000        -0.4800000000         0.8613433804        42.6798055934      -525.2894439754 
        1.2900000000        -0.4800000000         0.8460496714        39.9273086647      -548.1158751924 
        1.2950000000        -0.4800000000         0.8409517685        36.2573127597      -555.7246855981 
        1.3000000000        -0.4800000000         0.8536965259        33.5048158310      -536.7026595839 
        1.3050000000        -0.4800000000         0.8435007200        31.3028182880      -551.9202803953 
        1.3100000000        -0.4800000000         0.8460496714        28.7338211546      -548.1158751924 
        1.3150000000        -0.4800000000         0.8511475744        25.9813242258      -540.5070647868 
        1.3200000000        -0.4800000000         0.8358538655        22.8618277066      -563.3334960037 
        1.3250000000        -0.4800000000         0.8613433804        21.2103295494      -525.2894439754 
        1.3300000000        -0.4800000000         0.8435007200        17.5403336444      -551.9202803953 
        1.3350000000        -0.4800000000         0.8536965259        14.9713365109      -536.7026595839 
        1.3400000000        -0.4800000000         0.8435007200        11.6683401964      -551.9202803953 
        1.3450000000        -0.4800000000         0.8333049140         8.9158432677      -567.1379012066 
        1.3500000000        -0.4800000000         0.8587944289         7.0808453152      -529.0938491783 
        1.3550000000        -0.4800000000         0.8435007200         3.9613487960      -551.9202803953 
        1.3600000000        -0.4800000000         0.8485986229         1.5758514578      -544.3114699896 
        1.3650000000        -0.4800000000         0.8587944289         0.6583524815      -529.0938491783 
        1.3700000000        -0.4800000000         0.8460496714         0.1078530958      -548.1158751924 
        1.3750000000        -0.4800000000         0.8613433804         0.6583524815      -525.2894439754 
        1.3800000000        -0.4800000000         0.8562454774        80.1137638241      -532.8982543811 
        1.3850105000        -0.4800000000         0.8460496714        78.6457654622      -548.1158751924 
        1.3900000000        -0.4800000000         0.8409517685       359.2169523971      -555.7246855981 
        1.3950000000        -0.4800000000         0.8485986229       360.1344513734      -544.3114699896 
        1.4000000000        -0.4800000000         0.8409517685       359.4004521924      -555.7246855981 
        1.4050001000        -0.4800000000         0.8358538655       357.5654542399      -563.3334960037 
        1.4100000000        -0.4800000000         0.8536965259       355.1799569017      -536.7026595839 
        1.4150000000        -0.4800000000         0.8485986229       352.0604603824      -544.3114699896 
        1.4200000000        -0.4800000000         0.8511475744       350.0419626347      -540.5070647868 
        1.4250000000        -0.4800000000         0.8511475744       347.1059659107      -540.5070647868 
        1.4300000000        -0.4800000000         0.8409517685       344.1699691867      -555.7246855981 
        1.4350000000        -0.4800000000         0.8460496714       341.7844718485      -548.1158751924 
        1.4400000000        -0.4800000000         0.8638923318       339.2154747150      -521.4850387726 
        1.4450000000        -0.4800000000         0.8435007200       335.7289786053      -551.9202803953 
        1.4500000000        -0.4800000000         0.8409517685       332.4259822908      -555.7246855981 
        1.4550000000        -0.4800000000         0.8485986229       330.0404849526      -544.3114699896 
        1.4600000000        -0.4800000000         0.8460496714       327.8384874096      -548.1158751924 
        1.4650000000        -0.4800000000         0.8435007200       324.3519912999      -551.9202803953 
        1.4700000000        -0.4800000000         0.8536965259       321.2324947807      -536.7026595839 
        1.4750000000        -0.4800000000         0.8536965259       319.5809966234      -536.7026595839 
        1.4800000000        -0.4800000000         0.8409517685       315.5440011280      -555.7246855981 
        1.4850000000        -0.4800000000         0.8613433804       313.3420035850      -525.2894439754 
        1.4900000000        -0.4800000000         0.8384028170       310.9565062468      -559.5290908009 
        1.4950000000        -0.4800000000         0.8460496714       307.2865103418      -548.1158751924 
        1.5000000000        -0.4800000000         0.8562454774       305.6350121846      -532.8982543811 
        1.5050000000        -0.4800000000         0.8460496714       302.3320158701      -548.1158751924 
        1.5100000000        -0.4800000000         0.8435007200       299.3960191461      -551.9202803953 
        1.5150000000        -0.4800000000         0.8613433804       297.3775213984      -525.2894439754 
        1.5200000000        -0.4800000000         0.8435007200       294.0745250839      -551.9202803953 
        1.5250000000        -0.4800000000         0.8562454774       291.3220281552      -532.8982543811 
        1.5300055000        -0.4800000000         0.8384028170       288.0190318407      -559.5290908009 
        1.5350000000        -0.4800000000         0.8562454774       285.8170342977      -532.8982543811 
        1.5400000000        -0.4800000000         0.8435007200       283.4315369595      -551.9202803953 
        1.5450000000        -0.4800000000         0.8511475744       280.3120404403      -540.5070647868 
        1.5500000000        -0.4800000000         0.8485986229       277.7430433068      -544.3114699896 
        1.5550000000        -0.4800000000         0.8613433804       274.9905463781      -525.2894439754 
        1.5600000000        -0.4800000000         0.8485986229       271.8710498588      -544.3114699896 
        1.5650000000        -0.4800000000         0.8587944289       269.4855525206      -529.0938491783 
        1.5700000000        -0.4800000000         0.8511475744       266.7330555919      -540.5070647868 
        1.5750000000        -0.4800000000         0.8511475744       264.7145578441      -540.5070647868 
        1.5800000000        -0.4800000000         0.8536965259       261.0445619392      -536.7026595839 
        1.5850000000        -0.4800000000         0.8562454774       259.2095639867      -532.8982543811 
        1.5900000000        -0.4800000000         0.8460496714       256.0900674675      -548.1158751924 
        1.5950000000        -0.4800000000         0.8664412833       252.9705709482      -517.6806335698 
        1.6000000000        -0.4800000000         0.8562454774       250.9520732005      -532.8982543811 
        1.6050000000        -0.4800000000         0.8435007200       247.6490768860      -551.9202803953 
        1.6100000000        -0.4800000000         0.8613433804       245.9975787288      -525.2894439754 
        1.6150000000        -0.4800000000         0.8536965259       243.0615820048      -536.7026595839 
        1.6200000000        -0.4800000000         0.8664412833       241.0430842571      -517.6806335698 
        1.6250000000        -0.4800000000         0.8485986229       238.4740871236      -544.3114699896 
        1.6300000000        -0.4800000000         0.8740881378       234.9875910139      -506.2674179613 
        1.6350000000        -0.4800000000         0.8562454774       232.6020936757      -532.8982543811 
        1.6400000000        -0.4800000000         0.8460496714       229.8495967469      -548.1158751924 
        1.6450000000        -0.4800000000         0.8715391863       228.0145987944      -510.0718231641 
        1.6500000000        -0.4800000000         0.8511475744       224.7116024800      -540.5070647868 
        1.6550001000        -0.4800000000         0.8638923318       222.6931047322      -521.4850387726 
        1.6600000000        -0.4800000000         0.8638923318       219.7571080083      -521.4850387726 
        1.6650000000        -0.4800000000         0.8485986229       217.1881108748      -544.3114699896 
        1.6700000000        -0.4800000000         0.8664412833       214.6191137413      -517.6806335698 
        1.6750000000        -0.4800000000         0.8664412833       212.6006159936      -517.6806335698 
        1.6800000000        -0.4800000000         0.8536965259       209.6646192696      -536.7026595839 
        1.6850000000        -0.4800000000         0.8638923318       207.4626217266      -521.4850387726 
        1.6900000000        -0.4800000000         0.8435007200       203.9761256169      -551.9202803953 
        1.6950000000        -0.4800000000         0.8587944289       201.5906282787      -529.0938491783 
        1.7000000000        -0.4800000000         0.8536965259       199.5721305309      -536.7026595839 
        1.7050000000        -0.4800000000         0.8766370893       197.1866331927      -502.4630127585 
        1.7100000000        -0.4800000000         0.8740881378       194.0671366735      -506.2674179613 
        1.7150000000        -0.4800000000         0.8613433804       192.0486389257      -525.2894439754 
        1.7200000000        -0.4800000000         0.8740881378       189.6631415875      -506.2674179613 
        1.7250000000        -0.4800000000         0.8587944289       186.5436450683      -529.0938491783 
        1.7300000000        -0.4800000000         0.8664412833       183.7911481395      -517.6806335698 
        1.7350000000        -0.4800000000         0.8485986229       181.2221510061      -544.3114699896 
        1.7400000000        -0.4800000000         0.8689902348       178.6531538726      -513.8762283670 
        1.7450000000        -0.4800000000         0.8740881378       176.0841567391      -506.2674179613 
        1.7500017000        -0.4800000000         0.8485986229       173.1481600151      -544.3114699896 
        1.7550000000        -0.4800000000         0.8562454774       171.4966618579      -532.8982543811 
        1.7600000000        -0.4800000000         0.8664412833       168.5606651339      -517.6806335698 
        1.7650000000        -0.4800000000         0.8536965259       165.8081682052      -536.7026595839 
        1.7700000000        -0.4800000000         0.8587944289       163.2391710717      -529.0938491783 
        1.7750000000        -0.4800000000         0.8536965259       160.4866741430      -536.7026595839 
        1.7800001000        -0.4800000000         0.8689902348       158.4681763953      -513.8762283670 
        1.7850016000        -0.4800000000         0.8715391863       155.5321796713      -510.0718231641 
        1.7900000000        -0.4800000000         0.8638923318       153.3301821283      -521.4850387726 
        1.7950000000        -0.4800000000         0.8511475744       149.8436860186      -540.5070647868 
        1.8000000000        -0.4800000000         0.8638923318       147.8251882708      -521.4850387726 
        1.8050047000        -0.4800000000         0.8435007200       144.5221919564      -551.9202803953 
        1.8100000000        -0.4800000000         0.8536965259       142.1366946181      -536.7026595839 
        1.8150000000        -0.4800000000         0.8460496714       140.1181968704      -548.1158751924 
        1.8200000000        -0.4800000000         0.8638923318       136.8152005559      -521.4850387726 
        1.8250000000        -0.4800000000         0.8562454774       134.7967028082      -532.8982543811 
        1.8300000000        -0.4800000000         0.8638923318       132.5947052652      -521.4850387726 
        1.8350000000        -0.4800000000         0.8562454774       129.4752087460      -532.8982543811 
        1.8400000000        -0.4800000000         0.8562454774       126.9062116125      -532.8982543811 
        1.8450000000        -0.4800000000         0.8638923318       124.7042140695      -521.4850387726 
        1.8500000000        -0.4800000000         0.8435007200       121.5847175503      -551.9202803953 
        1.8550000000        -0.4800000000         0.8562454774       118.4652210311      -532.8982543811 
        1.8600000000        -0.4800000000         0.8511475744       115.8962238976      -540.5070647868 
        1.8650000000        -0.4800000000         0.8460496714       113.6942263546      -548.1158751924 
        1.8700000000        -0.4800000000         0.8613433804       111.3087290164      -525.2894439754 
        1.8750000000        -0.4800000000         0.8613433804       109.2902312687      -525.2894439754 
        1.8800000000        -0.4800000000         0.8409517685       105.6202353637      -555.7246855981 
        1.8850000000        -0.4800000000         0.8638923318       103.6017376159      -521.4850387726 
        1.8900000000        -0.4800000000         0.8613433804       101.5832398682      -525.2894439754 
        1.8950000000        -0.4800000000         0.8587944289        99.0142427347      -529.0938491783 
        1.9000000000        -0.4800000000         0.8536965259        95.5277466250      -536.7026595839 
        1.9050001000        -0.4800000000         0.8536965259        93.3257490820      -536.7026595839 
        1.9100000000        -0.4800000000         0.8511475744        90.3897523581      -540.5070647868 
        1.9150000000        -0.4800000000         0.8485986229        88.0042550198      -544.3114699896 
        1.9200000000        -0.4800000000         0.8536965259        85.6187576816      -536.7026595839 
        1.9250000000        -0.4800000000         0.8562454774        82.8662607529      -532.8982543811 
        1.9300000000        -0.4800000000         0.8460496714        80.6642632099      -548.1158751924 
        1.9350000000        -0.4800000000         0.8562454774        77.3612668954      -532.8982543811 
        1.9400000000        -0.4800000000         0.8689902348        75.5262689429      -513.8762283670 
        1.9450000000        -0.4800000000         0.8358538655        72.7737720142      -563.3334960037 
        1.9500000000        -0.4800000000         0.8562454774        70.3882746760      -532.8982543811 
        1.9550000000        -0.4800000000         0.8638923318        67.8192775425      -521.4850387726 
        1.9600000000        -0.4800000000         0.8435007200        64.8832808185      -551.9202803953 
        1.9650000000        -0.4800000000         0.8409517685        62.1307838898      -555.7246855981 
        1.9700000000        -0.4800000000         0.8536965259        59.1947871658      -536.7026595839 
        1.9750000000        -0.4800000000         0.8587944289        56.8092898276      -529.0938491783 
        1.9800000000        -0.4800000000         0.8511475744        54.7907920798      -540.5070647868 
        1.9850000000        -0.4800000000         0.8460496714        51.3042959701      -548.1158751924 
        1.9900000000        -0.4800000000         0.8460496714        48.7352988366      -548.1158751924 
        1.9950000000        -0.4800000000         0.8562454774        46.9003008842      -532.8982543811 
        2.0000000000        -0.4800000000         0.8485986229        43.2303049792      -544.3114699896 
        2.0050000000        -0.4800000000         0.8536965259        41.5788068220      -536.7026595839 
        2.0100000000        -0.4800000000         0.8536965259        38.6428100980      -536.7026595839 
        2.0150032000        -0.4800000000         0.8613433804        36.0738129645      -525.2894439754 
        2.0200000000        -0.4800000000         0.8485986229        32.9543164453      -544.3114699896 
        2.0250000000        -0.4800000000         0.8435007200        30.0183197213      -551.9202803953 
        2.0300000000        -0.4800000000         0.8409517685        27.8163221783      -555.7246855981 
        2.0350000000        -0.4800000000         0.8536965259        25.6143246353      -536.7026595839 
        2.0400000000        -0.4800000000         0.8435007200        21.7608289351      -551.9202803953 
        2.0450000000        -0.4800000000         0.8536965259        18.8248322111      -536.7026595839 
        2.0500000000        -0.4800000000         0.8587944289        17.1733340539      -529.0938491783 
        2.0550000000        -0.4800000000         0.8485986229        14.4208371252      -544.3114699896 
        2.0600000000        -0.4800000000         0.8562454774        11.6683401964      -532.8982543811 
        2.0650000000        -0.4800000000         0.8562454774         8.7323434725      -532.8982543811 
        2.0700000000        -0.4800000000         0.8460496714         5.7963467485      -548.1158751924 
        2.0750000000        -0.4800000000         0.8460496714         3.2273496150      -548.1158751924 
        2.0800021000        -0.4800000000         0.8435007200         0.1078530958      -551.9202803953 
        2.0850000000        -0.4800000000         0.8638923318         0.6583524815      -521.4850387726 
        2.0900000000        -0.4800000000         0.8358538655         0.1078530958      -563.3334960037 
        2.0950000000        -0.4800000000         0.8485986229         0.6583524815      -544.3114699896 
        2.1000000000        -0.4800000000         0.8485986229        79.3797646431      -544.3114699896 
        2.1050000000        -0.4800000000         0.8409517685       359.5839519876      -555.7246855981 
        2.1100000000        -0.4800000000         0.8435007200       359.9509515781      -551.9202803953 
        2.1150000000        -0.4800000000         0.8587944289       360.5014509639      -529.0938491783 
        2.1200000000        -0.4800000000         0.8409517685       359.7674517829      -555.7246855981 
        2.1250000000        -0.4800000000         0.8536965259       357.3819544446      -536.7026595839 
        2.1300000000        -0.4800000000         0.8384028170       354.6294575159      -559.5290908009 
        2.1350000000        -0.4800000000         0.8333049140       351.1429614062      -567.1379012066 
        2.1400001000        -0.4800000000         0.8435007200       348.7574640680      -551.9202803953 
        2.1450000000        -0.4800000000         0.8562454774       345.8214673440      -532.8982543811 
        2.1500000000        -0.4800000000         0.8409517685       343.4359700057      -555.7246855981 
        2.1550000000        -0.4800000000         0.8460496714       340.3164734865      -548.1158751924 
        2.1600000000        -0.4800000000         0.8460496714       336.8299773768      -548.1158751924 
        2.1650000000        -0.4800000000         0.8460496714       334.9949794243      -548.1158751924 
        2.1700000000        -0.4800000000         0.8435007200       330.9579839289      -551.9202803953 
        2.1750000000        -0.4800000000         0.8435007200       328.5724865906      -551.9202803953 
        2.1800001000        -0.4800000000         0.8282070110       325.6364898666      -574.7467116122 
        2.1850049000        -0.4800000000         0.8460496714       323.6179921189      -548.1158751924 
        2.1900000000        -0.4800000000         0.8460496714       319.9479962139      -548.1158751924 
        2.1950000000        -0.4800000000         0.8562454774       318.1129982615      -532.8982543811 
        2.2000000000        -0.4800000000         0.8409517685       314.9935017422      -555.7246855981 
        2.2050000000        -0.4800000000         0.8485986229       312.0575050183      -544.3114699896 
        2.2100000000        -0.4800000000         0.8333049140       309.1215082943      -567.1379012066 
        2.2150000000        -0.4800000000         0.8536965259       306.5525111608      -536.7026595839 
        2.2200000000        -0.4800000000         0.8358538655       303.2495148463      -563.3334960037 
        2.2250000000        -0.4800000000         0.8435007200       300.8640175081      -551.9202803953 
        2.2300000000        -0.4800000000         0.8536965259       298.2950203746      -536.7026595839 
        2.2350000000        -0.4800000000         0.8638923318       295.5425234459      -521.4850387726 
        2.2400000000        -0.4800000000         0.8435007200       292.7900265172      -551.9202803953 
        2.2450000000        -0.4800000000         0.8485986229       289.6705299979      -544.3114699896 
        2.2500000000        -0.4800000000         0.8613433804       287.6520322502      -525.2894439754 
        2.2550088000        -0.4800000000         0.8485986229       284.8995353215      -544.3114699896 
        2.2600000000        -0.4800000000         0.8485986229       281.7800388023      -544.3114699896 
        2.2650001000        -0.4800000000         0.8638923318       278.8440420783      -521.4850387726 
        2.2700000000        -0.4800000000         0.8562454774       276.6420445353      -532.8982543811 
        2.2750000000        -0.4800000000         0.8460496714       273.7060478113      -548.1158751924 
        2.2800000000        -0.4800000000         0.8435007200       270.5865512921      -551.9202803953 
        2.2850000000        -0.4800000000         0.8460496714       267.8340543634      -548.1158751924 
        2.2900000000        -0.4800000000         0.8409517685       264.8980576394      -555.7246855981 
        2.2950000000        -0.4800000000         0.8409517685       262.1455607107      -555.7246855981 
        2.3000008000        -0.4800000000         0.8638923318       260.4940625534      -521.4850387726 
        2.3050001000        -0.4800000000         0.8435007200       257.0075664437      -551.9202803953 
        2.3100000000        -0.4800000000         0.8511475744       255.3560682865      -540.5070647868 
        2.3150000000        -0.4800000000         0.8664412833       251.8695721767      -517.6806335698 
        2.3200000000        -0.4800000000         0.8485986229       249.3005750433      -544.3114699896 
        2.3250000000        -0.4800000000         0.8409517685       246.3645783193      -555.7246855981 
        2.3300000000        -0.4800000000         0.8587944289       244.3460805716      -529.0938491783 
        2.3350000000        -0.4800000000         0.8638923318       241.7770834381      -521.4850387726 
        2.3400000000        -0.4800000000         0.8511475744       238.2905873284      -540.5070647868 
        2.3450000000        -0.4800000000         0.8485986229       236.0885897854      -544.3114699896 
        2.3500000000        -0.4800000000         0.8562454774       233.3360928566      -532.8982543811 
        2.3550000000        -0.4800000000         0.8485986229       230.7670957232      -544.3114699896 
        2.3600000000        -0.4800000000         0.8485986229       228.7485979754      -544.3114699896 
        2.3650000000        -0.4800000000         0.8485986229       224.8951022752      -544.3114699896 
        2.3700000000        -0.4800000000         0.8435007200       222.8766045275      -551.9202803953 
        2.3750000000        -0.4800000000         0.8638923318       220.8581067797      -521.4850387726 
        2.3800000000        -0.4800000000         0.8511475744       217.7386102605      -540.5070647868 
        2.3850000000        -0.4800000000         0.8435007200       214.8026135365      -551.9202803953 
        2.3900001000        -0.4800000000         0.8485986229       211.8666168126      -544.3114699896 
        2.3950000000        -0.4800000000         0.8536965259       209.6646192696      -536.7026595839 
        2.4000000000        -0.4800000000         0.8562454774       207.0956221361      -532.8982543811 
        2.4050000000        -0.4800000000         0.8333049140       203.9761256169      -567.1379012066 
        2.4100000000        -0.4800000000         0.8536965259       201.5906282787      -536.7026595839 
        2.4150000000        -0.4800000000         0.8485986229       198.8381313499      -544.3114699896 
        2.4200000000        -0.4800000000         0.8562454774       197.3701329879      -532.8982543811 
        2.4250000000        -0.4800000000         0.8638923318       194.0671366735      -521.4850387726 
        2.4300001000        -0.4800000000         0.8587944289       192.0486389257      -529.0938491783 
        2.4350000000        -0.4800000000         0.8435007200       188.5621428160      -551.9202803953 
        2.4400000000        -0.4800000000         0.8613433804       186.9106446588      -525.2894439754 
        2.4450000000        -0.4800000000         0.8511475744       183.6076483443      -540.5070647868 
        2.4500000000        -0.4800000000         0.8536965259       180.8551514156      -536.7026595839 
        2.4550000000        -0.4800000000         0.8562454774       177.7356548963      -532.8982543811 
        2.4600000000        -0.4800000000         0.8587944289       175.5336573534      -529.0938491783 
        2.4650000000        -0.4800000000         0.8435007200       173.1481600151      -551.9202803953 
        2.4700000000        -0.4800000000         0.8409517685       170.0286634959      -555.7246855981 
        2.4750000000        -0.4800000000         0.8664412833       168.1936655434      -517.6806335698 
        2.4800000000        -0.4800000000         0.8384028170       165.0741690242      -559.5290908009 
        2.4850000000        -0.4800000000         0.8333049140       161.9546725050      -567.1379012066 
        2.4900000000        -0.4800000000         0.8485986229       159.2021755762      -544.3114699896 
        2.4950000000        -0.4800000000         0.8664412833       157.0001780333      -517.6806335698 
        2.5000000000        -0.4800000000         0.8333049140       154.6146806950      -567.1379012066 
        2.5050000000        -0.4800000000         0.8435007200       151.4951841758      -551.9202803953 
        2.5100000000        -0.4800000000         0.8485986229       148.9261870423      -544.3114699896 
        2.5150001000        -0.4800000000         0.8562454774       146.3571899089      -532.8982543811 
        2.5200000000        -0.4800000000         0.8409517685       143.7881927754      -555.7246855981 
        2.5250000000        -0.4800000000         0.8485986229       141.2191956419      -544.3114699896 
        2.5300000000        -0.4800000000         0.8562454774       138.4666987132      -532.8982543811 
        2.5350000000        -0.4800000000         0.8536965259       136.2647011702      -536.7026595839 
        2.5400000000        -0.4800000000         0.8409517685       132.9617048557      -555.7246855981 
        2.5450000000        -0.4800000000         0.8435007200       130.3927077222      -551.9202803953 
        2.5500000000        -0.4800000000         0.8435007200       127.8237105888      -551.9202803953 
        2.5550001000        -0.4800000000         0.8485986229       124.5207142743      -544.3114699896 
        2.5600000000        -0.4800000000         0.8460496714       122.5022165265      -548.1158751924 
        2.5650000000        -0.4800000000         0.8536965259       119.9332193931      -536.7026595839 
        2.5700000000        -0.4800000000         0.8536965259       116.9972226691      -536.7026595839 
        2.5750000000        -0.4800000000         0.8384028170       114.9787249214      -559.5290908009 
        2.5800000000        -0.4800000000         0.8511475744       112.0427281974      -540.5070647868 
        2.5850000000        -0.4800000000         0.8613433804       109.6572308591      -525.2894439754 
        2.5900000000        -0.4800000000         0.8282070110       106.1707347494      -574.7467116122 
        2.5950000000        -0.4800000000         0.8409517685       103.6017376159      -555.7246855981 
        2.6000000000        -0.4800000000         0.8587944289       100.4822410967      -529.0938491783 
        2.6050000000        -0.4800000000         0.8587944289        99.1977425300      -529.0938491783 
        2.6100000000        -0.4800000000         0.8333049140        95.8947462155      -567.1379012066 
        2.6150000000        -0.4800000000         0.8536965259        93.1422492868      -536.7026595839 
        2.6200000000        -0.4800000000         0.8409517685        90.3897523581      -555.7246855981 
        2.6250000000        -0.4800000000         0.8460496714        88.0042550198      -548.1158751924 
        2.6300000000        -0.4800000000         0.8384028170        85.4352578863      -559.5290908009 
        2.6350000000        -0.4800000000         0.8460496714        82.4992611624      -548.1158751924 
        2.6400001000        -0.4800000000         0.8358538655        80.1137638241      -563.3334960037 
        2.6450000000        -0.4800000000         0.8536965259        78.0952660764      -536.7026595839 
        2.6500000000        -0.4800000000         0.8409517685        74.7922697619      -555.7246855981 
        2.6550000000        -0.4800000000         0.8333049140        71.6727732427      -567.1379012066 
        2.6600000000        -0.4800000000         0.8409517685        69.1037761092      -555.7246855981 
        2.6650000000        -0.4800000000         0.8460496714        66.3512791805      -548.1158751924 
        2.6700000000        -0.4800000000         0.8333049140        63.7822820470      -567.1379012066 
        2.6750000000        -0.4800000000         0.8435007200        61.2132849135      -551.9202803953 
        2.6800001000        -0.4800000000         0.8435007200        58.2772881896      -551.9202803953 
        2.6850000000        -0.4800000000         0.8460496714        56.4422902371      -548.1158751924 
        2.6900000000        -0.4800000000         0.8333049140        53.5062935131      -567.1379012066 
        2.6950000000        -0.4800000000         0.8460496714        50.5702967891      -548.1158751924 
        2.7000000000        -0.4800000000         0.8435007200        48.0012996557      -551.9202803953 
        2.7050000000        -0.4800000000         0.8358538655        45.4323025222      -563.3334960037 
        2.7100000000        -0.4800000000         0.8384028170        41.9458064125      -559.5290908009 
        2.7150000000        -0.4800000000         0.8307559625        39.9273086647      -570.9423064094 
        2.7200000000        -0.4800000000         0.8511475744        37.5418113265      -540.5070647868 
        2.7250000000        -0.4800000000         0.8435007200        34.2388150120      -551.9202803953 
        2.7300000000        -0.4800000000         0.8333049140        31.1193184928      -567.1379012066 
        2.7350000000        -0.4800000000         0.8333049140        28.7338211546      -567.1379012066 
        2.7400000000        -0.4800000000         0.8435007200        26.1648240211      -551.9202803953 
        2.7450000000        -0.4800000000         0.8460496714        22.6783279114      -548.1158751924 
        2.7500000000        -0.4800000000         0.8333049140        20.4763303684      -567.1379012066 
        2.7550000000        -0.4800000000         0.8358538655        17.1733340539      -563.3334960037 
        2.7600000000        -0.4800000000         0.8358538655        14.4208371252      -563.3334960037 
        2.7650001000        -0.4800000000         0.8333049140        11.4848404012      -567.1379012066 
        2.7700000000        -0.4800000000         0.8435007200         9.0993430630      -551.9202803953 
        2.7750000000        -0.4800000000         0.8282070110         5.7963467485      -574.7467116122 
        2.7800000000        -0.4800000000         0.8460496714         3.9613487960      -548.1158751924 
        2.7850000000        -0.4800000000         0.8409517685         0.6583524815      -555.7246855981 
        2.7900044000        -0.4800000000         0.8282070110        -0.4426462900      -574.7467116122 
        2.7950000000        -0.4800000000         0.8333049140        -0.4426462900      -567.1379012066 
        2.8000000000        -0.4800000000         0.8384028170        -0.4426462900      -559.5290908009 
        2.8050001000        -0.4800000000         0.8435007200        79.1962648479      -551.9202803953 
        2.8100000000        -0.4800000000         0.8358538655       359.4004521924      -563.3334960037 
        2.8150000000        -0.4800000000         0.8307559625       359.4004521924      -570.9423064094 
        2.8200000000        -0.4800000000         0.8435007200       359.9509515781      -551.9202803953 
        2.8250000000        -0.4800000000         0.8435007200       359.9509515781      -551.9202803953 
        2.8300000000        -0.4800000000         0.8358538655       357.7489540351      -563.3334960037 
        2.8350000000        -0.4800000000         0.8409517685       354.0789581302      -555.7246855981 
        2.8400000000        -0.4800000000         0.8333049140       351.6934607919      -567.1379012066 
        2.8450000000        -0.4800000000         0.8435007200       349.1244636585      -551.9202803953 
        2.8500000000        -0.4800000000         0.8409517685       345.2709679582      -555.7246855981 
        2.8550000000        -0.4800000000         0.8435007200       343.0689704153      -551.9202803953 
        2.8600000000        -0.4800000000         0.8358538655       339.5824743055      -563.3334960037 
        2.8650000000        -0.4800000000         0.8536965259       337.9309761483      -536.7026595839 
        2.8700000000        -0.4800000000         0.8358538655       334.4444800386      -563.3334960037 
        2.8750000000        -0.4800000000         0.8333049140       330.9579839289      -567.1379012066 
        2.8800011000        -0.4800000000         0.8536965259       329.1229859764      -536.7026595839 
        2.8850000000        -0.4800000000         0.8282070110       325.4529900714      -574.7467116122 
        2.8900001000        -0.4800000000         0.8435007200       322.3334935522      -551.9202803953 
        2.8950000000        -0.4800000000         0.8154622536       319.9479962139      -593.7687376264 
        2.9000000000        -0.4800000000         0.8409517685       316.8284996947      -555.7246855981 
        2.9050000000        -0.4800000000         0.8409517685       314.4430023565      -555.7246855981 
        2.9100000000        -0.4800000000         0.8435007200       311.6905054278      -551.9202803953 
        2.9150000000        -0.4800000000         0.8307559625       308.7545087038      -570.9423064094 
        2.9200000000        -0.4800000000         0.8587944289       306.7360109560      -529.0938491783 
        2.9250000000        -0.4800000000         0.8485986229       303.0660150511      -544.3114699896 
        2.9300001000        -0.4800000000         0.8256580595       300.4970179176      -578.5511168151 
        2.9350000000        -0.4800000000         0.8485986229       297.7445209889      -544.3114699896 
        2.9400000000        -0.4800000000         0.8384028170       294.9920240601      -559.5290908009 
        2.9450000000        -0.4800000000         0.8384028170       291.5055279504      -559.5290908009 
        2.9500000000        -0.4800000000         0.8358538655       288.7530310217      -563.3334960037 
        2.9550000000        -0.4800000000         0.8435007200       286.3675336835      -551.9202803953 
        2.9600000000        -0.4800000000         0.8460496714       283.0645373690      -548.1158751924 
        2.9650000000        -0.4800000000         0.8435007200       280.8625398260      -551.9202803953 
        2.9700000000        -0.4800000000         0.8460496714       277.9265431020      -548.1158751924 
        2.9750000000        -0.4800000000         0.8435007200       275.1740461733      -551.9202803953 
        2.9800000000        -0.4800000000         0.8333049140       272.4215492446      -567.1379012066 
        2.9850000000        -0.4800000000         0.8485986229       269.8525521111      -544.3114699896 
        2.9900000000        -0.4800000000         0.8333049140       266.7330555919      -567.1379012066 
        2.9950000000        -0.4800000000         0.8384028170       263.7970588679      -559.5290908009 
        3.0000000000        -0.4800000000         0.8485986229       261.2280617344      -544.3114699896 
        3.0050000000        -0.4800000000         0.8435007200       259.2095639867      -551.9202803953 
        3.0100050000        -0.4800000000         0.8562454774       256.6405668532      -532.8982543811 
        3.0150001000        -0.4800000000         0.8460496714       254.0715697197      -548.1158751924 
        3.0200000000        -0.4800000000         0.8460496714       250.7685734053      -548.1158751924 
        3.0250000000        -0.4800000000         0.8435007200       248.0160764765      -551.9202803953 
        3.0300000000        -0.4800000000         0.8536965259       245.8140789335      -536.7026595839 
        3.0350000000        -0.4800000000         0.8613433804       242.6945824143      -525.2894439754 
        3.0400000000        -0.4800000000         0.8460496714       240.1255852808      -548.1158751924 
        3.0450000000        -0.4800000000         0.8384028170       237.3730883521      -559.5290908009 
        3.0500000000        -0.4800000000         0.8587944289       234.2535918329      -529.0938491783 
        3.0550001000        -0.4800000000         0.8435007200       232.2350940852      -551.9202803953 
        3.0600000000        -0.4800000000         0.8536965259       229.6660969517      -536.7026595839 
        3.0650000000        -0.4800000000         0.8485986229       226.7301002277      -544.3114699896 
        3.0700000000        -0.4800000000         0.8562454774       223.6106037085      -532.8982543811 
        3.0750000000        -0.4800000000         0.8435007200       221.0416065750      -551.9202803953 
        3.0800000000        -0.4800000000         0.8435007200       218.1056098510      -551.9202803953 
        3.0850000000        -0.4800000000         0.8638923318       216.6376114890      -521.4850387726 
        3.0900000000        -0.4800000000         0.8485986229       214.0686143556      -544.3114699896 
        3.0950000000        -0.4800000000         0.8460496714       210.3986184506      -548.1158751924 
        3.1000000000        -0.4800000000         0.8384028170       207.6461215219      -559.5290908009 
        3.1050000000        -0.4800000000         0.8435007200       205.2606241836      -551.9202803953 
        3.1100000000        -0.4800000000         0.8562454774       203.7926258216      -532.8982543811 
        3.1150000000        -0.4800000000         0.8460496714       200.1226299167      -548.1158751924 
        3.1200000000        -0.4800000000         0.8460496714       198.1041321689      -548.1158751924 
        3.1250000000        -0.4800000000         0.8460496714       194.9846356497      -548.1158751924 
        3.1300000000        -0.4800000000         0.8485986229       192.4156385162      -544.3114699896 
        3.1350000000        -0.4800000000         0.8587944289       190.3971407685      -529.0938491783 
        3.1400001000        -0.4800000000         0.8384028170       186.7271448635      -559.5290908009 
        3.1450000000        -0.4800000000         0.8613433804       184.5251473205      -525.2894439754 
        3.1500000000        -0.4800000000         0.8511475744       182.3231497776      -540.5070647868 
        3.1550000000        -0.4800000000         0.8435007200       179.3871530536      -551.9202803953 
        3.1600000000        -0.4800000000         0.8638923318       176.6346561249      -521.4850387726 
        3.1650000000        -0.4800000000         0.8562454774       174.4326585819      -532.8982543811 
        3.1700000000        -0.4800000000         0.8536965259       170.7626626769      -536.7026595839 
        3.1750000000        -0.4800000000         0.8409517685       168.1936655434      -555.7246855981 
        3.1800001000        -0.4800000000         0.8638923318       166.1751677957      -521.4850387726 
        3.1850000000        -0.4800000000         0.8485986229       163.6061706622      -544.3114699896 
        3.1900000000        -0.4800000000         0.8485986229       160.6701739382      -544.3114699896 
        3.1950000000        -0.4800000000         0.8511475744       157.7341772143      -540.5070647868 
        3.2000000000        -0.4800000000         0.8435007200       155.8991792618      -551.9202803953 
        3.2050000000        -0.4800000000         0.8562454774       152.7796827425      -532.8982543811 
        3.2100000000        -0.4800000000         0.8485986229       150.2106856091      -544.3114699896 
        3.2150000000        -0.4800000000         0.8409517685       147.4581886803      -555.7246855981 
        3.2200000000        -0.4800000000         0.8536965259       144.5221919564      -536.7026595839 
        3.2250000000        -0.4800000000         0.8358538655       141.5861952324      -563.3334960037 
        3.2300000000        -0.4800000000         0.8460496714       139.2006978942      -548.1158751924 
        3.2350000000        -0.4800000000         0.8536965259       136.8152005559      -536.7026595839 
        3.2400000000        -0.4800000000         0.8587944289       134.2462034225      -529.0938491783 
        3.2450000000        -0.4800000000         0.8613433804       132.2277056747      -525.2894439754 
        3.2500000000        -0.4800000000         0.8333049140       128.9247093602      -567.1379012066 
        3.2550000000        -0.4800000000         0.8562454774       125.8052128410      -532.8982543811 
        3.2600000000        -0.4800000000         0.8638923318       124.1537146838      -521.4850387726 
        3.2650001000        -0.4800000000         0.8384028170       121.5847175503      -559.5290908009 
        3.2700020000        -0.4800000000         0.8664412833       118.2817212358      -517.6806335698 
        3.2750000000        -0.4800000000         0.8409517685       115.7127241024      -555.7246855981 
        3.2800000000        -0.4800000000         0.8485986229       113.1437269689      -544.3114699896 
        3.2850000000        -0.4800000000         0.8689902348       111.1252292211      -513.8762283670 
        3.2900000000        -0.4800000000         0.8333049140       107.6387331114      -567.1379012066 
        3.2950000000        -0.4800000000         0.8460496714       104.8862361827      -548.1158751924 
        3.3000000000        -0.4800000000         0.8562454774       102.3172390492      -532.8982543811 
        3.3050001000        -0.4800000000         0.8485986229        99.7482419157      -544.3114699896 
        3.3100000000        -0.4800000000         0.8358538655        97.5462443727      -563.3334960037 
        3.3150000000        -0.4800000000         0.8485986229        94.4267478535      -544.3114699896 
        3.3200000000        -0.4800000000         0.8511475744        91.8577507200      -540.5070647868 
        3.3250000000        -0.4800000000         0.8333049140        89.2887535866      -567.1379012066 
        3.3300000000        -0.4800000000         0.8613433804        87.4537556341      -525.2894439754 
        3.3350000000        -0.4800000000         0.8562454774        84.5177589101      -532.8982543811 
        3.3400000000        -0.4800000000         0.8358538655        82.1322615719      -563.3334960037 
        3.3450000000        -0.4800000000         0.8409517685        78.6457654622      -555.7246855981 
        3.3500000000        -0.4800000000         0.8562454774        76.6272677144      -532.8982543811 
        3.3550000000        -0.4800000000         0.8460496714        74.2417703762      -548.1158751924 
        3.3600000000        -0.4800000000         0.8384028170        71.3057736522      -559.5290908009 
        3.3650000000        -0.4800000000         0.8587944289        69.2872759045      -529.0938491783 
        3.3700000000        -0.4800000000         0.8613433804        66.5347789758      -525.2894439754 
        3.3750000000        -0.4800000000         0.8460496714        64.1492816375      -548.1158751924 
        3.3800000000        -0.4800000000         0.8409517685        60.8462853230      -555.7246855981 
        3.3850000000        -0.4800000000         0.8511475744        57.7267888038      -540.5070647868 
        3.3900001000        -0.4800000000         0.8358538655        54.9742918751      -563.3334960037 
        3.3950000000        -0.4800000000         0.8511475744        53.3227937179      -540.5070647868 
        3.4000024000        -0.4800000000         0.8485986229        50.2032971986      -544.3114699896 
        3.4050000000        -0.4800000000         0.8435007200        47.4508002699      -551.9202803953 
        3.4100000000        -0.4800000000         0.8460496714        44.8818031364      -548.1158751924 
        3.4150000000        -0.4800000000         0.8587944289        42.6798055934      -529.0938491783 
        3.4200000000        -0.4800000000         0.8435007200        39.3768092790      -551.9202803953 
        3.4250000000        -0.4800000000         0.8460496714        36.6243123502      -548.1158751924 
        3.4300052000        -0.4800000000         0.8485986229        33.5048158310      -544.3114699896 
        3.4350000000        -0.4800000000         0.8333049140        31.3028182880      -567.1379012066 
        3.4400000000        -0.4800000000         0.8511475744        28.5503213593      -540.5070647868 
        3.4450000000        -0.4800000000         0.8435007200        25.7978244306      -551.9202803953 
        3.4500000000        -0.4800000000         0.8358538655        22.8618277066      -563.3334960037 
        3.4550000000        -0.4800000000         0.8358538655        20.4763303684      -563.3334960037 
        3.4600000000        -0.4800000000         0.8460496714        16.9898342587      -548.1158751924 
        3.4650000000        -0.4800000000         0.8511475744        15.1548363062      -540.5070647868 
        3.4700000000        -0.4800000000         0.8384028170        11.6683401964      -559.5290908009 
        3.4750000000        -0.4800000000         0.8511475744         8.9158432677      -540.5070647868 
        3.4800000000        -0.4800000000         0.8485986229         6.1633463390      -544.3114699896 
        3.4850000000        -0.4800000000         0.8307559625         3.7778490008      -570.9423064094 
        3.4900000000        -0.4800000000         0.8435007200         0.4748526863      -551.9202803953 
        3.4950000000        -0.4800000000         0.8485986229         0.2913528910      -544.3114699896 
        3.5000000000        -0.4800000000         0.8333049140         0.1078530958      -567.1379012066 
        3.5050000000        -0.4800000000         0.8460496714         0.1078530958      -548.1158751924 
        3.5100000000        -0.4800000000         0.8435007200        79.7467642336      -551.9202803953 
        3.5150001000        -0.4800000000         0.8587944289       356.6479552636      -529.0938491783 
        3.5200000000        -0.4800000000         0.8384028170       359.5839519876      -559.5290908009 
        3.5250000000        -0.4800000000         0.8333049140       359.4004521924      -567.1379012066 
        3.5300000000        -0.4800000000         0.8460496714       359.9509515781      -548.1158751924 
        3.5350000000        -0.4800000000         0.8460496714       357.5654542399      -548.1158751924 
        3.5400000000        -0.4800000000         0.8460496714       355.1799569017      -548.1158751924 
        3.5450000000        -0.4800000000         0.8384028170       351.6934607919      -559.5290908009 
        3.5500000000        -0.4800000000         0.8460496714       348.3904644775      -548.1158751924 
        3.5550001000        -0.4800000000         0.8562454774       346.7389663202      -532.8982543811 
        3.5600000000        -0.4800000000         0.8333049140       343.2524702105      -567.1379012066 
        3.5650000000        -0.4800000000         0.8536965259       340.3164734865      -536.7026595839 
        3.5700000000        -0.4800000000         0.8460496714       337.3804767625      -548.1158751924 
        3.5750000000        -0.4800000000         0.8282070110       335.1784792196      -574.7467116122 
        3.5800000000        -0.4800000000         0.8460496714       332.0589827003      -548.1158751924 
        3.5850000000        -0.4800000000         0.8485986229       328.7559863859      -544.3114699896 
        3.5900000000        -0.4800000000         0.8333049140       325.6364898666      -567.1379012066 
        3.5950000000        -0.4800000000         0.8409517685       323.0674927332      -555.7246855981 
        3.6000000000        -0.4800000000         0.8435007200       320.3149958044      -551.9202803953 
        3.6050000000        -0.4800000000         0.8460496714       317.5624988757      -548.1158751924 
        3.6100000000        -0.4800000000         0.8409517685       314.2595025612      -555.7246855981 
        3.6150000000        -0.4800000000         0.8358538655       311.3235058373      -563.3334960037 
        3.6200000000        -0.4800000000         0.8409517685       309.1215082943      -555.7246855981 
        3.6250000000        -0.4800000000         0.8562454774       306.1855115703      -532.8982543811 
        3.6300000000        -0.4800000000         0.8485986229       303.6165144368      -544.3114699896 
        3.6350000000        -0.4800000000         0.8409517685       300.1300183271      -555.7246855981 
        3.6400001000        -0.4800000000         0.8409517685       297.7445209889      -555.7246855981 
        3.6450000000        -0.4800000000         0.8485986229       294.9920240601      -544.3114699896 
        3.6500000000        -0.4800000000         0.8358538655       292.4230269267      -563.3334960037 
        3.6550000000        -0.4800000000         0.8435007200       289.6705299979      -551.9202803953 
        3.6600000000        -0.4800000000         0.8384028170       286.0005340930      -559.5290908009 
        3.6650019000        -0.4800000000         0.8409517685       283.2480371642      -555.7246855981 
        3.6700000000        -0.4800000000         0.8485986229       281.5965390070      -544.3114699896 
        3.6750000000        -0.4800000000         0.8358538655       277.9265431020      -563.3334960037 
        3.6800001000        -0.4800000000         0.8435007200       275.5410457638      -551.9202803953 
        3.6850000000        -0.4800000000         0.8409517685       272.6050490398      -555.7246855981 
        3.6900000000        -0.4800000000         0.8460496714       270.5865512921      -548.1158751924 
        3.6950000000        -0.4800000000         0.8562454774       267.2835549776      -532.8982543811 
        3.7000000000        -0.4800000000         0.8205601566       263.9805586631      -586.1599272207 
        3.7050000000        -0.4800000000         0.8460496714       262.1455607107      -548.1158751924 
        3.7100000000        -0.4800000000         0.8409517685       259.0260641914      -555.7246855981 
        3.7150000000        -0.4800000000         0.8256580595       256.0900674675      -578.5511168151 
        3.7200000000        -0.4800000000         0.8485986229       253.3375705387      -544.3114699896 
        3.7250000000        -0.4800000000         0.8409517685       250.2180740195      -555.7246855981 
        3.7300000000        -0.4800000000         0.8485986229       247.4655770908      -544.3114699896 
        3.7350000000        -0.4800000000         0.8485986229       245.6305791383      -544.3114699896 
        3.7400000000        -0.4800000000         0.8562454774       243.2450818001      -532.8982543811 
        3.7450000000        -0.4800000000         0.8460496714       239.9420854856      -548.1158751924 
        3.7500000000        -0.4800000000         0.8435007200       237.1895885569      -551.9202803953 
        3.7550000000        -0.4800000000         0.8664412833       234.6205914234      -517.6806335698 
        3.7600000000        -0.4800000000         0.8435007200       232.4185938804      -551.9202803953 
        3.7650001000        -0.4800000000         0.8562454774       229.8495967469      -532.8982543811 
        3.7700000000        -0.4800000000         0.8511475744       226.1796008420      -540.5070647868 
        3.7750000000        -0.4800000000         0.8384028170       223.6106037085      -559.5290908009 
        3.7800000000        -0.4800000000         0.8562454774       221.7756057560      -532.8982543811 
        3.7850000000        -0.4800000000         0.8435007200       218.1056098510      -551.9202803953 
        3.7900000000        -0.4800000000         0.8384028170       215.5366127175      -559.5290908009 
        3.7950000000        -0.4800000000         0.8435007200       212.9676155841      -551.9202803953 
        3.8000000000        -0.4800000000         0.8460496714       210.9491178363      -548.1158751924 
        3.8050001000        -0.4800000000         0.8613433804       208.1966209076      -525.2894439754 
        3.8100000000        -0.4800000000         0.8358538655       205.4441239789      -563.3334960037 
        3.8150000000        -0.4800000000         0.8536965259       202.8751268454      -536.7026595839 
        3.8200000000        -0.4800000000         0.8562454774       199.7556303262      -532.8982543811 
        3.8250000000        -0.4800000000         0.8409517685       197.3701329879      -555.7246855981 
        3.8300000000        -0.4800000000         0.8613433804       195.3516352402      -525.2894439754 
        3.8350000000        -0.4800000000         0.8435007200       191.6816393352      -551.9202803953 
        3.8400000000        -0.4800000000         0.8435007200       189.2961419970      -551.9202803953 
        3.8450000000        -0.4800000000         0.8613433804       187.2776442493      -525.2894439754 
        3.8500000000        -0.4800000000         0.8460496714       184.1581477300      -548.1158751924 
        3.8550000000        -0.4800000000         0.8536965259       181.9561501871      -536.7026595839 
        3.8600000000        -0.4800000000         0.8409517685       178.8366536678      -555.7246855981 
        3.8650000000        -0.4800000000         0.8536965259       176.6346561249      -536.7026595839 
        3.8700000000        -0.4800000000         0.8333049140       172.9646602199      -567.1379012066 
        3.8750000000        -0.4800000000         0.8511475744       171.1296622674      -540.5070647868 
        3.8800000000        -0.4800000000         0.8613433804       168.7441649292      -525.2894439754 
        3.8850000000        -0.4800000000         0.8435007200       165.4411686147      -551.9202803953 
        3.8900001000        -0.4800000000         0.8333049140       162.3216720955      -567.1379012066 
        3.8950000000        -0.4800000000         0.8613433804       160.4866741430      -525.2894439754 
        3.9000000000        -0.4800000000         0.8536965259       157.7341772143      -536.7026595839 
        3.9050000000        -0.4800000000         0.8435007200       154.7981804903      -551.9202803953 
        3.9100000000        -0.4800000000         0.8358538655       152.5961829473      -563.3334960037 
        3.9150000000        -0.4800000000         0.8613433804       149.8436860186      -525.2894439754 
        3.9200000000        -0.4800000000         0.8333049140       146.1736901136      -567.1379012066 
        3.9250000000        -0.4800000000         0.8358538655       144.1551923659      -563.3334960037 
        3.9300001000        -0.4800000000         0.8435007200       141.4026954371      -551.9202803953 
        3.9350000000        -0.4800000000         0.8409517685       138.4666987132      -555.7246855981 
        3.9400000000        -0.4800000000         0.8511475744       136.4482009654      -540.5070647868 
        3.9450000000        -0.4800000000         0.8358538655       133.1452046510      -563.3334960037 
        3.9500000000        -0.4800000000         0.8358538655       130.3927077222      -563.3334960037 
        3.9550000000        -0.4800000000         0.8562454774       127.6402107935      -532.8982543811 
        3.9600000000        -0.4800000000         0.8409517685       124.5207142743      -555.7246855981 
        3.9650000000        -0.4800000000         0.8358538655       122.6857163218      -563.3334960037 
        3.9700000000        -0.4800000000         0.8409517685       119.1992202121      -555.7246855981 
        3.9750000000        -0.4800000000         0.8613433804       117.3642222596      -525.2894439754 
        3.9800000000        -0.4800000000         0.8180112051       113.6942263546      -589.9643324235 
        3.9850000000        -0.4800000000         0.8485986229       111.8592284021      -544.3114699896 
        3.9900000000        -0.4800000000         0.8613433804       108.7397318829      -525.2894439754 
        3.9950000000        -0.4800000000         0.8333049140       105.9872349542      -567.1379012066 
