           Time[sec]           V_{cmd}[V]          V_{gyro}[V]          \theta[deg] \omega_{gyro}[deg/sec] 
        0.0000000000         2.9700000000         1.2054518309       206.7286225456       -11.6338711103 
        0.0050000000         2.9700000000         1.2207455399       207.6461215219        11.1925601067 
        0.0100000000         2.9700000000         1.2130986854       207.4626217266        -0.2206555018 
        0.0150000000         2.9700000000         1.2207455399       207.2791219314        11.1925601067 
        0.0200000000         2.9700000000         1.2080007824       206.7286225456        -7.8294659074 
        0.0250000000         2.9700000000         1.2309413458       207.6461215219        26.4101809180 
        0.0300000000         2.9700000000         1.3379973082       207.6461215219       186.1951994369 
        0.0350000000         2.9700000000         1.2844693270       208.5636204981       106.3026901774 
        0.0400000000         2.9700000000         1.2895672300       208.9306200886       113.9115005831 
        0.0450000000         2.9700000000         1.2997630359       209.2976196791       129.1291213944 
        0.0500000000         2.9700000000         1.3048609389       210.5821182458       136.7379318001 
        0.0550000000         2.9700000000         1.3227035993       211.4996172221       163.3687682199 
        0.0600000000         2.9700000000         1.3227035993       211.3161174268       163.3687682199 
        0.0650000000         2.9700000000         1.3150567448       213.1511153793       151.9555526114 
        0.0700000000         2.9700000000         1.3278015023       213.3346151746       170.9775786255 
        0.0750000000         2.9700000000         1.3354483567       214.6191137413       182.3907942340 
        0.0800000000         2.9700000000         1.3227035993       214.6191137413       163.3687682199 
        0.0850000000         2.9700000000         1.3456441627       216.0871121033       197.6084150453 
        0.0900000000         2.9700000000         1.3303504538       216.4541116938       174.7819838284 
        0.0950000000         2.9700000000         1.3430952112       217.7386102605       193.8040098425 
        0.1000000000         2.9700000000         1.3354483567       218.4726094415       182.3907942340 
        0.1050000000         2.9700000000         1.3456441627       219.7571080083       197.6084150453 
        0.1100075000         2.9700000000         1.3532910171       220.8581067797       209.0216306538 
        0.1150000000         2.9700000000         1.3481931142       222.3261051417       201.4128202482 
        0.1200000000         2.9700000000         1.3558399686       222.8766045275       212.8260358567 
        0.1250000000         2.9700000000         1.3405462597       223.4271039132       189.9996046397 
        0.1300000000         2.9700000000         1.3609378716       224.3446028895       220.4348462623 
        0.1350000000         2.9700000000         1.3558399686       225.8126012515       212.8260358567 
        0.1400000000         2.9700000000         1.3583889201       226.5466004324       216.6304410595 
        0.1450000000         2.9700000000         1.3609378716       228.1980985897       220.4348462623 
        0.1500000000         2.9700000000         1.3532910171       228.7485979754       209.0216306538 
        0.1550000000         2.9700000000         1.3634868231       230.7670957232       224.2392514652 
        0.1600000000         2.9700000000         1.3711336775       231.3175951089       235.6524670736 
        0.1650000000         2.9700000000         1.3762315805       232.9690932661       243.2612774793 
        0.1700000000         2.9700000000         1.3558399686       233.3360928566       212.8260358567 
        0.1750000000         2.9700000000         1.3762315805       234.9875910139       243.2612774793 
        0.1800001000         2.9700000000         1.3762315805       236.2720895806       243.2612774793 
        0.1850000000         2.9700000000         1.3660357746       236.6390891711       228.0436566680 
        0.1900000000         2.9700000000         1.3813294835       238.4740871236       250.8700878850 
        0.1950000000         2.9700000000         1.3583889201       239.5750858951       216.6304410595 
        0.2000000000         2.9700000000         1.3864273864       241.4100838476       258.4788982906 
        0.2050000000         2.9700000000         1.3762315805       242.5110826191       243.2612774793 
        0.2100001000         2.9700000000         1.3940742409       243.6120813906       269.8921138991 
        0.2150049000         2.9700000000         1.3889763379       244.3460805716       262.2833034934 
        0.2200000000         2.9700000000         1.3736826290       245.2635795478       239.4568722765 
        0.2250000000         2.9700000000         1.3864273864       247.4655770908       258.4788982906 
        0.2300000000         2.9700000000         1.3762315805       247.8325766813       243.2612774793 
        0.2350000000         2.9700000000         1.3813294835       249.4840748385       250.8700878850 
        0.2400000000         2.9700000000         1.3838784350       251.3190727910       254.6744930878 
        0.2450000000         2.9700000000         1.3838784350       252.2365717672       254.6744930878 
        0.2500000000         2.9700000000         1.3864273864       253.1540707435       258.4788982906 
        0.2550000000         2.9700000000         1.3940742409       255.1725684912       269.8921138991 
        0.2600000000         2.9700000000         1.3889763379       255.7230678770       262.2833034934 
        0.2650000000         2.9700000000         1.3889763379       257.3745660342       262.2833034934 
        0.2700000000         2.9700000000         1.3966231924       258.6590646009       273.6965191019 
        0.2750000000         2.9700000000         1.3915252894       259.7600633724       266.0877086963 
        0.2800000000         2.9700000000         1.3991721439       261.5950613249       277.5009243048 
        0.2850000000         2.9700000000         1.3940742409       262.6960600964       269.8921138991 
        0.2900001000         2.9700000000         1.3838784350       263.4300592774       254.6744930878 
        0.2950000000         2.9700000000         1.3889763379       264.8980576394       262.2833034934 
        0.3000000000         2.9700000000         1.4017210954       267.2835549776       281.3053295076 
        0.3050000000         2.9700000000         1.3838784350       267.8340543634       254.6744930878 
        0.3100000000         2.9700000000         1.3966231924       269.3020527254       273.6965191019 
        0.3150000000         2.9700000000         1.3940742409       270.7700510873       269.8921138991 
        0.3200000000         2.9700000000         1.3915252894       272.2380494493       266.0877086963 
        0.3250000000         2.9700000000         1.3966231924       273.7060478113       273.6965191019 
        0.3300000000         2.9700000000         1.3966231924       274.9905463781       273.6965191019 
        0.3350000000         2.9700000000         1.3966231924       276.2750449448       273.6965191019 
        0.3400000000         2.9700000000         1.3966231924       277.1925439210       273.6965191019 
        0.3450000000         2.9700000000         1.4119169013       279.5780412593       296.5229503189 
        0.3500001000         2.9700000000         1.4042700468       280.4955402355       285.1097347104 
        0.3550000000         2.9700000000         1.4042700468       281.9635385975       285.1097347104 
        0.3600000000         2.9700000000         1.4042700468       283.7985365500       285.1097347104 
        0.3650000000         2.9700000000         1.4042700468       284.8995353215       285.1097347104 
        0.3700000000         2.9700000000         1.4093679498       286.1840338882       292.7185451161 
        0.3750000000         2.9700000000         1.4068189983       287.6520322502       288.9141399133 
        0.3800000000         2.9700000000         1.3991721439       289.6705299979       277.5009243048 
        0.3850000000         2.9700000000         1.3966231924       289.8540297932       273.6965191019 
        0.3900000000         2.9700000000         1.3991721439       292.4230269267       277.5009243048 
        0.3950000000         2.9700000000         1.4042700468       293.3405259029       285.1097347104 
        0.4000000000         2.9700000000         1.3991721439       294.9920240601       277.5009243048 
        0.4050000000         2.9700000000         1.4042700468       296.4600224221       285.1097347104 
        0.4100000000         2.9700000000         1.4042700468       297.3775213984       285.1097347104 
        0.4150001000         2.9700000000         1.4144658528       299.7630187366       300.3273555217 
        0.4200001000         2.9700000000         1.4017210954       300.6805177128       281.3053295076 
        0.4250000000         2.9700000000         1.4144658528       302.3320158701       300.3273555217 
        0.4300000000         2.9700000000         1.4119169013       303.8000142321       296.5229503189 
        0.4350000000         2.9700000000         1.4119169013       305.4515123893       296.5229503189 
        0.4400000000         2.9700000000         1.4144658528       307.2865103418       300.3273555217 
        0.4450000000         2.9700000000         1.4093679498       307.4700101370       292.7185451161 
        0.4500000000         2.9700000000         1.4042700468       309.6720076800       285.1097347104 
        0.4550000000         2.9700000000         1.4144658528       311.3235058373       300.3273555217 
        0.4600000000         2.9700000000         1.4093679498       312.2410048135       292.7185451161 
        0.4650000000         2.9700000000         1.4170148043       314.2595025612       304.1317607246 
        0.4700000000         2.9700000000         1.4017210954       315.3605013327       281.3053295076 
        0.4750001000         2.9700000000         1.4144658528       317.1954992852       300.3273555217 
        0.4800000000         2.9700000000         1.4068189983       318.2964980567       288.9141399133 
        0.4850000000         2.9700000000         1.4246616587       319.5809966234       315.5449763331 
        0.4900000000         2.9700000000         1.4119169013       321.9664939617       296.5229503189 
        0.4950000000         2.9700000000         1.4144658528       323.4344923237       300.3273555217 
        0.5000000000         2.9700000000         1.4068189983       324.9024906856       288.9141399133 
        0.5050000000         2.9700000000         1.4170148043       325.8199896619       304.1317607246 
        0.5100000000         2.9700000000         1.4093679498       327.6549876144       292.7185451161 
        0.5150000000         2.9700000000         1.4221127072       330.2239847479       311.7405711302 
        0.5200000000         2.9700000000         1.4195637558       331.6919831098       307.9361659274 
        0.5250000000         2.9700000000         1.4272106102       333.5269810623       319.3493815359 
        0.5300000000         2.9700000000         1.3991721439       334.0774804481       277.5009243048 
        0.5350000000         2.9700000000         1.4170148043       336.4629777863       304.1317607246 
        0.5400000000         2.9700000000         1.4272106102       337.5639765578       319.3493815359 
        0.5450000000         2.9700000000         1.4170148043       339.7659741008       304.1317607246 
        0.5500000000         2.9700000000         1.4246616587       341.0504726675       315.5449763331 
        0.5550000000         2.9700000000         1.4246616587       342.5184710295       315.5449763331 
        0.5600000000         2.9700000000         1.4170148043       343.6194698010       304.1317607246 
        0.5650000000         2.9700000000         1.4246616587       346.0049671392       315.5449763331 
        0.5700001000         2.9700000000         1.4195637558       346.9224661155       307.9361659274 
        0.5750000000         2.9700000000         1.4119169013       348.9409638632       296.5229503189 
        0.5800001000         2.9700000000         1.4119169013       350.0419626347       296.5229503189 
        0.5850000000         2.9700000000         1.4221127072       352.6109597682       311.7405711302 
        0.5900000000         2.9700000000         1.4246616587       353.5284587444       315.5449763331 
        0.5950000000         2.9700000000         1.4195637558       355.5469564922       307.9361659274 
        0.6000000000         2.9700000000         1.4246616587       357.5654542399       315.5449763331 
        0.6050000000         2.9700000000         1.4144658528       358.1159536256       300.3273555217 
        0.6100000000         2.9700000000         1.4272106102       360.3179511686       319.3493815359 
        0.6150000000         2.9700000000         1.4323085132       360.3179511686       326.9581919415 
        0.6200000000         2.9700000000         1.4144658528       359.7674517829       300.3273555217 
        0.6250000000         2.9700000000         1.4297595617       360.6849507591       323.1537867387 
        0.6300000000         2.9700000000         1.4170148043       359.9509515781       304.1317607246 
        0.6350000000         2.9700000000         1.4221127072       359.4004521924       311.7405711302 
        0.6400000000         2.9700000000         1.4170148043        79.9302640289       304.1317607246 
        0.6450000000         2.9700000000         1.4170148043        79.1962648479       304.1317607246 
        0.6500000000         2.9700000000         1.4170148043        79.7467642336       304.1317607246 
        0.6550000000         2.9700000000         1.4348574647         0.6583524815       330.7625971444 
        0.6600000000         2.9700000000         1.4093679498        -0.2591464947       292.7185451161 
        0.6650000000         2.9700000000         1.4195637558        -0.0756466995       307.9361659274 
        0.6700000000         2.9700000000         1.4323085132         0.2913528910       326.9581919415 
        0.6750000000         2.9700000000         1.4221127072         0.6583524815       311.7405711302 
        0.6800000000         2.9700000000         1.4144658528         0.2913528910       300.3273555217 
        0.6850000000         2.9700000000         1.4144658528         1.9428510483       300.3273555217 
        0.6900000000         2.9700000000         1.4144658528         3.0438498198       300.3273555217 
        0.6950001000         2.9700000000         1.4195637558         4.3283483865       307.9361659274 
        0.7000000000         2.9700000000         1.4195637558         7.0808453152       307.9361659274 
        0.7050001000         2.9700000000         1.4170148043         7.8148444962       304.1317607246 
        0.7100000000         2.9700000000         1.4195637558         9.4663426535       307.9361659274 
        0.7150000000         2.9700000000         1.4170148043        10.9343410155       304.1317607246 
        0.7200000000         2.9700000000         1.4068189983        12.5858391727       288.9141399133 
        0.7250000000         2.9700000000         1.4348574647        14.0538375347       330.7625971444 
        0.7300000000         2.9700000000         1.4195637558        16.4393348729       307.9361659274 
        0.7350000000         2.9700000000         1.4042700468        16.9898342587       285.1097347104 
        0.7400000000         2.9700000000         1.4272106102        18.8248322111       319.3493815359 
        0.7450000000         2.9700000000         1.4170148043        20.6598301636       304.1317607246 
        0.7500000000         2.9700000000         1.4042700468        21.5773291399       285.1097347104 
        0.7550000000         2.9700000000         1.4272106102        23.4123270924       319.3493815359 
        0.7600000000         2.9700000000         1.4195637558        25.7978244306       307.9361659274 
        0.7650000000         2.9700000000         1.4170148043        26.7153234068       304.1317607246 
        0.7700000000         2.9700000000         1.4119169013        27.8163221783       296.5229503189 
        0.7750000000         2.9700000000         1.4144658528        29.6513201308       300.3273555217 
        0.7800000000         2.9700000000         1.4093679498        31.3028182880       292.7185451161 
        0.7850000000         2.9700000000         1.4246616587        32.2203172643       315.5449763331 
        0.7900000000         2.9700000000         1.4144658528        34.6058146025       300.3273555217 
        0.7950000000         2.9700000000         1.4170148043        35.5233135788       304.1317607246 
        0.8000000000         2.9700000000         1.4170148043        37.1748117360       304.1317607246 
        0.8050000000         2.9700000000         1.4144658528        38.6428100980       300.3273555217 
        0.8100000000         2.9700000000         1.4093679498        39.3768092790       292.7185451161 
        0.8150000000         2.9700000000         1.4246616587        41.9458064125       315.5449763331 
        0.8200001000         2.9700000000         1.3991721439        42.6798055934       277.5009243048 
        0.8250000000         2.9700000000         1.4195637558        45.2488027269       307.9361659274 
        0.8300001000         2.9700000000         1.4093679498        45.9828019079       292.7185451161 
        0.8350001000         2.9700000000         1.4068189983        47.6343000652       288.9141399133 
        0.8400000000         2.9700000000         1.4119169013        48.3682992461       296.5229503189 
        0.8450000000         2.9700000000         1.4221127072        50.7537965844       311.7405711302 
        0.8500000000         2.9700000000         1.4017210954        51.8547953559       281.3053295076 
        0.8550000000         2.9700000000         1.4195637558        53.5062935131       307.9361659274 
        0.8600000000         2.9700000000         1.4093679498        54.7907920798       292.7185451161 
        0.8650000000         2.9700000000         1.4170148043        56.8092898276       304.1317607246 
        0.8700000000         2.9700000000         1.4221127072        57.7267888038       311.7405711302 
        0.8750000000         2.9700000000         1.4093679498        59.1947871658       292.7185451161 
        0.8800000000         2.9700000000         1.4170148043        61.0297851183       304.1317607246 
        0.8850000000         2.9700000000         1.4068189983        61.9472840945       288.9141399133 
        0.8900000000         2.9700000000         1.4170148043        63.7822820470       304.1317607246 
        0.8950000000         2.9700000000         1.4170148043        65.4337802043       304.1317607246 
        0.9000000000         2.9700000000         1.4144658528        66.5347789758       300.3273555217 
        0.9050000000         2.9700000000         1.4195637558        68.3697769282       307.9361659274 
        0.9100000000         2.9700000000         1.4068189983        69.8377752902       288.9141399133 
        0.9150000000         2.9700000000         1.4144658528        70.3882746760       300.3273555217 
        0.9200000000         2.9700000000         1.4272106102        72.7737720142       319.3493815359 
        0.9250000000         2.9700000000         1.4170148043        74.0582705809       304.1317607246 
        0.9300000000         2.9700000000         1.4144658528        74.7922697619       300.3273555217 
        0.9350000000         2.9700000000         1.4170148043        76.6272677144       304.1317607246 
        0.9400000000         2.9700000000         1.4195637558        78.2787658717       307.9361659274 
        0.9450001000         2.9700000000         1.4170148043        79.9302640289       304.1317607246 
        0.9500000000         2.9700000000         1.4170148043        80.4807634146       304.1317607246 
        0.9550001000         2.9700000000         1.4144658528        82.4992611624       300.3273555217 
        0.9600001000         2.9700000000         1.4170148043        83.4167601386       304.1317607246 
        0.9650000000         2.9700000000         1.4068189983        85.8022574768       288.9141399133 
        0.9700000000         2.9700000000         1.4119169013        86.3527568626       296.5229503189 
        0.9750000000         2.9700000000         1.4042700468        88.0042550198       285.1097347104 
        0.9800000000         2.9700000000         1.4195637558        89.6557531771       307.9361659274 
        0.9850000000         2.9700000000         1.4195637558        91.6742509248       307.9361659274 
        0.9900000000         2.9700000000         1.4144658528        92.5917499010       300.3273555217 
        0.9950000000         2.9700000000         1.4246616587        94.0597482630       315.5449763331 
        1.0000000000         2.9700000000         1.4144658528        95.5277466250       300.3273555217 
        1.0050000000         2.9700000000         1.4272106102        96.9957449870       319.3493815359 
        1.0100001000         2.9700000000         1.4119169013        97.9132439632       296.5229503189 
        1.0150000000         2.9700000000         1.4297595617       100.4822410967       323.1537867387 
        1.0200000000         2.9700000000         1.4119169013       100.6657408920       296.5229503189 
        1.0250000000         2.9700000000         1.4144658528       102.3172390492       300.3273555217 
        1.0300000000         2.9700000000         1.4272106102       104.8862361827       319.3493815359 
        1.0350000000         2.9700000000         1.4042700468       105.0697359779       285.1097347104 
        1.0400000000         2.9700000000         1.4246616587       107.6387331114       315.5449763331 
        1.0450000000         2.9700000000         1.4170148043       108.0057327019       304.1317607246 
        1.0500000000         2.9700000000         1.4042700468       109.8407306544       285.1097347104 
        1.0550000000         2.9700000000         1.4170148043       112.0427281974       304.1317607246 
        1.0600000000         2.9700000000         1.4246616587       113.6942263546       315.5449763331 
        1.0650000000         2.9700000000         1.4144658528       114.2447257404       300.3273555217 
        1.0700000000         2.9700000000         1.4093679498       116.0797236928       292.7185451161 
        1.0750000000         2.9700000000         1.4144658528       116.9972226691       300.3273555217 
        1.0800000000         2.9700000000         1.4144658528       119.3827200073       300.3273555217 
        1.0850000000         2.9700000000         1.4042700468       119.7497195978       285.1097347104 
        1.0900000000         2.9700000000         1.4144658528       121.5847175503       300.3273555217 
        1.0950000000         2.9700000000         1.4195637558       123.2362157075       307.9361659274 
        1.1000000000         2.9700000000         1.3940742409       124.1537146838       269.8921138991 
        1.1050000000         2.9700000000         1.4093679498       125.9887126363       292.7185451161 
        1.1100000000         2.9700000000         1.3940742409       126.9062116125       269.8921138991 
        1.1150000000         2.9700000000         1.4195637558       129.1082091555       307.9361659274 
        1.1200000000         2.9700000000         1.4017210954       130.5762075175       281.3053295076 
        1.1250000000         2.9700000000         1.4144658528       131.8607060842       300.3273555217 
        1.1300000000         2.9700000000         1.4042700468       133.5122042415       285.1097347104 
        1.1350001000         2.9700000000         1.4170148043       134.6132030129       304.1317607246 
        1.1400000000         2.9700000000         1.3966231924       135.5307019892       273.6965191019 
        1.1450000000         2.9700000000         1.4093679498       137.3656999417       292.7185451161 
        1.1500000000         2.9700000000         1.4042700468       138.6501985084       285.1097347104 
        1.1550001000         2.9700000000         1.4221127072       140.8521960514       311.7405711302 
        1.1600000000         2.9700000000         1.4042700468       141.5861952324       285.1097347104 
        1.1650000000         2.9700000000         1.4195637558       142.8706937991       307.9361659274 
        1.1700000000         2.9700000000         1.3966231924       144.5221919564       273.6965191019 
        1.1750000000         2.9700000000         1.3991721439       145.8066905231       277.5009243048 
        1.1800000000         2.9700000000         1.3940742409       147.2746888851       269.8921138991 
        1.1850000000         2.9700000000         1.4042700468       148.7426872471       285.1097347104 
        1.1900000000         2.9700000000         1.4042700468       150.0271858138       285.1097347104 
        1.1950000000         2.9700000000         1.4119169013       152.0456835616       296.5229503189 
        1.2000000000         2.9700000000         1.4042700468       152.7796827425       285.1097347104 
        1.2050000000         2.9700000000         1.4042700468       153.6971817188       285.1097347104 
        1.2100000000         2.9700000000         1.4068189983       155.5321796713       288.9141399133 
        1.2150000000         2.9700000000         1.4042700468       156.6331784428       285.1097347104 
        1.2200000000         2.9700000000         1.3991721439       158.4681763953       277.5009243048 
        1.2250000000         2.9700000000         1.4068189983       159.9361747572       288.9141399133 
        1.2300000000         2.9700000000         1.4119169013       161.2206733240       296.5229503189 
        1.2350000000         2.9700000000         1.4017210954       162.1381723002       281.3053295076 
        1.2400000000         2.9700000000         1.4119169013       164.7071694337       296.5229503189 
        1.2450000000         2.9700000000         1.4119169013       166.1751677957       296.5229503189 
        1.2500000000         2.9700000000         1.3966231924       166.3586675909       273.6965191019 
        1.2550000000         2.9700000000         1.4119169013       168.7441649292       296.5229503189 
        1.2600001000         2.9700000000         1.3991721439       169.6616639054       277.5009243048 
        1.2650000000         2.9700000000         1.4093679498       171.1296622674       292.7185451161 
        1.2700000000         2.9700000000         1.3991721439       172.4141608341       277.5009243048 
        1.2750000000         2.9700000000         1.4144658528       173.8821591961       300.3273555217 
        1.2800001000         2.9700000000         1.4195637558       176.0841567391       307.9361659274 
        1.2850000000         2.9700000000         1.3915252894       176.2676565344       266.0877086963 
        1.2900004000         2.9700000000         1.4042700468       178.1026544868       285.1097347104 
        1.2950000000         2.9700000000         1.3966231924       179.0201534631       273.6965191019 
        1.3000000000         2.9700000000         1.4093679498       180.3046520298       292.7185451161 
        1.3050000000         2.9700000000         1.4068189983       182.1396499823       288.9141399133 
        1.3100000000         2.9700000000         1.3991721439       183.9746479348       277.5009243048 
        1.3150000000         2.9700000000         1.3991721439       184.8921469110       277.5009243048 
        1.3200000000         2.9700000000         1.4068189983       186.9106446588       288.9141399133 
        1.3250000000         2.9700000000         1.4144658528       188.5621428160       300.3273555217 
        1.3300000000         2.9700000000         1.4068189983       189.2961419970       288.9141399133 
        1.3350000000         2.9700000000         1.4144658528       191.4981395400       300.3273555217 
        1.3400006000         2.9700000000         1.4093679498       191.8651391305       292.7185451161 
        1.3450000000         2.9700000000         1.4119169013       194.2506364687       296.5229503189 
        1.3500000000         2.9700000000         1.4017210954       194.6176360592       281.3053295076 
        1.3550000000         2.9700000000         1.4144658528       197.1866331927       300.3273555217 
        1.3600000000         2.9700000000         1.4093679498       198.1041321689       292.7185451161 
        1.3650000000         2.9700000000         1.4068189983       199.3886307357       288.9141399133 
        1.3700000000         2.9700000000         1.4195637558       201.0401288929       307.9361659274 
        1.3750000000         2.9700000000         1.4042700468       202.3246274596       285.1097347104 
        1.3800000000         2.9700000000         1.4119169013       203.7926258216       296.5229503189 
        1.3850001000         2.9700000000         1.4017210954       205.0771243884       281.3053295076 
        1.3900000000         2.9700000000         1.4068189983       206.5451227504       288.9141399133 
        1.3950000000         2.9700000000         1.4042700468       208.0131211124       285.1097347104 
        1.4000000000         2.9700000000         1.4195637558       209.8481190648       307.9361659274 
        1.4050001000         2.9700000000         1.4042700468       210.9491178363       285.1097347104 
        1.4100000000         2.9700000000         1.4221127072       212.6006159936       311.7405711302 
        1.4150000000         2.9700000000         1.4119169013       214.0686143556       296.5229503189 
        1.4200000000         2.9700000000         1.4119169013       214.6191137413       296.5229503189 
        1.4250000000         2.9700000000         1.4170148043       217.1881108748       304.1317607246 
        1.4300000000         2.9700000000         1.4042700468       217.9221100558       285.1097347104 
        1.4350000000         2.9700000000         1.4068189983       219.3901084178       288.9141399133 
        1.4400000000         2.9700000000         1.4093679498       220.8581067797       292.7185451161 
        1.4450000000         2.9700000000         1.4093679498       222.3261051417       292.7185451161 
        1.4500000000         2.9700000000         1.4144658528       223.9776032990       300.3273555217 
        1.4550000000         2.9700000000         1.3889763379       225.0786020705       262.2833034934 
        1.4600000000         2.9700000000         1.4170148043       227.0970998182       304.1317607246 
        1.4650000000         2.9700000000         1.4144658528       228.7485979754       300.3273555217 
        1.4700000000         2.9700000000         1.3991721439       229.1155975659       277.5009243048 
        1.4750000000         2.9700000000         1.4042700468       230.9505955184       285.1097347104 
        1.4800000000         2.9700000000         1.4170148043       232.6020936757       304.1317607246 
        1.4850000000         2.9700000000         1.4170148043       233.7030924471       304.1317607246 
        1.4900000000         2.9700000000         1.4170148043       235.7215901949       304.1317607246 
        1.4950000000         2.9700000000         1.4093679498       236.6390891711       292.7185451161 
        1.5000000000         2.9700000000         1.4170148043       238.6575869189       304.1317607246 
        1.5050000000         2.9700000000         1.4119169013       239.5750858951       296.5229503189 
        1.5100001000         2.9700000000         1.4170148043       241.0430842571       304.1317607246 
        1.5150000000         2.9700000000         1.4195637558       243.2450818001       307.9361659274 
        1.5200000000         2.9700000000         1.4093679498       244.1625807763       292.7185451161 
        1.5250000000         2.9700000000         1.4144658528       246.1810785240       300.3273555217 
        1.5300001000         2.9700000000         1.4170148043       247.0985775003       304.1317607246 
        1.5350000000         2.9700000000         1.4170148043       248.9335754528       304.1317607246 
        1.5400001000         2.9700000000         1.4144658528       249.4840748385       300.3273555217 
        1.5450000000         2.9700000000         1.4144658528       251.5025725862       300.3273555217 
        1.5500000000         2.9700000000         1.4144658528       253.1540707435       300.3273555217 
        1.5550000000         2.9700000000         1.4170148043       254.9890686960       304.1317607246 
        1.5600000000         2.9700000000         1.4170148043       256.0900674675       304.1317607246 
        1.5650000000         2.9700000000         1.4144658528       257.5580658294       300.3273555217 
        1.5700000000         2.9700000000         1.4195637558       259.5765635772       307.9361659274 
        1.5750000000         2.9700000000         1.4144658528       260.4940625534       300.3273555217 
        1.5800000000         2.9700000000         1.4170148043       262.5125603012       304.1317607246 
        1.5850000000         2.9700000000         1.4093679498       263.4300592774       292.7185451161 
        1.5900000000         2.9700000000         1.4144658528       264.8980576394       300.3273555217 
        1.5950000000         2.9700000000         1.4170148043       267.1000551824       304.1317607246 
        1.6000000000         2.9700000000         1.4246616587       268.5680535444       315.5449763331 
        1.6050000000         2.9700000000         1.4170148043       269.4855525206       304.1317607246 
        1.6100000000         2.9700000000         1.4119169013       270.9535508826       296.5229503189 
        1.6150000000         2.9700000000         1.4246616587       272.7885488351       315.5449763331 
        1.6200000000         2.9700000000         1.4170148043       274.6235467876       304.1317607246 
        1.6250000000         2.9700000000         1.4195637558       275.5410457638       307.9361659274 
        1.6300000000         2.9700000000         1.4144658528       277.7430433068       300.3273555217 
        1.6350001000         2.9700000000         1.4170148043       278.6605422830       304.1317607246 
        1.6400000000         2.9700000000         1.4170148043       280.3120404403       304.1317607246 
        1.6450000000         2.9700000000         1.4144658528       281.5965390070       300.3273555217 
        1.6500000000         2.9700000000         1.4170148043       283.0645373690       304.1317607246 
        1.6550001000         2.9700000000         1.4170148043       285.2665349120       304.1317607246 
        1.6600000000         2.9700000000         1.4195637558       286.1840338882       307.9361659274 
        1.6650001000         2.9700000000         1.4246616587       288.2025316359       315.5449763331 
        1.6700000000         2.9700000000         1.4093679498       289.1200306122       292.7185451161 
        1.6750000000         2.9700000000         1.4144658528       290.7715287694       300.3273555217 
        1.6800000000         2.9700000000         1.4144658528       292.4230269267       300.3273555217 
        1.6850000000         2.9700000000         1.4170148043       293.8910252887       304.1317607246 
        1.6900000000         2.9700000000         1.4144658528       295.3590236506       300.3273555217 
        1.6950000000         2.9700000000         1.4272106102       297.3775213984       319.3493815359 
        1.7000000000         2.9700000000         1.4093679498       297.9280207841       292.7185451161 
        1.7050000000         2.9700000000         1.4144658528       300.6805177128       300.3273555217 
        1.7100000000         2.9700000000         1.4323085132       302.1485160748       326.9581919415 
        1.7150000000         2.9700000000         1.4170148043       303.0660150511       304.1317607246 
        1.7200000000         2.9700000000         1.4017210954       303.9835140273       281.3053295076 
        1.7250000000         2.9700000000         1.4170148043       306.0020117751       304.1317607246 
        1.7300000000         2.9700000000         1.4170148043       307.6535099323       304.1317607246 
        1.7350000000         2.9700000000         1.4144658528       309.1215082943       300.3273555217 
        1.7400000000         2.9700000000         1.4246616587       310.7730064515       315.5449763331 
        1.7450000000         2.9700000000         1.4170148043       312.7915041992       304.1317607246 
        1.7500000000         2.9700000000         1.4297595617       314.0760027660       323.1537867387 
        1.7550000000         2.9700000000         1.4144658528       314.8100019470       300.3273555217 
        1.7600001000         2.9700000000         1.4195637558       316.8284996947       307.9361659274 
        1.7650000000         2.9700000000         1.4144658528       318.4799978520       300.3273555217 
        1.7700000000         2.9700000000         1.4170148043       319.5809966234       304.1317607246 
        1.7750000000         2.9700000000         1.4246616587       322.3334935522       315.5449763331 
        1.7800001000         2.9700000000         1.4170148043       323.2509925284       304.1317607246 
        1.7850000000         2.9700000000         1.4144658528       324.1684915047       300.3273555217 
        1.7900001000         2.9700000000         1.4042700468       326.0034894571       285.1097347104 
        1.7950000000         2.9700000000         1.4272106102       328.2054870001       319.3493815359 
        1.8000000000         2.9700000000         1.4195637558       329.4899855669       307.9361659274 
        1.8050000000         2.9700000000         1.4119169013       330.9579839289       296.5229503189 
        1.8100000000         2.9700000000         1.4246616587       332.6094820861       315.5449763331 
        1.8150000000         2.9700000000         1.4144658528       333.8939806528       300.3273555217 
        1.8200000000         2.9700000000         1.4119169013       335.9124784006       296.5229503189 
        1.8250000000         2.9700000000         1.4297595617       338.1144759435       323.1537867387 
        1.8300000000         2.9700000000         1.4144658528       339.7659741008       300.3273555217 
        1.8350000000         2.9700000000         1.4144658528       340.6834730770       300.3273555217 
        1.8400000000         2.9700000000         1.4093679498       342.3349712343       292.7185451161 
        1.8450000000         2.9700000000         1.4246616587       343.9864693915       315.5449763331 
        1.8500000000         2.9700000000         1.4144658528       345.4544677535       300.3273555217 
        1.8550000000         2.9700000000         1.4221127072       346.9224661155       311.7405711302 
        1.8600000000         2.9700000000         1.4068189983       348.3904644775       288.9141399133 
        1.8650000000         2.9700000000         1.4246616587       350.5924620204       315.5449763331 
        1.8700000000         2.9700000000         1.4195637558       351.6934607919       307.9361659274 
        1.8750000000         2.9700000000         1.4272106102       353.3449589492       319.3493815359 
        1.8800000000         2.9700000000         1.4272106102       354.8129573112       319.3493815359 
        1.8850001000         2.9700000000         1.4195637558       356.8314550589       307.9361659274 
        1.8900000000         2.9700000000         1.4246616587       358.2994534209       315.5449763331 
        1.8950000000         2.9700000000         1.4119169013       359.5839519876       296.5229503189 
        1.9000000000         2.9700000000         1.4221127072       360.3179511686       311.7405711302 
        1.9050001000         2.9700000000         1.4119169013       359.5839519876       296.5229503189 
        1.9100000000         2.9700000000         1.4297595617       360.5014509639       323.1537867387 
        1.9150001000         2.9700000000         1.4093679498       359.2169523971       292.7185451161 
        1.9200000000         2.9700000000         1.4195637558       360.3179511686       307.9361659274 
        1.9250000000         2.9700000000         1.4093679498        79.1962648479       292.7185451161 
        1.9300000000         2.9700000000         1.4221127072        80.1137638241       311.7405711302 
        1.9350000000         2.9700000000         1.4170148043        79.0127650526       304.1317607246 
        1.9400000000         2.9700000000         1.4119169013        -0.2591464947       296.5229503189 
        1.9450000000         2.9700000000         1.4170148043         0.1078530958       304.1317607246 
        1.9500000000         2.9700000000         1.4144658528        -0.0756466995       300.3273555217 
        1.9550000000         2.9700000000         1.4272106102         0.6583524815       319.3493815359 
        1.9600000000         2.9700000000         1.4272106102        -0.4426462900       319.3493815359 
        1.9650000000         2.9700000000         1.4144658528         0.6583524815       300.3273555217 
        1.9700000000         2.9700000000         1.4170148043         0.6583524815       304.1317607246 
        1.9750000000         2.9700000000         1.3991721439         2.1263508435       277.5009243048 
        1.9800000000         2.9700000000         1.4170148043         4.1448485913       304.1317607246 
        1.9850000000         2.9700000000         1.4144658528         5.0623475675       300.3273555217 
        1.9900000000         2.9700000000         1.4093679498         7.0808453152       292.7185451161 
        1.9950000000         2.9700000000         1.4170148043         7.9983442915       304.1317607246 
        2.0000000000         2.9700000000         1.4119169013         9.6498424487       296.5229503189 
        2.0050000000         2.9700000000         1.4068189983        11.4848404012       288.9141399133 
        2.0100000000         2.9700000000         1.4195637558        13.6868379442       307.9361659274 
        2.0150001000         2.9700000000         1.4272106102        14.2373373299       319.3493815359 
        2.0200000000         2.9700000000         1.4119169013        16.4393348729       296.5229503189 
        2.0250000000         2.9700000000         1.4272106102        18.4578326206       319.3493815359 
        2.0300000000         2.9700000000         1.4195637558        19.5588313921       307.9361659274 
        2.0350028000         2.9700000000         1.4170148043        21.0268297541       304.1317607246 
        2.0400001000         2.9700000000         1.4017210954        21.9443287304       281.3053295076 
        2.0450000000         2.9700000000         1.4323085132        24.6968256591       326.9581919415 
        2.0500000000         2.9700000000         1.4170148043        25.9813242258       304.1317607246 
        2.0550000000         2.9700000000         1.4272106102        27.6328223831       319.3493815359 
        2.0600000000         2.9700000000         1.4042700468        28.3668215641       285.1097347104 
        2.0650000000         2.9700000000         1.4093679498        29.8348199260       292.7185451161 
        2.0700000000         2.9700000000         1.4195637558        31.4863180833       307.9361659274 
        2.0750000000         2.9700000000         1.4144658528        33.3213160358       300.3273555217 
        2.0800000000         2.9700000000         1.4042700468        34.2388150120       285.1097347104 
        2.0850000000         2.9700000000         1.4272106102        36.0738129645       319.3493815359 
        2.0900000000         2.9700000000         1.4093679498        37.3583115312       292.7185451161 
        2.0950000000         2.9700000000         1.4042700468        39.0098096885       285.1097347104 
        2.1000000000         2.9700000000         1.4272106102        40.4778080505       319.3493815359 
        2.1050000000         2.9700000000         1.4068189983        41.9458064125       288.9141399133 
        2.1100000000         2.9700000000         1.4170148043        43.9643041602       304.1317607246 
        2.1150000000         2.9700000000         1.4195637558        45.0653029317       307.9361659274 
        2.1200000000         2.9700000000         1.4017210954        46.1663017032       281.3053295076 
        2.1250000000         2.9700000000         1.4042700468        47.6343000652       285.1097347104 
        2.1300000000         2.9700000000         1.4221127072        49.4692980176       311.7405711302 
        2.1350000000         2.9700000000         1.4119169013        50.3867969939       296.5229503189 
        2.1400003000         2.9700000000         1.4323085132        53.1392939226       326.9581919415 
        2.1450000000         2.9700000000         1.4144658528        54.0567928989       300.3273555217 
        2.1500000000         2.9700000000         1.4144658528        55.3412914656       300.3273555217 
        2.1550000000         2.9700000000         1.4246616587        56.9927896228       315.5449763331 
        2.1600000000         2.9700000000         1.4221127072        58.4607879848       311.7405711302 
        2.1650019000         2.9700000000         1.4144658528        60.1122861421       300.3273555217 
        2.1700000000         2.9700000000         1.4272106102        62.1307838898       319.3493815359 
        2.1750000000         2.9700000000         1.4170148043        63.0482828660       304.1317607246 
        2.1800001000         2.9700000000         1.4093679498        63.7822820470       292.7185451161 
        2.1850000000         2.9700000000         1.4297595617        66.3512791805       323.1537867387 
        2.1900000000         2.9700000000         1.4297595617        68.0027773377       323.1537867387 
        2.1950000000         2.9700000000         1.4170148043        68.9202763140       304.1317607246 
        2.2000000000         2.9700000000         1.4297595617        70.9387740617       323.1537867387 
        2.2050000000         2.9700000000         1.4272106102        72.5902722190       319.3493815359 
        2.2100000000         2.9700000000         1.4195637558        73.3242713999       307.9361659274 
        2.2150000000         2.9700000000         1.4348574647        75.5262689429       330.7625971444 
        2.2200000000         2.9700000000         1.4144658528        76.0767683287       300.3273555217 
        2.2250000000         2.9700000000         1.4221127072        77.9117662812       311.7405711302 
        2.2300000000         2.9700000000         1.4119169013        78.6457654622       296.5229503189 
        2.2350000000         2.9700000000         1.4195637558        80.4807634146       307.9361659274 
        2.2400000000         2.9700000000         1.4119169013        82.3157613671       296.5229503189 
        2.2450000000         2.9700000000         1.4272106102        83.9672595244       319.3493815359 
        2.2500000000         2.9700000000         1.4144658528        85.2517580911       300.3273555217 
        2.2550000000         2.9700000000         1.4195637558        86.5362566578       307.9361659274 
        2.2600000000         2.9700000000         1.4170148043        88.5547544056       304.1317607246 
        2.2650001000         2.9700000000         1.4195637558        89.1052537913       307.9361659274 
        2.2700000000         2.9700000000         1.4221127072        91.1237515391       311.7405711302 
        2.2750000000         2.9700000000         1.4221127072        92.5917499010       311.7405711302 
        2.2800000000         2.9700000000         1.4195637558        93.8762484678       307.9361659274 
        2.2850000000         2.9700000000         1.4170148043        94.9772472393       304.1317607246 
        2.2900000000         2.9700000000         1.4272106102        96.9957449870       319.3493815359 
        2.2950000000         2.9700000000         1.4246616587        99.0142427347       315.5449763331 
        2.3000000000         2.9700000000         1.4093679498        99.3812423252       292.7185451161 
        2.3050001000         2.9700000000         1.4272106102       101.3997400730       319.3493815359 
        2.3100000000         2.9700000000         1.4119169013       102.5007388445       296.5229503189 
        2.3150000000         2.9700000000         1.4144658528       104.5192365922       300.3273555217 
        2.3200000000         2.9700000000         1.4246616587       105.4367355684       315.5449763331 
        2.3250000000         2.9700000000         1.4170148043       107.0882337257       304.1317607246 
        2.3300000000         2.9700000000         1.4170148043       108.5562320877       304.1317607246 
        2.3350017000         2.9700000000         1.4195637558       110.3912300401       307.9361659274 
        2.3400000000         2.9700000000         1.4119169013       111.4922288116       296.5229503189 
        2.3450000000         2.9700000000         1.4170148043       112.9602271736       304.1317607246 
        2.3500000000         2.9700000000         1.4144658528       114.0612259451       300.3273555217 
        2.3550000000         2.9700000000         1.4068189983       116.0797236928       288.9141399133 
        2.3600000000         2.9700000000         1.4272106102       117.3642222596       319.3493815359 
        2.3650000000         2.9700000000         1.4068189983       118.0982214406       288.9141399133 
        2.3700023000         2.9700000000         1.3991721439       120.1167191883       277.5009243048 
        2.3750000000         2.9700000000         1.4093679498       121.9517171408       292.7185451161 
        2.3800000000         2.9700000000         1.4272106102       123.0527159123       319.3493815359 
        2.3850000000         2.9700000000         1.3940742409       124.3372144790       269.8921138991 
        2.3900001000         2.9700000000         1.4221127072       126.3557122268       311.7405711302 
        2.3950000000         2.9700000000         1.3940742409       126.9062116125       269.8921138991 
        2.4000000000         2.9700000000         1.4042700468       128.1907101792       285.1097347104 
        2.4050000000         2.9700000000         1.4093679498       130.5762075175       292.7185451161 
        2.4100000000         2.9700000000         1.4093679498       131.4937064937       292.7185451161 
        2.4150000000         2.9700000000         1.3966231924       132.5947052652       273.6965191019 
        2.4200000000         2.9700000000         1.4119169013       134.4297032177       296.5229503189 
        2.4250000000         2.9700000000         1.3966231924       135.8977015797       273.6965191019 
        2.4300001000         2.9700000000         1.4017210954       137.1822001464       281.3053295076 
        2.4350000000         2.9700000000         1.3966231924       138.4666987132       273.6965191019 
        2.4400000000         2.9700000000         1.4170148043       140.3016966657       304.1317607246 
        2.4450000000         2.9700000000         1.3915252894       141.4026954371       266.0877086963 
        2.4500000000         2.9700000000         1.4119169013       143.0541935944       296.5229503189 
        2.4550000000         2.9700000000         1.3889763379       143.7881927754       262.2833034934 
        2.4600000000         2.9700000000         1.4042700468       145.8066905231       285.1097347104 
        2.4650011000         2.9700000000         1.3889763379       146.5406897041       262.2833034934 
        2.4700000000         2.9700000000         1.3940742409       148.1921878613       269.8921138991 
        2.4750000000         2.9700000000         1.4042700468       149.6601862233       285.1097347104 
        2.4800000000         2.9700000000         1.4042700468       150.7611849948       285.1097347104 
        2.4850000000         2.9700000000         1.3915252894       151.8621837663       266.0877086963 
        2.4900000000         2.9700000000         1.3889763379       153.1466823330       262.2833034934 
        2.4950000000         2.9700000000         1.4068189983       155.5321796713       288.9141399133 
        2.5000000000         2.9700000000         1.4017210954       156.2661788523       281.3053295076 
        2.5050000000         2.9700000000         1.4042700468       157.3671776238       285.1097347104 
        2.5100000000         2.9700000000         1.4017210954       159.2021755762       281.3053295076 
        2.5150001000         2.9700000000         1.3940742409       159.9361747572       269.8921138991 
        2.5200000000         2.9700000000         1.4042700468       161.9546725050       285.1097347104 
        2.5250000000         2.9700000000         1.4017210954       162.6886716860       281.3053295076 
        2.5300000000         2.9700000000         1.3966231924       164.7071694337       273.6965191019 
        2.5350000000         2.9700000000         1.3991721439       165.9916680004       277.5009243048 
        2.5400015000         2.9700000000         1.4017210954       167.2761665672       281.3053295076 
        2.5450000000         2.9700000000         1.3966231924       168.7441649292       273.6965191019 
        2.5500000000         2.9700000000         1.3966231924       169.6616639054       273.6965191019 
        2.5550001000         2.9700000000         1.4042700468       171.6801616531       285.1097347104 
        2.5600000000         2.9700000000         1.3966231924       172.2306610389       273.6965191019 
        2.5650000000         2.9700000000         1.4119169013       174.0656589914       296.5229503189 
        2.5700000000         2.9700000000         1.4042700468       175.5336573534       285.1097347104 
        2.5750000000         2.9700000000         1.4042700468       177.3686553058       285.1097347104 
        2.5800000000         2.9700000000         1.4042700468       178.2861542821       285.1097347104 
        2.5850000000         2.9700000000         1.3915252894       179.0201534631       266.0877086963 
        2.5900000000         2.9700000000         1.4068189983       181.2221510061       288.9141399133 
        2.5950000000         2.9700000000         1.4042700468       182.6901493681       285.1097347104 
        2.6000000000         2.9700000000         1.4042700468       183.9746479348       285.1097347104 
        2.6050000000         2.9700000000         1.4017210954       185.2591465015       281.3053295076 
        2.6100000000         2.9700000000         1.4042700468       186.1766454778       285.1097347104 
        2.6150000000         2.9700000000         1.3915252894       187.8281436350       266.0877086963 
        2.6200000000         2.9700000000         1.4068189983       189.8466413827       288.9141399133 
        2.6250000000         2.9700000000         1.3991721439       190.3971407685       277.5009243048 
        2.6300000000         2.9700000000         1.4195637558       192.5991383115       307.9361659274 
        2.6350000000         2.9700000000         1.3889763379       193.3331374925       262.2833034934 
        2.6400001000         2.9700000000         1.3966231924       194.0671366735       273.6965191019 
        2.6450000000         2.9700000000         1.4068189983       196.4526340117       288.9141399133 
        2.6500000000         2.9700000000         1.4042700468       197.3701329879       285.1097347104 
        2.6550000000         2.9700000000         1.3838784350       198.8381313499       254.6744930878 
        2.6600000000         2.9700000000         1.4093679498       200.6731293024       292.7185451161 
        2.6650000000         2.9700000000         1.3966231924       201.5906282787       273.6965191019 
        2.6700000000         2.9700000000         1.3915252894       202.5081272549       266.0877086963 
        2.6750000000         2.9700000000         1.4093679498       204.8936245931       292.7185451161 
        2.6800001000         2.9700000000         1.4068189983       205.6276237741       288.9141399133 
        2.6850000000         2.9700000000         1.3889763379       206.9121223409       262.2833034934 
        2.6900000000         2.9700000000         1.3991721439       208.3801207028       277.5009243048 
        2.6950000000         2.9700000000         1.4068189983       209.6646192696       288.9141399133 
        2.7000000000         2.9700000000         1.3966231924       211.1326176316       273.6965191019 
        2.7050000000         2.9700000000         1.4144658528       212.7841157888       300.3273555217 
        2.7100000000         2.9700000000         1.4042700468       213.7016147651       285.1097347104 
        2.7150000000         2.9700000000         1.3966231924       214.9861133318       273.6965191019 
        2.7200000000         2.9700000000         1.4093679498       216.2706118985       292.7185451161 
        2.7250000000         2.9700000000         1.4068189983       218.4726094415       288.9141399133 
        2.7300018000         2.9700000000         1.3966231924       219.2066086225       273.6965191019 
        2.7350000000         2.9700000000         1.3991721439       220.8581067797       277.5009243048 
        2.7400000000         2.9700000000         1.3889763379       221.9591055512       262.2833034934 
        2.7450000000         2.9700000000         1.4068189983       222.8766045275       288.9141399133 
        2.7500000000         2.9700000000         1.4042700468       225.2621018657       285.1097347104 
        2.7550000000         2.9700000000         1.3991721439       226.1796008420       277.5009243048 
        2.7600000000         2.9700000000         1.4195637558       228.0145987944       307.9361659274 
        2.7650001000         2.9700000000         1.3940742409       228.5650981802       269.8921138991 
        2.7700000000         2.9700000000         1.4144658528       230.9505955184       300.3273555217 
        2.7750000000         2.9700000000         1.4068189983       231.1340953137       288.9141399133 
        2.7800000000         2.9700000000         1.4144658528       233.7030924471       300.3273555217 
        2.7850000000         2.9700000000         1.3991721439       234.0700920376       277.5009243048 
        2.7900000000         2.9700000000         1.4170148043       236.4555893759       304.1317607246 
        2.7950000000         2.9700000000         1.3991721439       237.0060887616       277.5009243048 
        2.8000000000         2.9700000000         1.4093679498       239.5750858951       292.7185451161 
        2.8050001000         2.9700000000         1.4119169013       239.9420854856       296.5229503189 
        2.8100000000         2.9700000000         1.3991721439       241.4100838476       277.5009243048 
        2.8150000000         2.9700000000         1.4093679498       243.0615820048       292.7185451161 
        2.8200000000         2.9700000000         1.4119169013       244.1625807763       296.5229503189 
        2.8250000000         2.9700000000         1.4144658528       246.5480781145       300.3273555217 
        2.8300000000         2.9700000000         1.4093679498       247.6490768860       292.7185451161 
        2.8350000000         2.9700000000         1.4170148043       249.1170752480       304.1317607246 
        2.8400000000         2.9700000000         1.4170148043       250.7685734053       304.1317607246 
        2.8450000000         2.9700000000         1.4170148043       252.0530719720       304.1317607246 
        2.8500000000         2.9700000000         1.4170148043       254.0715697197       304.1317607246 
        2.8550000000         2.9700000000         1.4068189983       254.4385693102       288.9141399133 
        2.8600000000         2.9700000000         1.4042700468       256.0900674675       285.1097347104 
        2.8650000000         2.9700000000         1.4195637558       258.4755648057       307.9361659274 
        2.8700000000         2.9700000000         1.4119169013       259.0260641914       296.5229503189 
        2.8750000000         2.9700000000         1.4221127072       261.5950613249       311.7405711302 
        2.8800000000         2.9700000000         1.4093679498       262.5125603012       292.7185451161 
        2.8850000000         2.9700000000         1.4195637558       263.9805586631       307.9361659274 
        2.8900001000         2.9700000000         1.4119169013       265.2650572299       296.5229503189 
        2.8950000000         2.9700000000         1.4144658528       266.5495557966       300.3273555217 
        2.9000000000         2.9700000000         1.4297595617       268.9350531349       323.1537867387 
        2.9050000000         2.9700000000         1.4246616587       269.8525521111       315.5449763331 
        2.9100000000         2.9700000000         1.4068189983       271.3205504731       288.9141399133 
        2.9150000000         2.9700000000         1.4195637558       273.7060478113       307.9361659274 
        2.9200000000         2.9700000000         1.3991721439       274.0730474018       277.5009243048 
        2.9250000000         2.9700000000         1.4195637558       276.6420445353       307.9361659274 
        2.9300001000         2.9700000000         1.4195637558       277.0090441258       307.9361659274 
        2.9350000000         2.9700000000         1.4144658528       279.3945414640       300.3273555217 
        2.9400000000         2.9700000000         1.4017210954       280.1285406450       281.3053295076 
        2.9450000000         2.9700000000         1.4093679498       282.1470383927       292.7185451161 
        2.9500000000         2.9700000000         1.4170148043       283.7985365500       304.1317607246 
        2.9550000000         2.9700000000         1.4042700468       285.0830351167       285.1097347104 
        2.9600000000         2.9700000000         1.4170148043       286.9180330692       304.1317607246 
        2.9650000000         2.9700000000         1.4068189983       287.6520322502       288.9141399133 
        2.9700000000         2.9700000000         1.4144658528       289.6705299979       300.3273555217 
        2.9750000000         2.9700000000         1.4144658528       291.1385283599       300.3273555217 
        2.9800000000         2.9700000000         1.4119169013       292.7900265172       296.5229503189 
        2.9850000000         2.9700000000         1.4017210954       294.0745250839       281.3053295076 
        2.9900000000         2.9700000000         1.4144658528       294.9920240601       300.3273555217 
        2.9950000000         2.9700000000         1.4246616587       297.5610211936       315.5449763331 
        3.0000000000         2.9700000000         1.4042700468       298.6620199651       285.1097347104 
        3.0050000000         2.9700000000         1.4042700468       300.3135181223       285.1097347104 
        3.0100000000         2.9700000000         1.4170148043       302.3320158701       304.1317607246 
        3.0150001000         2.9700000000         1.4093679498       303.2495148463       292.7185451161 
        3.0200000000         2.9700000000         1.4221127072       304.5340134131       311.7405711302 
        3.0250000000         2.9700000000         1.4170148043       306.7360109560       304.1317607246 
        3.0300000000         2.9700000000         1.4144658528       307.8370097275       300.3273555217 
        3.0350000000         2.9700000000         1.4170148043       309.1215082943       304.1317607246 
        3.0400000000         2.9700000000         1.4246616587       310.5895066563       315.5449763331 
        3.0450000000         2.9700000000         1.4170148043       312.4245046088       304.1317607246 
        3.0500000000         2.9700000000         1.4297595617       314.0760027660       323.1537867387 
        3.0550001000         2.9700000000         1.4170148043       316.0945005137       304.1317607246 
        3.0600000000         2.9700000000         1.4272106102       317.7459986710       319.3493815359 
        3.0650000000         2.9700000000         1.4170148043       318.8469974424       304.1317607246 
        3.0700000000         2.9700000000         1.4246616587       320.6819953949       315.5449763331 
        3.0750000000         2.9700000000         1.4093679498       321.2324947807       292.7185451161 
        3.0800000000         2.9700000000         1.4246616587       322.8839929379       315.5449763331 
        3.0850000000         2.9700000000         1.4042700468       324.3519912999       285.1097347104 
        3.0900000000         2.9700000000         1.4195637558       326.5539888429       307.9361659274 
        3.0950006000         2.9700000000         1.4348574647       328.7559863859       330.7625971444 
        3.1000000000         2.9700000000         1.4195637558       330.2239847479       307.9361659274 
        3.1050000000         2.9700000000         1.4119169013       330.7744841336       296.5229503189 
        3.1100000000         2.9700000000         1.4246616587       332.9764816766       315.5449763331 
        3.1150000000         2.9700000000         1.4246616587       334.9949794243       315.5449763331 
        3.1200000000         2.9700000000         1.4119169013       335.7289786053       296.5229503189 
        3.1250000000         2.9700000000         1.4348574647       337.7474763530       330.7625971444 
        3.1300000000         2.9700000000         1.4068189983       339.2154747150       288.9141399133 
        3.1350000000         2.9700000000         1.4093679498       340.4999732818       292.7185451161 
        3.1400001000         2.9700000000         1.4272106102       343.0689704153       319.3493815359 
        3.1450000000         2.9700000000         1.4221127072       344.1699691867       311.7405711302 
        3.1500000000         2.9700000000         1.4144658528       345.4544677535       300.3273555217 
        3.1550000000         2.9700000000         1.4323085132       347.6564652965       326.9581919415 
        3.1600000000         2.9700000000         1.4221127072       349.3079634537       311.7405711302 
        3.1650000000         2.9700000000         1.4246616587       350.0419626347       315.5449763331 
        3.1700000000         2.9700000000         1.4221127072       352.6109597682       311.7405711302 
        3.1750000000         2.9700000000         1.4170148043       353.1614591539       304.1317607246 
        3.1800001000         2.9700000000         1.4195637558       355.3634566969       307.9361659274 
        3.1850000000         2.9700000000         1.4246616587       357.1984546494       315.5449763331 
        3.1900000000         2.9700000000         1.4272106102       358.8499528066       319.3493815359 
        3.1950000000         2.9700000000         1.4144658528       359.4004521924       300.3273555217 
        3.2000000000         2.9700000000         1.4323085132       360.3179511686       326.9581919415 
        3.2050000000         2.9700000000         1.4093679498       359.5839519876       292.7185451161 
        3.2100000000         2.9700000000         1.4195637558       360.1344513734       307.9361659274 
        3.2150000000         2.9700000000         1.4195637558       360.1344513734       307.9361659274 
        3.2200000000         2.9700000000         1.4195637558       359.7674517829       307.9361659274 
        3.2250000000         2.9700000000         1.4323085132        80.4807634146       326.9581919415 
        3.2300000000         2.9700000000         1.4195637558        79.0127650526       307.9361659274 
        3.2350000000         2.9700000000         1.4195637558        80.2972636194       307.9361659274 
        3.2400000000         2.9700000000         1.4272106102        -0.0756466995       319.3493815359 
        3.2450000000         2.9700000000         1.4195637558        -0.0756466995       307.9361659274 
        3.2500000000         2.9700000000         1.4221127072         0.6583524815       311.7405711302 
        3.2550000000         2.9700000000         1.4374064162         0.6583524815       334.5670023472 
        3.2600000000         2.9700000000         1.4195637558         0.4748526863       307.9361659274 
        3.2650001000         2.9700000000         1.4042700468        -0.0756466995       285.1097347104 
        3.2700000000         2.9700000000         1.4170148043         1.5758514578       304.1317607246 
        3.2750000000         2.9700000000         1.4144658528         2.8603500245       300.3273555217 
        3.2800000000         2.9700000000         1.4170148043         4.5118481818       304.1317607246 
        3.2850000000         2.9700000000         1.4348574647         6.5303459295       330.7625971444 
        3.2900000000         2.9700000000         1.4042700468         7.0808453152       285.1097347104 
        3.2950000000         2.9700000000         1.4195637558         9.2828428582       307.9361659274 
        3.3000000000         2.9700000000         1.4195637558        10.2003418345       307.9361659274 
        3.3050001000         2.9700000000         1.4195637558        12.2188395822       307.9361659274 
        3.3100000000         2.9700000000         1.4221127072        14.6043369204       311.7405711302 
        3.3150000000         2.9700000000         1.4323085132        15.8888354872       326.9581919415 
        3.3200000000         2.9700000000         1.4093679498        16.8063344634       292.7185451161 
        3.3250000000         2.9700000000         1.4272106102        18.6413324159       319.3493815359 
        3.3300000000         2.9700000000         1.4272106102        20.6598301636       319.3493815359 
        3.3350000000         2.9700000000         1.4068189983        21.3938293446       288.9141399133 
        3.3400000000         2.9700000000         1.4221127072        23.4123270924       311.7405711302 
        3.3450000000         2.9700000000         1.4144658528        24.3298260686       300.3273555217 
        3.3500000000         2.9700000000         1.4246616587        27.0823229973       315.5449763331 
        3.3550000000         2.9700000000         1.4093679498        27.6328223831       292.7185451161 
        3.3600000000         2.9700000000         1.4272106102        29.4678203356       319.3493815359 
        3.3650000000         2.9700000000         1.4170148043        31.1193184928       304.1317607246 
        3.3700000000         2.9700000000         1.4272106102        32.5873168548       319.3493815359 
        3.3750000000         2.9700000000         1.4170148043        34.2388150120       304.1317607246 
        3.3800000000         2.9700000000         1.4246616587        35.1563139883       315.5449763331 
        3.3850000000         2.9700000000         1.4170148043        36.8078121455       304.1317607246 
        3.3900001000         2.9700000000         1.4323085132        38.8263098932       326.9581919415 
        3.3950000000         2.9700000000         1.4195637558        40.2943082552       307.9361659274 
        3.4000000000         2.9700000000         1.4195637558        41.7623066172       307.9361659274 
        3.4050000000         2.9700000000         1.4144658528        43.0468051839       300.3273555217 
        3.4100000000         2.9700000000         1.4195637558        44.6983033412       307.9361659274 
        3.4150000000         2.9700000000         1.4272106102        46.9003008842       319.3493815359 
        3.4200000000         2.9700000000         1.4221127072        48.3682992461       311.7405711302 
        3.4250000000         2.9700000000         1.4323085132        49.4692980176       326.9581919415 
        3.4300001000         2.9700000000         1.4195637558        50.9372963796       307.9361659274 
        3.4350000000         2.9700000000         1.4246616587        52.5887945369       315.5449763331 
        3.4400000000         2.9700000000         1.4272106102        54.4237924893       319.3493815359 
        3.4450000000         2.9700000000         1.4272106102        56.2587904418       319.3493815359 
        3.4500000000         2.9700000000         1.4374064162        57.7267888038       334.5670023472 
        3.4550000000         2.9700000000         1.4170148043        58.8277875753       304.1317607246 
        3.4600000000         2.9700000000         1.4195637558        60.1122861421       307.9361659274 
        3.4650000000         2.9700000000         1.4323085132        62.1307838898       326.9581919415 
        3.4700000000         2.9700000000         1.4170148043        63.7822820470       304.1317607246 
        3.4750000000         2.9700000000         1.4221127072        64.5162812280       311.7405711302 
        3.4800000000         2.9700000000         1.4272106102        66.1677793853       319.3493815359 
        3.4850083000         2.9700000000         1.4246616587        68.1862771330       315.5449763331 
        3.4900000000         2.9700000000         1.4246616587        69.2872759045       315.5449763331 
        3.4950000000         2.9700000000         1.4246616587        70.7552742665       315.5449763331 
        3.5000000000         2.9700000000         1.4068189983        71.6727732427       288.9141399133 
        3.5050000000         2.9700000000         1.4323085132        74.0582705809       326.9581919415 
        3.5100000000         2.9700000000         1.4246616587        75.5262689429       315.5449763331 
        3.5150001000         2.9700000000         1.4170148043        76.9942673049       304.1317607246 
        3.5200000000         2.9700000000         1.4144658528        77.5447666907       300.3273555217 
        3.5250000000         2.9700000000         1.4195637558        79.5632644384       307.9361659274 
        3.5300000000         2.9700000000         1.4297595617        81.3982623909       323.1537867387 
        3.5350000000         2.9700000000         1.4195637558        82.6827609576       307.9361659274 
        3.5400000000         2.9700000000         1.4272106102        84.7012587054       319.3493815359 
        3.5450000000         2.9700000000         1.4144658528        85.8022574768       300.3273555217 
        3.5500000000         2.9700000000         1.4221127072        86.3527568626       311.7405711302 
        3.5550001000         2.9700000000         1.4195637558        88.1877548151       307.9361659274 
        3.5600000000         2.9700000000         1.4144658528        89.4722533818       300.3273555217 
        3.5650000000         2.9700000000         1.4272106102        91.8577507200       319.3493815359 
        3.5700000000         2.9700000000         1.4221127072        92.2247503105       311.7405711302 
        3.5750000000         2.9700000000         1.4093679498        93.8762484678       292.7185451161 
        3.5800000000         2.9700000000         1.4246616587        95.8947462155       315.5449763331 
        3.5850000000         2.9700000000         1.4221127072        97.3627445775       311.7405711302 
        3.5900000000         2.9700000000         1.4068189983        98.6472431442       288.9141399133 
        3.5950000000         2.9700000000         1.4246616587       100.2987413015       315.5449763331 
        3.6000000000         2.9700000000         1.4195637558       101.5832398682       307.9361659274 
        3.6050000000         2.9700000000         1.4017210954       102.6842386397       281.3053295076 
        3.6100000000         2.9700000000         1.4170148043       104.1522370017       304.1317607246 
        3.6150000000         2.9700000000         1.4246616587       105.9872349542       315.5449763331 
        3.6200000000         2.9700000000         1.4170148043       107.6387331114       304.1317607246 
        3.6250000000         2.9700000000         1.4170148043       109.1067314734       304.1317607246 
        3.6300000000         2.9700000000         1.4042700468       110.3912300401       285.1097347104 
        3.6350000000         2.9700000000         1.4170148043       112.4097277879       304.1317607246 
        3.6400001000         2.9700000000         1.4246616587       113.5107265594       315.5449763331 
        3.6450036000         2.9700000000         1.4144658528       115.1622247166       300.3273555217 
        3.6500000000         2.9700000000         1.3991721439       116.4467232833       277.5009243048 
        3.6550000000         2.9700000000         1.4272106102       117.9147216453       319.3493815359 
        3.6600000000         2.9700000000         1.4042700468       119.1992202121       285.1097347104 
        3.6650000000         2.9700000000         1.3966231924       120.1167191883       273.6965191019 
        3.6700000000         2.9700000000         1.4170148043       121.7682173456       304.1317607246 
        3.6750000000         2.9700000000         1.4144658528       123.4197155028       300.3273555217 
        3.6800001000         2.9700000000         1.4042700468       124.3372144790       285.1097347104 
        3.6850000000         2.9700000000         1.4042700468       125.6217130458       285.1097347104 
        3.6900000000         2.9700000000         1.3966231924       127.2732112030       273.6965191019 
        3.6950000000         2.9700000000         1.4042700468       128.9247093602       285.1097347104 
        3.7000000000         2.9700000000         1.4170148043       131.1267069032       304.1317607246 
        3.7050000000         2.9700000000         1.4119169013       132.0442058795       296.5229503189 
        3.7100000000         2.9700000000         1.4068189983       133.5122042415       288.9141399133 
        3.7150000000         2.9700000000         1.4119169013       135.1637023987       296.5229503189 
        3.7200000000         2.9700000000         1.3966231924       136.2647011702       273.6965191019 
        3.7250000000         2.9700000000         1.3991721439       137.7326995322       277.5009243048 
        3.7300000000         2.9700000000         1.4144658528       139.7511972799       300.3273555217 
        3.7350000000         2.9700000000         1.4144658528       140.4851964609       300.3273555217 
        3.7400000000         2.9700000000         1.3991721439       141.9531948229       277.5009243048 
        3.7450000000         2.9700000000         1.4195637558       143.9716925706       307.9361659274 
        3.7500000000         2.9700000000         1.3940742409       144.3386921611       269.8921138991 
        3.7550000000         2.9700000000         1.4144658528       145.9901903184       300.3273555217 
        3.7600000000         2.9700000000         1.3966231924       147.6416884756       273.6965191019 
        3.7650001000         2.9700000000         1.4144658528       149.4766864281       300.3273555217 
        3.7700000000         2.9700000000         1.3889763379       150.3941854043       262.2833034934 
        3.7750000000         2.9700000000         1.4144658528       152.4126831521       300.3273555217 
        3.7800000000         2.9700000000         1.3966231924       152.5961829473       273.6965191019 
        3.7850000000         2.9700000000         1.4042700468       154.4311808998       285.1097347104 
        3.7900000000         2.9700000000         1.3864273864       155.3486798760       258.4788982906 
        3.7950000000         2.9700000000         1.3991721439       157.1836778285       277.5009243048 
        3.8000000000         2.9700000000         1.3991721439       159.0186757810       277.5009243048 
        3.8050013000         2.9700000000         1.4093679498       159.9361747572       292.7185451161 
        3.8100000000         2.9700000000         1.4042700468       161.9546725050       285.1097347104 
        3.8150000000         2.9700000000         1.4093679498       163.4226708670       292.7185451161 
        3.8200000000         2.9700000000         1.3991721439       164.1566700480       277.5009243048 
        3.8250000000         2.9700000000         1.4119169013       165.0741690242       296.5229503189 
        3.8300000000         2.9700000000         1.4017210954       167.6431661577       281.3053295076 
        3.8350000000         2.9700000000         1.4017210954       168.1936655434       281.3053295076 
        3.8400000000         2.9700000000         1.4017210954       170.2121632912       281.3053295076 
        3.8450000000         2.9700000000         1.4144658528       171.1296622674       300.3273555217 
        3.8500000000         2.9700000000         1.3864273864       172.0471612436       258.4788982906 
        3.8550000000         2.9700000000         1.4042700468       173.8821591961       285.1097347104 
        3.8600000000         2.9700000000         1.3991721439       174.7996581724       277.5009243048 
        3.8650000000         2.9700000000         1.4017210954       177.0016557154       281.3053295076 
        3.8700000000         2.9700000000         1.3966231924       177.3686553058       273.6965191019 
        3.8750000000         2.9700000000         1.4042700468       179.7541526441       285.1097347104 
        3.8800000000         2.9700000000         1.4119169013       180.6716516203       296.5229503189 
        3.8850000000         2.9700000000         1.4042700468       181.9561501871       285.1097347104 
        3.8900001000         2.9700000000         1.4042700468       183.6076483443       285.1097347104 
        3.8950000000         2.9700000000         1.4042700468       185.0756467063       285.1097347104 
        3.9000000000         2.9700000000         1.4170148043       186.1766454778       304.1317607246 
        3.9050000000         2.9700000000         1.3991721439       188.5621428160       277.5009243048 
        3.9100000000         2.9700000000         1.4119169013       188.7456426113       296.5229503189 
        3.9150000000         2.9700000000         1.3915252894       190.7641403590       266.0877086963 
        3.9200000000         2.9700000000         1.4348574647       192.5991383115       330.7625971444 
        3.9250000000         2.9700000000         1.3889763379       192.9661379020       262.2833034934 
        3.9300001000         2.9700000000         1.4119169013       194.9846356497       296.5229503189 
        3.9350000000         2.9700000000         1.3940742409       195.7186348307       269.8921138991 
        3.9400000000         2.9700000000         1.4119169013       197.1866331927       296.5229503189 
        3.9450000000         2.9700000000         1.4017210954       199.0216311452       281.3053295076 
        3.9500000000         2.9700000000         1.4119169013       200.4896295072       296.5229503189 
        3.9550000000         2.9700000000         1.4017210954       202.5081272549       281.3053295076 
        3.9600000000         2.9700000000         1.4170148043       203.7926258216       304.1317607246 
        3.9650000000         2.9700000000         1.4068189983       204.7101247979       288.9141399133 
        3.9700001000         2.9700000000         1.4144658528       205.9946233646       300.3273555217 
        3.9750000000         2.9700000000         1.4042700468       207.6461215219       285.1097347104 
        3.9800000000         2.9700000000         1.4017210954       208.7471202933       281.3053295076 
        3.9850000000         2.9700000000         1.3991721439       210.3986184506       277.5009243048 
        3.9900000000         2.9700000000         1.4093679498       211.3161174268       292.7185451161 
        3.9950000000         2.9700000000         1.4068189983       213.1511153793       288.9141399133 
