           Time[sec]           V_{cmd}[V]          V_{gyro}[V]          \theta[deg] \omega_{gyro}[deg/sec] 
        0.0000000000         3.8100000000         1.2130986854       329.8569851574        -0.0608704832 
        0.0050001000         3.8100000000         1.2130986854       330.0404849526        -0.0608704832 
        0.0100001000         3.8100000000         1.2029028795       329.1229859764       -15.2784912946 
        0.0150001000         3.8100000000         1.2513329577       329.8569851574        57.0052075592 
        0.0200000000         3.8100000000         1.5164239122       331.6919831098       452.6633486534 
        0.0250001000         3.8100000000         1.4476022221       333.3434812671       349.9444081770 
        0.0300001000         3.8100000000         1.4807385914       335.1784792196       399.4016758138 
        0.0350000000         3.8100000000         1.5317176211       337.7474763530       475.4897798704 
        0.0400001000         3.8100000000         1.5419134271       339.3989745103       490.7074006817 
        0.0450001000         3.8100000000         1.5342665726       341.9679716438       479.2941850732 
        0.0500001000         3.8100000000         1.6005393113       345.0874681630       578.2087203468 
        0.0550000000         3.8100000000         1.5954414083       347.6564652965       570.5999099411 
        0.0600001000         3.8100000000         1.5979903598       351.5099609967       574.4043151440 
        0.0650001000         3.8100000000         1.6362246321       354.0789581302       631.4703931864 
        0.0700000000         3.8100000000         1.6234798746       356.8314550589       612.4483671723 
        0.0750001000         3.8100000000         1.6566162440       359.9509515781       661.9056348090 
        0.0800001000         3.8100000000         1.6438714865       359.7674517829       642.8836087949 
        0.0850001000         3.8100000000         1.6795568073       359.9509515781       696.1452816345 
        0.0900000000         3.8100000000         1.6693610014        79.3797646431       680.9276608232 
        0.0950001000         3.8100000000         1.7126931766         0.6583524815       745.6025492713 
        0.1000001000         3.8100000000         1.6872036618        -0.4426462900       707.5584972430 
        0.1050000000         3.8100000000         1.7050463222         0.4748526863       734.1893336628 
        0.1100001000         3.8100000000         1.7101442252         3.0438498198       741.7981440685 
        0.1150001000         3.8100000000         1.7254379341         6.7138457247       764.6245752854 
        0.1200001000         3.8100000000         1.7381826915        10.9343410155       783.6466012996 
        0.1250000000         3.8100000000         1.7330847885        14.0538375347       776.0377908939 
        0.1300001000         3.8100000000         1.7458295460        18.8248322111       795.0598169081 
        0.1350001000         3.8100000000         1.7560253519        23.4123270924       810.2774377194 
        0.1400001000         3.8100000000         1.7458295460        26.3483238163       795.0598169081 
        0.1450000000         3.8100000000         1.7560253519        30.9358186975       810.2774377194 
        0.1500001000         3.8100000000         1.7687701093        34.6058146025       829.2994637335 
        0.1550001000         3.8100000000         1.7738680123        39.5603090742       836.9082741392 
        0.1600000000         3.8100000000         1.7662211578        42.4963057982       825.4950585307 
        0.1650001000         3.8100000000         1.7789659153        47.4508002699       844.5170845448 
        0.1700001000         3.8100000000         1.7891617212        52.0382951511       859.7347053562 
        0.1750001000         3.8100000000         1.7866127697        55.7082910561       855.9303001533 
        0.1800001000         3.8100000000         1.7942596242        59.7452865516       867.3435157618 
        0.1850001000         3.8100000000         1.7891617212        64.3327814328       859.7347053562 
        0.1900001000         3.8100000000         1.8044554301        68.1862771330       882.5611365731 
        0.1950000000         3.8100000000         1.8121022846        73.1407716047       893.9743521816 
        0.2000001000         3.8100000000         1.7993575272        76.9942673049       874.9523261675 
        0.2050001000         3.8100000000         1.8121022846        81.5817621861       893.9743521816 
        0.2100001000         3.8100000000         1.8044554301        85.8022574768       882.5611365731 
        0.2150000000         3.8100000000         1.8248470420        90.2062525628       912.9963781958 
        0.2200001000         3.8100000000         1.8324938965        95.1607470345       924.4095938043 
        0.2250001000         3.8100000000         1.8350428480        99.1977425300       928.2139990071 
        0.2300000000         3.8100000000         1.8121022846       103.6017376159       893.9743521816 
        0.2350001000         3.8100000000         1.8172001876       107.6387331114       901.5831625873 
        0.2400001000         3.8100000000         1.8528855084       112.4097277879       954.8448354269 
        0.2450001000         3.8100000000         1.8299449450       117.1807224643       920.6051886014 
        0.2500000000         3.8100000000         1.8222980905       121.7682173456       909.1919729929 
        0.2550001000         3.8100000000         1.8375917995       125.8052128410       932.0184042099 
        0.2600001000         3.8100000000         1.8401407509       130.5762075175       935.8228094127 
        0.2650001000         3.8100000000         1.8503365569       136.0812013749       951.0404302241 
        0.2700000000         3.8100000000         1.8528855084       140.3016966657       954.8448354269 
        0.2750001000         3.8100000000         1.8579834113       145.8066905231       962.4536458326 
        0.2800001000         3.8100000000         1.8401407509       149.6601862233       935.8228094127 
        0.2850000000         3.8100000000         1.8605323628       154.7981804903       966.2580510354 
        0.2900001000         3.8100000000         1.8681792173       159.7526749620       977.6712666439 
        0.2950001000         3.8100000000         1.8554344599       164.5236696385       958.6492406297 
        0.3000001000         3.8100000000         1.8707281688       169.4781641102       981.4756718467 
        0.3050000000         3.8100000000         1.8656302658       173.5151596056       973.8668614410 
        0.3100001000         3.8100000000         1.8579834113       178.2861542821       962.4536458326 
        0.3150001000         3.8100000000         1.8656302658       183.7911481395       973.8668614410 
        0.3200000000         3.8100000000         1.8681792173       188.1951432255       977.6712666439 
        0.3250001000         3.8100000000         1.8834729262       193.7001370830      1000.4976978608 
        0.3300001000         3.8100000000         1.8834729262       198.6546315547      1000.4976978608 
        0.3350001000         3.8100000000         1.8834729262       203.4256262311      1000.4976978608 
        0.3400000000         3.8100000000         1.8834729262       208.3801207028      1000.4976978608 
        0.3450001000         3.8100000000         1.8885708292       213.7016147651      1008.1065082665 
        0.3500001000         3.8100000000         1.8962176836       218.6561092368      1019.5197238750 
        0.3550001000         3.8100000000         1.8783750232       222.8766045275       992.8888874552 
        0.3600001000         3.8100000000         1.9013155866       228.1980985897      1027.1285342806 
        0.3650001000         3.8100000000         1.8936687321       232.6020936757      1015.7153186722 
        0.3700001000         3.8100000000         1.8885708292       238.2905873284      1008.1065082665 
        0.3750000000         3.8100000000         1.8860218777       242.8780822096      1004.3021030637 
        0.3800001000         3.8100000000         1.9064134896       248.0160764765      1034.7373446863 
        0.3850001000         3.8100000000         1.8987666351       253.3375705387      1023.3241290778 
        0.3900001000         3.8100000000         1.8987666351       257.9250654199      1023.3241290778 
        0.3950000000         3.8100000000         1.9013155866       263.4300592774      1027.1285342806 
        0.4000001000         3.8100000000         1.9064134896       268.3845537491      1034.7373446863 
        0.4050001000         3.8100000000         1.9115113925       274.0730474018      1042.3461550920 
        0.4100000000         3.8100000000         1.9115113925       278.6605422830      1042.3461550920 
        0.4150001000         3.8100000000         1.9013155866       283.4315369595      1027.1285342806 
        0.4200001000         3.8100000000         1.9115113925       288.3860314312      1042.3461550920 
        0.4250001000         3.8100000000         1.9089624411       294.2580248791      1038.5417498891 
        0.4300000000         3.8100000000         1.9166092955       299.2125193509      1049.9549654976 
        0.4350001000         3.8100000000         1.9191582470       304.9010130036      1053.7593707005 
        0.4400001000         3.8100000000         1.9191582470       308.9380084990      1053.7593707005 
        0.4450000000         3.8100000000         1.9268051015       314.0760027660      1065.1725863089 
        0.4500001000         3.8100000000         1.9166092955       320.4984955997      1049.9549654976 
        0.4550001000         3.8100000000         1.9089624411       325.0859904809      1038.5417498891 
        0.4600001000         3.8100000000         1.9268051015       330.7744841336      1065.1725863089 
        0.4650000000         3.8100000000         1.9166092955       335.3619790148      1049.9549654976 
        0.4700001000         3.8100000000         1.9166092955       341.2339724628      1049.9549654976 
        0.4750001000         3.8100000000         1.9089624411       346.1884669345      1038.5417498891 
        0.4800001000         3.8100000000         1.9217071985       352.2439601777      1057.5637759033 
        0.4850001000         3.8100000000         1.9217071985       357.0149548541      1057.5637759033 
        0.4900001000         3.8100000000         1.9140603440       360.3179511686      1046.1505602948 
        0.4950001000         3.8100000000         1.9140603440       359.4004521924      1046.1505602948 
        0.5000000000         3.8100000000         1.9166092955        -0.0756466995      1049.9549654976 
        0.5050001000         3.8100000000         1.9217071985        -0.0756466995      1057.5637759033 
        0.5100001000         3.8100000000         1.9038645381         1.7593512530      1030.9329394835 
        0.5150001000         3.8100000000         1.9293540529         7.4478449057      1068.9769915118 
        0.5200000000         3.8100000000         1.9140603440        12.0353397869      1046.1505602948 
        0.5250001000         3.8100000000         1.9370009074        18.2743328254      1080.3902071203 
        0.5300001000         3.8100000000         1.9064134896        22.8618277066      1034.7373446863 
        0.5350000000         3.8100000000         1.9242561500        28.5503213593      1061.3681811061 
        0.5400001000         3.8100000000         1.9268051015        33.6883156263      1065.1725863089 
        0.5450001000         3.8100000000         1.9370009074        39.7438088695      1080.3902071203 
        0.5500001000         3.8100000000         1.9166092955        44.3313037507      1049.9549654976 
        0.5550000000         3.8100000000         1.9268051015        49.4692980176      1065.1725863089 
        0.5600001000         3.8100000000         1.9370009074        54.9742918751      1080.3902071203 
        0.5650001000         3.8100000000         1.9217071985        59.3782869611      1057.5637759033 
        0.5700001000         3.8100000000         1.9217071985        65.8007797948      1057.5637759033 
        0.5750001000         3.8100000000         1.9293540529        70.3882746760      1068.9769915118 
        0.5800001000         3.8100000000         1.9319030044        75.7097687382      1072.7813967146 
        0.5850001000         3.8100000000         1.9140603440        80.4807634146      1046.1505602948 
        0.5900000000         3.8100000000         1.9013155866        85.4352578863      1027.1285342806 
        0.5950001000         3.8100000000         1.9344519559        90.9402517438      1076.5858019174 
        0.6000001000         3.8100000000         1.9446477619        95.7112464203      1091.8034227287 
        0.6050088000         3.8100000000         1.9242561500       101.3997400730      1061.3681811061 
        0.6100001000         3.8100000000         1.8962176836       106.1707347494      1019.5197238750 
        0.6150001000         3.8100000000         1.9420988104       112.0427281974      1087.9990175259 
        0.6200001000         3.8100000000         1.9344519559       117.1807224643      1076.5858019174 
        0.6250000000         3.8100000000         1.9038645381       121.4012177551      1030.9329394835 
        0.6300001000         3.8100000000         1.9395498589       127.6402107935      1084.1946123231 
        0.6350001000         3.8100000000         1.9268051015       132.5947052652      1065.1725863089 
        0.6400001000         3.8100000000         1.9140603440       138.2831989179      1046.1505602948 
        0.6450000000         3.8100000000         1.9166092955       142.8706937991      1049.9549654976 
        0.6500001000         3.8100000000         1.9344519559       148.0086880661      1076.5858019174 
        0.6550001000         3.8100000000         1.9242561500       154.2476811045      1061.3681811061 
        0.6600000000         3.8100000000         1.9064134896       158.4681763953      1034.7373446863 
        0.6650001000         3.8100000000         1.9395498589       164.7071694337      1084.1946123231 
        0.6700001000         3.8100000000         1.9242561500       169.6616639054      1061.3681811061 
        0.6750001000         3.8100000000         1.9166092955       174.7996581724      1049.9549654976 
        0.6800000000         3.8100000000         1.9319030044       180.4881518251      1072.7813967146 
        0.6850001000         3.8100000000         1.9395498589       185.6261460920      1084.1946123231 
        0.6900001000         3.8100000000         1.9268051015       191.3146397447      1065.1725863089 
        0.6950001000         3.8100000000         1.9268051015       195.5351350355      1065.1725863089 
        0.7000001000         3.8100000000         1.9268051015       201.9576278691      1065.1725863089 
        0.7050001000         3.8100000000         1.9319030044       205.9946233646      1072.7813967146 
        0.7100001000         3.8100000000         1.9344519559       212.0501166078      1076.5858019174 
        0.7150000000         3.8100000000         1.9166092955       216.4541116938      1049.9549654976 
        0.7200001000         3.8100000000         1.9217071985       222.1426053465      1057.5637759033 
        0.7250001000         3.8100000000         1.9370009074       227.2805996134      1080.3902071203 
        0.7300000000         3.8100000000         1.9344519559       232.6020936757      1076.5858019174 
        0.7350001000         3.8100000000         1.9217071985       237.7400879426      1057.5637759033 
        0.7400001000         3.8100000000         1.9166092955       243.0615820048      1049.9549654976 
        0.7450001000         3.8100000000         1.9446477619       248.9335754528      1091.8034227287 
        0.7500000000         3.8100000000         1.9268051015       253.7045701292      1065.1725863089 
        0.7550001000         3.8100000000         1.9319030044       259.5765635772      1072.7813967146 
        0.7600001000         3.8100000000         1.9293540529       263.9805586631      1068.9769915118 
        0.7650001000         3.8100000000         1.9370009074       270.2195517016      1080.3902071203 
        0.7700000000         3.8100000000         1.9293540529       274.6235467876      1068.9769915118 
        0.7750001000         3.8100000000         1.9420988104       280.8625398260      1087.9990175259 
        0.7800001000         3.8100000000         1.9166092955       285.2665349120      1049.9549654976 
        0.7850000000         3.8100000000         1.9471967133       290.9550285647      1095.6078279316 
        0.7900001000         3.8100000000         1.9293540529       295.9095230364      1068.9769915118 
        0.7950001000         3.8100000000         1.9370009074       301.9650162796      1080.3902071203 
        0.8000001000         3.8100000000         1.9395498589       306.5525111608      1084.1946123231 
        0.8050000000         3.8100000000         1.9420988104       313.1585037897      1087.9990175259 
        0.8100001000         3.8100000000         1.9344519559       317.7459986710      1076.5858019174 
        0.8150001000         3.8100000000         1.9446477619       323.4344923237      1091.8034227287 
        0.8200001000         3.8100000000         1.9497456648       329.6734853621      1099.4122331344 
        0.8250001000         3.8100000000         1.9471967133       334.0774804481      1095.6078279316 
        0.8300001000         3.8100000000         1.9370009074       339.7659741008      1080.3902071203 
        0.8350001000         3.8100000000         1.9471967133       346.1884669345      1095.6078279316 
        0.8400000000         3.8100000000         1.9446477619       350.7759618157      1091.8034227287 
        0.8450001000         3.8100000000         1.9446477619       357.0149548541      1091.8034227287 
        0.8500001000         3.8100000000         1.9344519559       360.1344513734      1076.5858019174 
        0.8550000000         3.8100000000         1.9471967133       359.4004521924      1095.6078279316 
        0.8600001000         3.8100000000         1.9471967133         0.2913528910      1095.6078279316 
        0.8650001000         3.8100000000         1.9446477619         0.1078530958      1091.8034227287 
        0.8700001000         3.8100000000         1.9370009074         2.1263508435      1080.3902071203 
        0.8750000000         3.8100000000         1.9446477619         7.6313447010      1091.8034227287 
        0.8800001000         3.8100000000         1.9446477619        13.1363385584      1091.8034227287 
        0.8850001000         3.8100000000         1.9471967133        19.3753315969      1095.6078279316 
        0.8900001000         3.8100000000         1.9395498589        23.7793266828      1084.1946123231 
        0.8950000000         3.8100000000         1.9522946163        29.8348199260      1103.2166383372 
        0.9000001000         3.8100000000         1.9446477619        35.8903131692      1091.8034227287 
        0.9050001000         3.8100000000         1.9420988104        40.8448076410      1087.9990175259 
        0.9100000000         3.8100000000         1.9701372767        46.3498014984      1129.8474747570 
        0.9150001000         3.8100000000         1.9573925193        51.6712955606      1110.8254487429 
        0.9200001000         3.8100000000         1.9344519559        56.6257900323      1076.5858019174 
        0.9250001000         3.8100000000         1.9242561500        63.0482828660      1061.3681811061 
        0.9300000000         3.8100000000         1.9471967133        67.8192775425      1095.6078279316 
        0.9350001000         3.8100000000         1.9675883252        72.5902722190      1126.0430695542 
        0.9400001000         3.8100000000         1.9395498589        78.4622656669      1084.1946123231 
        0.9450001000         3.8100000000         1.9319030044        83.7837597291      1072.7813967146 
        0.9500001000         3.8100000000         1.9344519559        88.7382542008      1076.5858019174 
        0.9550001000         3.8100000000         1.9471967133        94.0597482630      1095.6078279316 
        0.9600001000         3.8100000000         1.9344519559        99.5647421205      1076.5858019174 
        0.9650000000         3.8100000000         1.9497456648       104.8862361827      1099.4122331344 
        0.9700001000         3.8100000000         1.9446477619       110.0242304496      1091.8034227287 
        0.9750001000         3.8100000000         1.9217071985       115.5292243071      1057.5637759033 
        0.9800000000         3.8100000000         1.9471967133       121.2177179598      1095.6078279316 
        0.9850001000         3.8100000000         1.9446477619       126.1722124315      1091.8034227287 
        0.9900001000         3.8100000000         1.9395498589       131.1267069032      1084.1946123231 
        0.9950001000         3.8100000000         1.9242561500       136.8152005559      1061.3681811061 
        1.0000000000         3.8100000000         1.9344519559       142.3201944134      1076.5858019174 
        1.0050001000         3.8100000000         1.9446477619       147.6416884756      1091.8034227287 
        1.0100001000         3.8100000000         1.9370009074       153.8806815140      1080.3902071203 
        1.0150001000         3.8100000000         1.9344519559       158.4681763953      1076.5858019174 
        1.0200001000         3.8100000000         1.9497456648       164.3401698432      1099.4122331344 
        1.0250001000         3.8100000000         1.9420988104       170.2121632912      1087.9990175259 
        1.0300001000         3.8100000000         1.9370009074       174.6161583771      1080.3902071203 
        1.0350000000         3.8100000000         1.9471967133       181.0386512108      1095.6078279316 
        1.0400001000         3.8100000000         1.9573925193       186.3601452730      1110.8254487429 
        1.0450001000         3.8100000000         1.9344519559       191.3146397447      1076.5858019174 
        1.0500001000         3.8100000000         1.9319030044       196.0856344212      1072.7813967146 
        1.0550000000         3.8100000000         1.9395498589       201.9576278691      1084.1946123231 
        1.0600001000         3.8100000000         1.9548435678       207.4626217266      1107.0210435401 
        1.0650001000         3.8100000000         1.9293540529       212.7841157888      1068.9769915118 
        1.0700000000         3.8100000000         1.9497456648       218.2891096463      1099.4122331344 
        1.0750001000         3.8100000000         1.9344519559       222.5096049370      1076.5858019174 
        1.0800001000         3.8100000000         1.9420988104       228.3815983849      1087.9990175259 
        1.0850001000         3.8100000000         1.9370009074       233.8865922424      1080.3902071203 
        1.0900000000         3.8100000000         1.9497456648       239.9420854856      1099.4122331344 
        1.0950001000         3.8100000000         1.9446477619       244.8965799573      1091.8034227287 
        1.1000001000         3.8100000000         1.9370009074       250.0345742243      1080.3902071203 
        1.1050000000         3.8100000000         1.9446477619       255.5395680817      1091.8034227287 
        1.1100001000         3.8100000000         1.9344519559       260.3105627582      1076.5858019174 
        1.1150001000         3.8100000000         1.9370009074       265.4485570251      1080.3902071203 
        1.1200001000         3.8100000000         1.9395498589       271.5040502683      1084.1946123231 
        1.1250000000         3.8100000000         1.9370009074       277.1925439210      1080.3902071203 
        1.1300001000         3.8100000000         1.9471967133       282.1470383927      1095.6078279316 
        1.1350001000         3.8100000000         1.9446477619       286.9180330692      1091.8034227287 
        1.1400001000         3.8100000000         1.9395498589       293.5240256982      1084.1946123231 
        1.1450001000         3.8100000000         1.9344519559       297.7445209889      1076.5858019174 
        1.1500001000         3.8100000000         1.9446477619       303.8000142321      1091.8034227287 
        1.1550001000         3.8100000000         1.9420988104       309.4885078848      1087.9990175259 
        1.1600000000         3.8100000000         1.9446477619       314.8100019470      1091.8034227287 
        1.1650001000         3.8100000000         1.9446477619       320.1314960092      1091.8034227287 
        1.1700001000         3.8100000000         1.9573925193       326.1869892524      1110.8254487429 
        1.1750001000         3.8100000000         1.9344519559       330.7744841336      1076.5858019174 
        1.1800000000         3.8100000000         1.9446477619       337.0134771721      1091.8034227287 
        1.1850001000         3.8100000000         1.9395498589       341.7844718485      1084.1946123231 
        1.1900001000         3.8100000000         1.9573925193       348.0234648870      1110.8254487429 
        1.1950000000         3.8100000000         1.9446477619       353.3449589492      1091.8034227287 
        1.2000001000         3.8100000000         1.9319030044       358.4829532161      1072.7813967146 
        1.2050001000         3.8100000000         1.9471967133       360.3179511686      1095.6078279316 
        1.2100001000         3.8100000000         1.9446477619        79.5632644384      1091.8034227287 
        1.2150000000         3.8100000000         1.9420988104         0.1078530958      1087.9990175259 
        1.2200001000         3.8100000000         1.9420988104        -0.4426462900      1087.9990175259 
        1.2250001000         3.8100000000         1.9471967133         4.1448485913      1095.6078279316 
        1.2300000000         3.8100000000         1.9471967133         9.6498424487      1095.6078279316 
        1.2350001000         3.8100000000         1.9446477619        15.8888354872      1091.8034227287 
        1.2400001000         3.8100000000         1.9344519559        20.4763303684      1076.5858019174 
        1.2450001000         3.8100000000         1.9650393737        26.3483238163      1122.2386643514 
        1.2500000000         3.8100000000         1.9446477619        31.3028182880      1091.8034227287 
        1.2550001000         3.8100000000         1.9420988104        37.5418113265      1087.9990175259 
        1.2600001000         3.8100000000         1.9370009074        42.4963057982      1080.3902071203 
        1.2650001000         3.8100000000         1.9446477619        47.6343000652      1091.8034227287 
        1.2700001000         3.8100000000         1.9344519559        53.3227937179      1076.5858019174 
        1.2750001000         3.8100000000         1.9344519559        58.4607879848      1076.5858019174 
        1.2800001000         3.8100000000         1.9471967133        63.9657818423      1095.6078279316 
        1.2850000000         3.8100000000         1.9370009074        68.7367765187      1080.3902071203 
        1.2900001000         3.8100000000         1.9370009074        74.6087699667      1080.3902071203 
        1.2950001000         3.8100000000         1.9446477619        79.3797646431      1091.8034227287 
        1.3000001000         3.8100000000         1.9471967133        85.6187576816      1095.6078279316 
        1.3050000000         3.8100000000         1.9293540529        89.6557531771      1068.9769915118 
        1.3100001000         3.8100000000         1.9471967133        96.0782460108      1095.6078279316 
        1.3150001000         3.8100000000         1.9471967133       100.8492406872      1095.6078279316 
        1.3200000000         3.8100000000         1.9344519559       106.1707347494      1076.5858019174 
        1.3250001000         3.8100000000         1.9395498589       111.6757286069      1084.1946123231 
        1.3300001000         3.8100000000         1.9344519559       116.9972226691      1076.5858019174 
        1.3350001000         3.8100000000         1.9395498589       122.3187167313      1084.1946123231 
        1.3400000000         3.8100000000         1.9293540529       127.0897114078      1068.9769915118 
        1.3450001000         3.8100000000         1.9395498589       132.7782050605      1084.1946123231 
        1.3500001000         3.8100000000         1.9446477619       138.2831989179      1091.8034227287 
        1.3550000000         3.8100000000         1.9446477619       143.7881927754      1091.8034227287 
        1.3600001000         3.8100000000         1.9242561500       148.7426872471      1061.3681811061 
        1.3650001000         3.8100000000         1.9548435678       155.3486798760      1107.0210435401 
        1.3700001000         3.8100000000         1.9471967133       160.1196745525      1095.6078279316 
        1.3750000000         3.8100000000         1.9395498589       165.8081682052      1084.1946123231 
        1.3800001000         3.8100000000         1.9446477619       170.9461624722      1091.8034227287 
        1.3850001000         3.8100000000         1.9420988104       176.2676565344      1087.9990175259 
        1.3900001000         3.8100000000         1.9471967133       182.3231497776      1095.6078279316 
        1.3950001000         3.8100000000         1.9420988104       186.9106446588      1087.9990175259 
        1.4000001000         3.8100000000         1.9370009074       192.7826381067      1080.3902071203 
        1.4050001000         3.8100000000         1.9522946163       197.9206323737      1103.2166383372 
        1.4100000000         3.8100000000         1.9420988104       203.4256262311      1087.9990175259 
        1.4150001000         3.8100000000         1.9471967133       209.1141198838      1095.6078279316 
        1.4200001000         3.8100000000         1.9395498589       213.3346151746      1084.1946123231 
        1.4250001000         3.8100000000         1.9497456648       219.3901084178      1099.4122331344 
        1.4300000000         3.8100000000         1.9370009074       224.5281026847      1080.3902071203 
        1.4350001000         3.8100000000         1.9268051015       230.7670957232      1065.1725863089 
        1.4400001000         3.8100000000         1.9370009074       235.1710908091      1080.3902071203 
        1.4450000000         3.8100000000         1.9522946163       241.2265840523      1103.2166383372 
        1.4500016000         3.8100000000         1.9344519559       245.8140789335      1076.5858019174 
        1.4550001000         3.8100000000         1.9471967133       251.5025725862      1095.6078279316 
        1.4600001000         3.8100000000         1.9344519559       256.6405668532      1076.5858019174 
        1.4650000000         3.8100000000         1.9471967133       262.1455607107      1095.6078279316 
        1.4700001000         3.8100000000         1.9268051015       266.9165553871      1065.1725863089 
        1.4750001000         3.8100000000         1.9548435678       273.5225480161      1107.0210435401 
        1.4800000000         3.8100000000         1.9344519559       278.1100428973      1076.5858019174 
        1.4850001000         3.8100000000         1.9395498589       283.6150367547      1084.1946123231 
        1.4900001000         3.8100000000         1.9420988104       289.4870302027      1087.9990175259 
        1.4950001000         3.8100000000         1.9344519559       293.7075254934      1076.5858019174 
        1.5000000000         3.8100000000         1.9471967133       299.5795189414      1095.6078279316 
        1.5050001000         3.8100000000         1.9446477619       305.2680125941      1091.8034227287 
        1.5100001000         3.8100000000         1.9293540529       310.2225070658      1068.9769915118 
        1.5150001000         3.8100000000         1.9497456648       316.2780003090      1099.4122331344 
        1.5200001000         3.8100000000         1.9395498589       320.8654951902      1084.1946123231 
        1.5250001000         3.8100000000         1.9370009074       326.3704890476      1080.3902071203 
        1.5300001000         3.8100000000         1.9522946163       332.9764816766      1103.2166383372 
        1.5350000000         3.8100000000         1.9420988104       337.3804767625      1087.9990175259 
        1.5400001000         3.8100000000         1.9548435678       343.9864693915      1107.0210435401 
        1.5450001000         3.8100000000         1.9471967133       348.9409638632      1095.6078279316 
        1.5500001000         3.8100000000         1.9370009074       354.4459577207      1080.3902071203 
        1.5550000000         3.8100000000         1.9573925193       360.3179511686      1110.8254487429 
        1.5600001000         3.8100000000         1.9471967133       359.4004521924      1095.6078279316 
        1.5650001000         3.8100000000         1.9293540529        79.7467642336      1068.9769915118 
        1.5700000000         3.8100000000         1.9370009074         0.1078530958      1080.3902071203 
        1.5750001000         3.8100000000         1.9522946163         0.4748526863      1103.2166383372 
        1.5800001000         3.8100000000         1.9497456648         5.4293471580      1099.4122331344 
        1.5850001000         3.8100000000         1.9319030044        10.3838416297      1072.7813967146 
        1.5900000000         3.8100000000         1.9395498589        16.4393348729      1084.1946123231 
        1.5950001000         3.8100000000         1.9344519559        21.5773291399      1076.5858019174 
        1.6000001000         3.8100000000         1.9471967133        27.9998219736      1095.6078279316 
        1.6050000000         3.8100000000         1.9446477619        32.7708166500      1091.8034227287 
        1.6100001000         3.8100000000         1.9268051015        37.9088109170      1065.1725863089 
        1.6150001000         3.8100000000         1.9573925193        43.9643041602      1110.8254487429 
        1.6200001000         3.8100000000         1.9420988104        49.1022984271      1087.9990175259 
        1.6250000000         3.8100000000         1.9370009074        54.7907920798      1080.3902071203 
        1.6300001000         3.8100000000         1.9446477619        59.7452865516      1091.8034227287 
        1.6350011000         3.8100000000         1.9599414708        65.0667806138      1114.6298539457 
        1.6400001000         3.8100000000         1.9268051015        70.0212750855      1065.1725863089 
        1.6450001000         3.8100000000         1.9268051015        76.0767683287      1065.1725863089 
        1.6500001000         3.8100000000         1.9497456648        81.0312628004      1099.4122331344 
        1.6550001000         3.8100000000         1.9268051015        85.8022574768      1065.1725863089 
        1.6600000000         3.8100000000         1.9420988104        91.8577507200      1087.9990175259 
        1.6650001000         3.8100000000         1.9522946163        96.2617458060      1103.2166383372 
        1.6700001000         3.8100000000         1.9370009074       102.5007388445      1080.3902071203 
        1.6750001000         3.8100000000         1.9319030044       107.2717335209      1072.7813967146 
        1.6800000000         3.8100000000         1.9522946163       112.5932275831      1103.2166383372 
        1.6850001000         3.8100000000         1.9344519559       117.9147216453      1076.5858019174 
        1.6900001000         3.8100000000         1.9420988104       123.0527159123      1087.9990175259 
        1.6950000000         3.8100000000         1.9319030044       129.1082091555      1072.7813967146 
        1.7000001000         3.8100000000         1.9522946163       133.6957040367      1103.2166383372 
        1.7050001000         3.8100000000         1.9497456648       139.9346970752      1099.4122331344 
        1.7100001000         3.8100000000         1.9344519559       144.7056917516      1076.5858019174 
        1.7150000000         3.8100000000         1.9293540529       150.2106856091      1068.9769915118 
        1.7200001000         3.8100000000         1.9573925193       155.8991792618      1110.8254487429 
        1.7250030000         3.8100000000         1.9420988104       161.4041731192      1087.9990175259 
        1.7300000000         3.8100000000         1.9420988104       166.7256671814      1087.9990175259 
        1.7350001000         3.8100000000         1.9497456648       172.2306610389      1099.4122331344 
        1.7400001000         3.8100000000         1.9471967133       177.7356548963      1095.6078279316 
        1.7450001000         3.8100000000         1.9395498589       182.8736491633      1084.1946123231 
        1.7500000000         3.8100000000         1.9344519559       187.8281436350      1076.5858019174 
        1.7550001000         3.8100000000         1.9675883252       194.6176360592      1126.0430695542 
        1.7600001000         3.8100000000         1.9344519559       198.8381313499      1076.5858019174 
        1.7650001000         3.8100000000         1.9293540529       204.7101247979      1068.9769915118 
        1.7700001000         3.8100000000         1.9471967133       210.0316188601      1095.6078279316 
        1.7750001000         3.8100000000         1.9471967133       215.5366127175      1095.6078279316 
        1.7800001000         3.8100000000         1.9522946163       220.8581067797      1103.2166383372 
        1.7850000000         3.8100000000         1.9420988104       225.9961010467      1087.9990175259 
        1.7900001000         3.8100000000         1.9370009074       230.9505955184      1080.3902071203 
        1.7950001000         3.8100000000         1.9471967133       236.8225889664      1095.6078279316 
        1.8000001000         3.8100000000         1.9370009074       241.9605832333      1080.3902071203 
        1.8050000000         3.8100000000         1.9471967133       247.6490768860      1095.6078279316 
        1.8100001000         3.8100000000         1.9471967133       252.7870711530      1095.6078279316 
        1.8150001000         3.8100000000         1.9471967133       258.2920650104      1095.6078279316 
        1.8200000000         3.8100000000         1.9344519559       263.9805586631      1076.5858019174 
        1.8250001000         3.8100000000         1.9344519559       268.7515533396      1076.5858019174 
        1.8300001000         3.8100000000         1.9675883252       275.1740461733      1126.0430695542 
        1.8350001000         3.8100000000         1.9370009074       279.3945414640      1080.3902071203 
        1.8400000000         3.8100000000         1.9344519559       285.6335345025      1076.5858019174 
        1.8450001000         3.8100000000         1.9471967133       290.5880289742      1095.6078279316 
        1.8500001000         3.8100000000         1.9522946163       296.0930228316      1103.2166383372 
        1.8550000000         3.8100000000         1.9370009074       301.2310170986      1080.3902071203 
        1.8600001000         3.8100000000         1.9497456648       307.6535099323      1099.4122331344 
        1.8650001000         3.8100000000         1.9471967133       312.4245046088      1095.6078279316 
        1.8700001000         3.8100000000         1.9420988104       317.3789990805      1087.9990175259 
        1.8750000000         3.8100000000         1.9573925193       323.8014919142      1110.8254487429 
        1.8800001000         3.8100000000         1.9344519559       328.9394861811      1076.5858019174 
        1.8850001000         3.8100000000         1.9420988104       334.4444800386      1087.9990175259 
        1.8900001000         3.8100000000         1.9624904223       339.9494738960      1118.4342591486 
        1.8950001000         3.8100000000         1.9471967133       345.6379675487      1095.6078279316 
        1.9000001000         3.8100000000         1.9395498589       351.1429614062      1084.1946123231 
        1.9050001000         3.8100000000         1.9395498589       357.0149548541      1084.1946123231 
        1.9100000000         3.8100000000         1.9370009074       359.9509515781      1080.3902071203 
        1.9150001000         3.8100000000         1.9573925193       359.5839519876      1110.8254487429 
        1.9200001000         3.8100000000         1.9497456648         4.1448485913      1099.4122331344 
        1.9250010000         3.8100000000         1.9573925193         0.6583524815      1110.8254487429 
        1.9300000000         3.8100000000         1.9548435678         2.1263508435      1107.0210435401 
        1.9350001000         3.8100000000         1.9471967133         7.6313447010      1095.6078279316 
        1.9400001000         3.8100000000         1.9573925193        13.1363385584      1110.8254487429 
        1.9450000000         3.8100000000         1.9599414708        18.6413324159      1114.6298539457 
        1.9500001000         3.8100000000         1.9522946163        24.8803254543      1103.2166383372 
        1.9550001000         3.8100000000         1.9420988104        30.0183197213      1087.9990175259 
        1.9600052000         3.8100000000         1.9420988104        35.1563139883      1087.9990175259 
        1.9650000000         3.8100000000         1.9599414708        41.2118072315      1114.6298539457 
        1.9700001000         3.8100000000         1.9446477619        46.1663017032      1091.8034227287 
        1.9750001000         3.8100000000         1.9370009074        51.1207961749      1080.3902071203 
        1.9800000000         3.8100000000         1.9675883252        57.7267888038      1126.0430695542 
        1.9850001000         3.8100000000         1.9446477619        61.9472840945      1091.8034227287 
        1.9900001000         3.8100000000         1.9522946163        68.3697769282      1103.2166383372 
        1.9950001000         3.8100000000         1.9344519559        72.7737720142      1076.5858019174 
        2.0000000000         3.8100000000         1.9624904223        78.2787658717      1118.4342591486 
        2.0050001000         3.8100000000         1.9370009074        83.7837597291      1080.3902071203 
        2.0100001000         3.8100000000         1.9293540529        88.7382542008      1068.9769915118 
        2.0150001000         3.8100000000         1.9675883252        94.7937474440      1126.0430695542 
        2.0200001000         3.8100000000         1.9497456648        99.9317417110      1099.4122331344 
        2.0250001000         3.8100000000         1.9446477619       105.4367355684      1091.8034227287 
        2.0300001000         3.8100000000         1.9497456648       110.9417294259      1099.4122331344 
        2.0350001000         3.8100000000         1.9599414708       115.3457245119      1114.6298539457 
        2.0400001000         3.8100000000         1.9370009074       121.2177179598      1080.3902071203 
        2.0450108000         3.8100000000         1.9268051015       126.5392120220      1065.1725863089 
        2.0500001000         3.8100000000         1.9548435678       131.6772062890      1107.0210435401 
        2.0550000000         3.8100000000         1.9471967133       137.5491997369      1095.6078279316 
        2.0600001000         3.8100000000         1.9344519559       143.0541935944      1076.5858019174 
        2.0650001000         3.8100000000         1.9573925193       148.7426872471      1110.8254487429 
        2.0700000000         3.8100000000         1.9548435678       153.8806815140      1107.0210435401 
        2.0750001000         3.8100000000         1.9319030044       159.5691751667      1072.7813967146 
        2.0800001000         3.8100000000         1.9395498589       165.2576688194      1084.1946123231 
        2.0850001000         3.8100000000         1.9573925193       170.3956630864      1110.8254487429 
        2.0900000000         3.8100000000         1.9522946163       176.2676565344      1103.2166383372 
        2.0950001000         3.8100000000         1.9471967133       181.9561501871      1095.6078279316 
        2.1000001000         3.8100000000         1.9420988104       186.3601452730      1087.9990175259 
        2.1050000000         3.8100000000         1.9471967133       192.7826381067      1095.6078279316 
        2.1100001000         3.8100000000         1.9471967133       197.5536327832      1095.6078279316 
        2.1150001000         3.8100000000         1.9420988104       202.5081272549      1087.9990175259 
        2.1200038000         3.8100000000         1.9548435678       208.3801207028      1107.0210435401 
        2.1250000000         3.8100000000         1.9471967133       214.2521141508      1095.6078279316 
        2.1300001000         3.8100000000         1.9370009074       218.4726094415      1080.3902071203 
        2.1350023000         3.8100000000         1.9497456648       224.3446028895      1099.4122331344 
        2.1400001000         3.8100000000         1.9497456648       229.6660969517      1099.4122331344 
        2.1450000000         3.8100000000         1.9471967133       234.9875910139      1095.6078279316 
        2.1500001000         3.8100000000         1.9497456648       241.0430842571      1099.4122331344 
        2.1550001000         3.8100000000         1.9471967133       245.8140789335      1095.6078279316 
        2.1600001000         3.8100000000         1.9446477619       251.3190727910      1091.8034227287 
        2.1650001000         3.8100000000         1.9471967133       256.6405668532      1095.6078279316 
        2.1700001000         3.8100000000         1.9446477619       262.3290605059      1091.8034227287 
        2.1750129000         3.8100000000         1.9522946163       267.8340543634      1103.2166383372 
        2.1800001000         3.8100000000         1.9344519559       272.9720486303      1076.5858019174 
        2.1850001000         3.8100000000         1.9268051015       277.9265431020      1065.1725863089 
        2.1900001000         3.8100000000         1.9471967133       283.6150367547      1095.6078279316 
        2.1950000000         3.8100000000         1.9599414708       289.1200306122      1114.6298539457 
        2.2000001000         3.8100000000         1.9420988104       294.6250244696      1087.9990175259 
        2.2050001000         3.8100000000         1.9395498589       299.9465185319      1084.1946123231 
        2.2100001000         3.8100000000         1.9471967133       305.2680125941      1095.6078279316 
        2.2150000000         3.8100000000         1.9573925193       310.9565062468      1110.8254487429 
        2.2200001000         3.8100000000         1.9548435678       315.9110007185      1107.0210435401 
        2.2250001000         3.8100000000         1.9370009074       321.5994943712      1080.3902071203 
        2.2300000000         3.8100000000         1.9319030044       327.1044882286      1072.7813967146 
        2.2350001000         3.8100000000         1.9650393737       332.9764816766      1122.2386643514 
        2.2400001000         3.8100000000         1.9420988104       337.9309761483      1087.9990175259 
        2.2450001000         3.8100000000         1.9370009074       343.8029695962      1080.3902071203 
        2.2500000000         3.8100000000         1.9395498589       349.1244636585      1084.1946123231 
        2.2550001000         3.8100000000         1.9522946163       355.1799569017      1103.2166383372 
        2.2600001000         3.8100000000         1.9471967133       360.1344513734      1095.6078279316 
        2.2650001000         3.8100000000         1.9395498589       359.4004521924      1084.1946123231 
        2.2700000000         3.8100000000         1.9573925193        79.9302640289      1110.8254487429 
        2.2750001000         3.8100000000         1.9471967133        -0.0756466995      1095.6078279316 
        2.2800001000         3.8100000000         1.9344519559         0.6583524815      1076.5858019174 
        2.2850001000         3.8100000000         1.9420988104         5.7963467485      1087.9990175259 
        2.2900001000         3.8100000000         1.9548435678        11.4848404012      1107.0210435401 
        2.2950001000         3.8100000000         1.9522946163        16.9898342587      1103.2166383372 
        2.3000001000         3.8100000000         1.9420988104        22.8618277066      1087.9990175259 
        2.3050001000         3.8100000000         1.9344519559        28.3668215641      1076.5858019174 
        2.3100001000         3.8100000000         1.9548435678        34.2388150120      1107.0210435401 
        2.3150122000         3.8100000000         1.9497456648        38.6428100980      1099.4122331344 
        2.3200000000         3.8100000000         1.9497456648        44.8818031364      1099.4122331344 
        2.3250001000         3.8100000000         1.9395498589        49.2857982224      1084.1946123231 
        2.3300001000         3.8100000000         1.9573925193        55.8917908513      1110.8254487429 
        2.3350001000         3.8100000000         1.9370009074        60.1122861421      1080.3902071203 
        2.3400000000         3.8100000000         1.9548435678        66.5347789758      1107.0210435401 
        2.3450001000         3.8100000000         1.9471967133        71.1222738570      1095.6078279316 
        2.3500001000         3.8100000000         1.9420988104        76.8107675097      1087.9990175259 
        2.3550000000         3.8100000000         1.9370009074        82.1322615719      1080.3902071203 
        2.3600001000         3.8100000000         1.9395498589        87.2702558388      1084.1946123231 
        2.3650016000         3.8100000000         1.9701372767        93.1422492868      1129.8474747570 
        2.3700001000         3.8100000000         1.9395498589        97.5462443727      1084.1946123231 
        2.3750000000         3.8100000000         1.9344519559       103.4182378207      1076.5858019174 
        2.3800001000         3.8100000000         1.9370009074       108.7397318829      1080.3902071203 
        2.3850001000         3.8100000000         1.9522946163       113.6942263546      1103.2166383372 
        2.3900001000         3.8100000000         1.9471967133       120.1167191883      1095.6078279316 
        2.3950000000         3.8100000000         1.9446477619       124.8877138648      1091.8034227287 
        2.4000001000         3.8100000000         1.9573925193       130.3927077222      1110.8254487429 
        2.4050001000         3.8100000000         1.9420988104       136.2647011702      1087.9990175259 
        2.4100001000         3.8100000000         1.9217071985       141.2191956419      1057.5637759033 
        2.4150001000         3.8100000000         1.9599414708       146.7241894993      1114.6298539457 
        2.4200054000         3.8100000000         1.9471967133       152.2291833568      1095.6078279316 
        2.4250001000         3.8100000000         1.9344519559       157.1836778285      1076.5858019174 
        2.4300001000         3.8100000000         1.9548435678       163.2391710717      1107.0210435401 
        2.4350001000         3.8100000000         1.9446477619       168.5606651339      1091.8034227287 
        2.4400064000         3.8100000000         1.9471967133       174.6161583771      1095.6078279316 
        2.4450000000         3.8100000000         1.9471967133       179.0201534631      1095.6078279316 
        2.4500001000         3.8100000000         1.9573925193       185.0756467063      1110.8254487429 
        2.4550001000         3.8100000000         1.9344519559       190.2136409732      1076.5858019174 
        2.4600001000         3.8100000000         1.9497456648       196.2691342164      1099.4122331344 
        2.4650000000         3.8100000000         1.9446477619       201.4071284834      1091.8034227287 
        2.4700001000         3.8100000000         1.9446477619       206.3616229551      1091.8034227287 
        2.4750001000         3.8100000000         1.9497456648       212.0501166078      1099.4122331344 
        2.4800000000         3.8100000000         1.9344519559       217.0046110795      1076.5858019174 
        2.4850001000         3.8100000000         1.9548435678       222.8766045275      1107.0210435401 
        2.4900001000         3.8100000000         1.9420988104       228.1980985897      1087.9990175259 
        2.4950001000         3.8100000000         1.9370009074       233.5195926519      1080.3902071203 
        2.5000000000         3.8100000000         1.9548435678       239.0245865093      1107.0210435401 
        2.5050001000         3.8100000000         1.9420988104       243.9790809811      1087.9990175259 
        2.5100001000         3.8100000000         1.9675883252       250.2180740195      1126.0430695542 
        2.5150001000         3.8100000000         1.9344519559       255.1725684912      1076.5858019174 
        2.5200000000         3.8100000000         1.9446477619       260.4940625534      1091.8034227287 
        2.5250001000         3.8100000000         1.9548435678       265.4485570251      1107.0210435401 
        2.5300001000         3.8100000000         1.9420988104       271.3205504731      1087.9990175259 
        2.5350001000         3.8100000000         1.9471967133       276.6420445353      1095.6078279316 
        2.5400001000         3.8100000000         1.9446477619       282.1470383927      1091.8034227287 
        2.5450001000         3.8100000000         1.9395498589       286.9180330692      1084.1946123231 
        2.5500001000         3.8100000000         1.9497456648       292.9735263124      1099.4122331344 
        2.5550001000         3.8100000000         1.9548435678       298.8455197604      1107.0210435401 
        2.5600100000         3.8100000000         1.9344519559       303.2495148463      1076.5858019174 
        2.5650001000         3.8100000000         1.9497456648       309.6720076800      1099.4122331344 
        2.5700000000         3.8100000000         1.9395498589       313.8925029707      1084.1946123231 
        2.5750001000         3.8100000000         1.9573925193       320.4984955997      1110.8254487429 
        2.5800001000         3.8100000000         1.9548435678       325.8199896619      1107.0210435401 
        2.5850001000         3.8100000000         1.9446477619       330.9579839289      1091.8034227287 
        2.5900000000         3.8100000000         1.9319030044       336.0959781958      1072.7813967146 
        2.5950001000         3.8100000000         1.9650393737       342.5184710295      1122.2386643514 
        2.6000058000         3.8100000000         1.9522946163       347.8399650917      1103.2166383372 
        2.6050000000         3.8100000000         1.9471967133       353.5284587444      1095.6078279316 
        2.6100001000         3.8100000000         1.9395498589       358.8499528066      1084.1946123231 
        2.6150001000         3.8100000000         1.9497456648       359.9509515781      1099.4122331344 
        2.6200001000         3.8100000000         1.9497456648        79.9302640289      1099.4122331344 
        2.6250000000         3.8100000000         1.9446477619        -0.0756466995      1091.8034227287 
        2.6300001000         3.8100000000         1.9522946163         0.6583524815      1103.2166383372 
        2.6350001000         3.8100000000         1.9471967133         4.8788477723      1095.6078279316 
        2.6400001000         3.8100000000         1.9497456648         9.4663426535      1099.4122331344 
        2.6450000000         3.8100000000         1.9497456648        15.3383361014      1099.4122331344 
        2.6500001000         3.8100000000         1.9471967133        21.0268297541      1095.6078279316 
        2.6550001000         3.8100000000         1.9548435678        26.1648240211      1107.0210435401 
        2.6600001000         3.8100000000         1.9497456648        32.5873168548      1099.4122331344 
        2.6650001000         3.8100000000         1.9395498589        37.3583115312      1084.1946123231 
        2.6700001000         3.8100000000         1.9446477619        43.2303049792      1091.8034227287 
        2.6750001000         3.8100000000         1.9573925193        48.3682992461      1110.8254487429 
        2.6800001000         3.8100000000         1.9268051015        53.3227937179      1065.1725863089 
        2.6850034000         3.8100000000         1.9370009074        59.9287863468      1080.3902071203 
        2.6900001000         3.8100000000         1.9344519559        63.9657818423      1076.5858019174 
        2.6950000000         3.8100000000         1.9650393737        70.3882746760      1122.2386643514 
        2.7000001000         3.8100000000         1.9319030044        74.7922697619      1072.7813967146 
        2.7050001000         3.8100000000         1.9471967133        80.4807634146      1095.6078279316 
        2.7100001000         3.8100000000         1.9471967133        85.8022574768      1095.6078279316 
        2.7150000000         3.8100000000         1.9599414708        91.6742509248      1114.6298539457 
        2.7200001000         3.8100000000         1.9319030044        96.4452456013      1072.7813967146 
        2.7250001000         3.8100000000         1.9446477619       101.7667396635      1091.8034227287 
        2.7300055000         3.8100000000         1.9573925193       106.9047339304      1110.8254487429 
        2.7350001000         3.8100000000         1.9471967133       112.9602271736      1095.6078279316 
        2.7400052000         3.8100000000         1.9242561500       117.3642222596      1061.3681811061 
        2.7450001000         3.8100000000         1.9548435678       122.8692161170      1107.0210435401 
        2.7500000000         3.8100000000         1.9471967133       129.1082091555      1095.6078279316 
        2.7550001000         3.8100000000         1.9268051015       133.5122042415      1065.1725863089 
        2.7600001000         3.8100000000         1.9497456648       139.0171980989      1099.4122331344 
        2.7650001000         3.8100000000         1.9497456648       144.7056917516      1099.4122331344 
        2.7700000000         3.8100000000         1.9319030044       150.2106856091      1072.7813967146 
        2.7750001000         3.8100000000         1.9344519559       154.9816802855      1076.5858019174 
        2.7800001000         3.8100000000         1.9573925193       160.6701739382      1110.8254487429 
        2.7850050000         3.8100000000         1.9548435678       167.0926667719      1107.0210435401 
        2.7900001000         3.8100000000         1.9370009074       172.0471612436      1080.3902071203 
        2.7950001000         3.8100000000         1.9420988104       177.5521551011      1087.9990175259 
        2.8000001000         3.8100000000         1.9471967133       182.6901493681      1095.6078279316 
        2.8050001000         3.8100000000         1.9446477619       188.5621428160      1091.8034227287 
        2.8100001000         3.8100000000         1.9471967133       193.5166372877      1095.6078279316 
        2.8150001000         3.8100000000         1.9446477619       199.0216311452      1091.8034227287 
        2.8200000000         3.8100000000         1.9471967133       204.7101247979      1095.6078279316 
        2.8250001000         3.8100000000         1.9344519559       209.2976196791      1076.5858019174 
        2.8300001000         3.8100000000         1.9446477619       215.5366127175      1091.8034227287 
        2.8350001000         3.8100000000         1.9522946163       220.4911071892      1103.2166383372 
        2.8400000000         3.8100000000         1.9522946163       226.5466004324      1103.2166383372 
        2.8450001000         3.8100000000         1.9293540529       230.7670957232      1068.9769915118 
        2.8500001000         3.8100000000         1.9471967133       236.4555893759      1095.6078279316 
        2.8550000000         3.8100000000         1.9548435678       242.6945824143      1107.0210435401 
        2.8600001000         3.8100000000         1.9344519559       247.0985775003      1076.5858019174 
        2.8650001000         3.8100000000         1.9319030044       252.6035713577      1072.7813967146 
        2.8700001000         3.8100000000         1.9420988104       258.2920650104      1087.9990175259 
        2.8750000000         3.8100000000         1.9471967133       263.4300592774      1095.6078279316 
        2.8800001000         3.8100000000         1.9446477619       269.1185529301      1091.8034227287 
        2.8850001000         3.8100000000         1.9471967133       274.4400469923      1095.6078279316 
        2.8900001000         3.8100000000         1.9497456648       279.7615410545      1099.4122331344 
        2.8950000000         3.8100000000         1.9344519559       284.5325357310      1076.5858019174 
        2.9000001000         3.8100000000         1.9446477619       290.5880289742      1091.8034227287 
        2.9050001000         3.8100000000         1.9497456648       295.5425234459      1099.4122331344 
        2.9100019000         3.8100000000         1.9497456648       301.4145168938      1099.4122331344 
        2.9150001000         3.8100000000         1.9573925193       307.4700101370      1110.8254487429 
        2.9200001000         3.8100000000         1.9370009074       312.4245046088      1080.3902071203 
        2.9250001000         3.8100000000         1.9497456648       317.9294984662      1099.4122331344 
        2.9300001000         3.8100000000         1.9599414708       322.8839929379      1114.6298539457 
        2.9350001000         3.8100000000         1.9573925193       329.1229859764      1110.8254487429 
        2.9400001000         3.8100000000         1.9370009074       333.7104808576      1080.3902071203 
        2.9450000000         3.8100000000         1.9319030044       339.9494738960      1072.7813967146 
        2.9500001000         3.8100000000         1.9624904223       345.6379675487      1118.4342591486 
        2.9550001000         3.8100000000         1.9471967133       350.9594616109      1095.6078279316 
        2.9600001000         3.8100000000         1.9548435678       357.0149548541      1107.0210435401 
        2.9650000000         3.8100000000         1.9446477619       359.9509515781      1091.8034227287 
        2.9700001000         3.8100000000         1.9420988104       359.4004521924      1087.9990175259 
        2.9750001000         3.8100000000         1.9344519559        79.7467642336      1076.5858019174 
        2.9800000000         3.8100000000         1.9471967133        -0.0756466995      1095.6078279316 
        2.9850001000         3.8100000000         1.9624904223         2.6768502293      1118.4342591486 
        2.9900001000         3.8100000000         1.9548435678         7.6313447010      1107.0210435401 
        2.9950001000         3.8100000000         1.9446477619        13.5033381489      1091.8034227287 
        3.0000000000         3.8100000000         1.9446477619        18.4578326206      1091.8034227287 
        3.0050001000         3.8100000000         1.9446477619        23.7793266828      1091.8034227287 
        3.0100001000         3.8100000000         1.9624904223        30.3853193118      1118.4342591486 
        3.0150001000         3.8100000000         1.9370009074        35.1563139883      1080.3902071203 
        3.0200000000         3.8100000000         1.9319030044        39.9273086647      1072.7813967146 
        3.0250001000         3.8100000000         1.9471967133        45.4323025222      1095.6078279316 
        3.0300001000         3.8100000000         1.9446477619        51.1207961749      1091.8034227287 
        3.0350001000         3.8100000000         1.9548435678        57.1762894181      1107.0210435401 
        3.0400001000         3.8100000000         1.9446477619        61.5802845040      1091.8034227287 
        3.0450001000         3.8100000000         1.9471967133        67.8192775425      1095.6078279316 
        3.0500007000         3.8100000000         1.9268051015        72.4067724237      1065.1725863089 
        3.0550001000         3.8100000000         1.9471967133        78.4622656669      1095.6078279316 
        3.0600001000         3.8100000000         1.9497456648        82.8662607529      1099.4122331344 
        3.0650001000         3.8100000000         1.9497456648        89.1052537913      1099.4122331344 
        3.0700000000         3.8100000000         1.9217071985        93.1422492868      1057.5637759033 
        3.0750001000         3.8100000000         1.9420988104        99.5647421205      1087.9990175259 
        3.0800033000         3.8100000000         1.9599414708       103.9687372064      1114.6298539457 
        3.0850001000         3.8100000000         1.9344519559       109.2902312687      1076.5858019174 
        3.0900000000         3.8100000000         1.9319030044       114.9787249214      1072.7813967146 
        3.0950001000         3.8100000000         1.9471967133       120.3002189836      1095.6078279316 
        3.1000001000         3.8100000000         1.9268051015       125.6217130458      1065.1725863089 
        3.1050000000         3.8100000000         1.9497456648       131.6772062890      1099.4122331344 
        3.1100001000         3.8100000000         1.9471967133       136.4482009654      1095.6078279316 
        3.1150046000         3.8100000000         1.9420988104       142.1366946181      1087.9990175259 
        3.1200001000         3.8100000000         1.9268051015       146.9076892946      1065.1725863089 
        3.1250000000         3.8100000000         1.9471967133       152.9631825378      1095.6078279316 
        3.1300001000         3.8100000000         1.9471967133       158.2846766000      1095.6078279316 
        3.1350001000         3.8100000000         1.9446477619       163.6061706622      1091.8034227287 
        3.1400001000         3.8100000000         1.9420988104       169.1111645197      1087.9990175259 
        3.1450007000         3.8100000000         1.9446477619       175.3501575581      1091.8034227287 
        3.1500001000         3.8100000000         1.9471967133       180.4881518251      1095.6078279316 
        3.1550001000         3.8100000000         1.9497456648       185.6261460920      1099.4122331344 
        3.1600001000         3.8100000000         1.9471967133       191.4981395400      1095.6078279316 
        3.1650001000         3.8100000000         1.9420988104       195.9021346259      1087.9990175259 
        3.1700001000         3.8100000000         1.9370009074       201.7741280739      1080.3902071203 
        3.1750001000         3.8100000000         1.9344519559       206.7286225456      1076.5858019174 
        3.1800001000         3.8100000000         1.9420988104       212.2336164031      1087.9990175259 
        3.1850018000         3.8100000000         1.9446477619       217.7386102605      1091.8034227287 
        3.1900001000         3.8100000000         1.9370009074       222.3261051417      1080.3902071203 
        3.1950000000         3.8100000000         1.9471967133       228.9320977707      1095.6078279316 
        3.2000001000         3.8100000000         1.9497456648       234.0700920376      1099.4122331344 
        3.2050001000         3.8100000000         1.9420988104       238.4740871236      1087.9990175259 
        3.2100001000         3.8100000000         1.9395498589       244.5295803668      1084.1946123231 
        3.2150000000         3.8100000000         1.9446477619       249.3005750433      1091.8034227287 
        3.2200001000         3.8100000000         1.9293540529       254.9890686960      1068.9769915118 
        3.2250001000         3.8100000000         1.9522946163       260.4940625534      1103.2166383372 
        3.2300000000         3.8100000000         1.9319030044       266.3660560014      1072.7813967146 
        3.2350001000         3.8100000000         1.9446477619       271.3205504731      1091.8034227287 
        3.2400001000         3.8100000000         1.9471967133       276.8255443305      1095.6078279316 
        3.2450001000         3.8100000000         1.9420988104       281.7800388023      1087.9990175259 
        3.2500000000         3.8100000000         1.9344519559       286.9180330692      1076.5858019174 
        3.2550001000         3.8100000000         1.9395498589       292.4230269267      1084.1946123231 
        3.2600001000         3.8100000000         1.9573925193       298.2950203746      1110.8254487429 
        3.2650001000         3.8100000000         1.9395498589       303.0660150511      1084.1946123231 
        3.2700000000         3.8100000000         1.9420988104       309.1215082943      1087.9990175259 
        3.2750001000         3.8100000000         1.9370009074       314.0760027660      1080.3902071203 
        3.2800001000         3.8100000000         1.9471967133       319.9479962139      1095.6078279316 
        3.2850001000         3.8100000000         1.9446477619       324.9024906856      1091.8034227287 
        3.2900039000         3.8100000000         1.9395498589       330.5909843384      1084.1946123231 
        3.2950001000         3.8100000000         1.9573925193       336.8299773768      1110.8254487429 
        3.3000001000         3.8100000000         1.9420988104       341.9679716438      1087.9990175259 
        3.3050001000         3.8100000000         1.9471967133       348.2069646822      1095.6078279316 
        3.3100001000         3.8100000000         1.9497456648       353.7119585397      1099.4122331344 
        3.3150001000         3.8100000000         1.9548435678       358.1159536256      1107.0210435401 
        3.3200000000         3.8100000000         1.9573925193       360.1344513734      1110.8254487429 
        3.3250001000         3.8100000000         1.9268051015        79.0127650526      1065.1725863089 
        3.3300001000         3.8100000000         1.9344519559        -0.4426462900      1076.5858019174 
        3.3350001000         3.8100000000         1.9573925193         0.6583524815      1110.8254487429 
        3.3400000000         3.8100000000         1.9446477619         3.9613487960      1091.8034227287 
        3.3450001000         3.8100000000         1.9293540529         9.0993430630      1068.9769915118 
        3.3500001000         3.8100000000         1.9319030044        15.1548363062      1072.7813967146 
        3.3550000000         3.8100000000         1.9497456648        20.8433299589      1099.4122331344 
        3.3600001000         3.8100000000         1.9420988104        26.3483238163      1087.9990175259 
        3.3650001000         3.8100000000         1.9497456648        32.0368174690      1099.4122331344 
        3.3700001000         3.8100000000         1.9573925193        37.1748117360      1110.8254487429 
        3.3750000000         3.8100000000         1.9370009074        42.1293062077      1080.3902071203 
        3.3800001000         3.8100000000         1.9471967133        48.3682992461      1095.6078279316 
        3.3850001000         3.8100000000         1.9370009074        53.1392939226      1080.3902071203 
        3.3900001000         3.8100000000         1.9573925193        58.8277875753      1110.8254487429 
        3.3950000000         3.8100000000         1.9446477619        64.1492816375      1091.8034227287 
        3.4000001000         3.8100000000         1.9395498589        69.8377752902      1084.1946123231 
        3.4050001000         3.8100000000         1.9446477619        74.9757695572      1091.8034227287 
        3.4100001000         3.8100000000         1.9573925193        79.9302640289      1110.8254487429 
        3.4150001000         3.8100000000         1.9370009074        85.2517580911      1080.3902071203 
        3.4200001000         3.8100000000         1.9242561500        90.3897523581      1061.3681811061 
        3.4250001000         3.8100000000         1.9420988104        96.0782460108      1087.9990175259 
        3.4300001000         3.8100000000         1.9471967133       101.0327404825      1095.6078279316 
        3.4350001000         3.8100000000         1.9268051015       105.8037351589      1065.1725863089 
        3.4400001000         3.8100000000         1.9446477619       110.9417294259      1091.8034227287 
        3.4450000000         3.8100000000         1.9344519559       116.9972226691      1076.5858019174 
        3.4500001000         3.8100000000         1.9395498589       122.3187167313      1084.1946123231 
        3.4550001000         3.8100000000         1.9319030044       126.9062116125      1072.7813967146 
        3.4600001000         3.8100000000         1.9446477619       132.7782050605      1091.8034227287 
        3.4650000000         3.8100000000         1.9293540529       137.9161993274      1068.9769915118 
        3.4700027000         3.8100000000         1.9268051015       143.7881927754      1065.1725863089 
        3.4750001000         3.8100000000         1.9497456648       149.1096868376      1099.4122331344 
        3.4800000000         3.8100000000         1.9446477619       154.6146806950      1091.8034227287 
        3.4850001000         3.8100000000         1.9370009074       159.7526749620      1080.3902071203 
        3.4900001000         3.8100000000         1.9471967133       166.1751677957      1095.6078279316 
        3.4950001000         3.8100000000         1.9548435678       170.9461624722      1107.0210435401 
        3.5000000000         3.8100000000         1.9446477619       177.0016557154      1091.8034227287 
        3.5050001000         3.8100000000         1.9344519559       181.9561501871      1076.5858019174 
        3.5100001000         3.8100000000         1.9395498589       186.7271448635      1084.1946123231 
        3.5150001000         3.8100000000         1.9497456648       193.1496376972      1099.4122331344 
        3.5200000000         3.8100000000         1.9420988104       197.5536327832      1087.9990175259 
        3.5250001000         3.8100000000         1.9471967133       203.4256262311      1095.6078279316 
        3.5300001000         3.8100000000         1.9420988104       208.7471202933      1087.9990175259 
        3.5350046000         3.8100000000         1.9370009074       213.5181149698      1080.3902071203 
        3.5400014000         3.8100000000         1.9319030044       219.0231088273      1072.7813967146 
        3.5450001000         3.8100000000         1.9344519559       224.1611030942      1076.5858019174 
        3.5500001000         3.8100000000         1.9471967133       229.6660969517      1095.6078279316 
        3.5550001000         3.8100000000         1.9446477619       234.8040912186      1091.8034227287 
        3.5600001000         3.8100000000         1.9319030044       241.2265840523      1072.7813967146 
        3.5650001000         3.8100000000         1.9395498589       245.8140789335      1084.1946123231 
        3.5700000000         3.8100000000         1.9497456648       252.2365717672      1099.4122331344 
        3.5750001000         3.8100000000         1.9446477619       256.6405668532      1091.8034227287 
        3.5800001000         3.8100000000         1.9446477619       262.6960600964      1091.8034227287 
        3.5850001000         3.8100000000         1.9268051015       267.2835549776      1065.1725863089 
        3.5900000000         3.8100000000         1.9497456648       273.7060478113      1099.4122331344 
        3.5950001000         3.8100000000         1.9497456648       277.9265431020      1099.4122331344 
        3.6000001000         3.8100000000         1.9497456648       283.9820363452      1099.4122331344 
        3.6050000000         3.8100000000         1.9446477619       288.5695312264      1091.8034227287 
        3.6100001000         3.8100000000         1.9370009074       294.9920240601      1080.3902071203 
        3.6150001000         3.8100000000         1.9370009074       299.9465185319      1080.3902071203 
        3.6200001000         3.8100000000         1.9446477619       305.2680125941      1091.8034227287 
        3.6250000000         3.8100000000         1.9471967133       310.4060068610      1095.6078279316 
        3.6300001000         3.8100000000         1.9548435678       316.6449998995      1107.0210435401 
        3.6350001000         3.8100000000         1.9293540529       321.0489949854      1068.9769915118 
        3.6400001000         3.8100000000         1.9344519559       326.5539888429      1076.5858019174 
        3.6450000000         3.8100000000         1.9624904223       333.1599814718      1118.4342591486 
        3.6500001000         3.8100000000         1.9471967133       337.7474763530      1095.6078279316 
        3.6550001000         3.8100000000         1.9420988104       343.2524702105      1087.9990175259 
        3.6600001000         3.8100000000         1.9344519559       348.9409638632      1076.5858019174 
        3.6650001000         3.8100000000         1.9497456648       355.3634566969      1099.4122331344 
        3.6700001000         3.8100000000         1.9446477619       359.4004521924      1091.8034227287 
        3.6750001000         3.8100000000         1.9420988104       359.9509515781      1087.9990175259 
        3.6800001000         3.8100000000         1.9370009074        79.5632644384      1080.3902071203 
        3.6850001000         3.8100000000         1.9471967133        -0.4426462900      1095.6078279316 
        3.6900001000         3.8100000000         1.9293540529         0.6583524815      1068.9769915118 
        3.6950000000         3.8100000000         1.9522946163         6.1633463390      1103.2166383372 
        3.7000001000         3.8100000000         1.9497456648        11.1178408107      1099.4122331344 
        3.7050001000         3.8100000000         1.9395498589        16.2558350777      1084.1946123231 
        3.7100001000         3.8100000000         1.9446477619        22.8618277066      1091.8034227287 
        3.7150000000         3.8100000000         1.9548435678        27.6328223831      1107.0210435401 
        3.7200001000         3.8100000000         1.9497456648        33.5048158310      1099.4122331344 
        3.7250001000         3.8100000000         1.9650393737        39.0098096885      1122.2386643514 
        3.7300000000         3.8100000000         1.9370009074        44.3313037507      1080.3902071203 
        3.7350001000         3.8100000000         1.9344519559        49.6527978129      1076.5858019174 
        3.7400001000         3.8100000000         1.9446477619        54.7907920798      1091.8034227287 
        3.7450001000         3.8100000000         1.9344519559        59.7452865516      1076.5858019174 
        3.7500000000         3.8100000000         1.9446477619        65.9842795900      1091.8034227287 
        3.7550001000         3.8100000000         1.9446477619        70.3882746760      1091.8034227287 
        3.7600001000         3.8100000000         1.9471967133        76.8107675097      1095.6078279316 
        3.7650001000         3.8100000000         1.9268051015        81.0312628004      1065.1725863089 
        3.7700000000         3.8100000000         1.9471967133        87.2702558388      1095.6078279316 
        3.7750001000         3.8100000000         1.9471967133        92.0412505153      1095.6078279316 
        3.7800001000         3.8100000000         1.9573925193        97.3627445775      1110.8254487429 
        3.7850001000         3.8100000000         1.9268051015       102.3172390492      1065.1725863089 
        3.7900001000         3.8100000000         1.9497456648       107.8222329067      1099.4122331344 
        3.7950001000         3.8100000000         1.9624904223       113.3272267641      1118.4342591486 
        3.8000001000         3.8100000000         1.9370009074       118.6487208263      1080.3902071203 
        3.8050001000         3.8100000000         1.9166092955       123.4197155028      1049.9549654976 
        3.8100001000         3.8100000000         1.9675883252       129.8422083365      1126.0430695542 
        3.8150051000         3.8100000000         1.9370009074       134.7967028082      1080.3902071203 
        3.8200000000         3.8100000000         1.9217071985       139.5676974847      1057.5637759033 
        3.8250001000         3.8100000000         1.9573925193       146.1736901136      1110.8254487429 
        3.8300001000         3.8100000000         1.9522946163       151.1281845853      1103.2166383372 
        3.8350001000         3.8100000000         1.9319030044       156.0826790570      1072.7813967146 
        3.8400000000         3.8100000000         1.9242561500       161.5876729145      1061.3681811061 
        3.8450001000         3.8100000000         1.9420988104       167.0926667719      1087.9990175259 
        3.8500001000         3.8100000000         1.9548435678       173.3316598104      1107.0210435401 
        3.8550000000         3.8100000000         1.9268051015       177.9191546916      1065.1725863089 
        3.8600001000         3.8100000000         1.9395498589       183.2406487538      1084.1946123231 
        3.8650001000         3.8100000000         1.9548435678       189.8466413827      1107.0210435401 
        3.8700001000         3.8100000000         1.9471967133       194.9846356497      1095.6078279316 
        3.8750000000         3.8100000000         1.9268051015       199.3886307357      1065.1725863089 
        3.8800001000         3.8100000000         1.9573925193       205.2606241836      1110.8254487429 
        3.8850001000         3.8100000000         1.9446477619       210.5821182458      1091.8034227287 
        3.8900001000         3.8100000000         1.9471967133       216.4541116938      1095.6078279316 
        3.8950000000         3.8100000000         1.9370009074       220.8581067797      1080.3902071203 
        3.9000001000         3.8100000000         1.9497456648       226.7301002277      1099.4122331344 
        3.9050001000         3.8100000000         1.9395498589       231.8680944947      1084.1946123231 
        3.9100001000         3.8100000000         1.9446477619       237.0060887616      1091.8034227287 
        3.9150001000         3.8100000000         1.9446477619       242.8780822096      1091.8034227287 
        3.9200001000         3.8100000000         1.9471967133       248.1995762718      1095.6078279316 
        3.9250001000         3.8100000000         1.9573925193       254.2550695150      1110.8254487429 
        3.9300001000         3.8100000000         1.9344519559       259.0260641914      1076.5858019174 
        3.9350001000         3.8100000000         1.9599414708       265.0815574346      1114.6298539457 
        3.9400001000         3.8100000000         1.9471967133       270.0360519063      1095.6078279316 
        3.9450000000         3.8100000000         1.9370009074       275.1740461733      1080.3902071203 
        3.9500001000         3.8100000000         1.9497456648       280.3120404403      1099.4122331344 
        3.9550001000         3.8100000000         1.9471967133       285.8170342977      1095.6078279316 
        3.9600001000         3.8100000000         1.9573925193       291.5055279504      1110.8254487429 
        3.9650000000         3.8100000000         1.9370009074       297.1940216031      1080.3902071203 
        3.9700001000         3.8100000000         1.9446477619       302.6990154606      1091.8034227287 
        3.9750001000         3.8100000000         1.9599414708       308.5710089085      1114.6298539457 
        3.9800000000         3.8100000000         1.9548435678       313.5255033802      1107.0210435401 
        3.9850001000         3.8100000000         1.9370009074       318.6634976472      1080.3902071203 
        3.9900001000         3.8100000000         1.9573925193       325.0859904809      1110.8254487429 
        3.9950001000         3.8100000000         1.9395498589       329.6734853621      1084.1946123231 
