           Time[sec]           V_{cmd}[V]          V_{gyro}[V]          \theta[deg] \omega_{gyro}[deg/sec] 
        0.0000000000         2.7450000000         1.2130986854        79.7467642336        -0.0380440520 
        0.0050000000         2.7450000000         1.2207455399        80.4807634146        11.3751715565 
        0.0100000000         2.7450000000         1.2156476369        80.1137638241         3.7663611508 
        0.0150000000         2.7450000000         1.2130986854        78.6457654622        -0.0380440520 
        0.0200000000         2.7450000000         1.2130986854        79.9302640289        -0.0380440520 
        0.0250000000         2.7450000000         1.2130986854        79.9302640289        -0.0380440520 
        0.0300000000         2.7450000000         1.2130986854        79.9302640289        -0.0380440520 
        0.0350018000         2.7450000000         1.2130986854        80.1137638241        -0.0380440520 
        0.0400000000         2.7450000000         1.2130986854        79.3797646431        -0.0380440520 
        0.0450000000         2.7450000000         1.2564308607        79.7467642336        64.6368443961 
        0.0500018000         2.7450000000         1.2411371518         0.6583524815        41.8104131791 
        0.0550000000         2.7450000000         1.2334902973         0.2913528910        30.3971975706 
        0.0600006000         2.7450000000         1.2564308607         0.6583524815        64.6368443961 
        0.0650000000         2.7450000000         1.2309413458        -0.2591464947        26.5927923678 
        0.0700000000         2.7450000000         1.2309413458        -0.4426462900        26.5927923678 
        0.0750000000         2.7450000000         1.2334902973        -0.2591464947        30.3971975706 
        0.0800000000         2.7450000000         1.2258434428        -0.2591464947        18.9839819621 
        0.0850000000         2.7450000000         1.2334902973         0.2913528910        30.3971975706 
        0.0900000000         2.7450000000         1.2334902973        -0.0756466995        30.3971975706 
        0.0950000000         2.7450000000         1.2334902973         0.1078530958        30.3971975706 
        0.1000000000         2.7450000000         1.2411371518         0.4748526863        41.8104131791 
        0.1050000000         2.7450000000         1.2334902973         0.6583524815        30.3971975706 
        0.1100000000         2.7450000000         1.2385882003         0.6583524815        38.0060079763 
        0.1150000000         2.7450000000         1.2207455399        -0.2591464947        11.3751715565 
        0.1200000000         2.7450000000         1.2309413458         0.1078530958        26.5927923678 
        0.1250000000         2.7450000000         1.2309413458         0.1078530958        26.5927923678 
        0.1300000000         2.7450000000         1.2232944913        -0.4426462900        15.1795767593 
        0.1350000000         2.7450000000         1.2334902973        -0.2591464947        30.3971975706 
        0.1400000000         2.7450000000         1.2334902973         0.1078530958        30.3971975706 
        0.1450000000         2.7450000000         1.2258434428        -0.2591464947        18.9839819621 
        0.1500000000         2.7450000000         1.2283923943        -0.2591464947        22.7883871649 
        0.1550000000         2.7450000000         1.2436861032         0.6583524815        45.6148183819 
        0.1600000000         2.7450000000         1.2385882003        -0.0756466995        38.0060079763 
        0.1650000000         2.7450000000         1.2436861032         0.6583524815        45.6148183819 
        0.1700000000         2.7450000000         1.2487840062         0.1078530958        53.2236287876 
        0.1750000000         2.7450000000         1.2411371518        -0.0756466995        41.8104131791 
        0.1800001000         2.7450000000         1.2487840062         0.6583524815        53.2236287876 
        0.1850000000         2.7450000000         1.2360392488        -0.4426462900        34.2016027734 
        0.1900000000         2.7450000000         1.2411371518         0.1078530958        41.8104131791 
        0.1950000000         2.7450000000         1.2513329577         0.6583524815        57.0280339904 
        0.2000000000         2.7450000000         1.2487840062         0.6583524815        53.2236287876 
        0.2050000000         2.7450000000         1.2462350547        -0.0756466995        49.4192235847 
        0.2100000000         2.7450000000         1.2411371518         0.1078530958        41.8104131791 
        0.2150000000         2.7450000000         1.2360392488        -0.4426462900        34.2016027734 
        0.2200000000         2.7450000000         1.2411371518        -0.0756466995        41.8104131791 
        0.2250000000         2.7450000000         1.2436861032         0.1078530958        45.6148183819 
        0.2300000000         2.7450000000         1.2411371518         0.1078530958        41.8104131791 
        0.2350000000         2.7450000000         1.2462350547         0.2913528910        49.4192235847 
        0.2400000000         2.7450000000         1.2462350547         0.6583524815        49.4192235847 
        0.2450000000         2.7450000000         1.2436861032         0.1078530958        45.6148183819 
        0.2500000000         2.7450000000         1.2360392488         0.1078530958        34.2016027734 
        0.2550000000         2.7450000000         1.2411371518        -0.2591464947        41.8104131791 
        0.2600000000         2.7450000000         1.2564308607         0.1078530958        64.6368443961 
        0.2650000000         2.7450000000         1.2411371518         0.6583524815        41.8104131791 
        0.2700000000         2.7450000000         1.2411371518         0.2913528910        41.8104131791 
        0.2750000000         2.7450000000         1.2436861032         0.8418522768        45.6148183819 
        0.2800000000         2.7450000000         1.2360392488         0.1078530958        34.2016027734 
        0.2850000000         2.7450000000         1.2360392488         0.6583524815        34.2016027734 
        0.2900001000         2.7450000000         1.2309413458         0.1078530958        26.5927923678 
        0.2950000000         2.7450000000         1.2360392488         0.8418522768        34.2016027734 
        0.3000000000         2.7450000000         1.2436861032         1.3923516625        45.6148183819 
        0.3050000000         2.7450000000         1.2462350547         1.5758514578        49.4192235847 
        0.3100000000         2.7450000000         1.2411371518         1.7593512530        41.8104131791 
        0.3150000000         2.7450000000         1.2309413458         0.8418522768        26.5927923678 
        0.3200000000         2.7450000000         1.2411371518         1.5758514578        41.8104131791 
        0.3250000000         2.7450000000         1.2411371518         1.7593512530        41.8104131791 
        0.3300000000         2.7450000000         1.2360392488         1.7593512530        34.2016027734 
        0.3350000000         2.7450000000         1.2334902973         1.7593512530        30.3971975706 
        0.3400000000         2.7450000000         1.2462350547         2.6768502293        49.4192235847 
        0.3450000000         2.7450000000         1.2411371518         2.4933504340        41.8104131791 
        0.3500000000         2.7450000000         1.2411371518         2.6768502293        41.8104131791 
        0.3550000000         2.7450000000         1.2360392488         2.1263508435        34.2016027734 
        0.3600000000         2.7450000000         1.2513329577         3.5943492055        57.0280339904 
        0.3650000000         2.7450000000         1.2487840062         3.7778490008        53.2236287876 
        0.3700000000         2.7450000000         1.2513329577         3.9613487960        57.0280339904 
        0.3750000000         2.7450000000         1.2462350547         3.5943492055        49.4192235847 
        0.3800000000         2.7450000000         1.2513329577         4.5118481818        57.0280339904 
        0.3850000000         2.7450000000         1.2436861032         4.3283483865        45.6148183819 
        0.3900000000         2.7450000000         1.2513329577         5.0623475675        57.0280339904 
        0.3950000000         2.7450000000         1.2462350547         5.0623475675        49.4192235847 
        0.4000000000         2.7450000000         1.2487840062         5.2458473627        53.2236287876 
        0.4050000000         2.7450000000         1.2411371518         5.0623475675        41.8104131791 
        0.4100000000         2.7450000000         1.2411371518         4.8788477723        41.8104131791 
        0.4150001000         2.7450000000         1.2385882003         5.0623475675        38.0060079763 
        0.4200000000         2.7450000000         1.2334902973         5.0623475675        30.3971975706 
        0.4250000000         2.7450000000         1.2334902973         6.5303459295        30.3971975706 
        0.4300000000         2.7450000000         1.2436861032         6.5303459295        45.6148183819 
        0.4350000000         2.7450000000         1.2283923943         5.7963467485        22.7883871649 
        0.4400000000         2.7450000000         1.2436861032         6.8973455200        45.6148183819 
        0.4450000000         2.7450000000         1.2411371518         6.7138457247        41.8104131791 
        0.4500000000         2.7450000000         1.2411371518         7.2643451105        41.8104131791 
        0.4550000000         2.7450000000         1.2436861032         7.4478449057        45.6148183819 
        0.4600000000         2.7450000000         1.2411371518         7.6313447010        41.8104131791 
        0.4650000000         2.7450000000         1.2334902973         7.2643451105        30.3971975706 
        0.4700000000         2.7450000000         1.2360392488         7.4478449057        34.2016027734 
        0.4750000000         2.7450000000         1.2334902973         7.6313447010        30.3971975706 
        0.4800000000         2.7450000000         1.2283923943         7.2643451105        22.7883871649 
        0.4850000000         2.7450000000         1.2360392488         7.8148444962        34.2016027734 
        0.4900000000         2.7450000000         1.2411371518         8.5488436772        41.8104131791 
        0.4950000000         2.7450000000         1.2487840062         8.1818440867        53.2236287876 
        0.5000000000         2.7450000000         1.2436861032         9.0993430630        45.6148183819 
        0.5050000000         2.7450000000         1.2411371518         8.7323434725        41.8104131791 
        0.5100000000         2.7450000000         1.2411371518         8.9158432677        41.8104131791 
        0.5150000000         2.7450000000         1.2334902973         8.5488436772        30.3971975706 
        0.5200000000         2.7450000000         1.2360392488         8.9158432677        34.2016027734 
        0.5250000000         2.7450000000         1.2360392488         9.0993430630        34.2016027734 
        0.5300000000         2.7450000000         1.2513329577        10.3838416297        57.0280339904 
        0.5350000000         2.7450000000         1.2462350547        10.5673414250        49.4192235847 
        0.5400000000         2.7450000000         1.2564308607        10.7508412202        64.6368443961 
        0.5450000000         2.7450000000         1.2385882003        10.5673414250        38.0060079763 
        0.5500000000         2.7450000000         1.2513329577        11.1178408107        57.0280339904 
        0.5550000000         2.7450000000         1.2360392488        10.3838416297        34.2016027734 
        0.5600000000         2.7450000000         1.2385882003        10.7508412202        38.0060079763 
        0.5650000000         2.7450000000         1.2487840062        11.6683401964        53.2236287876 
        0.5700001000         2.7450000000         1.2513329577        12.2188395822        57.0280339904 
        0.5750000000         2.7450000000         1.2360392488        11.8518399917        34.2016027734 
        0.5800000000         2.7450000000         1.2411371518        11.4848404012        41.8104131791 
        0.5850000000         2.7450000000         1.2334902973        12.4023393774        30.3971975706 
        0.5900000000         2.7450000000         1.2411371518        12.5858391727        41.8104131791 
        0.5950000000         2.7450000000         1.2538819092        13.3198383537        60.8324391932 
        0.6000000000         2.7450000000         1.2513329577        12.9528387632        57.0280339904 
        0.6050000000         2.7450000000         1.2487840062        13.6868379442        53.2236287876 
        0.6100000000         2.7450000000         1.2411371518        13.6868379442        41.8104131791 
        0.6150000000         2.7450000000         1.2436861032        13.6868379442        45.6148183819 
        0.6200000000         2.7450000000         1.2360392488        13.5033381489        34.2016027734 
        0.6250000000         2.7450000000         1.2513329577        14.6043369204        57.0280339904 
        0.6300000000         2.7450000000         1.2487840062        14.4208371252        53.2236287876 
        0.6350000000         2.7450000000         1.2436861032        14.7878367157        45.6148183819 
        0.6400000000         2.7450000000         1.2487840062        14.9713365109        53.2236287876 
        0.6450000000         2.7450000000         1.2411371518        15.1548363062        41.8104131791 
        0.6500000000         2.7450000000         1.2411371518        15.3383361014        41.8104131791 
        0.6550000000         2.7450000000         1.2462350547        15.7053356919        49.4192235847 
        0.6600000000         2.7450000000         1.2411371518        15.5218358967        41.8104131791 
        0.6650000000         2.7450000000         1.2436861032        16.4393348729        45.6148183819 
        0.6700000000         2.7450000000         1.2436861032        16.6228346682        45.6148183819 
        0.6750000000         2.7450000000         1.2589798122        16.8063344634        68.4412495989 
        0.6800000000         2.7450000000         1.2462350547        17.3568338492        49.4192235847 
        0.6850000000         2.7450000000         1.2411371518        16.9898342587        41.8104131791 
        0.6900000000         2.7450000000         1.2615287636        18.2743328254        72.2456548017 
        0.6950001000         2.7450000000         1.2513329577        18.0908330301        57.0280339904 
        0.7000000000         2.7450000000         1.2462350547        17.9073332349        49.4192235847 
        0.7050000000         2.7450000000         1.2538819092        18.8248322111        60.8324391932 
        0.7100000000         2.7450000000         1.2487840062        18.6413324159        53.2236287876 
        0.7150000000         2.7450000000         1.2538819092        18.8248322111        60.8324391932 
        0.7200000000         2.7450000000         1.2513329577        19.5588313921        57.0280339904 
        0.7250000000         2.7450000000         1.2589798122        20.4763303684        68.4412495989 
        0.7300000000         2.7450000000         1.2436861032        19.7423311874        45.6148183819 
        0.7350000000         2.7450000000         1.2513329577        20.4763303684        57.0280339904 
        0.7400000000         2.7450000000         1.2487840062        20.2928305731        53.2236287876 
        0.7450000000         2.7450000000         1.2538819092        21.3938293446        60.8324391932 
        0.7500000000         2.7450000000         1.2538819092        21.7608289351        60.8324391932 
        0.7550000000         2.7450000000         1.2436861032        21.5773291399        45.6148183819 
        0.7600000000         2.7450000000         1.2564308607        21.7608289351        64.6368443961 
        0.7650000000         2.7450000000         1.2360392488        21.7608289351        34.2016027734 
        0.7700000000         2.7450000000         1.2411371518        22.4948281161        41.8104131791 
        0.7750000000         2.7450000000         1.2436861032        22.6783279114        45.6148183819 
        0.7800000000         2.7450000000         1.2564308607        22.8618277066        64.6368443961 
        0.7850000000         2.7450000000         1.2385882003        22.6783279114        38.0060079763 
        0.7900000000         2.7450000000         1.2487840062        23.4123270924        53.2236287876 
        0.7950000000         2.7450000000         1.2436861032        23.7793266828        45.6148183819 
        0.8000000000         2.7450000000         1.2411371518        24.3298260686        41.8104131791 
        0.8050000000         2.7450000000         1.2436861032        23.9628264781        45.6148183819 
        0.8100000000         2.7450000000         1.2513329577        24.8803254543        57.0280339904 
        0.8150000000         2.7450000000         1.2436861032        25.0638252496        45.6148183819 
        0.8200001000         2.7450000000         1.2462350547        24.6968256591        49.4192235847 
        0.8250000000         2.7450000000         1.2436861032        24.8803254543        45.6148183819 
        0.8300000000         2.7450000000         1.2538819092        25.7978244306        60.8324391932 
        0.8350000000         2.7450000000         1.2411371518        25.4308248401        41.8104131791 
        0.8400000000         2.7450000000         1.2385882003        25.4308248401        38.0060079763 
        0.8450000000         2.7450000000         1.2334902973        25.9813242258        30.3971975706 
        0.8500000000         2.7450000000         1.2309413458        25.6143246353        26.5927923678 
        0.8550000000         2.7450000000         1.2309413458        25.7978244306        26.5927923678 
        0.8600000000         2.7450000000         1.2360392488        26.5318236116        34.2016027734 
        0.8650000000         2.7450000000         1.2360392488        26.8988232021        34.2016027734 
        0.8700000000         2.7450000000         1.2360392488        27.4493225878        34.2016027734 
        0.8750000000         2.7450000000         1.2360392488        27.0823229973        34.2016027734 
        0.8800000000         2.7450000000         1.2436861032        27.8163221783        45.6148183819 
        0.8850000000         2.7450000000         1.2334902973        27.4493225878        30.3971975706 
        0.8900000000         2.7450000000         1.2385882003        27.8163221783        38.0060079763 
        0.8950000000         2.7450000000         1.2411371518        28.1833217688        41.8104131791 
        0.9000000000         2.7450000000         1.2411371518        27.9998219736        41.8104131791 
        0.9050000000         2.7450000000         1.2360392488        28.1833217688        34.2016027734 
        0.9100000000         2.7450000000         1.2436861032        28.7338211546        45.6148183819 
        0.9150000000         2.7450000000         1.2360392488        28.5503213593        34.2016027734 
        0.9200000000         2.7450000000         1.2360392488        29.2843205403        34.2016027734 
        0.9250000000         2.7450000000         1.2334902973        28.7338211546        30.3971975706 
        0.9300000000         2.7450000000         1.2360392488        28.9173209498        34.2016027734 
        0.9350000000         2.7450000000         1.2411371518        29.2843205403        41.8104131791 
        0.9400000000         2.7450000000         1.2360392488        29.2843205403        34.2016027734 
        0.9450001000         2.7450000000         1.2283923943        29.1008207451        22.7883871649 
        0.9500000000         2.7450000000         1.2334902973        29.6513201308        30.3971975706 
        0.9550000000         2.7450000000         1.2385882003        30.0183197213        38.0060079763 
        0.9600000000         2.7450000000         1.2436861032        30.7523189023        45.6148183819 
        0.9650000000         2.7450000000         1.2360392488        30.0183197213        34.2016027734 
        0.9700000000         2.7450000000         1.2487840062        30.7523189023        53.2236287876 
        0.9750000000         2.7450000000         1.2360392488        31.3028182880        34.2016027734 
        0.9800000000         2.7450000000         1.2436861032        30.9358186975        45.6148183819 
        0.9850000000         2.7450000000         1.2334902973        31.1193184928        30.3971975706 
        0.9900000000         2.7450000000         1.2334902973        30.9358186975        30.3971975706 
        0.9950000000         2.7450000000         1.2334902973        31.1193184928        30.3971975706 
        1.0000000000         2.7450000000         1.2411371518        31.4863180833        41.8104131791 
        1.0050000000         2.7450000000         1.2334902973        31.3028182880        30.3971975706 
        1.0100000000         2.7450000000         1.2334902973        31.6698178785        30.3971975706 
        1.0150000000         2.7450000000         1.2513329577        32.7708166500        57.0280339904 
        1.0200000000         2.7450000000         1.2513329577        32.9543164453        57.0280339904 
        1.0250000000         2.7450000000         1.2487840062        32.7708166500        53.2236287876 
        1.0300000000         2.7450000000         1.2462350547        32.9543164453        49.4192235847 
        1.0350000000         2.7450000000         1.2385882003        32.9543164453        38.0060079763 
        1.0400000000         2.7450000000         1.2360392488        33.6883156263        34.2016027734 
        1.0450000000         2.7450000000         1.2487840062        33.6883156263        53.2236287876 
        1.0500000000         2.7450000000         1.2462350547        34.0553152168        49.4192235847 
        1.0550000000         2.7450000000         1.2487840062        34.4223148073        53.2236287876 
        1.0600000000         2.7450000000         1.2513329577        34.6058146025        57.0280339904 
        1.0650000000         2.7450000000         1.2513329577        34.9728141930        57.0280339904 
        1.0700000000         2.7450000000         1.2436861032        34.7893143978        45.6148183819 
        1.0750000000         2.7450000000         1.2411371518        34.9728141930        41.8104131791 
        1.0800000000         2.7450000000         1.2462350547        35.1563139883        49.4192235847 
        1.0850012000         2.7450000000         1.2513329577        35.8903131692        57.0280339904 
        1.0900000000         2.7450000000         1.2411371518        35.7068133740        41.8104131791 
        1.0950000000         2.7450000000         1.2589798122        36.9913119407        68.4412495989 
        1.1000000000         2.7450000000         1.2462350547        36.9913119407        49.4192235847 
        1.1050000000         2.7450000000         1.2513329577        37.1748117360        57.0280339904 
        1.1100000000         2.7450000000         1.2487840062        37.7253111217        53.2236287876 
        1.1150000000         2.7450000000         1.2513329577        38.0923107122        57.0280339904 
        1.1200000000         2.7450000000         1.2462350547        37.9088109170        49.4192235847 
        1.1250000000         2.7450000000         1.2513329577        38.4593103027        57.0280339904 
        1.1300000000         2.7450000000         1.2411371518        37.7253111217        41.8104131791 
        1.1350000000         2.7450000000         1.2360392488        38.0923107122        34.2016027734 
        1.1400000000         2.7450000000         1.2436861032        38.6428100980        45.6148183819 
        1.1450000000         2.7450000000         1.2411371518        38.4593103027        41.8104131791 
        1.1500000000         2.7450000000         1.2436861032        39.1933094837        45.6148183819 
        1.1550000000         2.7450000000         1.2436861032        39.3768092790        45.6148183819 
        1.1600000000         2.7450000000         1.2513329577        40.2943082552        57.0280339904 
        1.1650000000         2.7450000000         1.2436861032        39.9273086647        45.6148183819 
        1.1700000000         2.7450000000         1.2436861032        40.2943082552        45.6148183819 
        1.1750000000         2.7450000000         1.2385882003        39.9273086647        38.0060079763 
        1.1800000000         2.7450000000         1.2513329577        40.6613078457        57.0280339904 
        1.1850000000         2.7450000000         1.2487840062        40.8448076410        53.2236287876 
        1.1900000000         2.7450000000         1.2436861032        40.8448076410        45.6148183819 
        1.1950000000         2.7450000000         1.2360392488        41.0283074362        34.2016027734 
        1.2000000000         2.7450000000         1.2436861032        41.5788068220        45.6148183819 
        1.2050000000         2.7450000000         1.2360392488        41.2118072315        34.2016027734 
        1.2100000000         2.7450000000         1.2385882003        41.9458064125        38.0060079763 
        1.2150000000         2.7450000000         1.2462350547        42.8633053887        49.4192235847 
        1.2200000000         2.7450000000         1.2385882003        42.3128060029        38.0060079763 
        1.2250000000         2.7450000000         1.2462350547        43.0468051839        49.4192235847 
        1.2300000000         2.7450000000         1.2436861032        43.0468051839        45.6148183819 
        1.2350000000         2.7450000000         1.2360392488        43.0468051839        34.2016027734 
        1.2400000000         2.7450000000         1.2360392488        43.0468051839        34.2016027734 
        1.2450000000         2.7450000000         1.2334902973        43.2303049792        30.3971975706 
        1.2500000000         2.7450000000         1.2334902973        43.0468051839        30.3971975706 
        1.2550000000         2.7450000000         1.2309413458        43.0468051839        26.5927923678 
        1.2600006000         2.7450000000         1.2436861032        43.9643041602        45.6148183819 
        1.2650000000         2.7450000000         1.2360392488        43.9643041602        34.2016027734 
        1.2700000000         2.7450000000         1.2385882003        44.1478039554        38.0060079763 
        1.2750000000         2.7450000000         1.2462350547        44.6983033412        49.4192235847 
        1.2800000000         2.7450000000         1.2436861032        44.8818031364        45.6148183819 
        1.2850000000         2.7450000000         1.2360392488        44.5148035459        34.2016027734 
        1.2900000000         2.7450000000         1.2360392488        44.6983033412        34.2016027734 
        1.2950000000         2.7450000000         1.2334902973        44.8818031364        30.3971975706 
        1.3000000000         2.7450000000         1.2513329577        46.1663017032        57.0280339904 
        1.3050000000         2.7450000000         1.2360392488        45.2488027269        34.2016027734 
        1.3100000000         2.7450000000         1.2462350547        45.4323025222        49.4192235847 
        1.3150000000         2.7450000000         1.2436861032        46.1663017032        45.6148183819 
        1.3200000000         2.7450000000         1.2411371518        46.3498014984        41.8104131791 
        1.3250000000         2.7450000000         1.2513329577        47.2673004747        57.0280339904 
        1.3300000000         2.7450000000         1.2462350547        46.9003008842        49.4192235847 
        1.3350000000         2.7450000000         1.2487840062        47.2673004747        53.2236287876 
        1.3400000000         2.7450000000         1.2513329577        47.8177998604        57.0280339904 
        1.3450000000         2.7450000000         1.2538819092        48.1847994509        60.8324391932 
        1.3500000000         2.7450000000         1.2462350547        48.0012996557        49.4192235847 
        1.3550000000         2.7450000000         1.2462350547        48.1847994509        49.4192235847 
        1.3600000000         2.7450000000         1.2411371518        48.1847994509        41.8104131791 
        1.3650000000         2.7450000000         1.2436861032        48.1847994509        45.6148183819 
        1.3700000000         2.7450000000         1.2487840062        48.9187986319        53.2236287876 
        1.3750000000         2.7450000000         1.2513329577        49.2857982224        57.0280339904 
        1.3800000000         2.7450000000         1.2462350547        49.6527978129        49.4192235847 
        1.3850000000         2.7450000000         1.2462350547        49.6527978129        49.4192235847 
        1.3900000000         2.7450000000         1.2436861032        50.2032971986        45.6148183819 
        1.3950000000         2.7450000000         1.2538819092        50.5702967891        60.8324391932 
        1.4000000000         2.7450000000         1.2334902973        49.8362976081        30.3971975706 
        1.4050000000         2.7450000000         1.2360392488        50.2032971986        34.2016027734 
        1.4100000000         2.7450000000         1.2513329577        51.3042959701        57.0280339904 
        1.4150000000         2.7450000000         1.2538819092        50.9372963796        60.8324391932 
        1.4200000000         2.7450000000         1.2411371518        51.3042959701        41.8104131791 
        1.4250000000         2.7450000000         1.2436861032        51.1207961749        45.6148183819 
        1.4300000000         2.7450000000         1.2436861032        52.0382951511        45.6148183819 
        1.4350000000         2.7450000000         1.2462350547        51.4877957654        49.4192235847 
        1.4400000000         2.7450000000         1.2462350547        52.7722943321        49.4192235847 
        1.4450000000         2.7450000000         1.2436861032        52.9557941274        45.6148183819 
        1.4500000000         2.7450000000         1.2360392488        52.5887945369        34.2016027734 
        1.4550000000         2.7450000000         1.2283923943        52.2217949464        22.7883871649 
        1.4600000000         2.7450000000         1.2283923943        52.5887945369        22.7883871649 
        1.4650000000         2.7450000000         1.2411371518        53.6897933084        41.8104131791 
        1.4700000000         2.7450000000         1.2334902973        52.7722943321        30.3971975706 
        1.4750000000         2.7450000000         1.2334902973        53.5062935131        30.3971975706 
        1.4800000000         2.7450000000         1.2462350547        53.8732931036        49.4192235847 
        1.4850000000         2.7450000000         1.2334902973        53.6897933084        30.3971975706 
        1.4900000000         2.7450000000         1.2360392488        53.5062935131        34.2016027734 
        1.4950000000         2.7450000000         1.2360392488        53.5062935131        34.2016027734 
        1.5000000000         2.7450000000         1.2411371518        54.7907920798        41.8104131791 
        1.5050000000         2.7450000000         1.2462350547        54.4237924893        49.4192235847 
        1.5100000000         2.7450000000         1.2411371518        55.1577916703        41.8104131791 
        1.5150000000         2.7450000000         1.2462350547        55.3412914656        49.4192235847 
        1.5200000000         2.7450000000         1.2360392488        55.5247912608        34.2016027734 
        1.5250000000         2.7450000000         1.2411371518        55.3412914656        41.8104131791 
        1.5300000000         2.7450000000         1.2334902973        54.9742918751        30.3971975706 
        1.5350000000         2.7450000000         1.2385882003        55.7082910561        38.0060079763 
        1.5400001000         2.7450000000         1.2385882003        55.5247912608        38.0060079763 
        1.5450000000         2.7450000000         1.2411371518        55.8917908513        41.8104131791 
        1.5500000000         2.7450000000         1.2462350547        56.2587904418        49.4192235847 
        1.5550000000         2.7450000000         1.2462350547        56.4422902371        49.4192235847 
        1.5600000000         2.7450000000         1.2513329577        57.1762894181        57.0280339904 
        1.5650000000         2.7450000000         1.2411371518        56.9927896228        41.8104131791 
        1.5700000000         2.7450000000         1.2538819092        57.9102885991        60.8324391932 
        1.5750000000         2.7450000000         1.2436861032        57.5432890086        45.6148183819 
        1.5800000000         2.7450000000         1.2436861032        57.7267888038        45.6148183819 
        1.5850000000         2.7450000000         1.2436861032        57.9102885991        45.6148183819 
        1.5900000000         2.7450000000         1.2462350547        58.0937883943        49.4192235847 
        1.5950000000         2.7450000000         1.2513329577        58.6442877801        57.0280339904 
        1.6000000000         2.7450000000         1.2411371518        58.0937883943        41.8104131791 
        1.6050000000         2.7450000000         1.2513329577        59.1947871658        57.0280339904 
        1.6100000000         2.7450000000         1.2487840062        59.3782869611        53.2236287876 
        1.6150000000         2.7450000000         1.2513329577        59.3782869611        57.0280339904 
        1.6200000000         2.7450000000         1.2487840062        60.1122861421        53.2236287876 
        1.6250000000         2.7450000000         1.2411371518        60.1122861421        41.8104131791 
        1.6300000000         2.7450000000         1.2487840062        60.4792857325        53.2236287876 
        1.6350000000         2.7450000000         1.2462350547        60.4792857325        49.4192235847 
        1.6400000000         2.7450000000         1.2487840062        60.8462853230        53.2236287876 
        1.6450000000         2.7450000000         1.2436861032        60.4792857325        45.6148183819 
        1.6500000000         2.7450000000         1.2411371518        60.8462853230        41.8104131791 
        1.6550000000         2.7450000000         1.2436861032        61.3967847088        45.6148183819 
        1.6600000000         2.7450000000         1.2564308607        62.3142836850        64.6368443961 
        1.6650001000         2.7450000000         1.2487840062        62.1307838898        53.2236287876 
        1.6700000000         2.7450000000         1.2513329577        62.8647830708        57.0280339904 
        1.6750000000         2.7450000000         1.2513329577        63.0482828660        57.0280339904 
        1.6800000000         2.7450000000         1.2487840062        63.0482828660        53.2236287876 
        1.6850000000         2.7450000000         1.2436861032        62.8647830708        45.6148183819 
        1.6900000000         2.7450000000         1.2487840062        63.5987822518        53.2236287876 
        1.6950000000         2.7450000000         1.2564308607        64.3327814328        64.6368443961 
        1.7000000000         2.7450000000         1.2513329577        63.9657818423        57.0280339904 
        1.7050000000         2.7450000000         1.2513329577        64.5162812280        57.0280339904 
        1.7100000000         2.7450000000         1.2487840062        64.1492816375        53.2236287876 
        1.7150000000         2.7450000000         1.2462350547        64.8832808185        49.4192235847 
        1.7200000000         2.7450000000         1.2411371518        64.8832808185        41.8104131791 
        1.7250000000         2.7450000000         1.2538819092        65.9842795900        60.8324391932 
        1.7300000000         2.7450000000         1.2513329577        66.1677793853        57.0280339904 
        1.7350000000         2.7450000000         1.2436861032        65.8007797948        45.6148183819 
        1.7400000000         2.7450000000         1.2334902973        65.6172799995        30.3971975706 
        1.7450000000         2.7450000000         1.2411371518        66.3512791805        41.8104131791 
        1.7500000000         2.7450000000         1.2436861032        66.5347789758        45.6148183819 
        1.7550000000         2.7450000000         1.2411371518        66.7182787710        41.8104131791 
        1.7600000000         2.7450000000         1.2436861032        66.9017785662        45.6148183819 
        1.7650000000         2.7450000000         1.2334902973        66.5347789758        30.3971975706 
        1.7700000000         2.7450000000         1.2385882003        66.7182787710        38.0060079763 
        1.7750000000         2.7450000000         1.2360392488        67.2687781567        34.2016027734 
        1.7800000000         2.7450000000         1.2462350547        68.1862771330        49.4192235847 
        1.7850000000         2.7450000000         1.2334902973        67.4522779520        30.3971975706 
        1.7900001000         2.7450000000         1.2385882003        68.0027773377        38.0060079763 
        1.7950000000         2.7450000000         1.2411371518        68.1862771330        41.8104131791 
        1.8000000000         2.7450000000         1.2385882003        68.3697769282        38.0060079763 
        1.8050000000         2.7450000000         1.2360392488        68.7367765187        34.2016027734 
        1.8100000000         2.7450000000         1.2334902973        68.3697769282        30.3971975706 
        1.8150000000         2.7450000000         1.2309413458        68.3697769282        26.5927923678 
        1.8200000000         2.7450000000         1.2411371518        69.2872759045        41.8104131791 
        1.8250000000         2.7450000000         1.2411371518        69.4707756997        41.8104131791 
        1.8300000000         2.7450000000         1.2436861032        69.6542754950        45.6148183819 
        1.8350000000         2.7450000000         1.2411371518        69.6542754950        41.8104131791 
        1.8400000000         2.7450000000         1.2334902973        69.6542754950        30.3971975706 
        1.8450000000         2.7450000000         1.2436861032        70.2047748807        45.6148183819 
        1.8500000000         2.7450000000         1.2436861032        70.3882746760        45.6148183819 
        1.8550000000         2.7450000000         1.2462350547        70.7552742665        49.4192235847 
        1.8600000000         2.7450000000         1.2385882003        70.3882746760        38.0060079763 
        1.8650000000         2.7450000000         1.2385882003        70.7552742665        38.0060079763 
        1.8700000000         2.7450000000         1.2487840062        71.3057736522        53.2236287876 
        1.8750000000         2.7450000000         1.2513329577        72.2232726285        57.0280339904 
        1.8800000000         2.7450000000         1.2513329577        72.4067724237        57.0280339904 
        1.8850000000         2.7450000000         1.2513329577        72.5902722190        57.0280339904 
        1.8900000000         2.7450000000         1.2360392488        72.4067724237        34.2016027734 
        1.8950000000         2.7450000000         1.2411371518        72.4067724237        41.8104131791 
        1.9000000000         2.7450000000         1.2411371518        72.7737720142        41.8104131791 
        1.9050000000         2.7450000000         1.2411371518        73.1407716047        41.8104131791 
        1.9100000000         2.7450000000         1.2411371518        72.9572718094        41.8104131791 
        1.9150001000         2.7450000000         1.2411371518        73.3242713999        41.8104131791 
        1.9200000000         2.7450000000         1.2411371518        73.3242713999        41.8104131791 
        1.9250000000         2.7450000000         1.2385882003        73.6912709904        38.0060079763 
        1.9300000000         2.7450000000         1.2360392488        73.8747707857        34.2016027734 
        1.9350000000         2.7450000000         1.2334902973        74.0582705809        30.3971975706 
        1.9400000000         2.7450000000         1.2411371518        74.0582705809        41.8104131791 
        1.9450000000         2.7450000000         1.2360392488        74.4252701714        34.2016027734 
        1.9500000000         2.7450000000         1.2360392488        74.4252701714        34.2016027734 
        1.9550000000         2.7450000000         1.2436861032        74.6087699667        45.6148183819 
        1.9600000000         2.7450000000         1.2334902973        74.9757695572        30.3971975706 
        1.9650000000         2.7450000000         1.2436861032        75.5262689429        45.6148183819 
        1.9700000000         2.7450000000         1.2334902973        74.6087699667        30.3971975706 
        1.9750000000         2.7450000000         1.2334902973        75.1592693524        30.3971975706 
        1.9800000000         2.7450000000         1.2487840062        76.0767683287        53.2236287876 
        1.9850000000         2.7450000000         1.2487840062        76.4437679192        53.2236287876 
        1.9900000000         2.7450000000         1.2385882003        75.5262689429        38.0060079763 
        1.9950000000         2.7450000000         1.2487840062        76.8107675097        53.2236287876 
        2.0000000000         2.7450000000         1.2334902973        75.7097687382        30.3971975706 
        2.0050000000         2.7450000000         1.2436861032        76.6272677144        45.6148183819 
        2.0100000000         2.7450000000         1.2487840062        77.1777671002        53.2236287876 
        2.0150001000         2.7450000000         1.2513329577        77.1777671002        57.0280339904 
        2.0200000000         2.7450000000         1.2436861032        77.3612668954        45.6148183819 
        2.0250000000         2.7450000000         1.2436861032        77.5447666907        45.6148183819 
        2.0300000000         2.7450000000         1.2487840062        77.1777671002        53.2236287876 
        2.0350000000         2.7450000000         1.2462350547        78.0952660764        49.4192235847 
        2.0400001000         2.7450000000         1.2436861032        78.2787658717        45.6148183819 
        2.0450000000         2.7450000000         1.2462350547        78.2787658717        49.4192235847 
        2.0500000000         2.7450000000         1.2487840062        78.6457654622        53.2236287876 
        2.0550000000         2.7450000000         1.2538819092        79.5632644384        60.8324391932 
        2.0600000000         2.7450000000         1.2487840062        78.6457654622        53.2236287876 
        2.0650000000         2.7450000000         1.2487840062        79.5632644384        53.2236287876 
        2.0700000000         2.7450000000         1.2513329577        79.7467642336        57.0280339904 
        2.0750000000         2.7450000000         1.2436861032        79.5632644384        45.6148183819 
        2.0800000000         2.7450000000         1.2513329577        80.1137638241        57.0280339904 
        2.0850000000         2.7450000000         1.2513329577        80.4807634146        57.0280339904 
        2.0900000000         2.7450000000         1.2411371518        80.4807634146        41.8104131791 
        2.0950000000         2.7450000000         1.2589798122        81.3982623909        68.4412495989 
        2.1000000000         2.7450000000         1.2615287636        81.9487617766        72.2456548017 
        2.1050000000         2.7450000000         1.2615287636        82.1322615719        72.2456548017 
        2.1100000000         2.7450000000         1.2462350547        81.5817621861        49.4192235847 
        2.1150000000         2.7450000000         1.2462350547        81.7652619814        49.4192235847 
        2.1200000000         2.7450000000         1.2513329577        82.8662607529        57.0280339904 
        2.1250000000         2.7450000000         1.2538819092        83.2332603434        60.8324391932 
        2.1300000000         2.7450000000         1.2538819092        83.6002599339        60.8324391932 
        2.1350000000         2.7450000000         1.2360392488        82.6827609576        34.2016027734 
        2.1400001000         2.7450000000         1.2411371518        83.0497605481        41.8104131791 
        2.1450000000         2.7450000000         1.2360392488        83.2332603434        34.2016027734 
        2.1500000000         2.7450000000         1.2462350547        84.3342591149        49.4192235847 
        2.1550000000         2.7450000000         1.2334902973        83.4167601386        30.3971975706 
        2.1600000000         2.7450000000         1.2462350547        84.8847585006        49.4192235847 
        2.1650000000         2.7450000000         1.2360392488        84.3342591149        34.2016027734 
        2.1700000000         2.7450000000         1.2411371518        84.1507593196        41.8104131791 
        2.1750000000         2.7450000000         1.2436861032        85.2517580911        45.6148183819 
        2.1800001000         2.7450000000         1.2309413458        84.5177589101        26.5927923678 
        2.1850038000         2.7450000000         1.2334902973        85.0682582958        30.3971975706 
        2.1900000000         2.7450000000         1.2385882003        85.6187576816        38.0060079763 
        2.1950000000         2.7450000000         1.2411371518        85.4352578863        41.8104131791 
        2.2000000000         2.7450000000         1.2436861032        86.3527568626        45.6148183819 
        2.2050000000         2.7450000000         1.2334902973        85.2517580911        30.3971975706 
        2.2100000000         2.7450000000         1.2411371518        86.1692570673        41.8104131791 
        2.2150000000         2.7450000000         1.2487840062        86.9032562483        53.2236287876 
        2.2200000000         2.7450000000         1.2487840062        87.0867560436        53.2236287876 
        2.2250000000         2.7450000000         1.2487840062        87.2702558388        53.2236287876 
        2.2300000000         2.7450000000         1.2334902973        86.3527568626        30.3971975706 
        2.2350000000         2.7450000000         1.2513329577        87.4537556341        57.0280339904 
        2.2400000000         2.7450000000         1.2334902973        86.9032562483        30.3971975706 
        2.2450000000         2.7450000000         1.2436861032        87.4537556341        45.6148183819 
        2.2500000000         2.7450000000         1.2334902973        87.4537556341        30.3971975706 
        2.2550000000         2.7450000000         1.2411371518        87.8207552246        41.8104131791 
        2.2600000000         2.7450000000         1.2411371518        87.4537556341        41.8104131791 
        2.2650001000         2.7450000000         1.2360392488        87.6372554293        34.2016027734 
        2.2700000000         2.7450000000         1.2538819092        88.9217539961        60.8324391932 
        2.2750000000         2.7450000000         1.2411371518        89.2887535866        41.8104131791 
        2.2800000000         2.7450000000         1.2385882003        88.7382542008        38.0060079763 
        2.2850000000         2.7450000000         1.2360392488        89.1052537913        34.2016027734 
        2.2900000000         2.7450000000         1.2462350547        89.8392529723        49.4192235847 
        2.2950000000         2.7450000000         1.2411371518        89.4722533818        41.8104131791 
        2.3000000000         2.7450000000         1.2411371518        89.4722533818        41.8104131791 
        2.3050001000         2.7450000000         1.2436861032        89.4722533818        45.6148183819 
        2.3100000000         2.7450000000         1.2334902973        89.4722533818        30.3971975706 
        2.3150000000         2.7450000000         1.2411371518        90.2062525628        41.8104131791 
        2.3200000000         2.7450000000         1.2513329577        90.7567519486        57.0280339904 
        2.3250000000         2.7450000000         1.2411371518        90.7567519486        41.8104131791 
        2.3300000000         2.7450000000         1.2334902973        90.7567519486        30.3971975706 
        2.3350000000         2.7450000000         1.2487840062        90.9402517438        53.2236287876 
        2.3400000000         2.7450000000         1.2462350547        91.4907511295        49.4192235847 
        2.3450000000         2.7450000000         1.2411371518        91.4907511295        41.8104131791 
        2.3500000000         2.7450000000         1.2411371518        91.6742509248        41.8104131791 
        2.3550000000         2.7450000000         1.2513329577        92.4082501058        57.0280339904 
        2.3600000000         2.7450000000         1.2487840062        92.5917499010        53.2236287876 
        2.3650000000         2.7450000000         1.2385882003        91.8577507200        38.0060079763 
        2.3700000000         2.7450000000         1.2462350547        92.5917499010        49.4192235847 
        2.3750000000         2.7450000000         1.2436861032        92.4082501058        45.6148183819 
        2.3800000000         2.7450000000         1.2538819092        93.8762484678        60.8324391932 
        2.3850000000         2.7450000000         1.2436861032        93.3257490820        45.6148183819 
        2.3900001000         2.7450000000         1.2487840062        93.6927486725        53.2236287876 
        2.3950000000         2.7450000000         1.2360392488        93.1422492868        34.2016027734 
        2.4000000000         2.7450000000         1.2385882003        93.6927486725        38.0060079763 
        2.4050000000         2.7450000000         1.2564308607        94.7937474440        64.6368443961 
        2.4100000000         2.7450000000         1.2487840062        94.2432480583        53.2236287876 
        2.4150000000         2.7450000000         1.2487840062        94.6102476488        53.2236287876 
        2.4200000000         2.7450000000         1.2487840062        95.5277466250        53.2236287876 
        2.4250000000         2.7450000000         1.2436861032        94.9772472393        45.6148183819 
        2.4300001000         2.7450000000         1.2538819092        95.7112464203        60.8324391932 
        2.4350000000         2.7450000000         1.2564308607        95.8947462155        64.6368443961 
        2.4400000000         2.7450000000         1.2564308607        96.8122451918        64.6368443961 
        2.4450000000         2.7450000000         1.2487840062        95.8947462155        53.2236287876 
        2.4500000000         2.7450000000         1.2436861032        96.2617458060        45.6148183819 
        2.4550000000         2.7450000000         1.2615287636        97.5462443727        72.2456548017 
        2.4600000000         2.7450000000         1.2564308607        97.3627445775        64.6368443961 
        2.4650000000         2.7450000000         1.2462350547        96.9957449870        49.4192235847 
        2.4700000000         2.7450000000         1.2538819092        97.7297441680        60.8324391932 
        2.4750000000         2.7450000000         1.2538819092        97.7297441680        60.8324391932 
        2.4800000000         2.7450000000         1.2564308607        98.2802435537        64.6368443961 
        2.4850000000         2.7450000000         1.2615287636        99.1977425300        72.2456548017 
        2.4900000000         2.7450000000         1.2615287636        99.7482419157        72.2456548017 
        2.4950000000         2.7450000000         1.2564308607        99.9317417110        64.6368443961 
        2.5000000000         2.7450000000         1.2564308607        99.5647421205        64.6368443961 
        2.5050000000         2.7450000000         1.2538819092        99.9317417110        60.8324391932 
        2.5100000000         2.7450000000         1.2538819092       100.4822410967        60.8324391932 
        2.5150001000         2.7450000000         1.2462350547        99.9317417110        49.4192235847 
        2.5200000000         2.7450000000         1.2487840062       100.2987413015        53.2236287876 
        2.5250000000         2.7450000000         1.2411371518       100.4822410967        41.8104131791 
        2.5300000000         2.7450000000         1.2538819092       101.2162402777        60.8324391932 
        2.5350000000         2.7450000000         1.2513329577       101.5832398682        57.0280339904 
        2.5400000000         2.7450000000         1.2564308607       102.3172390492        64.6368443961 
        2.5450000000         2.7450000000         1.2513329577       102.6842386397        57.0280339904 
        2.5500000000         2.7450000000         1.2487840062       102.5007388445        53.2236287876 
        2.5550001000         2.7450000000         1.2538819092       103.4182378207        60.8324391932 
        2.5600000000         2.7450000000         1.2487840062       102.8677384350        53.2236287876 
        2.5650000000         2.7450000000         1.2564308607       103.6017376159        64.6368443961 
        2.5700000000         2.7450000000         1.2487840062       103.4182378207        53.2236287876 
        2.5750000000         2.7450000000         1.2436861032       103.2347380255        45.6148183819 
        2.5800000000         2.7450000000         1.2513329577       103.4182378207        57.0280339904 
        2.5850000000         2.7450000000         1.2436861032       103.6017376159        45.6148183819 
        2.5900000000         2.7450000000         1.2513329577       104.5192365922        57.0280339904 
        2.5950000000         2.7450000000         1.2564308607       105.0697359779        64.6368443961 
        2.6000000000         2.7450000000         1.2513329577       104.8862361827        57.0280339904 
        2.6050000000         2.7450000000         1.2462350547       104.8862361827        49.4192235847 
        2.6100000000         2.7450000000         1.2436861032       105.6202353637        45.6148183819 
        2.6150000000         2.7450000000         1.2538819092       105.8037351589        60.8324391932 
        2.6200000000         2.7450000000         1.2487840062       105.9872349542        53.2236287876 
        2.6250000000         2.7450000000         1.2487840062       106.1707347494        53.2236287876 
        2.6300000000         2.7450000000         1.2564308607       107.2717335209        64.6368443961 
        2.6350000000         2.7450000000         1.2487840062       107.4552333162        53.2236287876 
        2.6400001000         2.7450000000         1.2513329577       107.2717335209        57.0280339904 
        2.6450000000         2.7450000000         1.2513329577       108.0057327019        57.0280339904 
        2.6500000000         2.7450000000         1.2564308607       108.0057327019        64.6368443961 
        2.6550000000         2.7450000000         1.2385882003       107.8222329067        38.0060079763 
        2.6600000000         2.7450000000         1.2411371518       107.6387331114        41.8104131791 
        2.6650000000         2.7450000000         1.2334902973       107.8222329067        30.3971975706 
        2.6700000000         2.7450000000         1.2411371518       108.5562320877        41.8104131791 
        2.6750000000         2.7450000000         1.2309413458       108.5562320877        26.5927923678 
        2.6800001000         2.7450000000         1.2360392488       108.1892324972        34.2016027734 
        2.6850000000         2.7450000000         1.2334902973       109.1067314734        30.3971975706 
        2.6900000000         2.7450000000         1.2360392488       109.2902312687        34.2016027734 
        2.6950000000         2.7450000000         1.2411371518       110.0242304496        41.8104131791 
        2.7000000000         2.7450000000         1.2334902973       109.4737310639        30.3971975706 
        2.7050000000         2.7450000000         1.2411371518       109.8407306544        41.8104131791 
        2.7100000000         2.7450000000         1.2385882003       110.3912300401        38.0060079763 
        2.7150000000         2.7450000000         1.2334902973       109.8407306544        30.3971975706 
        2.7200000000         2.7450000000         1.2309413458       109.8407306544        26.5927923678 
        2.7250000000         2.7450000000         1.2411371518       110.7582296306        41.8104131791 
        2.7300000000         2.7450000000         1.2385882003       110.5747298354        38.0060079763 
        2.7350000000         2.7450000000         1.2334902973       110.7582296306        30.3971975706 
        2.7400000000         2.7450000000         1.2385882003       111.1252292211        38.0060079763 
        2.7450000000         2.7450000000         1.2309413458       110.9417294259        26.5927923678 
        2.7500000000         2.7450000000         1.2334902973       111.3087290164        30.3971975706 
        2.7550000000         2.7450000000         1.2309413458       110.7582296306        26.5927923678 
        2.7600000000         2.7450000000         1.2385882003       111.3087290164        38.0060079763 
        2.7650001000         2.7450000000         1.2360392488       111.4922288116        34.2016027734 
        2.7700000000         2.7450000000         1.2360392488       111.6757286069        34.2016027734 
        2.7750000000         2.7450000000         1.2360392488       111.4922288116        34.2016027734 
        2.7800000000         2.7450000000         1.2462350547       112.5932275831        49.4192235847 
        2.7850000000         2.7450000000         1.2411371518       112.0427281974        41.8104131791 
        2.7900000000         2.7450000000         1.2360392488       112.0427281974        34.2016027734 
        2.7950000000         2.7450000000         1.2487840062       112.7767273784        53.2236287876 
        2.8000000000         2.7450000000         1.2436861032       112.7767273784        45.6148183819 
        2.8050001000         2.7450000000         1.2538819092       113.6942263546        60.8324391932 
        2.8100000000         2.7450000000         1.2385882003       113.5107265594        38.0060079763 
        2.8150000000         2.7450000000         1.2487840062       113.5107265594        53.2236287876 
        2.8200000000         2.7450000000         1.2436861032       113.8777261499        45.6148183819 
        2.8250000000         2.7450000000         1.2513329577       114.7952251261        57.0280339904 
        2.8300000000         2.7450000000         1.2385882003       114.0612259451        38.0060079763 
        2.8350000000         2.7450000000         1.2411371518       114.7952251261        41.8104131791 
        2.8400000000         2.7450000000         1.2462350547       114.4282255356        49.4192235847 
        2.8450000000         2.7450000000         1.2462350547       115.3457245119        49.4192235847 
        2.8500000000         2.7450000000         1.2513329577       115.5292243071        57.0280339904 
        2.8550000000         2.7450000000         1.2564308607       115.7127241024        64.6368443961 
        2.8600000000         2.7450000000         1.2564308607       116.6302230786        64.6368443961 
        2.8650000000         2.7450000000         1.2589798122       116.9972226691        68.4412495989 
        2.8700000000         2.7450000000         1.2436861032       116.2632234881        45.6148183819 
        2.8750000000         2.7450000000         1.2487840062       116.4467232833        53.2236287876 
        2.8800000000         2.7450000000         1.2513329577       117.3642222596        57.0280339904 
        2.8850000000         2.7450000000         1.2640777151       117.9147216453        76.0500600046 
        2.8900001000         2.7450000000         1.2513329577       117.7312218501        57.0280339904 
        2.8950000000         2.7450000000         1.2513329577       118.0982214406        57.0280339904 
        2.9000000000         2.7450000000         1.2411371518       117.7312218501        41.8104131791 
        2.9050000000         2.7450000000         1.2487840062       118.4652210311        53.2236287876 
        2.9100000000         2.7450000000         1.2513329577       118.6487208263        57.0280339904 
        2.9150000000         2.7450000000         1.2411371518       119.0157204168        41.8104131791 
        2.9200000000         2.7450000000         1.2462350547       119.3827200073        49.4192235847 
        2.9250000000         2.7450000000         1.2411371518       119.3827200073        41.8104131791 
        2.9300001000         2.7450000000         1.2436861032       119.7497195978        45.6148183819 
        2.9350000000         2.7450000000         1.2360392488       119.5662198026        34.2016027734 
        2.9400000000         2.7450000000         1.2487840062       120.8507183693        53.2236287876 
        2.9450000000         2.7450000000         1.2436861032       120.3002189836        45.6148183819 
        2.9500000000         2.7450000000         1.2436861032       121.0342181646        45.6148183819 
        2.9550000000         2.7450000000         1.2538819092       121.0342181646        60.8324391932 
        2.9600000000         2.7450000000         1.2513329577       121.5847175503        57.0280339904 
        2.9650000000         2.7450000000         1.2487840062       121.5847175503        53.2236287876 
        2.9700000000         2.7450000000         1.2487840062       122.1352169360        53.2236287876 
        2.9750000000         2.7450000000         1.2487840062       121.5847175503        53.2236287876 
        2.9800000000         2.7450000000         1.2462350547       122.1352169360        49.4192235847 
        2.9850000000         2.7450000000         1.2513329577       122.8692161170        57.0280339904 
        2.9900000000         2.7450000000         1.2589798122       123.2362157075        68.4412495989 
        2.9950000000         2.7450000000         1.2487840062       122.6857163218        53.2236287876 
        3.0000000000         2.7450000000         1.2487840062       123.0527159123        53.2236287876 
        3.0050000000         2.7450000000         1.2462350547       123.0527159123        49.4192235847 
        3.0100000000         2.7450000000         1.2462350547       123.7867150933        49.4192235847 
        3.0150001000         2.7450000000         1.2487840062       123.9702148885        53.2236287876 
        3.0200000000         2.7450000000         1.2334902973       123.7867150933        30.3971975706 
        3.0250000000         2.7450000000         1.2436861032       124.1537146838        45.6148183819 
        3.0300000000         2.7450000000         1.2487840062       125.0712136600        53.2236287876 
        3.0350000000         2.7450000000         1.2487840062       125.0712136600        53.2236287876 
        3.0400000000         2.7450000000         1.2411371518       125.0712136600        41.8104131791 
        3.0450000000         2.7450000000         1.2411371518       125.2547134553        41.8104131791 
        3.0500000000         2.7450000000         1.2462350547       126.1722124315        49.4192235847 
        3.0550001000         2.7450000000         1.2513329577       126.3557122268        57.0280339904 
        3.0600000000         2.7450000000         1.2360392488       125.6217130458        34.2016027734 
        3.0650000000         2.7450000000         1.2487840062       126.1722124315        53.2236287876 
        3.0700000000         2.7450000000         1.2487840062       126.3557122268        53.2236287876 
        3.0750000000         2.7450000000         1.2360392488       125.9887126363        34.2016027734 
        3.0800000000         2.7450000000         1.2385882003       126.9062116125        38.0060079763 
        3.0850000000         2.7450000000         1.2487840062       126.9062116125        53.2236287876 
        3.0900000000         2.7450000000         1.2487840062       127.6402107935        53.2236287876 
        3.0950000000         2.7450000000         1.2411371518       127.4567109983        41.8104131791 
        3.1000000000         2.7450000000         1.2334902973       127.0897114078        30.3971975706 
        3.1050000000         2.7450000000         1.2487840062       128.1907101792        53.2236287876 
        3.1100000000         2.7450000000         1.2513329577       128.3742099745        57.0280339904 
        3.1150000000         2.7450000000         1.2411371518       128.0072103840        41.8104131791 
        3.1200000000         2.7450000000         1.2487840062       128.9247093602        53.2236287876 
        3.1250000000         2.7450000000         1.2462350547       128.9247093602        49.4192235847 
        3.1300000000         2.7450000000         1.2462350547       128.9247093602        49.4192235847 
        3.1350000000         2.7450000000         1.2411371518       129.1082091555        41.8104131791 
        3.1400001000         2.7450000000         1.2513329577       129.4752087460        57.0280339904 
        3.1450000000         2.7450000000         1.2538819092       130.0257081317        60.8324391932 
        3.1500000000         2.7450000000         1.2462350547       129.8422083365        49.4192235847 
        3.1550000000         2.7450000000         1.2487840062       130.0257081317        53.2236287876 
        3.1600000000         2.7450000000         1.2538819092       130.9432071080        60.8324391932 
        3.1650000000         2.7450000000         1.2564308607       131.1267069032        64.6368443961 
        3.1700000000         2.7450000000         1.2462350547       130.9432071080        49.4192235847 
        3.1750000000         2.7450000000         1.2564308607       131.4937064937        64.6368443961 
        3.1800001000         2.7450000000         1.2411371518       130.7597073127        41.8104131791 
        3.1850000000         2.7450000000         1.2538819092       131.1267069032        60.8324391932 
        3.1900000000         2.7450000000         1.2487840062       132.0442058795        53.2236287876 
        3.1950000000         2.7450000000         1.2538819092       132.2277056747        60.8324391932 
        3.2000000000         2.7450000000         1.2589798122       132.9617048557        68.4412495989 
        3.2050000000         2.7450000000         1.2538819092       132.7782050605        60.8324391932 
        3.2100000000         2.7450000000         1.2513329577       132.9617048557        57.0280339904 
        3.2150000000         2.7450000000         1.2538819092       133.3287044462        60.8324391932 
        3.2200000000         2.7450000000         1.2538819092       133.5122042415        60.8324391932 
        3.2250000000         2.7450000000         1.2513329577       134.0627036272        57.0280339904 
        3.2300000000         2.7450000000         1.2538819092       134.2462034225        60.8324391932 
        3.2350000000         2.7450000000         1.2538819092       134.6132030129        60.8324391932 
        3.2400000000         2.7450000000         1.2538819092       134.7967028082        60.8324391932 
        3.2450001000         2.7450000000         1.2538819092       135.1637023987        60.8324391932 
        3.2500000000         2.7450000000         1.2513329577       135.5307019892        57.0280339904 
        3.2550000000         2.7450000000         1.2436861032       135.3472021939        45.6148183819 
        3.2600000000         2.7450000000         1.2538819092       135.8977015797        60.8324391932 
        3.2650001000         2.7450000000         1.2436861032       135.8977015797        45.6148183819 
        3.2700000000         2.7450000000         1.2589798122       137.1822001464        68.4412495989 
        3.2750000000         2.7450000000         1.2487840062       136.4482009654        53.2236287876 
        3.2800000000         2.7450000000         1.2513329577       137.1822001464        57.0280339904 
        3.2850000000         2.7450000000         1.2564308607       137.5491997369        64.6368443961 
        3.2900000000         2.7450000000         1.2615287636       138.2831989179        72.2456548017 
        3.2950000000         2.7450000000         1.2564308607       137.9161993274        64.6368443961 
        3.3000000000         2.7450000000         1.2640777151       138.4666987132        76.0500600046 
        3.3050001000         2.7450000000         1.2615287636       139.2006978942        72.2456548017 
        3.3100000000         2.7450000000         1.2487840062       138.6501985084        53.2236287876 
        3.3150000000         2.7450000000         1.2538819092       139.5676974847        60.8324391932 
        3.3200000000         2.7450000000         1.2411371518       140.3016966657        41.8104131791 
        3.3250000000         2.7450000000         1.2487840062       140.1181968704        53.2236287876 
        3.3300000000         2.7450000000         1.2411371518       139.9346970752        41.8104131791 
        3.3350000000         2.7450000000         1.2462350547       140.4851964609        49.4192235847 
        3.3400000000         2.7450000000         1.2334902973       140.1181968704        30.3971975706 
        3.3450000000         2.7450000000         1.2513329577       141.5861952324        57.0280339904 
        3.3500000000         2.7450000000         1.2411371518       141.0356958466        41.8104131791 
        3.3550000000         2.7450000000         1.2334902973       141.0356958466        30.3971975706 
        3.3600000000         2.7450000000         1.2309413458       141.0356958466        26.5927923678 
        3.3650000000         2.7450000000         1.2334902973       141.2191956419        30.3971975706 
        3.3700000000         2.7450000000         1.2462350547       142.3201944134        49.4192235847 
        3.3750000000         2.7450000000         1.2360392488       141.9531948229        34.2016027734 
        3.3800000000         2.7450000000         1.2411371518       142.3201944134        41.8104131791 
        3.3850000000         2.7450000000         1.2334902973       142.5036942086        30.3971975706 
        3.3900001000         2.7450000000         1.2385882003       142.8706937991        38.0060079763 
        3.3950000000         2.7450000000         1.2487840062       143.6046929801        53.2236287876 
        3.4000000000         2.7450000000         1.2411371518       143.2376933896        41.8104131791 
        3.4050000000         2.7450000000         1.2385882003       143.0541935944        38.0060079763 
        3.4100000000         2.7450000000         1.2334902973       143.6046929801        30.3971975706 
        3.4150000000         2.7450000000         1.2334902973       143.2376933896        30.3971975706 
        3.4200000000         2.7450000000         1.2487840062       144.3386921611        53.2236287876 
        3.4250000000         2.7450000000         1.2411371518       143.9716925706        41.8104131791 
        3.4300001000         2.7450000000         1.2385882003       143.7881927754        38.0060079763 
        3.4350000000         2.7450000000         1.2334902973       144.1551923659        30.3971975706 
        3.4400000000         2.7450000000         1.2411371518       145.0726913421        41.8104131791 
        3.4450000000         2.7450000000         1.2411371518       144.7056917516        41.8104131791 
        3.4500000000         2.7450000000         1.2334902973       145.2561911374        30.3971975706 
        3.4550000000         2.7450000000         1.2334902973       145.0726913421        30.3971975706 
        3.4600000000         2.7450000000         1.2309413458       145.2561911374        26.5927923678 
        3.4650000000         2.7450000000         1.2309413458       145.0726913421        26.5927923678 
        3.4700000000         2.7450000000         1.2309413458       145.6231907279        26.5927923678 
        3.4750000000         2.7450000000         1.2283923943       145.8066905231        22.7883871649 
        3.4800000000         2.7450000000         1.2283923943       145.8066905231        22.7883871649 
        3.4850000000         2.7450000000         1.2258434428       145.9901903184        18.9839819621 
        3.4900000000         2.7450000000         1.2207455399       145.9901903184        11.3751715565 
        3.4950000000         2.7450000000         1.2309413458       146.7241894993        26.5927923678 
        3.5000000000         2.7450000000         1.2207455399       145.8066905231        11.3751715565 
        3.5050000000         2.7450000000         1.2156476369       145.8066905231         3.7663611508 
        3.5100000000         2.7450000000         1.2232944913       146.5406897041        15.1795767593 
        3.5150001000         2.7450000000         1.2258434428       146.5406897041        18.9839819621 
        3.5200000000         2.7450000000         1.2360392488       146.3571899089        34.2016027734 
        3.5250000000         2.7450000000         1.2181965884       146.1736901136         7.5707663536 
        3.5300000000         2.7450000000         1.2232944913       146.7241894993        15.1795767593 
        3.5350000000         2.7450000000         1.2232944913       146.7241894993        15.1795767593 
        3.5400000000         2.7450000000         1.2156476369       146.1736901136         3.7663611508 
        3.5450000000         2.7450000000         1.2309413458       147.4581886803        26.5927923678 
        3.5500000000         2.7450000000         1.2156476369       147.0911890898         3.7663611508 
        3.5550001000         2.7450000000         1.2232944913       147.0911890898        15.1795767593 
        3.5600000000         2.7450000000         1.2156476369       146.7241894993         3.7663611508 
        3.5650000000         2.7450000000         1.2232944913       147.0911890898        15.1795767593 
        3.5700000000         2.7450000000         1.2156476369       147.0911890898         3.7663611508 
        3.5750000000         2.7450000000         1.2232944913       147.4581886803        15.1795767593 
        3.5800000000         2.7450000000         1.2232944913       147.4581886803        15.1795767593 
        3.5850000000         2.7450000000         1.2156476369       147.0911890898         3.7663611508 
        3.5900000000         2.7450000000         1.2232944913       147.6416884756        15.1795767593 
        3.5950000000         2.7450000000         1.2334902973       148.3756876566        30.3971975706 
        3.6000000000         2.7450000000         1.2385882003       148.5591874518        38.0060079763 
        3.6050000000         2.7450000000         1.2334902973       148.5591874518        30.3971975706 
        3.6100000000         2.7450000000         1.2232944913       147.8251882708        15.1795767593 
        3.6150000000         2.7450000000         1.2360392488       148.1921878613        34.2016027734 
        3.6200000000         2.7450000000         1.2360392488       148.7426872471        34.2016027734 
        3.6250000000         2.7450000000         1.2309413458       148.5591874518        26.5927923678 
        3.6300000000         2.7450000000         1.2232944913       148.5591874518        15.1795767593 
        3.6350000000         2.7450000000         1.2385882003       148.9261870423        38.0060079763 
        3.6400001000         2.7450000000         1.2309413458       148.7426872471        26.5927923678 
        3.6450000000         2.7450000000         1.2309413458       148.9261870423        26.5927923678 
        3.6500000000         2.7450000000         1.2309413458       148.9261870423        26.5927923678 
        3.6550000000         2.7450000000         1.2334902973       149.1096868376        30.3971975706 
        3.6600000000         2.7450000000         1.2232944913       148.9261870423        15.1795767593 
        3.6650000000         2.7450000000         1.2385882003       148.9261870423        38.0060079763 
        3.6700000000         2.7450000000         1.2309413458       149.6601862233        26.5927923678 
        3.6750000000         2.7450000000         1.2411371518       150.3941854043        41.8104131791 
        3.6800001000         2.7450000000         1.2411371518       150.3941854043        41.8104131791 
        3.6850000000         2.7450000000         1.2334902973       150.0271858138        30.3971975706 
        3.6900000000         2.7450000000         1.2411371518       150.5776851996        41.8104131791 
        3.6950020000         2.7450000000         1.2283923943       150.0271858138        22.7883871649 
        3.7000000000         2.7450000000         1.2360392488       150.3941854043        34.2016027734 
        3.7050000000         2.7450000000         1.2360392488       150.7611849948        34.2016027734 
        3.7100000000         2.7450000000         1.2411371518       151.4951841758        41.8104131791 
        3.7150000000         2.7450000000         1.2309413458       150.5776851996        26.5927923678 
        3.7200000000         2.7450000000         1.2283923943       150.9446847901        22.7883871649 
        3.7250000000         2.7450000000         1.2334902973       151.1281845853        30.3971975706 
        3.7300000000         2.7450000000         1.2334902973       151.4951841758        30.3971975706 
        3.7350000000         2.7450000000         1.2411371518       151.8621837663        41.8104131791 
        3.7400000000         2.7450000000         1.2462350547       152.0456835616        49.4192235847 
        3.7450000000         2.7450000000         1.2334902973       152.2291833568        30.3971975706 
        3.7500000000         2.7450000000         1.2462350547       152.4126831521        49.4192235847 
        3.7550000000         2.7450000000         1.2411371518       152.7796827425        41.8104131791 
        3.7600000000         2.7450000000         1.2513329577       153.3301821283        57.0280339904 
        3.7650001000         2.7450000000         1.2462350547       153.1466823330        49.4192235847 
        3.7700000000         2.7450000000         1.2385882003       152.9631825378        38.0060079763 
        3.7750000000         2.7450000000         1.2462350547       153.5136819235        49.4192235847 
        3.7800000000         2.7450000000         1.2385882003       153.3301821283        38.0060079763 
        3.7850000000         2.7450000000         1.2538819092       154.2476811045        60.8324391932 
        3.7900000000         2.7450000000         1.2436861032       153.8806815140        45.6148183819 
        3.7950000000         2.7450000000         1.2411371518       154.0641813093        41.8104131791 
        3.8000000000         2.7450000000         1.2436861032       154.9816802855        45.6148183819 
        3.8050001000         2.7450000000         1.2462350547       154.9816802855        49.4192235847 
        3.8100000000         2.7450000000         1.2436861032       155.3486798760        45.6148183819 
        3.8150000000         2.7450000000         1.2513329577       156.0826790570        57.0280339904 
        3.8200000000         2.7450000000         1.2436861032       155.7156794665        45.6148183819 
        3.8250000000         2.7450000000         1.2411371518       156.0826790570        41.8104131791 
        3.8300000000         2.7450000000         1.2436861032       156.8166782380        45.6148183819 
        3.8350000000         2.7450000000         1.2487840062       156.8166782380        53.2236287876 
        3.8400000000         2.7450000000         1.2385882003       156.8166782380        38.0060079763 
        3.8450004000         2.7450000000         1.2411371518       156.6331784428        41.8104131791 
        3.8500000000         2.7450000000         1.2487840062       157.7341772143        53.2236287876 
        3.8550000000         2.7450000000         1.2334902973       157.3671776238        30.3971975706 
        3.8600000000         2.7450000000         1.2411371518       157.3671776238        41.8104131791 
        3.8650000000         2.7450000000         1.2309413458       157.1836778285        26.5927923678 
        3.8700000000         2.7450000000         1.2411371518       157.7341772143        41.8104131791 
        3.8750000000         2.7450000000         1.2411371518       158.4681763953        41.8104131791 
        3.8800000000         2.7450000000         1.2385882003       158.2846766000        38.0060079763 
        3.8850000000         2.7450000000         1.2360392488       157.7341772143        34.2016027734 
        3.8900001000         2.7450000000         1.2411371518       158.6516761905        41.8104131791 
        3.8950000000         2.7450000000         1.2411371518       159.2021755762        41.8104131791 
        3.9000000000         2.7450000000         1.2436861032       159.5691751667        45.6148183819 
        3.9050000000         2.7450000000         1.2513329577       159.7526749620        57.0280339904 
        3.9100000000         2.7450000000         1.2411371518       159.5691751667        41.8104131791 
        3.9150000000         2.7450000000         1.2436861032       159.9361747572        45.6148183819 
        3.9200000000         2.7450000000         1.2411371518       159.9361747572        41.8104131791 
        3.9250000000         2.7450000000         1.2385882003       160.1196745525        38.0060079763 
        3.9300001000         2.7450000000         1.2513329577       160.6701739382        57.0280339904 
        3.9350000000         2.7450000000         1.2385882003       160.4866741430        38.0060079763 
        3.9400000000         2.7450000000         1.2513329577       161.4041731192        57.0280339904 
        3.9450000000         2.7450000000         1.2334902973       160.4866741430        30.3971975706 
        3.9500000000         2.7450000000         1.2436861032       161.2206733240        45.6148183819 
        3.9550000000         2.7450000000         1.2411371518       161.4041731192        41.8104131791 
        3.9600000000         2.7450000000         1.2411371518       161.5876729145        41.8104131791 
        3.9650000000         2.7450000000         1.2462350547       161.7711727097        49.4192235847 
        3.9700001000         2.7450000000         1.2360392488       162.1381723002        34.2016027734 
        3.9750000000         2.7450000000         1.2385882003       161.9546725050        38.0060079763 
        3.9800000000         2.7450000000         1.2436861032       162.6886716860        45.6148183819 
        3.9850000000         2.7450000000         1.2385882003       162.5051718907        38.0060079763 
        3.9900000000         2.7450000000         1.2360392488       162.6886716860        34.2016027734 
        3.9950000000         2.7450000000         1.2411371518       163.6061706622        41.8104131791 
