           Time[sec]           V_{cmd}[V]          V_{gyro}[V]          \theta[deg] \omega_{gyro}[deg/sec] 
        0.0000000000        -0.3200000000         1.2080007824       114.9787249214        -6.8631469859 
        0.0050000000        -0.3200000000         1.2105497339       115.1622247166        -3.0587417831 
        0.0100000000        -0.3200000000         1.2207455399       115.5292243071        12.1588790282 
        0.0150000000        -0.3200000000         1.2054518309       114.7952251261       -10.6675521887 
        0.0200000000        -0.3200000000         1.2105497339       115.1622247166        -3.0587417831 
        0.0250000000        -0.3200000000         1.1544728012       114.4282255356       -86.7556562453 
        0.0300000999        -0.3200000000         1.0678084507       114.7952251261      -216.1054331415 
        0.0350000999        -0.3200000000         1.1442769953       113.3272267641      -101.9732770566 
        0.0400000999        -0.3200000000         1.0856511111       112.4097277879      -189.4745967217 
        0.0450000999        -0.3200000000         1.0882000626       111.1252292211      -185.6701915189 
        0.0500000999        -0.3200000000         1.0907490141       111.1252292211      -181.8657863161 
        0.0550000999        -0.3200000000         1.0882000626       109.4737310639      -185.6701915189 
        0.0600000999        -0.3200000000         1.0601615963       108.9232316782      -227.5186487500 
        0.0650000999        -0.3200000000         1.0856511111       108.1892324972      -189.4745967217 
        0.0700000999        -0.3200000000         1.0678084507       106.5377343399      -216.1054331415 
        0.0750003999        -0.3200000000         1.0601615963       104.7027363874      -227.5186487500 
        0.0800000999        -0.3200000000         1.0576126448       104.5192365922      -231.3230539528 
        0.0850000999        -0.3200000000         1.0499657903       102.8677384350      -242.7362695613 
        0.0900000000        -0.3200000000         1.0550636933       102.5007388445      -235.1274591557 
        0.0950000000        -0.3200000000         1.0576126448       101.0327404825      -231.3230539528 
        0.1000000000        -0.3200000000         1.0448678873        99.3812423252      -250.3450799670 
        0.1050000000        -0.3200000000         1.0474168388        98.8307429395      -246.5406747642 
        0.1100000000        -0.3200000000         1.0550636933        97.7297441680      -235.1274591557 
        0.1150000000        -0.3200000000         1.0423189359        96.4452456013      -254.1494851698 
        0.1200000000        -0.3200000000         1.0372210329        94.7937474440      -261.7582955755 
        0.1250000000        -0.3200000000         1.0219273240        92.5917499010      -284.5847267924 
        0.1300000000        -0.3200000000         1.0448678873        91.8577507200      -250.3450799670 
        0.1350000000        -0.3200000000         1.0219273240        90.3897523581      -284.5847267924 
        0.1400000000        -0.3200000000         1.0219273240        88.5547544056      -284.5847267924 
        0.1450000000        -0.3200000000         1.0193783725        87.2702558388      -288.3891319953 
        0.1500000000        -0.3200000000         1.0244762754        86.3527568626      -280.7803215896 
        0.1550000999        -0.3200000000         1.0244762754        85.4352578863      -280.7803215896 
        0.1600000999        -0.3200000000         1.0193783725        84.1507593196      -288.3891319953 
        0.1650000999        -0.3200000000         1.0193783725        82.8662607529      -288.3891319953 
        0.1700000999        -0.3200000000         1.0219273240        80.4807634146      -284.5847267924 
        0.1750000999        -0.3200000000         1.0091825665        79.0127650526      -303.6067528066 
        0.1800000999        -0.3200000000         1.0142804695        77.9117662812      -295.9979424009 
        0.1850000999        -0.3200000000         1.0117315180        76.9942673049      -299.8023476038 
        0.1900000999        -0.3200000000         0.9964378091        74.4252701714      -322.6287788207 
        0.1950000999        -0.3200000000         1.0066336150        73.3242713999      -307.4111580094 
        0.2000000999        -0.3200000000         1.0117315180        71.6727732427      -299.8023476038 
        0.2050000999        -0.3200000000         0.9964378091        69.6542754950      -322.6287788207 
        0.2100000999        -0.3200000000         0.9964378091        68.0027773377      -322.6287788207 
        0.2150000000        -0.3200000000         1.0066336150        67.4522779520      -307.4111580094 
        0.2200000000        -0.3200000000         0.9887909546        65.2502804090      -334.0419944292 
        0.2250000000        -0.3200000000         0.9887909546        63.4152824565      -334.0419944292 
        0.2300000000        -0.3200000000         0.9989867606        62.6812832755      -318.8243736179 
        0.2350000000        -0.3200000000         1.0040846636        61.3967847088      -311.2155632122 
        0.2400001000        -0.3200000000         0.9964378091        59.3782869611      -322.6287788207 
        0.2450000000        -0.3200000000         0.9913399061        57.7267888038      -330.2375892264 
        0.2500000000        -0.3200000000         0.9989867606        56.2587904418      -318.8243736179 
        0.2550000000        -0.3200000000         0.9811441002        54.0567928989      -345.4552100377 
        0.2600000000        -0.3200000000         0.9811441002        51.8547953559      -345.4552100377 
        0.2650000000        -0.3200000000         1.0015357121        51.3042959701      -315.0199684151 
        0.2700000000        -0.3200000000         0.9709482942        48.7352988366      -360.6728308490 
        0.2750000000        -0.3200000000         0.9811441002        47.6343000652      -345.4552100377 
        0.2800000999        -0.3200000000         0.9785951487        45.6158023174      -349.2596152405 
        0.2850000999        -0.3200000000         0.9811441002        43.9643041602      -345.4552100377 
        0.2900000999        -0.3200000000         0.9709482942        42.3128060029      -360.6728308490 
        0.2950000999        -0.3200000000         0.9760461972        40.2943082552      -353.0640204434 
        0.3000000999        -0.3200000000         0.9760461972        38.8263098932      -353.0640204434 
        0.3050000999        -0.3200000000         0.9785951487        36.9913119407      -349.2596152405 
        0.3100000999        -0.3200000000         0.9760461972        35.3398137835      -353.0640204434 
        0.3150013999        -0.3200000000         0.9582035368        32.9543164453      -379.6948568632 
        0.3200000999        -0.3200000000         0.9785951487        31.4863180833      -349.2596152405 
        0.3250000999        -0.3200000000         0.9683993428        30.0183197213      -364.4772360519 
        0.3300000999        -0.3200000000         0.9607524883        27.6328223831      -375.8904516603 
        0.3350000999        -0.3200000000         0.9785951487        26.7153234068      -349.2596152405 
        0.3400000000        -0.3200000000         0.9556545853        23.7793266828      -383.4992620660 
        0.3450000000        -0.3200000000         0.9683993428        22.8618277066      -364.4772360519 
        0.3500000999        -0.3200000000         0.9760461972        20.4763303684      -353.0640204434 
        0.3550001000        -0.3200000000         0.9734972457        19.0083320064      -356.8684256462 
        0.3600000000        -0.3200000000         0.9785951487        17.5403336444      -349.2596152405 
        0.3650000000        -0.3200000000         0.9607524883        14.9713365109      -375.8904516603 
        0.3700000000        -0.3200000000         0.9658503913        13.6868379442      -368.2816412547 
        0.3750000000        -0.3200000000         0.9658503913        11.3013406059      -368.2816412547 
        0.3800402000        -0.3200000000         0.9709482942         9.2828428582      -360.6728308490 
        0.3850000000        -0.3200000000         0.9531056338         7.0808453152      -387.3036672688 
        0.3900000000        -0.3200000000         0.9582035368         5.6128469532      -379.6948568632 
        0.3950000000        -0.3200000000         0.9633014398         3.5943492055      -372.0860464575 
        0.4000000000        -0.3200000000         0.9454587794         1.3923516625      -398.7168828773 
        0.4050000999        -0.3200000000         0.9709482942         0.6583524815      -360.6728308490 
        0.4100000999        -0.3200000000         0.9683993428         0.6583524815      -364.4772360519 
        0.4150000999        -0.3200000000         0.9531056338        -0.4426462900      -387.3036672688 
        0.4200000999        -0.3200000000         0.9582035368         0.2913528910      -379.6948568632 
        0.4250000999        -0.3200000000         0.9556545853        -0.2591464947      -383.4992620660 
        0.4300000999        -0.3200000000         0.9709482942        80.1137638241      -360.6728308490 
        0.4350000999        -0.3200000000         0.9556545853        79.1962648479      -383.4992620660 
        0.4400000999        -0.3200000000         0.9480077309        79.9302640289      -394.9124776745 
        0.4450000999        -0.3200000000         0.9633014398       359.9509515781      -372.0860464575 
        0.4500000999        -0.3200000000         0.9556545853       360.1344513734      -383.4992620660 
        0.4550000999        -0.3200000000         0.9658503913       360.5014509639      -368.2816412547 
        0.4600000999        -0.3200000000         0.9505566824       359.4004521924      -391.1080724717 
        0.4650000000        -0.3200000000         0.9556545853       358.8499528066      -383.4992620660 
        0.4700000000        -0.3200000000         0.9556545853       357.3819544446      -383.4992620660 
        0.4750000999        -0.3200000000         0.9556545853       354.9964571064      -383.4992620660 
        0.4800046999        -0.3200000000         0.9480077309       352.7944595634      -394.9124776745 
        0.4850000000        -0.3200000000         0.9556545853       351.5099609967      -383.4992620660 
        0.4900000000        -0.3200000000         0.9480077309       348.7574640680      -394.9124776745 
        0.4950000000        -0.3200000000         0.9633014398       347.8399650917      -372.0860464575 
        0.5000000000        -0.3200000000         0.9480077309       345.4544677535      -394.9124776745 
        0.5050000000        -0.3200000000         0.9454587794       343.8029695962      -398.7168828773 
        0.5100000000        -0.3200000000         0.9658503913       341.9679716438      -368.2816412547 
        0.5150000000        -0.3200000000         0.9582035368       339.5824743055      -379.6948568632 
        0.5200000000        -0.3200000000         0.9582035368       338.2979757388      -379.6948568632 
        0.5250000000        -0.3200000000         0.9378119249       335.1784792196      -410.1300984858 
        0.5300000999        -0.3200000000         0.9556545853       333.8939806528      -383.4992620660 
        0.5350000999        -0.3200000000         0.9531056338       331.5084833146      -387.3036672688 
        0.5400000999        -0.3200000000         0.9429098279       329.6734853621      -402.5212880801 
        0.5450000999        -0.3200000000         0.9403608764       327.8384874096      -406.3256932830 
        0.5500000999        -0.3200000000         0.9505566824       326.1869892524      -391.1080724717 
        0.5550000999        -0.3200000000         0.9429098279       323.8014919142      -402.5212880801 
        0.5600000999        -0.3200000000         0.9607524883       321.5994943712      -375.8904516603 
        0.5650000999        -0.3200000000         0.9505566824       319.9479962139      -391.1080724717 
        0.5700000999        -0.3200000000         0.9454587794       317.3789990805      -398.7168828773 
        0.5750000999        -0.3200000000         0.9607524883       316.4615001042      -375.8904516603 
        0.5800000999        -0.3200000000         0.9505566824       314.4430023565      -391.1080724717 
        0.5850000999        -0.3200000000         0.9403608764       311.5070056325      -406.3256932830 
        0.5900000000        -0.3200000000         0.9454587794       309.6720076800      -398.7168828773 
        0.5950000000        -0.3200000000         0.9480077309       308.5710089085      -394.9124776745 
        0.6000000000        -0.3200000000         0.9531056338       306.1855115703      -387.3036672688 
        0.6050000000        -0.3200000000         0.9454587794       304.7175132083      -398.7168828773 
        0.6100000000        -0.3200000000         0.9403608764       301.7815164843      -406.3256932830 
        0.6150000000        -0.3200000000         0.9480077309       300.3135181223      -394.9124776745 
        0.6200525999        -0.3200000000         0.9378119249       297.5610211936      -410.1300984858 
        0.6250000000        -0.3200000000         0.9480077309       296.8270220126      -394.9124776745 
        0.6300000000        -0.3200000000         0.9378119249       294.0745250839      -410.1300984858 
        0.6350000000        -0.3200000000         0.9378119249       290.9550285647      -410.1300984858 
        0.6400000000        -0.3200000000         0.9480077309       290.4045291789      -394.9124776745 
        0.6450000000        -0.3200000000         0.9378119249       287.2850326597      -410.1300984858 
        0.6500000000        -0.3200000000         0.9352629734       285.8170342977      -413.9345036886 
        0.6550000999        -0.3200000000         0.9429098279       283.9820363452      -402.5212880801 
        0.6600000999        -0.3200000000         0.9250671675       281.5965390070      -429.1521245000 
        0.6650000999        -0.3200000000         0.9531056338       280.6790400308      -387.3036672688 
        0.6700000999        -0.3200000000         0.9531056338       278.1100428973      -387.3036672688 
        0.6750000999        -0.3200000000         0.9301650705       275.9080453543      -421.5433140943 
        0.6800000999        -0.3200000000         0.9378119249       273.7060478113      -410.1300984858 
        0.6850000999        -0.3200000000         0.9505566824       272.6050490398      -391.1080724717 
        0.6900000999        -0.3200000000         0.9378119249       271.1370506778      -410.1300984858 
        0.6950000999        -0.3200000000         0.9378119249       268.9350531349      -410.1300984858 
        0.7000000999        -0.3200000000         0.9378119249       266.1825562061      -410.1300984858 
        0.7050000999        -0.3200000000         0.9378119249       264.7145578441      -410.1300984858 
        0.7100000999        -0.3200000000         0.9352629734       262.3290605059      -413.9345036886 
        0.7150000000        -0.3200000000         0.9378119249       260.1270629629      -410.1300984858 
        0.7200000000        -0.3200000000         0.9531056338       259.0260641914      -387.3036672688 
        0.7250000000        -0.3200000000         0.9301650705       256.0900674675      -421.5433140943 
        0.7300041000        -0.3200000000         0.9276161190       254.4385693102      -425.3477192971 
        0.7350000000        -0.3200000000         0.9454587794       253.1540707435      -398.7168828773 
        0.7400000000        -0.3200000000         0.9250671675       249.8510744290      -429.1521245000 
        0.7450000000        -0.3200000000         0.9352629734       248.0160764765      -413.9345036886 
        0.7500000000        -0.3200000000         0.9480077309       246.5480781145      -394.9124776745 
        0.7550000000        -0.3200000000         0.9148713616       244.1625807763      -444.3697453113 
        0.7600000000        -0.3200000000         0.9378119249       242.1440830286      -410.1300984858 
        0.7650000000        -0.3200000000         0.9480077309       240.6760846666      -394.9124776745 
        0.7700000000        -0.3200000000         0.9531056338       239.0245865093      -387.3036672688 
        0.7750000000        -0.3200000000         0.9199692645       235.9050899901      -436.7609349056 
        0.7800000999        -0.3200000000         0.9378119249       234.2535918329      -410.1300984858 
        0.7850000999        -0.3200000000         0.9352629734       232.4185938804      -413.9345036886 
        0.7900000999        -0.3200000000         0.9378119249       230.4000961327      -410.1300984858 
        0.7950000999        -0.3200000000         0.9480077309       229.2990973612      -394.9124776745 
        0.8000000999        -0.3200000000         0.9327140220       225.9961010467      -417.7389088915 
        0.8050000999        -0.3200000000         0.9250671675       224.8951022752      -429.1521245000 
        0.8100000999        -0.3200000000         0.9403608764       222.1426053465      -406.3256932830 
        0.8150500000        -0.3200000000         0.9505566824       219.9406078035      -391.1080724717 
        0.8200000999        -0.3200000000         0.9480077309       218.2891096463      -394.9124776745 
        0.8250000999        -0.3200000000         0.9148713616       215.7201125128      -444.3697453113 
        0.8300000999        -0.3200000000         0.9480077309       214.0686143556      -394.9124776745 
        0.8350000999        -0.3200000000         0.9480077309       212.6006159936      -394.9124776745 
        0.8400000000        -0.3200000000         0.9352629734       210.3986184506      -413.9345036886 
        0.8450000000        -0.3200000000         0.9454587794       207.6461215219      -398.7168828773 
        0.8500058000        -0.3200000000         0.9378119249       206.1781231599      -410.1300984858 
        0.8550000000        -0.3200000000         0.9301650705       203.7926258216      -421.5433140943 
        0.8600000000        -0.3200000000         0.9352629734       201.9576278691      -413.9345036886 
        0.8650000000        -0.3200000000         0.9556545853       200.3061297119      -383.4992620660 
        0.8700000000        -0.3200000000         0.9378119249       198.4711317594      -410.1300984858 
        0.8750000000        -0.3200000000         0.9454587794       196.6361338069      -398.7168828773 
        0.8800000000        -0.3200000000         0.9480077309       194.4341362640      -394.9124776745 
        0.8850000000        -0.3200000000         0.9709482942       192.5991383115      -360.6728308490 
        0.8900000000        -0.3200000000         0.9480077309       190.3971407685      -394.9124776745 
        0.8950000000        -0.3200000000         0.9480077309       188.5621428160      -394.9124776745 
        0.9000000000        -0.3200000000         0.9378119249       186.5436450683      -410.1300984858 
        0.9050000999        -0.3200000000         0.9378119249       184.7086471158      -410.1300984858 
        0.9100000999        -0.3200000000         0.9531056338       183.0571489586      -387.3036672688 
        0.9150000999        -0.3200000000         0.9429098279       180.3046520298      -402.5212880801 
        0.9200000999        -0.3200000000         0.9327140220       178.4696540773      -417.7389088915 
        0.9250000999        -0.3200000000         0.9480077309       176.8181559201      -394.9124776745 
        0.9300000999        -0.3200000000         0.9378119249       174.7996581724      -410.1300984858 
        0.9350000999        -0.3200000000         0.9378119249       172.4141608341      -410.1300984858 
        0.9400000999        -0.3200000000         0.9378119249       170.9461624722      -410.1300984858 
        0.9450000999        -0.3200000000         0.9352629734       168.5606651339      -413.9345036886 
        0.9500000999        -0.3200000000         0.9301650705       166.5421673862      -421.5433140943 
        0.9550000999        -0.3200000000         0.9352629734       164.3401698432      -413.9345036886 
        0.9600000999        -0.3200000000         0.9734972457       163.6061706622      -356.8684256462 
        0.9650000000        -0.3200000000         0.9301650705       160.6701739382      -421.5433140943 
        0.9700000000        -0.3200000000         0.9454587794       158.4681763953      -398.7168828773 
        0.9750000000        -0.3200000000         0.9225182160       156.8166782380      -432.9565297028 
        0.9800000000        -0.3200000000         0.9403608764       154.6146806950      -406.3256932830 
        0.9850000000        -0.3200000000         0.9403608764       153.5136819235      -406.3256932830 
        0.9900000000        -0.3200000000         0.9250671675       150.9446847901      -429.1521245000 
        0.9950000000        -0.3200000000         0.9403608764       149.1096868376      -406.3256932830 
        1.0000000000        -0.3200000000         0.9378119249       146.9076892946      -410.1300984858 
        1.0050000000        -0.3200000000         0.9327140220       145.0726913421      -417.7389088915 
        1.0100001000        -0.3200000000         0.9327140220       143.0541935944      -417.7389088915 
        1.0150000000        -0.3200000000         0.9403608764       141.4026954371      -406.3256932830 
        1.0200001000        -0.3200000000         0.9454587794       139.0171980989      -398.7168828773 
        1.0250000000        -0.3200000000         0.9352629734       137.1822001464      -413.9345036886 
        1.0300000999        -0.3200000000         0.9454587794       135.5307019892      -398.7168828773 
        1.0350000999        -0.3200000000         0.9352629734       133.1452046510      -413.9345036886 
        1.0400060999        -0.3200000000         0.9454587794       131.4937064937      -398.7168828773 
        1.0450000999        -0.3200000000         0.9301650705       128.5577097697      -421.5433140943 
        1.0500000999        -0.3200000000         0.9403608764       127.0897114078      -406.3256932830 
        1.0550000999        -0.3200000000         0.9301650705       125.0712136600      -421.5433140943 
        1.0600000999        -0.3200000000         0.9505566824       123.2362157075      -391.1080724717 
        1.0650000999        -0.3200000000         1.0983958685       120.8507183693      -170.4525707076 
        1.0700000999        -0.3200000000         0.9301650705       119.3827200073      -421.5433140943 
        1.0750000999        -0.3200000000         0.9378119249       117.3642222596      -410.1300984858 
        1.0800000999        -0.3200000000         0.9480077309       115.8962238976      -394.9124776745 
        1.0850000999        -0.3200000000         0.9454587794       113.5107265594      -398.7168828773 
        1.0900000000        -0.3200000000         0.9429098279       111.1252292211      -402.5212880801 
        1.0950000000        -0.3200000000         0.9556545853       109.2902312687      -383.4992620660 
        1.1000000000        -0.3200000000         0.9352629734       106.9047339304      -413.9345036886 
        1.1050000000        -0.3200000000         0.9301650705       104.8862361827      -421.5433140943 
        1.1100045000        -0.3200000000         0.9403608764       102.8677384350      -406.3256932830 
        1.1150000000        -0.3200000000         0.9480077309       101.2162402777      -394.9124776745 
        1.1200000000        -0.3200000000         0.9378119249        99.3812423252      -410.1300984858 
        1.1250000000        -0.3200000000         0.9480077309        97.7297441680      -394.9124776745 
        1.1300000000        -0.3200000000         0.9480077309        95.7112464203      -394.9124776745 
        1.1350001000        -0.3200000000         0.9276161190        92.7752496963      -425.3477192971 
        1.1400000000        -0.3200000000         0.9480077309        90.9402517438      -394.9124776745 
        1.1450001000        -0.3200000000         0.9301650705        89.2887535866      -421.5433140943 
        1.1500000000        -0.3200000000         0.9480077309        86.7197564531      -394.9124776745 
        1.1550000999        -0.3200000000         0.9327140220        84.8847585006      -417.7389088915 
        1.1600000999        -0.3200000000         0.9480077309        83.4167601386      -394.9124776745 
        1.1650000999        -0.3200000000         0.9582035368        82.1322615719      -379.6948568632 
        1.1700000999        -0.3200000000         0.9403608764        79.5632644384      -406.3256932830 
        1.1750000999        -0.3200000000         0.9505566824        77.5447666907      -391.1080724717 
        1.1800000999        -0.3200000000         0.9378119249        75.5262689429      -410.1300984858 
        1.1850000999        -0.3200000000         0.9556545853        74.0582705809      -383.4992620660 
        1.1900000999        -0.3200000000         0.9531056338        72.2232726285      -387.3036672688 
        1.1950000999        -0.3200000000         0.9454587794        69.2872759045      -398.7168828773 
        1.2000059000        -0.3200000000         0.9327140220        67.8192775425      -417.7389088915 
        1.2050000999        -0.3200000000         0.9556545853        65.6172799995      -383.4992620660 
        1.2100000999        -0.3200000000         0.9556545853        64.3327814328      -383.4992620660 
        1.2150429000        -0.3200000000         0.9505566824        61.9472840945      -391.1080724717 
        1.2200000000        -0.3200000000         0.9480077309        59.9287863468      -394.9124776745 
        1.2250000000        -0.3200000000         0.9378119249        57.7267888038      -410.1300984858 
        1.2300000000        -0.3200000000         0.9505566824        55.7082910561      -391.1080724717 
        1.2350000000        -0.3200000000         0.9480077309        54.0567928989      -394.9124776745 
        1.2400000000        -0.3200000000         0.9454587794        51.8547953559      -398.7168828773 
        1.2450000000        -0.3200000000         0.9480077309        50.2032971986      -394.9124776745 
        1.2500000000        -0.3200000000         0.9429098279        48.1847994509      -402.5212880801 
        1.2550000000        -0.3200000000         0.9505566824        46.1663017032      -391.1080724717 
        1.2600001000        -0.3200000000         0.9480077309        44.3313037507      -394.9124776745 
        1.2650000000        -0.3200000000         0.9505566824        42.8633053887      -391.1080724717 
        1.2700001000        -0.3200000000         0.9403608764        39.7438088695      -406.3256932830 
        1.2750000000        -0.3200000000         0.9454587794        38.6428100980      -398.7168828773 
        1.2800000999        -0.3200000000         0.9505566824        36.2573127597      -391.1080724717 
        1.2850000999        -0.3200000000         0.9378119249        34.0553152168      -410.1300984858 
        1.2900000999        -0.3200000000         0.9454587794        32.2203172643      -398.7168828773 
        1.2950000999        -0.3200000000         0.9378119249        30.3853193118      -410.1300984858 
        1.3000000999        -0.3200000000         0.9480077309        28.7338211546      -394.9124776745 
        1.3050000999        -0.3200000000         0.8868328952        25.7978244306      -486.2182025424 
        1.3100000999        -0.3200000000         0.9556545853        24.6968256591      -383.4992620660 
        1.3150000999        -0.3200000000         0.9429098279        22.3113283209      -402.5212880801 
        1.3200000999        -0.3200000000         0.9327140220        19.7423311874      -417.7389088915 
        1.3250000999        -0.3200000000         0.9505566824        18.8248322111      -391.1080724717 
        1.3300000999        -0.3200000000         0.9454587794        16.0723352824      -398.7168828773 
        1.3350000999        -0.3200000000         0.9480077309        13.8703377394      -394.9124776745 
        1.3400000000        -0.3200000000         0.9454587794        12.5858391727      -398.7168828773 
        1.3450000000        -0.3200000000         0.9429098279         9.6498424487      -402.5212880801 
        1.3500000000        -0.3200000000         0.9327140220         7.4478449057      -417.7389088915 
        1.3550000000        -0.3200000000         0.9429098279         5.9798465437      -402.5212880801 
        1.3600000000        -0.3200000000         0.9556545853         4.3283483865      -383.4992620660 
        1.3650000000        -0.3200000000         0.9378119249         1.2088518673      -410.1300984858 
        1.3700000000        -0.3200000000         0.9429098279         0.2913528910      -402.5212880801 
        1.3750000000        -0.3200000000         0.9454587794         0.4748526863      -398.7168828773 
        1.3800000000        -0.3200000000         0.9480077309         0.1078530958      -394.9124776745 
        1.3850001000        -0.3200000000         0.9429098279         0.1078530958      -402.5212880801 
        1.3900000000        -0.3200000000         0.9429098279         0.2913528910      -402.5212880801 
        1.3950001000        -0.3200000000         0.9454587794        80.1137638241      -398.7168828773 
        1.4000000000        -0.3200000000         0.9378119249        78.6457654622      -410.1300984858 
        1.4050000999        -0.3200000000         0.9403608764       359.7674517829      -406.3256932830 
        1.4100000999        -0.3200000000         0.9352629734       359.4004521924      -413.9345036886 
        1.4150000999        -0.3200000000         0.9505566824       359.9509515781      -391.1080724717 
        1.4200000999        -0.3200000000         0.9403608764       360.8684505544      -406.3256932830 
        1.4250000999        -0.3200000000         0.9429098279       359.0334526019      -402.5212880801 
        1.4300000999        -0.3200000000         0.9556545853       357.3819544446      -383.4992620660 
        1.4350000999        -0.3200000000         0.9429098279       354.9964571064      -402.5212880801 
        1.4400000999        -0.3200000000         0.9276161190       352.4274599729      -425.3477192971 
        1.4450000999        -0.3200000000         0.9480077309       351.6934607919      -394.9124776745 
        1.4500000999        -0.3200000000         0.9480077309       349.1244636585      -394.9124776745 
        1.4550000999        -0.3200000000         0.9352629734       346.7389663202      -413.9345036886 
        1.4600000999        -0.3200000000         0.9480077309       344.9039683677      -394.9124776745 
        1.4650042000        -0.3200000000         0.9454587794       342.8854706200      -398.7168828773 
        1.4700000000        -0.3200000000         0.9480077309       341.0504726675      -394.9124776745 
        1.4750000000        -0.3200000000         0.9327140220       338.8484751245      -417.7389088915 
        1.4800000000        -0.3200000000         0.9505566824       337.0134771721      -391.1080724717 
        1.4850000000        -0.3200000000         0.9352629734       334.6279798338      -413.9345036886 
        1.4900000000        -0.3200000000         0.9454587794       333.5269810623      -398.7168828773 
        1.4950000000        -0.3200000000         0.9454587794       330.2239847479      -398.7168828773 
        1.5000000000        -0.3200000000         0.9352629734       328.5724865906      -413.9345036886 
        1.5050000000        -0.3200000000         0.9378119249       326.5539888429      -410.1300984858 
        1.5100001000        -0.3200000000         0.9429098279       324.5354910952      -402.5212880801 
        1.5150000000        -0.3200000000         0.9709482942       322.3334935522      -360.6728308490 
        1.5200001000        -0.3200000000         0.9454587794       320.8654951902      -398.7168828773 
        1.5250000000        -0.3200000000         0.9148713616       317.7459986710      -444.3697453113 
        1.5300000999        -0.3200000000         0.9429098279       316.2780003090      -402.5212880801 
        1.5350000999        -0.3200000000         0.9454587794       314.9935017422      -398.7168828773 
        1.5400000999        -0.3200000000         0.9454587794       312.9750039945      -398.7168828773 
        1.5450000999        -0.3200000000         0.9480077309       311.1400060420      -394.9124776745 
        1.5500000999        -0.3200000000         0.9250671675       308.3875091133      -429.1521245000 
        1.5550098000        -0.3200000000         0.9403608764       306.1855115703      -406.3256932830 
        1.5600000999        -0.3200000000         0.9454587794       304.3505136178      -398.7168828773 
        1.5650000999        -0.3200000000         0.9378119249       302.6990154606      -410.1300984858 
        1.5700000999        -0.3200000000         0.9301650705       300.3135181223      -421.5433140943 
        1.5750000999        -0.3200000000         0.9403608764       298.2950203746      -406.3256932830 
        1.5800000999        -0.3200000000         0.9378119249       295.7260232411      -410.1300984858 
        1.5850000999        -0.3200000000         0.9352629734       294.4415246744      -413.9345036886 
        1.5900000000        -0.3200000000         0.9403608764       292.6065267219      -406.3256932830 
        1.5950000000        -0.3200000000         0.9378119249       289.8540297932      -410.1300984858 
        1.6000000000        -0.3200000000         0.9352629734       287.8355320455      -413.9345036886 
        1.6050000000        -0.3200000000         0.9250671675       285.4500347072      -429.1521245000 
        1.6100000000        -0.3200000000         0.9531056338       284.3490359357      -387.3036672688 
        1.6150000000        -0.3200000000         0.9327140220       281.9635385975      -417.7389088915 
        1.6200000000        -0.3200000000         0.9276161190       279.9450408498      -425.3477192971 
        1.6250000000        -0.3200000000         0.9403608764       278.2935426925      -406.3256932830 
        1.6300000000        -0.3200000000         0.9403608764       275.7245455590      -406.3256932830 
        1.6350001000        -0.3200000000         0.9327140220       273.5225480161      -417.7389088915 
        1.6400000000        -0.3200000000         0.9378119249       271.8710498588      -410.1300984858 
        1.6450001000        -0.3200000000         0.9454587794       269.8525521111      -398.7168828773 
        1.6500000000        -0.3200000000         0.9225182160       267.8340543634      -432.9565297028 
        1.6550000999        -0.3200000000         0.9352629734       265.9990564109      -413.9345036886 
        1.6600000999        -0.3200000000         0.9531056338       264.3475582536      -387.3036672688 
        1.6650000999        -0.3200000000         0.9480077309       262.1455607107      -394.9124776745 
        1.6700000999        -0.3200000000         0.9378119249       260.6775623487      -410.1300984858 
        1.6750000999        -0.3200000000         0.9378119249       257.9250654199      -410.1300984858 
        1.6800000999        -0.3200000000         0.9352629734       255.3560682865      -413.9345036886 
        1.6850000999        -0.3200000000         0.9301650705       253.5210703340      -421.5433140943 
        1.6900000999        -0.3200000000         0.9505566824       252.4200715625      -391.1080724717 
        1.6950000999        -0.3200000000         0.9327140220       250.2180740195      -417.7389088915 
        1.7000000999        -0.3200000000         0.9276161190       248.1995762718      -425.3477192971 
        1.7050000999        -0.3200000000         0.9505566824       246.3645783193      -391.1080724717 
        1.7100000999        -0.3200000000         0.9301650705       243.6120813906      -421.5433140943 
        1.7150000000        -0.3200000000         0.9378119249       242.6945824143      -410.1300984858 
        1.7200137999        -0.3200000000         0.9378119249       240.4925848713      -410.1300984858 
        1.7250000000        -0.3200000000         0.9378119249       237.7400879426      -410.1300984858 
        1.7300000000        -0.3200000000         0.9403608764       235.9050899901      -406.3256932830 
        1.7350000000        -0.3200000000         0.9276161190       233.5195926519      -425.3477192971 
        1.7400000000        -0.3200000000         0.9454587794       231.6845946994      -398.7168828773 
        1.7450000000        -0.3200000000         0.9301650705       230.0330965422      -421.5433140943 
        1.7500057999        -0.3200000000         0.9429098279       228.1980985897      -402.5212880801 
        1.7550000000        -0.3200000000         0.9378119249       225.4456016610      -410.1300984858 
        1.7600001000        -0.3200000000         1.0168294210       224.5281026847      -292.1935371981 
        1.7650000000        -0.3200000000         0.9327140220       221.2251063702      -417.7389088915 
        1.7700001000        -0.3200000000         0.9378119249       219.7571080083      -410.1300984858 
        1.7750000000        -0.3200000000         0.9403608764       217.3716106700      -406.3256932830 
        1.7800000999        -0.3200000000         0.9225182160       215.7201125128      -432.9565297028 
        1.7850000999        -0.3200000000         0.9454587794       214.0686143556      -398.7168828773 
        1.7900000999        -0.3200000000         0.9378119249       211.3161174268      -410.1300984858 
        1.7950000999        -0.3200000000         0.9352629734       209.6646192696      -413.9345036886 
        1.8000000999        -0.3200000000         0.9276161190       207.2791219314      -425.3477192971 
        1.8050000999        -0.3200000000         0.9505566824       206.1781231599      -391.1080724717 
        1.8100000999        -0.3200000000         0.8944797497       204.5266250026      -474.8049869339 
        1.8150000999        -0.3200000000         0.9276161190       201.7741280739      -425.3477192971 
        1.8200000999        -0.3200000000         0.9531056338       199.7556303262      -387.3036672688 
        1.8250000999        -0.3200000000         0.9480077309       198.4711317594      -394.9124776745 
        1.8300000999        -0.3200000000         0.9505566824       196.6361338069      -391.1080724717 
        1.8350000999        -0.3200000000         0.9301650705       193.5166372877      -421.5433140943 
        1.8400030000        -0.3200000000         0.9964378091       192.0486389257      -322.6287788207 
        1.8450000000        -0.3200000000         0.9429098279       189.6631415875      -402.5212880801 
        1.8500000000        -0.3200000000         0.9505566824       188.5621428160      -391.1080724717 
        1.8550000000        -0.3200000000         0.9556545853       186.1766454778      -383.4992620660 
        1.8600043000        -0.3200000000         0.9301650705       183.6076483443      -421.5433140943 
        1.8650000000        -0.3200000000         0.9378119249       181.7726503918      -410.1300984858 
        1.8700000000        -0.3200000000         0.9454587794       180.1211522346      -398.7168828773 
        1.8750000000        -0.3200000000         0.9505566824       178.2861542821      -391.1080724717 
        1.8800000000        -0.3200000000         0.9276161190       176.0841567391      -425.3477192971 
        1.8850008000        -0.3200000000         0.9454587794       174.0656589914      -398.7168828773 
        1.8900000000        -0.3200000000         0.9454587794       172.2306610389      -398.7168828773 
        1.8950001000        -0.3200000000         0.9352629734       170.3956630864      -413.9345036886 
        1.9000000000        -0.3200000000         0.9480077309       169.1111645197      -394.9124776745 
        1.9050000999        -0.3200000000         0.9352629734       166.3586675909      -413.9345036886 
        1.9100000999        -0.3200000000         0.9582035368       164.8906692290      -379.6948568632 
        1.9150000999        -0.3200000000         0.9301650705       162.1381723002      -421.5433140943 
        1.9200000999        -0.3200000000         0.9403608764       160.3031743477      -406.3256932830 
        1.9250000999        -0.3200000000         0.9301650705       158.1011768048      -421.5433140943 
        1.9300000999        -0.3200000000         0.9429098279       156.4496786475      -402.5212880801 
        1.9350000999        -0.3200000000         0.9378119249       154.6146806950      -410.1300984858 
        1.9400000999        -0.3200000000         0.9454587794       152.9631825378      -398.7168828773 
        1.9450000999        -0.3200000000         0.9327140220       149.8436860186      -417.7389088915 
        1.9500000999        -0.3200000000         0.9276161190       148.5591874518      -425.3477192971 
        1.9550000999        -0.3200000000         0.9582035368       146.3571899089      -379.6948568632 
        1.9600000999        -0.3200000000         0.9403608764       144.3386921611      -406.3256932830 
        1.9650000000        -0.3200000000         0.9378119249       142.1366946181      -410.1300984858 
        1.9700000000        -0.3200000000         0.9352629734       140.4851964609      -413.9345036886 
        1.9750000000        -0.3200000000         0.9429098279       137.9161993274      -402.5212880801 
        1.9800000000        -0.3200000000         0.9352629734       136.6317007607      -413.9345036886 
        1.9850000000        -0.3200000000         0.9403608764       134.4297032177      -406.3256932830 
        1.9900000000        -0.3200000000         0.9352629734       132.0442058795      -413.9345036886 
        1.9950000000        -0.3200000000         0.9276161190       130.2092079270      -425.3477192971 
        2.0000000000        -0.3200000000         0.9378119249       128.3742099745      -410.1300984858 
        2.0050000000        -0.3200000000         0.9378119249       126.7227118173      -410.1300984858 
        2.0100000000        -0.3200000000         0.9454587794       124.7042140695      -398.7168828773 
        2.0150001000        -0.3200000000         0.9403608764       123.2362157075      -406.3256932830 
        2.0200001000        -0.3200000000         0.9403608764       120.8507183693      -406.3256932830 
        2.0250000000        -0.3200000000         0.9378119249       118.8322206216      -410.1300984858 
        2.0300000999        -0.3200000000         0.9454587794       117.3642222596      -398.7168828773 
        2.0350000999        -0.3200000000         0.9403608764       114.9787249214      -406.3256932830 
        2.0400000999        -0.3200000000         0.9480077309       113.5107265594      -394.9124776745 
        2.0450002999        -0.3200000000         0.9378119249       111.1252292211      -410.1300984858 
        2.0500000999        -0.3200000000         0.9301650705       108.1892324972      -421.5433140943 
        2.0550000999        -0.3200000000         0.9480077309       106.5377343399      -394.9124776745 
        2.0600000999        -0.3200000000         0.9480077309       104.8862361827      -394.9124776745 
        2.0650000999        -0.3200000000         0.9454587794       103.2347380255      -398.7168828773 
        2.0700000999        -0.3200000000         0.9454587794       101.2162402777      -398.7168828773 
        2.0750000999        -0.3200000000         0.9352629734        98.0967437585      -413.9345036886 
        2.0800000999        -0.3200000000         0.9454587794        96.6287453965      -398.7168828773 
        2.0850000999        -0.3200000000         0.9429098279        94.6102476488      -402.5212880801 
        2.0900211999        -0.3200000000         0.9403608764        92.2247503105      -406.3256932830 
        2.0950000000        -0.3200000000         0.9403608764        90.5732521533      -406.3256932830 
        2.1000000000        -0.3200000000         0.9454587794        88.5547544056      -398.7168828773 
        2.1050000000        -0.3200000000         0.9582035368        87.2702558388      -379.6948568632 
        2.1100000000        -0.3200000000         0.9582035368        85.4352578863      -379.6948568632 
        2.1150000000        -0.3200000000         0.9378119249        83.0497605481      -410.1300984858 
        2.1200000000        -0.3200000000         0.9505566824        81.3982623909      -391.1080724717 
        2.1250000000        -0.3200000000         0.9352629734        78.4622656669      -413.9345036886 
        2.1300000000        -0.3200000000         0.9454587794        76.9942673049      -398.7168828773 
        2.1350000000        -0.3200000000         0.9378119249        74.6087699667      -410.1300984858 
        2.1400001000        -0.3200000000         0.9301650705        72.9572718094      -421.5433140943 
        2.1450000000        -0.3200000000         0.9480077309        71.1222738570      -394.9124776745 
        2.1500000000        -0.3200000000         0.9480077309        68.9202763140      -394.9124776745 
        2.1550000999        -0.3200000000         0.9505566824        67.2687781567      -391.1080724717 
        2.1600000999        -0.3200000000         0.9301650705        64.6997810233      -421.5433140943 
        2.1650000999        -0.3200000000         0.9378119249        63.2317826613      -410.1300984858 
        2.1700000999        -0.3200000000         0.9480077309        61.2132849135      -394.9124776745 
        2.1750000999        -0.3200000000         0.9505566824        59.7452865516      -391.1080724717 
        2.1800000999        -0.3200000000         0.9301650705        56.9927896228      -421.5433140943 
        2.1850000999        -0.3200000000         0.9480077309        55.7082910561      -394.9124776745 
        2.1900000999        -0.3200000000         0.9454587794        53.6897933084      -398.7168828773 
        2.1950000999        -0.3200000000         0.9454587794        51.1207961749      -398.7168828773 
        2.2000000999        -0.3200000000         0.9352629734        49.1022984271      -413.9345036886 
        2.2050000999        -0.3200000000         0.9505566824        47.6343000652      -391.1080724717 
        2.2100000999        -0.3200000000         0.9454587794        45.2488027269      -398.7168828773 
        2.2150000000        -0.3200000000         0.9301650705        42.8633053887      -421.5433140943 
        2.2200000000        -0.3200000000         0.9454587794        41.2118072315      -398.7168828773 
        2.2250000000        -0.3200000000         0.9301650705        38.6428100980      -421.5433140943 
        2.2300000000        -0.3200000000         0.9301650705        36.4408125550      -421.5433140943 
        2.2350054998        -0.3200000000         0.9505566824        35.5233135788      -391.1080724717 
        2.2400000000        -0.3200000000         0.9480077309        33.5048158310      -394.9124776745 
        2.2450020000        -0.3200000000         0.9429098279        31.1193184928      -402.5212880801 
        2.2500000000        -0.3200000000         0.9556545853        29.2843205403      -383.4992620660 
        2.2550000000        -0.3200000000         0.9454587794        26.8988232021      -398.7168828773 
        2.2600000000        -0.3200000000         0.9454587794        24.6968256591      -398.7168828773 
        2.2650001000        -0.3200000000         0.9276161190        22.6783279114      -425.3477192971 
        2.2700000000        -0.3200000000         0.9505566824        21.2103295494      -391.1080724717 
        2.2750000000        -0.3200000000         0.9480077309        18.8248322111      -394.9124776745 
        2.2800000999        -0.3200000000         0.9352629734        16.8063344634      -413.9345036886 
        2.2850000999        -0.3200000000         0.9480077309        14.9713365109      -394.9124776745 
        2.2900000999        -0.3200000000         0.9174203130        12.0353397869      -440.5653401084 
        2.2950000999        -0.3200000000         0.9378119249         9.8333422440      -410.1300984858 
        2.3000000999        -0.3200000000         0.9454587794         7.8148444962      -398.7168828773 
        2.3050000999        -0.3200000000         0.9429098279         6.1633463390      -402.5212880801 
        2.3100035000        -0.3200000000         0.9378119249         3.9613487960      -410.1300984858 
        2.3150000999        -0.3200000000         0.9480077309         2.6768502293      -394.9124776745 
        2.3200000999        -0.3200000000         0.9429098279         0.4748526863      -402.5212880801 
        2.3250000999        -0.3200000000         0.9327140220        -0.0756466995      -417.7389088915 
        2.3300045999        -0.3200000000         0.9454587794         0.6583524815      -398.7168828773 
        2.3350000999        -0.3200000000         0.9429098279         0.1078530958      -402.5212880801 
        2.3400000000        -0.3200000000         0.9480077309         0.4748526863      -394.9124776745 
        2.3450000000        -0.3200000000         0.9352629734        79.3797646431      -413.9345036886 
        2.3500000000        -0.3200000000         0.9556545853        79.1962648479      -383.4992620660 
        2.3550000000        -0.3200000000         0.9429098279       360.3179511686      -402.5212880801 
        2.3600000000        -0.3200000000         0.9403608764       359.4004521924      -406.3256932830 
        2.3650000000        -0.3200000000         0.9352629734       359.4004521924      -413.9345036886 
        2.3700000000        -0.3200000000         0.9505566824       360.5014509639      -391.1080724717 
        2.3750000000        -0.3200000000         0.9301650705       359.0334526019      -421.5433140943 
        2.3800000000        -0.3200000000         0.9403608764       357.9324538304      -406.3256932830 
        2.3850000000        -0.3200000000         0.9429098279       354.9964571064      -402.5212880801 
        2.3900001000        -0.3200000000         0.9301650705       352.7944595634      -421.5433140943 
        2.3950000000        -0.3200000000         0.9378119249       350.9594616109      -410.1300984858 
        2.4000000000        -0.3200000000         0.9352629734       348.3904644775      -413.9345036886 
        2.4050000999        -0.3200000000         0.9352629734       346.3719667297      -413.9345036886 
        2.4100000999        -0.3200000000         0.9378119249       345.4544677535      -410.1300984858 
        2.4150000999        -0.3200000000         0.9327140220       342.8854706200      -417.7389088915 
        2.4200000999        -0.3200000000         0.9480077309       340.8669728723      -394.9124776745 
        2.4250000999        -0.3200000000         0.9327140220       338.2979757388      -417.7389088915 
        2.4300000999        -0.3200000000         0.9403608764       335.9124784006      -406.3256932830 
        2.4350000999        -0.3200000000         0.9327140220       334.6279798338      -417.7389088915 
        2.4400000999        -0.3200000000         0.9301650705       332.2424824956      -421.5433140943 
        2.4450000999        -0.3200000000         0.9352629734       330.0404849526      -413.9345036886 
        2.4500000999        -0.3200000000         0.9378119249       328.0219872049      -410.1300984858 
        2.4550000999        -0.3200000000         0.9352629734       325.6364898666      -413.9345036886 
        2.4600000999        -0.3200000000         0.9250671675       323.8014919142      -429.1521245000 
        2.4650000000        -0.3200000000         0.9429098279       321.9664939617      -402.5212880801 
        2.4700000000        -0.3200000000         0.9327140220       319.3974968282      -417.7389088915 
        2.4750000000        -0.3200000000         0.9276161190       317.9294984662      -425.3477192971 
        2.4800000000        -0.3200000000         0.9480077309       315.9110007185      -394.9124776745 
        2.4850000000        -0.3200000000         0.9378119249       313.7090031755      -410.1300984858 
        2.4900000000        -0.3200000000         0.9148713616       310.9565062468      -444.3697453113 
        2.4950000000        -0.3200000000         0.9556545853       310.2225070658      -383.4992620660 
        2.5000000000        -0.3200000000         0.9607524883       308.2040093180      -375.8904516603 
        2.5050000000        -0.3200000000         0.9454587794       306.0020117751      -398.7168828773 
        2.5100000000        -0.3200000000         0.9250671675       303.6165144368      -429.1521245000 
        2.5150001000        -0.3200000000         0.9480077309       301.2310170986      -394.9124776745 
        2.5200000000        -0.3200000000         0.9327140220       299.7630187366      -417.7389088915 
        2.5250000000        -0.3200000000         0.9250671675       297.0105218079      -429.1521245000 
        2.5300000999        -0.3200000000         0.9556545853       295.5425234459      -383.4992620660 
        2.5350000999        -0.3200000000         0.9301650705       293.3405259029      -421.5433140943 
        2.5400000999        -0.3200000000         0.9301650705       291.5055279504      -421.5433140943 
        2.5450000999        -0.3200000000         0.9429098279       288.9365308169      -402.5212880801 
        2.5500000999        -0.3200000000         1.0040846636       287.8355320455      -311.2155632122 
        2.5550000999        -0.3200000000         0.9658503913       285.6335345025      -368.2816412547 
        2.5600000999        -0.3200000000         0.9480077309       283.0645373690      -394.9124776745 
        2.5650000999        -0.3200000000         0.9582035368       281.7800388023      -379.6948568632 
        2.5700000999        -0.3200000000         0.9276161190       278.8440420783      -425.3477192971 
        2.5750000999        -0.3200000000         0.9352629734       276.8255443305      -413.9345036886 
        2.5800000999        -0.3200000000         0.9378119249       275.3575459686      -410.1300984858 
        2.5850000999        -0.3200000000         0.9556545853       274.0730474018      -383.4992620660 
        2.5900000000        -0.3200000000         0.9250671675       271.1370506778      -429.1521245000 
        2.5950000000        -0.3200000000         0.9429098279       269.8525521111      -402.5212880801 
        2.6000000000        -0.3200000000         0.9582035368       267.8340543634      -379.6948568632 
        2.6050000000        -0.3200000000         0.9250671675       265.4485570251      -429.1521245000 
        2.6100057999        -0.3200000000         0.9556545853       264.5310580489      -383.4992620660 
        2.6150000000        -0.3200000000         0.9250671675       261.4115615297      -429.1521245000 
        2.6200000000        -0.3200000000         0.9556545853       260.3105627582      -383.4992620660 
        2.6250000000        -0.3200000000         0.9378119249       257.7415656247      -410.1300984858 
        2.6300000000        -0.3200000000         0.9429098279       255.9065676722      -402.5212880801 
        2.6350000000        -0.3200000000         0.9378119249       254.0715697197      -410.1300984858 
        2.6400001000        -0.3200000000         0.9378119249       251.6860723815      -410.1300984858 
        2.6450000000        -0.3200000000         0.9378119249       249.8510744290      -410.1300984858 
        2.6500064999        -0.3200000000         0.9352629734       247.4655770908      -413.9345036886 
        2.6550000999        -0.3200000000         0.9480077309       246.3645783193      -394.9124776745 
        2.6600000999        -0.3200000000         0.9301650705       243.6120813906      -421.5433140943 
        2.6650000999        -0.3200000000         0.9505566824       242.1440830286      -391.1080724717 
        2.6700000999        -0.3200000000         0.9327140220       239.5750858951      -417.7389088915 
        2.6750000999        -0.3200000000         0.9276161190       237.3730883521      -425.3477192971 
        2.6800000999        -0.3200000000         0.9429098279       235.5380903996      -402.5212880801 
        2.6850000999        -0.3200000000         0.9378119249       233.8865922424      -410.1300984858 
        2.6900000999        -0.3200000000         0.9276161190       231.8680944947      -425.3477192971 
        2.6950000999        -0.3200000000         0.9454587794       229.2990973612      -398.7168828773 
        2.7000000999        -0.3200000000         0.9582035368       227.8310989992      -379.6948568632 
        2.7050000999        -0.3200000000         0.9327140220       226.3631006372      -417.7389088915 
        2.7100000999        -0.3200000000         0.9556545853       224.3446028895      -383.4992620660 
        2.7150000000        -0.3200000000         0.9505566824       222.3261051417      -391.1080724717 
        2.7200000000        -0.3200000000         0.9352629734       219.2066086225      -413.9345036886 
        2.7250000000        -0.3200000000         0.9301650705       217.7386102605      -421.5433140943 
        2.7300000000        -0.3200000000         0.9480077309       215.7201125128      -394.9124776745 
        2.7350000000        -0.3200000000         0.9709482942       214.0686143556      -360.6728308490 
        2.7400000000        -0.3200000000         0.9352629734       211.8666168126      -413.9345036886 
        2.7450000000        -0.3200000000         0.9454587794       210.2151186553      -398.7168828773 
        2.7500000000        -0.3200000000         0.9633014398       208.5636204981      -372.0860464575 
        2.7550000000        -0.3200000000         0.9378119249       206.1781231599      -410.1300984858 
        2.7600000000        -0.3200000000         0.9480077309       204.1596254121      -394.9124776745 
        2.7650001000        -0.3200000000         0.9480077309       201.7741280739      -394.9124776745 
        2.7700000000        -0.3200000000         0.9378119249       199.7556303262      -410.1300984858 
        2.7750000000        -0.3200000000         0.9378119249       198.6546315547      -410.1300984858 
        2.7800000999        -0.3200000000         0.9607524883       196.8196336022      -375.8904516603 
        2.7850000999        -0.3200000000         0.9301650705       194.0671366735      -421.5433140943 
        2.7900000999        -0.3200000000         0.9276161190       192.4156385162      -425.3477192971 
        2.7950000999        -0.3200000000         0.9582035368       190.2136409732      -379.6948568632 
        2.8000000999        -0.3200000000         0.9633014398       188.1951432255      -372.0860464575 
        2.8050000999        -0.3200000000         0.9378119249       187.0941444540      -410.1300984858 
        2.8100000999        -0.3200000000         0.9556545853       184.5251473205      -383.4992620660 
        2.8150000999        -0.3200000000         0.9505566824       182.5066495728      -391.1080724717 
        2.8200000999        -0.3200000000         0.9327140220       180.3046520298      -417.7389088915 
        2.8250000999        -0.3200000000         0.9378119249       178.2861542821      -410.1300984858 
        2.8300000999        -0.3200000000         0.9480077309       177.0016557154      -394.9124776745 
        2.8350000999        -0.3200000000         0.9454587794       174.9831579676      -398.7168828773 
        2.8400000000        -0.3200000000         0.9378119249       172.5976606294      -410.1300984858 
        2.8450000000        -0.3200000000         0.9505566824       171.1296622674      -391.1080724717 
        2.8500000000        -0.3200000000         0.9556545853       169.8451637007      -383.4992620660 
        2.8550000000        -0.3200000000         0.9378119249       166.9091669767      -410.1300984858 
        2.8600000000        -0.3200000000         0.9582035368       165.4411686147      -379.6948568632 
        2.8650000000        -0.3200000000         0.9582035368       163.4226708670      -379.6948568632 
        2.8700000000        -0.3200000000         0.9352629734       161.2206733240      -413.9345036886 
        2.8750000000        -0.3200000000         0.9429098279       159.2021755762      -402.5212880801 
        2.8800000000        -0.3200000000         0.9505566824       157.7341772143      -391.1080724717 
        2.8850000000        -0.3200000000         0.9301650705       155.1651800808      -421.5433140943 
        2.8900001000        -0.3200000000         0.9429098279       153.3301821283      -402.5212880801 
        2.8950000000        -0.3200000000         0.9480077309       150.9446847901      -394.9124776745 
        2.9000000000        -0.3200000000         0.9429098279       149.8436860186      -402.5212880801 
        2.9050000999        -0.3200000000         0.9480077309       147.4581886803      -394.9124776745 
        2.9100000999        -0.3200000000         0.9378119249       144.7056917516      -410.1300984858 
        2.9150000999        -0.3200000000         0.9480077309       143.2376933896      -394.9124776745 
        2.9200000999        -0.3200000000         0.9378119249       141.5861952324      -410.1300984858 
        2.9250000999        -0.3200000000         0.9480077309       139.3841976894      -394.9124776745 
        2.9300000999        -0.3200000000         0.9352629734       137.7326995322      -413.9345036886 
        2.9350000999        -0.3200000000         0.9276161190       135.5307019892      -425.3477192971 
        2.9400029999        -0.3200000000         0.9352629734       133.3287044462      -413.9345036886 
        2.9450000999        -0.3200000000         0.9454587794       131.4937064937      -398.7168828773 
        2.9500000999        -0.3200000000         0.9556545853       129.6587085412      -383.4992620660 
        2.9550000999        -0.3200000000         0.9174203130       127.4567109983      -440.5653401084 
        2.9600000999        -0.3200000000         0.9276161190       125.0712136600      -425.3477192971 
        2.9650000000        -0.3200000000         0.9454587794       123.0527159123      -398.7168828773 
        2.9700000000        -0.3200000000         0.9505566824       122.1352169360      -391.1080724717 
        2.9750000000        -0.3200000000         0.9250671675       119.3827200073      -429.1521245000 
        2.9800000000        -0.3200000000         0.9454587794       118.4652210311      -398.7168828773 
        2.9850000000        -0.3200000000         0.9378119249       115.7127241024      -410.1300984858 
        2.9900000000        -0.3200000000         0.9429098279       113.6942263546      -402.5212880801 
        2.9950000000        -0.3200000000         0.9480077309       111.6757286069      -394.9124776745 
        3.0000000000        -0.3200000000         0.9352629734       109.2902312687      -413.9345036886 
        3.0050000000        -0.3200000000         0.9378119249       107.6387331114      -410.1300984858 
        3.0100000000        -0.3200000000         0.9352629734       105.6202353637      -413.9345036886 
        3.0150001000        -0.3200000000         0.9429098279       103.2347380255      -402.5212880801 
        3.0200000000        -0.3200000000         0.9429098279       101.7667396635      -402.5212880801 
        3.0250000000        -0.3200000000         0.9301650705        99.0142427347      -421.5433140943 
        3.0300000999        -0.3200000000         0.9454587794        97.5462443727      -398.7168828773 
        3.0350000999        -0.3200000000         0.9327140220        95.3442468298      -417.7389088915 
        3.0400000999        -0.3200000000         0.9403608764        93.1422492868      -406.3256932830 
        3.0450000999        -0.3200000000         0.9378119249        90.7567519486      -410.1300984858 
        3.0500000999        -0.3200000000         1.1136895775        88.9217539961      -147.6261394906 
        3.0550000999        -0.3200000000         0.9378119249        87.2702558388      -410.1300984858 
        3.0600000999        -0.3200000000         0.9505566824        85.8022574768      -391.1080724717 
        3.0650000999        -0.3200000000         0.9480077309        83.0497605481      -394.9124776745 
        3.0700033000        -0.3200000000         0.9327140220        80.8477630051      -417.7389088915 
        3.0750000999        -0.3200000000         0.9378119249        79.5632644384      -410.1300984858 
        3.0800000999        -0.3200000000         0.9403608764        76.9942673049      -406.3256932830 
        3.0850000999        -0.3200000000         0.9378119249        74.6087699667      -410.1300984858 
        3.0900000000        -0.3200000000         0.9378119249        73.6912709904      -410.1300984858 
        3.0950000000        -0.3200000000         0.9556545853        71.3057736522      -383.4992620660 
        3.1000000000        -0.3200000000         0.9454587794        69.4707756997      -398.7168828773 
        3.1050000000        -0.3200000000         0.9378119249        66.7182787710      -410.1300984858 
        3.1100000000        -0.3200000000         0.9480077309        65.8007797948      -394.9124776745 
        3.1150000000        -0.3200000000         0.9429098279        63.7822820470      -402.5212880801 
        3.1200000000        -0.3200000000         0.9327140220        60.6627855278      -417.7389088915 
        3.1250000000        -0.3200000000         0.9378119249        59.0112873706      -410.1300984858 
        3.1300000000        -0.3200000000         0.9378119249        57.1762894181      -410.1300984858 
        3.1350000000        -0.3200000000         0.9378119249        55.1577916703      -410.1300984858 
        3.1400001000        -0.3200000000         0.9454587794        53.5062935131      -398.7168828773 
        3.1450000000        -0.3200000000         0.9403608764        51.3042959701      -406.3256932830 
        3.1500000000        -0.3200000000         0.9378119249        49.1022984271      -410.1300984858 
        3.1550000999        -0.3200000000         0.9429098279        47.8177998604      -402.5212880801 
        3.1600000999        -0.3200000000         0.9582035368        45.7993021127      -379.6948568632 
        3.1650000999        -0.3200000000         0.9403608764        43.0468051839      -406.3256932830 
        3.1700000999        -0.3200000000         0.9301650705        40.8448076410      -421.5433140943 
        3.1750000999        -0.3200000000         0.9429098279        39.3768092790      -402.5212880801 
        3.1800000999        -0.3200000000         0.9352629734        37.5418113265      -413.9345036886 
        3.1850000999        -0.3200000000         0.9454587794        35.1563139883      -398.7168828773 
        3.1900000999        -0.3200000000         0.9352629734        32.9543164453      -413.9345036886 
        3.1950002999        -0.3200000000         0.9505566824        31.3028182880      -391.1080724717 
        3.2000000999        -0.3200000000         0.9429098279        28.7338211546      -402.5212880801 
        3.2050000999        -0.3200000000         0.9403608764        26.8988232021      -406.3256932830 
        3.2100000999        -0.3200000000         0.9505566824        25.4308248401      -391.1080724717 
        3.2150000000        -0.3200000000         0.9352629734        23.0453275019      -413.9345036886 
        3.2200000000        -0.3200000000         0.9429098279        20.2928305731      -402.5212880801 
        3.2250000000        -0.3200000000         0.9480077309        19.3753315969      -394.9124776745 
        3.2300000000        -0.3200000000         0.9352629734        16.8063344634      -413.9345036886 
        3.2350000000        -0.3200000000         0.9301650705        14.6043369204      -421.5433140943 
        3.2400000000        -0.3200000000         0.9505566824        12.9528387632      -391.1080724717 
        3.2450000000        -0.3200000000         0.9454587794        10.0168420392      -398.7168828773 
        3.2500000000        -0.3200000000         0.9327140220         7.8148444962      -417.7389088915 
        3.2550000000        -0.3200000000         0.9301650705         5.6128469532      -421.5433140943 
        3.2600010999        -0.3200000000         0.9301650705         4.1448485913      -421.5433140943 
        3.2650001000        -0.3200000000         0.9352629734         1.7593512530      -413.9345036886 
        3.2700000000        -0.3200000000         0.9378119249         0.6583524815      -410.1300984858 
        3.2750000000        -0.3200000000         0.9454587794         0.1078530958      -398.7168828773 
        3.2800000999        -0.3200000000         0.9250671675        -0.6261460852      -429.1521245000 
        3.2850000999        -0.3200000000         0.9429098279        -0.0756466995      -402.5212880801 
        3.2900000999        -0.3200000000         0.9378119249         0.4748526863      -410.1300984858 
        3.2950000999        -0.3200000000         0.9454587794        79.9302640289      -398.7168828773 
        3.3000000999        -0.3200000000         0.9403608764        79.9302640289      -406.3256932830 
        3.3050000999        -0.3200000000         0.9327140220       360.1344513734      -417.7389088915 
        3.3100000999        -0.3200000000         0.9480077309       359.4004521924      -394.9124776745 
        3.3150000999        -0.3200000000         0.9429098279       359.9509515781      -402.5212880801 
        3.3200000999        -0.3200000000         0.9480077309       360.3179511686      -394.9124776745 
        3.3250000999        -0.3200000000         0.9301650705       359.0334526019      -421.5433140943 
        3.3300000999        -0.3200000000         0.9352629734       356.6479552636      -413.9345036886 
        3.3350000999        -0.3200000000         0.9378119249       355.1799569017      -410.1300984858 
        3.3400000000        -0.3200000000         0.9454587794       352.9779593587      -398.7168828773 
        3.3450000000        -0.3200000000         0.9429098279       350.7759618157      -402.5212880801 
        3.3500000000        -0.3200000000         0.9378119249       348.5739642727      -410.1300984858 
        3.3550000000        -0.3200000000         0.9352629734       346.9224661155      -413.9345036886 
        3.3600000000        -0.3200000000         0.9327140220       344.7204685725      -417.7389088915 
        3.3650000000        -0.3200000000         0.9454587794       342.8854706200      -398.7168828773 
        3.3700000000        -0.3200000000         0.9301650705       339.9494738960      -421.5433140943 
        3.3750000000        -0.3200000000         0.9301650705       338.6649753293      -421.5433140943 
        3.3800000000        -0.3200000000         0.9352629734       336.8299773768      -413.9345036886 
        3.3850000000        -0.3200000000         0.9454587794       334.0774804481      -398.7168828773 
        3.3900015999        -0.3200000000         0.9454587794       332.4259822908      -398.7168828773 
        3.3950000000        -0.3200000000         0.9505566824       330.4074845431      -391.1080724717 
        3.4000000000        -0.3200000000         0.9378119249       328.3889867954      -410.1300984858 
        3.4050000999        -0.3200000000         0.9327140220       325.2694902761      -417.7389088915 
        3.4100000999        -0.3200000000         0.9403608764       324.3519912999      -406.3256932830 
        3.4150000999        -0.3200000000         0.9250671675       321.2324947807      -429.1521245000 
        3.4200000999        -0.3200000000         0.9480077309       320.1314960092      -394.9124776745 
        3.4250000999        -0.3200000000         0.9199692645       317.1954992852      -436.7609349056 
        3.4300000999        -0.3200000000         0.9250671675       315.3605013327      -429.1521245000 
        3.4350000999        -0.3200000000         0.9429098279       313.3420035850      -402.5212880801 
        3.4400020000        -0.3200000000         0.9556545853       311.5070056325      -383.4992620660 
        3.4450000999        -0.3200000000         0.9454587794       309.4885078848      -398.7168828773 
        3.4500051000        -0.3200000000         0.9148713616       307.4700101370      -444.3697453113 
        3.4550000999        -0.3200000000         0.9429098279       305.0845127988      -402.5212880801 
        3.4600000999        -0.3200000000         0.9556545853       304.1670138226      -383.4992620660 
        3.4650000000        -0.3200000000         0.9505566824       301.5980166891      -391.1080724717 
        3.4700000000        -0.3200000000         0.9276161190       299.5795189414      -425.3477192971 
        3.4750000000        -0.3200000000         0.9454587794       297.7445209889      -398.7168828773 
        3.4800000000        -0.3200000000         0.9378119249       295.5425234459      -410.1300984858 
        3.4850000000        -0.3200000000         0.9582035368       293.8910252887      -379.6948568632 
        3.4900000000        -0.3200000000         0.9556545853       291.8725275409      -383.4992620660 
        3.4950000000        -0.3200000000         0.9378119249       289.4870302027      -410.1300984858 
        3.5000000000        -0.3200000000         0.9403608764       287.4685324550      -406.3256932830 
        3.5050000000        -0.3200000000         0.9454587794       285.4500347072      -398.7168828773 
        3.5100000000        -0.3200000000         0.9403608764       283.9820363452      -406.3256932830 
        3.5150001000        -0.3200000000         0.9352629734       281.9635385975      -413.9345036886 
        3.5200000000        -0.3200000000         0.9429098279       279.3945414640      -402.5212880801 
        3.5250000000        -0.3200000000         0.9378119249       277.0090441258      -410.1300984858 
        3.5300000999        -0.3200000000         0.9352629734       274.8070465828      -413.9345036886 
        3.5350000999        -0.3200000000         0.9429098279       273.7060478113      -402.5212880801 
        3.5400000999        -0.3200000000         0.9480077309       272.2380494493      -394.9124776745 
        3.5450000999        -0.3200000000         0.9454587794       270.0360519063      -398.7168828773 
        3.5500000999        -0.3200000000         0.9276161190       267.4670547729      -425.3477192971 
        3.5550000999        -0.3200000000         0.9429098279       266.1825562061      -402.5212880801 
        3.5600000999        -0.3200000000         0.9378119249       264.5310580489      -410.1300984858 
        3.5650000999        -0.3200000000         0.9480077309       261.7785611202      -394.9124776745 
        3.5700000999        -0.3200000000         0.9276161190       259.3930637819      -425.3477192971 
        3.5750000999        -0.3200000000         0.9352629734       257.9250654199      -413.9345036886 
        3.5800000999        -0.3200000000         0.9250671675       256.0900674675      -429.1521245000 
        3.5850000999        -0.3200000000         0.9454587794       253.7045701292      -398.7168828773 
        3.5900000000        -0.3200000000         0.9429098279       251.1355729957      -402.5212880801 
        3.5950000000        -0.3200000000         0.9250671675       250.0345742243      -429.1521245000 
        3.6000000000        -0.3200000000         0.9378119249       247.4655770908      -410.1300984858 
        3.6050000000        -0.3200000000         0.9276161190       245.0800797525      -425.3477192971 
        3.6100000000        -0.3200000000         0.9352629734       243.6120813906      -413.9345036886 
        3.6150000000        -0.3200000000         0.9378119249       241.4100838476      -410.1300984858 
        3.6200000000        -0.3200000000         0.9403608764       239.5750858951      -406.3256932830 
        3.6250000000        -0.3200000000         0.9301650705       237.7400879426      -421.5433140943 
        3.6300009000        -0.3200000000         0.9301650705       234.9875910139      -421.5433140943 
        3.6350000000        -0.3200000000         0.9505566824       233.3360928566      -391.1080724717 
        3.6400023999        -0.3200000000         0.9505566824       231.5010949042      -391.1080724717 
        3.6450000000        -0.3200000000         0.9199692645       229.4825971564      -436.7609349056 
        3.6500000000        -0.3200000000         0.9352629734       227.2805996134      -413.9345036886 
        3.6550000999        -0.3200000000         0.9454587794       225.4456016610      -398.7168828773 
        3.6600000999        -0.3200000000         0.9199692645       222.8766045275      -436.7609349056 
        3.6650000999        -0.3200000000         0.9378119249       221.0416065750      -410.1300984858 
        3.6700000999        -0.3200000000         0.9327140220       218.8396090320      -417.7389088915 
        3.6750000999        -0.3200000000         0.9225182160       217.0046110795      -432.9565297028 
        3.6800000999        -0.3200000000         0.9378119249       215.7201125128      -410.1300984858 
        3.6850000999        -0.3200000000         0.9403608764       212.6006159936      -406.3256932830 
        3.6900000999        -0.3200000000         0.9429098279       210.9491178363      -402.5212880801 
        3.6950000999        -0.3200000000         0.9276161190       209.4811194743      -425.3477192971 
        3.7000000999        -0.3200000000         0.9429098279       206.9121223409      -402.5212880801 
        3.7050000999        -0.3200000000         0.9531056338       205.9946233646      -387.3036672688 
        3.7100000999        -0.3200000000         0.9301650705       202.8751268454      -421.5433140943 
        3.7150000000        -0.3200000000         0.9301650705       200.8566290977      -421.5433140943 
        3.7200000000        -0.3200000000         0.9276161190       198.4711317594      -425.3477192971 
        3.7250000000        -0.3200000000         0.9378119249       197.5536327832      -410.1300984858 
        3.7300000000        -0.3200000000         0.9480077309       194.9846356497      -394.9124776745 
        3.7350000000        -0.3200000000         0.9429098279       192.7826381067      -402.5212880801 
        3.7400000000        -0.3200000000         0.9250671675       190.9476401542      -429.1521245000 
        3.7450000000        -0.3200000000         0.9327140220       188.7456426113      -417.7389088915 
        3.7500000000        -0.3200000000         0.9480077309       187.0941444540      -394.9124776745 
        3.7550000000        -0.3200000000         0.9352629734       184.7086471158      -413.9345036886 
        3.7600000000        -0.3200000000         0.9225182160       182.5066495728      -432.9565297028 
        3.7650001000        -0.3200000000         0.9429098279       180.8551514156      -402.5212880801 
        3.7700000000        -0.3200000000         0.9327140220       179.0201534631      -417.7389088915 
        3.7750000000        -0.3200000000         0.9352629734       177.5521551011      -413.9345036886 
        3.7800000999        -0.3200000000         0.9480077309       175.3501575581      -394.9124776745 
        3.7850000999        -0.3200000000         0.9403608764       172.9646602199      -406.3256932830 
        3.7900000999        -0.3200000000         0.9352629734       170.9461624722      -413.9345036886 
        3.7950000999        -0.3200000000         0.9301650705       168.7441649292      -421.5433140943 
        3.8000005000        -0.3200000000         0.9352629734       166.5421673862      -413.9345036886 
        3.8050000999        -0.3200000000         0.9327140220       164.8906692290      -417.7389088915 
        3.8100000999        -0.3200000000         0.9403608764       162.8721714812      -406.3256932830 
        3.8150000999        -0.3200000000         0.9225182160       160.3031743477      -432.9565297028 
        3.8200000999        -0.3200000000         0.9276161190       158.4681763953      -425.3477192971 
        3.8250000999        -0.3200000000         0.9327140220       156.6331784428      -417.7389088915 
        3.8300000999        -0.3200000000         0.9429098279       154.2476811045      -402.5212880801 
        3.8350000999        -0.3200000000         0.9327140220       152.7796827425      -417.7389088915 
        3.8400000000        -0.3200000000         0.9378119249       150.9446847901      -410.1300984858 
        3.8450000000        -0.3200000000         0.9301650705       148.3756876566      -421.5433140943 
        3.8500000000        -0.3200000000         0.9480077309       147.0911890898      -394.9124776745 
        3.8550000000        -0.3200000000         0.9301650705       144.5221919564      -421.5433140943 
        3.8600000000        -0.3200000000         0.9378119249       142.5036942086      -410.1300984858 
        3.8650026000        -0.3200000000         0.9378119249       140.3016966657      -410.1300984858 
        3.8700000000        -0.3200000000         0.9148713616       138.2831989179      -444.3697453113 
        3.8750000000        -0.3200000000         0.9352629734       136.2647011702      -413.9345036886 
        3.8800000000        -0.3200000000         0.9480077309       134.4297032177      -394.9124776745 
        3.8850000000        -0.3200000000         0.9378119249       132.4112054700      -410.1300984858 
        3.8900001000        -0.3200000000         0.9199692645       129.6587085412      -436.7609349056 
        3.8950000000        -0.3200000000         0.9378119249       128.3742099745      -410.1300984858 
        3.9000000000        -0.3200000000         0.9327140220       126.1722124315      -417.7389088915 
        3.9050000999        -0.3200000000         0.9378119249       124.8877138648      -410.1300984858 
        3.9100000999        -0.3200000000         0.9480077309       123.0527159123      -394.9124776745 
        3.9150000999        -0.3200000000         0.9352629734       120.8507183693      -413.9345036886 
        3.9200000999        -0.3200000000         0.9429098279       118.8322206216      -402.5212880801 
        3.9250000999        -0.3200000000         0.9301650705       115.8962238976      -421.5433140943 
        3.9300000999        -0.3200000000         0.9327140220       114.7952251261      -417.7389088915 
        3.9350000999        -0.3200000000         0.9429098279       113.3272267641      -402.5212880801 
        3.9400000999        -0.3200000000         0.9301650705       110.2077302449      -421.5433140943 
        3.9450000999        -0.3200000000         0.9403608764       108.3727322924      -406.3256932830 
        3.9500000999        -0.3200000000         0.9250671675       105.6202353637      -429.1521245000 
        3.9550000999        -0.3200000000         0.9378119249       104.5192365922      -410.1300984858 
        3.9600000999        -0.3200000000         0.9454587794       102.6842386397      -398.7168828773 
        3.9650000000        -0.3200000000         0.9327140220       100.6657408920      -417.7389088915 
        3.9700000999        -0.3200000000         0.9403608764        98.6472431442      -406.3256932830 
        3.9750000000        -0.3200000000         0.9378119249        96.0782460108      -410.1300984858 
        3.9800000000        -0.3200000000         0.9276161190        93.3257490820      -425.3477192971 
        3.9850000000        -0.3200000000         0.9352629734        91.8577507200      -413.9345036886 
        3.9900000000        -0.3200000000         0.9378119249        90.0227527676      -410.1300984858 
        3.9950000000        -0.3200000000         0.9378119249        87.8207552246      -410.1300984858 
