           Time[sec]           V_{cmd}[V]          V_{gyro}[V]          \theta[deg] \omega_{gyro}[deg/sec] 
        0.0000000000        -0.8400000000         1.2130986854       180.8551514156        -0.0913057249 
        0.0050000000        -0.8400000000         1.2054518309       180.3046520298       -11.5045213334 
        0.0100000000        -0.8400000000         1.2156476369       180.8551514156         3.7130994780 
        0.0150000000        -0.8400000000         1.1850602191       180.8551514156       -41.9397629560 
        0.0200000000        -0.8400000000         0.8868328952       178.4696540773      -487.0551716870 
        0.0250001000        -0.8400000000         1.0066336150       177.3686553058      -308.2481271540 
        0.0300000000        -0.8400000000         0.9403608764       174.7996581724      -407.1626624276 
        0.0350000000        -0.8400000000         0.9046755556       172.9646602199      -460.4243352672 
        0.0400000000        -0.8400000000         0.8638923318       170.2121632912      -521.2948185125 
        0.0450000000        -0.8400000000         0.8868328952       167.8266659529      -487.0551716870 
        0.0500000000        -0.8400000000         0.8333049140       165.6246684099      -566.9476809464 
        0.0550000000        -0.8400000000         0.8282070110       162.3216720955      -574.5564913521 
        0.0600001000        -0.8400000000         0.8129133021       159.3856753715      -597.3829225691 
        0.0650000000        -0.8400000000         0.7823258843       156.4496786475      -643.0357850030 
        0.0700000000        -0.8400000000         0.7797769328       152.5961829473      -646.8401902058 
        0.0750000000        -0.8400000000         0.7797769328       150.3941854043      -646.8401902058 
        0.0800001000        -0.8400000000         0.7721300783       147.0911890898      -658.2534058143 
        0.0850000000        -0.8400000000         0.7517384665       143.0541935944      -688.6886474370 
        0.0900000000        -0.8400000000         0.7491895150       139.5676974847      -692.4930526398 
        0.0950000000        -0.8400000000         0.7211510486       135.8977015797      -734.3415098709 
        0.1000000000        -0.8400000000         0.7237000001       132.0442058795      -730.5371046681 
        0.1050002000        -0.8400000000         0.7007594367       128.7412095650      -764.7767514936 
        0.1100000000        -0.8400000000         0.7135041942       125.0712136600      -745.7547254794 
        0.1150015000        -0.8400000000         0.6931125823       121.0342181646      -776.1899671020 
        0.1200000000        -0.8400000000         0.6905636308       116.8137228738      -779.9943723049 
        0.1250000000        -0.8400000000         0.6956615338       113.8777261499      -772.3855618992 
        0.1300000000        -0.8400000000         0.6727209704       109.6572308591      -806.6252087247 
        0.1350000000        -0.8400000000         0.6778188734       105.6202353637      -799.0163983190 
        0.1400000000        -0.8400000000         0.6574272615       102.3172390492      -829.4516399416 
        0.1450000000        -0.8400000000         0.6701720189        97.7297441680      -810.4296139275 
        0.1500001000        -0.8400000000         0.6446825041        93.1422492868      -848.4736659558 
        0.1550000000        -0.8400000000         0.6523293585        90.2062525628      -837.0604503473 
        0.1600000000        -0.8400000000         0.6421335526        85.0682582958      -852.2780711586 
        0.1650000000        -0.8400000000         0.6421335526        81.7652619814      -852.2780711586 
        0.1700000000        -0.8400000000         0.6242908922        76.9942673049      -878.9089075784 
        0.1750000000        -0.8400000000         0.6242908922        72.7737720142      -878.9089075784 
        0.1800001000        -0.8400000000         0.6115461347        68.1862771330      -897.9309335926 
        0.1850001000        -0.8400000000         0.6166440377        63.9657818423      -890.3221231869 
        0.1900000000        -0.8400000000         0.6166440377        60.4792857325      -890.3221231869 
        0.1950000000        -0.8400000000         0.6013503288        55.3412914656      -913.1485544039 
        0.2000000000        -0.8400000000         0.5911545228        51.6712955606      -928.3661752152 
        0.2050001000        -0.8400000000         0.6038992803        46.5333012937      -909.3441492011 
        0.2100001000        -0.8400000000         0.6038992803        41.9458064125      -909.3441492011 
        0.2150000000        -0.8400000000         0.5886055714        37.3583115312      -932.1705804180 
        0.2200000000        -0.8400000000         0.5758608139        32.9543164453      -951.1926064322 
        0.2250000000        -0.8400000000         0.5860566199        28.1833217688      -935.9749856209 
        0.2300000000        -0.8400000000         0.5988013773        23.2288272971      -916.9529596067 
        0.2350000000        -0.8400000000         0.5707629110        19.1918318016      -958.8014168378 
        0.2400001000        -0.8400000000         0.5682139595        13.6868379442      -962.6058220407 
        0.2450000000        -0.8400000000         0.5733118624         9.4663426535      -954.9970116350 
        0.2500000000        -0.8400000000         0.5784097654         3.5943492055      -947.3882012294 
        0.2550000000        -0.8400000000         0.5580181535        -0.2591464947      -977.8234428520 
        0.2600000000        -0.8400000000         0.5631160565         0.1078530958      -970.2146324463 
        0.2650000000        -0.8400000000         0.5401754931        79.3797646431     -1004.4542792718 
        0.2700000000        -0.8400000000         0.5656650080       359.9509515781      -966.4102272435 
        0.2750001000        -0.8400000000         0.5733118624       360.1344513734      -954.9970116350 
        0.2800000000        -0.8400000000         0.5631160565       358.1159536256      -970.2146324463 
        0.2850000000        -0.8400000000         0.5376265416       351.6934607919     -1008.2586844746 
        0.2900001000        -0.8400000000         0.5554692020       347.1059659107      -981.6278480548 
        0.2950000000        -0.8400000000         0.5401754931       341.9679716438     -1004.4542792718 
        0.3000003000        -0.8400000000         0.5274307357       336.4629777863     -1023.4763052859 
        0.3050000000        -0.8400000000         0.5376265416       332.0589827003     -1008.2586844746 
        0.3100001000        -0.8400000000         0.5580181535       326.9209884334      -977.8234428520 
        0.3150000000        -0.8400000000         0.5427244446       322.1499937569     -1000.6498740690 
        0.3200000000        -0.8400000000         0.5274307357       317.1954992852     -1023.4763052859 
        0.3250000000        -0.8400000000         0.5325286387       312.6080044040     -1015.8674948803 
        0.3300003000        -0.8400000000         0.5274307357       306.1855115703     -1023.4763052859 
        0.3350000000        -0.8400000000         0.5274307357       301.7815164843     -1023.4763052859 
        0.3400000000        -0.8400000000         0.5197838812       296.8270220126     -1034.8895208944 
        0.3450000000        -0.8400000000         0.5197838812       290.9550285647     -1034.8895208944 
        0.3500001000        -0.8400000000         0.5223328327       286.7345332740     -1031.0851156916 
        0.3550001000        -0.8400000000         0.5172349298       280.6790400308     -1038.6939260973 
        0.3600000000        -0.8400000000         0.5146859783       276.0915451495     -1042.4983313001 
        0.3650001000        -0.8400000000         0.5248817842       271.3205504731     -1027.2807104888 
        0.3700000000        -0.8400000000         0.5146859783       265.2650572299     -1042.4983313001 
        0.3750000000        -0.8400000000         0.5121370268       260.4940625534     -1046.3027365029 
        0.3800000000        -0.8400000000         0.5197838812       255.3560682865     -1034.8895208944 
        0.3850000000        -0.8400000000         0.5019412208       250.0345742243     -1061.5203573142 
        0.3900000000        -0.8400000000         0.5299796872       245.2635795478     -1019.6719000831 
        0.3950000000        -0.8400000000         0.5044901723       239.0245865093     -1057.7159521114 
        0.4000001000        -0.8400000000         0.5095880753       234.9875910139     -1050.1071417057 
        0.4050000000        -0.8400000000         0.5070391238       229.2990973612     -1053.9115469086 
        0.4100000000        -0.8400000000         0.5095880753       223.9776032990     -1050.1071417057 
        0.4150001000        -0.8400000000         0.4942943664       218.2891096463     -1072.9335729227 
        0.4200001000        -0.8400000000         0.5146859783       214.0686143556     -1042.4983313001 
        0.4250024000        -0.8400000000         0.4993922694       207.8296213171     -1065.3247625171 
        0.4300000000        -0.8400000000         0.5070391238       203.2421264359     -1053.9115469086 
        0.4350001000        -0.8400000000         0.5044901723       197.9206323737     -1057.7159521114 
        0.4400000000        -0.8400000000         0.4942943664       192.0486389257     -1072.9335729227 
        0.4450018000        -0.8400000000         0.5070391238       187.6446438398     -1053.9115469086 
        0.4500000000        -0.8400000000         0.4993922694       181.9561501871     -1065.3247625171 
        0.4550001000        -0.8400000000         0.4840985604       176.0841567391     -1088.1511937340 
        0.4600000000        -0.8400000000         0.5019412208       171.6801616531     -1061.5203573142 
        0.4650000000        -0.8400000000         0.5019412208       165.9916680004     -1061.5203573142 
        0.4700000000        -0.8400000000         0.5070391238       161.2206733240     -1053.9115469086 
        0.4750001000        -0.8400000000         0.4968433179       155.8991792618     -1069.1291677199 
        0.4800001000        -0.8400000000         0.4968433179       150.3941854043     -1069.1291677199 
        0.4850011000        -0.8400000000         0.5019412208       144.5221919564     -1061.5203573142 
        0.4900001000        -0.8400000000         0.4891964634       139.0171980989     -1080.5423833284 
        0.4950000000        -0.8400000000         0.4891964634       134.2462034225     -1080.5423833284 
        0.5000000000        -0.8400000000         0.4942943664       128.3742099745     -1072.9335729227 
        0.5050000000        -0.8400000000         0.4993922694       122.3187167313     -1065.3247625171 
        0.5100000000        -0.8400000000         0.4790006575       118.0982214406     -1095.7600041397 
        0.5150000000        -0.8400000000         0.4866475119       111.6757286069     -1084.3467885312 
        0.5200000000        -0.8400000000         0.4993922694       107.0882337257     -1065.3247625171 
        0.5250001000        -0.8400000000         0.4993922694       102.1337392540     -1065.3247625171 
        0.5300000000        -0.8400000000         0.4790006575        95.8947462155     -1095.7600041397 
        0.5350000000        -0.8400000000         0.4840985604        90.9402517438     -1088.1511937340 
        0.5400000000        -0.8400000000         0.4917454149        85.6187576816     -1076.7379781255 
        0.5450000000        -0.8400000000         0.4917454149        80.8477630051     -1076.7379781255 
        0.5500000000        -0.8400000000         0.4968433179        76.2602681239     -1069.1291677199 
        0.5550005000        -0.8400000000         0.4891964634        69.8377752902     -1080.5423833284 
        0.5600001000        -0.8400000000         0.4993922694        65.6172799995     -1065.3247625171 
        0.5650000000        -0.8400000000         0.4891964634        59.7452865516     -1080.5423833284 
        0.5700001000        -0.8400000000         0.4942943664        54.7907920798     -1072.9335729227 
        0.5750001000        -0.8400000000         0.4993922694        49.1022984271     -1065.3247625171 
        0.5800001000        -0.8400000000         0.4968433179        44.3313037507     -1069.1291677199 
        0.5850000000        -0.8400000000         0.4866475119        38.4593103027     -1084.3467885312 
        0.5900000000        -0.8400000000         0.4739027545        32.9543164453     -1103.3688145454 
        0.5950000000        -0.8400000000         0.5070391238        27.8163221783     -1053.9115469086 
        0.6000000000        -0.8400000000         0.5172349298        22.4948281161     -1038.6939260973 
        0.6050000000        -0.8400000000         0.4840985604        17.5403336444     -1088.1511937340 
        0.6100021000        -0.8400000000         0.4942943664        11.4848404012     -1072.9335729227 
        0.6150001000        -0.8400000000         0.5197838812         6.3468461342     -1034.8895208944 
        0.6200000000        -0.8400000000         0.4866475119         1.0253520720     -1084.3467885312 
        0.6250000000        -0.8400000000         0.4993922694         0.1078530958     -1065.3247625171 
        0.6300000000        -0.8400000000         0.5070391238        79.5632644384     -1053.9115469086 
        0.6350000000        -0.8400000000         0.4942943664       359.7674517829     -1072.9335729227 
        0.6400000000        -0.8400000000         0.4993922694       360.3179511686     -1065.3247625171 
        0.6450000000        -0.8400000000         0.4891964634       355.7304562874     -1080.5423833284 
        0.6500001000        -0.8400000000         0.4993922694       350.7759618157     -1065.3247625171 
        0.6550000000        -0.8400000000         0.5019412208       345.8214673440     -1061.5203573142 
        0.6600000000        -0.8400000000         0.4917454149       339.9494738960     -1076.7379781255 
        0.6650000000        -0.8400000000         0.4942943664       334.9949794243     -1072.9335729227 
        0.6700000000        -0.8400000000         0.4993922694       328.9394861811     -1065.3247625171 
        0.6750000000        -0.8400000000         0.4942943664       323.6179921189     -1072.9335729227 
        0.6800000000        -0.8400000000         0.4968433179       318.6634976472     -1069.1291677199 
        0.6850001000        -0.8400000000         0.4764517060       312.4245046088     -1099.5644093425 
        0.6900000000        -0.8400000000         0.4968433179       307.4700101370     -1069.1291677199 
        0.6950001000        -0.8400000000         0.4790006575       302.1485160748     -1095.7600041397 
        0.7000001000        -0.8400000000         0.4790006575       296.6435222174     -1095.7600041397 
        0.7050004000        -0.8400000000         0.4968433179       291.3220281552     -1069.1291677199 
        0.7100000000        -0.8400000000         0.4840985604       285.4500347072     -1088.1511937340 
        0.7150000000        -0.8400000000         0.4662559000       279.9450408498     -1114.7820301538 
        0.7200000000        -0.8400000000         0.4866475119       275.1740461733     -1084.3467885312 
        0.7250000000        -0.8400000000         0.4891964634       269.6690523158     -1080.5423833284 
        0.7300000000        -0.8400000000         0.4713538030       263.7970588679     -1107.1732197482 
        0.7350000000        -0.8400000000         0.4790006575       258.8425643962     -1095.7600041397 
        0.7400001000        -0.8400000000         0.4815496090       253.5210703340     -1091.9555989369 
        0.7450000000        -0.8400000000         0.4891964634       248.3830760670     -1080.5423833284 
        0.7500000000        -0.8400000000         0.4790006575       242.3275828238     -1095.7600041397 
        0.7550000000        -0.8400000000         0.4713538030       237.1895885569     -1107.1732197482 
        0.7600000000        -0.8400000000         0.4866475119       232.2350940852     -1084.3467885312 
        0.7650000000        -0.8400000000         0.4790006575       226.3631006372     -1095.7600041397 
        0.7700028000        -0.8400000000         0.4662559000       221.0416065750     -1114.7820301538 
        0.7750001000        -0.8400000000         0.4866475119       216.0871121033     -1084.3467885312 
        0.7800000000        -0.8400000000         0.4815496090       210.3986184506     -1091.9555989369 
        0.7850000000        -0.8400000000         0.4739027545       204.5266250026     -1103.3688145454 
        0.7900001000        -0.8400000000         0.4662559000       199.2051309404     -1114.7820301538 
        0.7950000000        -0.8400000000         0.4662559000       193.3331374925     -1114.7820301538 
        0.8000000000        -0.8400000000         0.4790006575       188.3786430208     -1095.7600041397 
        0.8050000000        -0.8400000000         0.4815496090       183.2406487538     -1091.9555989369 
        0.8100001000        -0.8400000000         0.4611579971       176.8181559201     -1122.3908405595 
        0.8150000000        -0.8400000000         0.4790006575       172.2306610389     -1095.7600041397 
        0.8200001000        -0.8400000000         0.4764517060       166.1751677957     -1099.5644093425 
        0.8250001000        -0.8400000000         0.4739027545       160.4866741430     -1103.3688145454 
        0.8300001000        -0.8400000000         0.4790006575       155.5321796713     -1095.7600041397 
        0.8350001000        -0.8400000000         0.4713538030       149.1096868376     -1107.1732197482 
        0.8400000000        -0.8400000000         0.4688048515       143.9716925706     -1110.9776249510 
        0.8450000000        -0.8400000000         0.4586090456       137.9161993274     -1126.1952457623 
        0.8500000000        -0.8400000000         0.4688048515       132.7782050605     -1110.9776249510 
        0.8550000000        -0.8400000000         0.4891964634       127.8237105888     -1080.5423833284 
        0.8600000000        -0.8400000000         0.4790006575       121.5847175503     -1095.7600041397 
        0.8650001000        -0.8400000000         0.4509621911       116.4467232833     -1137.6084613708 
        0.8700000000        -0.8400000000         0.4866475119       111.3087290164     -1084.3467885312 
        0.8750008000        -0.8400000000         0.4764517060       105.0697359779     -1099.5644093425 
        0.8800000000        -0.8400000000         0.4815496090       100.1152415062     -1091.9555989369 
        0.8850000000        -0.8400000000         0.4739027545        94.7937474440     -1103.3688145454 
        0.8900000000        -0.8400000000         0.4764517060        89.4722533818     -1099.5644093425 
        0.8950000000        -0.8400000000         0.4713538030        84.5177589101     -1107.1732197482 
        0.9000001000        -0.8400000000         0.4662559000        78.6457654622     -1114.7820301538 
        0.9050000000        -0.8400000000         0.4739027545        72.9572718094     -1103.3688145454 
        0.9100000000        -0.8400000000         0.4815496090        68.3697769282     -1091.9555989369 
        0.9150000000        -0.8400000000         0.4586090456        62.4977834803     -1126.1952457623 
        0.9200000000        -0.8400000000         0.4662559000        57.1762894181     -1114.7820301538 
        0.9250000000        -0.8400000000         0.4891964634        51.6712955606     -1080.5423833284 
        0.9300000000        -0.8400000000         0.4764517060        45.9828019079     -1099.5644093425 
        0.9350001000        -0.8400000000         0.4764517060        41.3953070267     -1099.5644093425 
        0.9400000000        -0.8400000000         0.4790006575        35.5233135788     -1095.7600041397 
        0.9450001000        -0.8400000000         0.4968433179        30.2018195165     -1069.1291677199 
        0.9500001000        -0.8400000000         0.4688048515        25.2473250448     -1110.9776249510 
        0.9550001000        -0.8400000000         0.4764517060        18.4578326206     -1099.5644093425 
        0.9600001000        -0.8400000000         0.5019412208        13.6868379442     -1061.5203573142 
        0.9650015000        -0.8400000000         0.4688048515         7.9983442915     -1110.9776249510 
        0.9700000000        -0.8400000000         0.4866475119         2.4933504340     -1084.3467885312 
        0.9750000000        -0.8400000000         0.4815496090        -0.0756466995     -1091.9555989369 
        0.9800000000        -0.8400000000         0.4993922694         0.6583524815     -1065.3247625171 
        0.9850000000        -0.8400000000         0.4739027545       358.6664530114     -1103.3688145454 
        0.9900001000        -0.8400000000         0.4891964634       359.9509515781     -1080.5423833284 
        0.9950000000        -0.8400000000         0.4891964634       357.9324538304     -1080.5423833284 
        1.0000000000        -0.8400000000         0.4942943664       351.8769605872     -1072.9335729227 
        1.0050000000        -0.8400000000         0.4891964634       347.1059659107     -1080.5423833284 
        1.0100001000        -0.8400000000         0.4968433179       341.6009720533     -1069.1291677199 
        1.0150000000        -0.8400000000         0.4993922694       336.0959781958     -1065.3247625171 
        1.0200001000        -0.8400000000         0.4764517060       329.4899855669     -1099.5644093425 
        1.0250001000        -0.8400000000         0.4917454149       324.5354910952     -1076.7379781255 
        1.0300000000        -0.8400000000         0.4739027545       319.2139970329     -1103.3688145454 
        1.0350000000        -0.8400000000         0.4891964634       313.1585037897     -1080.5423833284 
        1.0400000000        -0.8400000000         0.4815496090       308.2040093180     -1091.9555989369 
        1.0450000000        -0.8400000000         0.4815496090       303.0660150511     -1091.9555989369 
        1.0500000000        -0.8400000000         0.4790006575       297.5610211936     -1095.7600041397 
        1.0550000000        -0.8400000000         0.4840985604       291.5055279504     -1088.1511937340 
        1.0600001000        -0.8400000000         0.4866475119       286.9180330692     -1084.3467885312 
        1.0650000000        -0.8400000000         0.4790006575       281.0460396213     -1095.7600041397 
        1.0700000000        -0.8400000000         0.4713538030       275.5410457638     -1107.1732197482 
        1.0750000000        -0.8400000000         0.4968433179       270.9535508826     -1069.1291677199 
        1.0800001000        -0.8400000000         0.4764517060       265.0815574346     -1099.5644093425 
        1.0850000000        -0.8400000000         0.4866475119       259.5765635772     -1084.3467885312 
        1.0900000000        -0.8400000000         0.4891964634       254.2550695150     -1080.5423833284 
        1.0950000000        -0.8400000000         0.4790006575       248.1995762718     -1095.7600041397 
        1.1000000000        -0.8400000000         0.4713538030       243.6120813906     -1107.1732197482 
        1.1050000000        -0.8400000000         0.4866475119       238.1070875331     -1084.3467885312 
        1.1100000000        -0.8400000000         0.4815496090       232.2350940852     -1091.9555989369 
        1.1150001000        -0.8400000000         0.4815496090       227.4640994087     -1091.9555989369 
        1.1200000000        -0.8400000000         0.4662559000       221.5921059607     -1114.7820301538 
        1.1250000000        -0.8400000000         0.4688048515       215.9036123080     -1110.9776249510 
        1.1300000000        -0.8400000000         0.4688048515       210.7656180411     -1110.9776249510 
        1.1350001000        -0.8400000000         0.4790006575       205.4441239789     -1095.7600041397 
        1.1400000000        -0.8400000000         0.4586090456       200.3061297119     -1126.1952457623 
        1.1450001000        -0.8400000000         0.4815496090       194.8011358545     -1091.9555989369 
        1.1500001000        -0.8400000000         0.4611579971       188.9291424065     -1122.3908405595 
        1.1550001000        -0.8400000000         0.4611579971       182.6901493681     -1122.3908405595 
        1.1600000000        -0.8400000000         0.4662559000       177.3686553058     -1114.7820301538 
        1.1650000000        -0.8400000000         0.4790006575       172.2306610389     -1095.7600041397 
        1.1700000000        -0.8400000000         0.4637069486       167.2761665672     -1118.5864353567 
        1.1750000000        -0.8400000000         0.4662559000       161.2206733240     -1114.7820301538 
        1.1800000000        -0.8400000000         0.4662559000       155.5321796713     -1114.7820301538 
        1.1850001000        -0.8400000000         0.4713538030       149.6601862233     -1107.1732197482 
        1.1900000000        -0.8400000000         0.4713538030       145.0726913421     -1107.1732197482 
        1.1950000000        -0.8400000000         0.4586090456       138.4666987132     -1126.1952457623 
        1.2000000000        -0.8400000000         0.4790006575       133.6957040367     -1095.7600041397 
        1.2050001000        -0.8400000000         0.4611579971       127.6402107935     -1122.3908405595 
        1.2100000000        -0.8400000000         0.4611579971       122.1352169360     -1122.3908405595 
        1.2150000000        -0.8400000000         0.4739027545       116.6302230786     -1103.3688145454 
        1.2200000000        -0.8400000000         0.4713538030       110.5747298354     -1107.1732197482 
        1.2250000000        -0.8400000000         0.4764517060       106.3542345447     -1099.5644093425 
        1.2300000000        -0.8400000000         0.4560600941       100.2987413015     -1129.9996509652 
        1.2350000000        -0.8400000000         0.4739027545        94.7937474440     -1103.3688145454 
        1.2400001000        -0.8400000000         0.4739027545        89.1052537913     -1103.3688145454 
        1.2450000000        -0.8400000000         0.4611579971        84.3342591149     -1122.3908405595 
        1.2500000000        -0.8400000000         0.4586090456        78.2787658717     -1126.1952457623 
        1.2550000000        -0.8400000000         0.4790006575        73.3242713999     -1095.7600041397 
        1.2600001000        -0.8400000000         0.4586090456        68.0027773377     -1126.1952457623 
        1.2650000000        -0.8400000000         0.4535111426        62.1307838898     -1133.8040561680 
        1.2700001000        -0.8400000000         0.4866475119        57.7267888038     -1084.3467885312 
        1.2750001000        -0.8400000000         0.4790006575        51.8547953559     -1095.7600041397 
        1.2800001000        -0.8400000000         0.4611579971        46.5333012937     -1122.3908405595 
        1.2850000000        -0.8400000000         0.4815496090        40.8448076410     -1091.9555989369 
        1.2900000000        -0.8400000000         0.4840985604        35.1563139883     -1088.1511937340 
        1.2950000000        -0.8400000000         0.4586090456        30.2018195165     -1126.1952457623 
        1.3000000000        -0.8400000000         0.4637069486        24.3298260686     -1118.5864353567 
        1.3050000000        -0.8400000000         0.4891964634        18.4578326206     -1080.5423833284 
        1.3100001000        -0.8400000000         0.4891964634        13.6868379442     -1080.5423833284 
        1.3150000000        -0.8400000000         0.4586090456         7.8148444962     -1126.1952457623 
        1.3200000000        -0.8400000000         0.4815496090         2.8603500245     -1091.9555989369 
        1.3250000000        -0.8400000000         0.4942943664         0.1078530958     -1072.9335729227 
        1.3300001000        -0.8400000000         0.4764517060         0.6583524815     -1099.5644093425 
        1.3350000000        -0.8400000000         0.4688048515       359.2169523971     -1110.9776249510 
        1.3400000000        -0.8400000000         0.4891964634       360.6849507591     -1080.5423833284 
        1.3450000000        -0.8400000000         0.4815496090       356.6479552636     -1091.9555989369 
        1.3500000000        -0.8400000000         0.4662559000       351.3264612014     -1114.7820301538 
        1.3550000000        -0.8400000000         0.4688048515       346.0049671392     -1110.9776249510 
        1.3600000000        -0.8400000000         0.4815496090       339.5824743055     -1091.9555989369 
        1.3650001000        -0.8400000000         0.4917454149       334.9949794243     -1076.7379781255 
        1.3700000000        -0.8400000000         0.4560600941       328.7559863859     -1129.9996509652 
        1.3750000000        -0.8400000000         0.4764517060       323.4344923237     -1099.5644093425 
        1.3800000000        -0.8400000000         0.4840985604       317.5624988757     -1088.1511937340 
        1.3850001000        -0.8400000000         0.4713538030       312.7915041992     -1107.1732197482 
        1.3900000000        -0.8400000000         0.4764517060       307.1030105465     -1099.5644093425 
        1.3950001000        -0.8400000000         0.4662559000       301.0475173033     -1114.7820301538 
        1.4000001000        -0.8400000000         0.4637069486       295.3590236506     -1118.5864353567 
        1.4050001000        -0.8400000000         0.4764517060       290.7715287694     -1099.5644093425 
        1.4100000000        -0.8400000000         0.4662559000       284.3490359357     -1114.7820301538 
        1.4150000000        -0.8400000000         0.4739027545       279.5780412593     -1103.3688145454 
        1.4200000000        -0.8400000000         0.4739027545       273.7060478113     -1103.3688145454 
        1.4250000000        -0.8400000000         0.4662559000       268.3845537491     -1114.7820301538 
        1.4300000000        -0.8400000000         0.4509621911       262.6960600964     -1137.6084613708 
        1.4350001000        -0.8400000000         0.4790006575       257.1910662390     -1095.7600041397 
        1.4400000000        -0.8400000000         0.4790006575       251.3190727910     -1095.7600041397 
        1.4450000000        -0.8400000000         0.4662559000       246.9150777050     -1114.7820301538 
        1.4500000000        -0.8400000000         0.4611579971       240.6760846666     -1122.3908405595 
        1.4550001000        -0.8400000000         0.4739027545       235.1710908091     -1103.3688145454 
        1.4600000000        -0.8400000000         0.4790006575       230.2165963374     -1095.7600041397 
        1.4650000000        -0.8400000000         0.4535111426       223.7941035037     -1133.8040561680 
        1.4700000000        -0.8400000000         0.4637069486       218.4726094415     -1118.5864353567 
        1.4750000000        -0.8400000000         0.4688048515       213.3346151746     -1110.9776249510 
        1.4800000000        -0.8400000000         0.4611579971       207.6461215219     -1122.3908405595 
        1.4850000000        -0.8400000000         0.4560600941       201.9576278691     -1129.9996509652 
        1.4900001000        -0.8400000000         0.4688048515       196.6361338069     -1110.9776249510 
        1.4950000000        -0.8400000000         0.4611579971       190.7641403590     -1122.3908405595 
        1.5000000000        -0.8400000000         0.4509621911       185.2591465015     -1137.6084613708 
        1.5050000000        -0.8400000000         0.4662559000       179.9376524393     -1114.7820301538 
        1.5100001000        -0.8400000000         0.4688048515       174.4326585819     -1110.9776249510 
        1.5150000000        -0.8400000000         0.4611579971       168.9276647244     -1122.3908405595 
        1.5200001000        -0.8400000000         0.4586090456       163.2391710717     -1126.1952457623 
        1.5250001000        -0.8400000000         0.4586090456       157.3671776238     -1126.1952457623 
        1.5300001000        -0.8400000000         0.4586090456       152.5961829473     -1126.1952457623 
        1.5350000000        -0.8400000000         0.4586090456       146.3571899089     -1126.1952457623 
        1.5400001000        -0.8400000000         0.4662559000       140.4851964609     -1114.7820301538 
        1.5450000000        -0.8400000000         0.4688048515       134.9802026034     -1110.9776249510 
        1.5500000000        -0.8400000000         0.4484132396       128.9247093602     -1141.4128665736 
        1.5550000000        -0.8400000000         0.4662559000       123.7867150933     -1114.7820301538 
        1.5600001000        -0.8400000000         0.4637069486       117.9147216453     -1118.5864353567 
        1.5650000000        -0.8400000000         0.4662559000       112.7767273784     -1114.7820301538 
        1.5700000000        -0.8400000000         0.4535111426       107.6387331114     -1133.8040561680 
        1.5750000000        -0.8400000000         0.4535111426       101.5832398682     -1133.8040561680 
        1.5800001000        -0.8400000000         0.4713538030        96.0782460108     -1107.1732197482 
        1.5850000000        -0.8400000000         0.4739027545        90.9402517438     -1103.3688145454 
        1.5900000000        -0.8400000000         0.4560600941        85.6187576816     -1129.9996509652 
        1.5950000000        -0.8400000000         0.4662559000        79.9302640289     -1114.7820301538 
        1.6000000000        -0.8400000000         0.4713538030        74.6087699667     -1107.1732197482 
        1.6050000000        -0.8400000000         0.4560600941        68.5532767235     -1129.9996509652 
        1.6100000000        -0.8400000000         0.4688048515        64.5162812280     -1110.9776249510 
        1.6150001000        -0.8400000000         0.4662559000        57.7267888038     -1114.7820301538 
        1.6200000000        -0.8400000000         0.4662559000        52.9557941274     -1114.7820301538 
        1.6250000000        -0.8400000000         0.4535111426        47.4508002699     -1133.8040561680 
        1.6300000000        -0.8400000000         0.4713538030        41.2118072315     -1107.1732197482 
        1.6350001000        -0.8400000000         0.4840985604        36.9913119407     -1088.1511937340 
        1.6400000000        -0.8400000000         0.4586090456        30.7523189023     -1126.1952457623 
        1.6450001000        -0.8400000000         0.4739027545        25.4308248401     -1103.3688145454 
        1.6500001000        -0.8400000000         0.4866475119        20.2928305731     -1084.3467885312 
        1.6550001000        -0.8400000000         0.4611579971        14.2373373299     -1122.3908405595 
        1.6600000000        -0.8400000000         0.4739027545         8.9158432677     -1103.3688145454 
        1.6650001000        -0.8400000000         0.4790006575         2.6768502293     -1095.7600041397 
        1.6700000000        -0.8400000000         0.4662559000         0.1078530958     -1114.7820301538 
        1.6750000000        -0.8400000000         0.4611579971         0.1078530958     -1122.3908405595 
        1.6800000000        -0.8400000000         0.4688048515       359.7674517829     -1110.9776249510 
        1.6850001000        -0.8400000000         0.4790006575       359.9509515781     -1095.7600041397 
        1.6900000000        -0.8400000000         0.4764517060       357.9324538304     -1099.5644093425 
        1.6950000000        -0.8400000000         0.4611579971       351.3264612014     -1122.3908405595 
        1.7000000000        -0.8400000000         0.4688048515       346.0049671392     -1110.9776249510 
        1.7050001000        -0.8400000000         0.4688048515       340.4999732818     -1110.9776249510 
        1.7100000000        -0.8400000000         0.4739027545       334.8114796291     -1103.3688145454 
        1.7150000000        -0.8400000000         0.4535111426       329.4899855669     -1133.8040561680 
        1.7200000000        -0.8400000000         0.4739027545       322.8839929379     -1103.3688145454 
        1.7250000000        -0.8400000000         0.4790006575       318.4799978520     -1095.7600041397 
        1.7300000000        -0.8400000000         0.4586090456       312.6080044040     -1126.1952457623 
        1.7350000000        -0.8400000000         0.4662559000       306.9195107513     -1114.7820301538 
        1.7400001000        -0.8400000000         0.4713538030       301.4145168938     -1107.1732197482 
        1.7450000000        -0.8400000000         0.4662559000       296.2765226269     -1114.7820301538 
        1.7500000000        -0.8400000000         0.4611579971       289.8540297932     -1122.3908405595 
        1.7550000000        -0.8400000000         0.4713538030       284.7160355262     -1107.1732197482 
        1.7600001000        -0.8400000000         0.4586090456       279.5780412593     -1126.1952457623 
        1.7650000000        -0.8400000000         0.4560600941       272.9720486303     -1129.9996509652 
        1.7700001000        -0.8400000000         0.4662559000       268.5680535444     -1114.7820301538 
        1.7750001000        -0.8400000000         0.4535111426       261.9620609154     -1133.8040561680 
        1.7800001000        -0.8400000000         0.4535111426       257.0075664437     -1133.8040561680 
        1.7850000000        -0.8400000000         0.4586090456       251.3190727910     -1126.1952457623 
        1.7900001000        -0.8400000000         0.4586090456       245.8140789335     -1126.1952457623 
        1.7950000000        -0.8400000000         0.4586090456       239.9420854856     -1126.1952457623 
        1.8000000000        -0.8400000000         0.4535111426       234.8040912186     -1133.8040561680 
        1.8050000000        -0.8400000000         0.4509621911       228.5650981802     -1137.6084613708 
        1.8100001000        -0.8400000000         0.4662559000       223.2436041180     -1114.7820301538 
        1.8150000000        -0.8400000000         0.4509621911       217.7386102605     -1137.6084613708 
        1.8200000000        -0.8400000000         0.4560600941       212.6006159936     -1129.9996509652 
        1.8250000000        -0.8400000000         0.4484132396       206.1781231599     -1141.4128665736 
        1.8300001000        -0.8400000000         0.4637069486       201.5906282787     -1118.5864353567 
        1.8350000000        -0.8400000000         0.4484132396       195.3516352402     -1141.4128665736 
        1.8400000000        -0.8400000000         0.4611579971       190.2136409732     -1122.3908405595 
        1.8450000000        -0.8400000000         0.4586090456       184.1581477300     -1126.1952457623 
        1.8500000000        -0.8400000000         0.4586090456       179.0201534631     -1126.1952457623 
        1.8550000000        -0.8400000000         0.4382174337       172.2306610389     -1156.6304873850 
        1.8600000000        -0.8400000000         0.4535111426       166.5421673862     -1133.8040561680 
        1.8650001000        -0.8400000000         0.4586090456       161.4041731192     -1126.1952457623 
        1.8700000000        -0.8400000000         0.4458642882       155.3486798760     -1145.2172717765 
        1.8750000000        -0.8400000000         0.4407663852       150.0271858138     -1152.8260821821 
        1.8800000000        -0.8400000000         0.4586090456       144.1551923659     -1126.1952457623 
        1.8850001000        -0.8400000000         0.4637069486       138.2831989179     -1118.5864353567 
        1.8900000000        -0.8400000000         0.4586090456       132.7782050605     -1126.1952457623 
        1.8950001000        -0.8400000000         0.4407663852       126.9062116125     -1152.8260821821 
        1.9000001000        -0.8400000000         0.4560600941       121.4012177551     -1129.9996509652 
        1.9050001000        -0.8400000000         0.4484132396       115.5292243071     -1141.4128665736 
        1.9100000000        -0.8400000000         0.4382174337       110.2077302449     -1156.6304873850 
        1.9150001000        -0.8400000000         0.4535111426       104.3357367969     -1133.8040561680 
        1.9200000000        -0.8400000000         0.4586090456        99.1977425300     -1126.1952457623 
        1.9250000000        -0.8400000000         0.4484132396        93.5092488773     -1141.4128665736 
        1.9300007000        -0.8400000000         0.4586090456        88.7382542008     -1126.1952457623 
        1.9350001000        -0.8400000000         0.4739027545        83.2332603434     -1103.3688145454 
        1.9400000000        -0.8400000000         0.4713538030        77.5447666907     -1107.1732197482 
        1.9450000000        -0.8400000000         0.4484132396        72.0397728332     -1141.4128665736 
        1.9500000000        -0.8400000000         0.4560600941        65.8007797948     -1129.9996509652 
        1.9550001000        -0.8400000000         0.4764517060        60.8462853230     -1099.5644093425 
        1.9600000000        -0.8400000000         0.4560600941        54.7907920798     -1129.9996509652 
        1.9650000000        -0.8400000000         0.4611579971        49.8362976081     -1122.3908405595 
        1.9700000000        -0.8400000000         0.4688048515        44.3313037507     -1110.9776249510 
        1.9750000000        -0.8400000000         0.4560600941        38.8263098932     -1129.9996509652 
        1.9800000000        -0.8400000000         0.4586090456        33.3213160358     -1126.1952457623 
        1.9850000000        -0.8400000000         0.4815496090        28.1833217688     -1091.9555989369 
        1.9900001000        -0.8400000000         0.4891964634        22.6783279114     -1080.5423833284 
        1.9950000000        -0.8400000000         0.4484132396        16.6228346682     -1141.4128665736 
        2.0000000000        -0.8400000000         0.4662559000        10.5673414250     -1114.7820301538 
        2.0050000000        -0.8400000000         0.4713538030         4.8788477723     -1107.1732197482 
        2.0100000000        -0.8400000000         0.4739027545         0.6583524815     -1103.3688145454 
        2.0150001000        -0.8400000000         0.4586090456         0.1078530958     -1126.1952457623 
        2.0200001000        -0.8400000000         0.4662559000        79.9302640289     -1114.7820301538 
        2.0250001000        -0.8400000000         0.4790006575       360.1344513734     -1095.7600041397 
        2.0300000000        -0.8400000000         0.4739027545       359.4004521924     -1103.3688145454 
        2.0350001000        -0.8400000000         0.4535111426       353.5284587444     -1133.8040561680 
        2.0400001000        -0.8400000000         0.4815496090       348.3904644775     -1091.9555989369 
        2.0450000000        -0.8400000000         0.4739027545       342.1514714390     -1103.3688145454 
        2.0500000000        -0.8400000000         0.4586090456       337.0134771721     -1126.1952457623 
        2.0550000000        -0.8400000000         0.4688048515       331.6919831098     -1110.9776249510 
        2.0600001000        -0.8400000000         0.4739027545       325.0859904809     -1103.3688145454 
        2.0650000000        -0.8400000000         0.4688048515       319.9479962139     -1110.9776249510 
        2.0700000000        -0.8400000000         0.4535111426       314.4430023565     -1133.8040561680 
        2.0750000000        -0.8400000000         0.4611579971       308.5710089085     -1122.3908405595 
        2.0800001000        -0.8400000000         0.4637069486       303.2495148463     -1118.5864353567 
        2.0850000000        -0.8400000000         0.4586090456       297.7445209889     -1126.1952457623 
        2.0900000000        -0.8400000000         0.4637069486       292.0560273362     -1118.5864353567 
        2.0950002000        -0.8400000000         0.4713538030       286.5510334787     -1107.1732197482 
        2.1000000000        -0.8400000000         0.4535111426       281.0460396213     -1133.8040561680 
        2.1050000000        -0.8400000000         0.4586090456       275.5410457638     -1126.1952457623 
        2.1100000000        -0.8400000000         0.4637069486       270.0360519063     -1118.5864353567 
        2.1150001000        -0.8400000000         0.4662559000       264.7145578441     -1114.7820301538 
        2.1200000000        -0.8400000000         0.4535111426       258.8425643962     -1133.8040561680 
        2.1250000000        -0.8400000000         0.4586090456       253.7045701292     -1126.1952457623 
        2.1300000000        -0.8400000000         0.4637069486       247.2820772955     -1118.5864353567 
        2.1350000000        -0.8400000000         0.4586090456       242.1440830286     -1126.1952457623 
        2.1400001000        -0.8400000000         0.4586090456       236.8225889664     -1126.1952457623 
        2.1450000000        -0.8400000000         0.4662559000       231.3175951089     -1114.7820301538 
        2.1500001000        -0.8400000000         0.4560600941       225.2621018657     -1129.9996509652 
        2.1550000000        -0.8400000000         0.4356684822       219.2066086225     -1160.4348925878 
        2.1600001000        -0.8400000000         0.4535111426       214.8026135365     -1133.8040561680 
        2.1650000000        -0.8400000000         0.4535111426       208.5636204981     -1133.8040561680 
        2.1700000000        -0.8400000000         0.4662559000       203.0586266406     -1114.7820301538 
        2.1750000000        -0.8400000000         0.4484132396       197.9206323737     -1141.4128665736 
        2.1800001000        -0.8400000000         0.4407663852       191.3146397447     -1152.8260821821 
        2.1850001000        -0.8400000000         0.4662559000       186.7271448635     -1114.7820301538 
        2.1900000000        -0.8400000000         0.4688048515       180.3046520298     -1110.9776249510 
        2.1950000000        -0.8400000000         0.4407663852       174.6161583771     -1152.8260821821 
        2.2000000000        -0.8400000000         0.4535111426       169.1111645197     -1133.8040561680 
        2.2050001000        -0.8400000000         0.4611579971       163.6061706622     -1122.3908405595 
        2.2100000000        -0.8400000000         0.4560600941       157.5506774190     -1129.9996509652 
        2.2150000000        -0.8400000000         0.4560600941       152.5961829473     -1129.9996509652 
        2.2200010000        -0.8400000000         0.4713538030       147.0911890898     -1107.1732197482 
        2.2250000000        -0.8400000000         0.4458642882       140.4851964609     -1145.2172717765 
        2.2300000000        -0.8400000000         0.4382174337       134.6132030129     -1156.6304873850 
        2.2350000000        -0.8400000000         0.4637069486       129.8422083365     -1118.5864353567 
        2.2400001000        -0.8400000000         0.4611579971       123.9702148885     -1122.3908405595 
        2.2450000000        -0.8400000000         0.4535111426       118.6487208263     -1133.8040561680 
        2.2500000000        -0.8400000000         0.4356684822       112.4097277879     -1160.4348925878 
        2.2550000000        -0.8400000000         0.4560600941       106.9047339304     -1129.9996509652 
        2.2600000000        -0.8400000000         0.4611579971       101.5832398682     -1122.3908405595 
        2.2650001000        -0.8400000000         0.4739027545        95.5277466250     -1103.3688145454 
        2.2700000000        -0.8400000000         0.4713538030        90.5732521533     -1107.1732197482 
        2.2750001000        -0.8400000000         0.4382174337        84.7012587054     -1156.6304873850 
        2.2800000000        -0.8400000000         0.4560600941        79.9302640289     -1129.9996509652 
        2.2850017000        -0.8400000000         0.4662559000        74.2417703762     -1114.7820301538 
        2.2900000000        -0.8400000000         0.4764517060        68.9202763140     -1099.5644093425 
        2.2950000000        -0.8400000000         0.4484132396        63.7822820470     -1141.4128665736 
        2.3000000000        -0.8400000000         0.4688048515        57.9102885991     -1110.9776249510 
        2.3050001000        -0.8400000000         0.4688048515        52.2217949464     -1110.9776249510 
        2.3100001000        -0.8400000000         0.4739027545        47.4508002699     -1103.3688145454 
        2.3150000000        -0.8400000000         0.4611579971        41.0283074362     -1122.3908405595 
        2.3200000000        -0.8400000000         0.4586090456        35.8903131692     -1126.1952457623 
        2.3250000000        -0.8400000000         0.4739027545        30.3853193118     -1103.3688145454 
        2.3300001000        -0.8400000000         0.4586090456        24.8803254543     -1126.1952457623 
        2.3350000000        -0.8400000000         0.4586090456        18.6413324159     -1126.1952457623 
        2.3400000000        -0.8400000000         0.4611579971        12.9528387632     -1122.3908405595 
        2.3450000000        -0.8400000000         0.4713538030         7.8148444962     -1107.1732197482 
        2.3500000000        -0.8400000000         0.4662559000         2.3098506388     -1114.7820301538 
        2.3550000000        -0.8400000000         0.4535111426        -0.0756466995     -1133.8040561680 
        2.3600000000        -0.8400000000         0.4790006575         0.2913528910     -1095.7600041397 
        2.3650001000        -0.8400000000         0.4891964634       359.9509515781     -1080.5423833284 
        2.3700000000        -0.8400000000         0.4866475119       360.5014509639     -1084.3467885312 
        2.3750000000        -0.8400000000         0.4509621911       357.1984546494     -1137.6084613708 
        2.3800000000        -0.8400000000         0.4815496090       351.5099609967     -1091.9555989369 
        2.3850000000        -0.8400000000         0.4866475119       345.4544677535     -1084.3467885312 
        2.3900001000        -0.8400000000         0.4560600941       339.7659741008     -1129.9996509652 
        2.3950000000        -0.8400000000         0.4560600941       333.5269810623     -1129.9996509652 
        2.4000001000        -0.8400000000         0.4611579971       328.0219872049     -1122.3908405595 
        2.4050000000        -0.8400000000         0.4688048515       322.3334935522     -1110.9776249510 
        2.4100001000        -0.8400000000         0.4586090456       317.3789990805     -1126.1952457623 
        2.4150000000        -0.8400000000         0.4764517060       311.6905054278     -1099.5644093425 
        2.4200000000        -0.8400000000         0.4586090456       306.0020117751     -1126.1952457623 
        2.4250019000        -0.8400000000         0.4688048515       301.2310170986     -1110.9776249510 
        2.4300001000        -0.8400000000         0.4662559000       294.9920240601     -1114.7820301538 
        2.4350001000        -0.8400000000         0.4739027545       289.4870302027     -1103.3688145454 
        2.4400000000        -0.8400000000         0.4535111426       283.6150367547     -1133.8040561680 
        2.4450000000        -0.8400000000         0.4535111426       279.0275418735     -1133.8040561680 
        2.4500000000        -0.8400000000         0.4739027545       273.3390482208     -1103.3688145454 
        2.4550001000        -0.8400000000         0.4764517060       267.6505545681     -1099.5644093425 
        2.4600000000        -0.8400000000         0.4586090456       262.1455607107     -1126.1952457623 
        2.4650000000        -0.8400000000         0.4586090456       256.0900674675     -1126.1952457623 
        2.4700000000        -0.8400000000         0.4586090456       250.0345742243     -1126.1952457623 
        2.4750000000        -0.8400000000         0.4458642882       244.3460805716     -1145.2172717765 
        2.4800000000        -0.8400000000         0.4611579971       239.3915860998     -1122.3908405595 
        2.4850000000        -0.8400000000         0.4611579971       234.0700920376     -1122.3908405595 
        2.4900001000        -0.8400000000         0.4662559000       228.3815983849     -1114.7820301538 
        2.4950025000        -0.8400000000         0.4509621911       222.6931047322     -1137.6084613708 
        2.5000000000        -0.8400000000         0.4484132396       217.1881108748     -1141.4128665736 
        2.5050000000        -0.8400000000         0.4611579971       211.6831170173     -1122.3908405595 
        2.5100000000        -0.8400000000         0.4790006575       206.3616229551     -1095.7600041397 
        2.5150001000        -0.8400000000         0.4407663852       200.4896295072     -1152.8260821821 
        2.5200000000        -0.8400000000         0.4586090456       195.3516352402     -1126.1952457623 
        2.5250001000        -0.8400000000         0.4509621911       188.5621428160     -1137.6084613708 
        2.5300000000        -0.8400000000         0.4586090456       183.4241485491     -1126.1952457623 
        2.5350001000        -0.8400000000         0.4586090456       177.7356548963     -1126.1952457623 
        2.5400000000        -0.8400000000         0.4586090456       172.2306610389     -1126.1952457623 
        2.5450000000        -0.8400000000         0.4535111426       167.2761665672     -1133.8040561680 
        2.5500007000        -0.8400000000         0.4484132396       160.8536737335     -1141.4128665736 
        2.5550001000        -0.8400000000         0.4535111426       155.5321796713     -1133.8040561680 
        2.5600001000        -0.8400000000         0.4637069486       149.6601862233     -1118.5864353567 
        2.5650000000        -0.8400000000         0.4535111426       143.7881927754     -1133.8040561680 
        2.5700000000        -0.8400000000         0.4356684822       138.2831989179     -1160.4348925878 
        2.5750000000        -0.8400000000         0.4560600941       132.4112054700     -1129.9996509652 
        2.5800001000        -0.8400000000         0.4688048515       127.0897114078     -1110.9776249510 
        2.5850000000        -0.8400000000         0.4790006575       121.5847175503     -1095.7600041397 
        2.5900000000        -0.8400000000         0.4586090456       115.8962238976     -1126.1952457623 
        2.5950000000        -0.8400000000         0.4560600941       109.4737310639     -1129.9996509652 
        2.6000000000        -0.8400000000         0.4560600941       104.7027363874     -1129.9996509652 
        2.6050000000        -0.8400000000         0.4484132396        99.0142427347     -1141.4128665736 
        2.6100000000        -0.8400000000         0.4662559000        93.5092488773     -1114.7820301538 
        2.6150001000        -0.8400000000         0.4637069486        87.4537556341     -1118.5864353567 
        2.6200000000        -0.8400000000         0.4433153367        83.0497605481     -1149.0216769793 
        2.6250000000        -0.8400000000         0.4535111426        76.8107675097     -1133.8040561680 
        2.6300000000        -0.8400000000         0.4688048515        71.6727732427     -1110.9776249510 
        2.6350000000        -0.8400000000         0.4688048515        66.7182787710     -1110.9776249510 
        2.6400028000        -0.8400000000         0.4458642882        60.4792857325     -1145.2172717765 
        2.6450000000        -0.8400000000         0.4790006575        55.8917908513     -1095.7600041397 
        2.6500001000        -0.8400000000         0.4560600941        49.6527978129     -1129.9996509652 
        2.6550000000        -0.8400000000         0.4662559000        44.6983033412     -1114.7820301538 
        2.6600001000        -0.8400000000         0.4713538030        38.2758105075     -1107.1732197482 
        2.6650000000        -0.8400000000         0.4611579971        33.1378162405     -1122.3908405595 
        2.6700000000        -0.8400000000         0.4560600941        27.8163221783     -1129.9996509652 
        2.6750000000        -0.8400000000         0.4611579971        21.7608289351     -1122.3908405595 
        2.6800001000        -0.8400000000         0.4764517060        16.8063344634     -1099.5644093425 
        2.6850001000        -0.8400000000         0.4790006575        10.9343410155     -1095.7600041397 
        2.6900000000        -0.8400000000         0.4662559000         5.0623475675     -1114.7820301538 
        2.6950000000        -0.8400000000         0.4662559000         0.1078530958     -1114.7820301538 
        2.7000000000        -0.8400000000         0.4866475119         0.1078530958     -1084.3467885312 
        2.7050001000        -0.8400000000         0.4739027545        79.5632644384     -1103.3688145454 
        2.7100000000        -0.8400000000         0.4662559000       359.7674517829     -1114.7820301538 
        2.7150005000        -0.8400000000         0.4840985604       359.7674517829     -1088.1511937340 
        2.7200000000        -0.8400000000         0.4790006575       354.2624579254     -1095.7600041397 
        2.7250000000        -0.8400000000         0.4560600941       348.3904644775     -1129.9996509652 
        2.7300000000        -0.8400000000         0.4713538030       342.5184710295     -1107.1732197482 
        2.7350000000        -0.8400000000         0.4815496090       337.0134771721     -1091.9555989369 
        2.7400001000        -0.8400000000         0.4637069486       331.6919831098     -1118.5864353567 
        2.7450000000        -0.8400000000         0.4662559000       326.5539888429     -1114.7820301538 
        2.7500000000        -0.8400000000         0.4713538030       320.4984955997     -1107.1732197482 
        2.7550000000        -0.8400000000         0.4764517060       315.3605013327     -1099.5644093425 
        2.7600000000        -0.8400000000         0.4688048515       309.4885078848     -1110.9776249510 
        2.7650001000        -0.8400000000         0.4586090456       303.8000142321     -1126.1952457623 
        2.7700019000        -0.8400000000         0.4688048515       298.4785201699     -1110.9776249510 
        2.7750001000        -0.8400000000         0.4637069486       292.7900265172     -1118.5864353567 
        2.7800000000        -0.8400000000         0.4586090456       287.1015328645     -1126.1952457623 
        2.7850001000        -0.8400000000         0.4560600941       281.0460396213     -1129.9996509652 
        2.7900000000        -0.8400000000         0.4688048515       276.6420445353     -1110.9776249510 
        2.7950000000        -0.8400000000         0.4586090456       270.7700510873     -1126.1952457623 
        2.8000000000        -0.8400000000         0.4637069486       265.4485570251     -1118.5864353567 
        2.8050001000        -0.8400000000         0.4586090456       259.2095639867     -1126.1952457623 
        2.8100001000        -0.8400000000         0.4688048515       253.7045701292     -1110.9776249510 
        2.8150000000        -0.8400000000         0.4560600941       248.1995762718     -1129.9996509652 
        2.8200000000        -0.8400000000         0.4586090456       243.0615820048     -1126.1952457623 
        2.8250000000        -0.8400000000         0.4739027545       236.8225889664     -1103.3688145454 
        2.8300001000        -0.8400000000         0.4662559000       231.6845946994     -1114.7820301538 
        2.8350000000        -0.8400000000         0.4535111426       226.5466004324     -1133.8040561680 
        2.8400000000        -0.8400000000         0.4637069486       220.8581067797     -1118.5864353567 
        2.8450000000        -0.8400000000         0.4662559000       214.8026135365     -1114.7820301538 
        2.8500000000        -0.8400000000         0.4560600941       209.8481190648     -1129.9996509652 
        2.8550000000        -0.8400000000         0.4509621911       203.2421264359     -1137.6084613708 
        2.8600000000        -0.8400000000         0.4713538030       198.8381313499     -1107.1732197482 
        2.8650001000        -0.8400000000         0.4586090456       192.4156385162     -1126.1952457623 
        2.8700000000        -0.8400000000         0.4535111426       187.2776442493     -1133.8040561680 
        2.8750000000        -0.8400000000         0.4560600941       181.0386512108     -1129.9996509652 
        2.8800000000        -0.8400000000         0.4662559000       175.5336573534     -1114.7820301538 
        2.8850000000        -0.8400000000         0.4458642882       169.4781641102     -1145.2172717765 
        2.8900001000        -0.8400000000         0.4433153367       163.7896704575     -1149.0216769793 
        2.8950000000        -0.8400000000         0.4535111426       158.4681763953     -1133.8040561680 
        2.9000001000        -0.8400000000         0.4611579971       152.4126831521     -1122.3908405595 
        2.9050025000        -0.8400000000         0.4586090456       147.2746888851     -1126.1952457623 
        2.9100001000        -0.8400000000         0.4458642882       141.5861952324     -1145.2172717765 
        2.9150000000        -0.8400000000         0.4586090456       136.2647011702     -1126.1952457623 
        2.9200000000        -0.8400000000         0.4586090456       130.3927077222     -1126.1952457623 
        2.9250000000        -0.8400000000         0.4535111426       124.8877138648     -1133.8040561680 
        2.9300005000        -0.8400000000         0.4586090456       118.6487208263     -1126.1952457623 
        2.9350001000        -0.8400000000         0.4560600941       112.7767273784     -1129.9996509652 
        2.9400000000        -0.8400000000         0.4458642882       107.6387331114     -1145.2172717765 
        2.9450000000        -0.8400000000         0.4484132396       102.1337392540     -1141.4128665736 
        2.9500000000        -0.8400000000         0.4560600941        96.0782460108     -1129.9996509652 
        2.9550001000        -0.8400000000         0.4560600941        90.9402517438     -1129.9996509652 
        2.9600000000        -0.8400000000         0.4331195307        85.0682582958     -1164.2392977906 
        2.9650000000        -0.8400000000         0.4586090456        79.9302640289     -1126.1952457623 
        2.9700000000        -0.8400000000         0.4688048515        75.1592693524     -1110.9776249510 
        2.9750000000        -0.8400000000         0.4535111426        68.9202763140     -1133.8040561680 
        2.9800000000        -0.8400000000         0.4433153367        63.5987822518     -1149.0216769793 
        2.9850000000        -0.8400000000         0.4611579971        57.5432890086     -1122.3908405595 
        2.9900001000        -0.8400000000         0.4509621911        52.4052947416     -1137.6084613708 
        2.9950000000        -0.8400000000         0.4535111426        46.9003008842     -1133.8040561680 
        3.0000000000        -0.8400000000         0.4739027545        41.7623066172     -1103.3688145454 
        3.0050000000        -0.8400000000         0.4815496090        36.0738129645     -1091.9555989369 
        3.0100000000        -0.8400000000         0.4484132396        30.0183197213     -1141.4128665736 
        3.0150001000        -0.8400000000         0.4560600941        24.6968256591     -1129.9996509652 
        3.0200000000        -0.8400000000         0.4688048515        18.8248322111     -1110.9776249510 
        3.0250001000        -0.8400000000         0.4713538030        13.3198383537     -1107.1732197482 
        3.0300000000        -0.8400000000         0.4484132396         7.6313447010     -1141.4128665736 
        3.0350001000        -0.8400000000         0.4866475119         2.8603500245     -1084.3467885312 
        3.0400000000        -0.8400000000         0.4713538030         0.1078530958     -1107.1732197482 
        3.0450000000        -0.8400000000         0.4509621911        79.5632644384     -1137.6084613708 
        3.0500000000        -0.8400000000         0.4688048515       359.9509515781     -1110.9776249510 
        3.0550001000        -0.8400000000         0.4790006575       359.4004521924     -1095.7600041397 
        3.0600001000        -0.8400000000         0.4509621911       356.0974558779     -1137.6084613708 
        3.0650000000        -0.8400000000         0.4662559000       350.5924620204     -1114.7820301538 
        3.0700000000        -0.8400000000         0.4662559000       345.0874681630     -1114.7820301538 
        3.0750001000        -0.8400000000         0.4739027545       339.3989745103     -1103.3688145454 
        3.0800001000        -0.8400000000         0.4688048515       333.7104808576     -1110.9776249510 
        3.0850000000        -0.8400000000         0.4611579971       328.3889867954     -1122.3908405595 
        3.0900000000        -0.8400000000         0.4688048515       322.3334935522     -1110.9776249510 
        3.0950000000        -0.8400000000         0.4586090456       316.8284996947     -1126.1952457623 
        3.1000000000        -0.8400000000         0.4637069486       311.5070056325     -1118.5864353567 
        3.1050000000        -0.8400000000         0.4688048515       305.8185119798     -1110.9776249510 
        3.1100012000        -0.8400000000         0.4739027545       300.6805177128     -1103.3688145454 
        3.1150001000        -0.8400000000         0.4484132396       294.2580248791     -1141.4128665736 
        3.1200014000        -0.8400000000         0.4611579971       288.9365308169     -1122.3908405595 
        3.1250000000        -0.8400000000         0.4611579971       283.9820363452     -1122.3908405595 
        3.1300000000        -0.8400000000         0.4611579971       277.7430433068     -1122.3908405595 
        3.1350000000        -0.8400000000         0.4535111426       271.5040502683     -1133.8040561680 
        3.1400001000        -0.8400000000         0.4484132396       266.5495557966     -1141.4128665736 
        3.1450000000        -0.8400000000         0.4611579971       261.0445619392     -1122.3908405595 
        3.1500001000        -0.8400000000         0.4586090456       256.0900674675     -1126.1952457623 
        3.1550000000        -0.8400000000         0.4535111426       249.3005750433     -1133.8040561680 
        3.1600001000        -0.8400000000         0.4535111426       244.3460805716     -1133.8040561680 
        3.1650000000        -0.8400000000         0.4586090456       238.4740871236     -1126.1952457623 
        3.1700000000        -0.8400000000         0.4535111426       233.3360928566     -1133.8040561680 
        3.1750000000        -0.8400000000         0.4484132396       227.2805996134     -1141.4128665736 
        3.1800001000        -0.8400000000         0.4586090456       221.5921059607     -1126.1952457623 
        3.1850001000        -0.8400000000         0.4662559000       216.6376114890     -1114.7820301538 
        3.1900000000        -0.8400000000         0.4484132396       211.1326176316     -1141.4128665736 
        3.1950000000        -0.8400000000         0.4433153367       204.5266250026     -1149.0216769793 
        3.2000001000        -0.8400000000         0.4586090456       199.5721305309     -1126.1952457623 
        3.2050001000        -0.8400000000         0.4560600941       193.8836368782     -1129.9996509652 
        3.2100000000        -0.8400000000         0.4280216278       187.8281436350     -1171.8481081963 
        3.2150000000        -0.8400000000         0.4560600941       182.3231497776     -1129.9996509652 
        3.2200000000        -0.8400000000         0.4662559000       177.1851555106     -1114.7820301538 
        3.2250000000        -0.8400000000         0.4382174337       170.7626626769     -1156.6304873850 
        3.2300000000        -0.8400000000         0.4407663852       165.2576688194     -1152.8260821821 
        3.2350000000        -0.8400000000         0.4560600941       159.7526749620     -1129.9996509652 
        3.2400001000        -0.8400000000         0.4688048515       154.4311808998     -1110.9776249510 
        3.2450000000        -0.8400000000         0.4407663852       148.1921878613     -1152.8260821821 
        3.2500000000        -0.8400000000         0.4484132396       142.1366946181     -1141.4128665736 
        3.2550000000        -0.8400000000         0.4611579971       137.3656999417     -1122.3908405595 
        3.2600000000        -0.8400000000         0.4560600941       131.3102066985     -1129.9996509652 
        3.2650001000        -0.8400000000         0.4407663852       125.0712136600     -1152.8260821821 
        3.2700000000        -0.8400000000         0.4662559000       120.3002189836     -1114.7820301538 
        3.2750001000        -0.8400000000         0.4586090456       114.2447257404     -1126.1952457623 
        3.2800000000        -0.8400000000         0.4560600941       109.1067314734     -1129.9996509652 
        3.2850001000        -0.8400000000         0.4586090456       103.2347380255     -1126.1952457623 
        3.2900000000        -0.8400000000         0.4586090456        97.7297441680     -1126.1952457623 
        3.2950000000        -0.8400000000         0.4433153367        91.6742509248     -1149.0216769793 
        3.3000000000        -0.8400000000         0.4509621911        86.5362566578     -1137.6084613708 
        3.3050001000        -0.8400000000         0.4637069486        81.3982623909     -1118.5864353567 
        3.3100001000        -0.8400000000         0.4586090456        76.2602681239     -1126.1952457623 
        3.3150000000        -0.8400000000         0.4433153367        70.2047748807     -1149.0216769793 
        3.3200000000        -0.8400000000         0.4586090456        64.6997810233     -1126.1952457623 
        3.3250001000        -0.8400000000         0.4713538030        59.1947871658     -1107.1732197482 
        3.3300001000        -0.8400000000         0.4433153367        53.5062935131     -1149.0216769793 
        3.3350000000        -0.8400000000         0.4458642882        47.8177998604     -1145.2172717765 
        3.3400000000        -0.8400000000         0.4688048515        41.7623066172     -1110.9776249510 
        3.3450000000        -0.8400000000         0.4790006575        36.9913119407     -1095.7600041397 
        3.3500000000        -0.8400000000         0.4535111426        31.6698178785     -1133.8040561680 
        3.3550000000        -0.8400000000         0.4764517060        26.5318236116     -1099.5644093425 
        3.3600000000        -0.8400000000         0.4815496090        20.8433299589     -1091.9555989369 
        3.3650001000        -0.8400000000         0.4560600941        14.7878367157     -1129.9996509652 
        3.3700000000        -0.8400000000         0.4662559000         9.4663426535     -1114.7820301538 
        3.3750000000        -0.8400000000         0.4790006575         3.0438498198     -1095.7600041397 
        3.3800000000        -0.8400000000         0.4739027545        -0.4426462900     -1103.3688145454 
        3.3850000000        -0.8400000000         0.4611579971        -0.0756466995     -1122.3908405595 
        3.3900001000        -0.8400000000         0.4713538030        79.1962648479     -1107.1732197482 
        3.3950000000        -0.8400000000         0.4815496090       360.5014509639     -1091.9555989369 
        3.4000001000        -0.8400000000         0.4713538030       358.4829532161     -1107.1732197482 
        3.4050000000        -0.8400000000         0.4764517060       352.6109597682     -1099.5644093425 
        3.4100001000        -0.8400000000         0.4815496090       346.5554665250     -1091.9555989369 
        3.4150000000        -0.8400000000         0.4688048515       341.2339724628     -1110.9776249510 
        3.4200000000        -0.8400000000         0.4611579971       335.1784792196     -1122.3908405595 
        3.4250000000        -0.8400000000         0.4688048515       330.0404849526     -1110.9776249510 
        3.4300001000        -0.8400000000         0.4764517060       323.8014919142     -1099.5644093425 
        3.4350001000        -0.8400000000         0.4662559000       318.2964980567     -1114.7820301538 
        3.4400000000        -0.8400000000         0.4586090456       312.9750039945     -1126.1952457623 
        3.4450000000        -0.8400000000         0.4662559000       307.1030105465     -1114.7820301538 
        3.4500001000        -0.8400000000         0.4739027545       301.5980166891     -1103.3688145454 
        3.4550001000        -0.8400000000         0.4586090456       296.2765226269     -1126.1952457623 
        3.4600000000        -0.8400000000         0.4509621911       289.8540297932     -1137.6084613708 
        3.4650000000        -0.8400000000         0.4713538030       284.8995353215     -1107.1732197482 
        3.4700000000        -0.8400000000         0.4560600941       279.0275418735     -1129.9996509652 
        3.4750000000        -0.8400000000         0.4586090456       274.0730474018     -1126.1952457623 
        3.4800000000        -0.8400000000         0.4586090456       268.0175541586     -1126.1952457623 
        3.4850000000        -0.8400000000         0.4535111426       262.3290605059     -1133.8040561680 
        3.4900001000        -0.8400000000         0.4586090456       256.8240666485     -1126.1952457623 
        3.4950000000        -0.8400000000         0.4586090456       251.6860723815     -1126.1952457623 
        3.5000000000        -0.8400000000         0.4560600941       245.6305791383     -1129.9996509652 
        3.5050000000        -0.8400000000         0.4586090456       240.4925848713     -1126.1952457623 
        3.5100000000        -0.8400000000         0.4535111426       234.9875910139     -1133.8040561680 
        3.5150001000        -0.8400000000         0.4535111426       229.4825971564     -1133.8040561680 
        3.5200000000        -0.8400000000         0.4611579971       223.7941035037     -1122.3908405595 
        3.5250001000        -0.8400000000         0.4484132396       218.1056098510     -1141.4128665736 
        3.5300000000        -0.8400000000         0.4458642882       212.6006159936     -1145.2172717765 
        3.5350001000        -0.8400000000         0.4586090456       207.0956221361     -1126.1952457623 
        3.5400000000        -0.8400000000         0.4458642882       201.5906282787     -1145.2172717765 
        3.5450000000        -0.8400000000         0.4484132396       195.9021346259     -1141.4128665736 
        3.5500000000        -0.8400000000         0.4509621911       189.8466413827     -1137.6084613708 
        3.5550001000        -0.8400000000         0.4560600941       183.9746479348     -1129.9996509652 
        3.5600001000        -0.8400000000         0.4382174337       178.8366536678     -1156.6304873850 
        3.5650000000        -0.8400000000         0.4407663852       172.5976606294     -1152.8260821821 
        3.5700000000        -0.8400000000         0.4560600941       167.2761665672     -1129.9996509652 
        3.5750001000        -0.8400000000         0.4560600941       161.7711727097     -1129.9996509652 
        3.5800001000        -0.8400000000         0.4535111426       156.0826790570     -1133.8040561680 
        3.5850000000        -0.8400000000         0.4356684822       150.3941854043     -1160.4348925878 
        3.5900000000        -0.8400000000         0.4484132396       144.3386921611     -1141.4128665736 
        3.5950000000        -0.8400000000         0.4662559000       138.8336983037     -1114.7820301538 
        3.6000000000        -0.8400000000         0.4560600941       133.3287044462     -1129.9996509652 
        3.6050000000        -0.8400000000         0.4560600941       127.6402107935     -1129.9996509652 
        3.6100000000        -0.8400000000         0.4535111426       121.2177179598     -1133.8040561680 
        3.6150001000        -0.8400000000         0.4356684822       115.8962238976     -1160.4348925878 
        3.6200000000        -0.8400000000         0.4586090456       111.3087290164     -1126.1952457623 
        3.6250000000        -0.8400000000         0.4560600941       104.7027363874     -1129.9996509652 
        3.6300000000        -0.8400000000         0.4586090456        99.1977425300     -1126.1952457623 
        3.6350000000        -0.8400000000         0.4356684822        94.2432480583     -1160.4348925878 
        3.6400001000        -0.8400000000         0.4458642882        88.0042550198     -1145.2172717765 
        3.6450000000        -0.8400000000         0.4560600941        82.8662607529     -1129.9996509652 
        3.6500001000        -0.8400000000         0.4637069486        77.5447666907     -1118.5864353567 
        3.6550000000        -0.8400000000         0.4407663852        71.4892734475     -1152.8260821821 
        3.6600001000        -0.8400000000         0.4458642882        66.1677793853     -1145.2172717765 
        3.6650000000        -0.8400000000         0.4611579971        60.8462853230     -1122.3908405595 
        3.6700000000        -0.8400000000         0.4586090456        55.3412914656     -1126.1952457623 
        3.6750000000        -0.8400000000         0.4739027545        50.3867969939     -1103.3688145454 
        3.6800001000        -0.8400000000         0.4662559000        44.3313037507     -1114.7820301538 
        3.6850001000        -0.8400000000         0.4484132396        38.8263098932     -1141.4128665736 
        3.6900000000        -0.8400000000         0.4484132396        32.9543164453     -1141.4128665736 
        3.6950000000        -0.8400000000         0.4790006575        27.8163221783     -1095.7600041397 
        3.7000001000        -0.8400000000         0.4586090456        21.7608289351     -1126.1952457623 
        3.7050001000        -0.8400000000         0.4509621911        16.4393348729     -1137.6084613708 
        3.7100000000        -0.8400000000         0.4840985604        11.1178408107     -1088.1511937340 
        3.7150000000        -0.8400000000         0.4790006575         5.2458473627     -1095.7600041397 
        3.7200000000        -0.8400000000         0.4560600941         0.2913528910     -1129.9996509652 
        3.7250000000        -0.8400000000         0.4790006575        -0.0756466995     -1095.7600041397 
        3.7300000000        -0.8400000000         0.4866475119        80.6642632099     -1084.3467885312 
        3.7350000000        -0.8400000000         0.4586090456       359.9509515781     -1126.1952457623 
        3.7400001000        -0.8400000000         0.4713538030       360.1344513734     -1107.1732197482 
        3.7450000000        -0.8400000000         0.4611579971       353.5284587444     -1122.3908405595 
        3.7500000000        -0.8400000000         0.4790006575       347.8399650917     -1095.7600041397 
        3.7550000000        -0.8400000000         0.4739027545       343.2524702105     -1103.3688145454 
        3.7600000000        -0.8400000000         0.4662559000       337.5639765578     -1114.7820301538 
        3.7650001000        -0.8400000000         0.4815496090       331.6919831098     -1091.9555989369 
        3.7700000000        -0.8400000000         0.4739027545       326.3704890476     -1103.3688145454 
        3.7750001000        -0.8400000000         0.4611579971       319.9479962139     -1122.3908405595 
        3.7800000000        -0.8400000000         0.4688048515       314.8100019470     -1110.9776249510 
        3.7850001000        -0.8400000000         0.4790006575       309.3050080895     -1095.7600041397 
        3.7900000000        -0.8400000000         0.4586090456       303.8000142321     -1126.1952457623 
        3.7950000000        -0.8400000000         0.4688048515       297.7445209889     -1110.9776249510 
        3.8000000000        -0.8400000000         0.4611579971       291.8725275409     -1122.3908405595 
        3.8050001000        -0.8400000000         0.4586090456       286.5510334787     -1126.1952457623 
        3.8100001000        -0.8400000000         0.4662559000       281.2295394165     -1114.7820301538 
        3.8150000000        -0.8400000000         0.4484132396       274.9905463781     -1141.4128665736 
        3.8200000000        -0.8400000000         0.4637069486       270.0360519063     -1118.5864353567 
        3.8250001000        -0.8400000000         0.4535111426       264.5310580489     -1133.8040561680 
        3.8300001000        -0.8400000000         0.4662559000       258.8425643962     -1114.7820301538 
        3.8350000000        -0.8400000000         0.4611579971       253.3375705387     -1122.3908405595 
        3.8400000000        -0.8400000000         0.4637069486       247.2820772955     -1118.5864353567 
        3.8450000000        -0.8400000000         0.4509621911       241.5935836428     -1137.6084613708 
        3.8500000000        -0.8400000000         0.4560600941       236.8225889664     -1129.9996509652 
        3.8550000000        -0.8400000000         0.4637069486       231.1340953137     -1118.5864353567 
        3.8600000000        -0.8400000000         0.4509621911       225.6291014562     -1137.6084613708 
        3.8650001000        -0.8400000000         0.4484132396       220.1241075988     -1141.4128665736 
        3.8700000000        -0.8400000000         0.4586090456       214.6191137413     -1126.1952457623 
        3.8750000000        -0.8400000000         0.4688048515       209.6646192696     -1110.9776249510 
        3.8800000000        -0.8400000000         0.4560600941       203.9761256169     -1129.9996509652 
        3.8850000000        -0.8400000000         0.4356684822       197.3701329879     -1160.4348925878 
        3.8900001000        -0.8400000000         0.4560600941       192.2321387210     -1129.9996509652 
        3.8950000000        -0.8400000000         0.4688048515       187.0941444540     -1110.9776249510 
        3.9000001000        -0.8400000000         0.4586090456       181.0386512108     -1126.1952457623 
        3.9050000000        -0.8400000000         0.4382174337       175.1666577629     -1156.6304873850 
        3.9100001000        -0.8400000000         0.4586090456       169.4781641102     -1126.1952457623 
        3.9150000000        -0.8400000000         0.4560600941       163.4226708670     -1129.9996509652 
        3.9200000000        -0.8400000000         0.4458642882       157.7341772143     -1145.2172717765 
        3.9250000000        -0.8400000000         0.4535111426       152.5961829473     -1133.8040561680 
        3.9300001000        -0.8400000000         0.4560600941       146.9076892946     -1129.9996509652 
        3.9350001000        -0.8400000000         0.4458642882       140.6686962561     -1145.2172717765 
        3.9400000000        -0.8400000000         0.4509621911       134.9802026034     -1137.6084613708 
        3.9450000000        -0.8400000000         0.4560600941       129.4752087460     -1129.9996509652 
        3.9500001000        -0.8400000000         0.4611579971       124.1537146838     -1122.3908405595 
        3.9550001000        -0.8400000000         0.4433153367       118.6487208263     -1149.0216769793 
        3.9600000000        -0.8400000000         0.4535111426       112.7767273784     -1133.8040561680 
        3.9650000000        -0.8400000000         0.4662559000       107.4552333162     -1114.7820301538 
        3.9700001000        -0.8400000000         0.4560600941       101.7667396635     -1129.9996509652 
        3.9750000000        -0.8400000000         0.4356684822        95.7112464203     -1160.4348925878 
        3.9800000000        -0.8400000000         0.4586090456        90.7567519486     -1126.1952457623 
        3.9850000000        -0.8400000000         0.4535111426        85.0682582958     -1133.8040561680 
        3.9900001000        -0.8400000000         0.4560600941        80.2972636194     -1129.9996509652 
        3.9950000000        -0.8400000000         0.4535111426        74.6087699667     -1133.8040561680 
