           Time[sec]           V_{cmd}[V]          V_{gyro}[V]          \theta[deg] \omega_{gyro}[deg/sec] 
        0.0000000000         0.6400000000         1.2130986854        62.8647830708         0.7456634198 
        0.0050000000         0.6400000000         1.2181965884        63.4152824565         8.3544738254 
        0.0100000000         0.6400000000         1.2156476369        63.4152824565         4.5500686226 
        0.0150000000         0.6400000000         1.2207455399        63.4152824565        12.1588790282 
        0.0200000000         0.6400000000         1.3278015023        63.2317826613       171.9438975471 
        0.0250000000         0.6400000000         1.4093679498        64.5162812280       293.6848640376 
        0.0300000999         0.6400000000         1.3558399686        66.1677793853       213.7923547782 
        0.0350000999         0.6400000000         1.4374064162        67.4522779520       335.5333212687 
        0.0400000999         0.6400000000         1.4042700468        68.9202763140       286.0760536319 
        0.0450000999         0.6400000000         1.4272106102        70.2047748807       320.3157004574 
        0.0500031999         0.6400000000         1.4323085132        71.6727732427       327.9245108631 
        0.0550000999         0.6400000000         1.4679938340        73.8747707857       381.1861837027 
        0.0600000999         0.6400000000         1.4476022221        75.3427691477       350.7509420800 
        0.0650000999         0.6400000000         1.4883854459        77.5447666907       411.6214253253 
        0.0700000999         0.6400000000         1.4705427855        79.1962648479       384.9905889055 
        0.0750000999         0.6400000000         1.4807385914        81.0312628004       400.2082097168 
        0.0800000999         0.6400000000         1.4960323003        83.2332603434       423.0346409338 
        0.0850000999         0.6400000000         1.5011302033        85.4352578863       430.6434513395 
        0.0900000999         0.6400000000         1.4960323003        86.5362566578       423.0346409338 
        0.0950000000         0.6400000000         1.5138749607        89.8392529723       449.6654773536 
        0.1000000000         0.6400000000         1.5138749607        90.7567519486       449.6654773536 
        0.1050000000         0.6400000000         1.5138749607        93.6927486725       449.6654773536 
        0.1100000000         0.6400000000         1.5317176211        96.2617458060       476.2963137734 
        0.1150000000         0.6400000000         1.5368155241        98.0967437585       483.9051241791 
        0.1200000000         0.6400000000         1.5521092330       101.3997400730       506.7315553960 
        0.1250000000         0.6400000000         1.5470113301       103.2347380255       499.1227449904 
        0.1300000000         0.6400000000         1.5521092330       106.1707347494       506.7315553960 
        0.1350000000         0.6400000000         1.5444623786       108.1892324972       495.3183397876 
        0.1400000000         0.6400000000         1.5597560875       110.7582296306       518.1447710045 
        0.1450000000         0.6400000000         1.5775987479       113.8777261499       544.7756074243 
        0.1500000000         0.6400000000         1.5572071360       115.7127241024       514.3403658017 
        0.1550000999         0.6400000000         1.5801476994       119.3827200073       548.5800126272 
        0.1600000999         0.6400000000         1.5750497964       121.5847175503       540.9712022215 
        0.1650000999         0.6400000000         1.5801476994       123.9702148885       548.5800126272 
        0.1700000999         0.6400000000         1.5801476994       126.5392120220       548.5800126272 
        0.1750000999         0.6400000000         1.5903435053       128.7412095650       563.7976334385 
        0.1800000999         0.6400000000         1.5954414083       132.5947052652       571.4064438441 
        0.1850000999         0.6400000000         1.5928924568       134.6132030129       567.6020386413 
        0.1900000999         0.6400000000         1.6030882627       137.9161993274       582.8196594526 
        0.1950000999         0.6400000000         1.6005393113       140.3016966657       579.0152542498 
        0.2000000999         0.6400000000         1.6030882627       143.0541935944       582.8196594526 
        0.2050000999         0.6400000000         1.6030882627       145.9901903184       582.8196594526 
        0.2100034000         0.6400000000         1.6005393113       148.9261870423       579.0152542498 
        0.2150000999         0.6400000000         1.6183819717       151.8621837663       605.6460906696 
        0.2200000000         0.6400000000         1.6209309231       154.6146806950       609.4504958724 
        0.2250000000         0.6400000000         1.6132840687       157.7341772143       598.0372802639 
        0.2300000000         0.6400000000         1.6209309231       160.6701739382       609.4504958724 
        0.2350000000         0.6400000000         1.6387735836       163.9731702527       636.0813322922 
        0.2400001000         0.6400000000         1.6234798746       167.2761665672       613.2549010753 
        0.2450000000         0.6400000000         1.6081861657       169.4781641102       590.4284698583 
        0.2500007000         0.6400000000         1.6438714865       172.9646602199       643.6901426979 
        0.2550000000         0.6400000000         1.6311267291       176.4511563296       624.6681166837 
        0.2600000000         0.6400000000         1.6438714865       179.3871530536       643.6901426979 
        0.2650000000         0.6400000000         1.6438714865       181.9561501871       643.6901426979 
        0.2700000000         0.6400000000         1.6209309231       184.5251473205       609.4504958724 
        0.2750000000         0.6400000000         1.6285777776       189.1126422018       620.8637114809 
        0.2800000999         0.6400000000         1.6617141469       191.3146397447       670.3209791177 
        0.2850000999         0.6400000000         1.6413225350       194.9846356497       639.8857374951 
        0.2900000999         0.6400000000         1.6489693895       197.3701329879       651.2989531036 
        0.2950000999         0.6400000000         1.6464204380       201.4071284834       647.4945479007 
        0.3000000999         0.6400000000         1.6591651954       204.5266250026       666.5165739149 
        0.3050000999         0.6400000000         1.6413225350       206.3616229551       639.8857374951 
        0.3100000999         0.6400000000         1.6413225350       209.8481190648       639.8857374951 
        0.3150016999         0.6400000000         1.6591651954       213.5181149698       666.5165739149 
        0.3200000999         0.6400000000         1.6489693895       216.2706118985       651.2989531036 
        0.3250000999         0.6400000000         1.6540672925       220.1241075988       658.9077635092 
        0.3300000999         0.6400000000         1.6719099529       223.9776032990       685.5385999290 
        0.3350000999         0.6400000000         1.6387735836       226.1796008420       636.0813322922 
        0.3400000999         0.6400000000         1.6566162440       229.8495967469       662.7121687120 
        0.3450016999         0.6400000000         1.6540672925       232.7855934709       658.9077635092 
        0.3500000999         0.6400000000         1.6515183410       235.7215901949       655.1033583064 
        0.3550000999         0.6400000000         1.6540672925       239.2080863046       658.9077635092 
        0.3600000000         0.6400000000         1.6617141469       243.2450818001       670.3209791177 
        0.3650000000         0.6400000000         1.6617141469       246.7315779098       670.3209791177 
        0.3700000000         0.6400000000         1.6693610014       250.4015738148       681.7341947262 
        0.3750000000         0.6400000000         1.6591651954       252.6035713577       666.5165739149 
        0.3800000000         0.6400000000         1.6846547103       256.8240666485       704.5606259432 
        0.3850000000         0.6400000000         1.6617141469       260.3105627582       670.3209791177 
        0.3900000000         0.6400000000         1.6795568073       263.6135590726       696.9518155375 
        0.3950000000         0.6400000000         1.6591651954       265.9990564109       666.5165739149 
        0.4000005999         0.6400000000         1.6591651954       269.6690523158       666.5165739149 
        0.4050000999         0.6400000000         1.6795568073       272.9720486303       696.9518155375 
        0.4100000999         0.6400000000         1.6566162440       275.7245455590       662.7121687120 
        0.4150000999         0.6400000000         1.6668120499       278.8440420783       677.9297895234 
        0.4200000999         0.6400000000         1.6719099529       282.3305381880       685.5385999290 
        0.4250000999         0.6400000000         1.6591651954       286.5510334787       666.5165739149 
        0.4300000999         0.6400000000         1.6719099529       289.3035304074       685.5385999290 
        0.4350000999         0.6400000000         1.6719099529       292.7900265172       685.5385999290 
        0.4400000999         0.6400000000         1.6719099529       296.4600224221       685.5385999290 
        0.4450000999         0.6400000000         1.6719099529       299.3960191461       685.5385999290 
        0.4500000999         0.6400000000         1.6821057588       303.8000142321       700.7562207403 
        0.4550000999         0.6400000000         1.6591651954       306.5525111608       666.5165739149 
        0.4600000999         0.6400000000         1.6642630984       309.4885078848       674.1253843205 
        0.4650000999         0.6400000000         1.6719099529       313.1585037897       685.5385999290 
        0.4700000000         0.6400000000         1.6795568073       316.8284996947       696.9518155375 
        0.4750000999         0.6400000000         1.6744589044       320.8654951902       689.3430051318 
        0.4800000999         0.6400000000         1.6821057588       324.1684915047       700.7562207403 
        0.4850000000         0.6400000000         1.6591651954       326.5539888429       666.5165739149 
        0.4900000000         0.6400000000         1.6846547103       330.5909843384       704.5606259432 
        0.4950015000         0.6400000000         1.6566162440       333.8939806528       662.7121687120 
        0.5000000000         0.6400000000         1.6642630984       337.9309761483       674.1253843205 
        0.5050000000         0.6400000000         1.6770078558       341.0504726675       693.1474103347 
        0.5100000000         0.6400000000         1.6693610014       343.8029695962       681.7341947262 
        0.5150000000         0.6400000000         1.6744589044       348.2069646822       689.3430051318 
        0.5200000000         0.6400000000         1.6897526133       351.3264612014       712.1694363488 
        0.5250000000         0.6400000000         1.6821057588       355.1799569017       700.7562207403 
        0.5300000999         0.6400000000         1.6719099529       358.1159536256       685.5385999290 
        0.5350000999         0.6400000000         1.6846547103       360.3179511686       704.5606259432 
        0.5400000999         0.6400000000         1.6693610014       359.4004521924       681.7341947262 
        0.5450000999         0.6400000000         1.6770078558        79.9302640289       693.1474103347 
        0.5500000999         0.6400000000         1.6770078558        79.9302640289       693.1474103347 
        0.5550000999         0.6400000000         1.6795568073        -0.2591464947       696.9518155375 
        0.5600000999         0.6400000000         1.6770078558         0.1078530958       693.1474103347 
        0.5650000999         0.6400000000         1.6770078558         0.8418522768       693.1474103347 
        0.5700000999         0.6400000000         1.6668120499         4.1448485913       677.9297895234 
        0.5750000999         0.6400000000         1.6872036618         8.5488436772       708.3650311460 
        0.5800000999         0.6400000000         1.6821057588        11.6683401964       700.7562207403 
        0.5850000999         0.6400000000         1.6795568073        14.9713365109       696.9518155375 
        0.5900000999         0.6400000000         1.6719099529        19.0083320064       685.5385999290 
        0.5950000000         0.6400000000         1.6846547103        21.9443287304       704.5606259432 
        0.6000000000         0.6400000000         1.6770078558        25.9813242258       693.1474103347 
        0.6050000000         0.6400000000         1.6795568073        28.9173209498       696.9518155375 
        0.6100000000         0.6400000000         1.6923015648        32.9543164453       715.9738415517 
        0.6150000000         0.6400000000         1.6923015648        36.8078121455       715.9738415517 
        0.6200000000         0.6400000000         1.6872036618        40.4778080505       708.3650311460 
        0.6250000000         0.6400000000         1.6846547103        43.5973045697       704.5606259432 
        0.6300000000         0.6400000000         1.6821057588        46.7168010889       700.7562207403 
        0.6350000000         0.6400000000         1.6846547103        50.3867969939       704.5606259432 
        0.6400000000         0.6400000000         1.6821057588        53.5062935131       700.7562207403 
        0.6450000000         0.6400000000         1.6897526133        57.7267888038       712.1694363488 
        0.6500000000         0.6400000000         1.6973994677        61.3967847088       723.5826519573 
        0.6550000999         0.6400000000         1.6795568073        63.9657818423       696.9518155375 
        0.6600000999         0.6400000000         1.6719099529        68.0027773377       685.5385999290 
        0.6650000999         0.6400000000         1.7050463222        71.8562730380       734.9958675658 
        0.6700000999         0.6400000000         1.6821057588        74.6087699667       700.7562207403 
        0.6750000999         0.6400000000         1.6948505162        79.0127650526       719.7782467545 
        0.6800000999         0.6400000000         1.6872036618        82.1322615719       708.3650311460 
        0.6850000999         0.6400000000         1.6719099529        85.0682582958       685.5385999290 
        0.6900000999         0.6400000000         1.6999484192        88.7382542008       727.3870571601 
        0.6950000999         0.6400000000         1.6846547103        91.8577507200       704.5606259432 
        0.7000000999         0.6400000000         1.6948505162        96.2617458060       719.7782467545 
        0.7050020000         0.6400000000         1.6897526133        99.5647421205       712.1694363488 
        0.7100000999         0.6400000000         1.6846547103       103.4182378207       704.5606259432 
        0.7150000999         0.6400000000         1.7024973707       106.7212341352       731.1914623630 
        0.7200000000         0.6400000000         1.6973994677       110.3912300401       723.5826519573 
        0.7250000000         0.6400000000         1.7152421281       114.0612259451       750.2134883771 
        0.7300000000         0.6400000000         1.6999484192       118.0982214406       727.3870571601 
        0.7350000000         0.6400000000         1.6999484192       120.4837187788       727.3870571601 
        0.7400000000         0.6400000000         1.6999484192       123.9702148885       727.3870571601 
        0.7450000000         0.6400000000         1.6872036618       127.4567109983       708.3650311460 
        0.7500000000         0.6400000000         1.7024973707       131.1267069032       731.1914623630 
        0.7550000000         0.6400000000         1.7024973707       135.7142017844       731.1914623630 
        0.7600000000         0.6400000000         1.7024973707       138.6501985084       731.1914623630 
        0.7650000000         0.6400000000         1.7075952737       142.1366946181       738.8002727686 
        0.7700000000         0.6400000000         1.6973994677       145.9901903184       723.5826519573 
        0.7750000000         0.6400000000         1.7024973707       150.0271858138       731.1914623630 
        0.7800000999         0.6400000000         1.7075952737       153.1466823330       738.8002727686 
        0.7850000999         0.6400000000         1.6999484192       156.2661788523       727.3870571601 
        0.7900000999         0.6400000000         1.7050463222       160.3031743477       734.9958675658 
        0.7950000999         0.6400000000         1.6948505162       163.2391710717       719.7782467545 
        0.8000000999         0.6400000000         1.7101442252       167.2761665672       742.6046779715 
        0.8050000999         0.6400000000         1.7024973707       170.5791628817       731.1914623630 
        0.8100000999         0.6400000000         1.7126931766       174.6161583771       746.4090831743 
        0.8150000999         0.6400000000         1.7024973707       178.1026544868       731.1914623630 
        0.8200000999         0.6400000000         1.7203400311       181.7726503918       757.8222987828 
        0.8250000999         0.6400000000         1.6999484192       185.2591465015       727.3870571601 
        0.8300000999         0.6400000000         1.7126931766       188.7456426113       746.4090831743 
        0.8350000999         0.6400000000         1.7177910796       192.5991383115       754.0178935799 
        0.8400000999         0.6400000000         1.7126931766       196.8196336022       746.4090831743 
        0.8450007999         0.6400000000         1.7126931766       200.3061297119       746.4090831743 
        0.8500000000         0.6400000000         1.6923015648       202.8751268454       715.9738415517 
        0.8550000000         0.6400000000         1.7024973707       206.9121223409       731.1914623630 
        0.8600000000         0.6400000000         1.6973994677       210.2151186553       723.5826519573 
        0.8650000000         0.6400000000         1.7152421281       214.0686143556       750.2134883771 
        0.8700000000         0.6400000000         1.7177910796       218.1056098510       754.0178935799 
        0.8750000000         0.6400000000         1.7101442252       221.4086061655       742.6046779715 
        0.8800000000         0.6400000000         1.7024973707       225.2621018657       731.1914623630 
        0.8850000000         0.6400000000         1.7126931766       229.1155975659       746.4090831743 
        0.8900000000         0.6400000000         1.7203400311       233.1525930614       757.8222987828 
        0.8950000000         0.6400000000         1.7203400311       236.6390891711       757.8222987828 
        0.9000000000         0.6400000000         1.7203400311       240.4925848713       757.8222987828 
        0.9050000999         0.6400000000         1.6923015648       243.4285815953       715.9738415517 
        0.9100000999         0.6400000000         1.7228889826       247.6490768860       761.6267039856 
        0.9150020999         0.6400000000         1.7101442252       250.7685734053       742.6046779715 
        0.9200000999         0.6400000000         1.7075952737       253.8880699245       738.8002727686 
        0.9250000999         0.6400000000         1.7203400311       258.4755648057       757.8222987828 
        0.9300000999         0.6400000000         1.6999484192       261.7785611202       727.3870571601 
        0.9350000999         0.6400000000         1.6973994677       264.8980576394       723.5826519573 
        0.9400000999         0.6400000000         1.6999484192       268.9350531349       727.3870571601 
        0.9450000999         0.6400000000         1.7177910796       272.4215492446       754.0178935799 
        0.9500000999         0.6400000000         1.7101442252       275.9080453543       742.6046779715 
        0.9550000999         0.6400000000         1.7152421281       279.0275418735       750.2134883771 
        0.9600000999         0.6400000000         1.6999484192       283.6150367547       727.3870571601 
        0.9650000999         0.6400000000         1.7126931766       286.9180330692       746.4090831743 
        0.9700000000         0.6400000000         1.7228889826       290.9550285647       761.6267039856 
        0.9750000000         0.6400000000         1.6973994677       293.7075254934       723.5826519573 
        0.9800000000         0.6400000000         1.7177910796       297.9280207841       754.0178935799 
        0.9850000000         0.6400000000         1.7101442252       302.1485160748       742.6046779715 
        0.9900000000         0.6400000000         1.6846547103       305.0845127988       704.5606259432 
        0.9950000000         0.6400000000         1.7075952737       308.3875091133       738.8002727686 
        1.0000000000         0.6400000000         1.7126931766       312.4245046088       746.4090831743 
        1.0050000000         0.6400000000         1.6948505162       316.2780003090       719.7782467545 
        1.0100001000         0.6400000000         1.7024973707       319.3974968282       731.1914623630 
        1.0150000000         0.6400000000         1.6821057588       323.2509925284       700.7562207403 
        1.0200001000         0.6400000000         1.7050463222       326.9209884334       734.9958675658 
        1.0250000000         0.6400000000         1.7075952737       330.7744841336       738.8002727686 
        1.0300000999         0.6400000000         1.7177910796       334.6279798338       754.0178935799 
        1.0350000999         0.6400000000         1.7024973707       338.2979757388       731.1914623630 
        1.0400000999         0.6400000000         1.6973994677       341.4174722580       723.5826519573 
        1.0450000999         0.6400000000         1.7075952737       345.8214673440       738.8002727686 
        1.0500000999         0.6400000000         1.7050463222       348.9409638632       734.9958675658 
        1.0550000999         0.6400000000         1.7101442252       352.9779593587       742.6046779715 
        1.0600000999         0.6400000000         1.6973994677       355.9139560826       723.5826519573 
        1.0650000999         0.6400000000         1.6999484192       359.5839519876       727.3870571601 
        1.0700000999         0.6400000000         1.7024973707       360.5014509639       731.1914623630 
        1.0750000999         0.6400000000         1.7075952737       359.5839519876       738.8002727686 
        1.0800000999         0.6400000000         1.6973994677        79.1962648479       723.5826519573 
        1.0850000999         0.6400000000         1.7024973707         0.1078530958       731.1914623630 
        1.0900000999         0.6400000000         1.6923015648        -0.2591464947       715.9738415517 
        1.0950000000         0.6400000000         1.7050463222         1.0253520720       734.9958675658 
        1.1000000000         0.6400000000         1.7101442252         4.3283483865       742.6046779715 
        1.1050000000         0.6400000000         1.7050463222         6.8973455200       734.9958675658 
        1.1100000000         0.6400000000         1.7126931766        12.0353397869       746.4090831743 
        1.1150000000         0.6400000000         1.6948505162        14.7878367157       719.7782467545 
        1.1200000000         0.6400000000         1.7050463222        19.0083320064       734.9958675658 
        1.1250000000         0.6400000000         1.6948505162        22.6783279114       719.7782467545 
        1.1300000000         0.6400000000         1.7228889826        26.7153234068       761.6267039856 
        1.1350001000         0.6400000000         1.6897526133        30.0183197213       712.1694363488 
        1.1400000000         0.6400000000         1.7101442252        33.5048158310       742.6046779715 
        1.1450001000         0.6400000000         1.7126931766        37.9088109170       746.4090831743 
        1.1500000000         0.6400000000         1.6872036618        41.0283074362       708.3650311460 
        1.1550000999         0.6400000000         1.7126931766        44.3313037507       746.4090831743 
        1.1600000999         0.6400000000         1.6973994677        48.0012996557       723.5826519573 
        1.1650000999         0.6400000000         1.7024973707        52.2217949464       731.1914623630 
        1.1700000999         0.6400000000         1.7050463222        55.5247912608       734.9958675658 
        1.1750000999         0.6400000000         1.7024973707        59.3782869611       731.1914623630 
        1.1800000999         0.6400000000         1.7050463222        63.0482828660       734.9958675658 
        1.1850000999         0.6400000000         1.7050463222        65.9842795900       734.9958675658 
        1.1900000999         0.6400000000         1.7101442252        69.6542754950       742.6046779715 
        1.1950000999         0.6400000000         1.6999484192        73.5077711952       727.3870571601 
        1.2000000999         0.6400000000         1.7075952737        77.5447666907       738.8002727686 
        1.2050000999         0.6400000000         1.7075952737        81.5817621861       738.8002727686 
        1.2100000999         0.6400000000         1.7024973707        84.1507593196       731.1914623630 
        1.2150000999         0.6400000000         1.7152421281        87.8207552246       750.2134883771 
        1.2200000000         0.6400000000         1.7101442252        91.8577507200       742.6046779715 
        1.2250000000         0.6400000000         1.7177910796        95.8947462155       754.0178935799 
        1.2300000000         0.6400000000         1.7126931766       100.1152415062       746.4090831743 
        1.2350000000         0.6400000000         1.7228889826       103.6017376159       761.6267039856 
        1.2400000000         0.6400000000         1.7126931766       106.7212341352       746.4090831743 
        1.2450212998         0.6400000000         1.7024973707       110.0242304496       731.1914623630 
        1.2500000000         0.6400000000         1.7177910796       114.0612259451       754.0178935799 
        1.2550000000         0.6400000000         1.7050463222       117.3642222596       734.9958675658 
        1.2600001000         0.6400000000         1.7203400311       121.5847175503       757.8222987828 
        1.2650000000         0.6400000000         1.7101442252       124.5207142743       742.6046779715 
        1.2700001000         0.6400000000         1.7152421281       128.3742099745       750.2134883771 
        1.2750000000         0.6400000000         1.7203400311       133.1452046510       757.8222987828 
        1.2800000999         0.6400000000         1.7177910796       137.1822001464       754.0178935799 
        1.2850000999         0.6400000000         1.7126931766       139.7511972799       746.4090831743 
        1.2900000999         0.6400000000         1.7177910796       143.2376933896       754.0178935799 
        1.2950000999         0.6400000000         1.7254379341       146.7241894993       765.4311091884 
        1.3000000999         0.6400000000         1.7356337400       151.8621837663       780.6487299998 
        1.3050000999         0.6400000000         1.7254379341       154.9816802855       765.4311091884 
        1.3100000999         0.6400000000         1.7203400311       159.2021755762       757.8222987828 
        1.3150000999         0.6400000000         1.7024973707       162.1381723002       731.1914623630 
        1.3200000999         0.6400000000         1.7432805945       165.6246684099       792.0619456082 
        1.3250000999         0.6400000000         1.7126931766       169.6616639054       746.4090831743 
        1.3300000999         0.6400000000         1.7279868856       173.1481600151       769.2355143913 
        1.3350000999         0.6400000000         1.7203400311       176.6346561249       757.8222987828 
        1.3400000999         0.6400000000         1.7024973707       180.8551514156       731.1914623630 
        1.3450000000         0.6400000000         1.7177910796       183.7911481395       754.0178935799 
        1.3500000000         0.6400000000         1.7305358370       188.1951432255       773.0399195941 
        1.3550000000         0.6400000000         1.7177910796       191.4981395400       754.0178935799 
        1.3600000000         0.6400000000         1.7126931766       195.9021346259       746.4090831743 
        1.3650000000         0.6400000000         1.7228889826       199.5721305309       761.6267039856 
        1.3700000000         0.6400000000         1.7228889826       202.8751268454       761.6267039856 
        1.3750013000         0.6400000000         1.7407316430       207.2791219314       788.2575404054 
        1.3800000000         0.6400000000         1.7228889826       211.3161174268       761.6267039856 
        1.3850001000         0.6400000000         1.6948505162       214.8026135365       719.7782467545 
        1.3900000000         0.6400000000         1.7891617212       217.7386102605       860.5412392592 
        1.3950001000         0.6400000000         1.7101442252       221.9591055512       742.6046779715 
        1.4000000000         0.6400000000         1.7228889826       224.8951022752       761.6267039856 
        1.4050000999         0.6400000000         1.7330847885       229.6660969517       776.8443247969 
        1.4100000999         0.6400000000         1.7254379341       233.8865922424       765.4311091884 
        1.4150000999         0.6400000000         1.7203400311       236.6390891711       757.8222987828 
        1.4200000999         0.6400000000         1.7228889826       240.4925848713       761.6267039856 
        1.4250000999         0.6400000000         1.7126931766       244.3460805716       746.4090831743 
        1.4300000999         0.6400000000         1.7407316430       248.5665758623       788.2575404054 
        1.4350060999         0.6400000000         1.7254379341       251.8695721767       765.4311091884 
        1.4400000999         0.6400000000         1.7254379341       254.9890686960       765.4311091884 
        1.4450000999         0.6400000000         1.7177910796       259.2095639867       754.0178935799 
        1.4500000999         0.6400000000         1.7152421281       263.4300592774       750.2134883771 
        1.4550000999         0.6400000000         1.7407316430       267.1000551824       788.2575404054 
        1.4600000999         0.6400000000         1.7126931766       270.4030514968       746.4090831743 
        1.4650000999         0.6400000000         1.7126931766       273.5225480161       746.4090831743 
        1.4700000000         0.6400000000         1.7203400311       277.9265431020       757.8222987828 
        1.4750000000         0.6400000000         1.7126931766       281.0460396213       746.4090831743 
        1.4800000000         0.6400000000         1.7228889826       285.8170342977       761.6267039856 
        1.4850000000         0.6400000000         1.7228889826       289.1200306122       761.6267039856 
        1.4900000000         0.6400000000         1.7228889826       292.0560273362       761.6267039856 
        1.4950000000         0.6400000000         1.7177910796       295.9095230364       754.0178935799 
        1.5000000000         0.6400000000         1.7024973707       300.6805177128       731.1914623630 
        1.5050000000         0.6400000000         1.7050463222       303.8000142321       734.9958675658 
        1.5100001000         0.6400000000         1.7407316430       308.0205095228       788.2575404054 
        1.5150000000         0.6400000000         1.7024973707       311.1400060420       731.1914623630 
        1.5200001000         0.6400000000         1.7152421281       314.8100019470       750.2134883771 
        1.5250000000         0.6400000000         1.7126931766       318.2964980567       746.4090831743 
        1.5300000999         0.6400000000         1.7126931766       321.7829941664       746.4090831743 
        1.5350000999         0.6400000000         1.7101442252       325.8199896619       742.6046779715 
        1.5400000999         0.6400000000         1.7126931766       329.6734853621       746.4090831743 
        1.5450000999         0.6400000000         1.7305358370       333.5269810623       773.0399195941 
        1.5500000999         0.6400000000         1.7024973707       337.0134771721       731.1914623630 
        1.5550000999         0.6400000000         1.7126931766       340.6834730770       746.4090831743 
        1.5600000999         0.6400000000         1.7126931766       344.7204685725       746.4090831743 
        1.5650028000         0.6400000000         1.7152421281       348.7574640680       750.2134883771 
        1.5700000999         0.6400000000         1.7177910796       351.8769605872       754.0178935799 
        1.5750033000         0.6400000000         1.7126931766       355.9139560826       746.4090831743 
        1.5800000999         0.6400000000         1.7228889826       359.5839519876       761.6267039856 
        1.5850000999         0.6400000000         1.7024973707       359.5839519876       731.1914623630 
        1.5900000999         0.6400000000         1.7254379341       359.7674517829       765.4311091884 
        1.5950000000         0.6400000000         1.7228889826        80.2972636194       761.6267039856 
        1.6000000000         0.6400000000         1.7126931766         0.6583524815       746.4090831743 
        1.6050000000         0.6400000000         1.7101442252         0.1078530958       742.6046779715 
        1.6100000000         0.6400000000         1.7203400311         0.6583524815       757.8222987828 
        1.6150000000         0.6400000000         1.7050463222         4.6953479770       734.9958675658 
        1.6200000000         0.6400000000         1.7228889826         8.5488436772       761.6267039856 
        1.6250000000         0.6400000000         1.7177910796        12.2188395822       754.0178935799 
        1.6300027000         0.6400000000         1.7177910796        16.8063344634       754.0178935799 
        1.6350001000         0.6400000000         1.7101442252        19.5588313921       742.6046779715 
        1.6400000000         0.6400000000         1.7203400311        23.5958268876       757.8222987828 
        1.6450001000         0.6400000000         1.7228889826        26.8988232021       761.6267039856 
        1.6500000000         0.6400000000         1.7050463222        31.3028182880       734.9958675658 
        1.6550000999         0.6400000000         1.7279868856        34.9728141930       769.2355143913 
        1.6600000999         0.6400000000         1.7050463222        38.4593103027       734.9958675658 
        1.6650000999         0.6400000000         1.7152421281        42.4963057982       750.2134883771 
        1.6700000999         0.6400000000         1.7177910796        46.3498014984       754.0178935799 
        1.6750000999         0.6400000000         1.7126931766        50.5702967891       746.4090831743 
        1.6800000999         0.6400000000         1.7203400311        54.2402926941       757.8222987828 
        1.6850000999         0.6400000000         1.7126931766        57.5432890086       746.4090831743 
        1.6900007999         0.6400000000         1.7152421281        60.6627855278       750.2134883771 
        1.6950000999         0.6400000000         1.7126931766        65.4337802043       746.4090831743 
        1.7000000999         0.6400000000         1.7228889826        68.9202763140       761.6267039856 
        1.7050000999         0.6400000000         1.7254379341        72.7737720142       765.4311091884 
        1.7100000999         0.6400000000         1.7177910796        76.6272677144       754.0178935799 
        1.7150000999         0.6400000000         1.7152421281        79.7467642336       750.2134883771 
        1.7200000000         0.6400000000         1.7228889826        83.0497605481       761.6267039856 
        1.7250000000         0.6400000000         1.7228889826        87.6372554293       761.6267039856 
        1.7300000000         0.6400000000         1.7330847885        91.3072513343       776.8443247969 
        1.7350000000         0.6400000000         1.7126931766        94.2432480583       746.4090831743 
        1.7400000000         0.6400000000         1.7177910796        98.6472431442       754.0178935799 
        1.7450000000         0.6400000000         1.7254379341       101.7667396635       765.4311091884 
        1.7500000000         0.6400000000         1.7228889826       105.9872349542       761.6267039856 
        1.7550000000         0.6400000000         1.7228889826       110.2077302449       761.6267039856 
        1.7600001000         0.6400000000         1.7305358370       113.6942263546       773.0399195941 
        1.7650000000         0.6400000000         1.7203400311       116.9972226691       757.8222987828 
        1.7700001000         0.6400000000         1.7254379341       120.8507183693       765.4311091884 
        1.7750000000         0.6400000000         1.7279868856       124.7042140695       769.2355143913 
        1.7800000999         0.6400000000         1.7228889826       128.0072103840       761.6267039856 
        1.7850000999         0.6400000000         1.7330847885       132.2277056747       776.8443247969 
        1.7900000999         0.6400000000         1.7177910796       136.6317007607       754.0178935799 
        1.7950000999         0.6400000000         1.7330847885       140.1181968704       776.8443247969 
        1.8000000999         0.6400000000         1.7305358370       143.9716925706       773.0399195941 
        1.8050000999         0.6400000000         1.7305358370       146.9076892946       773.0399195941 
        1.8100000999         0.6400000000         1.7356337400       150.9446847901       780.6487299998 
        1.8150000999         0.6400000000         1.7228889826       154.7981804903       761.6267039856 
        1.8200000999         0.6400000000         1.7203400311       158.1011768048       757.8222987828 
        1.8250000999         0.6400000000         1.7356337400       162.8721714812       780.6487299998 
        1.8300000999         0.6400000000         1.7407316430       166.1751677957       788.2575404054 
        1.8350000999         0.6400000000         1.7305358370       170.0286634959       773.0399195941 
        1.8400000999         0.6400000000         1.6999484192       173.6986594009       727.3870571601 
        1.8450000000         0.6400000000         1.7203400311       177.3686553058       757.8222987828 
        1.8500030999         0.6400000000         1.7330847885       181.0386512108       776.8443247969 
        1.8550000000         0.6400000000         1.5164239122       184.1581477300       453.4698825564 
        1.8600000000         0.6400000000         1.7228889826       188.5621428160       761.6267039856 
        1.8650000000         0.6400000000         1.7330847885       192.2321387210       776.8443247969 
        1.8700000000         0.6400000000         1.7279868856       196.4526340117       769.2355143913 
        1.8750000000         0.6400000000         1.7254379341       199.3886307357       765.4311091884 
        1.8800000000         0.6400000000         1.7330847885       203.6091260264       776.8443247969 
        1.8850001000         0.6400000000         1.7254379341       206.7286225456       765.4311091884 
        1.8900000000         0.6400000000         1.7254379341       211.8666168126       765.4311091884 
        1.8950001000         0.6400000000         1.6668120499       215.9036123080       677.9297895234 
        1.9000000000         0.6400000000         1.7407316430       219.3901084178       788.2575404054 
        1.9050000999         0.6400000000         1.7356337400       223.0601043227       780.6487299998 
        1.9100000999         0.6400000000         1.7279868856       226.3631006372       769.2355143913 
        1.9150000999         0.6400000000         1.7305358370       230.4000961327       773.0399195941 
        1.9200000999         0.6400000000         1.7075952737       234.0700920376       738.8002727686 
        1.9250000999         0.6400000000         1.7330847885       238.1070875331       776.8443247969 
        1.9300000999         0.6400000000         1.7305358370       241.4100838476       773.0399195941 
        1.9350000999         0.6400000000         1.7279868856       245.4470793430       769.2355143913 
        1.9400000999         0.6400000000         1.7330847885       249.3005750433       776.8443247969 
        1.9450000999         0.6400000000         1.7152421281       252.9705709482       750.2134883771 
        1.9500000999         0.6400000000         1.7228889826       256.6405668532       761.6267039856 
        1.9550000999         0.6400000000         1.7356337400       261.4115615297       780.6487299998 
        1.9600000999         0.6400000000         1.7254379341       263.6135590726       765.4311091884 
        1.9650000999         0.6400000000         1.7177910796       268.5680535444       754.0178935799 
        1.9700000000         0.6400000000         1.7330847885       271.5040502683       776.8443247969 
        1.9750000000         0.6400000000         1.7126931766       275.5410457638       746.4090831743 
        1.9800000000         0.6400000000         1.7203400311       278.2935426925       757.8222987828 
        1.9850000000         0.6400000000         1.7228889826       283.0645373690       761.6267039856 
        1.9900000000         0.6400000000         1.7152421281       286.0005340930       750.2134883771 
        1.9950000000         0.6400000000         1.7381826915       290.5880289742       784.4531352026 
        2.0000000000         0.6400000000         1.7101442252       294.0745250839       742.6046779715 
        2.0050000000         0.6400000000         1.6948505162       297.7445209889       719.7782467545 
        2.0100000000         0.6400000000         1.7203400311       301.4145168938       757.8222987828 
        2.0150001000         0.6400000000         1.7203400311       305.0845127988       757.8222987828 
        2.0200001000         0.6400000000         1.7203400311       308.5710089085       757.8222987828 
        2.0250000000         0.6400000000         1.7101442252       312.7915041992       742.6046779715 
        2.0300000999         0.6400000000         1.7024973707       315.7275009232       731.1914623630 
        2.0350000999         0.6400000000         1.7101442252       319.3974968282       742.6046779715 
        2.0400081999         0.6400000000         1.7228889826       323.6179921189       761.6267039856 
        2.0450000999         0.6400000000         1.7228889826       327.6549876144       761.6267039856 
        2.0500000999         0.6400000000         1.7050463222       330.9579839289       734.9958675658 
        2.0550000999         0.6400000000         1.7050463222       334.2609802433       734.9958675658 
        2.0600000999         0.6400000000         1.7177910796       338.4814755340       754.0178935799 
        2.0650000999         0.6400000000         1.7254379341       342.3349712343       765.4311091884 
        2.0700000999         0.6400000000         1.7203400311       346.1884669345       757.8222987828 
        2.0750000999         0.6400000000         1.7126931766       349.3079634537       746.4090831743 
        2.0800017999         0.6400000000         1.7075952737       354.2624579254       738.8002727686 
        2.0850000999         0.6400000000         1.7126931766       357.3819544446       746.4090831743 
        2.0900000999         0.6400000000         1.7177910796       360.1344513734       754.0178935799 
        2.0950000000         0.6400000000         1.7050463222       359.4004521924       734.9958675658 
        2.1000000000         0.6400000000         1.7126931766        79.1962648479       746.4090831743 
        2.1050000000         0.6400000000         1.7024973707        79.9302640289       731.1914623630 
        2.1100000000         0.6400000000         1.6999484192         0.2913528910       727.3870571601 
        2.1150000000         0.6400000000         1.7024973707         0.1078530958       731.1914623630 
        2.1200000000         0.6400000000         1.7228889826         1.9428510483       761.6267039856 
        2.1250000000         0.6400000000         1.7177910796         5.6128469532       754.0178935799 
        2.1300000000         0.6400000000         1.7228889826         9.8333422440       761.6267039856 
        2.1350000000         0.6400000000         1.7024973707        13.3198383537       731.1914623630 
        2.1400001000         0.6400000000         1.7152421281        16.8063344634       750.2134883771 
        2.1450000000         0.6400000000         1.7126931766        20.8433299589       746.4090831743 
        2.1500000000         0.6400000000         1.7177910796        25.2473250448       754.0178935799 
        2.1550000999         0.6400000000         1.7305358370        28.5503213593       773.0399195941 
        2.1600000999         0.6400000000         1.7050463222        32.9543164453       734.9958675658 
        2.1650000999         0.6400000000         1.7203400311        35.8903131692       757.8222987828 
        2.1700000999         0.6400000000         1.7126931766        39.5603090742       746.4090831743 
        2.1750000999         0.6400000000         1.7152421281        43.4138047744       750.2134883771 
        2.1800000999         0.6400000000         1.7305358370        47.8177998604       773.0399195941 
        2.1850000999         0.6400000000         1.7024973707        51.4877957654       731.1914623630 
        2.1900000999         0.6400000000         1.7177910796        54.4237924893       754.0178935799 
        2.1950000999         0.6400000000         1.7101442252        58.2772881896       742.6046779715 
        2.2000000999         0.6400000000         1.7101442252        61.3967847088       742.6046779715 
        2.2050000999         0.6400000000         1.7203400311        65.9842795900       757.8222987828 
        2.2100000999         0.6400000000         1.7228889826        69.6542754950       761.6267039856 
        2.2150000999         0.6400000000         1.7024973707        72.5902722190       731.1914623630 
        2.2200023999         0.6400000000         1.7177910796        76.9942673049       754.0178935799 
        2.2250000000         0.6400000000         1.7203400311        80.4807634146       757.8222987828 
        2.2300000000         0.6400000000         1.7203400311        84.5177589101       757.8222987828 
        2.2350000000         0.6400000000         1.7279868856        87.6372554293       769.2355143913 
        2.2400000000         0.6400000000         1.7050463222        91.3072513343       734.9958675658 
        2.2450000000         0.6400000000         1.7177910796        94.7937474440       754.0178935799 
        2.2500000000         0.6400000000         1.7254379341        99.5647421205       765.4311091884 
        2.2550000000         0.6400000000         1.7305358370       102.6842386397       773.0399195941 
        2.2600000000         0.6400000000         1.7152421281       106.3542345447       750.2134883771 
        2.2650001000         0.6400000000         1.7177910796       110.0242304496       754.0178935799 
        2.2700015999         0.6400000000         1.7228889826       113.5107265594       761.6267039856 
        2.2750000000         0.6400000000         1.7203400311       117.9147216453       757.8222987828 
        2.2800000999         0.6400000000         1.7330847885       121.5847175503       776.8443247969 
        2.2850000999         0.6400000000         1.7254379341       125.6217130458       765.4311091884 
        2.2900000999         0.6400000000         1.7254379341       129.1082091555       765.4311091884 
        2.2950000999         0.6400000000         1.7126931766       132.2277056747       746.4090831743 
        2.3000000999         0.6400000000         1.7203400311       136.2647011702       757.8222987828 
        2.3050000999         0.6400000000         1.7407316430       140.3016966657       788.2575404054 
        2.3100000999         0.6400000000         1.7203400311       142.8706937991       757.8222987828 
        2.3150000999         0.6400000000         1.7203400311       146.7241894993       757.8222987828 
        2.3200000999         0.6400000000         1.7177910796       150.9446847901       754.0178935799 
        2.3250000999         0.6400000000         1.7177910796       155.3486798760       754.0178935799 
        2.3300000999         0.6400000000         1.7279868856       159.0186757810       769.2355143913 
        2.3350000999         0.6400000000         1.7228889826       162.1381723002       761.6267039856 
        2.3400000999         0.6400000000         1.7356337400       165.9916680004       780.6487299998 
        2.3450000000         0.6400000000         1.7228889826       169.6616639054       761.6267039856 
        2.3500000000         0.6400000000         1.7203400311       173.5151596056       757.8222987828 
        2.3550000000         0.6400000000         1.7203400311       177.5521551011       757.8222987828 
        2.3600000000         0.6400000000         1.7381826915       181.2221510061       784.4531352026 
        2.3650000000         0.6400000000         1.7177910796       184.8921469110       754.0178935799 
        2.3700000000         0.6400000000         1.7254379341       188.3786430208       765.4311091884 
        2.3750000000         0.6400000000         1.7152421281       191.4981395400       750.2134883771 
        2.3800000000         0.6400000000         1.7228889826       195.3516352402       761.6267039856 
        2.3850000000         0.6400000000         1.7305358370       199.3886307357       773.0399195941 
        2.3900001000         0.6400000000         1.7228889826       203.0586266406       761.6267039856 
        2.3950000000         0.6400000000         1.7381826915       207.6461215219       784.4531352026 
        2.4000000000         0.6400000000         1.7101442252       210.7656180411       742.6046779715 
        2.4050000999         0.6400000000         1.7126931766       213.8851145603       746.4090831743 
        2.4100000999         0.6400000000         1.7407316430       218.6561092368       788.2575404054 
        2.4150000999         0.6400000000         1.7126931766       221.9591055512       746.4090831743 
        2.4200000999         0.6400000000         1.7305358370       225.9961010467       773.0399195941 
        2.4250000999         0.6400000000         1.7101442252       229.4825971564       742.6046779715 
        2.4300000999         0.6400000000         1.7254379341       233.7030924471       765.4311091884 
        2.4350000999         0.6400000000         1.7228889826       236.8225889664       761.6267039856 
        2.4400000999         0.6400000000         1.7458295460       241.4100838476       795.8663508111 
        2.4450000999         0.6400000000         1.7228889826       244.7130801621       761.6267039856 
        2.4500000999         0.6400000000         1.7254379341       248.7500756575       765.4311091884 
        2.4550000999         0.6400000000         1.7126931766       251.8695721767       746.4090831743 
        2.4600000999         0.6400000000         1.7177910796       256.2735672627       754.0178935799 
        2.4650000999         0.6400000000         1.7432805945       260.3105627582       792.0619456082 
        2.4700000000         0.6400000000         1.7152421281       263.4300592774       750.2134883771 
        2.4750000000         0.6400000000         1.7407316430       267.2835549776       788.2575404054 
        2.4800000000         0.6400000000         1.7126931766       270.9535508826       746.4090831743 
        2.4850000000         0.6400000000         1.7330847885       275.3575459686       776.8443247969 
        2.4900000000         0.6400000000         1.7177910796       278.4770424878       754.0178935799 
        2.4950000000         0.6400000000         1.7254379341       282.1470383927       765.4311091884 
        2.5000000000         0.6400000000         1.7381826915       286.0005340930       784.4531352026 
        2.5050000000         0.6400000000         1.7126931766       289.8540297932       746.4090831743 
        2.5100000000         0.6400000000         1.7228889826       293.3405259029       761.6267039856 
        2.5150001000         0.6400000000         1.7126931766       297.1940216031       746.4090831743 
        2.5200000000         0.6400000000         1.7305358370       301.0475173033       773.0399195941 
        2.5250000000         0.6400000000         1.7126931766       304.5340134131       746.4090831743 
        2.5300000999         0.6400000000         1.7177910796       308.5710089085       754.0178935799 
        2.5350000999         0.6400000000         1.7126931766       312.9750039945       746.4090831743 
        2.5400000999         0.6400000000         1.7254379341       316.0945005137       765.4311091884 
        2.5450000999         0.6400000000         1.7254379341       319.5809966234       765.4311091884 
        2.5500000999         0.6400000000         1.7177910796       322.8839929379       754.0178935799 
        2.5550000999         0.6400000000         1.7126931766       326.5539888429       746.4090831743 
        2.5600000999         0.6400000000         1.6973994677       330.9579839289       723.5826519573 
        2.5650000999         0.6400000000         1.7305358370       334.8114796291       773.0399195941 
        2.5700000999         0.6400000000         1.7177910796       338.8484751245       754.0178935799 
        2.5750000999         0.6400000000         1.7152421281       341.7844718485       750.2134883771 
        2.5800000999         0.6400000000         1.7177910796       345.8214673440       754.0178935799 
        2.5850000999         0.6400000000         1.7126931766       349.8584628394       746.4090831743 
        2.5900000999         0.6400000000         1.7228889826       353.7119585397       761.6267039856 
        2.5950000000         0.6400000000         1.7050463222       357.7489540351       734.9958675658 
        2.6000000000         0.6400000000         1.7177910796       360.1344513734       754.0178935799 
        2.6050000000         0.6400000000         1.7203400311       360.1344513734       757.8222987828 
        2.6100000000         0.6400000000         1.7024973707        78.8292652574       731.1914623630 
        2.6150000000         0.6400000000         1.7126931766        79.1962648479       746.4090831743 
        2.6200012000         0.6400000000         1.7356337400         0.6583524815       780.6487299998 
        2.6250000000         0.6400000000         1.7050463222         0.1078530958       734.9958675658 
        2.6300000000         0.6400000000         1.7305358370         2.8603500245       773.0399195941 
        2.6350000000         0.6400000000         1.7126931766         6.5303459295       746.4090831743 
        2.6400001000         0.6400000000         1.7177910796         9.2828428582       754.0178935799 
        2.6450000000         0.6400000000         1.7177910796        13.8703377394       754.0178935799 
        2.6500001000         0.6400000000         1.7101442252        17.9073332349       742.6046779715 
        2.6550000999         0.6400000000         1.7152421281        21.3938293446       750.2134883771 
        2.6600000999         0.6400000000         1.7228889826        25.7978244306       761.6267039856 
        2.6650000999         0.6400000000         1.7305358370        29.4678203356       773.0399195941 
        2.6700000999         0.6400000000         1.7075952737        32.2203172643       738.8002727686 
        2.6750000999         0.6400000000         1.7203400311        36.2573127597       757.8222987828 
        2.6800000999         0.6400000000         1.7152421281        40.2943082552       750.2134883771 
        2.6850000999         0.6400000000         1.7228889826        43.9643041602       761.6267039856 
        2.6900000999         0.6400000000         1.7101442252        47.6343000652       742.6046779715 
        2.6950000999         0.6400000000         1.7101442252        51.1207961749       742.6046779715 
        2.7000000999         0.6400000000         1.7330847885        55.8917908513       776.8443247969 
        2.7050000999         0.6400000000         1.7152421281        59.0112873706       750.2134883771 
        2.7100000999         0.6400000000         1.7177910796        62.8647830708       754.0178935799 
        2.7150037000         0.6400000000         1.7050463222        65.9842795900       734.9958675658 
        2.7200000000         0.6400000000         1.7254379341        70.0212750855       765.4311091884 
        2.7250000000         0.6400000000         1.7203400311        74.2417703762       757.8222987828 
        2.7300000000         0.6400000000         1.7305358370        77.7282664859       773.0399195941 
        2.7350000000         0.6400000000         1.7126931766        81.2147625956       746.4090831743 
        2.7400026000         0.6400000000         1.7228889826        85.0682582958       761.6267039856 
        2.7450000000         0.6400000000         1.7203400311        88.5547544056       757.8222987828 
        2.7500001000         0.6400000000         1.7228889826        92.2247503105       761.6267039856 
        2.7550000000         0.6400000000         1.7254379341        96.6287453965       765.4311091884 
        2.7600000000         0.6400000000         1.7228889826       100.2987413015       761.6267039856 
        2.7650001000         0.6400000000         1.7305358370       103.4182378207       773.0399195941 
        2.7700000000         0.6400000000         1.7126931766       107.6387331114       746.4090831743 
        2.7750000000         0.6400000000         1.7228889826       111.1252292211       761.6267039856 
        2.7800000999         0.6400000000         1.7305358370       115.3457245119       773.0399195941 
        2.7850000999         0.6400000000         1.7330847885       118.6487208263       776.8443247969 
        2.7900000999         0.6400000000         1.7356337400       122.6857163218       780.6487299998 
        2.7950000999         0.6400000000         1.7254379341       126.9062116125       765.4311091884 
        2.8000000999         0.6400000000         1.7407316430       130.7597073127       788.2575404054 
        2.8050000999         0.6400000000         1.7228889826       133.5122042415       761.6267039856 
        2.8100000999         0.6400000000         1.7228889826       137.1822001464       761.6267039856 
        2.8150000999         0.6400000000         1.7356337400       141.5861952324       780.6487299998 
        2.8200000999         0.6400000000         1.7126931766       144.7056917516       746.4090831743 
        2.8250000999         0.6400000000         1.7101442252       148.7426872471       742.6046779715 
        2.8300000999         0.6400000000         1.7432805945       153.6971817188       792.0619456082 
        2.8350000999         0.6400000000         1.7305358370       156.0826790570       773.0399195941 
        2.8400000999         0.6400000000         1.7228889826       159.7526749620       761.6267039856 
        2.8450000000         0.6400000000         1.7432805945       164.8906692290       792.0619456082 
        2.8500000000         0.6400000000         1.7228889826       168.3771653387       761.6267039856 
        2.8550000000         0.6400000000         1.7432805945       172.4141608341       792.0619456082 
        2.8600000000         0.6400000000         1.7356337400       175.3501575581       780.6487299998 
        2.8650000000         0.6400000000         1.8222980905       179.7541526441       909.9985068959 
        2.8700000000         0.6400000000         1.7356337400       182.8736491633       780.6487299998 
        2.8750000000         0.6400000000         1.6285777776       186.5436450683       620.8637114809 
        2.8800000000         0.6400000000         1.7254379341       190.0301411780       765.4311091884 
        2.8850000000         0.6400000000         1.7305358370       194.4341362640       773.0399195941 
        2.8900001000         0.6400000000         1.7381826915       198.1041321689       784.4531352026 
        2.8950000000         0.6400000000         1.7330847885       201.2236286882       776.8443247969 
        2.9000000000         0.6400000000         1.7203400311       205.8111235694       757.8222987828 
        2.9050000999         0.6400000000         1.7228889826       210.0316188601       761.6267039856 
        2.9100000999         0.6400000000         1.7407316430       213.1511153793       788.2575404054 
        2.9150000999         0.6400000000         1.6999484192       217.5551104653       727.3870571601 
        2.9200000999         0.6400000000         1.7254379341       220.8581067797       765.4311091884 
        2.9250000999         0.6400000000         1.7254379341       224.1611030942       765.4311091884 
        2.9300000999         0.6400000000         1.7330847885       228.9320977707       776.8443247969 
        2.9350000999         0.6400000000         1.7279868856       232.6020936757       769.2355143913 
        2.9400000999         0.6400000000         1.7458295460       236.6390891711       795.8663508111 
        2.9450000999         0.6400000000         1.7407316430       240.4925848713       788.2575404054 
        2.9500000999         0.6400000000         1.7432805945       244.5295803668       792.0619456082 
        2.9550000999         0.6400000000         1.7101442252       247.0985775003       742.6046779715 
        2.9600000999         0.6400000000         1.7228889826       251.6860723815       761.6267039856 
        2.9650001999         0.6400000000         1.7407316430       255.1725684912       788.2575404054 
        2.9700000000         0.6400000000         1.7330847885       259.3930637819       776.8443247969 
        2.9750000000         0.6400000000         1.7177910796       262.3290605059       754.0178935799 
        2.9800000000         0.6400000000         1.7024973707       265.9990564109       731.1914623630 
        2.9850000000         0.6400000000         1.7381826915       270.0360519063       784.4531352026 
        2.9900000000         0.6400000000         1.7228889826       274.0730474018       761.6267039856 
        2.9950000000         0.6400000000         1.7330847885       277.9265431020       776.8443247969 
        3.0000000000         0.6400000000         1.7330847885       281.2295394165       776.8443247969 
        3.0050000000         0.6400000000         1.7101442252       284.5325357310       742.6046779715 
        3.0100000000         0.6400000000         1.7228889826       288.5695312264       761.6267039856 
        3.0150001000         0.6400000000         1.7330847885       292.9735263124       776.8443247969 
        3.0200000000         0.6400000000         1.7228889826       296.4600224221       761.6267039856 
        3.0250000000         0.6400000000         1.7407316430       300.6805177128       788.2575404054 
        3.0300000999         0.6400000000         1.7126931766       304.9010130036       746.4090831743 
        3.0350000999         0.6400000000         1.7254379341       307.4700101370       765.4311091884 
        3.0400000999         0.6400000000         1.7152421281       312.0575050183       750.2134883771 
        3.0450000999         0.6400000000         1.7356337400       315.7275009232       780.6487299998 
        3.0500000999         0.6400000000         1.7254379341       319.0304972377       765.4311091884 
        3.0550000999         0.6400000000         1.7024973707       322.3334935522       731.1914623630 
        3.0600049000         0.6400000000         1.7152421281       326.3704890476       750.2134883771 
        3.0650000999         0.6400000000         1.7254379341       330.7744841336       765.4311091884 
        3.0700000999         0.6400000000         1.7407316430       334.6279798338       788.2575404054 
        3.0750010999         0.6400000000         1.7075952737       338.1144759435       738.8002727686 
        3.0800000999         0.6400000000         1.7330847885       342.1514714390       776.8443247969 
        3.0850000999         0.6400000000         1.7126931766       345.6379675487       746.4090831743 
        3.0900000999         0.6400000000         1.7228889826       348.9409638632       761.6267039856 
        3.0950000000         0.6400000000         1.7203400311       353.1614591539       757.8222987828 
        3.1000000000         0.6400000000         1.7203400311       357.1984546494       757.8222987828 
        3.1050000000         0.6400000000         1.7203400311       359.5839519876       757.8222987828 
        3.1100000000         0.6400000000         1.7254379341       360.3179511686       765.4311091884 
        3.1150000000         0.6400000000         1.7254379341        80.1137638241       765.4311091884 
        3.1200000000         0.6400000000         1.7279868856        80.2972636194       769.2355143913 
        3.1250000000         0.6400000000         1.7228889826         0.1078530958       761.6267039856 
        3.1300000000         0.6400000000         1.7101442252        -0.2591464947       742.6046779715 
        3.1350000000         0.6400000000         1.7228889826         2.1263508435       761.6267039856 
        3.1400001000         0.6400000000         1.7050463222         5.6128469532       734.9958675658 
        3.1450000000         0.6400000000         1.7050463222         9.4663426535       734.9958675658 
        3.1500000000         0.6400000000         1.7126931766        12.9528387632       746.4090831743 
        3.1550000999         0.6400000000         1.7228889826        17.3568338492       761.6267039856 
        3.1600000999         0.6400000000         1.7075952737        21.2103295494       738.8002727686 
        3.1650000999         0.6400000000         1.7228889826        24.8803254543       761.6267039856 
        3.1700000999         0.6400000000         1.7126931766        28.3668215641       746.4090831743 
        3.1750000999         0.6400000000         1.7305358370        33.1378162405       773.0399195941 
        3.1800000999         0.6400000000         1.7254379341        36.6243123502       765.4311091884 
        3.1850000999         0.6400000000         1.7101442252        40.1108084600       742.6046779715 
        3.1900000999         0.6400000000         1.7254379341        43.7808043649       765.4311091884 
        3.1950000999         0.6400000000         1.7126931766        47.4508002699       746.4090831743 
        3.2000000999         0.6400000000         1.7254379341        51.8547953559       765.4311091884 
        3.2050000999         0.6400000000         1.7203400311        54.9742918751       757.8222987828 
        3.2100000999         0.6400000000         1.7279868856        58.8277875753       769.2355143913 
        3.2150000999         0.6400000000         1.7024973707        61.9472840945       731.1914623630 
        3.2200000000         0.6400000000         1.7228889826        65.9842795900       761.6267039856 
        3.2250000000         0.6400000000         1.7203400311        69.2872759045       757.8222987828 
        3.2300000000         0.6400000000         1.7228889826        73.5077711952       761.6267039856 
        3.2350000000         0.6400000000         1.7101442252        76.9942673049       742.6046779715 
        3.2400000000         0.6400000000         1.7126931766        80.6642632099       746.4090831743 
        3.2450000000         0.6400000000         1.7101442252        84.3342591149       742.6046779715 
        3.2500000000         0.6400000000         1.7432805945        88.9217539961       792.0619456082 
        3.2550000000         0.6400000000         1.7254379341        92.5917499010       765.4311091884 
        3.2600000000         0.6400000000         1.7203400311        96.0782460108       757.8222987828 
        3.2650001000         0.6400000000         1.7152421281        99.7482419157       750.2134883771 
        3.2700000000         0.6400000000         1.7152421281       103.4182378207       750.2134883771 
        3.2750000000         0.6400000000         1.7356337400       107.8222329067       780.6487299998 
        3.2800000999         0.6400000000         1.7126931766       110.7582296306       746.4090831743 
        3.2850000999         0.6400000000         1.7254379341       114.9787249214       765.4311091884 
        3.2900000999         0.6400000000         1.7228889826       118.4652210311       761.6267039856 
        3.2950103999         0.6400000000         1.7254379341       122.5022165265       765.4311091884 
        3.3000000999         0.6400000000         1.7177910796       125.9887126363       754.0178935799 
        3.3050000999         0.6400000000         1.7305358370       129.8422083365       773.0399195941 
        3.3100000999         0.6400000000         1.7177910796       132.9617048557       754.0178935799 
        3.3150000999         0.6400000000         1.7305358370       137.7326995322       773.0399195941 
        3.3200000999         0.6400000000         1.7305358370       140.8521960514       773.0399195941 
        3.3250000999         0.6400000000         1.7228889826       144.5221919564       761.6267039856 
        3.3300000999         0.6400000000         1.7305358370       148.0086880661       773.0399195941 
        3.3350000999         0.6400000000         1.7407316430       152.5961829473       788.2575404054 
        3.3400000999         0.6400000000         1.7381826915       156.6331784428       784.4531352026 
        3.3450000000         0.6400000000         1.7203400311       159.5691751667       757.8222987828 
        3.3500000000         0.6400000000         1.7126931766       163.4226708670       746.4090831743 
        3.3550000000         0.6400000000         1.7305358370       166.7256671814       773.0399195941 
        3.3600000000         0.6400000000         1.7203400311       170.3956630864       757.8222987828 
        3.3650024999         0.6400000000         1.7305358370       174.7996581724       773.0399195941 
        3.3700000000         0.6400000000         1.7305358370       179.0201534631       773.0399195941 
        3.3750000000         0.6400000000         1.7228889826       182.3231497776       761.6267039856 
        3.3800000000         0.6400000000         1.5699518934       186.3601452730       533.3623918158 
        3.3850000000         0.6400000000         1.7279868856       189.6631415875       769.2355143913 
        3.3900001000         0.6400000000         1.7305358370       193.5166372877       773.0399195941 
        3.3950000000         0.6400000000         1.7381826915       196.8196336022       784.4531352026 
        3.4000000000         0.6400000000         1.7228889826       200.8566290977       761.6267039856 
        3.4050000999         0.6400000000         1.7126931766       204.5266250026       746.4090831743 
        3.4100000999         0.6400000000         1.7177910796       208.0131211124       754.0178935799 
        3.4150000999         0.6400000000         1.7228889826       212.6006159936       761.6267039856 
        3.4200000999         0.6400000000         1.6438714865       216.2706118985       643.6901426979 
        3.4250000999         0.6400000000         1.6821057588       219.2066086225       700.7562207403 
        3.4300000999         0.6400000000         1.7228889826       223.9776032990       761.6267039856 
        3.4350000999         0.6400000000         1.7305358370       227.8310989992       773.0399195941 
        3.4400000999         0.6400000000         1.7407316430       232.2350940852       788.2575404054 
        3.4450000999         0.6400000000         1.7407316430       235.7215901949       788.2575404054 
        3.4500000999         0.6400000000         1.7279868856       238.2905873284       769.2355143913 
        3.4550000999         0.6400000000         1.7177910796       242.6945824143       754.0178935799 
        3.4600000999         0.6400000000         1.7305358370       247.0985775003       773.0399195941 
        3.4650000999         0.6400000000         1.7458295460       250.7685734053       795.8663508111 
        3.4700000000         0.6400000000         1.7254379341       253.3375705387       765.4311091884 
        3.4750000000         0.6400000000         1.7356337400       257.1910662390       780.6487299998 
        3.4800000000         0.6400000000         1.7101442252       261.7785611202       742.6046779715 
        3.4850000000         0.6400000000         1.7228889826       265.4485570251       761.6267039856 
        3.4900000000         0.6400000000         1.7203400311       269.1185529301       757.8222987828 
        3.4950000000         0.6400000000         1.7381826915       273.3390482208       784.4531352026 
        3.5000000000         0.6400000000         1.7177910796       276.0915451495       754.0178935799 
        3.5050000000         0.6400000000         1.7228889826       279.3945414640       761.6267039856 
        3.5100000000         0.6400000000         1.7203400311       283.7985365500       757.8222987828 
        3.5150001000         0.6400000000         1.7305358370       288.2025316359       773.0399195941 
        3.5200000000         0.6400000000         1.7407316430       291.3220281552       788.2575404054 
        3.5250000000         0.6400000000         1.7177910796       295.1755238554       754.0178935799 
        3.5300000999         0.6400000000         1.7203400311       299.2125193509       757.8222987828 
        3.5350000999         0.6400000000         1.7203400311       302.6990154606       757.8222987828 
        3.5400003999         0.6400000000         1.7305358370       306.5525111608       773.0399195941 
        3.5450000999         0.6400000000         1.7305358370       311.1400060420       773.0399195941 
        3.5500000999         0.6400000000         1.7177910796       314.4430023565       754.0178935799 
        3.5550000999         0.6400000000         1.7279868856       317.9294984662       769.2355143913 
        3.5600000999         0.6400000000         1.7177910796       322.1499937569       754.0178935799 
        3.5650000999         0.6400000000         1.7177910796       324.7189908904       754.0178935799 
        3.5700000999         0.6400000000         1.7228889826       329.1229859764       761.6267039856 
        3.5750000999         0.6400000000         1.7407316430       333.5269810623       788.2575404054 
        3.5800000999         0.6400000000         1.7203400311       336.4629777863       757.8222987828 
        3.5850000999         0.6400000000         1.6948505162       340.1329736913       719.7782467545 
        3.5900000999         0.6400000000         1.7228889826       343.9864693915       761.6267039856 
        3.5950000000         0.6400000000         1.7279868856       348.7574640680       769.2355143913 
        3.6000000000         0.6400000000         1.7152421281       352.6109597682       750.2134883771 
        3.6050000000         0.6400000000         1.7330847885       356.4644554684       776.8443247969 
        3.6100000000         0.6400000000         1.7152421281       359.9509515781       750.2134883771 
        3.6150000000         0.6400000000         1.7024973707       359.9509515781       731.1914623630 
        3.6200000000         0.6400000000         1.7279868856       359.4004521924       769.2355143913 
        3.6250000000         0.6400000000         1.7177910796        79.7467642336       754.0178935799 
        3.6300000000         0.6400000000         1.7228889826         0.6583524815       761.6267039856 
        3.6350000000         0.6400000000         1.7101442252         0.1078530958       742.6046779715 
        3.6400001000         0.6400000000         1.7126931766         0.6583524815       746.4090831743 
        3.6450000000         0.6400000000         1.7203400311         4.3283483865       757.8222987828 
        3.6500000000         0.6400000000         1.7305358370         8.1818440867       773.0399195941 
        3.6550000999         0.6400000000         1.7126931766        11.8518399917       746.4090831743 
        3.6600000999         0.6400000000         1.7177910796        16.8063344634       754.0178935799 
        3.6650000999         0.6400000000         1.7203400311        20.2928305731       757.8222987828 
        3.6700000999         0.6400000000         1.7126931766        23.4123270924       746.4090831743 
        3.6750000999         0.6400000000         1.7254379341        27.8163221783       765.4311091884 
        3.6800000999         0.6400000000         1.7177910796        31.3028182880       754.0178935799 
        3.6850000999         0.6400000000         1.7228889826        35.5233135788       761.6267039856 
        3.6900000999         0.6400000000         1.7126931766        39.0098096885       746.4090831743 
        3.6950000999         0.6400000000         1.7177910796        42.3128060029       754.0178935799 
        3.7000000999         0.6400000000         1.7228889826        46.7168010889       761.6267039856 
        3.7050000999         0.6400000000         1.7152421281        50.0197974034       750.2134883771 
        3.7100000999         0.6400000000         1.7101442252        53.8732931036       742.6046779715 
        3.7150000999         0.6400000000         1.7126931766        57.5432890086       746.4090831743 
        3.7200000000         0.6400000000         1.7177910796        61.5802845040       754.0178935799 
        3.7250000000         0.6400000000         1.7254379341        65.8007797948       765.4311091884 
        3.7300000000         0.6400000000         1.7228889826        69.1037761092       761.6267039856 
        3.7350000000         0.6400000000         1.7330847885        72.7737720142       776.8443247969 
        3.7400000000         0.6400000000         1.7024973707        75.8932685334       731.1914623630 
        3.7450000000         0.6400000000         1.7254379341        79.9302640289       765.4311091884 
        3.7500000000         0.6400000000         1.7152421281        83.7837597291       750.2134883771 
        3.7550000000         0.6400000000         1.7279868856        88.0042550198       769.2355143913 
        3.7600000000         0.6400000000         1.7203400311        90.7567519486       757.8222987828 
        3.7650001000         0.6400000000         1.7075952737        94.4267478535       738.8002727686 
        3.7700000000         0.6400000000         1.7203400311        98.4637433490       757.8222987828 
        3.7750000000         0.6400000000         1.7356337400       103.2347380255       780.6487299998 
        3.7800000999         0.6400000000         1.7228889826       106.3542345447       761.6267039856 
        3.7850000999         0.6400000000         1.7126931766       109.6572308591       746.4090831743 
        3.7900000999         0.6400000000         1.7254379341       114.0612259451       765.4311091884 
        3.7950000999         0.6400000000         1.7228889826       118.0982214406       761.6267039856 
        3.8000000999         0.6400000000         1.7381826915       121.7682173456       784.4531352026 
        3.8050000999         0.6400000000         1.7330847885       125.6217130458       776.8443247969 
        3.8100000999         0.6400000000         1.7279868856       128.9247093602       769.2355143913 
        3.8150000999         0.6400000000         1.7279868856       132.4112054700       769.2355143913 
        3.8200000999         0.6400000000         1.7305358370       136.2647011702       773.0399195941 
        3.8250000999         0.6400000000         1.7228889826       140.1181968704       761.6267039856 
        3.8300000999         0.6400000000         1.7305358370       143.7881927754       773.0399195941 
        3.8350000999         0.6400000000         1.7458295460       148.1921878613       795.8663508111 
        3.8400000999         0.6400000000         1.7330847885       151.8621837663       776.8443247969 
        3.8450000000         0.6400000000         1.7381826915       155.3486798760       784.4531352026 
        3.8500000000         0.6400000000         1.7279868856       159.3856753715       769.2355143913 
        3.8550000000         0.6400000000         1.7152421281       162.1381723002       750.2134883771 
        3.8600000000         0.6400000000         1.7330847885       166.1751677957       776.8443247969 
        3.8650000000         0.6400000000         1.7152421281       169.6616639054       750.2134883771 
        3.8700000000         0.6400000000         1.7381826915       174.0656589914       784.4531352026 
        3.8750000000         0.6400000000         1.6897526133       177.3686553058       712.1694363488 
        3.8800000000         0.6400000000         1.7356337400       181.4056508013       780.6487299998 
        3.8850000000         0.6400000000         1.7458295460       185.2591465015       795.8663508111 
        3.8900001000         0.6400000000         1.7228889826       188.5621428160       761.6267039856 
        3.8950000000         0.6400000000         1.7407316430       193.3331374925       788.2575404054 
        3.9000000000         0.6400000000         1.7228889826       196.6361338069       761.6267039856 
        3.9050000999         0.6400000000         1.7381826915       200.3061297119       784.4531352026 
        3.9100000999         0.6400000000         1.7381826915       204.7101247979       784.4531352026 
        3.9150000999         0.6400000000         1.7407316430       208.1966209076       788.2575404054 
        3.9200000999         0.6400000000         1.7305358370       211.4996172221       773.0399195941 
        3.9250000999         0.6400000000         1.5623050390       215.7201125128       521.9491762074 
        3.9300000999         0.6400000000         1.7152421281       219.3901084178       750.2134883771 
        3.9350000999         0.6400000000         1.7534764004       223.4271039132       807.2795664195 
        3.9400021999         0.6400000000         1.7407316430       226.9136000229       788.2575404054 
        3.9450000999         0.6400000000         1.7330847885       231.3175951089       776.8443247969 
        3.9500000999         0.6400000000         1.7305358370       235.3545906044       773.0399195941 
        3.9550000999         0.6400000000         1.7228889826       239.0245865093       761.6267039856 
        3.9600000999         0.6400000000         1.7305358370       243.0615820048       773.0399195941 
        3.9650000999         0.6400000000         1.7483784974       246.7315779098       799.6707560139 
        3.9700000999         0.6400000000         1.7407316430       250.7685734053       788.2575404054 
        3.9750000000         0.6400000000         1.7254379341       254.4385693102       765.4311091884 
        3.9800000000         0.6400000000         1.7228889826       257.5580658294       761.6267039856 
        3.9850000000         0.6400000000         1.7381826915       261.5950613249       784.4531352026 
        3.9900000000         0.6400000000         1.7305358370       264.8980576394       773.0399195941 
        3.9950000000         0.6400000000         1.7228889826       268.9350531349       761.6267039856 
