           Time[sec]           V_{cmd}[V]          V_{gyro}[V]          \theta[deg] \omega_{gyro}[deg/sec] 
        0.0000000000        -0.3500000000         1.2130986854       205.4441239789        -0.4108757619 
        0.0050001000        -0.3500000000         1.2130986854       204.8936245931        -0.4108757619 
        0.0100001000        -0.3500000000         1.2130986854       204.8936245931        -0.4108757619 
        0.0150000000        -0.3500000000         1.2080007824       204.5266250026        -8.0196861676 
        0.0200001000        -0.3500000000         1.2029028795       204.7101247979       -15.6284965732 
        0.0250000000        -0.3500000000         1.1901581220       204.7101247979       -34.6505225874 
        0.0300001000        -0.3500000000         1.1723154616       204.5266250026       -61.2813590072 
        0.0350000000        -0.3500000000         1.1595707042       203.7926258216       -80.3033850213 
        0.0400001000        -0.3500000000         1.1570217527       203.4256262311       -84.1077902242 
        0.0450000000        -0.3500000000         1.1595707042       203.4256262311       -80.3033850213 
        0.0500000000        -0.3500000000         1.1595707042       203.0586266406       -80.3033850213 
        0.0550001000        -0.3500000000         1.1544728012       202.8751268454       -87.9121954270 
        0.0600000000        -0.3500000000         1.1595707042       202.5081272549       -80.3033850213 
        0.0650001000        -0.3500000000         1.1595707042       202.3246274596       -80.3033850213 
        0.0700000000        -0.3500000000         1.1519238497       201.7741280739       -91.7166006298 
        0.0750001000        -0.3500000000         1.1366301408       200.1226299167      -114.5430318468 
        0.0800002000        -0.3500000000         1.1442769953       200.1226299167      -103.1298162383 
        0.0850001000        -0.3500000000         1.1391790923       199.0216311452      -110.7386266440 
        0.0900001000        -0.3500000000         1.1417280438       199.2051309404      -106.9342214411 
        0.0950000000        -0.3500000000         1.1366301408       198.6546315547      -114.5430318468 
        0.1000001000        -0.3500000000         1.1417280438       198.6546315547      -106.9342214411 
        0.1050000000        -0.3500000000         1.1366301408       197.9206323737      -114.5430318468 
        0.1100001000        -0.3500000000         1.1315322379       197.0031333974      -122.1518422524 
        0.1150000000        -0.3500000000         1.1315322379       196.2691342164      -122.1518422524 
        0.1200001000        -0.3500000000         1.1289832864       195.7186348307      -125.9562474553 
        0.1250000000        -0.3500000000         1.1187874804       194.6176360592      -141.1738682666 
        0.1300001000        -0.3500000000         1.1289832864       194.4341362640      -125.9562474553 
        0.1350001000        -0.3500000000         1.1187874804       193.8836368782      -141.1738682666 
        0.1400000000        -0.3500000000         1.1213364319       192.9661379020      -137.3694630638 
        0.1450001000        -0.3500000000         1.1238853834       192.9661379020      -133.5650578609 
        0.1500000000        -0.3500000000         1.1187874804       191.3146397447      -141.1738682666 
        0.1550001000        -0.3500000000         1.1111406260       190.5806405637      -152.5870838751 
        0.1600000000        -0.3500000000         1.1213364319       191.1311399495      -137.3694630638 
        0.1650001000        -0.3500000000         1.1136895775       189.6631415875      -148.7826786723 
        0.1700000000        -0.3500000000         1.1085916745       188.5621428160      -156.3914890779 
        0.1750000000        -0.3500000000         1.1111406260       188.5621428160      -152.5870838751 
        0.1800001000        -0.3500000000         1.1136895775       187.4611440445      -148.7826786723 
        0.1850000000        -0.3500000000         1.1187874804       187.2776442493      -141.1738682666 
        0.1900001000        -0.3500000000         1.1187874804       186.1766454778      -141.1738682666 
        0.1950000000        -0.3500000000         1.1034937715       184.8921469110      -164.0002994836 
        0.2000001000        -0.3500000000         1.1085916745       184.7086471158      -156.3914890779 
        0.2050000000        -0.3500000000         1.1162385289       183.7911481395      -144.9782734694 
        0.2100001000        -0.3500000000         1.1085916745       182.8736491633      -156.3914890779 
        0.2150001000        -0.3500000000         1.1009448200       181.7726503918      -167.8047046864 
        0.2200000000        -0.3500000000         1.0958469171       181.4056508013      -175.4135150921 
        0.2250001000        -0.3500000000         1.1060427230       180.4881518251      -160.1958942807 
        0.2300000000        -0.3500000000         1.1034937715       179.7541526441      -164.0002994836 
        0.2350001000        -0.3500000000         1.0983958685       178.6531538726      -171.6091098892 
        0.2400001000        -0.3500000000         1.1009448200       178.2861542821      -167.8047046864 
        0.2450001000        -0.3500000000         1.1009448200       177.5521551011      -167.8047046864 
        0.2500000000        -0.3500000000         1.1060427230       177.1851555106      -160.1958942807 
        0.2550001000        -0.3500000000         1.1085916745       176.4511563296      -156.3914890779 
        0.2600001000        -0.3500000000         1.0932979656       174.4326585819      -179.2179202949 
        0.2650000000        -0.3500000000         1.1009448200       174.2491587866      -167.8047046864 
        0.2700001000        -0.3500000000         1.1060427230       173.8821591961      -160.1958942807 
        0.2750000000        -0.3500000000         1.1060427230       173.1481600151      -160.1958942807 
        0.2800001000        -0.3500000000         1.0958469171       171.6801616531      -175.4135150921 
        0.2850000000        -0.3500000000         1.0983958685       170.9461624722      -171.6091098892 
        0.2900001000        -0.3500000000         1.0983958685       170.2121632912      -171.6091098892 
        0.2950000000        -0.3500000000         1.0907490141       169.8451637007      -183.0223254977 
        0.3000000000        -0.3500000000         1.1009448200       167.8266659529      -167.8047046864 
        0.3050001000        -0.3500000000         1.0958469171       167.0926667719      -175.4135150921 
        0.3100000000        -0.3500000000         1.0907490141       166.3586675909      -183.0223254977 
        0.3150001000        -0.3500000000         1.0958469171       165.9916680004      -175.4135150921 
        0.3200000000        -0.3500000000         1.1034937715       165.6246684099      -164.0002994836 
        0.3250001000        -0.3500000000         1.1060427230       164.7071694337      -160.1958942807 
        0.3300000000        -0.3500000000         1.1009448200       163.4226708670      -167.8047046864 
        0.3350001000        -0.3500000000         1.0983958685       162.3216720955      -171.6091098892 
        0.3400001000        -0.3500000000         1.0882000626       161.7711727097      -186.8267307005 
        0.3450000000        -0.3500000000         1.0932979656       160.8536737335      -179.2179202949 
        0.3500001000        -0.3500000000         1.0882000626       159.3856753715      -186.8267307005 
        0.3550001000        -0.3500000000         1.0932979656       158.8351759858      -179.2179202949 
        0.3600001000        -0.3500000000         1.1009448200       158.6516761905      -167.8047046864 
        0.3650000000        -0.3500000000         1.0958469171       157.5506774190      -175.4135150921 
        0.3700001000        -0.3500000000         1.0983958685       156.6331784428      -171.6091098892 
        0.3750000000        -0.3500000000         1.0907490141       155.5321796713      -183.0223254977 
        0.3800001000        -0.3500000000         1.0856511111       154.4311808998      -190.6311359034 
        0.3850001000        -0.3500000000         1.0856511111       153.3301821283      -190.6311359034 
        0.3900000000        -0.3500000000         1.1009448200       153.5136819235      -167.8047046864 
        0.3950001000        -0.3500000000         1.1009448200       152.5961829473      -167.8047046864 
        0.4000000000        -0.3500000000         1.1009448200       151.6786839711      -167.8047046864 
        0.4050001000        -0.3500000000         1.0932979656       150.3941854043      -179.2179202949 
        0.4100000000        -0.3500000000         1.0907490141       149.2931866328      -183.0223254977 
        0.4150001000        -0.3500000000         1.0882000626       148.0086880661      -186.8267307005 
        0.4200001000        -0.3500000000         1.0882000626       147.2746888851      -186.8267307005 
        0.4250000000        -0.3500000000         1.0932979656       146.9076892946      -179.2179202949 
        0.4300001000        -0.3500000000         1.1009448200       146.5406897041      -167.8047046864 
        0.4350000000        -0.3500000000         1.0882000626       145.2561911374      -186.8267307005 
        0.4400001000        -0.3500000000         1.0882000626       144.3386921611      -186.8267307005 
        0.4450000000        -0.3500000000         1.0958469171       143.7881927754      -175.4135150921 
        0.4500001000        -0.3500000000         1.0907490141       142.5036942086      -183.0223254977 
        0.4550000000        -0.3500000000         1.0882000626       141.0356958466      -186.8267307005 
        0.4600001000        -0.3500000000         1.0983958685       140.6686962561      -171.6091098892 
        0.4650001000        -0.3500000000         1.0983958685       139.9346970752      -171.6091098892 
        0.4700000000        -0.3500000000         1.1009448200       139.2006978942      -167.8047046864 
        0.4750001000        -0.3500000000         1.0907490141       137.5491997369      -183.0223254977 
        0.4800001000        -0.3500000000         1.0882000626       137.7326995322      -186.8267307005 
        0.4850001000        -0.3500000000         1.0958469171       136.9987003512      -175.4135150921 
        0.4900000000        -0.3500000000         1.0958469171       136.0812013749      -175.4135150921 
        0.4950001000        -0.3500000000         1.0983958685       135.1637023987      -171.6091098892 
        0.5000000000        -0.3500000000         1.0882000626       133.8792038320      -186.8267307005 
        0.5050001000        -0.3500000000         1.0958469171       132.9617048557      -175.4135150921 
        0.5100001000        -0.3500000000         1.0907490141       132.0442058795      -183.0223254977 
        0.5150000000        -0.3500000000         1.0907490141       131.1267069032      -183.0223254977 
        0.5200001000        -0.3500000000         1.0907490141       130.2092079270      -183.0223254977 
        0.5250000000        -0.3500000000         1.0907490141       129.4752087460      -183.0223254977 
        0.5300001000        -0.3500000000         1.0856511111       128.1907101792      -190.6311359034 
        0.5350000000        -0.3500000000         1.0856511111       127.0897114078      -190.6311359034 
        0.5400001000        -0.3500000000         1.0907490141       126.7227118173      -183.0223254977 
        0.5450000000        -0.3500000000         1.0907490141       125.8052128410      -183.0223254977 
        0.5500000000        -0.3500000000         1.0983958685       125.0712136600      -171.6091098892 
        0.5550001000        -0.3500000000         1.0958469171       123.9702148885      -175.4135150921 
        0.5600000000        -0.3500000000         1.0882000626       123.0527159123      -186.8267307005 
        0.5650001000        -0.3500000000         1.1009448200       122.8692161170      -167.8047046864 
        0.5700001000        -0.3500000000         1.0983958685       121.9517171408      -171.6091098892 
        0.5750001000        -0.3500000000         1.0932979656       120.6672185741      -179.2179202949 
        0.5800001000        -0.3500000000         1.0932979656       119.7497195978      -179.2179202949 
        0.5850001000        -0.3500000000         1.0932979656       118.8322206216      -179.2179202949 
        0.5900001000        -0.3500000000         1.0856511111       117.7312218501      -190.6311359034 
        0.5950000000        -0.3500000000         1.0882000626       117.1807224643      -186.8267307005 
        0.6000001000        -0.3500000000         1.0805532081       115.7127241024      -198.2399463090 
        0.6050000000        -0.3500000000         1.0907490141       115.3457245119      -183.0223254977 
        0.6100001000        -0.3500000000         1.0907490141       114.4282255356      -183.0223254977 
        0.6150000000        -0.3500000000         1.0932979656       114.2447257404      -179.2179202949 
        0.6200020000        -0.3500000000         1.0932979656       112.7767273784      -179.2179202949 
        0.6250000000        -0.3500000000         1.0882000626       111.4922288116      -186.8267307005 
        0.6300001000        -0.3500000000         1.0907490141       110.7582296306      -183.0223254977 
        0.6350001000        -0.3500000000         1.0932979656       110.2077302449      -179.2179202949 
        0.6400000000        -0.3500000000         1.0983958685       109.8407306544      -171.6091098892 
        0.6450001000        -0.3500000000         1.0983958685       109.1067314734      -171.6091098892 
        0.6500000000        -0.3500000000         1.1009448200       107.6387331114      -167.8047046864 
        0.6550001000        -0.3500000000         1.0983958685       106.7212341352      -171.6091098892 
        0.6600000000        -0.3500000000         1.0983958685       105.8037351589      -171.6091098892 
        0.6650001000        -0.3500000000         1.0907490141       104.7027363874      -183.0223254977 
        0.6700000000        -0.3500000000         1.0907490141       103.7852374112      -183.0223254977 
        0.6750000000        -0.3500000000         1.0907490141       103.4182378207      -183.0223254977 
        0.6800001000        -0.3500000000         1.1009448200       102.6842386397      -167.8047046864 
        0.6850000000        -0.3500000000         1.0983958685       101.7667396635      -171.6091098892 
        0.6900001000        -0.3500000000         1.0932979656       100.8492406872      -179.2179202949 
        0.6950001000        -0.3500000000         1.0882000626        99.5647421205      -186.8267307005 
        0.7000001000        -0.3500000000         1.0907490141        99.1977425300      -183.0223254977 
        0.7050001000        -0.3500000000         1.1009448200        98.8307429395      -167.8047046864 
        0.7100001000        -0.3500000000         1.1034937715        98.0967437585      -164.0002994836 
        0.7150001000        -0.3500000000         1.1009448200        96.4452456013      -167.8047046864 
        0.7200000000        -0.3500000000         1.1034937715        96.0782460108      -164.0002994836 
        0.7250001000        -0.3500000000         1.0932979656        94.7937474440      -179.2179202949 
        0.7300000000        -0.3500000000         1.0907490141        94.0597482630      -183.0223254977 
        0.7350001000        -0.3500000000         1.0958469171        93.1422492868      -175.4135150921 
        0.7400000000        -0.3500000000         1.0932979656        92.2247503105      -179.2179202949 
        0.7450001000        -0.3500000000         1.0983958685        91.4907511295      -171.6091098892 
        0.7500000000        -0.3500000000         1.0882000626        90.2062525628      -186.8267307005 
        0.7550001000        -0.3500000000         1.0983958685        89.8392529723      -171.6091098892 
        0.7600001000        -0.3500000000         1.0958469171        88.9217539961      -175.4135150921 
        0.7650000000        -0.3500000000         1.1060427230        88.5547544056      -160.1958942807 
        0.7700001000        -0.3500000000         1.0958469171        87.2702558388      -175.4135150921 
        0.7750000000        -0.3500000000         1.0932979656        87.0867560436      -179.2179202949 
        0.7800035000        -0.3500000000         1.1009448200        85.6187576816      -167.8047046864 
        0.7850000000        -0.3500000000         1.0932979656        84.8847585006      -179.2179202949 
        0.7900001000        -0.3500000000         1.0882000626        83.6002599339      -186.8267307005 
        0.7950000000        -0.3500000000         1.0958469171        82.6827609576      -175.4135150921 
        0.8000000000        -0.3500000000         1.0882000626        81.9487617766      -186.8267307005 
        0.8050001000        -0.3500000000         1.0983958685        82.1322615719      -171.6091098892 
        0.8100000000        -0.3500000000         1.0882000626        80.1137638241      -186.8267307005 
        0.8150001000        -0.3500000000         1.0856511111        79.1962648479      -190.6311359034 
        0.8200001000        -0.3500000000         1.0882000626        78.4622656669      -186.8267307005 
        0.8250001000        -0.3500000000         1.0882000626        78.0952660764      -186.8267307005 
        0.8300001000        -0.3500000000         1.0907490141        77.1777671002      -183.0223254977 
        0.8350001000        -0.3500000000         1.0805532081        76.2602681239      -198.2399463090 
        0.8400001000        -0.3500000000         1.0983958685        75.5262689429      -171.6091098892 
        0.8450000000        -0.3500000000         1.0932979656        75.1592693524      -179.2179202949 
        0.8500001000        -0.3500000000         1.0907490141        73.6912709904      -183.0223254977 
        0.8550000000        -0.3500000000         1.1009448200        73.3242713999      -167.8047046864 
        0.8600001000        -0.3500000000         1.1034937715        72.4067724237      -164.0002994836 
        0.8650000000        -0.3500000000         1.0958469171        70.9387740617      -175.4135150921 
        0.8700001000        -0.3500000000         1.0983958685        70.2047748807      -171.6091098892 
        0.8750000000        -0.3500000000         1.0983958685        69.6542754950      -171.6091098892 
        0.8800001000        -0.3500000000         1.0907490141        68.0027773377      -183.0223254977 
        0.8850001000        -0.3500000000         1.0907490141        67.4522779520      -183.0223254977 
        0.8900000000        -0.3500000000         1.0958469171        66.9017785662      -175.4135150921 
        0.8950001000        -0.3500000000         1.0907490141        65.4337802043      -183.0223254977 
        0.9000000000        -0.3500000000         1.0882000626        65.2502804090      -186.8267307005 
        0.9050001000        -0.3500000000         1.0882000626        63.9657818423      -186.8267307005 
        0.9100000000        -0.3500000000         1.0882000626        63.2317826613      -186.8267307005 
        0.9150001000        -0.3500000000         1.0907490141        62.6812832755      -183.0223254977 
        0.9200000000        -0.3500000000         1.0831021596        61.3967847088      -194.4355411062 
        0.9250025000        -0.3500000000         1.0831021596        60.4792857325      -194.4355411062 
        0.9300001000        -0.3500000000         1.0856511111        59.5617867563      -190.6311359034 
        0.9350000000        -0.3500000000         1.0882000626        58.6442877801      -186.8267307005 
        0.9400057000        -0.3500000000         1.0932979656        57.9102885991      -179.2179202949 
        0.9450001000        -0.3500000000         1.0831021596        57.5432890086      -194.4355411062 
        0.9500001000        -0.3500000000         1.0856511111        56.0752906466      -190.6311359034 
        0.9550001000        -0.3500000000         1.0882000626        55.3412914656      -186.8267307005 
        0.9600001000        -0.3500000000         1.0831021596        54.0567928989      -194.4355411062 
        0.9650001000        -0.3500000000         1.0882000626        53.6897933084      -186.8267307005 
        0.9700000000        -0.3500000000         1.0907490141        52.7722943321      -183.0223254977 
        0.9750001000        -0.3500000000         1.0907490141        52.0382951511      -183.0223254977 
        0.9800000000        -0.3500000000         1.0882000626        50.9372963796      -186.8267307005 
        0.9850001000        -0.3500000000         1.0907490141        49.8362976081      -183.0223254977 
        0.9900000000        -0.3500000000         1.0882000626        49.1022984271      -186.8267307005 
        0.9950021000        -0.3500000000         1.0907490141        48.1847994509      -183.0223254977 
        1.0000000000        -0.3500000000         1.0932979656        47.2673004747      -179.2179202949 
        1.0050001000        -0.3500000000         1.0932979656        46.5333012937      -179.2179202949 
        1.0100001000        -0.3500000000         1.0856511111        45.2488027269      -190.6311359034 
        1.0150000000        -0.3500000000         1.0882000626        44.6983033412      -186.8267307005 
        1.0200001000        -0.3500000000         1.0932979656        44.1478039554      -179.2179202949 
        1.0250000000        -0.3500000000         1.0831021596        42.8633053887      -194.4355411062 
        1.0300022000        -0.3500000000         1.0805532081        41.3953070267      -198.2399463090 
        1.0350000000        -0.3500000000         1.0882000626        41.0283074362      -186.8267307005 
        1.0400001000        -0.3500000000         1.0780042567        39.5603090742      -202.0443515119 
        1.0450000000        -0.3500000000         1.0907490141        38.8263098932      -183.0223254977 
        1.0500000000        -0.3500000000         1.1009448200        38.6428100980      -167.8047046864 
        1.0550001000        -0.3500000000         1.1009448200        37.9088109170      -167.8047046864 
        1.0600000000        -0.3500000000         1.0983958685        36.9913119407      -171.6091098892 
        1.0650001000        -0.3500000000         1.0856511111        35.5233135788      -190.6311359034 
        1.0700000000        -0.3500000000         1.0805532081        34.4223148073      -198.2399463090 
        1.0750001000        -0.3500000000         1.0805532081        33.5048158310      -198.2399463090 
        1.0800024000        -0.3500000000         1.0831021596        32.0368174690      -194.4355411062 
        1.0850001000        -0.3500000000         1.0856511111        31.3028182880      -190.6311359034 
        1.0900001000        -0.3500000000         1.0907490141        30.9358186975      -183.0223254977 
        1.0950000000        -0.3500000000         1.0932979656        30.0183197213      -179.2179202949 
        1.1000001000        -0.3500000000         1.0983958685        29.6513201308      -171.6091098892 
        1.1050000000        -0.3500000000         1.0907490141        28.3668215641      -183.0223254977 
        1.1100001000        -0.3500000000         1.0983958685        27.8163221783      -171.6091098892 
        1.1150000000        -0.3500000000         1.0983958685        26.8988232021      -171.6091098892 
        1.1200001000        -0.3500000000         1.0983958685        25.9813242258      -171.6091098892 
        1.1250015000        -0.3500000000         1.0983958685        25.2473250448      -171.6091098892 
        1.1300001000        -0.3500000000         1.0907490141        24.1463262733      -183.0223254977 
        1.1350035000        -0.3500000000         1.0805532081        22.1278285256      -198.2399463090 
        1.1400000000        -0.3500000000         1.0831021596        21.3938293446      -194.4355411062 
        1.1450001000        -0.3500000000         1.0831021596        20.4763303684      -194.4355411062 
        1.1500000000        -0.3500000000         1.0831021596        19.5588313921      -194.4355411062 
        1.1550006000        -0.3500000000         1.0882000626        19.0083320064      -186.8267307005 
        1.1600000000        -0.3500000000         1.0831021596        17.7238334396      -194.4355411062 
        1.1650001000        -0.3500000000         1.0907490141        16.9898342587      -183.0223254977 
        1.1700000000        -0.3500000000         1.0907490141        15.8888354872      -183.0223254977 
        1.1750000000        -0.3500000000         1.0932979656        15.1548363062      -179.2179202949 
        1.1800001000        -0.3500000000         1.0907490141        14.7878367157      -183.0223254977 
        1.1850000000        -0.3500000000         1.0780042567        13.5033381489      -202.0443515119 
        1.1900001000        -0.3500000000         1.0932979656        13.1363385584      -179.2179202949 
        1.1950000000        -0.3500000000         1.1009448200        11.8518399917      -167.8047046864 
        1.2000035000        -0.3500000000         1.1009448200        10.9343410155      -167.8047046864 
        1.2050000000        -0.3500000000         1.1009448200        10.0168420392      -167.8047046864 
        1.2100036000        -0.3500000000         1.1009448200         9.0993430630      -167.8047046864 
        1.2150001000        -0.3500000000         1.0983958685         8.1818440867      -171.6091098892 
        1.2200048000        -0.3500000000         1.0958469171         7.4478449057      -175.4135150921 
        1.2250001000        -0.3500000000         1.0983958685         6.3468461342      -171.6091098892 
        1.2300000000        -0.3500000000         1.1034937715         5.7963467485      -164.0002994836 
        1.2350001000        -0.3500000000         1.0882000626         4.3283483865      -186.8267307005 
        1.2400010000        -0.3500000000         1.0882000626         3.4108494103      -186.8267307005 
        1.2450001000        -0.3500000000         1.0932979656         2.6768502293      -179.2179202949 
        1.2500000000        -0.3500000000         1.0882000626         2.1263508435      -186.8267307005 
        1.2550001000        -0.3500000000         1.0932979656         1.2088518673      -179.2179202949 
        1.2600001000        -0.3500000000         1.0907490141         0.2913528910      -183.0223254977 
        1.2650000000        -0.3500000000         1.0907490141        -0.0756466995      -183.0223254977 
        1.2700001000        -0.3500000000         1.0932979656         0.1078530958      -179.2179202949 
        1.2750000000        -0.3500000000         1.0882000626        -0.4426462900      -186.8267307005 
        1.2800001000        -0.3500000000         1.0729063537        -0.4426462900      -209.6531619175 
        1.2850000000        -0.3500000000         1.0882000626         0.1078530958      -186.8267307005 
        1.2900001000        -0.3500000000         1.0932979656         0.6583524815      -179.2179202949 
        1.2950000000        -0.3500000000         1.0882000626        -0.0756466995      -186.8267307005 
        1.3000000000        -0.3500000000         1.0882000626         0.1078530958      -186.8267307005 
        1.3050001000        -0.3500000000         1.0882000626         0.4748526863      -186.8267307005 
        1.3100000000        -0.3500000000         1.0780042567        79.1962648479      -202.0443515119 
        1.3150001000        -0.3500000000         1.0882000626        79.7467642336      -186.8267307005 
        1.3200035000        -0.3500000000         1.0932979656        79.9302640289      -179.2179202949 
        1.3250001000        -0.3500000000         1.0856511111        79.1962648479      -190.6311359034 
        1.3300000000        -0.3500000000         1.1034937715       358.4829532161      -164.0002994836 
        1.3350001000        -0.3500000000         1.0932979656       360.3179511686      -179.2179202949 
        1.3400001000        -0.3500000000         1.1009448200       360.3179511686      -167.8047046864 
        1.3450000000        -0.3500000000         1.0932979656       359.9509515781      -179.2179202949 
        1.3500001000        -0.3500000000         1.0882000626       359.4004521924      -186.8267307005 
        1.3550000000        -0.3500000000         1.0907490141       360.1344513734      -183.0223254977 
        1.3600001000        -0.3500000000         1.0882000626       359.9509515781      -186.8267307005 
        1.3650047000        -0.3500000000         1.0907490141       359.9509515781      -183.0223254977 
        1.3700001000        -0.3500000000         1.0932979656       360.1344513734      -179.2179202949 
        1.3750000000        -0.3500000000         1.0983958685       360.5014509639      -171.6091098892 
        1.3800001000        -0.3500000000         1.0958469171       359.4004521924      -175.4135150921 
        1.3850004000        -0.3500000000         1.0932979656       358.8499528066      -179.2179202949 
        1.3900000000        -0.3500000000         1.0932979656       357.7489540351      -179.2179202949 
        1.3950148000        -0.3500000000         1.0932979656       357.0149548541      -179.2179202949 
        1.4000000000        -0.3500000000         1.0882000626       356.0974558779      -186.8267307005 
        1.4050001000        -0.3500000000         1.0932979656       354.9964571064      -179.2179202949 
        1.4100000000        -0.3500000000         1.0932979656       354.2624579254      -179.2179202949 
        1.4150056000        -0.3500000000         1.0932979656       353.3449589492      -179.2179202949 
        1.4200000000        -0.3500000000         1.0882000626       351.6934607919      -186.8267307005 
        1.4250026000        -0.3500000000         1.0805532081       350.7759618157      -198.2399463090 
        1.4300001000        -0.3500000000         1.0882000626       350.0419626347      -186.8267307005 
        1.4350000000        -0.3500000000         1.0805532081       348.5739642727      -198.2399463090 
        1.4400049000        -0.3500000000         1.0882000626       348.5739642727      -186.8267307005 
        1.4450000000        -0.3500000000         1.0882000626       347.4729655012      -186.8267307005 
        1.4500001000        -0.3500000000         1.0882000626       346.5554665250      -186.8267307005 
        1.4550000000        -0.3500000000         1.0831021596       344.9039683677      -194.4355411062 
        1.4600001000        -0.3500000000         1.0882000626       344.9039683677      -186.8267307005 
        1.4650001000        -0.3500000000         1.0856511111       343.8029695962      -190.6311359034 
        1.4700000000        -0.3500000000         1.0907490141       342.7019708248      -183.0223254977 
        1.4750001000        -0.3500000000         1.0882000626       341.4174722580      -186.8267307005 
        1.4800000000        -0.3500000000         1.0831021596       341.0504726675      -194.4355411062 
        1.4850001000        -0.3500000000         1.0882000626       339.7659741008      -186.8267307005 
        1.4900000000        -0.3500000000         1.0932979656       338.8484751245      -179.2179202949 
        1.4950001000        -0.3500000000         1.0983958685       338.4814755340      -171.6091098892 
        1.5000000000        -0.3500000000         1.1009448200       337.5639765578      -167.8047046864 
        1.5050001000        -0.3500000000         1.0907490141       336.0959781958      -183.0223254977 
        1.5100001000        -0.3500000000         1.0907490141       335.1784792196      -183.0223254977 
        1.5150000000        -0.3500000000         1.0856511111       333.8939806528      -190.6311359034 
        1.5200001000        -0.3500000000         1.0907490141       333.1599814718      -183.0223254977 
        1.5250000000        -0.3500000000         1.0932979656       332.4259822908      -179.2179202949 
        1.5300001000        -0.3500000000         1.1009448200       332.2424824956      -167.8047046864 
        1.5350000000        -0.3500000000         1.0907490141       330.5909843384      -183.0223254977 
        1.5400001000        -0.3500000000         1.0983958685       330.2239847479      -171.6091098892 
        1.5450000000        -0.3500000000         1.1009448200       329.3064857716      -167.8047046864 
        1.5500000000        -0.3500000000         1.1009448200       328.3889867954      -167.8047046864 
        1.5550001000        -0.3500000000         1.1009448200       327.1044882286      -167.8047046864 
        1.5600000000        -0.3500000000         1.1034937715       326.5539888429      -164.0002994836 
        1.5650001000        -0.3500000000         1.0882000626       325.0859904809      -186.8267307005 
        1.5700000000        -0.3500000000         1.0882000626       324.1684915047      -186.8267307005 
        1.5750001000        -0.3500000000         1.0882000626       323.0674927332      -186.8267307005 
        1.5800000000        -0.3500000000         1.0856511111       322.1499937569      -190.6311359034 
        1.5850001000        -0.3500000000         1.0907490141       321.7829941664      -183.0223254977 
        1.5900001000        -0.3500000000         1.0831021596       320.1314960092      -194.4355411062 
        1.5950000000        -0.3500000000         1.0907490141       319.7644964187      -183.0223254977 
        1.6000001000        -0.3500000000         1.0856511111       318.2964980567      -190.6311359034 
        1.6050000000        -0.3500000000         1.0856511111       317.5624988757      -190.6311359034 
        1.6100001000        -0.3500000000         1.0907490141       317.0119994900      -183.0223254977 
        1.6150000000        -0.3500000000         1.1009448200       316.4615001042      -167.8047046864 
        1.6200001000        -0.3500000000         1.0958469171       315.3605013327      -175.4135150921 
        1.6250000000        -0.3500000000         1.0958469171       314.8100019470      -175.4135150921 
        1.6300001000        -0.3500000000         1.0932979656       313.8925029707      -179.2179202949 
        1.6350001000        -0.3500000000         1.0882000626       312.4245046088      -186.8267307005 
        1.6400000000        -0.3500000000         1.0907490141       311.5070056325      -183.0223254977 
        1.6450001000        -0.3500000000         1.1009448200       311.1400060420      -167.8047046864 
        1.6500000000        -0.3500000000         1.1009448200       310.2225070658      -167.8047046864 
        1.6550001000        -0.3500000000         1.1009448200       309.4885078848      -167.8047046864 
        1.6600000000        -0.3500000000         1.1060427230       308.5710089085      -160.1958942807 
        1.6650001000        -0.3500000000         1.0831021596       307.1030105465      -194.4355411062 
        1.6700000000        -0.3500000000         1.0907490141       306.1855115703      -183.0223254977 
        1.6750000000        -0.3500000000         1.1009448200       305.8185119798      -167.8047046864 
        1.6800001000        -0.3500000000         1.0831021596       304.1670138226      -194.4355411062 
        1.6850000000        -0.3500000000         1.0907490141       303.6165144368      -183.0223254977 
        1.6900044000        -0.3500000000         1.1009448200       302.6990154606      -167.8047046864 
        1.6950000000        -0.3500000000         1.0907490141       301.7815164843      -183.0223254977 
        1.7000001000        -0.3500000000         1.1009448200       301.4145168938      -167.8047046864 
        1.7050000000        -0.3500000000         1.0983958685       300.3135181223      -171.6091098892 
        1.7100001000        -0.3500000000         1.1009448200       299.3960191461      -167.8047046864 
        1.7150001000        -0.3500000000         1.0907490141       298.1115205794      -183.0223254977 
        1.7200008000        -0.3500000000         1.0983958685       297.5610211936      -171.6091098892 
        1.7250001000        -0.3500000000         1.0907490141       296.2765226269      -183.0223254977 
        1.7300000000        -0.3500000000         1.0882000626       295.5425234459      -186.8267307005 
        1.7350001000        -0.3500000000         1.0882000626       294.4415246744      -186.8267307005 
        1.7400000000        -0.3500000000         1.0856511111       292.9735263124      -190.6311359034 
        1.7450001000        -0.3500000000         1.0831021596       292.2395271314      -194.4355411062 
        1.7500000000        -0.3500000000         1.0856511111       291.3220281552      -190.6311359034 
        1.7550072000        -0.3500000000         1.0983958685       290.9550285647      -171.6091098892 
        1.7600001000        -0.3500000000         1.0882000626       289.6705299979      -186.8267307005 
        1.7650000000        -0.3500000000         1.0856511111       288.5695312264      -190.6311359034 
        1.7700001000        -0.3500000000         1.0907490141       288.2025316359      -183.0223254977 
        1.7750006000        -0.3500000000         1.0882000626       287.2850326597      -186.8267307005 
        1.7800001000        -0.3500000000         1.0958469171       286.9180330692      -175.4135150921 
        1.7850022000        -0.3500000000         1.0932979656       285.4500347072      -179.2179202949 
        1.7900001000        -0.3500000000         1.1009448200       284.5325357310      -167.8047046864 
        1.7950000000        -0.3500000000         1.1009448200       284.1655361405      -167.8047046864 
        1.8000000000        -0.3500000000         1.0882000626       282.5140379832      -186.8267307005 
        1.8050001000        -0.3500000000         1.1009448200       282.3305381880      -167.8047046864 
        1.8100000000        -0.3500000000         1.0907490141       281.0460396213      -183.0223254977 
        1.8150001000        -0.3500000000         1.0882000626       280.4955402355      -186.8267307005 
        1.8200000000        -0.3500000000         1.0907490141       279.2110416688      -183.0223254977 
        1.8250001000        -0.3500000000         1.0882000626       277.9265431020      -186.8267307005 
        1.8300038000        -0.3500000000         1.0882000626       277.0090441258      -186.8267307005 
        1.8350001000        -0.3500000000         1.0882000626       276.0915451495      -186.8267307005 
        1.8400001000        -0.3500000000         1.0907490141       275.1740461733      -183.0223254977 
        1.8450000000        -0.3500000000         1.0805532081       274.8070465828      -198.2399463090 
        1.8500001000        -0.3500000000         1.0983958685       274.4400469923      -171.6091098892 
        1.8550000000        -0.3500000000         1.0882000626       272.9720486303      -186.8267307005 
        1.8600001000        -0.3500000000         1.0907490141       272.2380494493      -183.0223254977 
        1.8650028000        -0.3500000000         1.0932979656       271.3205504731      -179.2179202949 
        1.8700039000        -0.3500000000         1.1009448200       270.7700510873      -167.8047046864 
        1.8750024000        -0.3500000000         1.0932979656       269.4855525206      -179.2179202949 
        1.8800001000        -0.3500000000         1.1009448200       268.5680535444      -167.8047046864 
        1.8850001000        -0.3500000000         1.0983958685       268.2010539539      -171.6091098892 
        1.8900000000        -0.3500000000         1.0882000626       266.7330555919      -186.8267307005 
        1.8950051000        -0.3500000000         1.0932979656       266.3660560014      -179.2179202949 
        1.9000000000        -0.3500000000         1.1009448200       265.4485570251      -167.8047046864 
        1.9050001000        -0.3500000000         1.0831021596       264.1640584584      -194.4355411062 
        1.9100000000        -0.3500000000         1.0882000626       263.2465594822      -186.8267307005 
        1.9150001000        -0.3500000000         1.0907490141       262.8795598917      -183.0223254977 
        1.9200000000        -0.3500000000         1.1009448200       261.9620609154      -167.8047046864 
        1.9250000000        -0.3500000000         1.0907490141       259.9435631677      -183.0223254977 
        1.9300001000        -0.3500000000         1.0907490141       259.0260641914      -183.0223254977 
        1.9350001000        -0.3500000000         1.0856511111       258.4755648057      -190.6311359034 
        1.9400001000        -0.3500000000         1.0932979656       257.5580658294      -179.2179202949 
        1.9450000000        -0.3500000000         1.0882000626       256.4570670580      -186.8267307005 
        1.9500001000        -0.3500000000         1.0907490141       256.0900674675      -183.0223254977 
        1.9550000000        -0.3500000000         1.0882000626       255.1725684912      -186.8267307005 
        1.9600001000        -0.3500000000         1.0882000626       254.2550695150      -186.8267307005 
        1.9650001000        -0.3500000000         1.0882000626       252.9705709482      -186.8267307005 
        1.9700054000        -0.3500000000         1.0856511111       251.8695721767      -190.6311359034 
        1.9750001000        -0.3500000000         1.0856511111       251.6860723815      -190.6311359034 
        1.9800000000        -0.3500000000         1.0882000626       250.0345742243      -186.8267307005 
        1.9850001000        -0.3500000000         1.0932979656       249.8510744290      -179.2179202949 
        1.9900000000        -0.3500000000         1.0831021596       248.5665758623      -194.4355411062 
        1.9950001000        -0.3500000000         1.0882000626       247.6490768860      -186.8267307005 
        2.0000000000        -0.3500000000         1.0983958685       246.5480781145      -171.6091098892 
        2.0050001000        -0.3500000000         1.0907490141       245.8140789335      -183.0223254977 
        2.0100027000        -0.3500000000         1.0932979656       245.4470793430      -179.2179202949 
        2.0150001000        -0.3500000000         1.0907490141       244.5295803668      -183.0223254977 
        2.0200001000        -0.3500000000         1.0805532081       243.2450818001      -198.2399463090 
        2.0250000000        -0.3500000000         1.0983958685       243.2450818001      -171.6091098892 
        2.0300001000        -0.3500000000         1.0983958685       242.3275828238      -171.6091098892 
        2.0350001000        -0.3500000000         1.0983958685       241.4100838476      -171.6091098892 
        2.0400001000        -0.3500000000         1.0907490141       240.1255852808      -183.0223254977 
        2.0450000000        -0.3500000000         1.0907490141       239.2080863046      -183.0223254977 
        2.0500000000        -0.3500000000         1.0932979656       238.2905873284      -179.2179202949 
        2.0550001000        -0.3500000000         1.0932979656       237.3730883521      -179.2179202949 
        2.0600000000        -0.3500000000         1.0882000626       236.8225889664      -186.8267307005 
        2.0650001000        -0.3500000000         1.0932979656       235.7215901949      -179.2179202949 
        2.0700000000        -0.3500000000         1.0983958685       234.8040912186      -171.6091098892 
        2.0750001000        -0.3500000000         1.1009448200       233.8865922424      -167.8047046864 
        2.0800000000        -0.3500000000         1.0907490141       233.5195926519      -183.0223254977 
        2.0850001000        -0.3500000000         1.0882000626       231.8680944947      -186.8267307005 
        2.0900001000        -0.3500000000         1.0856511111       231.1340953137      -190.6311359034 
        2.0950000000        -0.3500000000         1.0932979656       230.4000961327      -179.2179202949 
        2.1000001000        -0.3500000000         1.0882000626       229.1155975659      -186.8267307005 
        2.1050000000        -0.3500000000         1.0983958685       229.1155975659      -171.6091098892 
        2.1100001000        -0.3500000000         1.0958469171       227.8310989992      -175.4135150921 
        2.1150000000        -0.3500000000         1.0932979656       226.9136000229      -179.2179202949 
        2.1200001000        -0.3500000000         1.1009448200       226.3631006372      -167.8047046864 
        2.1250000000        -0.3500000000         1.0882000626       224.8951022752      -186.8267307005 
        2.1300001000        -0.3500000000         1.0932979656       224.3446028895      -179.2179202949 
        2.1350001000        -0.3500000000         1.0932979656       223.4271039132      -179.2179202949 
        2.1400001000        -0.3500000000         1.0882000626       222.1426053465      -186.8267307005 
        2.1450001000        -0.3500000000         1.0983958685       221.5921059607      -171.6091098892 
        2.1500000000        -0.3500000000         1.0958469171       221.0416065750      -175.4135150921 
        2.1550001000        -0.3500000000         1.0958469171       219.9406078035      -175.4135150921 
        2.1600001000        -0.3500000000         1.0907490141       219.2066086225      -183.0223254977 
        2.1650001000        -0.3500000000         1.0882000626       217.9221100558      -186.8267307005 
        2.1700000000        -0.3500000000         1.0907490141       217.3716106700      -183.0223254977 
        2.1750000000        -0.3500000000         1.1009448200       217.1881108748      -167.8047046864 
        2.1800001000        -0.3500000000         1.0932979656       215.7201125128      -179.2179202949 
        2.1850000000        -0.3500000000         1.0983958685       214.8026135365      -171.6091098892 
        2.1900001000        -0.3500000000         1.0882000626       214.0686143556      -186.8267307005 
        2.1950000000        -0.3500000000         1.0983958685       213.5181149698      -171.6091098892 
        2.2000001000        -0.3500000000         1.0805532081       211.8666168126      -198.2399463090 
        2.2050000000        -0.3500000000         1.0754553052       210.5821182458      -205.8487567147 
        2.2100001000        -0.3500000000         1.0882000626       209.8481190648      -186.8267307005 
        2.2150001000        -0.3500000000         1.0907490141       209.6646192696      -183.0223254977 
        2.2200029000        -0.3500000000         1.0907490141       208.7471202933      -183.0223254977 
        2.2250001000        -0.3500000000         1.1009448200       208.3801207028      -167.8047046864 
        2.2300000000        -0.3500000000         1.1060427230       207.0956221361      -160.1958942807 
        2.2350001000        -0.3500000000         1.0958469171       206.1781231599      -175.4135150921 
        2.2400000000        -0.3500000000         1.0882000626       204.7101247979      -186.8267307005 
        2.2450001000        -0.3500000000         1.1009448200       204.8936245931      -167.8047046864 
        2.2500000000        -0.3500000000         1.0907490141       203.7926258216      -183.0223254977 
        2.2550066000        -0.3500000000         1.1009448200       203.0586266406      -167.8047046864 
        2.2600001000        -0.3500000000         1.0932979656       201.7741280739      -179.2179202949 
        2.2650001000        -0.3500000000         1.0882000626       200.4896295072      -186.8267307005 
        2.2700001000        -0.3500000000         1.0831021596       199.5721305309      -194.4355411062 
        2.2750000000        -0.3500000000         1.0907490141       199.2051309404      -183.0223254977 
        2.2800001000        -0.3500000000         1.0983958685       198.8381313499      -171.6091098892 
        2.2850001000        -0.3500000000         1.0907490141       197.3701329879      -183.0223254977 
        2.2900001000        -0.3500000000         1.0983958685       197.0031333974      -171.6091098892 
        2.2950000000        -0.3500000000         1.1009448200       196.0856344212      -167.8047046864 
        2.3000000000        -0.3500000000         1.0856511111       194.4341362640      -190.6311359034 
        2.3050001000        -0.3500000000         1.0932979656       193.8836368782      -179.2179202949 
        2.3100000000        -0.3500000000         1.1009448200       193.7001370830      -167.8047046864 
        2.3150001000        -0.3500000000         1.0932979656       192.2321387210      -179.2179202949 
        2.3200000000        -0.3500000000         1.0907490141       191.4981395400      -183.0223254977 
        2.3250001000        -0.3500000000         1.0932979656       189.8466413827      -179.2179202949 
        2.3300000000        -0.3500000000         1.0805532081       189.4796417923      -198.2399463090 
        2.3350001000        -0.3500000000         1.1009448200       189.2961419970      -167.8047046864 
        2.3400001000        -0.3500000000         1.0932979656       188.0116434303      -179.2179202949 
        2.3450000000        -0.3500000000         1.1009448200       187.4611440445      -167.8047046864 
        2.3500037000        -0.3500000000         1.1009448200       186.7271448635      -167.8047046864 
        2.3550000000        -0.3500000000         1.0932979656       185.6261460920      -179.2179202949 
        2.3600043000        -0.3500000000         1.0958469171       184.3416475253      -175.4135150921 
        2.3650000000        -0.3500000000         1.1009448200       183.9746479348      -167.8047046864 
        2.3700001000        -0.3500000000         1.0932979656       182.8736491633      -179.2179202949 
        2.3750032000        -0.3500000000         1.0882000626       181.4056508013      -186.8267307005 
        2.3800001000        -0.3500000000         1.0932979656       181.0386512108      -179.2179202949 
        2.3850001000        -0.3500000000         1.0932979656       179.9376524393      -179.2179202949 
        2.3900001000        -0.3500000000         1.0907490141       179.7541526441      -183.0223254977 
        2.3950001000        -0.3500000000         1.1009448200       178.8366536678      -167.8047046864 
        2.4000017000        -0.3500000000         1.0983958685       177.9191546916      -171.6091098892 
        2.4050001000        -0.3500000000         1.0958469171       176.8181559201      -175.4135150921 
        2.4100001000        -0.3500000000         1.0958469171       176.2676565344      -175.4135150921 
        2.4150027000        -0.3500000000         1.0932979656       174.7996581724      -179.2179202949 
        2.4200000000        -0.3500000000         1.0983958685       174.0656589914      -171.6091098892 
        2.4250059000        -0.3500000000         1.0882000626       172.7811604246      -186.8267307005 
        2.4300001000        -0.3500000000         1.0780042567       172.0471612436      -202.0443515119 
        2.4350000000        -0.3500000000         1.0958469171       171.4966618579      -175.4135150921 
        2.4400001000        -0.3500000000         1.0932979656       170.2121632912      -179.2179202949 
        2.4450000000        -0.3500000000         1.0882000626       169.2946643149      -186.8267307005 
        2.4500001000        -0.3500000000         1.1009448200       169.2946643149      -167.8047046864 
        2.4550000000        -0.3500000000         1.0882000626       167.2761665672      -186.8267307005 
        2.4600035000        -0.3500000000         1.0856511111       166.5421673862      -190.6311359034 
        2.4650001000        -0.3500000000         1.0882000626       166.1751677957      -186.8267307005 
        2.4700066000        -0.3500000000         1.0907490141       165.2576688194      -183.0223254977 
        2.4750001000        -0.3500000000         1.0983958685       164.8906692290      -171.6091098892 
        2.4800000000        -0.3500000000         1.0932979656       163.7896704575      -179.2179202949 
        2.4850001000        -0.3500000000         1.0983958685       163.0556712765      -171.6091098892 
        2.4900014000        -0.3500000000         1.0983958685       162.3216720955      -171.6091098892 
        2.4950001000        -0.3500000000         1.0932979656       160.8536737335      -179.2179202949 
        2.5000000000        -0.3500000000         1.0907490141       159.9361747572      -183.0223254977 
        2.5050001000        -0.3500000000         1.0882000626       158.6516761905      -186.8267307005 
        2.5100044000        -0.3500000000         1.0932979656       158.2846766000      -179.2179202949 
        2.5150001000        -0.3500000000         1.0856511111       156.8166782380      -190.6311359034 
        2.5200074000        -0.3500000000         1.0856511111       156.0826790570      -190.6311359034 
        2.5250000000        -0.3500000000         1.0983958685       156.0826790570      -171.6091098892 
        2.5300001000        -0.3500000000         1.0907490141       154.6146806950      -183.0223254977 
        2.5350001000        -0.3500000000         1.1009448200       154.4311808998      -167.8047046864 
        2.5400001000        -0.3500000000         1.1009448200       153.6971817188      -167.8047046864 
        2.5450000000        -0.3500000000         1.1009448200       152.2291833568      -167.8047046864 
        2.5500000000        -0.3500000000         1.0932979656       151.6786839711      -179.2179202949 
        2.5550001000        -0.3500000000         1.1009448200       150.7611849948      -167.8047046864 
        2.5600000000        -0.3500000000         1.0983958685       149.6601862233      -171.6091098892 
        2.5650043000        -0.3500000000         1.0856511111       148.1921878613      -190.6311359034 
        2.5700000000        -0.3500000000         1.0882000626       147.2746888851      -186.8267307005 
        2.5750001000        -0.3500000000         1.0932979656       146.9076892946      -179.2179202949 
        2.5800000000        -0.3500000000         1.0882000626       145.6231907279      -186.8267307005 
        2.5850001000        -0.3500000000         1.0882000626       145.0726913421      -186.8267307005 
        2.5900001000        -0.3500000000         1.0907490141       144.3386921611      -183.0223254977 
        2.5950000000        -0.3500000000         1.1009448200       143.7881927754      -167.8047046864 
        2.6000052000        -0.3500000000         1.1009448200       142.8706937991      -167.8047046864 
        2.6050014000        -0.3500000000         1.0983958685       141.5861952324      -171.6091098892 
        2.6100001000        -0.3500000000         1.0983958685       140.8521960514      -171.6091098892 
        2.6150035000        -0.3500000000         1.0882000626       139.7511972799      -186.8267307005 
        2.6200001000        -0.3500000000         1.0983958685       139.5676974847      -171.6091098892 
        2.6250000000        -0.3500000000         1.0958469171       138.2831989179      -175.4135150921 
        2.6300001000        -0.3500000000         1.0882000626       137.1822001464      -186.8267307005 
        2.6350001000        -0.3500000000         1.0907490141       135.8977015797      -183.0223254977 
        2.6400051000        -0.3500000000         1.0882000626       135.1637023987      -186.8267307005 
        2.6450001000        -0.3500000000         1.0932979656       134.7967028082      -179.2179202949 
        2.6500000000        -0.3500000000         1.0932979656       133.8792038320      -179.2179202949 
        2.6550001000        -0.3500000000         1.1060427230       133.5122042415      -160.1958942807 
        2.6600001000        -0.3500000000         1.0932979656       132.0442058795      -179.2179202949 
        2.6650001000        -0.3500000000         1.0882000626       130.7597073127      -186.8267307005 
        2.6700000000        -0.3500000000         1.0882000626       129.8422083365      -186.8267307005 
        2.6750064000        -0.3500000000         1.0882000626       128.7412095650      -186.8267307005 
        2.6800030000        -0.3500000000         1.0882000626       128.1907101792      -186.8267307005 
        2.6850000000        -0.3500000000         1.0932979656       128.1907101792      -179.2179202949 
        2.6900001000        -0.3500000000         1.1034937715       127.2732112030      -164.0002994836 
        2.6950000000        -0.3500000000         1.0958469171       125.4382132505      -175.4135150921 
        2.7000001000        -0.3500000000         1.0882000626       124.5207142743      -186.8267307005 
        2.7050012000        -0.3500000000         1.0932979656       123.6032152980      -179.2179202949 
        2.7100001000        -0.3500000000         1.0932979656       123.6032152980      -179.2179202949 
        2.7150001000        -0.3500000000         1.0882000626       122.1352169360      -186.8267307005 
        2.7200000000        -0.3500000000         1.0958469171       121.5847175503      -175.4135150921 
        2.7250001000        -0.3500000000         1.0932979656       120.8507183693      -179.2179202949 
        2.7300000000        -0.3500000000         1.1009448200       120.3002189836      -167.8047046864 
        2.7350021000        -0.3500000000         1.0932979656       119.0157204168      -179.2179202949 
        2.7400000000        -0.3500000000         1.1009448200       118.6487208263      -167.8047046864 
        2.7450001000        -0.3500000000         1.0932979656       117.3642222596      -179.2179202949 
        2.7500000000        -0.3500000000         1.0932979656       116.6302230786      -179.2179202949 
        2.7550046000        -0.3500000000         1.0958469171       115.7127241024      -175.4135150921 
        2.7600001000        -0.3500000000         1.1009448200       115.1622247166      -167.8047046864 
        2.7650001000        -0.3500000000         1.1009448200       114.2447257404      -167.8047046864 
        2.7700001000        -0.3500000000         1.1009448200       113.5107265594      -167.8047046864 
        2.7750000000        -0.3500000000         1.0882000626       111.6757286069      -186.8267307005 
        2.7800001000        -0.3500000000         1.1009448200       111.8592284021      -167.8047046864 
        2.7850001000        -0.3500000000         1.0907490141       110.0242304496      -183.0223254977 
        2.7900001000        -0.3500000000         1.0983958685       109.4737310639      -171.6091098892 
        2.7950000000        -0.3500000000         1.0958469171       108.5562320877      -175.4135150921 
        2.8000000000        -0.3500000000         1.1009448200       108.5562320877      -167.8047046864 
        2.8050001000        -0.3500000000         1.0932979656       107.0882337257      -179.2179202949 
        2.8100040000        -0.3500000000         1.0907490141       106.1707347494      -183.0223254977 
        2.8150001000        -0.3500000000         1.0882000626       104.8862361827      -186.8267307005 
        2.8200051000        -0.3500000000         1.0983958685       104.5192365922      -171.6091098892 
        2.8250001000        -0.3500000000         1.0932979656       103.4182378207      -179.2179202949 
        2.8300000000        -0.3500000000         1.0958469171       102.5007388445      -175.4135150921 
        2.8350001000        -0.3500000000         1.1009448200       102.5007388445      -167.8047046864 
        2.8400001000        -0.3500000000         1.1009448200       101.7667396635      -167.8047046864 
        2.8450000000        -0.3500000000         1.1009448200       101.0327404825      -167.8047046864 
        2.8500001000        -0.3500000000         1.1060427230        99.9317417110      -160.1958942807 
        2.8550000000        -0.3500000000         1.0983958685        98.8307429395      -171.6091098892 
        2.8600001000        -0.3500000000         1.0831021596        97.3627445775      -194.4355411062 
        2.8650000000        -0.3500000000         1.0856511111        96.4452456013      -190.6311359034 
        2.8700001000        -0.3500000000         1.0882000626        96.0782460108      -186.8267307005 
        2.8750000000        -0.3500000000         1.0958469171        95.1607470345      -175.4135150921 
        2.8800001000        -0.3500000000         1.0983958685        93.8762484678      -171.6091098892 
        2.8850043000        -0.3500000000         1.0958469171        93.3257490820      -175.4135150921 
        2.8900001000        -0.3500000000         1.0882000626        92.2247503105      -186.8267307005 
        2.8950001000        -0.3500000000         1.0856511111        91.3072513343      -190.6311359034 
        2.9000000000        -0.3500000000         1.0958469171        90.9402517438      -175.4135150921 
        2.9050001000        -0.3500000000         1.0983958685        90.2062525628      -171.6091098892 
        2.9100001000        -0.3500000000         1.0983958685        89.4722533818      -171.6091098892 
        2.9150001000        -0.3500000000         1.1009448200        88.9217539961      -167.8047046864 
        2.9200000000        -0.3500000000         1.0932979656        88.0042550198      -179.2179202949 
        2.9250000000        -0.3500000000         1.0907490141        86.9032562483      -183.0223254977 
        2.9300001000        -0.3500000000         1.0958469171        85.8022574768      -175.4135150921 
        2.9350000000        -0.3500000000         1.0882000626        84.5177589101      -186.8267307005 
        2.9400001000        -0.3500000000         1.0932979656        84.1507593196      -179.2179202949 
        2.9450000000        -0.3500000000         1.0907490141        82.8662607529      -183.0223254977 
        2.9500001000        -0.3500000000         1.0958469171        82.4992611624      -175.4135150921 
        2.9550000000        -0.3500000000         1.1009448200        82.1322615719      -167.8047046864 
        2.9600001000        -0.3500000000         1.0932979656        80.6642632099      -179.2179202949 
        2.9650001000        -0.3500000000         1.0907490141        79.9302640289      -183.0223254977 
        2.9700000000        -0.3500000000         1.0932979656        79.1962648479      -179.2179202949 
        2.9750001000        -0.3500000000         1.0932979656        78.0952660764      -179.2179202949 
        2.9800000000        -0.3500000000         1.0983958685        77.3612668954      -171.6091098892 
        2.9850001000        -0.3500000000         1.0983958685        77.1777671002      -171.6091098892 
        2.9900007000        -0.3500000000         1.1111406260        76.2602681239      -152.5870838751 
        2.9950001000        -0.3500000000         1.0983958685        75.1592693524      -171.6091098892 
        3.0000000000        -0.3500000000         1.0983958685        74.0582705809      -171.6091098892 
        3.0050001000        -0.3500000000         1.0983958685        72.7737720142      -171.6091098892 
        3.0100001000        -0.3500000000         1.0932979656        72.4067724237      -179.2179202949 
        3.0150001000        -0.3500000000         1.1009448200        72.0397728332      -167.8047046864 
        3.0200050000        -0.3500000000         1.0932979656        70.7552742665      -179.2179202949 
        3.0250000000        -0.3500000000         1.0882000626        69.2872759045      -186.8267307005 
        3.0300001000        -0.3500000000         1.0932979656        69.1037761092      -179.2179202949 
        3.0350001000        -0.3500000000         1.0932979656        68.0027773377      -179.2179202949 
        3.0400001000        -0.3500000000         1.0907490141        67.2687781567      -183.0223254977 
        3.0450000000        -0.3500000000         1.0856511111        66.3512791805      -190.6311359034 
        3.0500000000        -0.3500000000         1.0882000626        65.2502804090      -186.8267307005 
        3.0550001000        -0.3500000000         1.0958469171        64.8832808185      -175.4135150921 
        3.0600000000        -0.3500000000         1.1009448200        64.1492816375      -167.8047046864 
        3.0650001000        -0.3500000000         1.0907490141        62.6812832755      -183.0223254977 
        3.0700000000        -0.3500000000         1.0882000626        61.9472840945      -186.8267307005 
        3.0750001000        -0.3500000000         1.0856511111        61.0297851183      -190.6311359034 
        3.0800000000        -0.3500000000         1.0907490141        60.1122861421      -183.0223254977 
        3.0850001000        -0.3500000000         1.0831021596        58.8277875753      -194.4355411062 
        3.0900001000        -0.3500000000         1.0780042567        57.9102885991      -202.0443515119 
        3.0950000000        -0.3500000000         1.0856511111        56.9927896228      -190.6311359034 
        3.1000001000        -0.3500000000         1.0932979656        56.9927896228      -179.2179202949 
        3.1050000000        -0.3500000000         1.0958469171        55.7082910561      -175.4135150921 
        3.1100001000        -0.3500000000         1.0882000626        54.6072922846      -186.8267307005 
        3.1150000000        -0.3500000000         1.0805532081        53.1392939226      -198.2399463090 
        3.1200001000        -0.3500000000         1.0882000626        52.5887945369      -186.8267307005 
        3.1250000000        -0.3500000000         1.0907490141        52.0382951511      -183.0223254977 
        3.1300001000        -0.3500000000         1.0831021596        50.5702967891      -194.4355411062 
        3.1350001000        -0.3500000000         1.0882000626        49.8362976081      -186.8267307005 
        3.1400001000        -0.3500000000         1.0907490141        48.9187986319      -183.0223254977 
        3.1450001000        -0.3500000000         1.0780042567        47.6343000652      -202.0443515119 
        3.1500000000        -0.3500000000         1.0882000626        47.2673004747      -186.8267307005 
        3.1550001000        -0.3500000000         1.0831021596        45.7993021127      -194.4355411062 
        3.1600001000        -0.3500000000         1.0805532081        44.8818031364      -198.2399463090 
        3.1650001000        -0.3500000000         1.0932979656        44.3313037507      -179.2179202949 
        3.1700000000        -0.3500000000         1.0831021596        42.8633053887      -194.4355411062 
        3.1750000000        -0.3500000000         1.0882000626        42.8633053887      -186.8267307005 
        3.1800001000        -0.3500000000         1.0958469171        42.1293062077      -175.4135150921 
        3.1850000000        -0.3500000000         1.0907490141        40.4778080505      -183.0223254977 
        3.1900001000        -0.3500000000         1.0907490141        40.2943082552      -183.0223254977 
        3.1950000000        -0.3500000000         1.0958469171        39.1933094837      -175.4135150921 
        3.2000001000        -0.3500000000         1.0882000626        37.9088109170      -186.8267307005 
        3.2050000000        -0.3500000000         1.1009448200        37.5418113265      -167.8047046864 
        3.2100001000        -0.3500000000         1.0882000626        36.0738129645      -186.8267307005 
        3.2150001000        -0.3500000000         1.1009448200        35.7068133740      -167.8047046864 
        3.2200000000        -0.3500000000         1.0932979656        34.6058146025      -179.2179202949 
        3.2250001000        -0.3500000000         1.0856511111        33.3213160358      -190.6311359034 
        3.2300000000        -0.3500000000         1.0983958685        32.9543164453      -171.6091098892 
        3.2350001000        -0.3500000000         1.0932979656        32.0368174690      -179.2179202949 
        3.2400000000        -0.3500000000         1.0831021596        30.0183197213      -194.4355411062 
        3.2450001000        -0.3500000000         1.0831021596        29.2843205403      -194.4355411062 
        3.2500000000        -0.3500000000         1.0780042567        28.5503213593      -202.0443515119 
        3.2550001000        -0.3500000000         1.0831021596        28.1833217688      -194.4355411062 
        3.2600001000        -0.3500000000         1.0856511111        26.7153234068      -190.6311359034 
        3.2650001000        -0.3500000000         1.0831021596        25.4308248401      -194.4355411062 
        3.2700001000        -0.3500000000         1.0831021596        25.0638252496      -194.4355411062 
        3.2750000000        -0.3500000000         1.0703574022        23.7793266828      -213.4575671203 
        3.2800001000        -0.3500000000         1.0882000626        23.2288272971      -186.8267307005 
        3.2850001000        -0.3500000000         1.0882000626        22.1278285256      -186.8267307005 
        3.2900001000        -0.3500000000         1.0907490141        21.2103295494      -183.0223254977 
        3.2950000000        -0.3500000000         1.0831021596        19.9258309826      -194.4355411062 
        3.3000000000        -0.3500000000         1.0856511111        19.5588313921      -190.6311359034 
        3.3050001000        -0.3500000000         1.0907490141        19.0083320064      -183.0223254977 
        3.3100000000        -0.3500000000         1.0780042567        17.1733340539      -202.0443515119 
        3.3150001000        -0.3500000000         1.0983958685        17.1733340539      -171.6091098892 
        3.3200000000        -0.3500000000         1.0932979656        16.0723352824      -179.2179202949 
        3.3250001000        -0.3500000000         1.0932979656        14.7878367157      -179.2179202949 
        3.3300000000        -0.3500000000         1.0882000626        13.6868379442      -186.8267307005 
        3.3350001000        -0.3500000000         1.0856511111        12.9528387632      -190.6311359034 
        3.3400001000        -0.3500000000         1.0754553052        11.8518399917      -205.8487567147 
        3.3450000000        -0.3500000000         1.0882000626        10.9343410155      -186.8267307005 
        3.3500001000        -0.3500000000         1.0856511111         9.4663426535      -190.6311359034 
        3.3550000000        -0.3500000000         1.0932979656         9.0993430630      -179.2179202949 
        3.3600001000        -0.3500000000         1.0831021596         7.9983442915      -194.4355411062 
        3.3650000000        -0.3500000000         1.0805532081         7.0808453152      -198.2399463090 
        3.3700001000        -0.3500000000         1.0882000626         6.1633463390      -186.8267307005 
        3.3750000000        -0.3500000000         1.0780042567         4.8788477723      -202.0443515119 
        3.3800001000        -0.3500000000         1.0856511111         4.1448485913      -190.6311359034 
        3.3850001000        -0.3500000000         1.0932979656         3.2273496150      -179.2179202949 
        3.3900001000        -0.3500000000         1.0856511111         2.4933504340      -190.6311359034 
        3.3950001000        -0.3500000000         1.0805532081         1.0253520720      -198.2399463090 
        3.4000000000        -0.3500000000         1.0856511111         0.8418522768      -190.6311359034 
        3.4050001000        -0.3500000000         1.0780042567        -0.6261460852      -202.0443515119 
        3.4100001000        -0.3500000000         1.0754553052        -0.4426462900      -205.8487567147 
        3.4150001000        -0.3500000000         1.0958469171         0.6583524815      -175.4135150921 
        3.4200000000        -0.3500000000         1.0882000626         0.1078530958      -186.8267307005 
        3.4250000000        -0.3500000000         1.0882000626         0.1078530958      -186.8267307005 
        3.4300001000        -0.3500000000         1.0983958685         0.6583524815      -171.6091098892 
        3.4350000000        -0.3500000000         1.0882000626         0.1078530958      -186.8267307005 
        3.4400001000        -0.3500000000         1.0831021596        -0.0756466995      -194.4355411062 
        3.4450000000        -0.3500000000         1.0831021596        -0.0756466995      -194.4355411062 
        3.4500001000        -0.3500000000         1.0958469171         1.5758514578      -175.4135150921 
        3.4550000000        -0.3500000000         1.0856511111        79.5632644384      -190.6311359034 
        3.4600001000        -0.3500000000         1.0958469171        80.1137638241      -175.4135150921 
        3.4650001000        -0.3500000000         1.0882000626        79.9302640289      -186.8267307005 
        3.4700000000        -0.3500000000         1.0983958685        79.9302640289      -171.6091098892 
        3.4750001000        -0.3500000000         1.0856511111       358.8499528066      -190.6311359034 
        3.4800000000        -0.3500000000         1.0805532081       359.4004521924      -198.2399463090 
        3.4850001000        -0.3500000000         1.0882000626       359.9509515781      -186.8267307005 
        3.4900000000        -0.3500000000         1.0882000626       359.9509515781      -186.8267307005 
        3.4950001000        -0.3500000000         1.0882000626       359.9509515781      -186.8267307005 
        3.5000000000        -0.3500000000         1.0882000626       359.4004521924      -186.8267307005 
        3.5050001000        -0.3500000000         1.0907490141       359.7674517829      -183.0223254977 
        3.5100001000        -0.3500000000         1.0932979656       360.1344513734      -179.2179202949 
        3.5150001000        -0.3500000000         1.0932979656       360.3179511686      -179.2179202949 
        3.5200001000        -0.3500000000         1.0907490141       360.5014509639      -183.0223254977 
        3.5250000000        -0.3500000000         1.0907490141       359.4004521924      -183.0223254977 
        3.5300001000        -0.3500000000         1.0856511111       357.9324538304      -190.6311359034 
        3.5350001000        -0.3500000000         1.1009448200       358.1159536256      -167.8047046864 
        3.5400001000        -0.3500000000         1.0932979656       356.6479552636      -179.2179202949 
        3.5450000000        -0.3500000000         1.0907490141       355.1799569017      -183.0223254977 
        3.5500000000        -0.3500000000         1.0882000626       354.6294575159      -186.8267307005 
        3.5550001000        -0.3500000000         1.0831021596       353.3449589492      -194.4355411062 
        3.5600000000        -0.3500000000         1.0882000626       352.7944595634      -186.8267307005 
        3.5650001000        -0.3500000000         1.0882000626       351.5099609967      -186.8267307005 
        3.5700000000        -0.3500000000         1.0831021596       350.5924620204      -194.4355411062 
        3.5750001000        -0.3500000000         1.0907490141       350.2254624299      -183.0223254977 
        3.5800000000        -0.3500000000         1.0856511111       349.1244636585      -190.6311359034 
        3.5850001000        -0.3500000000         1.0856511111       348.5739642727      -190.6311359034 
        3.5900001000        -0.3500000000         1.0907490141       347.6564652965      -183.0223254977 
        3.5950000000        -0.3500000000         1.0856511111       346.1884669345      -190.6311359034 
        3.6000001000        -0.3500000000         1.0907490141       345.6379675487      -183.0223254977 
        3.6050000000        -0.3500000000         1.0907490141       344.1699691867      -183.0223254977 
        3.6100001000        -0.3500000000         1.0932979656       343.8029695962      -179.2179202949 
        3.6150000000        -0.3500000000         1.0907490141       342.1514714390      -183.0223254977 
        3.6200001000        -0.3500000000         1.0882000626       341.2339724628      -186.8267307005 
        3.6250187000        -0.3500000000         1.0780042567       339.9494738960      -202.0443515119 
        3.6300001000        -0.3500000000         1.0932979656       339.7659741008      -179.2179202949 
        3.6350001000        -0.3500000000         1.0856511111       338.4814755340      -190.6311359034 
        3.6400001000        -0.3500000000         1.0805532081       337.1969769673      -198.2399463090 
        3.6450001000        -0.3500000000         1.0805532081       336.4629777863      -198.2399463090 
        3.6500000000        -0.3500000000         1.0856511111       334.9949794243      -190.6311359034 
        3.6550001000        -0.3500000000         1.0882000626       333.8939806528      -186.8267307005 
        3.6600001000        -0.3500000000         1.0907490141       333.5269810623      -183.0223254977 
        3.6650001000        -0.3500000000         1.0983958685       333.3434812671      -171.6091098892 
        3.6700000000        -0.3500000000         1.0932979656       331.8754829051      -179.2179202949 
        3.6750000000        -0.3500000000         1.0882000626       330.7744841336      -186.8267307005 
        3.6800020000        -0.3500000000         1.0983958685       330.0404849526      -171.6091098892 
        3.6850023000        -0.3500000000         1.0805532081       329.1229859764      -198.2399463090 
        3.6900001000        -0.3500000000         1.0958469171       328.7559863859      -175.4135150921 
        3.6950000000        -0.3500000000         1.0932979656       327.1044882286      -179.2179202949 
        3.7000001000        -0.3500000000         1.0780042567       325.8199896619      -202.0443515119 
        3.7050000000        -0.3500000000         1.0882000626       325.2694902761      -186.8267307005 
        3.7100001000        -0.3500000000         1.0831021596       323.9849917094      -194.4355411062 
        3.7150001000        -0.3500000000         1.0907490141       322.8839929379      -183.0223254977 
        3.7200016000        -0.3500000000         1.0882000626       322.3334935522      -186.8267307005 
        3.7250001000        -0.3500000000         1.0831021596       321.4159945759      -194.4355411062 
        3.7300000000        -0.3500000000         1.0856511111       320.6819953949      -190.6311359034 
        3.7350001000        -0.3500000000         1.0932979656       319.7644964187      -179.2179202949 
        3.7400000000        -0.3500000000         1.0805532081       318.8469974424      -198.2399463090 
        3.7450001000        -0.3500000000         1.0780042567       317.0119994900      -202.0443515119 
        3.7500000000        -0.3500000000         1.0805532081       316.4615001042      -198.2399463090 
        3.7550001000        -0.3500000000         1.0831021596       315.7275009232      -194.4355411062 
        3.7600001000        -0.3500000000         1.0932979656       315.5440011280      -179.2179202949 
        3.7650001000        -0.3500000000         1.0932979656       314.6265021517      -179.2179202949 
        3.7700001000        -0.3500000000         1.0932979656       313.7090031755      -179.2179202949 
        3.7750000000        -0.3500000000         1.0932979656       312.2410048135      -179.2179202949 
        3.7800001000        -0.3500000000         1.0907490141       310.9565062468      -183.0223254977 
        3.7850001000        -0.3500000000         1.0907490141       310.4060068610      -183.0223254977 
        3.7900001000        -0.3500000000         1.0882000626       309.4885078848      -186.8267307005 
        3.7950008000        -0.3500000000         1.0907490141       309.1215082943      -183.0223254977 
        3.8000000000        -0.3500000000         1.0882000626       307.4700101370      -186.8267307005 
        3.8050001000        -0.3500000000         1.0882000626       306.5525111608      -186.8267307005 
        3.8100000000        -0.3500000000         1.0958469171       306.1855115703      -175.4135150921 
        3.8150001000        -0.3500000000         1.0882000626       304.7175132083      -186.8267307005 
        3.8200000000        -0.3500000000         1.0907490141       303.9835140273      -183.0223254977 
        3.8250001000        -0.3500000000         1.0983958685       303.0660150511      -171.6091098892 
        3.8300000000        -0.3500000000         1.0932979656       301.4145168938      -179.2179202949 
        3.8350001000        -0.3500000000         1.0882000626       301.2310170986      -186.8267307005 
        3.8400001000        -0.3500000000         1.0856511111       299.7630187366      -190.6311359034 
        3.8450000000        -0.3500000000         1.0932979656       299.3960191461      -179.2179202949 
        3.8500001000        -0.3500000000         1.0882000626       298.6620199651      -186.8267307005 
        3.8550000000        -0.3500000000         1.0907490141       297.5610211936      -183.0223254977 
        3.8600001000        -0.3500000000         1.0958469171       297.0105218079      -175.4135150921 
        3.8650000000        -0.3500000000         1.0983958685       296.2765226269      -171.6091098892 
        3.8700001000        -0.3500000000         1.0856511111       295.3590236506      -190.6311359034 
        3.8750000000        -0.3500000000         1.0907490141       293.7075254934      -183.0223254977 
        3.8800001000        -0.3500000000         1.0958469171       292.9735263124      -175.4135150921 
        3.8850001000        -0.3500000000         1.0882000626       292.0560273362      -186.8267307005 
        3.8900001000        -0.3500000000         1.0882000626       290.7715287694      -186.8267307005 
        3.8950001000        -0.3500000000         1.0932979656       290.2210293837      -179.2179202949 
        3.9000000000        -0.3500000000         1.0958469171       289.3035304074      -175.4135150921 
        3.9050001000        -0.3500000000         1.0907490141       288.5695312264      -183.0223254977 
        3.9100001000        -0.3500000000         1.0932979656       287.4685324550      -179.2179202949 
        3.9150001000        -0.3500000000         1.0907490141       286.3675336835      -183.0223254977 
        3.9200000000        -0.3500000000         1.0856511111       285.4500347072      -190.6311359034 
        3.9250000000        -0.3500000000         1.1009448200       285.4500347072      -167.8047046864 
        3.9300001000        -0.3500000000         1.0932979656       284.1655361405      -179.2179202949 
        3.9350000000        -0.3500000000         1.0805532081       282.5140379832      -198.2399463090 
        3.9400001000        -0.3500000000         1.0907490141       282.3305381880      -183.0223254977 
        3.9450000000        -0.3500000000         1.0932979656       281.4130392118      -179.2179202949 
        3.9500001000        -0.3500000000         1.0983958685       280.6790400308      -171.6091098892 
        3.9550000000        -0.3500000000         1.0958469171       279.9450408498      -175.4135150921 
        3.9600001000        -0.3500000000         1.0882000626       278.1100428973      -186.8267307005 
        3.9650001000        -0.3500000000         1.0907490141       277.9265431020      -183.0223254977 
        3.9700001000        -0.3500000000         1.1034937715       277.3760437163      -164.0002994836 
        3.9750001000        -0.3500000000         1.1009448200       276.6420445353      -167.8047046864 
        3.9800000000        -0.3500000000         1.1085916745       275.9080453543      -156.3914890779 
        3.9850001000        -0.3500000000         1.1060427230       274.9905463781      -160.1958942807 
        3.9900000000        -0.3500000000         1.0983958685       273.7060478113      -171.6091098892 
        3.9950001000        -0.3500000000         1.0983958685       272.7885488351      -171.6091098892 
