           Time[sec]           V_{cmd}[V]          V_{gyro}[V]          \theta[deg] \omega_{gyro}[deg/sec] 
        0.0000000000         0.8700000000         1.2105497339       103.0512382302        -3.8652756861 
        0.0050000000         0.8700000000         1.2054518309       103.4182378207       -11.4740860917 
        0.0100001000         0.8700000000         1.2080007824       102.6842386397        -7.6696808889 
        0.0150000000         0.8700000000         1.0372210329       102.1337392540      -262.5648294785 
        0.0200000000         0.8700000000         0.8817349922       100.1152415062      -494.6335468511 
        0.0250001000         0.8700000000         0.9403608764        98.4637433490      -407.1322271860 
        0.0300001000         0.8700000000         0.8766370893        96.6287453965      -502.2423572567 
        0.0350000000         0.8700000000         0.8052664477        93.1422492868      -608.7657029359 
        0.0400000000         0.8700000000         0.8103643506        90.0227527676      -601.1568925303 
        0.0450001000         0.8700000000         0.7721300783        87.2702558388      -658.2229705727 
        0.0500000000         0.8700000000         0.7415426605        83.9672595244      -703.8758330067 
        0.0550000000         0.8700000000         0.7186020971        79.9302640289      -738.1154798321 
        0.0600001000         0.8700000000         0.7211510486        77.5447666907      -734.3110746293 
        0.0650001000         0.8700000000         0.6854657278        73.3242713999      -787.5727474689 
        0.0700000000         0.8700000000         0.6778188734        69.4707756997      -798.9859630774 
        0.0750000000         0.8700000000         0.6803678249        65.4337802043      -795.1815578746 
        0.0800001000         0.8700000000         0.6625251645        61.7637842993      -821.8123942944 
        0.0850001000         0.8700000000         0.6472314555        56.9927896228      -844.6388255113 
        0.0900000000         0.8700000000         0.6293887951        52.9557941274      -871.2696619311 
        0.0950000000         0.8700000000         0.6115461347        48.5517990414      -897.9004983510 
        0.1000001000         0.8700000000         0.6268398436        44.3313037507      -875.0740671340 
        0.1050000000         0.8700000000         0.6013503288        39.5603090742      -913.1181191623 
        0.1100000000         0.8700000000         0.5962524258        35.7068133740      -920.7269295679 
        0.1150001000         0.8700000000         0.5886055714        31.1193184928      -932.1401451764 
        0.1200018000         0.8700000000         0.5784097654        25.6143246353      -947.3577659877 
        0.1250000000         0.8700000000         0.5707629110        21.2103295494      -958.7709815962 
        0.1300000000         0.8700000000         0.5580181535        16.0723352824      -977.7930076104 
        0.1350001000         0.8700000000         0.5605671050        11.3013406059      -973.9886024075 
        0.1400000000         0.8700000000         0.5631160565         6.7138457247      -970.1841972047 
        0.1450000000         0.8700000000         0.5427244446         1.2088518673     -1000.6194388273 
        0.1500001000         0.8700000000         0.5427244446         0.1078530958     -1000.6194388273 
        0.1550001000         0.8700000000         0.5427244446         0.6583524815     -1000.6194388273 
        0.1600000000         0.8700000000         0.5376265416       359.9509515781     -1008.2282492330 
        0.1650000000         0.8700000000         0.5452733961       359.9509515781      -996.8150336245 
        0.1700001000         0.8700000000         0.5223328327       358.4829532161     -1031.0546804500 
        0.1750000000         0.8700000000         0.5172349298       352.7944595634     -1038.6634908556 
        0.1800001000         0.8700000000         0.5146859783       347.1059659107     -1042.4678960585 
        0.1850001000         0.8700000000         0.5095880753       341.7844718485     -1050.0767064641 
        0.1900001000         0.8700000000         0.4993922694       336.6464775816     -1065.2943272754 
        0.1950000000         0.8700000000         0.5019412208       330.7744841336     -1061.4899220726 
        0.2000000000         0.8700000000         0.5070391238       325.8199896619     -1053.8811116670 
        0.2050001000         0.8700000000         0.4790006575       320.1314960092     -1095.7295688981 
        0.2100001000         0.8700000000         0.4942943664       315.7275009232     -1072.9031376811 
        0.2150000000         0.8700000000         0.4891964634       310.0390072705     -1080.5119480868 
        0.2200000000         0.8700000000         0.5044901723       304.9010130036     -1057.6855168698 
        0.2250001000         0.8700000000         0.4815496090       298.6620199651     -1091.9251636952 
        0.2300000000         0.8700000000         0.4739027545       293.5240256982     -1103.3383793037 
        0.2350000000         0.8700000000         0.4688048515       287.6520322502     -1110.9471897094 
        0.2400001000         0.8700000000         0.4790006575       281.9635385975     -1095.7295688981 
        0.2450001000         0.8700000000         0.4662559000       277.0090441258     -1114.7515949122 
        0.2500000000         0.8700000000         0.4790006575       272.2380494493     -1095.7295688981 
        0.2550000000         0.8700000000         0.4688048515       266.1825562061     -1110.9471897094 
        0.2600001000         0.8700000000         0.4586090456       260.3105627582     -1126.1648105207 
        0.2650000000         0.8700000000         0.4611579971       254.9890686960     -1122.3604053179 
        0.2700000000         0.8700000000         0.4586090456       249.3005750433     -1126.1648105207 
        0.2750001000         0.8700000000         0.4739027545       244.3460805716     -1103.3383793037 
        0.2800001000         0.8700000000         0.4586090456       238.6575869189     -1126.1648105207 
        0.2850000000         0.8700000000         0.4586090456       232.6020936757     -1126.1648105207 
        0.2900001000         0.8700000000         0.4535111426       226.9136000229     -1133.7736209264 
        0.2950001000         0.8700000000         0.4611579971       221.7756057560     -1122.3604053179 
        0.3000000000         0.8700000000         0.4356684822       215.1696131270     -1160.4044573462 
        0.3050000000         0.8700000000         0.4407663852       210.2151186553     -1152.7956469405 
        0.3100001000         0.8700000000         0.4560600941       204.5266250026     -1129.9692157235 
        0.3150001000         0.8700000000         0.4356684822       198.2876319642     -1160.4044573462 
        0.3200000000         0.8700000000         0.4382174337       193.5166372877     -1156.6000521433 
        0.3250000000         0.8700000000         0.4382174337       187.4611440445     -1156.6000521433 
        0.3300001000         0.8700000000         0.4458642882       181.5891505966     -1145.1868365349 
        0.3350001000         0.8700000000         0.4254726763       175.5336573534     -1175.6220781575 
        0.3400000000         0.8700000000         0.4407663852       170.2121632912     -1152.7956469405 
        0.3450000000         0.8700000000         0.4484132396       164.3401698432     -1141.3824313320 
        0.3500001000         0.8700000000         0.4382174337       158.4681763953     -1156.6000521433 
        0.3550001000         0.8700000000         0.4178258218       152.7796827425     -1187.0352937660 
        0.3600002000         0.8700000000         0.4305705792       146.1736901136     -1168.0132677518 
        0.3650001000         0.8700000000         0.4407663852       140.6686962561     -1152.7956469405 
        0.3700047000         0.8700000000         0.4203747733       134.2462034225     -1183.2308885631 
        0.3750000000         0.8700000000         0.4152768703       128.9247093602     -1190.8396989688 
        0.3800000000         0.8700000000         0.4280216278       123.6032152980     -1171.8176729547 
        0.3850001000         0.8700000000         0.4356684822       117.1807224643     -1160.4044573462 
        0.3900000000         0.8700000000         0.4178258218       111.3087290164     -1187.0352937660 
        0.3950000000         0.8700000000         0.4229237248       105.6202353637     -1179.4264833603 
        0.4000001000         0.8700000000         0.4280216278        99.7482419157     -1171.8176729547 
        0.4050001000         0.8700000000         0.4305705792        94.2432480583     -1168.0132677518 
        0.4100000000         0.8700000000         0.4280216278        88.7382542008     -1171.8176729547 
        0.4150001000         0.8700000000         0.4178258218        82.3157613671     -1187.0352937660 
        0.4200001000         0.8700000000         0.4254726763        76.9942673049     -1175.6220781575 
        0.4250000000         0.8700000000         0.4152768703        71.3057736522     -1190.8396989688 
        0.4300000000         0.8700000000         0.4178258218        65.8007797948     -1187.0352937660 
        0.4350016000         0.8700000000         0.4203747733        60.1122861421     -1183.2308885631 
        0.4400001000         0.8700000000         0.4178258218        53.6897933084     -1187.0352937660 
        0.4450000000         0.8700000000         0.4127279188        47.8177998604     -1194.6441041716 
        0.4500000000         0.8700000000         0.4203747733        41.7623066172     -1183.2308885631 
        0.4550001000         0.8700000000         0.4229237248        36.4408125550     -1179.4264833603 
        0.4600001000         0.8700000000         0.3974342099        29.8348199260     -1217.4705353886 
        0.4650000000         0.8700000000         0.4254726763        24.3298260686     -1175.6220781575 
        0.4700000000         0.8700000000         0.4152768703        18.0908330301     -1190.8396989688 
        0.4750001000         0.8700000000         0.3897873555        11.4848404012     -1228.8837509971 
        0.4800001000         0.8700000000         0.4076300159         5.2458473627     -1202.2529145773 
        0.4850000000         0.8700000000         0.4280216278         0.4748526863     -1171.8176729547 
        0.4900001000         0.8700000000         0.4254726763        -0.0756466995     -1175.6220781575 
        0.4950001000         0.8700000000         0.3923363069        79.5632644384     -1225.0793457943 
        0.5000000000         0.8700000000         0.4127279188       359.4004521924     -1194.6441041716 
        0.5050000000         0.8700000000         0.4101789673       358.1159536256     -1198.4485093745 
        0.5100001000         0.8700000000         0.4127279188       352.2439601777     -1194.6441041716 
        0.5150000000         0.8700000000         0.4203747733       346.1884669345     -1183.2308885631 
        0.5200029000         0.8700000000         0.3846894525       338.8484751245     -1236.4925614028 
        0.5250001000         0.8700000000         0.3999831614       333.1599814718     -1213.6661301858 
        0.5300001000         0.8700000000         0.4127279188       326.9209884334     -1194.6441041716 
        0.5350000000         0.8700000000         0.4178258218       320.6819953949     -1187.0352937660 
        0.5400000000         0.8700000000         0.3846894525       315.1770015375     -1236.4925614028 
        0.5450001000         0.8700000000         0.4025321129       308.9380084990     -1209.8617249829 
        0.5500000000         0.8700000000         0.4178258218       303.0660150511     -1187.0352937660 
        0.5550000000         0.8700000000         0.4076300159       297.1940216031     -1202.2529145773 
        0.5600001000         0.8700000000         0.3974342099       291.1385283599     -1217.4705353886 
        0.5650001000         0.8700000000         0.4152768703       285.6335345025     -1190.8396989688 
        0.5700001000         0.8700000000         0.3846894525       278.8440420783     -1236.4925614028 
        0.5750049000         0.8700000000         0.3974342099       272.4215492446     -1217.4705353886 
        0.5800001000         0.8700000000         0.4178258218       267.1000551824     -1187.0352937660 
        0.5850001000         0.8700000000         0.3948852584       261.2280617344     -1221.2749405914 
        0.5900000000         0.8700000000         0.3974342099       254.8055689007     -1217.4705353886 
        0.5950000000         0.8700000000         0.4076300159       248.7500756575     -1202.2529145773 
        0.6000001000         0.8700000000         0.3974342099       242.5110826191     -1217.4705353886 
        0.6050000000         0.8700000000         0.3846894525       236.2720895806     -1236.4925614028 
        0.6100000000         0.8700000000         0.3948852584       230.2165963374     -1221.2749405914 
        0.6150001000         0.8700000000         0.3974342099       224.3446028895     -1217.4705353886 
        0.6200001000         0.8700000000         0.3923363069       218.1056098510     -1225.0793457943 
        0.6250000000         0.8700000000         0.4127279188       213.1511153793     -1194.6441041716 
        0.6300051000         0.8700000000         0.3999831614       206.1781231599     -1213.6661301858 
        0.6350001000         0.8700000000         0.3846894525       200.4896295072     -1236.4925614028 
        0.6400000000         0.8700000000         0.3923363069       194.6176360592     -1225.0793457943 
        0.6450000000         0.8700000000         0.4050810644       188.5621428160     -1206.0573197801 
        0.6500001000         0.8700000000         0.4050810644       182.3231497776     -1206.0573197801 
        0.6550001000         0.8700000000         0.3770425980       176.4511563296     -1247.9057770112 
        0.6600000000         0.8700000000         0.3974342099       170.2121632912     -1217.4705353886 
        0.6650000000         0.8700000000         0.4076300159       164.7071694337     -1202.2529145773 
        0.6700001000         0.8700000000         0.3923363069       157.9176770095     -1225.0793457943 
        0.6750000000         0.8700000000         0.3846894525       151.8621837663     -1236.4925614028 
        0.6800000000         0.8700000000         0.4025321129       145.9901903184     -1209.8617249829 
        0.6850001000         0.8700000000         0.3872384040       139.2006978942     -1232.6881561999 
        0.6900001000         0.8700000000         0.3897873555       133.5122042415     -1228.8837509971 
        0.6950001000         0.8700000000         0.4101789673       127.2732112030     -1198.4485093745 
        0.7000001000         0.8700000000         0.4101789673       120.8507183693     -1198.4485093745 
        0.7050001000         0.8700000000         0.3770425980       115.3457245119     -1247.9057770112 
        0.7100001000         0.8700000000         0.3923363069       109.2902312687     -1225.0793457943 
        0.7150000000         0.8700000000         0.4127279188       103.7852374112     -1194.6441041716 
        0.7200000000         0.8700000000         0.4076300159        97.5462443727     -1202.2529145773 
        0.7250001000         0.8700000000         0.3923363069        91.6742509248     -1225.0793457943 
        0.7300000000         0.8700000000         0.3872384040        85.4352578863     -1232.6881561999 
        0.7350000000         0.8700000000         0.4050810644        79.7467642336     -1206.0573197801 
        0.7400001000         0.8700000000         0.3999831614        74.0582705809     -1213.6661301858 
        0.7450001000         0.8700000000         0.3999831614        68.5532767235     -1213.6661301858 
        0.7500000000         0.8700000000         0.3846894525        62.1307838898     -1236.4925614028 
        0.7550000000         0.8700000000         0.3846894525        55.7082910561     -1236.4925614028 
        0.7600001000         0.8700000000         0.4050810644        49.8362976081     -1206.0573197801 
        0.7650000000         0.8700000000         0.4050810644        43.9643041602     -1206.0573197801 
        0.7700000000         0.8700000000         0.3974342099        38.0923107122     -1217.4705353886 
        0.7750031000         0.8700000000         0.3923363069        32.2203172643     -1225.0793457943 
        0.7800001000         0.8700000000         0.4127279188        26.1648240211     -1194.6441041716 
        0.7850000000         0.8700000000         0.4203747733        19.9258309826     -1183.2308885631 
        0.7900000000         0.8700000000         0.4152768703        13.6868379442     -1190.8396989688 
        0.7950008000         0.8700000000         0.3974342099         7.9983442915     -1217.4705353886 
        0.8000000000         0.8700000000         0.4025321129         1.9428510483     -1209.8617249829 
        0.8050000000         0.8700000000         0.4127279188         0.6583524815     -1194.6441041716 
        0.8100001000         0.8700000000         0.4101789673        79.5632644384     -1198.4485093745 
        0.8150001000         0.8700000000         0.3948852584       359.4004521924     -1221.2749405914 
        0.8200001000         0.8700000000         0.3795915495       358.6664530114     -1244.1013718084 
        0.8250001000         0.8700000000         0.4152768703       353.5284587444     -1190.8396989688 
        0.8300001000         0.8700000000         0.4203747733       346.7389663202     -1183.2308885631 
        0.8350001000         0.8700000000         0.3974342099       340.6834730770     -1217.4705353886 
        0.8400000000         0.8700000000         0.4050810644       334.4444800386     -1206.0573197801 
        0.8450000000         0.8700000000         0.4076300159       328.2054870001     -1202.2529145773 
        0.8500001000         0.8700000000         0.3923363069       321.5994943712     -1225.0793457943 
        0.8550000000         0.8700000000         0.4076300159       316.4615001042     -1202.2529145773 
        0.8600000000         0.8700000000         0.3974342099       309.6720076800     -1217.4705353886 
        0.8650001000         0.8700000000         0.3795915495       303.9835140273     -1244.1013718084 
        0.8700001000         0.8700000000         0.3948852584       297.7445209889     -1221.2749405914 
        0.8750000000         0.8700000000         0.4127279188       292.0560273362     -1194.6441041716 
        0.8800000000         0.8700000000         0.3872384040       285.8170342977     -1232.6881561999 
        0.8850001000         0.8700000000         0.3846894525       279.2110416688     -1236.4925614028 
        0.8900000000         0.8700000000         0.3999831614       274.0730474018     -1213.6661301858 
        0.8950000000         0.8700000000         0.4050810644       267.2835549776     -1206.0573197801 
        0.9000001000         0.8700000000         0.3948852584       261.2280617344     -1221.2749405914 
        0.9050001000         0.8700000000         0.3923363069       254.9890686960     -1225.0793457943 
        0.9100018000         0.8700000000         0.3923363069       248.7500756575     -1225.0793457943 
        0.9150000000         0.8700000000         0.3923363069       243.6120813906     -1225.0793457943 
        0.9200001000         0.8700000000         0.3999831614       236.6390891711     -1213.6661301858 
        0.9250000000         0.8700000000         0.4152768703       231.8680944947     -1190.8396989688 
        0.9300000000         0.8700000000         0.3872384040       225.4456016610     -1232.6881561999 
        0.9350001000         0.8700000000         0.3974342099       219.5736082130     -1217.4705353886 
        0.9400001000         0.8700000000         0.3999831614       213.1511153793     -1213.6661301858 
        0.9450001000         0.8700000000         0.3974342099       207.0956221361     -1217.4705353886 
        0.9500001000         0.8700000000         0.3795915495       201.5906282787     -1244.1013718084 
        0.9550001000         0.8700000000         0.3999831614       195.3516352402     -1213.6661301858 
        0.9600001000         0.8700000000         0.3948852584       188.7456426113     -1221.2749405914 
        0.9650000000         0.8700000000         0.3872384040       182.5066495728     -1232.6881561999 
        0.9700000000         0.8700000000         0.3948852584       176.4511563296     -1221.2749405914 
        0.9750024000         0.8700000000         0.3974342099       170.5791628817     -1217.4705353886 
        0.9800000000         0.8700000000         0.3897873555       164.7071694337     -1228.8837509971 
        0.9850006000         0.8700000000         0.3923363069       158.1011768048     -1225.0793457943 
        0.9900001000         0.8700000000         0.4025321129       151.6786839711     -1209.8617249829 
        0.9950001000         0.8700000000         0.3948852584       145.9901903184     -1221.2749405914 
        1.0000000000         0.8700000000         0.3923363069       140.3016966657     -1225.0793457943 
        1.0050000000         0.8700000000         0.3999831614       133.5122042415     -1213.6661301858 
        1.0100001000         0.8700000000         0.3974342099       127.0897114078     -1217.4705353886 
        1.0150000000         0.8700000000         0.3948852584       121.5847175503     -1221.2749405914 
        1.0200001000         0.8700000000         0.3821405010       114.9787249214     -1240.2969666056 
        1.0250001000         0.8700000000         0.4050810644       109.6572308591     -1206.0573197801 
        1.0300001000         0.8700000000         0.3948852584       103.2347380255     -1221.2749405914 
        1.0350000000         0.8700000000         0.3872384040        96.9957449870     -1232.6881561999 
        1.0400000000         0.8700000000         0.4050810644        91.3072513343     -1206.0573197801 
        1.0450001000         0.8700000000         0.3795915495        85.0682582958     -1244.1013718084 
        1.0500000000         0.8700000000         0.3872384040        79.7467642336     -1232.6881561999 
        1.0550000000         0.8700000000         0.3974342099        73.3242713999     -1217.4705353886 
        1.0600001000         0.8700000000         0.3897873555        67.2687781567     -1228.8837509971 
        1.0650001000         0.8700000000         0.3846894525        62.3142836850     -1236.4925614028 
        1.0700000000         0.8700000000         0.3897873555        54.9742918751     -1228.8837509971 
        1.0750000000         0.8700000000         0.3974342099        49.1022984271     -1217.4705353886 
        1.0800001000         0.8700000000         0.3974342099        43.2303049792     -1217.4705353886 
        1.0850001000         0.8700000000         0.3948852584        37.1748117360     -1221.2749405914 
        1.0900000000         0.8700000000         0.4076300159        31.4863180833     -1202.2529145773 
        1.0950000000         0.8700000000         0.3846894525        25.0638252496     -1236.4925614028 
        1.1000001000         0.8700000000         0.4025321129        19.5588313921     -1209.8617249829 
        1.1050075000         0.8700000000         0.4025321129        12.7693389679     -1209.8617249829 
        1.1100000000         0.8700000000         0.3923363069         7.0808453152     -1225.0793457943 
        1.1150001000         0.8700000000         0.3872384040         1.2088518673     -1232.6881561999 
        1.1200001000         0.8700000000         0.4178258218         0.6583524815     -1187.0352937660 
        1.1250000000         0.8700000000         0.4050810644        79.0127650526     -1206.0573197801 
        1.1300000000         0.8700000000         0.3897873555       359.9509515781     -1228.8837509971 
        1.1350001000         0.8700000000         0.4076300159       358.6664530114     -1202.2529145773 
        1.1400000000         0.8700000000         0.4101789673       352.7944595634     -1198.4485093745 
        1.1450001000         0.8700000000         0.3872384040       346.1884669345     -1232.6881561999 
        1.1500001000         0.8700000000         0.4050810644       339.5824743055     -1206.0573197801 
        1.1550001000         0.8700000000         0.4050810644       333.8939806528     -1206.0573197801 
        1.1600000000         0.8700000000         0.3948852584       328.0219872049     -1221.2749405914 
        1.1650331000         0.8700000000         0.3974342099       321.4159945759     -1217.4705353886 
        1.1700001000         0.8700000000         0.4050810644       314.8100019470     -1206.0573197801 
        1.1750000000         0.8700000000         0.3872384040       309.6720076800     -1232.6881561999 
        1.1800000000         0.8700000000         0.3872384040       303.0660150511     -1232.6881561999 
        1.1850001000         0.8700000000         0.3999831614       296.8270220126     -1213.6661301858 
        1.1900001000         0.8700000000         0.3999831614       291.3220281552     -1213.6661301858 
        1.1950000000         0.8700000000         0.3897873555       284.8995353215     -1228.8837509971 
        1.2000000000         0.8700000000         0.3948852584       278.2935426925     -1221.2749405914 
        1.2050001000         0.8700000000         0.4076300159       272.9720486303     -1202.2529145773 
        1.2100001000         0.8700000000         0.3693957436       266.1825562061     -1259.3189926197 
        1.2150000000         0.8700000000         0.3872384040       260.1270629629     -1232.6881561999 
        1.2200000000         0.8700000000         0.3974342099       254.0715697197     -1217.4705353886 
        1.2250001000         0.8700000000         0.3872384040       248.1995762718     -1232.6881561999 
        1.2300000000         0.8700000000         0.3795915495       242.1440830286     -1244.1013718084 
        1.2350000000         0.8700000000         0.4076300159       236.6390891711     -1202.2529145773 
        1.2400001000         0.8700000000         0.3999831614       230.0330965422     -1213.6661301858 
        1.2450001000         0.8700000000         0.3744936465       223.6106037085     -1251.7101822141 
        1.2500000000         0.8700000000         0.3948852584       217.9221100558     -1221.2749405914 
        1.2550000000         0.8700000000         0.3872384040       211.8666168126     -1232.6881561999 
        1.2600001000         0.8700000000         0.3923363069       205.9946233646     -1225.0793457943 
        1.2650000000         0.8700000000         0.3974342099       200.3061297119     -1217.4705353886 
        1.2700001000         0.8700000000         0.4025321129       193.8836368782     -1209.8617249829 
        1.2750001000         0.8700000000         0.3744936465       187.2776442493     -1251.7101822141 
        1.2800022000         0.8700000000         0.3923363069       181.9561501871     -1225.0793457943 
        1.2850000000         0.8700000000         0.3974342099       174.9831579676     -1217.4705353886 
        1.2900000000         0.8700000000         0.4127279188       169.8451637007     -1194.6441041716 
        1.2950001000         0.8700000000         0.3744936465       162.6886716860     -1251.7101822141 
        1.3000000000         0.8700000000         0.3999831614       157.0001780333     -1213.6661301858 
        1.3050000000         0.8700000000         0.4050810644       151.4951841758     -1206.0573197801 
        1.3100001000         0.8700000000         0.3795915495       144.5221919564     -1244.1013718084 
        1.3150001000         0.8700000000         0.3999831614       139.2006978942     -1213.6661301858 
        1.3200000000         0.8700000000         0.3948852584       132.0442058795     -1221.2749405914 
        1.3250000000         0.8700000000         0.3948852584       126.9062116125     -1221.2749405914 
        1.3300005000         0.8700000000         0.4025321129       120.3002189836     -1209.8617249829 
        1.3350001000         0.8700000000         0.3974342099       113.8777261499     -1217.4705353886 
        1.3400000000         0.8700000000         0.4076300159       108.9232316782     -1202.2529145773 
        1.3450000000         0.8700000000         0.3846894525       102.3172390492     -1236.4925614028 
        1.3500001000         0.8700000000         0.3974342099        96.4452456013     -1217.4705353886 
        1.3550000000         0.8700000000         0.4101789673        90.9402517438     -1198.4485093745 
        1.3600000000         0.8700000000         0.3999831614        85.0682582958     -1213.6661301858 
        1.3650001000         0.8700000000         0.4101789673        79.3797646431     -1198.4485093745 
        1.3700001000         0.8700000000         0.3948852584        72.9572718094     -1221.2749405914 
        1.3750000000         0.8700000000         0.3770425980        66.3512791805     -1247.9057770112 
        1.3800000000         0.8700000000         0.4050810644        61.3967847088     -1206.0573197801 
        1.3850001000         0.8700000000         0.4050810644        54.9742918751     -1206.0573197801 
        1.3900000000         0.8700000000         0.3923363069        48.5517990414     -1225.0793457943 
        1.3950001000         0.8700000000         0.3974342099        43.4138047744     -1217.4705353886 
        1.4000001000         0.8700000000         0.4152768703        37.3583115312     -1190.8396989688 
        1.4050001000         0.8700000000         0.3948852584        30.3853193118     -1221.2749405914 
        1.4100000000         0.8700000000         0.3872384040        25.2473250448     -1232.6881561999 
        1.4150000000         0.8700000000         0.4101789673        18.0908330301     -1198.4485093745 
        1.4200001000         0.8700000000         0.4076300159        12.5858391727     -1202.2529145773 
        1.4250000000         0.8700000000         0.3897873555         6.3468461342     -1228.8837509971 
        1.4300000000         0.8700000000         0.4076300159         0.1078530958     -1202.2529145773 
        1.4350001000         0.8700000000         0.4025321129         0.6583524815     -1209.8617249829 
        1.4400001000         0.8700000000         0.3948852584        79.7467642336     -1221.2749405914 
        1.4450000000         0.8700000000         0.4076300159       359.9509515781     -1202.2529145773 
        1.4500000000         0.8700000000         0.4127279188       358.4829532161     -1194.6441041716 
        1.4550001000         0.8700000000         0.3846894525       352.0604603824     -1236.4925614028 
        1.4600001000         0.8700000000         0.3948852584       345.2709679582     -1221.2749405914 
        1.4650000000         0.8700000000         0.3999831614       339.0319749198     -1213.6661301858 
        1.4700000000         0.8700000000         0.3974342099       333.1599814718     -1217.4705353886 
        1.4750001000         0.8700000000         0.3872384040       326.7374886381     -1232.6881561999 
        1.4800000000         0.8700000000         0.4076300159       320.6819953949     -1202.2529145773 
        1.4850000000         0.8700000000         0.3974342099       314.4430023565     -1217.4705353886 
        1.4900001000         0.8700000000         0.3846894525       308.0205095228     -1236.4925614028 
        1.4950001000         0.8700000000         0.3974342099       301.7815164843     -1217.4705353886 
        1.5000000000         0.8700000000         0.3872384040       296.2765226269     -1232.6881561999 
        1.5050000000         0.8700000000         0.3821405010       289.8540297932     -1240.2969666056 
        1.5100001000         0.8700000000         0.4025321129       284.5325357310     -1209.8617249829 
        1.5150000000         0.8700000000         0.3923363069       277.7430433068     -1225.0793457943 
        1.5200001000         0.8700000000         0.3846894525       272.0545496541     -1236.4925614028 
        1.5250001000         0.8700000000         0.3948852584       265.8155566156     -1221.2749405914 
        1.5300001000         0.8700000000         0.4025321129       259.7600633724     -1209.8617249829 
        1.5350000000         0.8700000000         0.3974342099       254.0715697197     -1217.4705353886 
        1.5400018000         0.8700000000         0.3923363069       246.9150777050     -1225.0793457943 
        1.5450001000         0.8700000000         0.3999831614       241.9605832333     -1213.6661301858 
        1.5500000000         0.8700000000         0.3872384040       235.3545906044     -1232.6881561999 
        1.5550000000         0.8700000000         0.3897873555       229.4825971564     -1228.8837509971 
        1.5600001000         0.8700000000         0.3974342099       223.4271039132     -1217.4705353886 
        1.5650016000         0.8700000000         0.3846894525       217.1881108748     -1236.4925614028 
        1.5700000000         0.8700000000         0.3872384040       211.1326176316     -1232.6881561999 
        1.5750000000         0.8700000000         0.3846894525       204.7101247979     -1236.4925614028 
        1.5800001000         0.8700000000         0.3948852584       199.0216311452     -1221.2749405914 
        1.5850001000         0.8700000000         0.3948852584       192.9661379020     -1221.2749405914 
        1.5900000000         0.8700000000         0.3846894525       187.4611440445     -1236.4925614028 
        1.5950010000         0.8700000000         0.3897873555       180.3046520298     -1228.8837509971 
        1.6000001000         0.8700000000         0.3923363069       175.1666577629     -1225.0793457943 
        1.6050000000         0.8700000000         0.3872384040       168.1936655434     -1232.6881561999 
        1.6100000000         0.8700000000         0.3948852584       162.6886716860     -1221.2749405914 
        1.6150014000         0.8700000000         0.3948852584       155.3486798760     -1221.2749405914 
        1.6200007000         0.8700000000         0.3795915495       149.8436860186     -1244.1013718084 
        1.6250000000         0.8700000000         0.3846894525       143.0541935944     -1236.4925614028 
        1.6300000000         0.8700000000         0.4127279188       138.2831989179     -1194.6441041716 
        1.6350001000         0.8700000000         0.3999831614       131.1267069032     -1213.6661301858 
        1.6400000000         0.8700000000         0.3744936465       125.9887126363     -1251.7101822141 
        1.6450001000         0.8700000000         0.3948852584       118.8322206216     -1221.2749405914 
        1.6500001000         0.8700000000         0.4025321129       113.1437269689     -1209.8617249829 
        1.6550001000         0.8700000000         0.3846894525       106.7212341352     -1236.4925614028 
        1.6600000000         0.8700000000         0.3872384040       101.2162402777     -1232.6881561999 
        1.6650001000         0.8700000000         0.3897873555        95.3442468298     -1228.8837509971 
        1.6700001000         0.8700000000         0.3846894525        88.9217539961     -1236.4925614028 
        1.6750000000         0.8700000000         0.4076300159        83.9672595244     -1202.2529145773 
        1.6800000000         0.8700000000         0.3846894525        77.1777671002     -1236.4925614028 
        1.6850001000         0.8700000000         0.3846894525        71.4892734475     -1236.4925614028 
        1.6900001000         0.8700000000         0.3872384040        65.0667806138     -1232.6881561999 
        1.6950000000         0.8700000000         0.4025321129        59.5617867563     -1209.8617249829 
        1.7000000000         0.8700000000         0.4050810644        53.8732931036     -1206.0573197801 
        1.7050001000         0.8700000000         0.3897873555        47.6343000652     -1228.8837509971 
        1.7100001000         0.8700000000         0.3948852584        41.5788068220     -1221.2749405914 
        1.7150000000         0.8700000000         0.3846894525        35.5233135788     -1236.4925614028 
        1.7200000000         0.8700000000         0.3948852584        29.2843205403     -1221.2749405914 
        1.7250001000         0.8700000000         0.3948852584        22.6783279114     -1221.2749405914 
        1.7300000000         0.8700000000         0.3948852584        17.1733340539     -1221.2749405914 
        1.7350409000         0.8700000000         0.3846894525        10.7508412202     -1236.4925614028 
        1.7400001000         0.8700000000         0.4127279188         5.0623475675     -1194.6441041716 
        1.7450001000         0.8700000000         0.4050810644        -0.6261460852     -1206.0573197801 
        1.7500000000         0.8700000000         0.3846894525         0.6583524815     -1236.4925614028 
        1.7550000000         0.8700000000         0.3770425980       359.4004521924     -1247.9057770112 
        1.7600001000         0.8700000000         0.4050810644       360.5014509639     -1206.0573197801 
        1.7650000000         0.8700000000         0.4101789673       356.0974558779     -1198.4485093745 
        1.7700001000         0.8700000000         0.4101789673       349.3079634537     -1198.4485093745 
        1.7750001000         0.8700000000         0.3846894525       343.4359700057     -1236.4925614028 
        1.7800001000         0.8700000000         0.3693957436       336.8299773768     -1259.3189926197 
        1.7850000000         0.8700000000         0.3974342099       331.5084833146     -1217.4705353886 
        1.7900002000         0.8700000000         0.3974342099       324.7189908904     -1217.4705353886 
        1.7950001000         0.8700000000         0.3872384040       317.9294984662     -1232.6881561999 
        1.8000000000         0.8700000000         0.3744936465       312.6080044040     -1251.7101822141 
        1.8050000000         0.8700000000         0.3974342099       306.3690113656     -1217.4705353886 
        1.8100001000         0.8700000000         0.3846894525       299.7630187366     -1236.4925614028 
        1.8150001000         0.8700000000         0.3846894525       294.0745250839     -1236.4925614028 
        1.8200000000         0.8700000000         0.3872384040       288.0190318407     -1232.6881561999 
        1.8250000000         0.8700000000         0.3923363069       281.7800388023     -1225.0793457943 
        1.8300001000         0.8700000000         0.3821405010       275.1740461733     -1240.2969666056 
        1.8350001000         0.8700000000         0.3872384040       269.6690523158     -1232.6881561999 
        1.8400000000         0.8700000000         0.3897873555       263.4300592774     -1228.8837509971 
        1.8450000000         0.8700000000         0.3846894525       257.3745660342     -1236.4925614028 
        1.8500001000         0.8700000000         0.3719446951       250.7685734053     -1255.5145874169 
        1.8550000000         0.8700000000         0.4050810644       245.4470793430     -1206.0573197801 
        1.8600000000         0.8700000000         0.3872384040       238.8410867141     -1232.6881561999 
        1.8650001000         0.8700000000         0.3795915495       232.7855934709     -1244.1013718084 
        1.8700001000         0.8700000000         0.3846894525       225.9961010467     -1236.4925614028 
        1.8750008000         0.8700000000         0.3897873555       220.8581067797     -1228.8837509971 
        1.8800010000         0.8700000000         0.3846894525       214.0686143556     -1236.4925614028 
        1.8850001000         0.8700000000         0.3974342099       208.9306200886     -1217.4705353886 
        1.8900000000         0.8700000000         0.3897873555       203.0586266406     -1228.8837509971 
        1.8950001000         0.8700000000         0.3719446951       195.7186348307     -1255.5145874169 
        1.9000001000         0.8700000000         0.3974342099       190.3971407685     -1217.4705353886 
        1.9050001000         0.8700000000         0.3948852584       183.7911481395     -1221.2749405914 
        1.9100000000         0.8700000000         0.3668467921       177.3686553058     -1263.1233978226 
        1.9150001000         0.8700000000         0.3974342099       172.0471612436     -1217.4705353886 
        1.9200001000         0.8700000000         0.3923363069       165.2576688194     -1225.0793457943 
        1.9250000000         0.8700000000         0.3821405010       158.8351759858     -1240.2969666056 
        1.9300000000         0.8700000000         0.3872384040       153.3301821283     -1232.6881561999 
        1.9350001000         0.8700000000         0.3974342099       147.4581886803     -1217.4705353886 
        1.9400001000         0.8700000000         0.3897873555       140.1181968704     -1228.8837509971 
        1.9450000000         0.8700000000         0.3744936465       134.4297032177     -1251.7101822141 
        1.9500000000         0.8700000000         0.3872384040       128.3742099745     -1232.6881561999 
        1.9550001000         0.8700000000         0.3846894525       121.5847175503     -1236.4925614028 
        1.9600001000         0.8700000000         0.3948852584       116.6302230786     -1221.2749405914 
        1.9650000000         0.8700000000         0.3693957436       109.8407306544     -1259.3189926197 
        1.9700000000         0.8700000000         0.3923363069       103.4182378207     -1225.0793457943 
        1.9750001000         0.8700000000         0.3974342099        97.9132439632     -1217.4705353886 
        1.9800000000         0.8700000000         0.3744936465        91.4907511295     -1251.7101822141 
        1.9850000000         0.8700000000         0.3897873555        85.8022574768     -1228.8837509971 
        1.9900001000         0.8700000000         0.4025321129        80.4807634146     -1209.8617249829 
        1.9950001000         0.8700000000         0.3872384040        74.2417703762     -1232.6881561999 
        2.0000000000         0.8700000000         0.3974342099        68.0027773377     -1217.4705353886 
        2.0050000000         0.8700000000         0.3974342099        62.8647830708     -1217.4705353886 
        2.0100001000         0.8700000000         0.3795915495        56.0752906466     -1244.1013718084 
        2.0150001000         0.8700000000         0.4076300159        50.5702967891     -1202.2529145773 
        2.0200001000         0.8700000000         0.3948852584        44.3313037507     -1221.2749405914 
        2.0250001000         0.8700000000         0.3770425980        38.0923107122     -1247.9057770112 
        2.0300001000         0.8700000000         0.3999831614        32.4038170595     -1213.6661301858 
        2.0350001000         0.8700000000         0.3974342099        25.7978244306     -1217.4705353886 
        2.0400001000         0.8700000000         0.3999831614        19.9258309826     -1213.6661301858 
        2.0450001000         0.8700000000         0.3642978406        12.9528387632     -1266.9278030254 
        2.0500000000         0.8700000000         0.3974342099         7.2643451105     -1217.4705353886 
        2.0550000000         0.8700000000         0.3923363069         0.8418522768     -1225.0793457943 
        2.0600001000         0.8700000000         0.3821405010         0.4748526863     -1240.2969666056 
        2.0650001000         0.8700000000         0.3974342099        80.1137638241     -1217.4705353886 
        2.0700000000         0.8700000000         0.4050810644       359.9509515781     -1206.0573197801 
        2.0750000000         0.8700000000         0.3668467921       358.6664530114     -1263.1233978226 
        2.0800001000         0.8700000000         0.3795915495       351.6934607919     -1244.1013718084 
        2.0850001000         0.8700000000         0.4076300159       346.1884669345     -1202.2529145773 
        2.0900000000         0.8700000000         0.4050810644       339.7659741008     -1206.0573197801 
        2.0950000000         0.8700000000         0.3744936465       333.5269810623     -1251.7101822141 
        2.1000001000         0.8700000000         0.4050810644       327.8384874096     -1206.0573197801 
        2.1050001000         0.8700000000         0.3923363069       320.6819953949     -1225.0793457943 
        2.1100000000         0.8700000000         0.3795915495       315.1770015375     -1244.1013718084 
        2.1150001000         0.8700000000         0.4076300159       309.4885078848     -1202.2529145773 
        2.1200001000         0.8700000000         0.3795915495       302.3320158701     -1244.1013718084 
        2.1250000000         0.8700000000         0.3872384040       296.4600224221     -1232.6881561999 
        2.1300000000         0.8700000000         0.4050810644       290.4045291789     -1206.0573197801 
        2.1350001000         0.8700000000         0.4127279188       285.0830351167     -1194.6441041716 
        2.1400011000         0.8700000000         0.3566509861       278.2935426925     -1278.3410186339 
        2.1450000000         0.8700000000         0.3974342099       272.7885488351     -1217.4705353886 
        2.1500001000         0.8700000000         0.3999831614       266.3660560014     -1213.6661301858 
        2.1550001000         0.8700000000         0.3795915495       260.1270629629     -1244.1013718084 
        2.1600058000         0.8700000000         0.3846894525       253.5210703340     -1236.4925614028 
        2.1650000000         0.8700000000         0.3923363069       247.4655770908     -1225.0793457943 
        2.1700001000         0.8700000000         0.3846894525       241.4100838476     -1236.4925614028 
        2.1750000000         0.8700000000         0.3948852584       235.3545906044     -1221.2749405914 
        2.1800001000         0.8700000000         0.3846894525       229.2990973612     -1236.4925614028 
        2.1850001000         0.8700000000         0.3821405010       223.2436041180     -1240.2969666056 
        2.1900001000         0.8700000000         0.3719446951       216.4541116938     -1255.5145874169 
        2.1950000000         0.8700000000         0.3948852584       210.9491178363     -1221.2749405914 
        2.2000000000         0.8700000000         0.4025321129       204.8936245931     -1209.8617249829 
        2.2050001000         0.8700000000         0.3719446951       198.8381313499     -1255.5145874169 
        2.2100001000         0.8700000000         0.3872384040       193.1496376972     -1232.6881561999 
        2.2150000000         0.8700000000         0.3948852584       186.1766454778     -1221.2749405914 
        2.2200000000         0.8700000000         0.3974342099       180.3046520298     -1217.4705353886 
        2.2250003000         0.8700000000         0.3795915495       174.7996581724     -1244.1013718084 
        2.2300000000         0.8700000000         0.3974342099       168.0101657482     -1217.4705353886 
        2.2350000000         0.8700000000         0.3974342099       161.9546725050     -1217.4705353886 
        2.2400001000         0.8700000000         0.3872384040       155.8991792618     -1232.6881561999 
        2.2450001000         0.8700000000         0.3846894525       149.2931866328     -1236.4925614028 
        2.2500000000         0.8700000000         0.3974342099       144.1551923659     -1217.4705353886 
        2.2550000000         0.8700000000         0.3693957436       136.9987003512     -1259.3189926197 
        2.2600001000         0.8700000000         0.3974342099       131.8607060842     -1217.4705353886 
        2.2650001000         0.8700000000         0.3948852584       124.5207142743     -1221.2749405914 
        2.2700000000         0.8700000000         0.3923363069       119.5662198026     -1225.0793457943 
        2.2750001000         0.8700000000         0.3770425980       112.4097277879     -1247.9057770112 
        2.2800001000         0.8700000000         0.3974342099       107.0882337257     -1217.4705353886 
        2.2850001000         0.8700000000         0.4127279188       101.7667396635     -1194.6441041716 
        2.2900000000         0.8700000000         0.4076300159        95.1607470345     -1202.2529145773 
        2.2950001000         0.8700000000         0.3872384040        89.2887535866     -1232.6881561999 
        2.3000000000         0.8700000000         0.3846894525        83.4167601386     -1236.4925614028 
        2.3050001000         0.8700000000         0.3999831614        78.0952660764     -1213.6661301858 
        2.3100001000         0.8700000000         0.3999831614        71.1222738570     -1213.6661301858 
        2.3150001000         0.8700000000         0.3872384040        65.4337802043     -1232.6881561999 
        2.3200000000         0.8700000000         0.3846894525        59.5617867563     -1236.4925614028 
        2.3250000000         0.8700000000         0.3974342099        53.5062935131     -1217.4705353886 
        2.3300001000         0.8700000000         0.4025321129        47.4508002699     -1209.8617249829 
        2.3350001000         0.8700000000         0.4025321129        41.3953070267     -1209.8617249829 
        2.3400000000         0.8700000000         0.3923363069        34.9728141930     -1225.0793457943 
        2.3450000000         0.8700000000         0.3846894525        29.2843205403     -1236.4925614028 
        2.3500001000         0.8700000000         0.3846894525        23.2288272971     -1236.4925614028 
        2.3550000000         0.8700000000         0.3999831614        16.9898342587     -1213.6661301858 
        2.3600000000         0.8700000000         0.4076300159        11.1178408107     -1202.2529145773 
        2.3650001000         0.8700000000         0.3999831614         4.1448485913     -1213.6661301858 
        2.3700001000         0.8700000000         0.3719446951        -0.0756466995     -1255.5145874169 
        2.3750000000         0.8700000000         0.3872384040        -0.2591464947     -1232.6881561999 
        2.3800000000         0.8700000000         0.4101789673       360.5014509639     -1198.4485093745 
        2.3850001000         0.8700000000         0.4025321129       360.1344513734     -1209.8617249829 
        2.3900001000         0.8700000000         0.3821405010       356.0974558779     -1240.2969666056 
        2.3950000000         0.8700000000         0.3846894525       349.1244636585     -1236.4925614028 
        2.4000001000         0.8700000000         0.3999831614       343.9864693915     -1213.6661301858 
        2.4050001000         0.8700000000         0.3923363069       336.8299773768     -1225.0793457943 
        2.4100001000         0.8700000000         0.3974342099       330.9579839289     -1217.4705353886 
        2.4150000000         0.8700000000         0.3846894525       324.3519912999     -1236.4925614028 
        2.4200001000         0.8700000000         0.3846894525       318.2964980567     -1236.4925614028 
        2.4250006000         0.8700000000         0.3974342099       312.2410048135     -1217.4705353886 
        2.4300001000         0.8700000000         0.3821405010       305.6350121846     -1240.2969666056 
        2.4350001000         0.8700000000         0.3872384040       300.3135181223     -1232.6881561999 
        2.4400001000         0.8700000000         0.3948852584       293.5240256982     -1221.2749405914 
        2.4450000000         0.8700000000         0.3897873555       287.4685324550     -1228.8837509971 
        2.4500000000         0.8700000000         0.3744936465       281.2295394165     -1251.7101822141 
        2.4550001000         0.8700000000         0.3846894525       275.3575459686     -1236.4925614028 
        2.4600001000         0.8700000000         0.3846894525       269.4855525206     -1236.4925614028 
        2.4650000000         0.8700000000         0.3719446951       262.3290605059     -1255.5145874169 
        2.4700171000         0.8700000000         0.3846894525       256.6405668532     -1236.4925614028 
        2.4750001000         0.8700000000         0.3974342099       250.9520732005     -1217.4705353886 
        2.4800000000         0.8700000000         0.3719446951       244.3460805716     -1255.5145874169 
        2.4850476000         0.8700000000         0.3846894525       238.2905873284     -1236.4925614028 
        2.4900001000         0.8700000000         0.3974342099       231.8680944947     -1217.4705353886 
        2.4950001000         0.8700000000         0.3846894525       226.3631006372     -1236.4925614028 
        2.5000000000         0.8700000000         0.3744936465       219.3901084178     -1251.7101822141 
        2.5050000000         0.8700000000         0.3846894525       213.7016147651     -1236.4925614028 
        2.5100001000         0.8700000000         0.3846894525       207.2791219314     -1236.4925614028 
        2.5150001000         0.8700000000         0.3744936465       202.1411276644     -1251.7101822141 
        2.5200000000         0.8700000000         0.3948852584       195.9021346259     -1221.2749405914 
        2.5250001000         0.8700000000         0.3872384040       189.8466413827     -1232.6881561999 
        2.5300001000         0.8700000000         0.3744936465       182.3231497776     -1251.7101822141 
        2.5350001000         0.8700000000         0.3897873555       177.5521551011     -1228.8837509971 
        2.5400000000         0.8700000000         0.3821405010       170.9461624722     -1240.2969666056 
        2.5450001000         0.8700000000         0.3770425980       165.0741690242     -1247.9057770112 
        2.5500000000         0.8700000000         0.3744936465       157.7341772143     -1251.7101822141 
        2.5550001000         0.8700000000         0.4050810644       152.5961829473     -1206.0573197801 
        2.5600001000         0.8700000000         0.3923363069       145.6231907279     -1225.0793457943 
        2.5650001000         0.8700000000         0.3846894525       140.1181968704     -1236.4925614028 
        2.5700000000         0.8700000000         0.3897873555       133.5122042415     -1228.8837509971 
        2.5750000000         0.8700000000         0.3770425980       126.9062116125     -1247.9057770112 
        2.5800001000         0.8700000000         0.3897873555       121.2177179598     -1228.8837509971 
        2.5850001000         0.8700000000         0.3923363069       115.1622247166     -1225.0793457943 
        2.5900000000         0.8700000000         0.3770425980       108.5562320877     -1247.9057770112 
        2.5950000000         0.8700000000         0.3872384040       103.6017376159     -1232.6881561999 
        2.6000001000         0.8700000000         0.3846894525        96.9957449870     -1236.4925614028 
        2.6050000000         0.8700000000         0.3974342099        91.4907511295     -1217.4705353886 
        2.6100000000         0.8700000000         0.3821405010        84.7012587054     -1240.2969666056 
        2.6150001000         0.8700000000         0.3872384040        79.5632644384     -1232.6881561999 
        2.6200001000         0.8700000000         0.3974342099        73.1407716047     -1217.4705353886 
        2.6250000000         0.8700000000         0.3948852584        66.7182787710     -1221.2749405914 
        2.6300000000         0.8700000000         0.3948852584        61.7637842993     -1221.2749405914 
        2.6350001000         0.8700000000         0.3846894525        54.7907920798     -1236.4925614028 
        2.6400001000         0.8700000000         0.3846894525        49.4692980176     -1236.4925614028 
        2.6450000000         0.8700000000         0.3846894525        43.0468051839     -1236.4925614028 
        2.6500012000         0.8700000000         0.3974342099        37.1748117360     -1217.4705353886 
        2.6550001000         0.8700000000         0.3948852584        31.3028182880     -1221.2749405914 
        2.6600001000         0.8700000000         0.3744936465        24.6968256591     -1251.7101822141 
        2.6650000000         0.8700000000         0.3897873555        18.2743328254     -1228.8837509971 
        2.6700001000         0.8700000000         0.4050810644        12.5858391727     -1206.0573197801 
        2.6750000000         0.8700000000         0.3872384040         5.9798465437     -1232.6881561999 
        2.6800001000         0.8700000000         0.3719446951         0.2913528910     -1255.5145874169 
        2.6850001000         0.8700000000         0.4076300159         0.4748526863     -1202.2529145773 
        2.6900001000         0.8700000000         0.4076300159        79.5632644384     -1202.2529145773 
        2.6950000000         0.8700000000         0.3999831614       360.5014509639     -1213.6661301858 
        2.7000000000         0.8700000000         0.3872384040       357.3819544446     -1232.6881561999 
        2.7050001000         0.8700000000         0.3872384040       351.5099609967     -1232.6881561999 
        2.7100001000         0.8700000000         0.3846894525       344.7204685725     -1236.4925614028 
        2.7150000000         0.8700000000         0.3999831614       338.8484751245     -1213.6661301858 
        2.7200000000         0.8700000000         0.3821405010       331.5084833146     -1240.2969666056 
        2.7250001000         0.8700000000         0.3719446951       325.8199896619     -1255.5145874169 
        2.7300025000         0.8700000000         0.3948852584       319.9479962139     -1221.2749405914 
        2.7350000000         0.8700000000         0.3999831614       313.3420035850     -1213.6661301858 
        2.7400001000         0.8700000000         0.3770425980       307.1030105465     -1247.9057770112 
        2.7450001000         0.8700000000         0.3821405010       301.0475173033     -1240.2969666056 
        2.7500000000         0.8700000000         0.3846894525       294.8085242649     -1236.4925614028 
        2.7550000000         0.8700000000         0.3770425980       288.7530310217     -1247.9057770112 
        2.7600001000         0.8700000000         0.3795915495       281.7800388023     -1244.1013718084 
        2.7650001000         0.8700000000         0.3974342099       276.8255443305     -1217.4705353886 
        2.7700000000         0.8700000000         0.3668467921       269.4855525206     -1263.1233978226 
        2.7750001000         0.8700000000         0.3872384040       264.3475582536     -1232.6881561999 
        2.7800001000         0.8700000000         0.3897873555       257.7415656247     -1228.8837509971 
        2.7850001000         0.8700000000         0.3795915495       252.2365717672     -1244.1013718084 
        2.7900000000         0.8700000000         0.3642978406       244.8965799573     -1266.9278030254 
        2.7950001000         0.8700000000         0.3948852584       239.7585856903     -1221.2749405914 
        2.8000000000         0.8700000000         0.3668467921       232.6020936757     -1263.1233978226 
        2.8050001000         0.8700000000         0.3846894525       226.9136000229     -1236.4925614028 
        2.8100001000         0.8700000000         0.3795915495       220.4911071892     -1244.1013718084 
        2.8150001000         0.8700000000         0.3821405010       214.6191137413     -1240.2969666056 
        2.8200026000         0.8700000000         0.3719446951       208.3801207028     -1255.5145874169 
        2.8250000000         0.8700000000         0.3872384040       202.5081272549     -1232.6881561999 
        2.8300001000         0.8700000000         0.3846894525       195.7186348307     -1236.4925614028 
        2.8350001000         0.8700000000         0.3846894525       190.5806405637     -1236.4925614028 
        2.8400000000         0.8700000000         0.3693957436       183.9746479348     -1259.3189926197 
        2.8450000000         0.8700000000         0.3872384040       177.7356548963     -1232.6881561999 
        2.8500001000         0.8700000000         0.3846894525       171.4966618579     -1236.4925614028 
        2.8550000000         0.8700000000         0.3795915495       165.8081682052     -1244.1013718084 
        2.8600000000         0.8700000000         0.3846894525       158.6516761905     -1236.4925614028 
        2.8650001000         0.8700000000         0.3974342099       153.3301821283     -1217.4705353886 
        2.8700001000         0.8700000000         0.3591999376       146.7241894993     -1274.5366134310 
        2.8750000000         0.8700000000         0.3974342099       140.3016966657     -1217.4705353886 
        2.8800000000         0.8700000000         0.3872384040       133.8792038320     -1232.6881561999 
        2.8850001000         0.8700000000         0.3795915495       128.3742099745     -1244.1013718084 
        2.8900002000         0.8700000000         0.3719446951       121.7682173456     -1255.5145874169 
        2.8950000000         0.8700000000         0.3821405010       115.7127241024     -1240.2969666056 
        2.9000001000         0.8700000000         0.4025321129       109.2902312687     -1209.8617249829 
        2.9050001000         0.8700000000         0.3974342099       103.9687372064     -1217.4705353886 
        2.9100001000         0.8700000000         0.3846894525        98.0967437585     -1236.4925614028 
        2.9150000000         0.8700000000         0.3948852584        92.2247503105     -1221.2749405914 
        2.9200001000         0.8700000000         0.3846894525        85.4352578863     -1236.4925614028 
        2.9250000000         0.8700000000         0.4050810644        80.4807634146     -1206.0573197801 
        2.9300001000         0.8700000000         0.3821405010        74.0582705809     -1240.2969666056 
        2.9350001000         0.8700000000         0.3795915495        67.8192775425     -1244.1013718084 
        2.9400001000         0.8700000000         0.3999831614        62.4977834803     -1213.6661301858 
        2.9450000000         0.8700000000         0.3795915495        55.3412914656     -1244.1013718084 
        2.9500000000         0.8700000000         0.3770425980        50.3867969939     -1247.9057770112 
        2.9550001000         0.8700000000         0.3897873555        43.7808043649     -1228.8837509971 
        2.9600001000         0.8700000000         0.4025321129        37.9088109170     -1209.8617249829 
        2.9650000000         0.8700000000         0.3923363069        31.1193184928     -1225.0793457943 
        2.9700000000         0.8700000000         0.3719446951        25.7978244306     -1255.5145874169 
        2.9750001000         0.8700000000         0.4025321129        19.1918318016     -1209.8617249829 
        2.9800000000         0.8700000000         0.4050810644        12.5858391727     -1206.0573197801 
        2.9850000000         0.8700000000         0.3846894525         7.2643451105     -1236.4925614028 
        2.9900001000         0.8700000000         0.3974342099         0.4748526863     -1217.4705353886 
        2.9950001000         0.8700000000         0.3999831614        -0.0756466995     -1213.6661301858 
        3.0000000000         0.8700000000         0.3795915495        79.7467642336     -1244.1013718084 
        3.0050006000         0.8700000000         0.3974342099       359.4004521924     -1217.4705353886 
        3.0100001000         0.8700000000         0.4050810644       358.4829532161     -1206.0573197801 
        3.0150001000         0.8700000000         0.3770425980       352.0604603824     -1247.9057770112 
        3.0200000000         0.8700000000         0.3846894525       345.2709679582     -1236.4925614028 
        3.0250001000         0.8700000000         0.4050810644       339.7659741008     -1206.0573197801 
        3.0300001000         0.8700000000         0.3923363069       332.9764816766     -1225.0793457943 
        3.0350001000         0.8700000000         0.3846894525       326.5539888429     -1236.4925614028 
        3.0400000000         0.8700000000         0.3846894525       319.9479962139     -1236.4925614028 
        3.0450001000         0.8700000000         0.3719446951       314.0760027660     -1255.5145874169 
        3.0500024000         0.8700000000         0.3948852584       308.7545087038     -1221.2749405914 
        3.0550001000         0.8700000000         0.3974342099       301.9650162796     -1217.4705353886 
        3.0600001000         0.8700000000         0.3821405010       296.0930228316     -1240.2969666056 
        3.0650001000         0.8700000000         0.3744936465       290.2210293837     -1251.7101822141 
        3.0700000000         0.8700000000         0.3846894525       283.0645373690     -1236.4925614028 
        3.0750001000         0.8700000000         0.3974342099       277.3760437163     -1217.4705353886 
        3.0800001000         0.8700000000         0.3719446951       270.9535508826     -1255.5145874169 
        3.0850001000         0.8700000000         0.3846894525       265.2650572299     -1236.4925614028 
        3.0900000000         0.8700000000         0.3846894525       259.0260641914     -1236.4925614028 
        3.0950000000         0.8700000000         0.3719446951       252.4200715625     -1255.5145874169 
        3.1000001000         0.8700000000         0.3948852584       247.2820772955     -1221.2749405914 
        3.1050000000         0.8700000000         0.3846894525       240.1255852808     -1236.4925614028 
        3.1100000000         0.8700000000         0.3744936465       234.6205914234     -1251.7101822141 
        3.1150001000         0.8700000000         0.3744936465       228.0145987944     -1251.7101822141 
        3.1200001000         0.8700000000         0.3999831614       222.3261051417     -1213.6661301858 
        3.1250000000         0.8700000000         0.3923363069       216.0871121033     -1225.0793457943 
        3.1300000000         0.8700000000         0.3668467921       210.0316188601     -1263.1233978226 
        3.1350001000         0.8700000000         0.3923363069       203.7926258216     -1225.0793457943 
        3.1400001000         0.8700000000         0.3846894525       197.9206323737     -1236.4925614028 
        3.1450000000         0.8700000000         0.3795915495       191.6816393352     -1244.1013718084 
        3.1500028000         0.8700000000         0.3846894525       185.6261460920     -1236.4925614028 
        3.1550001000         0.8700000000         0.3923363069       179.7541526441     -1225.0793457943 
        3.1600001000         0.8700000000         0.3719446951       172.7811604246     -1255.5145874169 
        3.1650000000         0.8700000000         0.3872384040       167.2761665672     -1232.6881561999 
        3.1700001000         0.8700000000         0.3846894525       160.3031743477     -1236.4925614028 
        3.1750000000         0.8700000000         0.3744936465       153.8806815140     -1251.7101822141 
        3.1800001000         0.8700000000         0.3693957436       148.0086880661     -1259.3189926197 
        3.1850001000         0.8700000000         0.3923363069       142.1366946181     -1225.0793457943 
        3.1900001000         0.8700000000         0.3948852584       135.3472021939     -1221.2749405914 
        3.1950000000         0.8700000000         0.3846894525       130.2092079270     -1236.4925614028 
        3.2000001000         0.8700000000         0.3846894525       123.7867150933     -1236.4925614028 
        3.2050001000         0.8700000000         0.3897873555       117.3642222596     -1228.8837509971 
        3.2100001000         0.8700000000         0.3846894525       111.3087290164     -1236.4925614028 
        3.2150000000         0.8700000000         0.3872384040       104.7027363874     -1232.6881561999 
        3.2200000000         0.8700000000         0.3897873555        99.9317417110     -1228.8837509971 
        3.2250001000         0.8700000000         0.3821405010        93.1422492868     -1240.2969666056 
        3.2300015000         0.8700000000         0.3846894525        86.9032562483     -1236.4925614028 
        3.2350000000         0.8700000000         0.3948852584        81.3982623909     -1221.2749405914 
        3.2400001000         0.8700000000         0.3872384040        76.2602681239     -1232.6881561999 
        3.2450001000         0.8700000000         0.3744936465        69.4707756997     -1251.7101822141 
        3.2500000000         0.8700000000         0.3974342099        62.8647830708     -1217.4705353886 
        3.2550000000         0.8700000000         0.3974342099        56.9927896228     -1217.4705353886 
        3.2600001000         0.8700000000         0.3923363069        51.3042959701     -1225.0793457943 
        3.2650001000         0.8700000000         0.3974342099        45.7993021127     -1217.4705353886 
        3.2700000000         0.8700000000         0.3923363069        39.0098096885     -1225.0793457943 
        3.2750001000         0.8700000000         0.3795915495        32.9543164453     -1244.1013718084 
        3.2800001000         0.8700000000         0.3974342099        26.8988232021     -1217.4705353886 
        3.2850001000         0.8700000000         0.3948852584        20.4763303684     -1221.2749405914 
        3.2900000000         0.8700000000         0.3923363069        15.1548363062     -1225.0793457943 
        3.2950001000         0.8700000000         0.3770425980         8.3653438820     -1247.9057770112 
        3.3000000000         0.8700000000         0.3923363069         1.7593512530     -1225.0793457943 
        3.3050001000         0.8700000000         0.4050810644         0.6583524815     -1206.0573197801 
        3.3100001000         0.8700000000         0.3795915495        80.1137638241     -1244.1013718084 
        3.3150001000         0.8700000000         0.3948852584       359.4004521924     -1221.2749405914 
        3.3200000000         0.8700000000         0.3872384040       358.8499528066     -1232.6881561999 
        3.3250001000         0.8700000000         0.3770425980       352.9779593587     -1247.9057770112 
        3.3300001000         0.8700000000         0.3923363069       346.9224661155     -1225.0793457943 
        3.3350001000         0.8700000000         0.3795915495       340.1329736913     -1244.1013718084 
        3.3400000000         0.8700000000         0.3795915495       334.8114796291     -1244.1013718084 
        3.3450000000         0.8700000000         0.3846894525       327.4714878191     -1236.4925614028 
        3.3500001000         0.8700000000         0.3923363069       321.7829941664     -1225.0793457943 
        3.3550000000         0.8700000000         0.3744936465       315.5440011280     -1251.7101822141 
        3.3600000000         0.8700000000         0.3846894525       310.0390072705     -1236.4925614028 
        3.3650001000         0.8700000000         0.3897873555       303.2495148463     -1228.8837509971 
        3.3700001000         0.8700000000         0.3795915495       296.6435222174     -1244.1013718084 
        3.3750000000         0.8700000000         0.3846894525       291.3220281552     -1236.4925614028 
        3.3800000000         0.8700000000         0.3770425980       284.1655361405     -1247.9057770112 
        3.3850001000         0.8700000000         0.3846894525       278.8440420783     -1236.4925614028 
        3.3900001000         0.8700000000         0.3795915495       272.2380494493     -1244.1013718084 
        3.3950000000         0.8700000000         0.3770425980       265.9990564109     -1247.9057770112 
        3.4000001000         0.8700000000         0.3795915495       260.1270629629     -1244.1013718084 
        3.4050001000         0.8700000000         0.3846894525       254.2550695150     -1236.4925614028 
        3.4100001000         0.8700000000         0.3846894525       247.2820772955     -1236.4925614028 
        3.4150000000         0.8700000000         0.3846894525       241.5935836428     -1236.4925614028 
        3.4200001000         0.8700000000         0.3795915495       235.5380903996     -1244.1013718084 
        3.4250000000         0.8700000000         0.3872384040       229.2990973612     -1232.6881561999 
        3.4300001000         0.8700000000         0.3744936465       223.0601043227     -1251.7101822141 
        3.4350001000         0.8700000000         0.3770425980       217.0046110795     -1247.9057770112 
        3.4400001000         0.8700000000         0.3770425980       210.2151186553     -1247.9057770112 
        3.4450000000         0.8700000000         0.3846894525       204.7101247979     -1236.4925614028 
        3.4500001000         0.8700000000         0.3744936465       199.0216311452     -1251.7101822141 
        3.4550001000         0.8700000000         0.3744936465       191.6816393352     -1251.7101822141 
        3.4600001000         0.8700000000         0.3974342099       186.7271448635     -1217.4705353886 
        3.4650000000         0.8700000000         0.3668467921       179.5706528488     -1263.1233978226 
        3.4700000000         0.8700000000         0.3668467921       174.0656589914     -1263.1233978226 
        3.4750001000         0.8700000000         0.3872384040       167.4596663624     -1232.6881561999 
        3.4800000000         0.8700000000         0.3897873555       161.7711727097     -1228.8837509971 
        3.4850000000         0.8700000000         0.3693957436       154.6146806950     -1259.3189926197 
        3.4900001000         0.8700000000         0.3821405010       148.7426872471     -1240.2969666056 
        3.4950001000         0.8700000000         0.3846894525       142.6871940039     -1236.4925614028 
        3.5000000000         0.8700000000         0.3668467921       135.8977015797     -1263.1233978226 
        3.5050000000         0.8700000000         0.3846894525       130.3927077222     -1236.4925614028 
        3.5100001000         0.8700000000         0.3821405010       123.7867150933     -1240.2969666056 
        3.5150001000         0.8700000000         0.3846894525       117.9147216453     -1236.4925614028 
        3.5200000000         0.8700000000         0.3770425980       111.4922288116     -1247.9057770112 
        3.5250001000         0.8700000000         0.3846894525       105.0697359779     -1236.4925614028 
        3.5300001000         0.8700000000         0.3872384040       100.1152415062     -1232.6881561999 
        3.5350001000         0.8700000000         0.3693957436        93.3257490820     -1259.3189926197 
        3.5400000000         0.8700000000         0.3795915495        87.2702558388     -1244.1013718084 
        3.5450001000         0.8700000000         0.3872384040        82.1322615719     -1232.6881561999 
        3.5500000000         0.8700000000         0.3770425980        75.1592693524     -1247.9057770112 
        3.5550001000         0.8700000000         0.3846894525        69.1037761092     -1236.4925614028 
        3.5600001000         0.8700000000         0.3872384040        63.5987822518     -1232.6881561999 
        3.5650001000         0.8700000000         0.3642978406        57.3597892133     -1266.9278030254 
        3.5700000000         0.8700000000         0.3897873555        50.7537965844     -1228.8837509971 
        3.5750001000         0.8700000000         0.3948852584        44.6983033412     -1221.2749405914 
        3.5800001000         0.8700000000         0.3821405010        38.6428100980     -1240.2969666056 
        3.5850001000         0.8700000000         0.3821405010        32.9543164453     -1240.2969666056 
        3.5900000000         0.8700000000         0.3948852584        27.2658227926     -1221.2749405914 
        3.5950000000         0.8700000000         0.3846894525        20.2928305731     -1236.4925614028 
        3.6000001000         0.8700000000         0.3872384040        14.6043369204     -1232.6881561999 
        3.6050000000         0.8700000000         0.3974342099         8.5488436772     -1217.4705353886 
        3.6100000000         0.8700000000         0.3744936465         1.7593512530     -1251.7101822141 
        3.6150001000         0.8700000000         0.3846894525         0.1078530958     -1236.4925614028 
        3.6200001000         0.8700000000         0.3974342099        79.9302640289     -1217.4705353886 
        3.6250000000         0.8700000000         0.3974342099       360.1344513734     -1217.4705353886 
        3.6300000000         0.8700000000         0.3642978406       359.0334526019     -1266.9278030254 
        3.6350001000         0.8700000000         0.3693957436       352.2439601777     -1259.3189926197 
        3.6400001000         0.8700000000         0.3974342099       346.3719667297     -1217.4705353886 
        3.6450000000         0.8700000000         0.4050810644       340.8669728723     -1206.0573197801 
        3.6500001000         0.8700000000         0.3974342099       334.0774804481     -1217.4705353886 
        3.6550004000         0.8700000000         0.3668467921       328.0219872049     -1263.1233978226 
        3.6600001000         0.8700000000         0.3795915495       321.2324947807     -1244.1013718084 
        3.6650000000         0.8700000000         0.3872384040       315.1770015375     -1232.6881561999 
        3.6700001000         0.8700000000         0.3974342099       309.4885078848     -1217.4705353886 
        3.6750000000         0.8700000000         0.3642978406       302.8825152558     -1266.9278030254 
        3.6800001000         0.8700000000         0.3795915495       296.8270220126     -1244.1013718084 
        3.6850001000         0.8700000000         0.3872384040       290.4045291789     -1232.6881561999 
        3.6900001000         0.8700000000         0.3923363069       284.1655361405     -1225.0793457943 
        3.6950000000         0.8700000000         0.3566509861       278.4770424878     -1278.3410186339 
        3.7000001000         0.8700000000         0.3795915495       271.6875500636     -1244.1013718084 
        3.7050001000         0.8700000000         0.3923363069       265.9990564109     -1225.0793457943 
        3.7100001000         0.8700000000         0.3846894525       260.1270629629     -1236.4925614028 
        3.7150000000         0.8700000000         0.3770425980       253.1540707435     -1247.9057770112 
        3.7200000000         0.8700000000         0.3668467921       246.9150777050     -1263.1233978226 
        3.7250001000         0.8700000000         0.3744936465       241.2265840523     -1251.7101822141 
        3.7300000000         0.8700000000         0.3872384040       234.6205914234     -1232.6881561999 
        3.7350000000         0.8700000000         0.3846894525       228.5650981802     -1236.4925614028 
        3.7400001000         0.8700000000         0.3591999376       222.3261051417     -1274.5366134310 
        3.7450001000         0.8700000000         0.3693957436       215.7201125128     -1259.3189926197 
        3.7500000000         0.8700000000         0.3897873555       210.2151186553     -1228.8837509971 
        3.7550000000         0.8700000000         0.3948852584       203.9761256169     -1221.2749405914 
        3.7600001000         0.8700000000         0.3617488891       197.7371325784     -1270.7322082282 
        3.7650001000         0.8700000000         0.3846894525       191.6816393352     -1236.4925614028 
        3.7700000000         0.8700000000         0.3948852584       185.4426462968     -1221.2749405914 
        3.7750001000         0.8700000000         0.3846894525       179.5706528488     -1236.4925614028 
        3.7800001000         0.8700000000         0.3770425980       172.4141608341     -1247.9057770112 
        3.7850001000         0.8700000000         0.3948852584       166.7256671814     -1221.2749405914 
        3.7900000000         0.8700000000         0.3668467921       160.4866741430     -1263.1233978226 
        3.7950001000         0.8700000000         0.3770425980       153.6971817188     -1247.9057770112 
        3.8000000000         0.8700000000         0.3923363069       148.0086880661     -1225.0793457943 
        3.8050001000         0.8700000000         0.3719446951       141.5861952324     -1255.5145874169 
        3.8100001000         0.8700000000         0.3795915495       135.5307019892     -1244.1013718084 
        3.8150001000         0.8700000000         0.3872384040       129.4752087460     -1232.6881561999 
        3.8200000000         0.8700000000         0.3795915495       122.6857163218     -1244.1013718084 
        3.8250001000         0.8700000000         0.3872384040       117.3642222596     -1232.6881561999 
        3.8300001000         0.8700000000         0.3974342099       111.4922288116     -1217.4705353886 
        3.8350001000         0.8700000000         0.3744936465       104.1522370017     -1251.7101822141 
        3.8400000000         0.8700000000         0.3770425980        99.3812423252     -1247.9057770112 
        3.8450000000         0.8700000000         0.3846894525        92.2247503105     -1236.4925614028 
        3.8500001000         0.8700000000         0.3974342099        86.9032562483     -1217.4705353886 
        3.8550000000         0.8700000000         0.3719446951        80.6642632099     -1255.5145874169 
        3.8600000000         0.8700000000         0.3846894525        74.7922697619     -1236.4925614028 
        3.8650026000         0.8700000000         0.3923363069        68.7367765187     -1225.0793457943 
        3.8700019000         0.8700000000         0.3846894525        62.4977834803     -1236.4925614028 
        3.8750000000         0.8700000000         0.3923363069        57.1762894181     -1225.0793457943 
        3.8800000000         0.8700000000         0.3872384040        50.5702967891     -1232.6881561999 
        3.8850001000         0.8700000000         0.3770425980        43.9643041602     -1247.9057770112 
        3.8900001000         0.8700000000         0.3948852584        38.8263098932     -1221.2749405914 
        3.8950000000         0.8700000000         0.3872384040        31.4863180833     -1232.6881561999 
        3.9000001000         0.8700000000         0.3821405010        26.3483238163     -1240.2969666056 
        3.9050001000         0.8700000000         0.3744936465        19.9258309826     -1251.7101822141 
        3.9100001000         0.8700000000         0.4025321129        14.0538375347     -1209.8617249829 
        3.9150000000         0.8700000000         0.4025321129         7.2643451105     -1209.8617249829 
        3.9200001000         0.8700000000         0.3795915495         1.2088518673     -1244.1013718084 
        3.9250000000         0.8700000000         0.3872384040         0.4748526863     -1232.6881561999 
        3.9300001000         0.8700000000         0.3770425980        79.5632644384     -1247.9057770112 
        3.9350001000         0.8700000000         0.3923363069       360.5014509639     -1225.0793457943 
        3.9400001000         0.8700000000         0.3821405010       358.2994534209     -1240.2969666056 
        3.9450000000         0.8700000000         0.3923363069       352.4274599729     -1225.0793457943 
        3.9500001000         0.8700000000         0.3821405010       345.6379675487     -1240.2969666056 
        3.9550001000         0.8700000000         0.3872384040       339.7659741008     -1232.6881561999 
        3.9600001000         0.8700000000         0.3795915495       332.4259822908     -1244.1013718084 
        3.9650000000         0.8700000000         0.3744936465       326.5539888429     -1251.7101822141 
        3.9700001000         0.8700000000         0.3821405010       320.6819953949     -1240.2969666056 
        3.9750001000         0.8700000000         0.3821405010       313.8925029707     -1240.2969666056 
        3.9800000000         0.8700000000         0.3897873555       308.2040093180     -1228.8837509971 
        3.9850000000         0.8700000000         0.3591999376       302.3320158701     -1274.5366134310 
        3.9900001000         0.8700000000         0.3923363069       295.5425234459     -1225.0793457943 
        3.9950009000         0.8700000000         0.3974342099       289.8540297932     -1217.4705353886 
