           Time[sec]           V_{cmd}[V]          V_{gyro}[V]          \theta[deg] \omega_{gyro}[deg/sec] 
        0.0000000000         3.0000000000         1.2207455399       289.1200306122        11.3979979877 
        0.0050000000         3.0000000000         1.2207455399       288.3860314312        11.3979979877 
        0.0100000000         3.0000000000         1.2130986854       288.3860314312        -0.0152176208 
        0.0150000000         3.0000000000         1.2207455399       288.9365308169        11.3979979877 
        0.0200000000         3.0000000000         1.2207455399       289.1200306122        11.3979979877 
        0.0250000000         3.0000000000         1.2436861032       289.1200306122        45.6376448131 
        0.0300000000         3.0000000000         1.3456441627       289.4870302027       197.8138529263 
        0.0350000000         3.0000000000         1.2819203755       290.5880289742       102.7037228556 
        0.0400000000         3.0000000000         1.3176056963       290.5880289742       155.9653956952 
        0.0450000000         3.0000000000         1.3252525508       292.0560273362       167.3786113037 
        0.0500000000         3.0000000000         1.3125077934       292.0560273362       148.3565852895 
        0.0550000000         3.0000000000         1.3252525508       292.4230269267       167.3786113037 
        0.0600000000         3.0000000000         1.3430952112       294.2580248791       194.0094477235 
        0.0650000000         3.0000000000         1.3278015023       294.8085242649       171.1830165065 
        0.0700000000         3.0000000000         1.3328994052       295.3590236506       178.7918269122 
        0.0750000000         3.0000000000         1.3430952112       297.0105218079       194.0094477235 
        0.0800000000         3.0000000000         1.3430952112       297.7445209889       194.0094477235 
        0.0850000000         3.0000000000         1.3456441627       298.8455197604       197.8138529263 
        0.0900000000         3.0000000000         1.3507420656       299.9465185319       205.4226633320 
        0.0950000000         3.0000000000         1.3456441627       300.1300183271       197.8138529263 
        0.1000000000         3.0000000000         1.3532910171       301.9650162796       209.2270685348 
        0.1050000000         3.0000000000         1.3558399686       302.8825152558       213.0314737376 
        0.1100000000         3.0000000000         1.3609378716       304.5340134131       220.6402841433 
        0.1150000000         3.0000000000         1.3660357746       305.0845127988       228.2490945489 
        0.1200000000         3.0000000000         1.3660357746       306.7360109560       228.2490945489 
        0.1250000000         3.0000000000         1.3634868231       307.4700101370       224.4446893461 
        0.1300000000         3.0000000000         1.3685847260       308.5710089085       232.0534997518 
        0.1350000000         3.0000000000         1.3736826290       309.6720076800       239.6623101574 
        0.1400000000         3.0000000000         1.3634868231       310.4060068610       224.4446893461 
        0.1450000000         3.0000000000         1.3864273864       312.6080044040       258.6843361716 
        0.1500000000         3.0000000000         1.3762315805       313.3420035850       243.4667153603 
        0.1550000000         3.0000000000         1.3864273864       315.1770015375       258.6843361716 
        0.1600000000         3.0000000000         1.3864273864       316.4615001042       258.6843361716 
        0.1650000000         3.0000000000         1.3762315805       317.7459986710       243.4667153603 
        0.1700000000         3.0000000000         1.3915252894       318.4799978520       266.2931465772 
        0.1750000000         3.0000000000         1.3864273864       319.9479962139       258.6843361716 
        0.1800001000         3.0000000000         1.3838784350       320.6819953949       254.8799309687 
        0.1850000000         3.0000000000         1.3889763379       322.3334935522       262.4887413744 
        0.1900000000         3.0000000000         1.3762315805       323.2509925284       243.4667153603 
        0.1950000000         3.0000000000         1.3838784350       324.7189908904       254.8799309687 
        0.2000000000         3.0000000000         1.3762315805       325.8199896619       243.4667153603 
        0.2050000000         3.0000000000         1.3889763379       327.6549876144       262.4887413744 
        0.2100001000         3.0000000000         1.3915252894       329.3064857716       266.2931465772 
        0.2150000000         3.0000000000         1.3940742409       329.8569851574       270.0975517801 
        0.2200000000         3.0000000000         1.3813294835       331.3249835193       251.0755257659 
        0.2250000000         3.0000000000         1.4042700468       333.3434812671       285.3151725914 
        0.2300000000         3.0000000000         1.3966231924       334.2609802433       273.9019569829 
        0.2350000000         3.0000000000         1.3991721439       336.8299773768       277.7063621857 
        0.2400000000         3.0000000000         1.4042700468       338.2979757388       285.3151725914 
        0.2450000000         3.0000000000         1.4068189983       339.5824743055       289.1195777942 
        0.2500000000         3.0000000000         1.4042700468       340.4999732818       285.3151725914 
        0.2550000000         3.0000000000         1.4017210954       342.5184710295       281.5107673886 
        0.2600000000         3.0000000000         1.4042700468       343.6194698010       285.3151725914 
        0.2650000000         3.0000000000         1.3991721439       344.9039683677       277.7063621857 
        0.2700000000         3.0000000000         1.4170148043       347.1059659107       304.3371986055 
        0.2750000000         3.0000000000         1.4017210954       348.3904644775       281.5107673886 
        0.2800000000         3.0000000000         1.4042700468       348.7574640680       285.3151725914 
        0.2850000000         3.0000000000         1.3991721439       350.9594616109       277.7063621857 
        0.2900001000         3.0000000000         1.4246616587       352.9779593587       315.7504142140 
        0.2950000000         3.0000000000         1.4042700468       353.5284587444       285.3151725914 
        0.3000000000         3.0000000000         1.3966231924       355.3634566969       273.9019569829 
        0.3050000000         3.0000000000         1.4042700468       356.4644554684       285.3151725914 
        0.3100000000         3.0000000000         1.4195637558       358.4829532161       308.1416038084 
        0.3150000000         3.0000000000         1.4119169013       359.9509515781       296.7283881999 
        0.3200000000         3.0000000000         1.4195637558       360.3179511686       308.1416038084 
        0.3250000000         3.0000000000         1.4119169013       359.9509515781       296.7283881999 
        0.3300000000         3.0000000000         1.4119169013       360.1344513734       296.7283881999 
        0.3350000000         3.0000000000         1.4119169013       359.7674517829       296.7283881999 
        0.3400035000         3.0000000000         1.4068189983       359.5839519876       289.1195777942 
        0.3450000000         3.0000000000         1.4195637558        80.1137638241       308.1416038084 
        0.3500001000         3.0000000000         1.4144658528        79.1962648479       300.5327934027 
        0.3550001000         3.0000000000         1.4195637558        79.7467642336       308.1416038084 
        0.3600000000         3.0000000000         1.4272106102         0.6583524815       319.5548194168 
        0.3650000000         3.0000000000         1.4195637558         0.1078530958       308.1416038084 
        0.3700000000         3.0000000000         1.4144658528         0.4748526863       300.5327934027 
        0.3750000000         3.0000000000         1.4246616587        -0.0756466995       315.7504142140 
        0.3800000000         3.0000000000         1.4093679498         0.6583524815       292.9239829970 
        0.3850000000         3.0000000000         1.4195637558        -0.0756466995       308.1416038084 
        0.3900000000         3.0000000000         1.4068189983         1.5758514578       289.1195777942 
        0.3950000000         3.0000000000         1.4093679498         2.8603500245       292.9239829970 
        0.4000000000         3.0000000000         1.4144658528         3.7778490008       300.5327934027 
        0.4050000000         3.0000000000         1.4246616587         5.0623475675       315.7504142140 
        0.4100000000         3.0000000000         1.4093679498         6.7138457247       292.9239829970 
        0.4150001000         3.0000000000         1.4119169013         7.6313447010       296.7283881999 
        0.4200001000         3.0000000000         1.4017210954         9.4663426535       281.5107673886 
        0.4250000000         3.0000000000         1.4119169013        10.9343410155       296.7283881999 
        0.4300000000         3.0000000000         1.4093679498        12.4023393774       292.9239829970 
        0.4350000000         3.0000000000         1.4195637558        14.6043369204       308.1416038084 
        0.4400000000         3.0000000000         1.3966231924        16.0723352824       273.9019569829 
        0.4450000000         3.0000000000         1.4170148043        17.3568338492       304.3371986055 
        0.4500000000         3.0000000000         1.4144658528        19.3753315969       300.5327934027 
        0.4550000000         3.0000000000         1.4042700468        20.4763303684       285.3151725914 
        0.4600000000         3.0000000000         1.4068189983        21.9443287304       289.1195777942 
        0.4650000000         3.0000000000         1.3991721439        23.7793266828       277.7063621857 
        0.4700000000         3.0000000000         1.3991721439        24.3298260686       277.7063621857 
        0.4750001000         3.0000000000         1.4195637558        26.8988232021       308.1416038084 
        0.4800001000         3.0000000000         1.3966231924        27.6328223831       273.9019569829 
        0.4850000000         3.0000000000         1.4144658528        29.4678203356       300.5327934027 
        0.4900000000         3.0000000000         1.4042700468        30.2018195165       285.3151725914 
        0.4950000000         3.0000000000         1.4068189983        32.2203172643       289.1195777942 
        0.5000000000         3.0000000000         1.4017210954        33.6883156263       281.5107673886 
        0.5050000000         3.0000000000         1.4144658528        34.4223148073       300.5327934027 
        0.5100000000         3.0000000000         1.4017210954        36.0738129645       281.5107673886 
        0.5150000000         3.0000000000         1.4170148043        38.0923107122       304.3371986055 
        0.5200000000         3.0000000000         1.4144658528        39.5603090742       300.5327934027 
        0.5250000000         3.0000000000         1.4042700468        40.4778080505       285.3151725914 
        0.5300000000         3.0000000000         1.3966231924        41.9458064125       273.9019569829 
        0.5350000000         3.0000000000         1.4042700468        43.2303049792       285.3151725914 
        0.5400000000         3.0000000000         1.4119169013        44.6983033412       296.7283881999 
        0.5450000000         3.0000000000         1.4119169013        46.7168010889       296.7283881999 
        0.5500000000         3.0000000000         1.4221127072        48.3682992461       311.9460090112 
        0.5550000000         3.0000000000         1.4144658528        49.6527978129       300.5327934027 
        0.5600000000         3.0000000000         1.4144658528        51.1207961749       300.5327934027 
        0.5650000000         3.0000000000         1.4170148043        52.7722943321       304.3371986055 
        0.5700001000         3.0000000000         1.4093679498        53.5062935131       292.9239829970 
        0.5750000000         3.0000000000         1.4042700468        54.9742918751       285.3151725914 
        0.5800001000         3.0000000000         1.4246616587        57.7267888038       315.7504142140 
        0.5850000000         3.0000000000         1.4093679498        58.6442877801       292.9239829970 
        0.5900000000         3.0000000000         1.4221127072        60.6627855278       311.9460090112 
        0.5950000000         3.0000000000         1.4195637558        61.9472840945       308.1416038084 
        0.6000000000         3.0000000000         1.4195637558        62.8647830708       308.1416038084 
        0.6050000000         3.0000000000         1.4017210954        63.9657818423       281.5107673886 
        0.6100000000         3.0000000000         1.4272106102        65.8007797948       319.5548194168 
        0.6150000000         3.0000000000         1.4144658528        67.4522779520       300.5327934027 
        0.6200000000         3.0000000000         1.4195637558        68.9202763140       308.1416038084 
        0.6250000000         3.0000000000         1.4246616587        70.9387740617       315.7504142140 
        0.6300000000         3.0000000000         1.4170148043        71.3057736522       304.3371986055 
        0.6350000000         3.0000000000         1.4144658528        73.3242713999       300.5327934027 
        0.6400000000         3.0000000000         1.4297595617        74.7922697619       323.3592246197 
        0.6450000000         3.0000000000         1.4170148043        76.0767683287       304.3371986055 
        0.6500000000         3.0000000000         1.4246616587        77.9117662812       315.7504142140 
        0.6550000000         3.0000000000         1.4144658528        79.0127650526       300.5327934027 
        0.6600000000         3.0000000000         1.4246616587        81.0312628004       315.7504142140 
        0.6650000000         3.0000000000         1.4195637558        82.4992611624       308.1416038084 
        0.6700000000         3.0000000000         1.4195637558        83.9672595244       308.1416038084 
        0.6750000000         3.0000000000         1.4221127072        85.8022574768       311.9460090112 
        0.6800000000         3.0000000000         1.4170148043        86.1692570673       304.3371986055 
        0.6850000000         3.0000000000         1.4348574647        88.5547544056       330.9680350253 
        0.6900000000         3.0000000000         1.4297595617        90.2062525628       323.3592246197 
        0.6950001000         3.0000000000         1.4272106102        90.7567519486       319.5548194168 
        0.7000000000         3.0000000000         1.4195637558        92.7752496963       308.1416038084 
        0.7050001000         3.0000000000         1.4272106102        94.2432480583       319.5548194168 
        0.7100000000         3.0000000000         1.4170148043        95.3442468298       304.3371986055 
        0.7150000000         3.0000000000         1.4246616587        97.3627445775       315.7504142140 
        0.7200000000         3.0000000000         1.4144658528        98.4637433490       300.5327934027 
        0.7250000000         3.0000000000         1.4195637558        99.7482419157       308.1416038084 
        0.7300000000         3.0000000000         1.4246616587       101.3997400730       315.7504142140 
        0.7350000000         3.0000000000         1.4297595617       103.7852374112       323.3592246197 
        0.7400000000         3.0000000000         1.4374064162       105.2532357732       334.7724402282 
        0.7450000000         3.0000000000         1.4297595617       106.7212341352       323.3592246197 
        0.7500000000         3.0000000000         1.4297595617       107.8222329067       323.3592246197 
        0.7550000000         3.0000000000         1.4170148043       109.1067314734       304.3371986055 
        0.7600000000         3.0000000000         1.4170148043       110.5747298354       304.3371986055 
        0.7650000000         3.0000000000         1.4170148043       111.8592284021       304.3371986055 
        0.7700000000         3.0000000000         1.4221127072       113.6942263546       311.9460090112 
        0.7750000000         3.0000000000         1.4093679498       115.1622247166       292.9239829970 
        0.7800000000         3.0000000000         1.4272106102       116.6302230786       319.5548194168 
        0.7850000000         3.0000000000         1.4093679498       118.4652210311       292.9239829970 
        0.7900000000         3.0000000000         1.4144658528       120.4837187788       300.5327934027 
        0.7950000000         3.0000000000         1.4170148043       121.7682173456       304.3371986055 
        0.8000000000         3.0000000000         1.4272106102       122.8692161170       319.5548194168 
        0.8050000000         3.0000000000         1.4144658528       124.8877138648       300.5327934027 
        0.8100000000         3.0000000000         1.4093679498       125.2547134553       292.9239829970 
        0.8150000000         3.0000000000         1.4068189983       126.9062116125       289.1195777942 
        0.8200001000         3.0000000000         1.4246616587       128.5577097697       315.7504142140 
        0.8250000000         3.0000000000         1.4144658528       130.3927077222       300.5327934027 
        0.8300001000         3.0000000000         1.4144658528       131.6772062890       300.5327934027 
        0.8350001000         3.0000000000         1.4221127072       133.3287044462       311.9460090112 
        0.8400000000         3.0000000000         1.4195637558       134.7967028082       308.1416038084 
        0.8450000000         3.0000000000         1.4042700468       135.7142017844       285.3151725914 
        0.8500000000         3.0000000000         1.4272106102       138.4666987132       319.5548194168 
        0.8550000000         3.0000000000         1.4144658528       139.2006978942       300.5327934027 
        0.8600000000         3.0000000000         1.4042700468       140.6686962561       285.3151725914 
        0.8650000000         3.0000000000         1.4272106102       142.5036942086       319.5548194168 
        0.8700000000         3.0000000000         1.4195637558       144.1551923659       308.1416038084 
        0.8750000000         3.0000000000         1.4068189983       145.6231907279       289.1195777942 
        0.8800000000         3.0000000000         1.4119169013       146.7241894993       296.7283881999 
        0.8850000000         3.0000000000         1.4144658528       148.0086880661       300.5327934027 
        0.8900000000         3.0000000000         1.4017210954       148.9261870423       281.5107673886 
        0.8950000000         3.0000000000         1.4068189983       150.3941854043       289.1195777942 
        0.9000000000         3.0000000000         1.4017210954       152.2291833568       281.5107673886 
        0.9050000000         3.0000000000         1.4195637558       154.2476811045       308.1416038084 
        0.9100000000         3.0000000000         1.4246616587       155.7156794665       315.7504142140 
        0.9150000000         3.0000000000         1.4068189983       156.6331784428       289.1195777942 
        0.9200000000         3.0000000000         1.3991721439       157.9176770095       277.7063621857 
        0.9250000000         3.0000000000         1.4119169013       159.2021755762       296.7283881999 
        0.9300000000         3.0000000000         1.3940742409       160.4866741430       270.0975517801 
        0.9350000000         3.0000000000         1.4119169013       162.5051718907       296.7283881999 
        0.9400000000         3.0000000000         1.4119169013       164.3401698432       296.7283881999 
        0.9450001000         3.0000000000         1.4119169013       165.2576688194       296.7283881999 
        0.9500000000         3.0000000000         1.3966231924       166.9091669767       273.9019569829 
        0.9550001000         3.0000000000         1.3991721439       167.6431661577       277.7063621857 
        0.9600001000         3.0000000000         1.4017210954       169.4781641102       281.5107673886 
        0.9650000000         3.0000000000         1.4017210954       170.7626626769       281.5107673886 
        0.9700000000         3.0000000000         1.3966231924       172.5976606294       273.9019569829 
        0.9750000000         3.0000000000         1.4119169013       173.6986594009       296.7283881999 
        0.9800000000         3.0000000000         1.3966231924       174.9831579676       273.9019569829 
        0.9850000000         3.0000000000         1.3864273864       176.4511563296       258.6843361716 
        0.9900000000         3.0000000000         1.3889763379       177.1851555106       262.4887413744 
        0.9950000000         3.0000000000         1.3991721439       179.0201534631       277.7063621857 
        1.0000000000         3.0000000000         1.3966231924       180.8551514156       273.9019569829 
        1.0050000000         3.0000000000         1.3966231924       181.7726503918       273.9019569829 
        1.0100001000         3.0000000000         1.4068189983       183.4241485491       289.1195777942 
        1.0150000000         3.0000000000         1.3864273864       183.7911481395       258.6843361716 
        1.0200001000         3.0000000000         1.4119169013       186.3601452730       296.7283881999 
        1.0250000000         3.0000000000         1.3915252894       187.0941444540       266.2931465772 
        1.0300000000         3.0000000000         1.3915252894       188.1951432255       266.2931465772 
        1.0350000000         3.0000000000         1.3864273864       189.8466413827       258.6843361716 
        1.0400000000         3.0000000000         1.4093679498       191.4981395400       292.9239829970 
        1.0450000000         3.0000000000         1.3838784350       192.4156385162       254.8799309687 
        1.0500000000         3.0000000000         1.3889763379       193.1496376972       262.4887413744 
        1.0550000000         3.0000000000         1.3889763379       194.9846356497       262.4887413744 
        1.0600000000         3.0000000000         1.3966231924       196.0856344212       273.9019569829 
        1.0650000000         3.0000000000         1.3838784350       198.1041321689       254.8799309687 
        1.0700000000         3.0000000000         1.3966231924       199.3886307357       273.9019569829 
        1.0750000000         3.0000000000         1.3787805320       199.9391301214       247.2711205631 
        1.0800000000         3.0000000000         1.3966231924       201.5906282787       273.9019569829 
        1.0850000000         3.0000000000         1.3762315805       201.9576278691       243.4667153603 
        1.0900000000         3.0000000000         1.3940742409       204.3431252074       270.0975517801 
        1.0950000000         3.0000000000         1.3864273864       204.8936245931       258.6843361716 
        1.1000000000         3.0000000000         1.3915252894       206.3616229551       266.2931465772 
        1.1050000000         3.0000000000         1.3915252894       207.6461215219       266.2931465772 
        1.1100000000         3.0000000000         1.3915252894       208.7471202933       266.2931465772 
        1.1150000000         3.0000000000         1.3991721439       210.5821182458       277.7063621857 
        1.1200000000         3.0000000000         1.3889763379       211.3161174268       262.4887413744 
        1.1250000000         3.0000000000         1.3864273864       212.9676155841       258.6843361716 
        1.1300000000         3.0000000000         1.4042700468       214.2521141508       285.3151725914 
        1.1350001000         3.0000000000         1.3991721439       215.7201125128       277.7063621857 
        1.1400000000         3.0000000000         1.3991721439       216.6376114890       277.7063621857 
        1.1450001000         3.0000000000         1.3940742409       217.7386102605       270.0975517801 
        1.1500000000         3.0000000000         1.4017210954       219.3901084178       281.5107673886 
        1.1550001000         3.0000000000         1.3966231924       220.6746069845       273.9019569829 
        1.1600000000         3.0000000000         1.4119169013       222.8766045275       296.7283881999 
        1.1650000000         3.0000000000         1.4144658528       224.5281026847       300.5327934027 
        1.1700000000         3.0000000000         1.4042700468       225.0786020705       285.3151725914 
        1.1750000000         3.0000000000         1.4119169013       226.7301002277       296.7283881999 
        1.1800000000         3.0000000000         1.4272106102       228.9320977707       319.5548194168 
        1.1850000000         3.0000000000         1.4093679498       229.8495967469       292.9239829970 
        1.1900000000         3.0000000000         1.4068189983       230.9505955184       289.1195777942 
        1.1950000000         3.0000000000         1.4272106102       233.5195926519       319.5548194168 
        1.2000000000         3.0000000000         1.4119169013       233.8865922424       296.7283881999 
        1.2050000000         3.0000000000         1.4119169013       235.7215901949       296.7283881999 
        1.2100000000         3.0000000000         1.4144658528       237.3730883521       300.5327934027 
        1.2150000000         3.0000000000         1.4042700468       238.8410867141       285.3151725914 
        1.2200000000         3.0000000000         1.4042700468       239.9420854856       285.3151725914 
        1.2250000000         3.0000000000         1.4144658528       241.4100838476       300.5327934027 
        1.2300000000         3.0000000000         1.4068189983       242.6945824143       289.1195777942 
        1.2350000000         3.0000000000         1.4170148043       244.7130801621       304.3371986055 
        1.2400000000         3.0000000000         1.4272106102       246.9150777050       319.5548194168 
        1.2450000000         3.0000000000         1.4246616587       248.1995762718       315.7504142140 
        1.2500000000         3.0000000000         1.4246616587       249.4840748385       315.7504142140 
        1.2550000000         3.0000000000         1.4246616587       250.7685734053       315.7504142140 
        1.2600001000         3.0000000000         1.4195637558       252.4200715625       308.1416038084 
        1.2650000000         3.0000000000         1.4093679498       254.0715697197       292.9239829970 
        1.2700001000         3.0000000000         1.4195637558       255.3560682865       308.1416038084 
        1.2750000000         3.0000000000         1.4042700468       257.0075664437       285.3151725914 
        1.2800001000         3.0000000000         1.4119169013       258.4755648057       296.7283881999 
        1.2850000000         3.0000000000         1.4195637558       260.1270629629       308.1416038084 
        1.2900000000         3.0000000000         1.4119169013       261.4115615297       296.7283881999 
        1.2950000000         3.0000000000         1.4144658528       262.8795598917       300.5327934027 
        1.3000000000         3.0000000000         1.4119169013       264.3475582536       296.7283881999 
        1.3050000000         3.0000000000         1.4195637558       265.9990564109       308.1416038084 
        1.3100000000         3.0000000000         1.4093679498       266.9165553871       292.9239829970 
        1.3150000000         3.0000000000         1.4170148043       269.1185529301       304.3371986055 
        1.3200000000         3.0000000000         1.4093679498       269.8525521111       292.9239829970 
        1.3250000000         3.0000000000         1.4093679498       272.0545496541       292.9239829970 
        1.3300000000         3.0000000000         1.4170148043       273.8895476066       304.3371986055 
        1.3350000000         3.0000000000         1.4246616587       275.7245455590       315.7504142140 
        1.3400000000         3.0000000000         1.4170148043       277.0090441258       304.3371986055 
        1.3450000000         3.0000000000         1.4144658528       277.9265431020       300.5327934027 
        1.3500000000         3.0000000000         1.4042700468       279.3945414640       285.3151725914 
        1.3550000000         3.0000000000         1.4119169013       280.3120404403       296.7283881999 
        1.3600000000         3.0000000000         1.4093679498       282.3305381880       292.9239829970 
        1.3650000000         3.0000000000         1.4195637558       283.7985365500       308.1416038084 
        1.3700000000         3.0000000000         1.3991721439       284.8995353215       277.7063621857 
        1.3750000000         3.0000000000         1.4195637558       286.5510334787       308.1416038084 
        1.3800000000         3.0000000000         1.4042700468       288.0190318407       285.3151725914 
        1.3850001000         3.0000000000         1.4119169013       289.8540297932       296.7283881999 
        1.3900000000         3.0000000000         1.4195637558       291.3220281552       308.1416038084 
        1.3950001000         3.0000000000         1.4144658528       292.9735263124       300.5327934027 
        1.4000000000         3.0000000000         1.4042700468       294.0745250839       285.3151725914 
        1.4050001000         3.0000000000         1.4221127072       296.2765226269       311.9460090112 
        1.4100000000         3.0000000000         1.4170148043       298.2950203746       304.3371986055 
        1.4150000000         3.0000000000         1.4093679498       298.8455197604       292.9239829970 
        1.4200000000         3.0000000000         1.4170148043       300.4970179176       304.3371986055 
        1.4250000000         3.0000000000         1.4144658528       301.9650162796       300.5327934027 
        1.4300000000         3.0000000000         1.4170148043       303.6165144368       304.3371986055 
        1.4350000000         3.0000000000         1.4195637558       305.6350121846       308.1416038084 
        1.4400000000         3.0000000000         1.3966231924       306.1855115703       273.9019569829 
        1.4450000000         3.0000000000         1.4144658528       307.6535099323       300.5327934027 
        1.4500000000         3.0000000000         1.4246616587       309.8555074753       315.7504142140 
        1.4550000000         3.0000000000         1.4144658528       311.8740052230       300.5327934027 
        1.4600000000         3.0000000000         1.4170148043       312.6080044040       304.3371986055 
        1.4650000000         3.0000000000         1.4119169013       314.4430023565       296.7283881999 
        1.4700000000         3.0000000000         1.4170148043       315.9110007185       304.3371986055 
        1.4750000000         3.0000000000         1.3940742409       316.8284996947       270.0975517801 
        1.4800000000         3.0000000000         1.4093679498       318.2964980567       292.9239829970 
        1.4850000000         3.0000000000         1.3966231924       319.5809966234       273.9019569829 
        1.4900000000         3.0000000000         1.4119169013       321.2324947807       296.7283881999 
        1.4950000000         3.0000000000         1.4119169013       323.6179921189       296.7283881999 
        1.5000000000         3.0000000000         1.4170148043       325.0859904809       304.3371986055 
        1.5050000000         3.0000000000         1.4042700468       326.1869892524       285.3151725914 
        1.5100001000         3.0000000000         1.4119169013       327.1044882286       296.7283881999 
        1.5150000000         3.0000000000         1.4119169013       329.6734853621       296.7283881999 
        1.5200001000         3.0000000000         1.4272106102       331.3249835193       319.5548194168 
        1.5250000000         3.0000000000         1.4170148043       332.7929818813       304.3371986055 
        1.5300001000         3.0000000000         1.4195637558       333.8939806528       308.1416038084 
        1.5350000000         3.0000000000         1.4144658528       335.3619790148       300.5327934027 
        1.5400001000         3.0000000000         1.4144658528       336.6464775816       300.5327934027 
        1.5450000000         3.0000000000         1.4068189983       338.4814755340       289.1195777942 
        1.5500000000         3.0000000000         1.4144658528       339.9494738960       300.5327934027 
        1.5550000000         3.0000000000         1.4170148043       342.1514714390       304.3371986055 
        1.5600000000         3.0000000000         1.4119169013       343.0689704153       296.7283881999 
        1.5650000000         3.0000000000         1.4042700468       344.1699691867       285.3151725914 
        1.5700000000         3.0000000000         1.4195637558       346.3719667297       308.1416038084 
        1.5750000000         3.0000000000         1.4119169013       348.0234648870       296.7283881999 
        1.5800000000         3.0000000000         1.4170148043       349.6749630442       304.3371986055 
        1.5850000000         3.0000000000         1.4272106102       351.1429614062       319.5548194168 
        1.5900000000         3.0000000000         1.4272106102       352.9779593587       319.5548194168 
        1.5950000000         3.0000000000         1.4144658528       354.4459577207       300.5327934027 
        1.6000000000         3.0000000000         1.4119169013       355.5469564922       296.7283881999 
        1.6050000000         3.0000000000         1.4144658528       357.0149548541       300.5327934027 
        1.6100000000         3.0000000000         1.4093679498       359.0334526019       292.9239829970 
        1.6150000000         3.0000000000         1.4144658528       359.5839519876       300.5327934027 
        1.6200000000         3.0000000000         1.4170148043       360.3179511686       304.3371986055 
        1.6250000000         3.0000000000         1.4195637558       359.5839519876       308.1416038084 
        1.6300000000         3.0000000000         1.4170148043       359.9509515781       304.3371986055 
        1.6350001000         3.0000000000         1.4093679498       359.4004521924       292.9239829970 
        1.6400000000         3.0000000000         1.4170148043       359.7674517829       304.3371986055 
        1.6450001000         3.0000000000         1.4246616587        79.1962648479       315.7504142140 
        1.6500000000         3.0000000000         1.4144658528        79.1962648479       300.5327934027 
        1.6550001000         3.0000000000         1.4068189983        79.3797646431       289.1195777942 
        1.6600000000         3.0000000000         1.4195637558         0.1078530958       308.1416038084 
        1.6650001000         3.0000000000         1.4195637558         0.1078530958       308.1416038084 
        1.6700000000         3.0000000000         1.4119169013        -0.4426462900       296.7283881999 
        1.6750000000         3.0000000000         1.4170148043         0.1078530958       304.3371986055 
        1.6800000000         3.0000000000         1.4068189983        -0.0756466995       289.1195777942 
        1.6850000000         3.0000000000         1.4272106102         0.8418522768       319.5548194168 
        1.6900000000         3.0000000000         1.4246616587         2.1263508435       315.7504142140 
        1.6950000000         3.0000000000         1.4144658528         2.8603500245       300.5327934027 
        1.7000000000         3.0000000000         1.4246616587         4.6953479770       315.7504142140 
        1.7050000000         3.0000000000         1.4068189983         5.6128469532       289.1195777942 
        1.7100000000         3.0000000000         1.4246616587         7.6313447010       315.7504142140 
        1.7150000000         3.0000000000         1.4170148043         9.0993430630       304.3371986055 
        1.7200000000         3.0000000000         1.4272106102        11.1178408107       319.5548194168 
        1.7250000000         3.0000000000         1.4144658528        12.4023393774       300.5327934027 
        1.7300000000         3.0000000000         1.4348574647        14.6043369204       330.9680350253 
        1.7350000000         3.0000000000         1.4246616587        16.0723352824       315.7504142140 
        1.7400000000         3.0000000000         1.4170148043        16.8063344634       304.3371986055 
        1.7450000000         3.0000000000         1.4272106102        19.3753315969       319.5548194168 
        1.7500000000         3.0000000000         1.4119169013        20.1093307779       296.7283881999 
        1.7550000000         3.0000000000         1.4221127072        21.9443287304       311.9460090112 
        1.7600001000         3.0000000000         1.4221127072        23.4123270924       311.9460090112 
        1.7650000000         3.0000000000         1.4144658528        24.6968256591       300.5327934027 
        1.7700001000         3.0000000000         1.4323085132        26.5318236116       327.1636298225 
        1.7750000000         3.0000000000         1.4195637558        28.1833217688       308.1416038084 
        1.7800001000         3.0000000000         1.4195637558        29.2843205403       308.1416038084 
        1.7850000000         3.0000000000         1.4297595617        30.7523189023       323.3592246197 
        1.7900001000         3.0000000000         1.4144658528        32.9543164453       300.5327934027 
        1.7950000000         3.0000000000         1.4323085132        34.4223148073       327.1636298225 
        1.8000000000         3.0000000000         1.4170148043        35.7068133740       304.3371986055 
        1.8050000000         3.0000000000         1.4144658528        37.1748117360       300.5327934027 
        1.8100000000         3.0000000000         1.4195637558        38.6428100980       308.1416038084 
        1.8150000000         3.0000000000         1.4221127072        40.2943082552       311.9460090112 
        1.8200000000         3.0000000000         1.4170148043        42.3128060029       304.3371986055 
        1.8250000000         3.0000000000         1.4297595617        43.7808043649       323.3592246197 
        1.8300000000         3.0000000000         1.4246616587        45.7993021127       315.7504142140 
        1.8350000000         3.0000000000         1.4297595617        47.4508002699       323.3592246197 
        1.8400000000         3.0000000000         1.4348574647        49.1022984271       330.9680350253 
        1.8450000000         3.0000000000         1.4195637558        50.0197974034       308.1416038084 
        1.8500000000         3.0000000000         1.4348574647        51.6712955606       330.9680350253 
        1.8550000000         3.0000000000         1.4323085132        53.5062935131       327.1636298225 
        1.8600000000         3.0000000000         1.4195637558        55.1577916703       308.1416038084 
        1.8650000000         3.0000000000         1.4246616587        56.0752906466       315.7504142140 
        1.8700000000         3.0000000000         1.4246616587        57.7267888038       315.7504142140 
        1.8750000000         3.0000000000         1.3991721439        59.1947871658       277.7063621857 
        1.8800000000         3.0000000000         1.4297595617        60.8462853230       323.3592246197 
        1.8850001000         3.0000000000         1.4170148043        62.8647830708       304.3371986055 
        1.8900000000         3.0000000000         1.4144658528        63.7822820470       300.5327934027 
        1.8950001000         3.0000000000         1.4272106102        65.2502804090       319.5548194168 
        1.9000000000         3.0000000000         1.4323085132        67.2687781567       327.1636298225 
        1.9050001000         3.0000000000         1.4144658528        68.7367765187       300.5327934027 
        1.9100000000         3.0000000000         1.4272106102        69.6542754950       319.5548194168 
        1.9150001000         3.0000000000         1.4195637558        71.3057736522       308.1416038084 
        1.9200000000         3.0000000000         1.4068189983        72.7737720142       289.1195777942 
        1.9250000000         3.0000000000         1.4170148043        74.0582705809       304.3371986055 
        1.9300000000         3.0000000000         1.4195637558        76.2602681239       308.1416038084 
        1.9350000000         3.0000000000         1.4068189983        76.6272677144       289.1195777942 
        1.9400000000         3.0000000000         1.4170148043        78.4622656669       304.3371986055 
        1.9450000000         3.0000000000         1.4221127072        79.5632644384       311.9460090112 
        1.9500000000         3.0000000000         1.4170148043        81.3982623909       304.3371986055 
        1.9550000000         3.0000000000         1.4195637558        82.8662607529       308.1416038084 
        1.9600000000         3.0000000000         1.4170148043        84.3342591149       304.3371986055 
        1.9650000000         3.0000000000         1.4195637558        85.4352578863       308.1416038084 
        1.9700000000         3.0000000000         1.4195637558        88.0042550198       308.1416038084 
        1.9750000000         3.0000000000         1.4221127072        88.7382542008       311.9460090112 
        1.9800000000         3.0000000000         1.4170148043        90.2062525628       304.3371986055 
        1.9850000000         3.0000000000         1.4297595617        91.6742509248       323.3592246197 
        1.9900000000         3.0000000000         1.4170148043        93.3257490820       304.3371986055 
        1.9950000000         3.0000000000         1.4068189983        94.4267478535       289.1195777942 
        2.0000000000         3.0000000000         1.4272106102        96.2617458060       319.5548194168 
        2.0050000000         3.0000000000         1.4170148043        97.7297441680       304.3371986055 
        2.0100000000         3.0000000000         1.4323085132        98.8307429395       327.1636298225 
        2.0150001000         3.0000000000         1.4272106102       100.6657408920       319.5548194168 
        2.0200001000         3.0000000000         1.4170148043       102.3172390492       304.3371986055 
        2.0250000000         3.0000000000         1.4195637558       103.6017376159       308.1416038084 
        2.0300000000         3.0000000000         1.4323085132       105.4367355684       327.1636298225 
        2.0350001000         3.0000000000         1.4297595617       107.4552333162       323.3592246197 
        2.0400001000         3.0000000000         1.4272106102       108.5562320877       319.5548194168 
        2.0450000000         3.0000000000         1.4119169013       109.2902312687       296.7283881999 
        2.0500000000         3.0000000000         1.4272106102       111.6757286069       319.5548194168 
        2.0550000000         3.0000000000         1.4221127072       112.4097277879       311.9460090112 
        2.0600000000         3.0000000000         1.4272106102       114.7952251261       319.5548194168 
        2.0650000000         3.0000000000         1.4144658528       115.1622247166       300.5327934027 
        2.0700000000         3.0000000000         1.4323085132       117.3642222596       327.1636298225 
        2.0750000000         3.0000000000         1.4042700468       118.8322206216       285.3151725914 
        2.0800000000         3.0000000000         1.4297595617       120.8507183693       323.3592246197 
        2.0850000000         3.0000000000         1.4144658528       121.5847175503       300.5327934027 
        2.0900000000         3.0000000000         1.4323085132       123.7867150933       327.1636298225 
        2.0950000000         3.0000000000         1.4195637558       125.2547134553       308.1416038084 
        2.1000000000         3.0000000000         1.4195637558       126.7227118173       308.1416038084 
        2.1050000000         3.0000000000         1.4170148043       128.1907101792       304.3371986055 
        2.1100000000         3.0000000000         1.4144658528       129.6587085412       300.5327934027 
        2.1150000000         3.0000000000         1.4170148043       130.5762075175       304.3371986055 
        2.1200000000         3.0000000000         1.4093679498       132.0442058795       292.9239829970 
        2.1250000000         3.0000000000         1.4093679498       133.3287044462       292.9239829970 
        2.1300000000         3.0000000000         1.4042700468       134.9802026034       285.3151725914 
        2.1350000000         3.0000000000         1.4042700468       136.4482009654       285.3151725914 
        2.1400001000         3.0000000000         1.4170148043       137.7326995322       304.3371986055 
        2.1450000000         3.0000000000         1.4246616587       139.9346970752       315.7504142140 
        2.1500000000         3.0000000000         1.4068189983       140.6686962561       289.1195777942 
        2.1550000000         3.0000000000         1.4195637558       142.8706937991       308.1416038084 
        2.1600001000         3.0000000000         1.4170148043       144.3386921611       304.3371986055 
        2.1650000000         3.0000000000         1.4042700468       144.5221919564       285.3151725914 
        2.1700000000         3.0000000000         1.4093679498       147.0911890898       292.9239829970 
        2.1750000000         3.0000000000         1.4170148043       148.0086880661       304.3371986055 
        2.1800001000         3.0000000000         1.4195637558       150.2106856091       308.1416038084 
        2.1850000000         3.0000000000         1.4119169013       151.1281845853       296.7283881999 
        2.1900000000         3.0000000000         1.4119169013       152.5961829473       296.7283881999 
        2.1950000000         3.0000000000         1.4068189983       153.3301821283       289.1195777942 
        2.2000000000         3.0000000000         1.4093679498       155.8991792618       292.9239829970 
        2.2050000000         3.0000000000         1.4170148043       156.8166782380       304.3371986055 
        2.2100000000         3.0000000000         1.4119169013       158.8351759858       296.7283881999 
        2.2150000000         3.0000000000         1.4170148043       159.7526749620       304.3371986055 
        2.2200000000         3.0000000000         1.4042700468       160.6701739382       285.3151725914 
        2.2250000000         3.0000000000         1.4144658528       162.3216720955       300.5327934027 
        2.2300000000         3.0000000000         1.4093679498       163.7896704575       292.9239829970 
        2.2350000000         3.0000000000         1.4272106102       166.3586675909       319.5548194168 
        2.2400000000         3.0000000000         1.4068189983       166.7256671814       289.1195777942 
        2.2450000000         3.0000000000         1.4272106102       168.7441649292       319.5548194168 
        2.2500000000         3.0000000000         1.4170148043       170.2121632912       304.3371986055 
        2.2550000000         3.0000000000         1.4119169013       171.3131620626       296.7283881999 
        2.2600000000         3.0000000000         1.4042700468       172.5976606294       285.3151725914 
        2.2650001000         3.0000000000         1.4272106102       175.3501575581       319.5548194168 
        2.2700000000         3.0000000000         1.4170148043       176.4511563296       304.3371986055 
        2.2750000000         3.0000000000         1.4119169013       177.3686553058       296.7283881999 
        2.2800000000         3.0000000000         1.4195637558       179.2036532583       308.1416038084 
        2.2850001000         3.0000000000         1.4272106102       181.2221510061       319.5548194168 
        2.2900000000         3.0000000000         1.4272106102       182.1396499823       319.5548194168 
        2.2950000000         3.0000000000         1.4119169013       183.2406487538       296.7283881999 
        2.3000000000         3.0000000000         1.4195637558       184.8921469110       308.1416038084 
        2.3050001000         3.0000000000         1.4272106102       187.0941444540       319.5548194168 
        2.3100000000         3.0000000000         1.4195637558       188.9291424065       308.1416038084 
        2.3150000000         3.0000000000         1.4170148043       190.0301411780       304.3371986055 
        2.3200000000         3.0000000000         1.4297595617       191.3146397447       323.3592246197 
        2.3250000000         3.0000000000         1.4170148043       193.3331374925       304.3371986055 
        2.3300000000         3.0000000000         1.4119169013       194.4341362640       296.7283881999 
        2.3350000000         3.0000000000         1.4272106102       196.0856344212       319.5548194168 
        2.3400000000         3.0000000000         1.4246616587       197.7371325784       315.7504142140 
        2.3450000000         3.0000000000         1.4221127072       198.8381313499       311.9460090112 
        2.3500000000         3.0000000000         1.4144658528       200.6731293024       300.5327934027 
        2.3550000000         3.0000000000         1.4119169013       201.4071284834       296.7283881999 
        2.3600000000         3.0000000000         1.4297595617       203.4256262311       323.3592246197 
        2.3650000000         3.0000000000         1.4195637558       204.8936245931       308.1416038084 
        2.3700000000         3.0000000000         1.4246616587       207.0956221361       315.7504142140 
        2.3750000000         3.0000000000         1.4297595617       208.5636204981       323.3592246197 
        2.3800000000         3.0000000000         1.4323085132       210.2151186553       327.1636298225 
        2.3850000000         3.0000000000         1.4170148043       210.5821182458       304.3371986055 
        2.3900001000         3.0000000000         1.4246616587       212.2336164031       315.7504142140 
        2.3950000000         3.0000000000         1.4119169013       213.5181149698       296.7283881999 
        2.4000000000         3.0000000000         1.4170148043       216.0871121033       304.3371986055 
        2.4050000000         3.0000000000         1.4374064162       217.5551104653       334.7724402282 
        2.4100001000         3.0000000000         1.4144658528       219.0231088273       300.5327934027 
        2.4150000000         3.0000000000         1.4221127072       220.6746069845       311.9460090112 
        2.4200000000         3.0000000000         1.4093679498       221.4086061655       292.9239829970 
        2.4250000000         3.0000000000         1.4170148043       222.6931047322       304.3371986055 
        2.4300001000         3.0000000000         1.4144658528       224.5281026847       300.5327934027 
        2.4350000000         3.0000000000         1.4297595617       226.5466004324       323.3592246197 
        2.4400000000         3.0000000000         1.4170148043       226.9136000229       304.3371986055 
        2.4450000000         3.0000000000         1.4221127072       228.9320977707       311.9460090112 
        2.4500000000         3.0000000000         1.4246616587       230.5835959279       315.7504142140 
        2.4550000000         3.0000000000         1.4144658528       232.2350940852       300.5327934027 
        2.4600000000         3.0000000000         1.4297595617       233.7030924471       323.3592246197 
        2.4650000000         3.0000000000         1.4272106102       235.7215901949       319.5548194168 
        2.4700000000         3.0000000000         1.4221127072       237.1895885569       311.9460090112 
        2.4750000000         3.0000000000         1.4221127072       238.2905873284       311.9460090112 
        2.4800000000         3.0000000000         1.4246616587       239.7585856903       315.7504142140 
        2.4850000000         3.0000000000         1.4144658528       240.8595844618       300.5327934027 
        2.4900000000         3.0000000000         1.4221127072       242.1440830286       311.9460090112 
        2.4950000000         3.0000000000         1.4272106102       244.3460805716       319.5548194168 
        2.5000000000         3.0000000000         1.4144658528       245.8140789335       300.5327934027 
        2.5050000000         3.0000000000         1.4272106102       247.8325766813       319.5548194168 
        2.5100000000         3.0000000000         1.4297595617       248.9335754528       323.3592246197 
        2.5150001000         3.0000000000         1.4170148043       250.4015738148       304.3371986055 
        2.5200000000         3.0000000000         1.4195637558       252.0530719720       308.1416038084 
        2.5250000000         3.0000000000         1.4195637558       254.4385693102       308.1416038084 
        2.5300000000         3.0000000000         1.4195637558       255.1725684912       308.1416038084 
        2.5350001000         3.0000000000         1.4119169013       256.0900674675       296.7283881999 
        2.5400000000         3.0000000000         1.4119169013       258.1085652152       296.7283881999 
        2.5450000000         3.0000000000         1.4170148043       259.2095639867       304.3371986055 
        2.5500000000         3.0000000000         1.4195637558       261.2280617344       308.1416038084 
        2.5550001000         3.0000000000         1.4272106102       263.4300592774       319.5548194168 
        2.5600000000         3.0000000000         1.4221127072       264.7145578441       311.9460090112 
        2.5650000000         3.0000000000         1.4399553677       266.3660560014       338.5768454310 
        2.5700000000         3.0000000000         1.4144658528       267.6505545681       300.5327934027 
        2.5750000000         3.0000000000         1.4195637558       268.5680535444       308.1416038084 
        2.5800000000         3.0000000000         1.4170148043       270.4030514968       304.3371986055 
        2.5850000000         3.0000000000         1.4170148043       272.2380494493       304.3371986055 
        2.5900000000         3.0000000000         1.4144658528       273.3390482208       300.5327934027 
        2.5950000000         3.0000000000         1.4297595617       275.9080453543       323.3592246197 
        2.6000000000         3.0000000000         1.4195637558       276.8255443305       308.1416038084 
        2.6050000000         3.0000000000         1.4297595617       278.4770424878       323.3592246197 
        2.6100000000         3.0000000000         1.4221127072       279.9450408498       311.9460090112 
        2.6150000000         3.0000000000         1.4221127072       281.4130392118       311.9460090112 
        2.6200000000         3.0000000000         1.4272106102       282.8810375737       319.5548194168 
        2.6250000000         3.0000000000         1.4297595617       285.2665349120       323.3592246197 
        2.6300000000         3.0000000000         1.4323085132       286.1840338882       327.1636298225 
        2.6350000000         3.0000000000         1.4323085132       288.5695312264       327.1636298225 
        2.6400001000         3.0000000000         1.4246616587       289.6705299979       315.7504142140 
        2.6450000000         3.0000000000         1.4374064162       291.1385283599       334.7724402282 
        2.6500000000         3.0000000000         1.4323085132       293.5240256982       327.1636298225 
        2.6550000000         3.0000000000         1.4272106102       294.9920240601       319.5548194168 
        2.6600001000         3.0000000000         1.4297595617       296.6435222174       323.3592246197 
        2.6650000000         3.0000000000         1.4348574647       297.7445209889       330.9680350253 
        2.6700000000         3.0000000000         1.4374064162       299.7630187366       334.7724402282 
        2.6750000000         3.0000000000         1.4323085132       301.2310170986       327.1636298225 
        2.6800001000         3.0000000000         1.4297595617       302.8825152558       323.3592246197 
        2.6850000000         3.0000000000         1.4272106102       303.8000142321       319.5548194168 
        2.6900000000         3.0000000000         1.4272106102       306.5525111608       319.5548194168 
        2.6950000000         3.0000000000         1.4297595617       307.4700101370       323.3592246197 
        2.7000000000         3.0000000000         1.4348574647       309.3050080895       330.9680350253 
        2.7050000000         3.0000000000         1.4374064162       311.1400060420       334.7724402282 
        2.7100000000         3.0000000000         1.4246616587       312.7915041992       315.7504142140 
        2.7150000000         3.0000000000         1.4323085132       314.8100019470       327.1636298225 
        2.7200000000         3.0000000000         1.4297595617       316.2780003090       323.3592246197 
        2.7250000000         3.0000000000         1.4272106102       317.3789990805       319.5548194168 
        2.7300000000         3.0000000000         1.4323085132       318.8469974424       327.1636298225 
        2.7350000000         3.0000000000         1.4323085132       321.2324947807       327.1636298225 
        2.7400000000         3.0000000000         1.4399553677       322.7004931427       338.5768454310 
        2.7450000000         3.0000000000         1.4374064162       324.7189908904       334.7724402282 
        2.7500000000         3.0000000000         1.4170148043       325.0859904809       304.3371986055 
        2.7550000000         3.0000000000         1.4399553677       328.0219872049       338.5768454310 
        2.7600000000         3.0000000000         1.4297595617       328.9394861811       323.3592246197 
        2.7650001000         3.0000000000         1.4348574647       330.7744841336       330.9680350253 
        2.7700000000         3.0000000000         1.4323085132       332.9764816766       327.1636298225 
        2.7750000000         3.0000000000         1.4170148043       333.5269810623       304.3371986055 
        2.7800000000         3.0000000000         1.4119169013       335.3619790148       296.7283881999 
        2.7850001000         3.0000000000         1.4323085132       337.3804767625       327.1636298225 
        2.7900000000         3.0000000000         1.4195637558       338.8484751245       308.1416038084 
        2.7950000000         3.0000000000         1.4221127072       341.2339724628       311.9460090112 
        2.8000000000         3.0000000000         1.4246616587       342.5184710295       315.7504142140 
        2.8050001000         3.0000000000         1.4297595617       344.3534689820       323.3592246197 
        2.8100000000         3.0000000000         1.4246616587       345.4544677535       315.7504142140 
        2.8150000000         3.0000000000         1.4119169013       346.7389663202       296.7283881999 
        2.8200000000         3.0000000000         1.4093679498       348.3904644775       292.9239829970 
        2.8250000000         3.0000000000         1.4144658528       349.6749630442       300.5327934027 
        2.8300000000         3.0000000000         1.4144658528       351.5099609967       300.5327934027 
        2.8350000000         3.0000000000         1.4017210954       352.7944595634       281.5107673886 
        2.8400000000         3.0000000000         1.4195637558       354.6294575159       308.1416038084 
        2.8450000000         3.0000000000         1.4093679498       356.8314550589       292.9239829970 
        2.8500000000         3.0000000000         1.4144658528       358.1159536256       300.5327934027 
        2.8550000000         3.0000000000         1.4042700468       358.6664530114       285.3151725914 
        2.8600000000         3.0000000000         1.4042700468       359.4004521924       285.3151725914 
        2.8650000000         3.0000000000         1.3991721439       360.1344513734       277.7063621857 
        2.8700000000         3.0000000000         1.4144658528       360.1344513734       300.5327934027 
        2.8750000000         3.0000000000         1.4144658528       359.9509515781       300.5327934027 
        2.8800000000         3.0000000000         1.4042700468       359.9509515781       285.3151725914 
        2.8850000000         3.0000000000         1.3991721439       359.4004521924       277.7063621857 
        2.8900001000         3.0000000000         1.4195637558        79.1962648479       308.1416038084 
        2.8950000000         3.0000000000         1.3991721439        79.7467642336       277.7063621857 
        2.9000000000         3.0000000000         1.4170148043        79.9302640289       304.3371986055 
        2.9050000000         3.0000000000         1.4042700468        -0.0756466995       285.3151725914 
        2.9100001000         3.0000000000         1.4119169013        -0.2591464947       296.7283881999 
        2.9150000000         3.0000000000         1.4042700468        -0.0756466995       285.3151725914 
        2.9200000000         3.0000000000         1.4144658528        -0.4426462900       300.5327934027 
        2.9250000000         3.0000000000         1.3966231924        -0.6261460852       273.9019569829 
        2.9300001000         3.0000000000         1.4221127072         0.6583524815       311.9460090112 
        2.9350000000         3.0000000000         1.4068189983         1.2088518673       289.1195777942 
        2.9400000000         3.0000000000         1.4144658528         2.3098506388       300.5327934027 
        2.9450000000         3.0000000000         1.4170148043         4.1448485913       304.3371986055 
        2.9500000000         3.0000000000         1.4221127072         4.8788477723       311.9460090112 
        2.9550000000         3.0000000000         1.3991721439         6.3468461342       277.7063621857 
        2.9600000000         3.0000000000         1.4246616587         8.1818440867       315.7504142140 
        2.9650000000         3.0000000000         1.4042700468         9.8333422440       285.3151725914 
        2.9700000000         3.0000000000         1.4272106102        11.8518399917       319.5548194168 
        2.9750000000         3.0000000000         1.4042700468        13.1363385584       285.3151725914 
        2.9800000000         3.0000000000         1.4195637558        14.0538375347       308.1416038084 
        2.9850000000         3.0000000000         1.4068189983        16.0723352824       289.1195777942 
        2.9900000000         3.0000000000         1.4195637558        18.0908330301       308.1416038084 
        2.9950000000         3.0000000000         1.4119169013        19.3753315969       296.7283881999 
        3.0000000000         3.0000000000         1.4093679498        20.8433299589       292.9239829970 
        3.0050000000         3.0000000000         1.4170148043        21.7608289351       304.3371986055 
        3.0100000000         3.0000000000         1.4144658528        23.7793266828       300.5327934027 
        3.0150001000         3.0000000000         1.4144658528        24.8803254543       300.5327934027 
        3.0200000000         3.0000000000         1.4170148043        27.0823229973       304.3371986055 
        3.0250000000         3.0000000000         1.4170148043        28.7338211546       304.3371986055 
        3.0300008000         3.0000000000         1.4170148043        30.0183197213       304.3371986055 
        3.0350001000         3.0000000000         1.4323085132        32.0368174690       327.1636298225 
        3.0400000000         3.0000000000         1.4170148043        33.6883156263       304.3371986055 
        3.0450000000         3.0000000000         1.4221127072        34.4223148073       311.9460090112 
        3.0500000000         3.0000000000         1.4170148043        36.4408125550       304.3371986055 
        3.0550001000         3.0000000000         1.4068189983        36.9913119407       289.1195777942 
        3.0600000000         3.0000000000         1.4144658528        39.0098096885       300.5327934027 
        3.0650000000         3.0000000000         1.4272106102        40.4778080505       319.5548194168 
        3.0700000000         3.0000000000         1.4119169013        41.9458064125       296.7283881999 
        3.0750000000         3.0000000000         1.4195637558        44.1478039554       308.1416038084 
        3.0800000000         3.0000000000         1.4246616587        45.6158023174       315.7504142140 
        3.0850000000         3.0000000000         1.4093679498        46.1663017032       292.9239829970 
        3.0900000000         3.0000000000         1.4170148043        48.0012996557       304.3371986055 
        3.0950000000         3.0000000000         1.4272106102        49.6527978129       319.5548194168 
        3.1000000000         3.0000000000         1.4272106102        51.8547953559       319.5548194168 
        3.1050000000         3.0000000000         1.4068189983        52.7722943321       289.1195777942 
        3.1100000000         3.0000000000         1.4119169013        54.0567928989       296.7283881999 
        3.1150000000         3.0000000000         1.4170148043        55.5247912608       304.3371986055 
        3.1200000000         3.0000000000         1.4170148043        57.5432890086       304.3371986055 
        3.1250000000         3.0000000000         1.4195637558        58.4607879848       308.1416038084 
        3.1300000000         3.0000000000         1.4170148043        60.1122861421       304.3371986055 
        3.1350000000         3.0000000000         1.4170148043        61.5802845040       304.3371986055 
        3.1400001000         3.0000000000         1.4323085132        63.7822820470       327.1636298225 
        3.1450000000         3.0000000000         1.4221127072        65.0667806138       311.9460090112 
        3.1500000000         3.0000000000         1.4297595617        65.9842795900       323.3592246197 
        3.1550000000         3.0000000000         1.4144658528        67.8192775425       300.5327934027 
        3.1600001000         3.0000000000         1.4272106102        69.1037761092       319.5548194168 
        3.1650000000         3.0000000000         1.4093679498        70.2047748807       292.9239829970 
        3.1700000000         3.0000000000         1.4221127072        72.2232726285       311.9460090112 
        3.1750000000         3.0000000000         1.4195637558        73.6912709904       308.1416038084 
        3.1800001000         3.0000000000         1.4272106102        75.7097687382       319.5548194168 
        3.1850000000         3.0000000000         1.4221127072        76.6272677144       311.9460090112 
        3.1900000000         3.0000000000         1.4272106102        78.0952660764       319.5548194168 
        3.1950000000         3.0000000000         1.4323085132        80.1137638241       327.1636298225 
        3.2000000000         3.0000000000         1.4170148043        81.2147625956       304.3371986055 
        3.2050000000         3.0000000000         1.4297595617        82.8662607529       323.3592246197 
        3.2100000000         3.0000000000         1.4119169013        83.7837597291       296.7283881999 
        3.2150000000         3.0000000000         1.4297595617        85.6187576816       323.3592246197 
        3.2200000000         3.0000000000         1.4195637558        86.7197564531       308.1416038084 
        3.2250000000         3.0000000000         1.4221127072        88.3712546103       311.9460090112 
        3.2300000000         3.0000000000         1.4272106102        90.2062525628       319.5548194168 
        3.2350000000         3.0000000000         1.4348574647        91.6742509248       330.9680350253 
        3.2400000000         3.0000000000         1.4144658528        93.1422492868       300.5327934027 
        3.2450000000         3.0000000000         1.4246616587        94.6102476488       315.7504142140 
        3.2500000000         3.0000000000         1.4297595617        96.2617458060       323.3592246197 
        3.2550000000         3.0000000000         1.4195637558        97.3627445775       308.1416038084 
        3.2600000000         3.0000000000         1.4348574647        99.3812423252       330.9680350253 
        3.2650001000         3.0000000000         1.4272106102       101.0327404825       319.5548194168 
        3.2700000000         3.0000000000         1.4195637558       102.5007388445       308.1416038084 
        3.2750000000         3.0000000000         1.4272106102       104.1522370017       319.5548194168 
        3.2800000000         3.0000000000         1.4323085132       106.1707347494       327.1636298225 
        3.2850001000         3.0000000000         1.4297595617       107.0882337257       323.3592246197 
        3.2900000000         3.0000000000         1.4374064162       109.1067314734       334.7724402282 
        3.2950000000         3.0000000000         1.4144658528       110.7582296306       300.5327934027 
        3.3000000000         3.0000000000         1.4297595617       112.0427281974       323.3592246197 
        3.3050001000         3.0000000000         1.4323085132       113.5107265594       327.1636298225 
        3.3100000000         3.0000000000         1.4195637558       114.6117253309       308.1416038084 
        3.3150000000         3.0000000000         1.4068189983       115.7127241024       289.1195777942 
        3.3200000000         3.0000000000         1.4348574647       118.0982214406       330.9680350253 
        3.3250000000         3.0000000000         1.4170148043       119.5662198026       304.3371986055 
        3.3300000000         3.0000000000         1.4323085132       121.2177179598       327.1636298225 
        3.3350000000         3.0000000000         1.4272106102       122.5022165265       319.5548194168 
        3.3400000000         3.0000000000         1.4170148043       123.6032152980       304.3371986055 
        3.3450000000         3.0000000000         1.4221127072       125.0712136600       311.9460090112 
        3.3500000000         3.0000000000         1.4119169013       125.9887126363       296.7283881999 
        3.3550000000         3.0000000000         1.4144658528       128.1907101792       300.5327934027 
        3.3600000000         3.0000000000         1.4221127072       130.0257081317       311.9460090112 
        3.3650000000         3.0000000000         1.4195637558       131.3102066985       308.1416038084 
        3.3700000000         3.0000000000         1.4144658528       132.4112054700       300.5327934027 
        3.3750000000         3.0000000000         1.4246616587       134.0627036272       315.7504142140 
        3.3800000000         3.0000000000         1.4119169013       135.5307019892       296.7283881999 
        3.3850000000         3.0000000000         1.4144658528       136.9987003512       300.5327934027 
        3.3900001000         3.0000000000         1.4246616587       138.6501985084       315.7504142140 
        3.3950000000         3.0000000000         1.4246616587       140.1181968704       315.7504142140 
        3.4000000000         3.0000000000         1.4119169013       141.7696950276       296.7283881999 
        3.4050000000         3.0000000000         1.4246616587       143.0541935944       315.7504142140 
        3.4100001000         3.0000000000         1.4246616587       145.0726913421       315.7504142140 
        3.4150000000         3.0000000000         1.4119169013       145.6231907279       296.7283881999 
        3.4200000000         3.0000000000         1.4119169013       147.0911890898       296.7283881999 
        3.4250000000         3.0000000000         1.4093679498       148.9261870423       292.9239829970 
        3.4300001000         3.0000000000         1.4119169013       150.2106856091       296.7283881999 
        3.4350000000         3.0000000000         1.4042700468       151.6786839711       285.3151725914 
        3.4400000000         3.0000000000         1.4144658528       152.9631825378       300.5327934027 
        3.4450000000         3.0000000000         1.4144658528       155.5321796713       300.5327934027 
        3.4500000000         3.0000000000         1.4195637558       156.2661788523       308.1416038084 
        3.4550000000         3.0000000000         1.4144658528       157.7341772143       300.5327934027 
        3.4600000000         3.0000000000         1.4170148043       159.2021755762       304.3371986055 
        3.4650000000         3.0000000000         1.4170148043       161.0371735287       304.3371986055 
        3.4700000000         3.0000000000         1.4246616587       162.6886716860       315.7504142140 
        3.4750000000         3.0000000000         1.4119169013       163.7896704575       296.7283881999 
        3.4800000000         3.0000000000         1.4348574647       165.8081682052       330.9680350253 
        3.4850000000         3.0000000000         1.4042700468       167.0926667719       285.3151725914 
        3.4900000000         3.0000000000         1.4119169013       168.3771653387       296.7283881999 
        3.4950000000         3.0000000000         1.4068189983       169.6616639054       289.1195777942 
        3.5000000000         3.0000000000         1.4068189983       170.7626626769       289.1195777942 
        3.5050000000         3.0000000000         1.4042700468       172.9646602199       285.3151725914 
        3.5100000000         3.0000000000         1.4323085132       174.7996581724       327.1636298225 
        3.5150001000         3.0000000000         1.4042700468       175.3501575581       285.3151725914 
        3.5200000000         3.0000000000         1.4195637558       177.1851555106       308.1416038084 
        3.5250000000         3.0000000000         1.4042700468       178.4696540773       285.3151725914 
        3.5300000000         3.0000000000         1.4170148043       179.5706528488       304.3371986055 
        3.5350001000         3.0000000000         1.4144658528       181.7726503918       300.5327934027 
        3.5400000000         3.0000000000         1.4170148043       182.8736491633       304.3371986055 
        3.5450000000         3.0000000000         1.4170148043       185.0756467063       304.3371986055 
        3.5500000000         3.0000000000         1.4348574647       186.7271448635       330.9680350253 
        3.5550001000         3.0000000000         1.4144658528       188.3786430208       300.5327934027 
        3.5600000000         3.0000000000         1.4119169013       188.5621428160       296.7283881999 
        3.5650000000         3.0000000000         1.4246616587       191.1311399495       315.7504142140 
        3.5700000000         3.0000000000         1.4119169013       192.5991383115       296.7283881999 
        3.5750000000         3.0000000000         1.4195637558       193.5166372877       308.1416038084 
        3.5800000000         3.0000000000         1.4144658528       194.9846356497       300.5327934027 
        3.5850000000         3.0000000000         1.4042700468       195.9021346259       285.3151725914 
        3.5900000000         3.0000000000         1.4042700468       197.3701329879       285.3151725914 
        3.5950000000         3.0000000000         1.4170148043       199.2051309404       304.3371986055 
        3.6000000000         3.0000000000         1.4093679498       200.8566290977       292.9239829970 
        3.6050000000         3.0000000000         1.4144658528       202.3246274596       300.5327934027 
        3.6100000000         3.0000000000         1.4170148043       203.7926258216       304.3371986055 
        3.6150000000         3.0000000000         1.4017210954       205.2606241836       281.5107673886 
        3.6200000000         3.0000000000         1.4144658528       206.1781231599       300.5327934027 
        3.6250000000         3.0000000000         1.3991721439       207.6461215219       277.7063621857 
        3.6300000000         3.0000000000         1.4068189983       209.6646192696       289.1195777942 
        3.6350000000         3.0000000000         1.4093679498       210.3986184506       292.9239829970 
        3.6400001000         3.0000000000         1.4119169013       212.4171161983       296.7283881999 
        3.6450000000         3.0000000000         1.4144658528       214.2521141508       300.5327934027 
        3.6500000000         3.0000000000         1.4042700468       215.1696131270       285.3151725914 
        3.6550000000         3.0000000000         1.4170148043       216.6376114890       304.3371986055 
        3.6600001000         3.0000000000         1.4170148043       218.4726094415       304.3371986055 
        3.6650000000         3.0000000000         1.3991721439       219.0231088273       277.7063621857 
        3.6700000000         3.0000000000         1.4170148043       220.8581067797       304.3371986055 
        3.6750000000         3.0000000000         1.3966231924       221.9591055512       273.9019569829 
        3.6800001000         3.0000000000         1.4170148043       223.6106037085       304.3371986055 
        3.6850000000         3.0000000000         1.4093679498       224.8951022752       292.9239829970 
        3.6900000000         3.0000000000         1.4042700468       226.7301002277       285.3151725914 
        3.6950000000         3.0000000000         1.4068189983       228.1980985897       289.1195777942 
        3.7000000000         3.0000000000         1.4042700468       229.6660969517       285.3151725914 
        3.7050000000         3.0000000000         1.4144658528       231.5010949042       300.5327934027 
        3.7100000000         3.0000000000         1.4068189983       232.4185938804       289.1195777942 
        3.7150000000         3.0000000000         1.4170148043       233.7030924471       304.3371986055 
        3.7200000000         3.0000000000         1.4042700468       235.1710908091       285.3151725914 
        3.7250000000         3.0000000000         1.3991721439       236.0885897854       277.7063621857 
        3.7300000000         3.0000000000         1.4042700468       237.7400879426       285.3151725914 
        3.7350000000         3.0000000000         1.3991721439       239.2080863046       277.7063621857 
        3.7400000000         3.0000000000         1.3966231924       241.0430842571       273.9019569829 
        3.7450000000         3.0000000000         1.4093679498       242.8780822096       292.9239829970 
        3.7500000000         3.0000000000         1.4042700468       243.6120813906       285.3151725914 
        3.7550000000         3.0000000000         1.3991721439       244.8965799573       277.7063621857 
        3.7600000000         3.0000000000         1.3966231924       246.5480781145       273.9019569829 
        3.7650001000         3.0000000000         1.4119169013       248.5665758623       296.7283881999 
        3.7700000000         3.0000000000         1.3838784350       249.3005750433       254.8799309687 
        3.7750000000         3.0000000000         1.3966231924       250.4015738148       273.9019569829 
        3.7800000000         3.0000000000         1.4017210954       252.0530719720       281.5107673886 
        3.7850001000         3.0000000000         1.3889763379       253.3375705387       262.4887413744 
        3.7900000000         3.0000000000         1.4017210954       254.6220691055       281.5107673886 
        3.7950000000         3.0000000000         1.4017210954       256.6405668532       281.5107673886 
        3.8000000000         3.0000000000         1.4068189983       257.9250654199       289.1195777942 
        3.8050001000         3.0000000000         1.3966231924       259.2095639867       273.9019569829 
        3.8100000000         3.0000000000         1.3966231924       259.7600633724       273.9019569829 
        3.8150000000         3.0000000000         1.3966231924       261.2280617344       273.9019569829 
        3.8200000000         3.0000000000         1.3915252894       263.4300592774       266.2931465772 
        3.8250000000         3.0000000000         1.3940742409       264.8980576394       270.0975517801 
        3.8300000000         3.0000000000         1.4144658528       265.6320568204       300.5327934027 
        3.8350000000         3.0000000000         1.3787805320       266.3660560014       247.2711205631 
        3.8400000000         3.0000000000         1.3991721439       268.2010539539       277.7063621857 
        3.8450000000         3.0000000000         1.3966231924       269.4855525206       273.9019569829 
        3.8500000000         3.0000000000         1.3864273864       270.9535508826       258.6843361716 
        3.8550000000         3.0000000000         1.3940742409       272.0545496541       270.0975517801 
        3.8600000000         3.0000000000         1.4042700468       273.5225480161       285.3151725914 
        3.8650000000         3.0000000000         1.4017210954       275.3575459686       281.5107673886 
        3.8700000000         3.0000000000         1.3864273864       276.2750449448       258.6843361716 
        3.8750000000         3.0000000000         1.4042700468       277.7430433068       285.3151725914 
        3.8800000000         3.0000000000         1.3940742409       278.8440420783       270.0975517801 
        3.8850000000         3.0000000000         1.3915252894       279.9450408498       266.2931465772 
        3.8900001000         3.0000000000         1.3787805320       281.0460396213       247.2711205631 
        3.8950000000         3.0000000000         1.4042700468       283.0645373690       285.3151725914 
        3.9000000000         3.0000000000         1.3864273864       284.1655361405       258.6843361716 
        3.9050000000         3.0000000000         1.4042700468       286.1840338882       285.3151725914 
        3.9100001000         3.0000000000         1.4042700468       287.6520322502       285.3151725914 
        3.9150000000         3.0000000000         1.3864273864       288.7530310217       258.6843361716 
        3.9200000000         3.0000000000         1.3864273864       289.8540297932       258.6843361716 
        3.9250000000         3.0000000000         1.3889763379       291.1385283599       262.4887413744 
        3.9300001000         3.0000000000         1.3940742409       292.4230269267       270.0975517801 
        3.9350000000         3.0000000000         1.3813294835       293.3405259029       251.0755257659 
        3.9400000000         3.0000000000         1.3991721439       295.7260232411       277.7063621857 
        3.9450000000         3.0000000000         1.3889763379       296.4600224221       262.4887413744 
        3.9500000000         3.0000000000         1.3966231924       297.9280207841       273.9019569829 
        3.9550000000         3.0000000000         1.3838784350       298.8455197604       254.8799309687 
        3.9600000000         3.0000000000         1.4119169013       301.2310170986       296.7283881999 
        3.9650000000         3.0000000000         1.3966231924       302.3320158701       273.9019569829 
        3.9700001000         3.0000000000         1.3966231924       303.4330146416       273.9019569829 
        3.9750000000         3.0000000000         1.3813294835       304.5340134131       251.0755257659 
        3.9800000000         3.0000000000         1.3889763379       305.4515123893       262.4887413744 
        3.9850000000         3.0000000000         1.3966231924       307.4700101370       273.9019569829 
        3.9900000000         3.0000000000         1.3940742409       309.3050080895       270.0975517801 
        3.9950000000         3.0000000000         1.3915252894       309.4885078848       266.2931465772 
