           Time[sec]           V_{cmd}[V]          V_{gyro}[V]          \theta[deg] \omega_{gyro}[deg/sec] 
        0.0000000000         0.1100000000         1.2054518309        22.3113283209       -11.5577830062 
        0.0050000000         0.1100000000         1.2207455399        23.2288272971        11.2686482108 
        0.0100000000         0.1100000000         1.2130986854        22.6783279114        -0.1445673977 
        0.0150000000         0.1100000000         1.2207455399        23.2288272971        11.2686482108 
        0.0200001000         0.1100000000         1.2130986854        22.3113283209        -0.1445673977 
        0.0250000000         0.1100000000         1.2130986854        22.6783279114        -0.1445673977 
        0.0300000000         0.1100000000         1.2207455399        23.4123270924        11.2686482108 
        0.0350001000         0.1100000000         1.2385882003        22.8618277066        37.8994846306 
        0.0400000000         0.1100000000         1.3023119874        23.4123270924       133.0096147013 
        0.0450000000         0.1100000000         1.2436861032        23.7793266828        45.5082950362 
        0.0500001000         0.1100000000         1.2793714240        24.1463262733        98.7699678758 
        0.0550000000         0.1100000000         1.2895672300        24.6968256591       113.9875886872 
        0.0600000000         0.1100000000         1.2691756181        25.4308248401        83.5523470645 
        0.0650000000         0.1100000000         1.2870182785        25.4308248401       110.1831834843 
        0.0700000000         0.1100000000         1.2819203755        26.5318236116       102.5743730787 
        0.0750000000         0.1100000000         1.2717245696        26.3483238163        87.3567522674 
        0.0800000000         0.1100000000         1.2844693270        27.4493225878       106.3787782815 
        0.0850000000         0.1100000000         1.2589798122        26.8988232021        68.3347262532 
        0.0900001000         0.1100000000         1.2666266666        27.2658227926        79.7479418617 
        0.0950000000         0.1100000000         1.2640777151        27.6328223831        75.9435366589 
        0.1000000000         0.1100000000         1.2717245696        28.7338211546        87.3567522674 
        0.1050001000         0.1100000000         1.2768224726        29.6513201308        94.9655626730 
        0.1100000000         0.1100000000         1.2742735211        30.0183197213        91.1611574702 
        0.1150000000         0.1100000000         1.2768224726        30.3853193118        94.9655626730 
        0.1200000000         0.1100000000         1.2742735211        30.5688191070        91.1611574702 
        0.1250000000         0.1100000000         1.2844693270        31.4863180833       106.3787782815 
        0.1300000000         0.1100000000         1.2819203755        31.6698178785       102.5743730787 
        0.1350000000         0.1100000000         1.2742735211        31.4863180833        91.1611574702 
        0.1400000000         0.1100000000         1.2819203755        32.2203172643       102.5743730787 
        0.1450001000         0.1100000000         1.2742735211        32.2203172643        91.1611574702 
        0.1500000000         0.1100000000         1.2742735211        32.9543164453        91.1611574702 
        0.1550000000         0.1100000000         1.2768224726        33.5048158310        94.9655626730 
        0.1600026000         0.1100000000         1.2895672300        34.2388150120       113.9875886872 
        0.1650000000         0.1100000000         1.2819203755        35.1563139883       102.5743730787 
        0.1700000000         0.1100000000         1.2819203755        35.1563139883       102.5743730787 
        0.1750001000         0.1100000000         1.2717245696        35.1563139883        87.3567522674 
        0.1800001000         0.1100000000         1.2946651330        36.6243123502       121.5963990928 
        0.1850000000         0.1100000000         1.2844693270        36.8078121455       106.3787782815 
        0.1900004000         0.1100000000         1.2819203755        37.3583115312       102.5743730787 
        0.1950000000         0.1100000000         1.2717245696        37.3583115312        87.3567522674 
        0.2000000000         0.1100000000         1.2768224726        37.9088109170        94.9655626730 
        0.2050000000         0.1100000000         1.2819203755        38.6428100980       102.5743730787 
        0.2100001000         0.1100000000         1.2870182785        39.3768092790       110.1831834843 
        0.2150001000         0.1100000000         1.2768224726        39.3768092790        94.9655626730 
        0.2200000000         0.1100000000         1.2742735211        39.9273086647        91.1611574702 
        0.2250007000         0.1100000000         1.2921161815        40.8448076410       117.7919938900 
        0.2300001000         0.1100000000         1.2742735211        41.2118072315        91.1611574702 
        0.2350000000         0.1100000000         1.2742735211        41.3953070267        91.1611574702 
        0.2400001000         0.1100000000         1.2844693270        43.0468051839       106.3787782815 
        0.2450000000         0.1100000000         1.2844693270        42.8633053887       106.3787782815 
        0.2500000000         0.1100000000         1.2793714240        43.4138047744        98.7699678758 
        0.2550000000         0.1100000000         1.2895672300        44.3313037507       113.9875886872 
        0.2600000000         0.1100000000         1.2742735211        44.3313037507        91.1611574702 
        0.2650000000         0.1100000000         1.2946651330        45.4323025222       121.5963990928 
        0.2700001000         0.1100000000         1.2921161815        45.9828019079       117.7919938900 
        0.2750000000         0.1100000000         1.2921161815        45.7993021127       117.7919938900 
        0.2800000000         0.1100000000         1.2921161815        46.9003008842       117.7919938900 
        0.2850001000         0.1100000000         1.2921161815        46.9003008842       117.7919938900 
        0.2900001000         0.1100000000         1.2742735211        47.6343000652        91.1611574702 
        0.2950000000         0.1100000000         1.2921161815        47.6343000652       117.7919938900 
        0.3000001000         0.1100000000         1.2844693270        48.7352988366       106.3787782815 
        0.3050000000         0.1100000000         1.2819203755        48.7352988366       102.5743730787 
        0.3100000000         0.1100000000         1.2895672300        49.8362976081       113.9875886872 
        0.3150000000         0.1100000000         1.2844693270        50.3867969939       106.3787782815 
        0.3200000000         0.1100000000         1.2793714240        50.7537965844        98.7699678758 
        0.3250000000         0.1100000000         1.2895672300        51.3042959701       113.9875886872 
        0.3300000000         0.1100000000         1.2793714240        51.4877957654        98.7699678758 
        0.3350000000         0.1100000000         1.2895672300        52.5887945369       113.9875886872 
        0.3400001000         0.1100000000         1.2793714240        53.1392939226        98.7699678758 
        0.3450000000         0.1100000000         1.2742735211        52.9557941274        91.1611574702 
        0.3500001000         0.1100000000         1.2870182785        54.2402926941       110.1831834843 
        0.3550058000         0.1100000000         1.2742735211        54.6072922846        91.1611574702 
        0.3600000000         0.1100000000         1.2793714240        54.7907920798        98.7699678758 
        0.3650038000         0.1100000000         1.2844693270        55.7082910561       106.3787782815 
        0.3700000000         0.1100000000         1.2819203755        55.8917908513       102.5743730787 
        0.3750000000         0.1100000000         1.2793714240        55.8917908513        98.7699678758 
        0.3800000000         0.1100000000         1.2844693270        56.9927896228       106.3787782815 
        0.3850000000         0.1100000000         1.2844693270        57.7267888038       106.3787782815 
        0.3900000000         0.1100000000         1.2768224726        57.9102885991        94.9655626730 
        0.3950001000         0.1100000000         1.2819203755        58.6442877801       102.5743730787 
        0.4000000000         0.1100000000         1.2870182785        58.8277875753       110.1831834843 
        0.4050000000         0.1100000000         1.2895672300        60.1122861421       113.9875886872 
        0.4100001000         0.1100000000         1.2946651330        60.2957859373       121.5963990928 
        0.4150001000         0.1100000000         1.2870182785        60.8462853230       110.1831834843 
        0.4200001000         0.1100000000         1.2870182785        61.9472840945       110.1831834843 
        0.4250001000         0.1100000000         1.2844693270        61.9472840945       106.3787782815 
        0.4300049000         0.1100000000         1.2946651330        62.4977834803       121.5963990928 
        0.4350000000         0.1100000000         1.2921161815        63.7822820470       117.7919938900 
        0.4400000000         0.1100000000         1.2895672300        63.7822820470       113.9875886872 
        0.4450000000         0.1100000000         1.2895672300        64.1492816375       113.9875886872 
        0.4500000000         0.1100000000         1.2921161815        64.8832808185       117.7919938900 
        0.4550000000         0.1100000000         1.3023119874        65.9842795900       133.0096147013 
        0.4600000000         0.1100000000         1.2768224726        65.8007797948        94.9655626730 
        0.4650001000         0.1100000000         1.2870182785        66.3512791805       110.1831834843 
        0.4700000000         0.1100000000         1.2819203755        67.4522779520       102.5743730787 
        0.4750001000         0.1100000000         1.2844693270        67.0852783615       106.3787782815 
        0.4800019000         0.1100000000         1.2870182785        68.0027773377       110.1831834843 
        0.4850000000         0.1100000000         1.2793714240        68.0027773377        98.7699678758 
        0.4900000000         0.1100000000         1.2870182785        69.1037761092       110.1831834843 
        0.4950000000         0.1100000000         1.2844693270        69.4707756997       106.3787782815 
        0.5000000000         0.1100000000         1.2819203755        69.6542754950       102.5743730787 
        0.5050013000         0.1100000000         1.2946651330        71.1222738570       121.5963990928 
        0.5100000000         0.1100000000         1.2895672300        71.1222738570       113.9875886872 
        0.5150000000         0.1100000000         1.2844693270        71.6727732427       106.3787782815 
        0.5200001000         0.1100000000         1.2946651330        72.5902722190       121.5963990928 
        0.5250000000         0.1100000000         1.2819203755        72.5902722190       102.5743730787 
        0.5300000000         0.1100000000         1.2921161815        73.6912709904       117.7919938900 
        0.5350001000         0.1100000000         1.2921161815        74.4252701714       117.7919938900 
        0.5400000000         0.1100000000         1.2768224726        74.2417703762        94.9655626730 
        0.5450000000         0.1100000000         1.2921161815        75.1592693524       117.7919938900 
        0.5500001000         0.1100000000         1.2819203755        75.3427691477       102.5743730787 
        0.5550000000         0.1100000000         1.2844693270        75.7097687382       106.3787782815 
        0.5600000000         0.1100000000         1.2819203755        75.7097687382       102.5743730787 
        0.5650000000         0.1100000000         1.2819203755        76.8107675097       102.5743730787 
        0.5700001000         0.1100000000         1.2972140844        77.7282664859       125.4008042957 
        0.5750001000         0.1100000000         1.2844693270        77.5447666907       106.3787782815 
        0.5800001000         0.1100000000         1.2793714240        78.4622656669        98.7699678758 
        0.5850000000         0.1100000000         1.2819203755        78.6457654622       102.5743730787 
        0.5900001000         0.1100000000         1.2997630359        79.9302640289       129.2052094985 
        0.5950000000         0.1100000000         1.2844693270        79.9302640289       106.3787782815 
        0.6000000000         0.1100000000         1.2895672300        80.4807634146       113.9875886872 
        0.6050001000         0.1100000000         1.2895672300        81.0312628004       113.9875886872 
        0.6100000000         0.1100000000         1.2946651330        81.5817621861       121.5963990928 
        0.6150000000         0.1100000000         1.2895672300        82.1322615719       113.9875886872 
        0.6200000000         0.1100000000         1.2921161815        82.8662607529       117.7919938900 
        0.6250000000         0.1100000000         1.2921161815        83.2332603434       117.7919938900 
        0.6300029000         0.1100000000         1.2895672300        83.9672595244       113.9875886872 
        0.6350000000         0.1100000000         1.2921161815        84.8847585006       117.7919938900 
        0.6400000000         0.1100000000         1.2793714240        84.3342591149        98.7699678758 
        0.6450001000         0.1100000000         1.2844693270        85.4352578863       106.3787782815 
        0.6500000000         0.1100000000         1.2870182785        85.6187576816       110.1831834843 
        0.6550000000         0.1100000000         1.2768224726        86.1692570673        94.9655626730 
        0.6600001000         0.1100000000         1.2819203755        86.9032562483       102.5743730787 
        0.6650000000         0.1100000000         1.2819203755        86.9032562483       102.5743730787 
        0.6700000000         0.1100000000         1.2921161815        88.0042550198       117.7919938900 
        0.6750001000         0.1100000000         1.2921161815        89.1052537913       117.7919938900 
        0.6800000000         0.1100000000         1.2895672300        88.9217539961       113.9875886872 
        0.6850000000         0.1100000000         1.2921161815        90.0227527676       117.7919938900 
        0.6900000000         0.1100000000         1.2844693270        89.6557531771       106.3787782815 
        0.6950001000         0.1100000000         1.2921161815        91.3072513343       117.7919938900 
        0.7000001000         0.1100000000         1.2870182785        91.3072513343       110.1831834843 
        0.7050001000         0.1100000000         1.2921161815        91.6742509248       117.7919938900 
        0.7100000000         0.1100000000         1.2895672300        92.7752496963       113.9875886872 
        0.7150001000         0.1100000000         1.3023119874        93.3257490820       133.0096147013 
        0.7200000000         0.1100000000         1.2921161815        93.5092488773       117.7919938900 
        0.7250000000         0.1100000000         1.2895672300        94.0597482630       113.9875886872 
        0.7300001000         0.1100000000         1.3048609389        95.1607470345       136.8140199041 
        0.7350000000         0.1100000000         1.2895672300        95.3442468298       113.9875886872 
        0.7400000000         0.1100000000         1.3023119874        96.0782460108       133.0096147013 
        0.7450000000         0.1100000000         1.2895672300        96.4452456013       113.9875886872 
        0.7500000000         0.1100000000         1.2921161815        97.3627445775       117.7919938900 
        0.7550000000         0.1100000000         1.2972140844        97.5462443727       125.4008042957 
        0.7600000000         0.1100000000         1.2946651330        98.2802435537       121.5963990928 
        0.7650000000         0.1100000000         1.3099588419        99.1977425300       144.4228303098 
        0.7700001000         0.1100000000         1.2895672300        99.0142427347       113.9875886872 
        0.7750000000         0.1100000000         1.2997630359        99.7482419157       129.2052094985 
        0.7800000000         0.1100000000         1.2946651330       100.1152415062       121.5963990928 
        0.7850001000         0.1100000000         1.2972140844       101.5832398682       125.4008042957 
        0.7900000000         0.1100000000         1.2946651330       101.9502394587       121.5963990928 
        0.7950000000         0.1100000000         1.3074098904       103.0512382302       140.6184251070 
        0.8000001000         0.1100000000         1.2972140844       103.0512382302       125.4008042957 
        0.8050000000         0.1100000000         1.2972140844       103.7852374112       125.4008042957 
        0.8100000000         0.1100000000         1.2921161815       104.3357367969       117.7919938900 
        0.8150000000         0.1100000000         1.3048609389       104.8862361827       136.8140199041 
        0.8200001000         0.1100000000         1.3048609389       105.9872349542       136.8140199041 
        0.8250001000         0.1100000000         1.3023119874       106.1707347494       133.0096147013 
        0.8300001000         0.1100000000         1.3048609389       106.9047339304       136.8140199041 
        0.8350020000         0.1100000000         1.3074098904       107.8222329067       140.6184251070 
        0.8400001000         0.1100000000         1.2946651330       107.8222329067       121.5963990928 
        0.8450000000         0.1100000000         1.2972140844       109.1067314734       125.4008042957 
        0.8500000000         0.1100000000         1.2895672300       108.9232316782       113.9875886872 
        0.8550001000         0.1100000000         1.2972140844       110.3912300401       125.4008042957 
        0.8600000000         0.1100000000         1.2946651330       110.5747298354       121.5963990928 
        0.8650000000         0.1100000000         1.2819203755       111.1252292211       102.5743730787 
        0.8700000000         0.1100000000         1.3023119874       112.0427281974       133.0096147013 
        0.8750000000         0.1100000000         1.2819203755       111.6757286069       102.5743730787 
        0.8800000000         0.1100000000         1.2946651330       112.5932275831       121.5963990928 
        0.8850000000         0.1100000000         1.2972140844       113.3272267641       125.4008042957 
        0.8900000000         0.1100000000         1.2819203755       113.3272267641       102.5743730787 
        0.8950001000         0.1100000000         1.3023119874       114.9787249214       133.0096147013 
        0.9000000000         0.1100000000         1.2895672300       114.7952251261       113.9875886872 
        0.9050000000         0.1100000000         1.3048609389       116.2632234881       136.8140199041 
        0.9100001000         0.1100000000         1.3099588419       116.2632234881       144.4228303098 
        0.9150000000         0.1100000000         1.2972140844       116.8137228738       125.4008042957 
        0.9200000000         0.1100000000         1.3048609389       117.9147216453       136.8140199041 
        0.9250001000         0.1100000000         1.2921161815       117.7312218501       117.7919938900 
        0.9300000000         0.1100000000         1.2895672300       118.8322206216       113.9875886872 
        0.9350000000         0.1100000000         1.2972140844       119.3827200073       125.4008042957 
        0.9400000000         0.1100000000         1.2972140844       120.3002189836       125.4008042957 
        0.9450001000         0.1100000000         1.3023119874       120.8507183693       133.0096147013 
        0.9500001000         0.1100000000         1.2921161815       120.8507183693       117.7919938900 
        0.9550001000         0.1100000000         1.3023119874       121.0342181646       133.0096147013 
        0.9600001000         0.1100000000         1.3023119874       122.6857163218       133.0096147013 
        0.9650001000         0.1100000000         1.2972140844       122.6857163218       125.4008042957 
        0.9700000000         0.1100000000         1.2946651330       123.4197155028       121.5963990928 
        0.9750000000         0.1100000000         1.3023119874       123.7867150933       133.0096147013 
        0.9800001000         0.1100000000         1.2946651330       124.5207142743       121.5963990928 
        0.9850000000         0.1100000000         1.2972140844       124.7042140695       125.4008042957 
        0.9900000000         0.1100000000         1.2972140844       126.3557122268       125.4008042957 
        0.9950000000         0.1100000000         1.2870182785       125.6217130458       110.1831834843 
        1.0000000000         0.1100000000         1.2972140844       127.4567109983       125.4008042957 
        1.0050000000         0.1100000000         1.2921161815       128.1907101792       117.7919938900 
        1.0100001000         0.1100000000         1.2997630359       128.5577097697       129.2052094985 
        1.0150000000         0.1100000000         1.2921161815       128.5577097697       117.7919938900 
        1.0200001000         0.1100000000         1.2946651330       129.1082091555       121.5963990928 
        1.0250000000         0.1100000000         1.2972140844       130.2092079270       125.4008042957 
        1.0300000000         0.1100000000         1.2819203755       130.3927077222       102.5743730787 
        1.0350001000         0.1100000000         1.2946651330       130.9432071080       121.5963990928 
        1.0400000000         0.1100000000         1.2895672300       131.6772062890       113.9875886872 
        1.0450000000         0.1100000000         1.2946651330       132.4112054700       121.5963990928 
        1.0500001000         0.1100000000         1.2972140844       132.7782050605       125.4008042957 
        1.0550000000         0.1100000000         1.2972140844       133.5122042415       125.4008042957 
        1.0600000000         0.1100000000         1.3048609389       134.6132030129       136.8140199041 
        1.0650000000         0.1100000000         1.3048609389       134.7967028082       136.8140199041 
        1.0700000000         0.1100000000         1.2946651330       135.1637023987       121.5963990928 
        1.0750000000         0.1100000000         1.2972140844       135.8977015797       125.4008042957 
        1.0800000000         0.1100000000         1.3125077934       137.1822001464       148.2272355126 
        1.0850000000         0.1100000000         1.2946651330       137.1822001464       121.5963990928 
        1.0900001000         0.1100000000         1.3099588419       138.2831989179       144.4228303098 
        1.0950000000         0.1100000000         1.3048609389       138.6501985084       136.8140199041 
        1.1000000000         0.1100000000         1.3074098904       139.7511972799       140.6184251070 
        1.1050001000         0.1100000000         1.3048609389       139.3841976894       136.8140199041 
        1.1100000000         0.1100000000         1.2946651330       140.3016966657       121.5963990928 
        1.1150000000         0.1100000000         1.2997630359       141.0356958466       129.2052094985 
        1.1200000000         0.1100000000         1.2997630359       141.5861952324       129.2052094985 
        1.1250000000         0.1100000000         1.2946651330       142.3201944134       121.5963990928 
        1.1300000000         0.1100000000         1.3074098904       142.8706937991       140.6184251070 
        1.1350001000         0.1100000000         1.2946651330       143.7881927754       121.5963990928 
        1.1400000000         0.1100000000         1.2870182785       143.6046929801       110.1831834843 
        1.1450001000         0.1100000000         1.2946651330       144.7056917516       121.5963990928 
        1.1500000000         0.1100000000         1.2844693270       144.7056917516       106.3787782815 
        1.1550001000         0.1100000000         1.2921161815       145.2561911374       117.7919938900 
        1.1600001000         0.1100000000         1.2895672300       146.5406897041       113.9875886872 
        1.1650000000         0.1100000000         1.2844693270       146.3571899089       106.3787782815 
        1.1700000000         0.1100000000         1.2921161815       147.4581886803       117.7919938900 
        1.1750001000         0.1100000000         1.2844693270       148.5591874518       106.3787782815 
        1.1800000000         0.1100000000         1.2819203755       148.0086880661       102.5743730787 
        1.1850000000         0.1100000000         1.2819203755       149.1096868376       102.5743730787 
        1.1900000000         0.1100000000         1.2793714240       149.1096868376        98.7699678758 
        1.1950000000         0.1100000000         1.2870182785       150.2106856091       110.1831834843 
        1.2000000000         0.1100000000         1.2997630359       151.1281845853       129.2052094985 
        1.2050000000         0.1100000000         1.2768224726       150.9446847901        94.9655626730 
        1.2100000000         0.1100000000         1.2844693270       151.8621837663       106.3787782815 
        1.2150001000         0.1100000000         1.2870182785       152.4126831521       110.1831834843 
        1.2200000000         0.1100000000         1.2895672300       152.9631825378       113.9875886872 
        1.2250000000         0.1100000000         1.2972140844       153.8806815140       125.4008042957 
        1.2300001000         0.1100000000         1.2946651330       154.6146806950       121.5963990928 
        1.2350000000         0.1100000000         1.2921161815       154.6146806950       117.7919938900 
        1.2400000000         0.1100000000         1.2844693270       154.7981804903       106.3787782815 
        1.2450000000         0.1100000000         1.2972140844       155.7156794665       125.4008042957 
        1.2500000000         0.1100000000         1.2921161815       157.0001780333       117.7919938900 
        1.2550000000         0.1100000000         1.2946651330       156.8166782380       121.5963990928 
        1.2600001000         0.1100000000         1.2870182785       157.9176770095       110.1831834843 
        1.2650000000         0.1100000000         1.2895672300       157.5506774190       113.9875886872 
        1.2700001000         0.1100000000         1.2921161815       158.6516761905       117.7919938900 
        1.2750000000         0.1100000000         1.2895672300       159.2021755762       113.9875886872 
        1.2800001000         0.1100000000         1.2895672300       159.3856753715       113.9875886872 
        1.2850001000         0.1100000000         1.2946651330       160.6701739382       121.5963990928 
        1.2900000000         0.1100000000         1.2921161815       160.4866741430       117.7919938900 
        1.2950000000         0.1100000000         1.2972140844       161.5876729145       125.4008042957 
        1.3000001000         0.1100000000         1.2946651330       161.9546725050       121.5963990928 
        1.3050000000         0.1100000000         1.2819203755       162.6886716860       102.5743730787 
        1.3100000000         0.1100000000         1.3023119874       163.6061706622       133.0096147013 
        1.3150000000         0.1100000000         1.2895672300       163.7896704575       113.9875886872 
        1.3200000000         0.1100000000         1.3048609389       164.1566700480       136.8140199041 
        1.3250000000         0.1100000000         1.2819203755       164.5236696385       102.5743730787 
        1.3300000000         0.1100000000         1.2972140844       165.0741690242       125.4008042957 
        1.3350000000         0.1100000000         1.2972140844       166.3586675909       125.4008042957 
        1.3400001000         0.1100000000         1.2870182785       166.5421673862       110.1831834843 
        1.3450000000         0.1100000000         1.3074098904       168.0101657482       140.6184251070 
        1.3500000000         0.1100000000         1.2946651330       168.0101657482       121.5963990928 
        1.3550001000         0.1100000000         1.2946651330       168.5606651339       121.5963990928 
        1.3600000000         0.1100000000         1.2972140844       169.6616639054       125.4008042957 
        1.3650000000         0.1100000000         1.2819203755       169.4781641102       102.5743730787 
        1.3700000000         0.1100000000         1.2921161815       170.5791628817       117.7919938900 
        1.3750000000         0.1100000000         1.2844693270       170.9461624722       106.3787782815 
        1.3800000000         0.1100000000         1.2946651330       171.4966618579       121.5963990928 
        1.3850001000         0.1100000000         1.2844693270       172.0471612436       106.3787782815 
        1.3900000000         0.1100000000         1.3099588419       173.1481600151       144.4228303098 
        1.3950001000         0.1100000000         1.3048609389       173.8821591961       136.8140199041 
        1.4000000000         0.1100000000         1.2972140844       174.0656589914       125.4008042957 
        1.4050001000         0.1100000000         1.3048609389       175.1666577629       136.8140199041 
        1.4100001000         0.1100000000         1.3074098904       175.9006569439       140.6184251070 
        1.4150000000         0.1100000000         1.3048609389       175.9006569439       136.8140199041 
        1.4200000000         0.1100000000         1.2946651330       175.9006569439       121.5963990928 
        1.4250001000         0.1100000000         1.2997630359       177.0016557154       129.2052094985 
        1.4300000000         0.1100000000         1.2997630359       177.0016557154       129.2052094985 
        1.4350000000         0.1100000000         1.2895672300       178.1026544868       113.9875886872 
        1.4400000000         0.1100000000         1.2946651330       178.2861542821       121.5963990928 
        1.4450000000         0.1100000000         1.2997630359       179.0201534631       129.2052094985 
        1.4500000000         0.1100000000         1.3048609389       180.3046520298       136.8140199041 
        1.4550000000         0.1100000000         1.2921161815       180.4881518251       117.7919938900 
        1.4600000000         0.1100000000         1.3074098904       181.4056508013       140.6184251070 
        1.4650001000         0.1100000000         1.3023119874       181.7726503918       133.0096147013 
        1.4700000000         0.1100000000         1.3125077934       183.2406487538       148.2272355126 
        1.4750000000         0.1100000000         1.3023119874       184.1581477300       133.0096147013 
        1.4800001000         0.1100000000         1.2921161815       183.7911481395       117.7919938900 
        1.4850000000         0.1100000000         1.2972140844       184.8921469110       125.4008042957 
        1.4900000000         0.1100000000         1.3048609389       185.6261460920       136.8140199041 
        1.4950000000         0.1100000000         1.3048609389       186.3601452730       136.8140199041 
        1.5000000000         0.1100000000         1.3023119874       186.3601452730       133.0096147013 
        1.5050000000         0.1100000000         1.3125077934       188.1951432255       148.2272355126 
        1.5100001000         0.1100000000         1.3023119874       188.3786430208       133.0096147013 
        1.5150000000         0.1100000000         1.2997630359       189.1126422018       129.2052094985 
        1.5200001000         0.1100000000         1.2921161815       189.1126422018       117.7919938900 
        1.5250000000         0.1100000000         1.3023119874       190.0301411780       133.0096147013 
        1.5300001000         0.1100000000         1.3074098904       191.3146397447       140.6184251070 
        1.5350001000         0.1100000000         1.2997630359       191.4981395400       129.2052094985 
        1.5400001000         0.1100000000         1.2921161815       191.4981395400       117.7919938900 
        1.5450000000         0.1100000000         1.3048609389       193.1496376972       136.8140199041 
        1.5500001000         0.1100000000         1.2921161815       193.1496376972       117.7919938900 
        1.5550000000         0.1100000000         1.3099588419       194.4341362640       144.4228303098 
        1.5600000000         0.1100000000         1.3023119874       194.6176360592       133.0096147013 
        1.5650000000         0.1100000000         1.3048609389       194.6176360592       136.8140199041 
        1.5700000000         0.1100000000         1.3099588419       196.4526340117       144.4228303098 
        1.5750000000         0.1100000000         1.3048609389       196.6361338069       136.8140199041 
        1.5800000000         0.1100000000         1.3023119874       197.1866331927       133.0096147013 
        1.5850000000         0.1100000000         1.2946651330       197.9206323737       121.5963990928 
        1.5900001000         0.1100000000         1.3099588419       198.8381313499       144.4228303098 
        1.5950000000         0.1100000000         1.3074098904       199.3886307357       140.6184251070 
        1.6000000000         0.1100000000         1.3023119874       199.3886307357       133.0096147013 
        1.6050001000         0.1100000000         1.2946651330       200.4896295072       121.5963990928 
        1.6100000000         0.1100000000         1.3074098904       201.2236286882       140.6184251070 
        1.6150000000         0.1100000000         1.3099588419       202.5081272549       144.4228303098 
        1.6200000000         0.1100000000         1.3099588419       202.1411276644       144.4228303098 
        1.6250000000         0.1100000000         1.2972140844       202.8751268454       125.4008042957 
        1.6300000000         0.1100000000         1.3048609389       203.9761256169       136.8140199041 
        1.6350001000         0.1100000000         1.3099588419       204.7101247979       144.4228303098 
        1.6400000000         0.1100000000         1.3176056963       205.4441239789       155.8360459183 
        1.6450001000         0.1100000000         1.2946651330       205.6276237741       121.5963990928 
        1.6500000000         0.1100000000         1.3048609389       206.1781231599       136.8140199041 
        1.6550001000         0.1100000000         1.3099588419       207.6461215219       144.4228303098 
        1.6600001000         0.1100000000         1.3048609389       208.3801207028       136.8140199041 
        1.6650001000         0.1100000000         1.3048609389       207.8296213171       136.8140199041 
        1.6700000000         0.1100000000         1.3023119874       209.2976196791       133.0096147013 
        1.6750001000         0.1100000000         1.3074098904       210.3986184506       140.6184251070 
        1.6800000000         0.1100000000         1.2972140844       210.3986184506       125.4008042957 
        1.6850000000         0.1100000000         1.3048609389       211.1326176316       136.8140199041 
        1.6900000000         0.1100000000         1.3125077934       212.2336164031       148.2272355126 
        1.6950000000         0.1100000000         1.2972140844       212.2336164031       125.4008042957 
        1.7000000000         0.1100000000         1.3048609389       213.5181149698       136.8140199041 
        1.7050000000         0.1100000000         1.3074098904       213.7016147651       140.6184251070 
        1.7100000000         0.1100000000         1.2997630359       214.6191137413       129.2052094985 
        1.7150001000         0.1100000000         1.3099588419       214.9861133318       144.4228303098 
        1.7200000000         0.1100000000         1.2946651330       215.5366127175       121.5963990928 
        1.7250000000         0.1100000000         1.3125077934       216.4541116938       148.2272355126 
        1.7300001000         0.1100000000         1.3023119874       217.0046110795       133.0096147013 
        1.7350000000         0.1100000000         1.3125077934       217.9221100558       148.2272355126 
        1.7400000000         0.1100000000         1.3048609389       218.4726094415       136.8140199041 
        1.7450000000         0.1100000000         1.2972140844       218.4726094415       125.4008042957 
        1.7500000000         0.1100000000         1.3150567448       220.1241075988       152.0316407155 
        1.7550000000         0.1100000000         1.3074098904       220.6746069845       140.6184251070 
        1.7600001000         0.1100000000         1.2997630359       220.6746069845       129.2052094985 
        1.7650000000         0.1100000000         1.3023119874       221.4086061655       133.0096147013 
        1.7700001000         0.1100000000         1.3201546478       222.5096049370       159.6404511211 
        1.7750000000         0.1100000000         1.2972140844       223.2436041180       125.4008042957 
        1.7800001000         0.1100000000         1.2921161815       223.6106037085       117.7919938900 
        1.7850001000         0.1100000000         1.3150567448       224.7116024800       152.0316407155 
        1.7900001000         0.1100000000         1.3099588419       225.4456016610       144.4228303098 
        1.7950000000         0.1100000000         1.3150567448       225.9961010467       152.0316407155 
        1.8000001000         0.1100000000         1.3125077934       226.5466004324       148.2272355126 
        1.8050000000         0.1100000000         1.3048609389       226.9136000229       136.8140199041 
        1.8100000000         0.1100000000         1.3048609389       228.1980985897       136.8140199041 
        1.8150000000         0.1100000000         1.3125077934       229.1155975659       148.2272355126 
        1.8200000000         0.1100000000         1.2921161815       229.4825971564       117.7919938900 
        1.8250000000         0.1100000000         1.2997630359       230.2165963374       129.2052094985 
        1.8300000000         0.1100000000         1.3176056963       230.9505955184       155.8360459183 
        1.8350000000         0.1100000000         1.2997630359       231.5010949042       129.2052094985 
        1.8400001000         0.1100000000         1.3074098904       232.0515942899       140.6184251070 
        1.8450000000         0.1100000000         1.3150567448       232.7855934709       152.0316407155 
        1.8500000000         0.1100000000         1.3074098904       233.7030924471       140.6184251070 
        1.8550001000         0.1100000000         1.3176056963       234.8040912186       155.8360459183 
        1.8600000000         0.1100000000         1.3099588419       235.5380903996       144.4228303098 
        1.8650000000         0.1100000000         1.3048609389       235.5380903996       136.8140199041 
        1.8700000000         0.1100000000         1.3099588419       236.6390891711       144.4228303098 
        1.8750000000         0.1100000000         1.3125077934       236.8225889664       148.2272355126 
        1.8800000000         0.1100000000         1.3074098904       238.4740871236       140.6184251070 
        1.8850001000         0.1100000000         1.3023119874       238.6575869189       133.0096147013 
        1.8900000000         0.1100000000         1.2972140844       239.0245865093       125.4008042957 
        1.8950001000         0.1100000000         1.3125077934       240.6760846666       148.2272355126 
        1.9000000000         0.1100000000         1.3125077934       240.8595844618       148.2272355126 
        1.9050001000         0.1100000000         1.3176056963       242.1440830286       155.8360459183 
        1.9100001000         0.1100000000         1.3099588419       241.9605832333       144.4228303098 
        1.9150001000         0.1100000000         1.3048609389       242.6945824143       136.8140199041 
        1.9200000000         0.1100000000         1.3150567448       243.9790809811       152.0316407155 
        1.9250001000         0.1100000000         1.3099588419       244.5295803668       144.4228303098 
        1.9300000000         0.1100000000         1.3125077934       245.8140789335       148.2272355126 
        1.9350000000         0.1100000000         1.3074098904       245.6305791383       140.6184251070 
        1.9400000000         0.1100000000         1.3150567448       247.4655770908       152.0316407155 
        1.9450000000         0.1100000000         1.3023119874       247.2820772955       133.0096147013 
        1.9500000000         0.1100000000         1.3176056963       248.3830760670       155.8360459183 
        1.9550000000         0.1100000000         1.3176056963       249.4840748385       155.8360459183 
        1.9600000000         0.1100000000         1.3099588419       249.6675746338       144.4228303098 
        1.9650001000         0.1100000000         1.3048609389       250.0345742243       136.8140199041 
        1.9700000000         0.1100000000         1.3048609389       251.1355729957       136.8140199041 
        1.9750000000         0.1100000000         1.3125077934       252.0530719720       148.2272355126 
        1.9800001000         0.1100000000         1.3125077934       253.1540707435       148.2272355126 
        1.9850000000         0.1100000000         1.3099588419       253.1540707435       144.4228303098 
        1.9900000000         0.1100000000         1.3150567448       254.0715697197       152.0316407155 
        1.9950000000         0.1100000000         1.3074098904       254.4385693102       140.6184251070 
        2.0000000000         0.1100000000         1.3023119874       255.1725684912       133.0096147013 
        2.0050000000         0.1100000000         1.3150567448       256.6405668532       152.0316407155 
        2.0100000000         0.1100000000         1.3099588419       256.6405668532       144.4228303098 
        2.0150001000         0.1100000000         1.2997630359       257.3745660342       129.2052094985 
        2.0200001000         0.1100000000         1.3252525508       259.0260641914       167.2492615268 
        2.0250000000         0.1100000000         1.3023119874       258.8425643962       133.0096147013 
        2.0300000000         0.1100000000         1.3150567448       259.9435631677       152.0316407155 
        2.0350001000         0.1100000000         1.3227035993       261.2280617344       163.4448563239 
        2.0400001000         0.1100000000         1.3099588419       261.0445619392       144.4228303098 
        2.0450000000         0.1100000000         1.3125077934       262.3290605059       148.2272355126 
        2.0500001000         0.1100000000         1.3125077934       263.0630596869       148.2272355126 
        2.0550000000         0.1100000000         1.3150567448       263.9805586631       152.0316407155 
        2.0600000000         0.1100000000         1.3176056963       264.5310580489       155.8360459183 
        2.0650000000         0.1100000000         1.3150567448       265.2650572299       152.0316407155 
        2.0700000000         0.1100000000         1.3125077934       266.1825562061       148.2272355126 
        2.0750000000         0.1100000000         1.3048609389       266.1825562061       136.8140199041 
        2.0800000000         0.1100000000         1.3278015023       267.6505545681       171.0536667296 
        2.0850000000         0.1100000000         1.3227035993       268.9350531349       163.4448563239 
        2.0900001000         0.1100000000         1.3176056963       269.6690523158       155.8360459183 
        2.0950000000         0.1100000000         1.3176056963       269.8525521111       155.8360459183 
        2.1000000000         0.1100000000         1.3099588419       271.1370506778       144.4228303098 
        2.1050001000         0.1100000000         1.3099588419       271.3205504731       144.4228303098 
        2.1100000000         0.1100000000         1.3150567448       272.2380494493       152.0316407155 
        2.1150000000         0.1100000000         1.3023119874       272.6050490398       133.0096147013 
        2.1200000000         0.1100000000         1.3150567448       274.2565471971       152.0316407155 
        2.1250000000         0.1100000000         1.3150567448       274.2565471971       152.0316407155 
        2.1300000000         0.1100000000         1.3074098904       274.9905463781       140.6184251070 
        2.1350000000         0.1100000000         1.3150567448       275.7245455590       152.0316407155 
        2.1400001000         0.1100000000         1.3125077934       276.4585447400       148.2272355126 
        2.1450001000         0.1100000000         1.3201546478       277.9265431020       159.6404511211 
        2.1500000000         0.1100000000         1.3201546478       278.4770424878       159.6404511211 
        2.1550000000         0.1100000000         1.3099588419       278.1100428973       144.4228303098 
        2.1600001000         0.1100000000         1.3023119874       278.8440420783       133.0096147013 
        2.1650000000         0.1100000000         1.3227035993       280.1285406450       163.4448563239 
        2.1700000000         0.1100000000         1.3201546478       281.4130392118       159.6404511211 
        2.1750001000         0.1100000000         1.3125077934       281.0460396213       148.2272355126 
        2.1800001000         0.1100000000         1.3125077934       282.5140379832       148.2272355126 
        2.1850000000         0.1100000000         1.3227035993       283.6150367547       163.4448563239 
        2.1900000000         0.1100000000         1.3125077934       283.9820363452       148.2272355126 
        2.1950000000         0.1100000000         1.3048609389       284.1655361405       136.8140199041 
        2.2000000000         0.1100000000         1.3125077934       284.8995353215       148.2272355126 
        2.2050000000         0.1100000000         1.3074098904       286.0005340930       140.6184251070 
        2.2100000000         0.1100000000         1.3278015023       287.4685324550       171.0536667296 
        2.2150001000         0.1100000000         1.3150567448       287.6520322502       152.0316407155 
        2.2200000000         0.1100000000         1.3099588419       288.7530310217       144.4228303098 
        2.2250000000         0.1100000000         1.3176056963       289.1200306122       155.8360459183 
        2.2300001000         0.1100000000         1.3176056963       289.8540297932       155.8360459183 
        2.2350000000         0.1100000000         1.2972140844       290.2210293837       125.4008042957 
        2.2400000000         0.1100000000         1.3201546478       291.3220281552       159.6404511211 
        2.2450000000         0.1100000000         1.3023119874       292.0560273362       133.0096147013 
        2.2500000000         0.1100000000         1.3125077934       292.7900265172       148.2272355126 
        2.2550000000         0.1100000000         1.3099588419       294.0745250839       144.4228303098 
        2.2600000000         0.1100000000         1.3099588419       294.4415246744       144.4228303098 
        2.2650001000         0.1100000000         1.3023119874       294.9920240601       133.0096147013 
        2.2700001000         0.1100000000         1.3150567448       296.2765226269       152.0316407155 
        2.2750000000         0.1100000000         1.3023119874       295.9095230364       133.0096147013 
        2.2800000000         0.1100000000         1.3125077934       297.3775213984       148.2272355126 
        2.2850001000         0.1100000000         1.3150567448       298.2950203746       152.0316407155 
        2.2900000000         0.1100000000         1.3099588419       298.6620199651       144.4228303098 
        2.2950000000         0.1100000000         1.3099588419       299.5795189414       144.4228303098 
        2.3000001000         0.1100000000         1.3201546478       300.8640175081       159.6404511211 
        2.3050001000         0.1100000000         1.3278015023       301.2310170986       171.0536667296 
        2.3100000000         0.1100000000         1.3048609389       301.5980166891       136.8140199041 
        2.3150000000         0.1100000000         1.3125077934       302.6990154606       148.2272355126 
        2.3200000000         0.1100000000         1.3176056963       303.6165144368       155.8360459183 
        2.3250000000         0.1100000000         1.3048609389       303.6165144368       136.8140199041 
        2.3300000000         0.1100000000         1.3201546478       305.0845127988       159.6404511211 
        2.3350000000         0.1100000000         1.3176056963       306.0020117751       155.8360459183 
        2.3400001000         0.1100000000         1.3048609389       305.8185119798       136.8140199041 
        2.3450000000         0.1100000000         1.3150567448       307.1030105465       152.0316407155 
        2.3500000000         0.1100000000         1.3125077934       308.0205095228       148.2272355126 
        2.3550001000         0.1100000000         1.3048609389       308.2040093180       136.8140199041 
        2.3600000000         0.1100000000         1.3150567448       309.4885078848       152.0316407155 
        2.3650000000         0.1100000000         1.3048609389       309.8555074753       136.8140199041 
        2.3700000000         0.1100000000         1.3125077934       310.9565062468       148.2272355126 
        2.3750000000         0.1100000000         1.3176056963       312.2410048135       155.8360459183 
        2.3800000000         0.1100000000         1.3150567448       312.4245046088       152.0316407155 
        2.3850000000         0.1100000000         1.3125077934       313.1585037897       148.2272355126 
        2.3900001000         0.1100000000         1.3176056963       314.4430023565       155.8360459183 
        2.3950001000         0.1100000000         1.2997630359       314.6265021517       129.2052094985 
        2.4000000000         0.1100000000         1.3150567448       315.9110007185       152.0316407155 
        2.4050000000         0.1100000000         1.3074098904       316.0945005137       140.6184251070 
        2.4100001000         0.1100000000         1.3125077934       317.3789990805       148.2272355126 
        2.4150000000         0.1100000000         1.3176056963       317.7459986710       155.8360459183 
        2.4200000000         0.1100000000         1.3125077934       318.2964980567       148.2272355126 
        2.4250001000         0.1100000000         1.3125077934       319.0304972377       148.2272355126 
        2.4300001000         0.1100000000         1.3150567448       319.9479962139       152.0316407155 
        2.4350000000         0.1100000000         1.3074098904       320.1314960092       140.6184251070 
        2.4400000000         0.1100000000         1.3201546478       321.4159945759       159.6404511211 
        2.4450000000         0.1100000000         1.3125077934       322.5169933474       148.2272355126 
        2.4500000000         0.1100000000         1.3074098904       322.1499937569       140.6184251070 
        2.4550000000         0.1100000000         1.3023119874       323.6179921189       133.0096147013 
        2.4600000000         0.1100000000         1.3074098904       324.1684915047       140.6184251070 
        2.4650001000         0.1100000000         1.2972140844       324.7189908904       125.4008042957 
        2.4700000000         0.1100000000         1.3048609389       325.8199896619       136.8140199041 
        2.4750000000         0.1100000000         1.3150567448       326.5539888429       152.0316407155 
        2.4800001000         0.1100000000         1.3150567448       327.2879880239       152.0316407155 
        2.4850000000         0.1100000000         1.3048609389       328.0219872049       136.8140199041 
        2.4900000000         0.1100000000         1.3150567448       329.4899855669       152.0316407155 
        2.4950000000         0.1100000000         1.3099588419       329.6734853621       144.4228303098 
        2.5000000000         0.1100000000         1.3048609389       330.2239847479       136.8140199041 
        2.5050000000         0.1100000000         1.3150567448       331.1414837241       152.0316407155 
        2.5100000000         0.1100000000         1.3176056963       332.2424824956       155.8360459183 
        2.5150001000         0.1100000000         1.3099588419       332.9764816766       144.4228303098 
        2.5200001000         0.1100000000         1.3125077934       333.1599814718       148.2272355126 
        2.5250000000         0.1100000000         1.3023119874       334.0774804481       133.0096147013 
        2.5300000000         0.1100000000         1.2997630359       334.2609802433       129.2052094985 
        2.5350001000         0.1100000000         1.3176056963       335.5454788101       155.8360459183 
        2.5400000000         0.1100000000         1.3176056963       336.6464775816       155.8360459183 
        2.5450000000         0.1100000000         1.3048609389       336.6464775816       136.8140199041 
        2.5500001000         0.1100000000         1.3176056963       338.2979757388       155.8360459183 
        2.5550001000         0.1100000000         1.3023119874       338.6649753293       133.0096147013 
        2.5600000000         0.1100000000         1.3048609389       338.8484751245       136.8140199041 
        2.5650000000         0.1100000000         1.3125077934       340.4999732818       148.2272355126 
        2.5700038000         0.1100000000         1.3099588419       340.8669728723       144.4228303098 
        2.5750000000         0.1100000000         1.2997630359       341.2339724628       129.2052094985 
        2.5800000000         0.1100000000         1.3099588419       342.3349712343       144.4228303098 
        2.5850000000         0.1100000000         1.3125077934       343.0689704153       148.2272355126 
        2.5900001000         0.1100000000         1.3048609389       343.4359700057       136.8140199041 
        2.5950000000         0.1100000000         1.3150567448       344.9039683677       152.0316407155 
        2.6000000000         0.1100000000         1.3176056963       345.2709679582       155.8360459183 
        2.6050001000         0.1100000000         1.3048609389       346.3719667297       136.8140199041 
        2.6100000000         0.1100000000         1.3176056963       346.9224661155       155.8360459183 
        2.6150000000         0.1100000000         1.3150567448       348.2069646822       152.0316407155 
        2.6200000000         0.1100000000         1.3099588419       348.3904644775       144.4228303098 
        2.6250000000         0.1100000000         1.3176056963       349.8584628394       155.8360459183 
        2.6300000000         0.1100000000         1.3074098904       349.8584628394       140.6184251070 
        2.6350000000         0.1100000000         1.3150567448       350.9594616109       152.0316407155 
        2.6400001000         0.1100000000         1.3048609389       350.7759618157       136.8140199041 
        2.6450001000         0.1100000000         1.3099588419       352.2439601777       144.4228303098 
        2.6500000000         0.1100000000         1.3125077934       352.9779593587       148.2272355126 
        2.6550000000         0.1100000000         1.2972140844       353.7119585397       125.4008042957 
        2.6600001000         0.1100000000         1.3150567448       354.6294575159       152.0316407155 
        2.6650058000         0.1100000000         1.3048609389       354.8129573112       136.8140199041 
        2.6700000000         0.1100000000         1.3150567448       356.4644554684       152.0316407155 
        2.6750001000         0.1100000000         1.3176056963       357.1984546494       155.8360459183 
        2.6800001000         0.1100000000         1.3150567448       358.1159536256       152.0316407155 
        2.6850000000         0.1100000000         1.3023119874       357.5654542399       133.0096147013 
        2.6900000000         0.1100000000         1.3099588419       358.8499528066       144.4228303098 
        2.6950000000         0.1100000000         1.3099588419       359.4004521924       144.4228303098 
        2.7000000000         0.1100000000         1.3150567448       360.1344513734       152.0316407155 
        2.7050000000         0.1100000000         1.3099588419       360.1344513734       144.4228303098 
        2.7100000000         0.1100000000         1.3074098904       359.5839519876       140.6184251070 
        2.7150001000         0.1100000000         1.3150567448       360.1344513734       152.0316407155 
        2.7200000000         0.1100000000         1.3150567448       360.5014509639       152.0316407155 
        2.7250000000         0.1100000000         1.3048609389       359.4004521924       136.8140199041 
        2.7300001000         0.1100000000         1.3074098904       359.4004521924       140.6184251070 
        2.7350000000         0.1100000000         1.3176056963       359.9509515781       155.8360459183 
        2.7400000000         0.1100000000         1.3176056963       360.5014509639       155.8360459183 
        2.7450000000         0.1100000000         1.3150567448       359.4004521924       152.0316407155 
        2.7500000000         0.1100000000         1.3227035993       360.3179511686       163.4448563239 
        2.7550000000         0.1100000000         1.3074098904       358.1159536256       140.6184251070 
        2.7600000000         0.1100000000         1.3227035993        79.5632644384       163.4448563239 
        2.7650001000         0.1100000000         1.3048609389        79.1962648479       136.8140199041 
        2.7700001000         0.1100000000         1.3201546478        80.2972636194       159.6404511211 
        2.7750000000         0.1100000000         1.3176056963        79.0127650526       155.8360459183 
        2.7800000000         0.1100000000         1.3150567448        79.9302640289       152.0316407155 
        2.7850001000         0.1100000000         1.3125077934        79.9302640289       148.2272355126 
        2.7900018000         0.1100000000         1.3074098904        -0.2591464947       140.6184251070 
        2.7950000000         0.1100000000         1.3099588419        -0.4426462900       144.4228303098 
        2.8000001000         0.1100000000         1.3125077934        -0.2591464947       148.2272355126 
        2.8050001000         0.1100000000         1.3125077934         0.2913528910       148.2272355126 
        2.8100000000         0.1100000000         1.3176056963         0.6583524815       155.8360459183 
        2.8150000000         0.1100000000         1.3227035993         0.6583524815       163.4448563239 
        2.8200000000         0.1100000000         1.3176056963        -0.2591464947       155.8360459183 
        2.8250000000         0.1100000000         1.3227035993         0.6583524815       163.4448563239 
        2.8300000000         0.1100000000         1.3150567448        -0.0756466995       152.0316407155 
        2.8350000000         0.1100000000         1.3099588419        -0.2591464947       144.4228303098 
        2.8400001000         0.1100000000         1.3048609389        -0.2591464947       136.8140199041 
        2.8450000000         0.1100000000         1.3252525508         1.2088518673       167.2492615268 
        2.8500000000         0.1100000000         1.3201546478         1.2088518673       159.6404511211 
        2.8550001000         0.1100000000         1.3201546478         2.3098506388       159.6404511211 
        2.8600000000         0.1100000000         1.3048609389         2.1263508435       136.8140199041 
        2.8650000000         0.1100000000         1.3150567448         3.7778490008       152.0316407155 
        2.8700000000         0.1100000000         1.3099588419         4.1448485913       144.4228303098 
        2.8750044000         0.1100000000         1.3176056963         4.8788477723       155.8360459183 
        2.8800000000         0.1100000000         1.3048609389         5.6128469532       136.8140199041 
        2.8850000000         0.1100000000         1.3048609389         5.7963467485       136.8140199041 
        2.8900001000         0.1100000000         1.3099588419         7.0808453152       144.4228303098 
        2.8950001000         0.1100000000         1.3048609389         7.6313447010       136.8140199041 
        2.9000000000         0.1100000000         1.3125077934         8.3653438820       148.2272355126 
        2.9050000000         0.1100000000         1.3099588419         8.7323434725       144.4228303098 
        2.9100001000         0.1100000000         1.2997630359         9.4663426535       129.2052094985 
        2.9150000000         0.1100000000         1.3023119874        10.2003418345       133.0096147013 
        2.9200000000         0.1100000000         1.3023119874        10.9343410155       133.0096147013 
        2.9250001000         0.1100000000         1.3150567448        12.7693389679       152.0316407155 
        2.9300001000         0.1100000000         1.3125077934        12.7693389679       148.2272355126 
        2.9350000000         0.1100000000         1.3048609389        13.1363385584       136.8140199041 
        2.9400000000         0.1100000000         1.3201546478        14.9713365109       159.6404511211 
        2.9450000000         0.1100000000         1.3176056963        15.1548363062       155.8360459183 
        2.9500000000         0.1100000000         1.3099588419        16.0723352824       144.4228303098 
        2.9550000000         0.1100000000         1.3176056963        16.0723352824       155.8360459183 
        2.9600000000         0.1100000000         1.3150567448        18.0908330301       152.0316407155 
        2.9650001000         0.1100000000         1.3023119874        17.7238334396       133.0096147013 
        2.9700024000         0.1100000000         1.3252525508        19.5588313921       167.2492615268 
        2.9750000000         0.1100000000         1.3150567448        19.7423311874       152.0316407155 
        2.9800001000         0.1100000000         1.2997630359        19.9258309826       129.2052094985 
        2.9850000000         0.1100000000         1.3048609389        21.2103295494       136.8140199041 
        2.9900000000         0.1100000000         1.3074098904        21.9443287304       140.6184251070 
        2.9950000000         0.1100000000         1.3252525508        23.2288272971       167.2492615268 
        3.0000000000         0.1100000000         1.3048609389        23.4123270924       136.8140199041 
        3.0050000000         0.1100000000         1.3150567448        24.6968256591       152.0316407155 
        3.0100000000         0.1100000000         1.3074098904        24.8803254543       140.6184251070 
        3.0150001000         0.1100000000         1.3074098904        25.6143246353       140.6184251070 
        3.0200001000         0.1100000000         1.3023119874        25.7978244306       133.0096147013 
        3.0250000000         0.1100000000         1.2997630359        27.0823229973       129.2052094985 
        3.0300000000         0.1100000000         1.3074098904        27.6328223831       140.6184251070 
        3.0350001000         0.1100000000         1.3074098904        28.3668215641       140.6184251070 
        3.0400000000         0.1100000000         1.3048609389        29.2843205403       136.8140199041 
        3.0450000000         0.1100000000         1.2895672300        29.2843205403       113.9875886872 
        3.0500001000         0.1100000000         1.2997630359        30.0183197213       129.2052094985 
        3.0550001000         0.1100000000         1.3099588419        31.1193184928       144.4228303098 
        3.0600000000         0.1100000000         1.3048609389        31.6698178785       136.8140199041 
        3.0650000000         0.1100000000         1.3023119874        32.4038170595       133.0096147013 
        3.0700000000         0.1100000000         1.2972140844        33.1378162405       125.4008042957 
        3.0750001000         0.1100000000         1.3023119874        33.3213160358       133.0096147013 
        3.0800000000         0.1100000000         1.2946651330        34.4223148073       121.5963990928 
        3.0850000000         0.1100000000         1.3023119874        34.6058146025       133.0096147013 
        3.0900001000         0.1100000000         1.3048609389        35.5233135788       136.8140199041 
        3.0950000000         0.1100000000         1.2997630359        36.0738129645       129.2052094985 
        3.1000083000         0.1100000000         1.3023119874        36.8078121455       133.0096147013 
        3.1050001000         0.1100000000         1.3023119874        37.5418113265       133.0096147013 
        3.1100000000         0.1100000000         1.3048609389        38.6428100980       136.8140199041 
        3.1150000000         0.1100000000         1.3074098904        39.3768092790       140.6184251070 
        3.1200000000         0.1100000000         1.3023119874        39.3768092790       133.0096147013 
        3.1250000000         0.1100000000         1.3023119874        40.8448076410       133.0096147013 
        3.1300000000         0.1100000000         1.3048609389        41.3953070267       136.8140199041 
        3.1350000000         0.1100000000         1.2997630359        41.9458064125       129.2052094985 
        3.1400001000         0.1100000000         1.2972140844        42.3128060029       125.4008042957 
        3.1450001000         0.1100000000         1.3048609389        43.4138047744       136.8140199041 
        3.1500000000         0.1100000000         1.2946651330        43.5973045697       121.5963990928 
        3.1550000000         0.1100000000         1.2997630359        44.6983033412       129.2052094985 
        3.1600001000         0.1100000000         1.2946651330        44.6983033412       121.5963990928 
        3.1650000000         0.1100000000         1.2997630359        45.9828019079       129.2052094985 
        3.1700000000         0.1100000000         1.3048609389        46.9003008842       136.8140199041 
        3.1750001000         0.1100000000         1.3023119874        47.2673004747       133.0096147013 
        3.1800001000         0.1100000000         1.2921161815        47.8177998604       117.7919938900 
        3.1850000000         0.1100000000         1.3048609389        48.5517990414       136.8140199041 
        3.1900000000         0.1100000000         1.3048609389        49.6527978129       136.8140199041 
        3.1950000000         0.1100000000         1.2946651330        49.6527978129       121.5963990928 
        3.2000001000         0.1100000000         1.2997630359        50.2032971986       129.2052094985 
        3.2050000000         0.1100000000         1.2972140844        50.7537965844       125.4008042957 
        3.2100000000         0.1100000000         1.3099588419        52.0382951511       144.4228303098 
        3.2150001000         0.1100000000         1.2997630359        52.7722943321       129.2052094985 
        3.2200043000         0.1100000000         1.2997630359        52.7722943321       129.2052094985 
        3.2250000000         0.1100000000         1.2946651330        53.5062935131       121.5963990928 
        3.2300001000         0.1100000000         1.3074098904        54.6072922846       140.6184251070 
        3.2350000000         0.1100000000         1.2921161815        54.7907920798       117.7919938900 
        3.2400000000         0.1100000000         1.2997630359        55.1577916703       129.2052094985 
        3.2450000000         0.1100000000         1.2921161815        55.8917908513       117.7919938900 
        3.2500000000         0.1100000000         1.2972140844        56.4422902371       125.4008042957 
        3.2550000000         0.1100000000         1.2921161815        56.4422902371       117.7919938900 
        3.2600000000         0.1100000000         1.2946651330        58.2772881896       121.5963990928 
        3.2650001000         0.1100000000         1.2972140844        57.9102885991       125.4008042957 
        3.2700001000         0.1100000000         1.2921161815        58.4607879848       117.7919938900 
        3.2750000000         0.1100000000         1.2921161815        59.0112873706       117.7919938900 
        3.2800000000         0.1100000000         1.3023119874        60.1122861421       133.0096147013 
        3.2850001000         0.1100000000         1.2946651330        60.6627855278       121.5963990928 
        3.2900000000         0.1100000000         1.3023119874        61.7637842993       133.0096147013 
        3.2950000000         0.1100000000         1.2946651330        61.9472840945       121.5963990928 
        3.3000001000         0.1100000000         1.2972140844        62.4977834803       125.4008042957 
        3.3050001000         0.1100000000         1.3048609389        63.5987822518       136.8140199041 
        3.3100000000         0.1100000000         1.2946651330        63.7822820470       121.5963990928 
        3.3150000000         0.1100000000         1.2921161815        64.5162812280       117.7919938900 
        3.3200000000         0.1100000000         1.2972140844        65.0667806138       125.4008042957 
        3.3250001000         0.1100000000         1.2972140844        65.4337802043       125.4008042957 
        3.3300000000         0.1100000000         1.2972140844        66.7182787710       125.4008042957 
        3.3350000000         0.1100000000         1.2844693270        66.3512791805       106.3787782815 
        3.3400001000         0.1100000000         1.2844693270        67.0852783615       106.3787782815 
        3.3450000000         0.1100000000         1.2946651330        68.1862771330       121.5963990928 
        3.3500000000         0.1100000000         1.2844693270        67.8192775425       106.3787782815 
        3.3550036000         0.1100000000         1.2895672300        68.9202763140       113.9875886872 
        3.3600000000         0.1100000000         1.2972140844        69.8377752902       125.4008042957 
        3.3650000000         0.1100000000         1.2946651330        70.5717744712       121.5963990928 
        3.3700000000         0.1100000000         1.2921161815        70.5717744712       117.7919938900 
        3.3750000000         0.1100000000         1.3023119874        71.6727732427       133.0096147013 
        3.3800000000         0.1100000000         1.2972140844        72.2232726285       125.4008042957 
        3.3850000000         0.1100000000         1.2921161815        72.4067724237       117.7919938900 
        3.3900001000         0.1100000000         1.2870182785        72.4067724237       110.1831834843 
        3.3950001000         0.1100000000         1.2921161815        73.5077711952       117.7919938900 
        3.4000000000         0.1100000000         1.2946651330        73.8747707857       121.5963990928 
        3.4050000000         0.1100000000         1.2819203755        74.0582705809       102.5743730787 
        3.4100001000         0.1100000000         1.2997630359        75.5262689429       129.2052094985 
        3.4150015000         0.1100000000         1.2870182785        75.3427691477       110.1831834843 
        3.4200000000         0.1100000000         1.2972140844        76.9942673049       125.4008042957 
        3.4250001000         0.1100000000         1.2921161815        76.6272677144       117.7919938900 
        3.4300001000         0.1100000000         1.2997630359        77.9117662812       129.2052094985 
        3.4350000000         0.1100000000         1.3023119874        78.4622656669       133.0096147013 
        3.4400000000         0.1100000000         1.2921161815        78.4622656669       117.7919938900 
        3.4450068000         0.1100000000         1.2921161815        78.6457654622       117.7919938900 
        3.4500001000         0.1100000000         1.2997630359        80.1137638241       129.2052094985 
        3.4550000000         0.1100000000         1.2921161815        80.1137638241       117.7919938900 
        3.4600000000         0.1100000000         1.3074098904        81.3982623909       140.6184251070 
        3.4650001000         0.1100000000         1.3048609389        82.1322615719       136.8140199041 
        3.4700000000         0.1100000000         1.3023119874        82.1322615719       133.0096147013 
        3.4750000000         0.1100000000         1.3023119874        83.4167601386       133.0096147013 
        3.4800001000         0.1100000000         1.3074098904        83.9672595244       140.6184251070 
        3.4850000000         0.1100000000         1.3048609389        84.3342591149       136.8140199041 
        3.4900000000         0.1100000000         1.3023119874        85.0682582958       133.0096147013 
        3.4950000000         0.1100000000         1.2997630359        85.6187576816       129.2052094985 
        3.5000000000         0.1100000000         1.2997630359        86.3527568626       129.2052094985 
        3.5050000000         0.1100000000         1.2997630359        86.7197564531       129.2052094985 
        3.5100000000         0.1100000000         1.2870182785        86.5362566578       110.1831834843 
        3.5150001000         0.1100000000         1.2844693270        87.4537556341       106.3787782815 
        3.5200001000         0.1100000000         1.2997630359        87.8207552246       129.2052094985 
        3.5250000000         0.1100000000         1.2946651330        88.9217539961       121.5963990928 
        3.5300021000         0.1100000000         1.2921161815        88.9217539961       117.7919938900 
        3.5350001000         0.1100000000         1.2870182785        89.1052537913       110.1831834843 
        3.5400000000         0.1100000000         1.2946651330        90.2062525628       121.5963990928 
        3.5450000000         0.1100000000         1.2972140844        90.3897523581       125.4008042957 
        3.5500001000         0.1100000000         1.2946651330        91.6742509248       121.5963990928 
        3.5550001000         0.1100000000         1.2895672300        91.4907511295       113.9875886872 
        3.5600000000         0.1100000000         1.2946651330        92.4082501058       121.5963990928 
        3.5650000000         0.1100000000         1.2895672300        93.1422492868       113.9875886872 
        3.5700000000         0.1100000000         1.2946651330        93.6927486725       121.5963990928 
        3.5750001000         0.1100000000         1.2946651330        94.0597482630       121.5963990928 
        3.5800000000         0.1100000000         1.3048609389        95.1607470345       136.8140199041 
        3.5850000000         0.1100000000         1.2870182785        94.9772472393       110.1831834843 
        3.5900001000         0.1100000000         1.2921161815        95.7112464203       117.7919938900 
        3.5950000000         0.1100000000         1.3099588419        97.1792447823       144.4228303098 
        3.6000000000         0.1100000000         1.3048609389        97.7297441680       136.8140199041 
        3.6050001000         0.1100000000         1.2997630359        97.9132439632       129.2052094985 
        3.6100000000         0.1100000000         1.3099588419        99.1977425300       144.4228303098 
        3.6150000000         0.1100000000         1.3099588419        99.9317417110       144.4228303098 
        3.6200000000         0.1100000000         1.2844693270        99.3812423252       106.3787782815 
        3.6250000000         0.1100000000         1.3074098904       101.0327404825       140.6184251070 
        3.6300000000         0.1100000000         1.2946651330       100.6657408920       121.5963990928 
        3.6350000000         0.1100000000         1.3023119874       102.1337392540       133.0096147013 
        3.6400001000         0.1100000000         1.2997630359       102.3172390492       129.2052094985 
        3.6450001000         0.1100000000         1.3023119874       102.8677384350       133.0096147013 
        3.6500000000         0.1100000000         1.2946651330       103.6017376159       121.5963990928 
        3.6550000000         0.1100000000         1.2895672300       104.1522370017       113.9875886872 
        3.6600001000         0.1100000000         1.3023119874       104.1522370017       133.0096147013 
        3.6650000000         0.1100000000         1.2895672300       104.8862361827       113.9875886872 
        3.6700000000         0.1100000000         1.2972140844       105.8037351589       125.4008042957 
        3.6750001000         0.1100000000         1.2819203755       105.9872349542       102.5743730787 
        3.6800001000         0.1100000000         1.3048609389       107.4552333162       136.8140199041 
        3.6850000000         0.1100000000         1.3048609389       108.1892324972       136.8140199041 
        3.6900000000         0.1100000000         1.2972140844       108.1892324972       125.4008042957 
        3.6950000000         0.1100000000         1.2972140844       109.2902312687       125.4008042957 
        3.7000001000         0.1100000000         1.2870182785       109.2902312687       110.1831834843 
        3.7050000000         0.1100000000         1.2819203755       109.4737310639       102.5743730787 
        3.7100000000         0.1100000000         1.2819203755       110.5747298354       102.5743730787 
        3.7150001000         0.1100000000         1.2921161815       110.9417294259       117.7919938900 
        3.7200000000         0.1100000000         1.2972140844       112.0427281974       125.4008042957 
        3.7250000000         0.1100000000         1.2819203755       111.4922288116       102.5743730787 
        3.7300001000         0.1100000000         1.2946651330       113.1437269689       121.5963990928 
        3.7350000000         0.1100000000         1.2870182785       112.7767273784       110.1831834843 
        3.7400000000         0.1100000000         1.2768224726       113.6942263546        94.9655626730 
        3.7450000000         0.1100000000         1.2870182785       114.2447257404       110.1831834843 
        3.7500000000         0.1100000000         1.2946651330       115.3457245119       121.5963990928 
        3.7550000000         0.1100000000         1.2895672300       114.9787249214       113.9875886872 
        3.7600000000         0.1100000000         1.2921161815       116.0797236928       117.7919938900 
        3.7650001000         0.1100000000         1.2844693270       116.2632234881       106.3787782815 
        3.7700001000         0.1100000000         1.2972140844       117.3642222596       125.4008042957 
        3.7750000000         0.1100000000         1.2921161815       117.7312218501       117.7919938900 
        3.7800000000         0.1100000000         1.3023119874       118.8322206216       133.0096147013 
        3.7850001000         0.1100000000         1.2870182785       119.3827200073       110.1831834843 
        3.7900000000         0.1100000000         1.2972140844       119.9332193931       125.4008042957 
        3.7950000000         0.1100000000         1.2921161815       120.4837187788       117.7919938900 
        3.8000001000         0.1100000000         1.2844693270       120.4837187788       106.3787782815 
        3.8050001000         0.1100000000         1.2921161815       121.4012177551       117.7919938900 
        3.8100000000         0.1100000000         1.2895672300       121.2177179598       113.9875886872 
        3.8150000000         0.1100000000         1.2870182785       122.1352169360       110.1831834843 
        3.8200000000         0.1100000000         1.2972140844       122.6857163218       125.4008042957 
        3.8250001000         0.1100000000         1.2870182785       123.2362157075       110.1831834843 
        3.8300000000         0.1100000000         1.2870182785       123.9702148885       110.1831834843 
        3.8350000000         0.1100000000         1.2870182785       124.7042140695       110.1831834843 
        3.8400001000         0.1100000000         1.2742735211       124.3372144790        91.1611574702 
        3.8450000000         0.1100000000         1.2819203755       125.2547134553       102.5743730787 
        3.8500000000         0.1100000000         1.2819203755       125.9887126363       102.5743730787 
        3.8550001000         0.1100000000         1.2819203755       126.1722124315       102.5743730787 
        3.8600000000         0.1100000000         1.2844693270       127.0897114078       106.3787782815 
        3.8650000000         0.1100000000         1.2768224726       127.4567109983        94.9655626730 
        3.8700000000         0.1100000000         1.2844693270       128.1907101792       106.3787782815 
        3.8750000000         0.1100000000         1.2895672300       128.9247093602       113.9875886872 
        3.8800000000         0.1100000000         1.2768224726       128.3742099745        94.9655626730 
        3.8850000000         0.1100000000         1.2895672300       129.8422083365       113.9875886872 
        3.8900001000         0.1100000000         1.2946651330       129.4752087460       121.5963990928 
        3.8950001000         0.1100000000         1.2844693270       130.3927077222       106.3787782815 
        3.9000000000         0.1100000000         1.2895672300       130.9432071080       113.9875886872 
        3.9050000000         0.1100000000         1.2946651330       131.4937064937       121.5963990928 
        3.9100001000         0.1100000000         1.2972140844       132.7782050605       125.4008042957 
        3.9150000000         0.1100000000         1.2946651330       133.3287044462       121.5963990928 
        3.9200000000         0.1100000000         1.2921161815       133.3287044462       117.7919938900 
        3.9250001000         0.1100000000         1.2946651330       134.0627036272       121.5963990928 
        3.9300001000         0.1100000000         1.2946651330       134.4297032177       121.5963990928 
        3.9350000000         0.1100000000         1.2870182785       135.1637023987       110.1831834843 
        3.9400000000         0.1100000000         1.2895672300       135.5307019892       113.9875886872 
        3.9450000000         0.1100000000         1.2946651330       136.2647011702       121.5963990928 
        3.9500001000         0.1100000000         1.2946651330       136.6317007607       121.5963990928 
        3.9550000000         0.1100000000         1.2921161815       137.3656999417       117.7919938900 
        3.9600000000         0.1100000000         1.2946651330       137.9161993274       121.5963990928 
        3.9650001000         0.1100000000         1.2946651330       138.0996991227       121.5963990928 
        3.9700001000         0.1100000000         1.2946651330       139.7511972799       121.5963990928 
        3.9750000000         0.1100000000         1.2972140844       139.7511972799       125.4008042957 
        3.9800001000         0.1100000000         1.2870182785       140.3016966657       110.1831834843 
        3.9850000000         0.1100000000         1.2844693270       140.8521960514       106.3787782815 
        3.9900000000         0.1100000000         1.2946651330       141.5861952324       121.5963990928 
        3.9950000000         0.1100000000         1.2768224726       141.5861952324        94.9655626730 
