           Time[sec] \omega_{gyro}[deg/sec] 
        0.0000000000        12.6270638686 
        0.0050000000        -2.5714689337 
        0.0100000000         1.2281642669 
        0.0150000000         1.2281642669 
        0.0200000000        -2.5714689337 
        0.0250000000         1.2281642669 
        0.0300000000       -32.9685345384 
        0.0350000000        12.6270638686 
        0.0400000000         5.0277974674 
        0.0450000000        -6.3711021343 
        0.0500000000        -6.3711021343 
        0.0550000000        -6.3711021343 
        0.0600000000       -67.1652333436 
        0.0650000000         8.8274306680 
        0.0700000000        -6.3711021343 
        0.0750000000         1.2281642669 
        0.0800000000        12.6270638686 
        0.0850000000         1.2281642669 
        0.0900000000         8.8274306680 
        0.0950000000        -2.5714689337 
        0.1000000000      -127.9593645529 
        0.1050000000        -6.3711021343 
        0.1100000000        12.6270638686 
        0.1150000000       -21.5696349366 
        0.1200000000       179.8109246941 
        0.1250000000      -276.1450593755 
        0.1300000000      -557.3179162184 
        0.1350000000      -454.7278198027 
        0.1400000000      -504.1230514103 
        0.1450217000      -458.5274530033 
        0.1500000000      -249.5476269714 
        0.1550000000      -196.3527621633 
        0.1600000000      -264.7461597737 
        0.1650000000      -412.9318545964 
        0.1700000000      -321.7406577824 
        0.1750000000      -184.9538625616 
        0.1800001000      -124.1597313523 
        0.1850000000      -336.9391905848 
        0.1900000000      -108.9611985500 
        0.1950000000      -169.7553297592 
        0.2000000000      -135.5586309540 
        0.2050000000      -215.3509281662 
        0.2100001000      -139.3582641546 
        0.2150000000      -302.7424917795 
        0.2200000000      -158.3564301575 
        0.2250000000      -298.9428585790 
        0.2300000000      -352.1377233871 
        0.2350000000      -450.9281866021 
        0.2400001000      -450.9281866021 
        0.2450000000      -291.3435921778 
        0.2500000000      -443.3289202010 
        0.2550000000      -431.9300205992 
        0.2600000000      -412.9318545964 
        0.2650000000      -416.7314877969 
        0.2700000000      -397.7333217940 
        0.2750000000      -397.7333217940 
        0.2800000000      -431.9300205992 
        0.2850000000      -431.9300205992 
        0.2900001000      -287.5439589772 
        0.2950000000      -439.5292870004 
        0.3000000000      -428.1303873987 
        0.3050000000      -420.5311209975 
        0.3100000000      -431.9300205992 
        0.3150000000      -447.1285534016 
        0.3200000000      -439.5292870004 
        0.3250000000      -450.9281866021 
        0.3300000000      -431.9300205992 
        0.3350000000      -534.5201170149 
        0.3400000000      -428.1303873987 
        0.3450000000      -443.3289202010 
        0.3500001000      -257.1468933726 
        0.3550000000      -230.5494609685 
        0.3600000000      -447.1285534016 
        0.3650000000      -462.3270862039 
        0.3700000000      -454.7278198027 
        0.3750000000      -473.7259858056 
        0.3800000000      -462.3270862039 
        0.3850000000      -458.5274530033 
        0.3900000000      -519.3215842126 
        0.3950000000      -276.1450593755 
        0.4000000000      -219.1505613668 
        0.4050000000      -454.7278198027 
        0.4100000000      -454.7278198027 
        0.4150001000      -492.7241518085 
        0.4200001000      -454.7278198027 
        0.4250000000      -553.5182830178 
        0.4300000000      -500.3234182097 
        0.4350000000      -416.7314877969 
        0.4400000000      -310.3417581807 
        0.4450000000      -245.7479937708 
        0.4500000000      -298.9428585790 
        0.4550000000      -291.3435921778 
        0.4600000000      -473.7259858056 
        0.4650000000      -500.3234182097 
        0.4700000000      -260.9465265732 
        0.4750001000      -310.3417581807 
        0.4800000000      -276.1450593755 
        0.4850000000      -576.3160822213 
        0.4900000000      -317.9410245819 
        0.4950000000      -473.7259858056 
        0.5000000000      -314.1413913813 
        0.5050000000      -462.3270862039 
        0.5100000000      -344.5384569859 
        0.5150000000      -481.3252522068 
        0.5200000000      -469.9263526050 
        0.5250000000      -504.1230514103 
        0.5300000000      -473.7259858056 
        0.5350000000      -325.5402909830 
        0.5400000000      -295.1432253784 
        0.5450000000      -469.9263526050 
        0.5500000000      -469.9263526050 
        0.5550000000      -481.3252522068 
        0.5600000000      -477.5256190062 
        0.5650000000      -466.1267194045 
        0.5700001000      -473.7259858056 
        0.5750000000      -473.7259858056 
        0.5800001000      -466.1267194045 
        0.5850000000      -462.3270862039 
        0.5900000000      -481.3252522068 
        0.5950000000      -485.1248854074 
        0.6000000000      -488.9245186079 
        0.6050000000      -485.1248854074 
        0.6100000000      -287.5439589772 
        0.6150000000      -488.9245186079 
        0.6200000000      -534.5201170149 
        0.6250000000      -481.3252522068 
        0.6300000000      -492.7241518085 
        0.6350000000      -477.5256190062 
        0.6400000000      -485.1248854074 
        0.6450000000      -504.1230514103 
        0.6500000000      -492.7241518085 
        0.6550000000      -488.9245186079 
        0.6600000000      -473.7259858056 
        0.6650000000      -530.7204838143 
        0.6700000000      -488.9245186079 
        0.6750000000      -538.3197502155 
        0.6800000000      -496.5237850091 
        0.6850000000      -272.3454261749 
        0.6900000000      -492.7241518085 
        0.6950001000      -302.7424917795 
        0.7000000000      -542.1193834161 
        0.7050001000      -317.9410245819 
        0.7100000000      -564.9171826195 
        0.7150000000      -302.7424917795 
        0.7200000000      -485.1248854074 
        0.7250000000      -477.5256190062 
        0.7300000000      -295.1432253784 
        0.7350000000      -329.3399241836 
        0.7400000000      -298.9428585790 
        0.7450000000      -291.3435921778 
        0.7500000000      -314.1413913813 
        0.7550000000      -488.9245186079 
        0.7600000000      -321.7406577824 
        0.7650000000      -473.7259858056 
        0.7700000000      -553.5182830178 
        0.7750000000      -469.9263526050 
        0.7800000000      -466.1267194045 
        0.7850000000      -310.3417581807 
        0.7900000000      -469.9263526050 
        0.7950000000      -340.7388237853 
        0.8000000000      -310.3417581807 
        0.8050000000      -485.1248854074 
        0.8100000000      -481.3252522068 
        0.8150000000      -473.7259858056 
        0.8200001000      -481.3252522068 
        0.8250000000      -466.1267194045 
        0.8300001000      -466.1267194045 
        0.8350001000      -477.5256190062 
        0.8400000000      -488.9245186079 
        0.8450000000      -477.5256190062 
        0.8500000000      -477.5256190062 
        0.8550000000      -485.1248854074 
        0.8600000000      -481.3252522068 
        0.8650000000      -485.1248854074 
        0.8700000000      -473.7259858056 
        0.8750000000      -473.7259858056 
        0.8800000000      -462.3270862039 
        0.8850000000      -469.9263526050 
        0.8900000000      -473.7259858056 
        0.8950000000      -477.5256190062 
        0.9000000000      -477.5256190062 
        0.9050000000      -401.5329549946 
        0.9100000000      -485.1248854074 
        0.9150000000      -488.9245186079 
        0.9200000000      -473.7259858056 
        0.9250000000      -473.7259858056 
        0.9300000000      -481.3252522068 
        0.9350000000      -352.1377233871 
        0.9400000000      -511.7223178114 
        0.9450001000      -477.5256190062 
        0.9500000000      -466.1267194045 
        0.9550001000      -481.3252522068 
        0.9600001000      -481.3252522068 
        0.9650000000      -477.5256190062 
        0.9700000000      -287.5439589772 
        0.9750000000      -492.7241518085 
        0.9800000000      -485.1248854074 
        0.9850000000      -542.1193834161 
        0.9900000000      -485.1248854074 
        0.9950000000      -363.5366229888 
